[0.011s] Invoking command in '/root/ros2_ws/src/build/super_odometry': CMAKE_PREFIX_PATH=/root/ros2_ws/src/install/super_odometry_msgs:/root/ros2_ws/src/install/livox_ros_driver2:/root/ros2_ws/src/install/waypoint_rviz_plugin:/root/ros2_ws/src/install/waypoint_example:/root/ros2_ws/src/install/visualization_tools:/root/ros2_ws/src/install/graph_decoder:/root/ros2_ws/src/install/far_planner:/root/ros2_ws/src/install/boundary_handler:/root/ros2_ws/src/install/visibility_graph_msg:/root/ros2_ws/src/install/vehicle_simulator:/root/ros2_ws/src/install/local_planner:/root/ros2_ws/src/install/calibrate_imu:/root/ros2_ws/src/install/go2_sport_api:/root/ros2_ws/src/install/unitree_go:/root/ros2_ws/src/install/unitree_api:/root/ros2_ws/src/install/point_lio_unilidar:/root/ros2_ws/src/install/terrain_analysis_ext:/root/ros2_ws/src/install/terrain_analysis:/root/ros2_ws/src/install/teleop_rviz_plugin_plus:/root/ros2_ws/src/install/teleop_rviz_plugin:/root/ros2_ws/src/install/super_odometry:/root/ros2_ws/src/install/sensor_scan_generation:/root/ros2_ws/src/install/rviz_2d_overlay_plugins:/root/ros2_ws/src/install/rviz_2d_overlay_msgs:/root/ros2_ws/src/install/goalpoint_rviz_plugin:/root/ros2_ws/src/install/go2_h264_repub:/root/ros2_ws/src/install/transform_sensors:/root/ros2_ws/src/install/ros_tcp_endpoint:/opt/ros/humble LD_LIBRARY_PATH=/root/ros2_ws/src/install/super_odometry_msgs/lib:/root/ros2_ws/src/install/livox_ros_driver2/lib:/root/ros2_ws/src/install/visibility_graph_msg/lib:/root/ros2_ws/src/install/go2_sport_api/lib:/root/ros2_ws/src/install/unitree_go/lib:/root/ros2_ws/src/install/unitree_api/lib:/root/ros2_ws/src/install/super_odometry/lib:/root/ros2_ws/src/install/rviz_2d_overlay_plugins/lib:/root/ros2_ws/src/install/rviz_2d_overlay_msgs/lib:/opt/ros/humble/opt/rviz_ogre_vendor/lib:/opt/ros/humble/lib/x86_64-linux-gnu:/opt/ros/humble/lib /usr/bin/cmake /root/ros2_ws/src/slam/SuperOdom/super_odometry -DCMAKE_INSTALL_PREFIX=/root/ros2_ws/src/install/super_odometry
[0.027s] -- Found ament_cmake: 1.3.12 (/opt/ros/humble/share/ament_cmake/cmake)
[0.136s] -- Found ament_cmake_auto: 1.3.12 (/opt/ros/humble/share/ament_cmake_auto/cmake)
[0.137s] -- Found rclcpp: 16.0.17 (/opt/ros/humble/share/rclcpp/cmake)
[0.158s] -- Found rosidl_generator_c: 3.1.8 (/opt/ros/humble/share/rosidl_generator_c/cmake)
[0.160s] -- Found rosidl_adapter: 3.1.8 (/opt/ros/humble/share/rosidl_adapter/cmake)
[0.165s] -- Found rosidl_generator_cpp: 3.1.8 (/opt/ros/humble/share/rosidl_generator_cpp/cmake)
[0.172s] -- Using all available rosidl_typesupport_c: rosidl_typesupport_fastrtps_c;rosidl_typesupport_introspection_c
[0.182s] -- Using all available rosidl_typesupport_cpp: rosidl_typesupport_fastrtps_cpp;rosidl_typesupport_introspection_cpp
[0.210s] -- Found rmw_implementation_cmake: 6.1.2 (/opt/ros/humble/share/rmw_implementation_cmake/cmake)
[0.210s] -- Found rmw_fastrtps_cpp: 6.2.9 (/opt/ros/humble/share/rmw_fastrtps_cpp/cmake)
[0.316s] -- Using RMW implementation 'rmw_fastrtps_cpp' as default
[0.347s] -- Found geometry_msgs: 4.9.0 (/opt/ros/humble/share/geometry_msgs/cmake)
[0.354s] -- Found nav_msgs: 4.9.0 (/opt/ros/humble/share/nav_msgs/cmake)
[0.365s] -- Found sensor_msgs: 4.9.0 (/opt/ros/humble/share/sensor_msgs/cmake)
[0.376s] -- Found image_transport: 3.1.12 (/opt/ros/humble/share/image_transport/cmake)
[0.394s] -- Found cv_bridge: 3.2.1 (/opt/ros/humble/share/cv_bridge/cmake)
[0.400s] -- Found tf2: 0.25.18 (/opt/ros/humble/share/tf2/cmake)
[0.404s] -- Found tf2_ros: 0.25.18 (/opt/ros/humble/share/tf2_ros/cmake)
[0.448s] -- Found tf2_geometry_msgs: 0.25.18 (/opt/ros/humble/share/tf2_geometry_msgs/cmake)
[0.450s] -- Found eigen3_cmake_module: 0.1.1 (/opt/ros/humble/share/eigen3_cmake_module/cmake)
[0.452s] -- Found Eigen3: TRUE (found version "3.4.0") 
[0.452s] -- Ensuring Eigen3 include directory is part of orocos-kdl CMake target
[0.452s] -- Found super_odometry_msgs: 0.0.0 (/root/ros2_ws/src/install/super_odometry_msgs/share/super_odometry_msgs/cmake)
[0.463s] -- Found visualization_msgs: 4.9.0 (/opt/ros/humble/share/visualization_msgs/cmake)
[0.504s] -- FLANN found (include: /usr/include, lib: /usr/lib/x86_64-linux-gnu/libflann_cpp.so)
[0.618s] -- Found Eigen3: /usr/include/eigen3 (found version "3.4.0") 
[0.686s] -- OpenNI found (version: 1.5.4.0, include: /usr/include/ni, lib: /usr/lib/libOpenNI.so;libusb::libusb)
[0.690s] -- OpenNI2 found (version: 2.2.0.33, include: /usr/include/openni2, lib: /usr/lib/x86_64-linux-gnu/libOpenNI2.so;libusb::libusb)
[0.690s] [0m** WARNING ** io features related to pcap will be disabled[0m
[0.772s] -- OpenNI found (version: 1.5.4.0, include: /usr/include/ni, lib: /usr/lib/libOpenNI.so;libusb::libusb)
[0.776s] -- OpenNI2 found (version: 2.2.0.33, include: /usr/include/openni2, lib: /usr/lib/x86_64-linux-gnu/libOpenNI2.so;libusb::libusb)
[0.856s] -- Found Qhull version 8.0.2
[0.936s] -- OpenNI found (version: 1.5.4.0, include: /usr/include/ni, lib: /usr/lib/libOpenNI.so;libusb::libusb)
[1.019s] -- looking for PCL_COMMON
[1.019s] -- looking for PCL_KDTREE
[1.019s] -- looking for PCL_OCTREE
[1.019s] -- looking for PCL_SEARCH
[1.019s] -- looking for PCL_SAMPLE_CONSENSUS
[1.019s] -- looking for PCL_FILTERS
[1.020s] -- looking for PCL_2D
[1.020s] -- looking for PCL_GEOMETRY
[1.020s] -- looking for PCL_IO
[1.020s] -- looking for PCL_FEATURES
[1.020s] -- looking for PCL_ML
[1.020s] -- looking for PCL_SEGMENTATION
[1.020s] -- looking for PCL_VISUALIZATION
[1.021s] -- looking for PCL_SURFACE
[1.021s] -- looking for PCL_REGISTRATION
[1.021s] -- looking for PCL_KEYPOINTS
[1.021s] -- looking for PCL_TRACKING
[1.021s] -- looking for PCL_RECOGNITION
[1.022s] -- looking for PCL_STEREO
[1.022s] -- looking for PCL_APPS
[1.022s] -- looking for PCL_IN_HAND_SCANNER
[1.022s] -- looking for PCL_MODELER
[1.023s] -- looking for PCL_POINT_CLOUD_EDITOR
[1.023s] -- looking for PCL_OUTOFCORE
[1.023s] -- looking for PCL_PEOPLE
[1.024s] -- Found pcl_conversions: 2.4.5 (/opt/ros/humble/share/pcl_conversions/cmake)
[1.034s] -- Found required Ceres dependency: Eigen version 3.4.0 in /usr/include/eigen3
[1.035s] -- Found required Ceres dependency: glog
[1.035s] -- Found required Ceres dependency: gflags
[1.035s] -- Found Ceres version: 2.0.0 installed in: /usr with components: [EigenSparse, SparseLinearAlgebraLibrary, LAPACK, SuiteSparse, CXSparse, SchurSpecializations, Multithreading]
[1.043s] -- GTSAM include directory:  /usr/local/lib/cmake/GTSAM/../../../include
[1.043s] -- Found livox_ros_driver2: 1.0.0 (/root/ros2_ws/src/install/livox_ros_driver2/share/livox_ros_driver2/cmake)
[1.098s] -- Configuring done
[1.133s] [0mWARNING: Target "feature_extraction_node" requests linking to directory "/root/ros2_ws/src/slam/SuperOdom/super_odometry/include".  Targets may link only to libraries.  CMake is dropping the item.[0m
[1.152s] -- Generating done
[1.164s] -- Build files have been written to: /root/ros2_ws/src/build/super_odometry
[1.173s] Invoked command in '/root/ros2_ws/src/build/super_odometry' returned '0': CMAKE_PREFIX_PATH=/root/ros2_ws/src/install/super_odometry_msgs:/root/ros2_ws/src/install/livox_ros_driver2:/root/ros2_ws/src/install/waypoint_rviz_plugin:/root/ros2_ws/src/install/waypoint_example:/root/ros2_ws/src/install/visualization_tools:/root/ros2_ws/src/install/graph_decoder:/root/ros2_ws/src/install/far_planner:/root/ros2_ws/src/install/boundary_handler:/root/ros2_ws/src/install/visibility_graph_msg:/root/ros2_ws/src/install/vehicle_simulator:/root/ros2_ws/src/install/local_planner:/root/ros2_ws/src/install/calibrate_imu:/root/ros2_ws/src/install/go2_sport_api:/root/ros2_ws/src/install/unitree_go:/root/ros2_ws/src/install/unitree_api:/root/ros2_ws/src/install/point_lio_unilidar:/root/ros2_ws/src/install/terrain_analysis_ext:/root/ros2_ws/src/install/terrain_analysis:/root/ros2_ws/src/install/teleop_rviz_plugin_plus:/root/ros2_ws/src/install/teleop_rviz_plugin:/root/ros2_ws/src/install/super_odometry:/root/ros2_ws/src/install/sensor_scan_generation:/root/ros2_ws/src/install/rviz_2d_overlay_plugins:/root/ros2_ws/src/install/rviz_2d_overlay_msgs:/root/ros2_ws/src/install/goalpoint_rviz_plugin:/root/ros2_ws/src/install/go2_h264_repub:/root/ros2_ws/src/install/transform_sensors:/root/ros2_ws/src/install/ros_tcp_endpoint:/opt/ros/humble LD_LIBRARY_PATH=/root/ros2_ws/src/install/super_odometry_msgs/lib:/root/ros2_ws/src/install/livox_ros_driver2/lib:/root/ros2_ws/src/install/visibility_graph_msg/lib:/root/ros2_ws/src/install/go2_sport_api/lib:/root/ros2_ws/src/install/unitree_go/lib:/root/ros2_ws/src/install/unitree_api/lib:/root/ros2_ws/src/install/super_odometry/lib:/root/ros2_ws/src/install/rviz_2d_overlay_plugins/lib:/root/ros2_ws/src/install/rviz_2d_overlay_msgs/lib:/opt/ros/humble/opt/rviz_ogre_vendor/lib:/opt/ros/humble/lib/x86_64-linux-gnu:/opt/ros/humble/lib /usr/bin/cmake /root/ros2_ws/src/slam/SuperOdom/super_odometry -DCMAKE_INSTALL_PREFIX=/root/ros2_ws/src/install/super_odometry
[1.175s] Invoking command in '/root/ros2_ws/src/build/super_odometry': CMAKE_PREFIX_PATH=/root/ros2_ws/src/install/super_odometry_msgs:/root/ros2_ws/src/install/livox_ros_driver2:/root/ros2_ws/src/install/waypoint_rviz_plugin:/root/ros2_ws/src/install/waypoint_example:/root/ros2_ws/src/install/visualization_tools:/root/ros2_ws/src/install/graph_decoder:/root/ros2_ws/src/install/far_planner:/root/ros2_ws/src/install/boundary_handler:/root/ros2_ws/src/install/visibility_graph_msg:/root/ros2_ws/src/install/vehicle_simulator:/root/ros2_ws/src/install/local_planner:/root/ros2_ws/src/install/calibrate_imu:/root/ros2_ws/src/install/go2_sport_api:/root/ros2_ws/src/install/unitree_go:/root/ros2_ws/src/install/unitree_api:/root/ros2_ws/src/install/point_lio_unilidar:/root/ros2_ws/src/install/terrain_analysis_ext:/root/ros2_ws/src/install/terrain_analysis:/root/ros2_ws/src/install/teleop_rviz_plugin_plus:/root/ros2_ws/src/install/teleop_rviz_plugin:/root/ros2_ws/src/install/super_odometry:/root/ros2_ws/src/install/sensor_scan_generation:/root/ros2_ws/src/install/rviz_2d_overlay_plugins:/root/ros2_ws/src/install/rviz_2d_overlay_msgs:/root/ros2_ws/src/install/goalpoint_rviz_plugin:/root/ros2_ws/src/install/go2_h264_repub:/root/ros2_ws/src/install/transform_sensors:/root/ros2_ws/src/install/ros_tcp_endpoint:/opt/ros/humble LD_LIBRARY_PATH=/root/ros2_ws/src/install/super_odometry_msgs/lib:/root/ros2_ws/src/install/livox_ros_driver2/lib:/root/ros2_ws/src/install/visibility_graph_msg/lib:/root/ros2_ws/src/install/go2_sport_api/lib:/root/ros2_ws/src/install/unitree_go/lib:/root/ros2_ws/src/install/unitree_api/lib:/root/ros2_ws/src/install/super_odometry/lib:/root/ros2_ws/src/install/rviz_2d_overlay_plugins/lib:/root/ros2_ws/src/install/rviz_2d_overlay_msgs/lib:/opt/ros/humble/opt/rviz_ogre_vendor/lib:/opt/ros/humble/lib/x86_64-linux-gnu:/opt/ros/humble/lib /usr/bin/cmake --build /root/ros2_ws/src/build/super_odometry -- -j24 -l24
[1.207s] [35m[1mConsolidate compiler generated dependencies of target SuperOdomLib[0m
[1.240s] [ 64%] Built target SuperOdomLib
[1.247s] [35m[1mConsolidate compiler generated dependencies of target imu_preintegration_node[0m
[1.253s] [35m[1mConsolidate compiler generated dependencies of target feature_extraction_node[0m
[1.253s] [35m[1mConsolidate compiler generated dependencies of target laser_mapping_node[0m
[1.268s] [ 76%] Built target imu_preintegration_node
[1.268s] [ 88%] Built target feature_extraction_node
[1.270s] [100%] Built target laser_mapping_node
[1.278s] Invoked command in '/root/ros2_ws/src/build/super_odometry' returned '0': CMAKE_PREFIX_PATH=/root/ros2_ws/src/install/super_odometry_msgs:/root/ros2_ws/src/install/livox_ros_driver2:/root/ros2_ws/src/install/waypoint_rviz_plugin:/root/ros2_ws/src/install/waypoint_example:/root/ros2_ws/src/install/visualization_tools:/root/ros2_ws/src/install/graph_decoder:/root/ros2_ws/src/install/far_planner:/root/ros2_ws/src/install/boundary_handler:/root/ros2_ws/src/install/visibility_graph_msg:/root/ros2_ws/src/install/vehicle_simulator:/root/ros2_ws/src/install/local_planner:/root/ros2_ws/src/install/calibrate_imu:/root/ros2_ws/src/install/go2_sport_api:/root/ros2_ws/src/install/unitree_go:/root/ros2_ws/src/install/unitree_api:/root/ros2_ws/src/install/point_lio_unilidar:/root/ros2_ws/src/install/terrain_analysis_ext:/root/ros2_ws/src/install/terrain_analysis:/root/ros2_ws/src/install/teleop_rviz_plugin_plus:/root/ros2_ws/src/install/teleop_rviz_plugin:/root/ros2_ws/src/install/super_odometry:/root/ros2_ws/src/install/sensor_scan_generation:/root/ros2_ws/src/install/rviz_2d_overlay_plugins:/root/ros2_ws/src/install/rviz_2d_overlay_msgs:/root/ros2_ws/src/install/goalpoint_rviz_plugin:/root/ros2_ws/src/install/go2_h264_repub:/root/ros2_ws/src/install/transform_sensors:/root/ros2_ws/src/install/ros_tcp_endpoint:/opt/ros/humble LD_LIBRARY_PATH=/root/ros2_ws/src/install/super_odometry_msgs/lib:/root/ros2_ws/src/install/livox_ros_driver2/lib:/root/ros2_ws/src/install/visibility_graph_msg/lib:/root/ros2_ws/src/install/go2_sport_api/lib:/root/ros2_ws/src/install/unitree_go/lib:/root/ros2_ws/src/install/unitree_api/lib:/root/ros2_ws/src/install/super_odometry/lib:/root/ros2_ws/src/install/rviz_2d_overlay_plugins/lib:/root/ros2_ws/src/install/rviz_2d_overlay_msgs/lib:/opt/ros/humble/opt/rviz_ogre_vendor/lib:/opt/ros/humble/lib/x86_64-linux-gnu:/opt/ros/humble/lib /usr/bin/cmake --build /root/ros2_ws/src/build/super_odometry -- -j24 -l24
[1.279s] Invoking command in '/root/ros2_ws/src/build/super_odometry': CMAKE_PREFIX_PATH=/root/ros2_ws/src/install/super_odometry_msgs:/root/ros2_ws/src/install/livox_ros_driver2:/root/ros2_ws/src/install/waypoint_rviz_plugin:/root/ros2_ws/src/install/waypoint_example:/root/ros2_ws/src/install/visualization_tools:/root/ros2_ws/src/install/graph_decoder:/root/ros2_ws/src/install/far_planner:/root/ros2_ws/src/install/boundary_handler:/root/ros2_ws/src/install/visibility_graph_msg:/root/ros2_ws/src/install/vehicle_simulator:/root/ros2_ws/src/install/local_planner:/root/ros2_ws/src/install/calibrate_imu:/root/ros2_ws/src/install/go2_sport_api:/root/ros2_ws/src/install/unitree_go:/root/ros2_ws/src/install/unitree_api:/root/ros2_ws/src/install/point_lio_unilidar:/root/ros2_ws/src/install/terrain_analysis_ext:/root/ros2_ws/src/install/terrain_analysis:/root/ros2_ws/src/install/teleop_rviz_plugin_plus:/root/ros2_ws/src/install/teleop_rviz_plugin:/root/ros2_ws/src/install/super_odometry:/root/ros2_ws/src/install/sensor_scan_generation:/root/ros2_ws/src/install/rviz_2d_overlay_plugins:/root/ros2_ws/src/install/rviz_2d_overlay_msgs:/root/ros2_ws/src/install/goalpoint_rviz_plugin:/root/ros2_ws/src/install/go2_h264_repub:/root/ros2_ws/src/install/transform_sensors:/root/ros2_ws/src/install/ros_tcp_endpoint:/opt/ros/humble LD_LIBRARY_PATH=/root/ros2_ws/src/install/super_odometry_msgs/lib:/root/ros2_ws/src/install/livox_ros_driver2/lib:/root/ros2_ws/src/install/visibility_graph_msg/lib:/root/ros2_ws/src/install/go2_sport_api/lib:/root/ros2_ws/src/install/unitree_go/lib:/root/ros2_ws/src/install/unitree_api/lib:/root/ros2_ws/src/install/super_odometry/lib:/root/ros2_ws/src/install/rviz_2d_overlay_plugins/lib:/root/ros2_ws/src/install/rviz_2d_overlay_msgs/lib:/opt/ros/humble/opt/rviz_ogre_vendor/lib:/opt/ros/humble/lib/x86_64-linux-gnu:/opt/ros/humble/lib /usr/bin/cmake --install /root/ros2_ws/src/build/super_odometry
[1.285s] -- Install configuration: "Release"
[1.285s] -- Up-to-date: /root/ros2_ws/src/install/super_odometry/share/super_odometry/environment/library_path.sh
[1.285s] -- Installing: /root/ros2_ws/src/install/super_odometry/share/super_odometry/environment/library_path.dsv
[1.285s] -- Up-to-date: /root/ros2_ws/src/install/super_odometry/include
[1.285s] -- Up-to-date: /root/ros2_ws/src/install/super_odometry/include/super_odometry
[1.285s] -- Up-to-date: /root/ros2_ws/src/install/super_odometry/include/super_odometry/ImuPreintegration
[1.285s] -- Up-to-date: /root/ros2_ws/src/install/super_odometry/include/super_odometry/ImuPreintegration/imuPreintegration.h
[1.285s] -- Up-to-date: /root/ros2_ws/src/install/super_odometry/include/super_odometry/container
[1.285s] -- Up-to-date: /root/ros2_ws/src/install/super_odometry/include/super_odometry/container/MapRingBuffer.h
[1.285s] -- Up-to-date: /root/ros2_ws/src/install/super_odometry/include/super_odometry/sensor_data
[1.285s] -- Up-to-date: /root/ros2_ws/src/install/super_odometry/include/super_odometry/sensor_data/imu
[1.285s] -- Up-to-date: /root/ros2_ws/src/install/super_odometry/include/super_odometry/sensor_data/imu/imu_data.h
[1.285s] -- Up-to-date: /root/ros2_ws/src/install/super_odometry/include/super_odometry/sensor_data/pointcloud
[1.286s] -- Up-to-date: /root/ros2_ws/src/install/super_odometry/include/super_odometry/sensor_data/pointcloud/point_os.h
[1.286s] -- Up-to-date: /root/ros2_ws/src/install/super_odometry/include/super_odometry/sensor_data/pointcloud/LidarPoint.h
[1.286s] -- Up-to-date: /root/ros2_ws/src/install/super_odometry/include/super_odometry/tic_toc.h
[1.286s] -- Up-to-date: /root/ros2_ws/src/install/super_odometry/include/super_odometry/LidarProcess
[1.286s] -- Up-to-date: /root/ros2_ws/src/install/super_odometry/include/super_odometry/LidarProcess/factor
[1.286s] -- Up-to-date: /root/ros2_ws/src/install/super_odometry/include/super_odometry/LidarProcess/factor/pose_local_parameterization.h
[1.286s] -- Up-to-date: /root/ros2_ws/src/install/super_odometry/include/super_odometry/LidarProcess/factor/SE3AbsolutatePoseFactor.h
[1.286s] -- Up-to-date: /root/ros2_ws/src/install/super_odometry/include/super_odometry/LidarProcess/factor/lidarOptimization.h
[1.286s] -- Up-to-date: /root/ros2_ws/src/install/super_odometry/include/super_odometry/LidarProcess/LidarSlam.h
[1.286s] -- Up-to-date: /root/ros2_ws/src/install/super_odometry/include/super_odometry/LidarProcess/LocalMap.h
[1.286s] -- Up-to-date: /root/ros2_ws/src/install/super_odometry/include/super_odometry/utils
[1.286s] -- Up-to-date: /root/ros2_ws/src/install/super_odometry/include/super_odometry/utils/EigenTypes.h
[1.286s] -- Up-to-date: /root/ros2_ws/src/install/super_odometry/include/super_odometry/utils/Twist.h
[1.286s] -- Up-to-date: /root/ros2_ws/src/install/super_odometry/include/super_odometry/utils/superodom_utils.h
[1.286s] -- Up-to-date: /root/ros2_ws/src/install/super_odometry/include/super_odometry/utils/sophus_utils.hpp
[1.286s] -- Up-to-date: /root/ros2_ws/src/install/super_odometry/include/super_odometry/utils/utility.h
[1.286s] -- Up-to-date: /root/ros2_ws/src/install/super_odometry/include/super_odometry/LaserMapping
[1.286s] -- Up-to-date: /root/ros2_ws/src/install/super_odometry/include/super_odometry/LaserMapping/laserMapping.h
[1.286s] -- Up-to-date: /root/ros2_ws/src/install/super_odometry/include/super_odometry/FeatureExtraction
[1.286s] -- Up-to-date: /root/ros2_ws/src/install/super_odometry/include/super_odometry/FeatureExtraction/featureExtraction.h
[1.286s] -- Up-to-date: /root/ros2_ws/src/install/super_odometry/include/super_odometry/config
[1.286s] -- Up-to-date: /root/ros2_ws/src/install/super_odometry/include/super_odometry/config/parameter.h
[1.286s] -- Up-to-date: /root/ros2_ws/src/install/super_odometry/include/super_odometry/flann
[1.286s] -- Up-to-date: /root/ros2_ws/src/install/super_odometry/include/super_odometry/flann/nanoflann.h
[1.286s] -- Up-to-date: /root/ros2_ws/src/install/super_odometry/include/super_odometry/flann/octree.h
[1.286s] -- Up-to-date: /root/ros2_ws/src/install/super_odometry/include/super_odometry/LocalMap.h
[1.286s] -- Up-to-date: /root/ros2_ws/src/install/super_odometry/include/utility.h
[1.286s] -- Up-to-date: /root/ros2_ws/src/install/super_odometry/lib/libSuperOdomLib.so
[1.286s] -- Up-to-date: /root/ros2_ws/src/install/super_odometry/lib/super_odometry/imu_preintegration_node
[1.286s] -- Up-to-date: /root/ros2_ws/src/install/super_odometry/lib/super_odometry/feature_extraction_node
[1.286s] -- Up-to-date: /root/ros2_ws/src/install/super_odometry/lib/super_odometry/laser_mapping_node
[1.286s] -- Up-to-date: /root/ros2_ws/src/install/super_odometry/share/super_odometry//config
[1.286s] -- Up-to-date: /root/ros2_ws/src/install/super_odometry/share/super_odometry//config/ouster
[1.286s] -- Up-to-date: /root/ros2_ws/src/install/super_odometry/share/super_odometry//config/ouster/os1_128_calibration.yaml
[1.286s] -- Up-to-date: /root/ros2_ws/src/install/super_odometry/share/super_odometry//config/livox
[1.286s] -- Up-to-date: /root/ros2_ws/src/install/super_odometry/share/super_odometry//config/livox/livox_mid360_calibration.yaml
[1.287s] -- Up-to-date: /root/ros2_ws/src/install/super_odometry/share/super_odometry//config/os1_128.yaml
[1.287s] -- Up-to-date: /root/ros2_ws/src/install/super_odometry/share/super_odometry//config/vlp_16.yaml
[1.287s] -- Up-to-date: /root/ros2_ws/src/install/super_odometry/share/super_odometry//config/velodyne
[1.287s] -- Up-to-date: /root/ros2_ws/src/install/super_odometry/share/super_odometry//config/velodyne/vlp_16_calibration.yaml
[1.287s] -- Up-to-date: /root/ros2_ws/src/install/super_odometry/share/super_odometry//config/livox_mid360.yaml
[1.287s] -- Up-to-date: /root/ros2_ws/src/install/super_odometry/share/super_odometry//launch
[1.287s] -- Up-to-date: /root/ros2_ws/src/install/super_odometry/share/super_odometry//launch/livox_mid360.launch.py
[1.287s] -- Up-to-date: /root/ros2_ws/src/install/super_odometry/share/super_odometry//launch/superodom_autonomy_sim.launch.py
[1.287s] -- Up-to-date: /root/ros2_ws/src/install/super_odometry/share/super_odometry//launch/os1_128.launch.py
[1.287s] -- Up-to-date: /root/ros2_ws/src/install/super_odometry/share/super_odometry//launch/vlp_16.launch.py
[1.287s] -- Up-to-date: /root/ros2_ws/src/install/super_odometry/share/super_odometry//launch/superodom_autonomy.launch.py
[1.287s] -- Up-to-date: /root/ros2_ws/src/install/super_odometry/share/ament_index/resource_index/package_run_dependencies/super_odometry
[1.287s] -- Installing: /root/ros2_ws/src/install/super_odometry/share/ament_index/resource_index/parent_prefix_path/super_odometry
[1.287s] -- Up-to-date: /root/ros2_ws/src/install/super_odometry/share/super_odometry/environment/ament_prefix_path.sh
[1.287s] -- Installing: /root/ros2_ws/src/install/super_odometry/share/super_odometry/environment/ament_prefix_path.dsv
[1.287s] -- Up-to-date: /root/ros2_ws/src/install/super_odometry/share/super_odometry/environment/path.sh
[1.287s] -- Installing: /root/ros2_ws/src/install/super_odometry/share/super_odometry/environment/path.dsv
[1.287s] -- Up-to-date: /root/ros2_ws/src/install/super_odometry/share/super_odometry/local_setup.bash
[1.287s] -- Up-to-date: /root/ros2_ws/src/install/super_odometry/share/super_odometry/local_setup.sh
[1.287s] -- Up-to-date: /root/ros2_ws/src/install/super_odometry/share/super_odometry/local_setup.zsh
[1.287s] -- Installing: /root/ros2_ws/src/install/super_odometry/share/super_odometry/local_setup.dsv
[1.287s] -- Installing: /root/ros2_ws/src/install/super_odometry/share/super_odometry/package.dsv
[1.287s] -- Up-to-date: /root/ros2_ws/src/install/super_odometry/share/ament_index/resource_index/packages/super_odometry
[1.287s] -- Up-to-date: /root/ros2_ws/src/install/super_odometry/share/super_odometry/cmake/export_super_odometryExport.cmake
[1.287s] -- Up-to-date: /root/ros2_ws/src/install/super_odometry/share/super_odometry/cmake/export_super_odometryExport-release.cmake
[1.288s] -- Up-to-date: /root/ros2_ws/src/install/super_odometry/share/super_odometry/cmake/ament_cmake_export_targets-extras.cmake
[1.288s] -- Up-to-date: /root/ros2_ws/src/install/super_odometry/share/super_odometry/cmake/ament_cmake_export_include_directories-extras.cmake
[1.288s] -- Up-to-date: /root/ros2_ws/src/install/super_odometry/share/super_odometry/cmake/ament_cmake_export_libraries-extras.cmake
[1.288s] -- Up-to-date: /root/ros2_ws/src/install/super_odometry/share/super_odometry/cmake/super_odometryConfig.cmake
[1.288s] -- Up-to-date: /root/ros2_ws/src/install/super_odometry/share/super_odometry/cmake/super_odometryConfig-version.cmake
[1.288s] -- Up-to-date: /root/ros2_ws/src/install/super_odometry/share/super_odometry/package.xml
[1.288s] Invoked command in '/root/ros2_ws/src/build/super_odometry' returned '0': CMAKE_PREFIX_PATH=/root/ros2_ws/src/install/super_odometry_msgs:/root/ros2_ws/src/install/livox_ros_driver2:/root/ros2_ws/src/install/waypoint_rviz_plugin:/root/ros2_ws/src/install/waypoint_example:/root/ros2_ws/src/install/visualization_tools:/root/ros2_ws/src/install/graph_decoder:/root/ros2_ws/src/install/far_planner:/root/ros2_ws/src/install/boundary_handler:/root/ros2_ws/src/install/visibility_graph_msg:/root/ros2_ws/src/install/vehicle_simulator:/root/ros2_ws/src/install/local_planner:/root/ros2_ws/src/install/calibrate_imu:/root/ros2_ws/src/install/go2_sport_api:/root/ros2_ws/src/install/unitree_go:/root/ros2_ws/src/install/unitree_api:/root/ros2_ws/src/install/point_lio_unilidar:/root/ros2_ws/src/install/terrain_analysis_ext:/root/ros2_ws/src/install/terrain_analysis:/root/ros2_ws/src/install/teleop_rviz_plugin_plus:/root/ros2_ws/src/install/teleop_rviz_plugin:/root/ros2_ws/src/install/super_odometry:/root/ros2_ws/src/install/sensor_scan_generation:/root/ros2_ws/src/install/rviz_2d_overlay_plugins:/root/ros2_ws/src/install/rviz_2d_overlay_msgs:/root/ros2_ws/src/install/goalpoint_rviz_plugin:/root/ros2_ws/src/install/go2_h264_repub:/root/ros2_ws/src/install/transform_sensors:/root/ros2_ws/src/install/ros_tcp_endpoint:/opt/ros/humble LD_LIBRARY_PATH=/root/ros2_ws/src/install/super_odometry_msgs/lib:/root/ros2_ws/src/install/livox_ros_driver2/lib:/root/ros2_ws/src/install/visibility_graph_msg/lib:/root/ros2_ws/src/install/go2_sport_api/lib:/root/ros2_ws/src/install/unitree_go/lib:/root/ros2_ws/src/install/unitree_api/lib:/root/ros2_ws/src/install/super_odometry/lib:/root/ros2_ws/src/install/rviz_2d_overlay_plugins/lib:/root/ros2_ws/src/install/rviz_2d_overlay_msgs/lib:/opt/ros/humble/opt/rviz_ogre_vendor/lib:/opt/ros/humble/lib/x86_64-linux-gnu:/opt/ros/humble/lib /usr/bin/cmake --install /root/ros2_ws/src/build/super_odometry
