[0.239s] Invoking command in '/root/ros2_ws/src/build/go2_h264_repub': CMAKE_PREFIX_PATH=/opt/ros/humble /usr/bin/cmake /root/ros2_ws/src/utilities/unitree_pkgs/go2_h264_repub -DROS_EDITION=ROS2 -DHUMBLE_ROS=humble -DCMAKE_INSTALL_PREFIX=/root/ros2_ws/src/install/go2_h264_repub
[0.622s] -- The C compiler identification is GNU 11.4.0
[0.623s] -- The CXX compiler identification is GNU 11.4.0
[0.623s] -- Detecting C compiler ABI info
[0.623s] -- Detecting C compiler ABI info - done
[0.623s] -- Check for working C compiler: /usr/bin/cc - skipped
[0.623s] -- Detecting C compile features
[0.623s] -- Detecting C compile features - done
[0.623s] -- Detecting CXX compiler ABI info
[0.665s] -- Detecting CXX compiler ABI info - done
[0.673s] -- Check for working CXX compiler: /usr/bin/c++ - skipped
[0.673s] -- Detecting CXX compile features
[0.674s] -- Detecting CXX compile features - done
[0.688s] -- Found ament_cmake: 1.3.12 (/opt/ros/humble/share/ament_cmake/cmake)
[0.905s] -- Found Python3: /usr/bin/python3 (found version "3.10.12") found components: Interpreter 
[1.148s] -- Found OpenCV: /usr (found version "4.5.4") 
[1.152s] -- Found rclcpp: 16.0.17 (/opt/ros/humble/share/rclcpp/cmake)
[1.230s] -- Found rosidl_generator_c: 3.1.8 (/opt/ros/humble/share/rosidl_generator_c/cmake)
[1.237s] -- Found rosidl_adapter: 3.1.8 (/opt/ros/humble/share/rosidl_adapter/cmake)
[1.254s] -- Found rosidl_generator_cpp: 3.1.8 (/opt/ros/humble/share/rosidl_generator_cpp/cmake)
[1.287s] -- Using all available rosidl_typesupport_c: rosidl_typesupport_fastrtps_c;rosidl_typesupport_introspection_c
[1.315s] -- Using all available rosidl_typesupport_cpp: rosidl_typesupport_fastrtps_cpp;rosidl_typesupport_introspection_cpp
[1.425s] -- Found rmw_implementation_cmake: 6.1.2 (/opt/ros/humble/share/rmw_implementation_cmake/cmake)
[1.430s] -- Found rmw_fastrtps_cpp: 6.2.9 (/opt/ros/humble/share/rmw_fastrtps_cpp/cmake)
[1.580s] -- Found OpenSSL: /usr/lib/x86_64-linux-gnu/libcrypto.so (found version "3.0.2")  
[1.627s] -- Found FastRTPS: /opt/ros/humble/include  
[1.706s] -- Using RMW implementation 'rmw_fastrtps_cpp' as default
[1.721s] -- Looking for pthread.h
[1.808s] -- Looking for pthread.h - found
[1.808s] -- Performing Test CMAKE_HAVE_LIBC_PTHREAD
[1.893s] -- Performing Test CMAKE_HAVE_LIBC_PTHREAD - Success
[1.893s] -- Found Threads: TRUE  
[1.961s] -- Found sensor_msgs: 4.9.0 (/opt/ros/humble/share/sensor_msgs/cmake)
[2.016s] -- Found cv_bridge: 3.2.1 (/opt/ros/humble/share/cv_bridge/cmake)
[2.025s] -- Found ament_lint_auto: 0.12.14 (/opt/ros/humble/share/ament_lint_auto/cmake)
[2.157s] -- Added test 'copyright' to check source files copyright and LICENSE
[2.159s] -- Added test 'cppcheck' to perform static code analysis on C / C++ code
[2.159s] -- Configured cppcheck include dirs: 
[2.159s] -- Configured cppcheck exclude dirs and/or files: 
[2.160s] -- Added test 'cpplint' to check C / C++ code against the Google style
[2.160s] -- Configured cpplint exclude dirs and/or files: 
[2.161s] -- Added test 'lint_cmake' to check CMake code style
[2.162s] -- Added test 'uncrustify' to check C / C++ code style
[2.163s] -- Configured uncrustify additional arguments: 
[2.163s] -- Added test 'xmllint' to check XML markup files
[2.167s] -- Configuring done
[2.184s] -- Generating done
[2.186s] [33mCMake Warning:
[2.186s]   Manually-specified variables were not used by the project:
[2.186s] 
[2.186s]     HUMBLE_ROS
[2.186s]     ROS_EDITION
[2.186s] 
[2.186s] [0m
[2.192s] -- Build files have been written to: /root/ros2_ws/src/build/go2_h264_repub
[2.213s] Invoked command in '/root/ros2_ws/src/build/go2_h264_repub' returned '0': CMAKE_PREFIX_PATH=/opt/ros/humble /usr/bin/cmake /root/ros2_ws/src/utilities/unitree_pkgs/go2_h264_repub -DROS_EDITION=ROS2 -DHUMBLE_ROS=humble -DCMAKE_INSTALL_PREFIX=/root/ros2_ws/src/install/go2_h264_repub
[2.217s] Invoking command in '/root/ros2_ws/src/build/go2_h264_repub': CMAKE_PREFIX_PATH=/opt/ros/humble /usr/bin/cmake --build /root/ros2_ws/src/build/go2_h264_repub -- -j24 -l24
[2.737s] [ 50%] [32mBuilding CXX object CMakeFiles/go2_h264_repub.dir/src/go2_h264_repub.cpp.o[0m
[17.637s] [100%] [32m[1mLinking CXX executable go2_h264_repub[0m
[19.748s] [100%] Built target go2_h264_repub
[19.846s] Invoked command in '/root/ros2_ws/src/build/go2_h264_repub' returned '0': CMAKE_PREFIX_PATH=/opt/ros/humble /usr/bin/cmake --build /root/ros2_ws/src/build/go2_h264_repub -- -j24 -l24
[19.846s] Invoking command in '/root/ros2_ws/src/build/go2_h264_repub': CMAKE_PREFIX_PATH=/opt/ros/humble /usr/bin/cmake --install /root/ros2_ws/src/build/go2_h264_repub
[23.031s] -- Install configuration: ""
[23.031s] -- Installing: /root/ros2_ws/src/install/go2_h264_repub/lib/go2_h264_repub/go2_h264_repub
[23.032s] -- Set runtime path of "/root/ros2_ws/src/install/go2_h264_repub/lib/go2_h264_repub/go2_h264_repub" to ""
[23.032s] -- Installing: /root/ros2_ws/src/install/go2_h264_repub/share/ament_index/resource_index/package_run_dependencies/go2_h264_repub
[23.032s] -- Installing: /root/ros2_ws/src/install/go2_h264_repub/share/ament_index/resource_index/parent_prefix_path/go2_h264_repub
[23.032s] -- Installing: /root/ros2_ws/src/install/go2_h264_repub/share/go2_h264_repub/environment/ament_prefix_path.sh
[23.032s] -- Installing: /root/ros2_ws/src/install/go2_h264_repub/share/go2_h264_repub/environment/ament_prefix_path.dsv
[23.032s] -- Installing: /root/ros2_ws/src/install/go2_h264_repub/share/go2_h264_repub/environment/path.sh
[23.032s] -- Installing: /root/ros2_ws/src/install/go2_h264_repub/share/go2_h264_repub/environment/path.dsv
[23.032s] -- Installing: /root/ros2_ws/src/install/go2_h264_repub/share/go2_h264_repub/local_setup.bash
[23.032s] -- Installing: /root/ros2_ws/src/install/go2_h264_repub/share/go2_h264_repub/local_setup.sh
[23.033s] -- Installing: /root/ros2_ws/src/install/go2_h264_repub/share/go2_h264_repub/local_setup.zsh
[23.033s] -- Installing: /root/ros2_ws/src/install/go2_h264_repub/share/go2_h264_repub/local_setup.dsv
[23.033s] -- Installing: /root/ros2_ws/src/install/go2_h264_repub/share/go2_h264_repub/package.dsv
[23.033s] -- Installing: /root/ros2_ws/src/install/go2_h264_repub/share/ament_index/resource_index/packages/go2_h264_repub
[23.033s] -- Installing: /root/ros2_ws/src/install/go2_h264_repub/share/go2_h264_repub/cmake/go2_h264_repubConfig.cmake
[23.033s] -- Installing: /root/ros2_ws/src/install/go2_h264_repub/share/go2_h264_repub/cmake/go2_h264_repubConfig-version.cmake
[23.033s] -- Installing: /root/ros2_ws/src/install/go2_h264_repub/share/go2_h264_repub/package.xml
[23.057s] Invoked command in '/root/ros2_ws/src/build/go2_h264_repub' returned '0': CMAKE_PREFIX_PATH=/opt/ros/humble /usr/bin/cmake --install /root/ros2_ws/src/build/go2_h264_repub
