[0.052s] Invoking command in '/root/ros2_ws/src/build/vehicle_simulator': AMENT_PREFIX_PATH=/root/ros2_ws/src/install/ros_tcp_endpoint:${AMENT_PREFIX_PATH} CMAKE_PREFIX_PATH=/opt/ros/humble PYTHONPATH=/root/ros2_ws/src/install/ros_tcp_endpoint/lib/python3.10/site-packages:${PYTHONPATH} /usr/bin/cmake /root/ros2_ws/src/base_autonomy/vehicle_simulator -DROS_EDITION=ROS2 -DHUMBLE_ROS=humble -DCMAKE_INSTALL_PREFIX=/root/ros2_ws/src/install/vehicle_simulator
[2.411s] -- The C compiler identification is GNU 11.4.0
[2.411s] -- The CXX compiler identification is GNU 11.4.0
[2.411s] -- Detecting C compiler ABI info
[2.411s] -- Detecting C compiler ABI info - done
[2.411s] -- Check for working C compiler: /usr/bin/cc - skipped
[2.411s] -- Detecting C compile features
[2.411s] -- Detecting C compile features - done
[2.411s] -- Detecting CXX compiler ABI info
[2.411s] -- Detecting CXX compiler ABI info - done
[2.411s] -- Check for working CXX compiler: /usr/bin/c++ - skipped
[2.411s] -- Detecting CXX compile features
[2.412s] -- Detecting CXX compile features - done
[2.412s] -- Found ament_cmake: 1.3.12 (/opt/ros/humble/share/ament_cmake/cmake)
[2.412s] -- Found Python3: /usr/bin/python3 (found version "3.10.12") found components: Interpreter 
[2.412s] -- Found rclcpp: 16.0.17 (/opt/ros/humble/share/rclcpp/cmake)
[2.412s] -- Found rosidl_generator_c: 3.1.8 (/opt/ros/humble/share/rosidl_generator_c/cmake)
[2.412s] -- Found rosidl_adapter: 3.1.8 (/opt/ros/humble/share/rosidl_adapter/cmake)
[2.412s] -- Found rosidl_generator_cpp: 3.1.8 (/opt/ros/humble/share/rosidl_generator_cpp/cmake)
[2.455s] -- Using all available rosidl_typesupport_c: rosidl_typesupport_fastrtps_c;rosidl_typesupport_introspection_c
[2.547s] -- Using all available rosidl_typesupport_cpp: rosidl_typesupport_fastrtps_cpp;rosidl_typesupport_introspection_cpp
[2.856s] -- Found rmw_implementation_cmake: 6.1.2 (/opt/ros/humble/share/rmw_implementation_cmake/cmake)
[2.889s] -- Found rmw_fastrtps_cpp: 6.2.9 (/opt/ros/humble/share/rmw_fastrtps_cpp/cmake)
[3.530s] -- Found OpenSSL: /usr/lib/x86_64-linux-gnu/libcrypto.so (found version "3.0.2")  
[3.805s] -- Found FastRTPS: /opt/ros/humble/include  
[4.244s] -- Using RMW implementation 'rmw_fastrtps_cpp' as default
[4.350s] -- Looking for pthread.h
[4.733s] -- Looking for pthread.h - found
[4.745s] -- Performing Test CMAKE_HAVE_LIBC_PTHREAD
[5.125s] -- Performing Test CMAKE_HAVE_LIBC_PTHREAD - Success
[5.135s] -- Found Threads: TRUE  
[5.439s] -- Found nav_msgs: 4.9.0 (/opt/ros/humble/share/nav_msgs/cmake)
[5.579s] -- Found sensor_msgs: 4.9.0 (/opt/ros/humble/share/sensor_msgs/cmake)
[5.654s] -- Found tf2_ros: 0.25.18 (/opt/ros/humble/share/tf2_ros/cmake)
[6.234s] -- Found tf2_geometry_msgs: 0.25.18 (/opt/ros/humble/share/tf2_geometry_msgs/cmake)
[6.321s] -- Found eigen3_cmake_module: 0.1.1 (/opt/ros/humble/share/eigen3_cmake_module/cmake)
[6.327s] -- Found Eigen3: TRUE (found version "3.4.0") 
[6.328s] -- Ensuring Eigen3 include directory is part of orocos-kdl CMake target
[6.360s] -- Found OpenCV: /usr (found version "4.5.4") 
[6.444s] -- Checking for module 'eigen3'
[6.473s] --   Found eigen3, version 3.4.0
[6.589s] -- Found Eigen: /usr/include/eigen3 (Required is at least version "3.1") 
[6.589s] -- Eigen found (include: /usr/include/eigen3, version: 3.4.0)
[6.839s] -- Found Boost: /usr/lib/x86_64-linux-gnu/cmake/Boost-1.74.0/BoostConfig.cmake (found suitable version "1.74.0", minimum required is "1.65.0") found components: system filesystem date_time iostreams serialization 
[6.939s] -- Checking for module 'flann'
[6.979s] --   Found flann, version 1.9.1
[7.123s] -- Found FLANN: /usr/lib/x86_64-linux-gnu/libflann_cpp.so  
[7.123s] -- FLANN found (include: /usr/include, lib: /usr/lib/x86_64-linux-gnu/libflann_cpp.so)
[7.272s] -- Found GLEW: /usr/lib/x86_64-linux-gnu/libGLEW.so  
[7.293s] -- Found OpenGL: /usr/lib/x86_64-linux-gnu/libOpenGL.so  found components: OpenGL GLX 
[7.842s] -- Found MPI_C: /usr/lib/x86_64-linux-gnu/libmpi.so (found version "3.1") 
[7.844s] -- Found MPI: TRUE (found version "3.1") found components: C 
[7.858s] -- Found JsonCpp: /usr/lib/x86_64-linux-gnu/libjsoncpp.so (found suitable version "1.9.5", minimum required is "0.7.0") 
[7.897s] -- Found ZLIB: /usr/lib/x86_64-linux-gnu/libz.so (found version "1.2.11") 
[7.951s] -- Found PNG: /usr/lib/x86_64-linux-gnu/libpng.so (found version "1.6.37") 
[7.993s] -- Found Eigen3: /usr/include/eigen3 (found version "3.4.0") 
[8.242s] -- Found X11: /usr/include   
[8.242s] -- Looking for XOpenDisplay in /usr/lib/x86_64-linux-gnu/libX11.so;/usr/lib/x86_64-linux-gnu/libXext.so
[8.486s] -- Looking for XOpenDisplay in /usr/lib/x86_64-linux-gnu/libX11.so;/usr/lib/x86_64-linux-gnu/libXext.so - found
[8.486s] -- Looking for gethostbyname
[8.727s] -- Looking for gethostbyname - found
[8.727s] -- Looking for connect
[8.968s] -- Looking for connect - found
[8.968s] -- Looking for remove
[9.172s] -- Looking for remove - found
[9.172s] -- Looking for shmat
[9.376s] -- Looking for shmat - found
[9.376s] -- Looking for IceConnectionNumber in ICE
[9.625s] -- Looking for IceConnectionNumber in ICE - found
[9.866s] -- Found EXPAT: /usr/lib/x86_64-linux-gnu/libexpat.so (found version "2.4.7") 
[9.873s] -- Found double-conversion: /usr/lib/x86_64-linux-gnu/libdouble-conversion.so  
[9.882s] -- Found LZ4: /usr/lib/x86_64-linux-gnu/liblz4.so (found version "1.9.3") 
[9.891s] -- Found LZMA: /usr/lib/x86_64-linux-gnu/liblzma.so (found version "5.2.5") 
[9.932s] -- Found JPEG: /usr/lib/x86_64-linux-gnu/libjpeg.so (found version "80") 
[9.950s] -- Found TIFF: /usr/lib/x86_64-linux-gnu/libtiff.so (found version "4.3.0")  
[9.963s] -- Found Freetype: /usr/lib/x86_64-linux-gnu/libfreetype.so (found version "2.11.1") 
[9.988s] -- Found utf8cpp: /usr/include/utf8cpp  
[10.233s] -- Checking for module 'libusb-1.0'
[10.286s] --   Found libusb-1.0, version 1.0.25
[10.396s] -- Found libusb: /usr/lib/x86_64-linux-gnu/libusb-1.0.so  
[10.402s] -- Found OpenNI: /usr/lib/libOpenNI.so;libusb::libusb (found version "1.5.4.0") 
[10.402s] -- OpenNI found (version: 1.5.4.0, include: /usr/include/ni, lib: /usr/lib/libOpenNI.so;libusb::libusb)
[10.559s] [0m** WARNING ** io features related to pcap will be disabled[0m
[10.560s] -- Found OpenNI2: /usr/lib/x86_64-linux-gnu/libOpenNI2.so;libusb::libusb (found version "2.2.0.33") 
[10.560s] -- OpenNI2 found (version: 2.2.0.33, include: /usr/include/openni2, lib: /usr/lib/x86_64-linux-gnu/libOpenNI2.so;libusb::libusb)
[11.130s] -- Eigen found (include: /usr/include/eigen3, version: 3.4.0)
[11.151s] -- OpenNI found (version: 1.5.4.0, include: /usr/include/ni, lib: /usr/lib/libOpenNI.so;libusb::libusb)
[11.177s] -- OpenNI2 found (version: 2.2.0.33, include: /usr/include/openni2, lib: /usr/lib/x86_64-linux-gnu/libOpenNI2.so;libusb::libusb)
[11.751s] -- Found Qhull version 8.0.2
[12.371s] -- OpenNI found (version: 1.5.4.0, include: /usr/include/ni, lib: /usr/lib/libOpenNI.so;libusb::libusb)
[12.753s] -- looking for PCL_COMMON
[12.754s] -- Found PCL_COMMON: /usr/lib/x86_64-linux-gnu/libpcl_common.so  
[12.755s] -- looking for PCL_KDTREE
[12.756s] -- Found PCL_KDTREE: /usr/lib/x86_64-linux-gnu/libpcl_kdtree.so  
[12.757s] -- looking for PCL_OCTREE
[12.758s] -- Found PCL_OCTREE: /usr/lib/x86_64-linux-gnu/libpcl_octree.so  
[12.758s] -- looking for PCL_SEARCH
[12.759s] -- Found PCL_SEARCH: /usr/lib/x86_64-linux-gnu/libpcl_search.so  
[12.760s] -- looking for PCL_SAMPLE_CONSENSUS
[12.761s] -- Found PCL_SAMPLE_CONSENSUS: /usr/lib/x86_64-linux-gnu/libpcl_sample_consensus.so  
[12.762s] -- looking for PCL_FILTERS
[12.763s] -- Found PCL_FILTERS: /usr/lib/x86_64-linux-gnu/libpcl_filters.so  
[12.763s] -- looking for PCL_2D
[12.764s] -- Found PCL_2D: /usr/include/pcl-1.12  
[12.764s] -- looking for PCL_GEOMETRY
[12.765s] -- Found PCL_GEOMETRY: /usr/include/pcl-1.12  
[12.765s] -- looking for PCL_IO
[12.766s] -- Found PCL_IO: /usr/lib/x86_64-linux-gnu/libpcl_io.so  
[12.767s] -- looking for PCL_FEATURES
[12.768s] -- Found PCL_FEATURES: /usr/lib/x86_64-linux-gnu/libpcl_features.so  
[12.769s] -- looking for PCL_ML
[12.770s] -- Found PCL_ML: /usr/lib/x86_64-linux-gnu/libpcl_ml.so  
[12.770s] -- looking for PCL_SEGMENTATION
[12.772s] -- Found PCL_SEGMENTATION: /usr/lib/x86_64-linux-gnu/libpcl_segmentation.so  
[12.772s] -- looking for PCL_VISUALIZATION
[12.773s] -- Found PCL_VISUALIZATION: /usr/lib/x86_64-linux-gnu/libpcl_visualization.so  
[12.774s] -- looking for PCL_SURFACE
[12.775s] -- Found PCL_SURFACE: /usr/lib/x86_64-linux-gnu/libpcl_surface.so  
[12.775s] -- looking for PCL_REGISTRATION
[12.777s] -- Found PCL_REGISTRATION: /usr/lib/x86_64-linux-gnu/libpcl_registration.so  
[12.778s] -- looking for PCL_KEYPOINTS
[12.778s] -- Found PCL_KEYPOINTS: /usr/lib/x86_64-linux-gnu/libpcl_keypoints.so  
[12.779s] -- looking for PCL_TRACKING
[12.780s] -- Found PCL_TRACKING: /usr/lib/x86_64-linux-gnu/libpcl_tracking.so  
[12.781s] -- looking for PCL_RECOGNITION
[12.782s] -- Found PCL_RECOGNITION: /usr/lib/x86_64-linux-gnu/libpcl_recognition.so  
[12.783s] -- looking for PCL_STEREO
[12.784s] -- Found PCL_STEREO: /usr/lib/x86_64-linux-gnu/libpcl_stereo.so  
[12.784s] -- looking for PCL_APPS
[12.787s] -- Found PCL_APPS: /usr/lib/x86_64-linux-gnu/libpcl_apps.so  
[12.787s] -- looking for PCL_IN_HAND_SCANNER
[12.787s] -- Found PCL_IN_HAND_SCANNER: /usr/include/pcl-1.12  
[12.788s] -- looking for PCL_MODELER
[12.788s] -- Found PCL_MODELER: /usr/include/pcl-1.12  
[12.789s] -- looking for PCL_POINT_CLOUD_EDITOR
[12.789s] -- Found PCL_POINT_CLOUD_EDITOR: /usr/include/pcl-1.12  
[12.790s] -- looking for PCL_OUTOFCORE
[12.791s] -- Found PCL_OUTOFCORE: /usr/lib/x86_64-linux-gnu/libpcl_outofcore.so  
[12.791s] -- looking for PCL_PEOPLE
[12.793s] -- Found PCL_PEOPLE: /usr/lib/x86_64-linux-gnu/libpcl_people.so  
[12.794s] -- Found PCL: pcl_common;pcl_kdtree;pcl_octree;pcl_search;pcl_sample_consensus;pcl_filters;pcl_io;pcl_features;pcl_ml;pcl_segmentation;pcl_visualization;pcl_surface;pcl_registration;pcl_keypoints;pcl_tracking;pcl_recognition;pcl_stereo;pcl_apps;pcl_outofcore;pcl_people;Boost::system;Boost::filesystem;Boost::date_time;Boost::iostreams;Boost::serialization;/usr/lib/libOpenNI.so;libusb::libusb;/usr/lib/x86_64-linux-gnu/libOpenNI2.so;libusb::libusb;VTK::ChartsCore;VTK::CommonColor;VTK::CommonComputationalGeometry;VTK::CommonCore;VTK::CommonDataModel;VTK::CommonExecutionModel;VTK::CommonMath;VTK::CommonMisc;VTK::CommonTransforms;VTK::FiltersCore;VTK::FiltersExtraction;VTK::FiltersGeneral;VTK::FiltersGeometry;VTK::FiltersModeling;VTK::FiltersSources;VTK::ImagingCore;VTK::ImagingSources;VTK::InteractionImage;VTK::InteractionStyle;VTK::InteractionWidgets;VTK::IOCore;VTK::IOGeometry;VTK::IOImage;VTK::IOLegacy;VTK::IOPLY;VTK::RenderingAnnotation;VTK::RenderingCore;VTK::RenderingContext2D;VTK::RenderingLOD;VTK::RenderingFreeType;VTK::ViewsCore;VTK::ViewsContext2D;VTK::RenderingOpenGL2;VTK::GUISupportQt;FLANN::FLANN;QHULL::QHULL  
[12.800s] -- Found pcl_conversions: 2.4.5 (/opt/ros/humble/share/pcl_conversions/cmake)
[12.841s] -- Found pcl_ros: 2.4.5 (/opt/ros/humble/share/pcl_ros/cmake)
[12.859s] -- Found cv_bridge: 3.2.1 (/opt/ros/humble/share/cv_bridge/cmake)
[12.880s] -- Found ament_lint_auto: 0.12.14 (/opt/ros/humble/share/ament_lint_auto/cmake)
[13.016s] -- Added test 'copyright' to check source files copyright and LICENSE
[13.020s] -- Added test 'cppcheck' to perform static code analysis on C / C++ code
[13.020s] -- Configured cppcheck include dirs: /root/ros2_ws/src/base_autonomy/vehicle_simulator/include
[13.020s] -- Configured cppcheck exclude dirs and/or files: 
[13.023s] -- Added test 'cpplint' to check C / C++ code against the Google style
[13.023s] -- Configured cpplint exclude dirs and/or files: 
[13.025s] -- Added test 'flake8' to check Python code syntax and style conventions
[13.025s] -- Added test 'lint_cmake' to check CMake code style
[13.026s] -- Added test 'pep257' to check Python code against some of the docstring style conventions in PEP 257
[13.028s] -- Added test 'uncrustify' to check C / C++ code style
[13.028s] -- Configured uncrustify additional arguments: 
[13.031s] -- Added test 'xmllint' to check XML markup files
[13.031s] -- Configuring done
[13.113s] -- Generating done
[13.116s] [33mCMake Warning:
[13.116s]   Manually-specified variables were not used by the project:
[13.116s] 
[13.117s]     HUMBLE_ROS
[13.117s]     ROS_EDITION
[13.117s] 
[13.117s] [0m
[13.134s] -- Build files have been written to: /root/ros2_ws/src/build/vehicle_simulator
[13.189s] Invoked command in '/root/ros2_ws/src/build/vehicle_simulator' returned '0': AMENT_PREFIX_PATH=/root/ros2_ws/src/install/ros_tcp_endpoint:${AMENT_PREFIX_PATH} CMAKE_PREFIX_PATH=/opt/ros/humble PYTHONPATH=/root/ros2_ws/src/install/ros_tcp_endpoint/lib/python3.10/site-packages:${PYTHONPATH} /usr/bin/cmake /root/ros2_ws/src/base_autonomy/vehicle_simulator -DROS_EDITION=ROS2 -DHUMBLE_ROS=humble -DCMAKE_INSTALL_PREFIX=/root/ros2_ws/src/install/vehicle_simulator
[13.194s] Invoking command in '/root/ros2_ws/src/build/vehicle_simulator': AMENT_PREFIX_PATH=/root/ros2_ws/src/install/ros_tcp_endpoint:${AMENT_PREFIX_PATH} CMAKE_PREFIX_PATH=/opt/ros/humble PYTHONPATH=/root/ros2_ws/src/install/ros_tcp_endpoint/lib/python3.10/site-packages:${PYTHONPATH} /usr/bin/cmake --build /root/ros2_ws/src/build/vehicle_simulator -- -j24 -l24
[20.685s] [ 25%] [32mBuilding CXX object CMakeFiles/sim_image_repub.dir/src/sim_image_repub.cpp.o[0m
[20.685s] [ 50%] [32mBuilding CXX object CMakeFiles/vehicleSimulator.dir/src/vehicleSimulator.cpp.o[0m
[20.685s] In file included from [01m[K/root/ros2_ws/src/base_autonomy/vehicle_simulator/src/vehicleSimulator.cpp:27[m[K:
[20.685s] [01m[K/opt/ros/humble/include/tf2_geometry_msgs/tf2_geometry_msgs/tf2_geometry_msgs.h:35:2:[m[K [01;35m[Kwarning: [m[K#warning This header is obsolete, please include tf2_geometry_msgs/tf2_geometry_msgs.hpp instead [[01;35m[K-Wcpp[m[K]
[20.685s]    35 | #[01;35m[Kwarning[m[K This header is obsolete, please include tf2_geometry_msgs/tf2_geometry_msgs.hpp instead
[20.685s]       |  [01;35m[K^~~~~~~[m[K
[35.276s] [ 75%] [32m[1mLinking CXX executable sim_image_repub[0m
[37.194s] [ 75%] Built target sim_image_repub
[45.830s] [100%] [32m[1mLinking CXX executable vehicleSimulator[0m
[47.824s] [100%] Built target vehicleSimulator
[47.844s] Invoked command in '/root/ros2_ws/src/build/vehicle_simulator' returned '0': AMENT_PREFIX_PATH=/root/ros2_ws/src/install/ros_tcp_endpoint:${AMENT_PREFIX_PATH} CMAKE_PREFIX_PATH=/opt/ros/humble PYTHONPATH=/root/ros2_ws/src/install/ros_tcp_endpoint/lib/python3.10/site-packages:${PYTHONPATH} /usr/bin/cmake --build /root/ros2_ws/src/build/vehicle_simulator -- -j24 -l24
[47.846s] Invoking command in '/root/ros2_ws/src/build/vehicle_simulator': AMENT_PREFIX_PATH=/root/ros2_ws/src/install/ros_tcp_endpoint:${AMENT_PREFIX_PATH} CMAKE_PREFIX_PATH=/opt/ros/humble PYTHONPATH=/root/ros2_ws/src/install/ros_tcp_endpoint/lib/python3.10/site-packages:${PYTHONPATH} /usr/bin/cmake --install /root/ros2_ws/src/build/vehicle_simulator
[47.857s] -- Install configuration: ""
[47.857s] -- Installing: /root/ros2_ws/src/install/vehicle_simulator/lib/vehicle_simulator/vehicleSimulator
[47.863s] -- Set runtime path of "/root/ros2_ws/src/install/vehicle_simulator/lib/vehicle_simulator/vehicleSimulator" to ""
[47.863s] -- Installing: /root/ros2_ws/src/install/vehicle_simulator/lib/vehicle_simulator/sim_image_repub
[47.867s] -- Set runtime path of "/root/ros2_ws/src/install/vehicle_simulator/lib/vehicle_simulator/sim_image_repub" to ""
[47.867s] -- Installing: /root/ros2_ws/src/install/vehicle_simulator/share/vehicle_simulator/launch
[47.867s] -- Installing: /root/ros2_ws/src/install/vehicle_simulator/share/vehicle_simulator/launch/vehicle_simulator.launch
[47.867s] -- Installing: /root/ros2_ws/src/install/vehicle_simulator/share/vehicle_simulator/launch/system_simulation_superodom.launch.py
[47.867s] -- Installing: /root/ros2_ws/src/install/vehicle_simulator/share/vehicle_simulator/launch/system_real_robot_with_route_planner_superodom.launch.py
[47.867s] -- Installing: /root/ros2_ws/src/install/vehicle_simulator/share/vehicle_simulator/launch/system_real_robot_with_route_planner_superodom.launch
[47.867s] -- Installing: /root/ros2_ws/src/install/vehicle_simulator/share/vehicle_simulator/launch/system_real_robot_superodom.launch.py
[47.868s] -- Installing: /root/ros2_ws/src/install/vehicle_simulator/share/vehicle_simulator/launch/system_simulation_with_route_planner_superodom.launch.py
[47.868s] -- Installing: /root/ros2_ws/src/install/vehicle_simulator/share/vehicle_simulator/launch/system_simulation_with_route_planner_superodom.launch
[47.868s] -- Installing: /root/ros2_ws/src/install/vehicle_simulator/share/vehicle_simulator/launch/system_simulation_with_route_planner.launch
[47.868s] -- Installing: /root/ros2_ws/src/install/vehicle_simulator/share/vehicle_simulator/launch/system_real_robot.launch
[47.868s] -- Installing: /root/ros2_ws/src/install/vehicle_simulator/share/vehicle_simulator/launch/system_simulation_superodom.launch
[47.868s] -- Installing: /root/ros2_ws/src/install/vehicle_simulator/share/vehicle_simulator/launch/system_real_robot_with_route_planner.launch
[47.869s] -- Installing: /root/ros2_ws/src/install/vehicle_simulator/share/vehicle_simulator/launch/system_real_robot_superodom.launch
[47.869s] -- Installing: /root/ros2_ws/src/install/vehicle_simulator/share/vehicle_simulator/launch/system_simulation.launch
[47.869s] -- Installing: /root/ros2_ws/src/install/vehicle_simulator/share/vehicle_simulator/mesh
[47.869s] -- Installing: /root/ros2_ws/src/install/vehicle_simulator/share/vehicle_simulator/mesh/unity
[47.869s] -- Installing: /root/ros2_ws/src/install/vehicle_simulator/share/vehicle_simulator/mesh/unity/readme.txt
[47.869s] -- Installing: /root/ros2_ws/src/install/vehicle_simulator/share/vehicle_simulator/rviz
[47.869s] -- Installing: /root/ros2_ws/src/install/vehicle_simulator/share/vehicle_simulator/rviz/vehicle_simulator.rviz
[47.869s] -- Installing: /root/ros2_ws/src/install/vehicle_simulator/share/vehicle_simulator/log
[47.869s] -- Installing: /root/ros2_ws/src/install/vehicle_simulator/share/vehicle_simulator/log/readme.txt
[47.869s] -- Installing: /root/ros2_ws/src/install/vehicle_simulator/share/ament_index/resource_index/package_run_dependencies/vehicle_simulator
[47.869s] -- Installing: /root/ros2_ws/src/install/vehicle_simulator/share/ament_index/resource_index/parent_prefix_path/vehicle_simulator
[47.869s] -- Installing: /root/ros2_ws/src/install/vehicle_simulator/share/vehicle_simulator/environment/ament_prefix_path.sh
[47.870s] -- Installing: /root/ros2_ws/src/install/vehicle_simulator/share/vehicle_simulator/environment/ament_prefix_path.dsv
[47.870s] -- Installing: /root/ros2_ws/src/install/vehicle_simulator/share/vehicle_simulator/environment/path.sh
[47.870s] -- Installing: /root/ros2_ws/src/install/vehicle_simulator/share/vehicle_simulator/environment/path.dsv
[47.870s] -- Installing: /root/ros2_ws/src/install/vehicle_simulator/share/vehicle_simulator/local_setup.bash
[47.870s] -- Installing: /root/ros2_ws/src/install/vehicle_simulator/share/vehicle_simulator/local_setup.sh
[47.870s] -- Installing: /root/ros2_ws/src/install/vehicle_simulator/share/vehicle_simulator/local_setup.zsh
[47.870s] -- Installing: /root/ros2_ws/src/install/vehicle_simulator/share/vehicle_simulator/local_setup.dsv
[47.871s] -- Installing: /root/ros2_ws/src/install/vehicle_simulator/share/vehicle_simulator/package.dsv
[47.871s] -- Installing: /root/ros2_ws/src/install/vehicle_simulator/share/ament_index/resource_index/packages/vehicle_simulator
[47.871s] -- Installing: /root/ros2_ws/src/install/vehicle_simulator/share/vehicle_simulator/cmake/vehicle_simulatorConfig.cmake
[47.871s] -- Installing: /root/ros2_ws/src/install/vehicle_simulator/share/vehicle_simulator/cmake/vehicle_simulatorConfig-version.cmake
[47.871s] -- Installing: /root/ros2_ws/src/install/vehicle_simulator/share/vehicle_simulator/package.xml
[47.874s] Invoked command in '/root/ros2_ws/src/build/vehicle_simulator' returned '0': AMENT_PREFIX_PATH=/root/ros2_ws/src/install/ros_tcp_endpoint:${AMENT_PREFIX_PATH} CMAKE_PREFIX_PATH=/opt/ros/humble PYTHONPATH=/root/ros2_ws/src/install/ros_tcp_endpoint/lib/python3.10/site-packages:${PYTHONPATH} /usr/bin/cmake --install /root/ros2_ws/src/build/vehicle_simulator
