-- Found ament_cmake: 1.3.12 (/opt/ros/humble/share/ament_cmake/cmake)
-- Found rclcpp: 16.0.17 (/opt/ros/humble/share/rclcpp/cmake)
-- Found rosidl_generator_c: 3.1.8 (/opt/ros/humble/share/rosidl_generator_c/cmake)
-- Found rosidl_adapter: 3.1.8 (/opt/ros/humble/share/rosidl_adapter/cmake)
-- Found rosidl_generator_cpp: 3.1.8 (/opt/ros/humble/share/rosidl_generator_cpp/cmake)
-- Using all available rosidl_typesupport_c: rosidl_typesupport_fastrtps_c;rosidl_typesupport_introspection_c
-- Using all available rosidl_typesupport_cpp: rosidl_typesupport_fastrtps_cpp;rosidl_typesupport_introspection_cpp
-- Found rmw_implementation_cmake: 6.1.2 (/opt/ros/humble/share/rmw_implementation_cmake/cmake)
-- Found rmw_fastrtps_cpp: 6.2.9 (/opt/ros/humble/share/rmw_fastrtps_cpp/cmake)
-- Using RMW implementation 'rmw_fastrtps_cpp' as default
-- Found std_srvs: 4.9.0 (/opt/ros/humble/share/std_srvs/cmake)
-- Found sensor_msgs: 4.9.0 (/opt/ros/humble/share/sensor_msgs/cmake)
-- Found nav_msgs: 4.9.0 (/opt/ros/humble/share/nav_msgs/cmake)
-- Found pcl_conversions: 2.4.5 (/opt/ros/humble/share/pcl_conversions/cmake)
-- Eigen found (include: /usr/include/eigen3, version: 3.4.0)
-- FLANN found (include: /usr/include, lib: /usr/lib/x86_64-linux-gnu/libflann_cpp.so)
-- OpenNI found (version: 1.5.4.0, include: /usr/include/ni, lib: /usr/lib/libOpenNI.so;libusb::libusb)
-- OpenNI2 found (version: 2.2.0.33, include: /usr/include/openni2, lib: /usr/lib/x86_64-linux-gnu/libOpenNI2.so;libusb::libusb)
-- Eigen found (include: /usr/include/eigen3, version: 3.4.0)
-- OpenNI found (version: 1.5.4.0, include: /usr/include/ni, lib: /usr/lib/libOpenNI.so;libusb::libusb)
-- OpenNI2 found (version: 2.2.0.33, include: /usr/include/openni2, lib: /usr/lib/x86_64-linux-gnu/libOpenNI2.so;libusb::libusb)
-- Found Qhull version 8.0.2
-- OpenNI found (version: 1.5.4.0, include: /usr/include/ni, lib: /usr/lib/libOpenNI.so;libusb::libusb)
-- Found visualization_msgs: 4.9.0 (/opt/ros/humble/share/visualization_msgs/cmake)
-- Found tf2: 0.25.18 (/opt/ros/humble/share/tf2/cmake)
-- Found tf2_ros: 0.25.18 (/opt/ros/humble/share/tf2_ros/cmake)
-- Found tf2_geometry_msgs: 0.25.18 (/opt/ros/humble/share/tf2_geometry_msgs/cmake)
-- Found eigen3_cmake_module: 0.1.1 (/opt/ros/humble/share/eigen3_cmake_module/cmake)
-- Ensuring Eigen3 include directory is part of orocos-kdl CMake target
-- Found tf2_sensor_msgs: 0.25.18 (/opt/ros/humble/share/tf2_sensor_msgs/cmake)
-- Found visibility_graph_msg: 0.0.1 (/root/ros2_ws/src/install/visibility_graph_msg/share/visibility_graph_msg/cmake)
-- Configuring done
-- Generating done
-- Build files have been written to: /root/ros2_ws/src/build/far_planner
[35m[1mConsolidate compiler generated dependencies of target far_planner[0m
[100%] Built target far_planner
-- Install configuration: "Release"
-- Up-to-date: /root/ros2_ws/src/install/far_planner/lib/far_planner/far_planner
-- Up-to-date: /root/ros2_ws/src/install/far_planner/share/far_planner/launch
-- Up-to-date: /root/ros2_ws/src/install/far_planner/share/far_planner/launch/far_planner.launch
-- Up-to-date: /root/ros2_ws/src/install/far_planner/share/far_planner/rviz
-- Up-to-date: /root/ros2_ws/src/install/far_planner/share/far_planner/rviz/matterport.rviz
-- Up-to-date: /root/ros2_ws/src/install/far_planner/share/far_planner/rviz/default.rviz
-- Up-to-date: /root/ros2_ws/src/install/far_planner/share/far_planner/config
-- Up-to-date: /root/ros2_ws/src/install/far_planner/share/far_planner/config/default.yaml
-- Up-to-date: /root/ros2_ws/src/install/far_planner/share/far_planner/config/matterport.yaml
-- Up-to-date: /root/ros2_ws/src/install/far_planner/share/far_planner/data
-- Up-to-date: /root/ros2_ws/src/install/far_planner/share/far_planner/data/boundary_graph.vgh
-- Up-to-date: /root/ros2_ws/src/install/far_planner/share/far_planner/data/indoor.vgh
-- Up-to-date: /root/ros2_ws/src/install/far_planner/share/far_planner/data/trajectory.txt
-- Up-to-date: /root/ros2_ws/src/install/far_planner/share/far_planner/data/boundary.ply
-- Up-to-date: /root/ros2_ws/src/install/far_planner/share/ament_index/resource_index/package_run_dependencies/far_planner
-- Installing: /root/ros2_ws/src/install/far_planner/share/ament_index/resource_index/parent_prefix_path/far_planner
-- Up-to-date: /root/ros2_ws/src/install/far_planner/share/far_planner/environment/ament_prefix_path.sh
-- Installing: /root/ros2_ws/src/install/far_planner/share/far_planner/environment/ament_prefix_path.dsv
-- Up-to-date: /root/ros2_ws/src/install/far_planner/share/far_planner/environment/path.sh
-- Installing: /root/ros2_ws/src/install/far_planner/share/far_planner/environment/path.dsv
-- Up-to-date: /root/ros2_ws/src/install/far_planner/share/far_planner/local_setup.bash
-- Up-to-date: /root/ros2_ws/src/install/far_planner/share/far_planner/local_setup.sh
-- Up-to-date: /root/ros2_ws/src/install/far_planner/share/far_planner/local_setup.zsh
-- Installing: /root/ros2_ws/src/install/far_planner/share/far_planner/local_setup.dsv
-- Installing: /root/ros2_ws/src/install/far_planner/share/far_planner/package.dsv
-- Up-to-date: /root/ros2_ws/src/install/far_planner/share/ament_index/resource_index/packages/far_planner
-- Up-to-date: /root/ros2_ws/src/install/far_planner/share/far_planner/cmake/far_plannerConfig.cmake
-- Up-to-date: /root/ros2_ws/src/install/far_planner/share/far_planner/cmake/far_plannerConfig-version.cmake
-- Up-to-date: /root/ros2_ws/src/install/far_planner/share/far_planner/package.xml
