[0.420s] Invoking command in '/root/ros2_ws/src/build/boundary_handler': AMENT_PREFIX_PATH=/root/ros2_ws/src/install/visibility_graph_msg:${AMENT_PREFIX_PATH} CMAKE_PREFIX_PATH=/root/ros2_ws/src/install/visibility_graph_msg:/opt/ros/humble LD_LIBRARY_PATH=/root/ros2_ws/src/install/visibility_graph_msg/lib:${LD_LIBRARY_PATH} PYTHONPATH=/root/ros2_ws/src/install/visibility_graph_msg/local/lib/python3.10/dist-packages:${PYTHONPATH} /usr/bin/cmake /root/ros2_ws/src/route_planner/boundary_handler -DROS_EDITION=ROS2 -DHUMBLE_ROS=humble -DCMAKE_INSTALL_PREFIX=/root/ros2_ws/src/install/boundary_handler
[2.486s] -- The C compiler identification is GNU 11.4.0
[2.486s] -- The CXX compiler identification is GNU 11.4.0
[2.486s] -- Detecting C compiler ABI info
[2.486s] -- Detecting C compiler ABI info - done
[2.487s] -- Check for working C compiler: /usr/bin/cc - skipped
[2.487s] -- Detecting C compile features
[2.487s] -- Detecting C compile features - done
[2.487s] -- Detecting CXX compiler ABI info
[2.487s] -- Detecting CXX compiler ABI info - done
[2.487s] -- Check for working CXX compiler: /usr/bin/c++ - skipped
[2.487s] -- Detecting CXX compile features
[2.487s] -- Detecting CXX compile features - done
[2.487s] -- Found ament_cmake: 1.3.12 (/opt/ros/humble/share/ament_cmake/cmake)
[2.487s] -- Found Python3: /usr/bin/python3 (found version "3.10.12") found components: Interpreter 
[2.773s] -- Found rclcpp: 16.0.17 (/opt/ros/humble/share/rclcpp/cmake)
[3.052s] -- Found rosidl_generator_c: 3.1.8 (/opt/ros/humble/share/rosidl_generator_c/cmake)
[3.130s] -- Found rosidl_adapter: 3.1.8 (/opt/ros/humble/share/rosidl_adapter/cmake)
[3.181s] -- Found rosidl_generator_cpp: 3.1.8 (/opt/ros/humble/share/rosidl_generator_cpp/cmake)
[3.257s] -- Using all available rosidl_typesupport_c: rosidl_typesupport_fastrtps_c;rosidl_typesupport_introspection_c
[3.350s] -- Using all available rosidl_typesupport_cpp: rosidl_typesupport_fastrtps_cpp;rosidl_typesupport_introspection_cpp
[3.596s] -- Found rmw_implementation_cmake: 6.1.2 (/opt/ros/humble/share/rmw_implementation_cmake/cmake)
[3.618s] -- Found rmw_fastrtps_cpp: 6.2.9 (/opt/ros/humble/share/rmw_fastrtps_cpp/cmake)
[3.888s] -- Found OpenSSL: /usr/lib/x86_64-linux-gnu/libcrypto.so (found version "3.0.2")  
[3.945s] -- Found FastRTPS: /opt/ros/humble/include  
[4.084s] -- Using RMW implementation 'rmw_fastrtps_cpp' as default
[4.123s] -- Looking for pthread.h
[4.329s] -- Looking for pthread.h - found
[4.331s] -- Performing Test CMAKE_HAVE_LIBC_PTHREAD
[4.577s] -- Performing Test CMAKE_HAVE_LIBC_PTHREAD - Success
[4.590s] -- Found Threads: TRUE  
[4.857s] -- Found std_srvs: 4.9.0 (/opt/ros/humble/share/std_srvs/cmake)
[4.988s] -- Found sensor_msgs: 4.9.0 (/opt/ros/humble/share/sensor_msgs/cmake)
[5.127s] -- Found visibility_graph_msg: 0.0.1 (/root/ros2_ws/src/install/visibility_graph_msg/share/visibility_graph_msg/cmake)
[5.274s] -- Checking for module 'eigen3'
[5.305s] --   Found eigen3, version 3.4.0
[5.425s] -- Found Eigen: /usr/include/eigen3 (Required is at least version "3.1") 
[5.425s] -- Eigen found (include: /usr/include/eigen3, version: 3.4.0)
[5.540s] -- Found Boost: /usr/lib/x86_64-linux-gnu/cmake/Boost-1.74.0/BoostConfig.cmake (found suitable version "1.74.0", minimum required is "1.65.0") found components: system filesystem date_time iostreams serialization 
[5.620s] -- Checking for module 'flann'
[5.650s] --   Found flann, version 1.9.1
[5.755s] -- Found FLANN: /usr/lib/x86_64-linux-gnu/libflann_cpp.so  
[5.755s] -- FLANN found (include: /usr/include, lib: /usr/lib/x86_64-linux-gnu/libflann_cpp.so)
[5.871s] -- Found GLEW: /usr/lib/x86_64-linux-gnu/libGLEW.so  
[5.893s] -- Found OpenGL: /usr/lib/x86_64-linux-gnu/libOpenGL.so  found components: OpenGL GLX 
[6.496s] -- Found MPI_C: /usr/lib/x86_64-linux-gnu/libmpi.so (found version "3.1") 
[6.497s] -- Found MPI: TRUE (found version "3.1") found components: C 
[6.514s] -- Found JsonCpp: /usr/lib/x86_64-linux-gnu/libjsoncpp.so (found suitable version "1.9.5", minimum required is "0.7.0") 
[6.551s] -- Found ZLIB: /usr/lib/x86_64-linux-gnu/libz.so (found version "1.2.11") 
[6.617s] -- Found PNG: /usr/lib/x86_64-linux-gnu/libpng.so (found version "1.6.37") 
[6.676s] -- Found Eigen3: /usr/include/eigen3 (found version "3.4.0") 
[6.980s] -- Found X11: /usr/include   
[6.980s] -- Looking for XOpenDisplay in /usr/lib/x86_64-linux-gnu/libX11.so;/usr/lib/x86_64-linux-gnu/libXext.so
[7.271s] -- Looking for XOpenDisplay in /usr/lib/x86_64-linux-gnu/libX11.so;/usr/lib/x86_64-linux-gnu/libXext.so - found
[7.274s] -- Looking for gethostbyname
[7.548s] -- Looking for gethostbyname - found
[7.548s] -- Looking for connect
[7.778s] -- Looking for connect - found
[7.778s] -- Looking for remove
[7.997s] -- Looking for remove - found
[7.997s] -- Looking for shmat
[8.246s] -- Looking for shmat - found
[8.248s] -- Looking for IceConnectionNumber in ICE
[8.525s] -- Looking for IceConnectionNumber in ICE - found
[8.813s] -- Found EXPAT: /usr/lib/x86_64-linux-gnu/libexpat.so (found version "2.4.7") 
[8.823s] -- Found double-conversion: /usr/lib/x86_64-linux-gnu/libdouble-conversion.so  
[8.828s] -- Found LZ4: /usr/lib/x86_64-linux-gnu/liblz4.so (found version "1.9.3") 
[8.839s] -- Found LZMA: /usr/lib/x86_64-linux-gnu/liblzma.so (found version "5.2.5") 
[8.888s] -- Found JPEG: /usr/lib/x86_64-linux-gnu/libjpeg.so (found version "80") 
[8.911s] -- Found TIFF: /usr/lib/x86_64-linux-gnu/libtiff.so (found version "4.3.0")  
[8.923s] -- Found Freetype: /usr/lib/x86_64-linux-gnu/libfreetype.so (found version "2.11.1") 
[8.950s] -- Found utf8cpp: /usr/include/utf8cpp  
[9.262s] -- Checking for module 'libusb-1.0'
[9.337s] --   Found libusb-1.0, version 1.0.25
[9.487s] -- Found libusb: /usr/lib/x86_64-linux-gnu/libusb-1.0.so  
[9.492s] -- Found OpenNI: /usr/lib/libOpenNI.so;libusb::libusb (found version "1.5.4.0") 
[9.492s] -- OpenNI found (version: 1.5.4.0, include: /usr/include/ni, lib: /usr/lib/libOpenNI.so;libusb::libusb)
[9.742s] -- Found OpenNI2: /usr/lib/x86_64-linux-gnu/libOpenNI2.so;libusb::libusb (found version "2.2.0.33") 
[9.742s] -- OpenNI2 found (version: 2.2.0.33, include: /usr/include/openni2, lib: /usr/lib/x86_64-linux-gnu/libOpenNI2.so;libusb::libusb)
[9.751s] [0m** WARNING ** io features related to pcap will be disabled[0m
[10.248s] -- Eigen found (include: /usr/include/eigen3, version: 3.4.0)
[10.266s] -- OpenNI found (version: 1.5.4.0, include: /usr/include/ni, lib: /usr/lib/libOpenNI.so;libusb::libusb)
[10.282s] -- OpenNI2 found (version: 2.2.0.33, include: /usr/include/openni2, lib: /usr/lib/x86_64-linux-gnu/libOpenNI2.so;libusb::libusb)
[10.776s] -- Found Qhull version 8.0.2
[11.165s] -- OpenNI found (version: 1.5.4.0, include: /usr/include/ni, lib: /usr/lib/libOpenNI.so;libusb::libusb)
[11.419s] -- looking for PCL_COMMON
[11.421s] -- Found PCL_COMMON: /usr/lib/x86_64-linux-gnu/libpcl_common.so  
[11.422s] -- looking for PCL_KDTREE
[11.424s] -- Found PCL_KDTREE: /usr/lib/x86_64-linux-gnu/libpcl_kdtree.so  
[11.425s] -- looking for PCL_OCTREE
[11.427s] -- Found PCL_OCTREE: /usr/lib/x86_64-linux-gnu/libpcl_octree.so  
[11.428s] -- looking for PCL_SEARCH
[11.429s] -- Found PCL_SEARCH: /usr/lib/x86_64-linux-gnu/libpcl_search.so  
[11.430s] -- looking for PCL_SAMPLE_CONSENSUS
[11.432s] -- Found PCL_SAMPLE_CONSENSUS: /usr/lib/x86_64-linux-gnu/libpcl_sample_consensus.so  
[11.432s] -- looking for PCL_FILTERS
[11.435s] -- Found PCL_FILTERS: /usr/lib/x86_64-linux-gnu/libpcl_filters.so  
[11.435s] -- looking for PCL_2D
[11.436s] -- Found PCL_2D: /usr/include/pcl-1.12  
[11.436s] -- looking for PCL_GEOMETRY
[11.437s] -- Found PCL_GEOMETRY: /usr/include/pcl-1.12  
[11.439s] -- looking for PCL_IO
[11.439s] -- Found PCL_IO: /usr/lib/x86_64-linux-gnu/libpcl_io.so  
[11.440s] -- looking for PCL_FEATURES
[11.442s] -- Found PCL_FEATURES: /usr/lib/x86_64-linux-gnu/libpcl_features.so  
[11.443s] -- looking for PCL_ML
[11.445s] -- Found PCL_ML: /usr/lib/x86_64-linux-gnu/libpcl_ml.so  
[11.447s] -- looking for PCL_SEGMENTATION
[11.447s] -- Found PCL_SEGMENTATION: /usr/lib/x86_64-linux-gnu/libpcl_segmentation.so  
[11.448s] -- looking for PCL_VISUALIZATION
[11.450s] -- Found PCL_VISUALIZATION: /usr/lib/x86_64-linux-gnu/libpcl_visualization.so  
[11.450s] -- looking for PCL_SURFACE
[11.453s] -- Found PCL_SURFACE: /usr/lib/x86_64-linux-gnu/libpcl_surface.so  
[11.453s] -- looking for PCL_REGISTRATION
[11.455s] -- Found PCL_REGISTRATION: /usr/lib/x86_64-linux-gnu/libpcl_registration.so  
[11.456s] -- looking for PCL_KEYPOINTS
[11.457s] -- Found PCL_KEYPOINTS: /usr/lib/x86_64-linux-gnu/libpcl_keypoints.so  
[11.458s] -- looking for PCL_TRACKING
[11.460s] -- Found PCL_TRACKING: /usr/lib/x86_64-linux-gnu/libpcl_tracking.so  
[11.460s] -- looking for PCL_RECOGNITION
[11.462s] -- Found PCL_RECOGNITION: /usr/lib/x86_64-linux-gnu/libpcl_recognition.so  
[11.463s] -- looking for PCL_STEREO
[11.464s] -- Found PCL_STEREO: /usr/lib/x86_64-linux-gnu/libpcl_stereo.so  
[11.465s] -- looking for PCL_APPS
[11.467s] -- Found PCL_APPS: /usr/lib/x86_64-linux-gnu/libpcl_apps.so  
[11.468s] -- looking for PCL_IN_HAND_SCANNER
[11.469s] -- Found PCL_IN_HAND_SCANNER: /usr/include/pcl-1.12  
[11.469s] -- looking for PCL_MODELER
[11.470s] -- Found PCL_MODELER: /usr/include/pcl-1.12  
[11.471s] -- looking for PCL_POINT_CLOUD_EDITOR
[11.471s] -- Found PCL_POINT_CLOUD_EDITOR: /usr/include/pcl-1.12  
[11.472s] -- looking for PCL_OUTOFCORE
[11.474s] -- Found PCL_OUTOFCORE: /usr/lib/x86_64-linux-gnu/libpcl_outofcore.so  
[11.476s] -- looking for PCL_PEOPLE
[11.476s] -- Found PCL_PEOPLE: /usr/lib/x86_64-linux-gnu/libpcl_people.so  
[11.478s] -- Found PCL: pcl_common;pcl_kdtree;pcl_octree;pcl_search;pcl_sample_consensus;pcl_filters;pcl_io;pcl_features;pcl_ml;pcl_segmentation;pcl_visualization;pcl_surface;pcl_registration;pcl_keypoints;pcl_tracking;pcl_recognition;pcl_stereo;pcl_apps;pcl_outofcore;pcl_people;Boost::system;Boost::filesystem;Boost::date_time;Boost::iostreams;Boost::serialization;/usr/lib/libOpenNI.so;libusb::libusb;/usr/lib/x86_64-linux-gnu/libOpenNI2.so;libusb::libusb;VTK::ChartsCore;VTK::CommonColor;VTK::CommonComputationalGeometry;VTK::CommonCore;VTK::CommonDataModel;VTK::CommonExecutionModel;VTK::CommonMath;VTK::CommonMisc;VTK::CommonTransforms;VTK::FiltersCore;VTK::FiltersExtraction;VTK::FiltersGeneral;VTK::FiltersGeometry;VTK::FiltersModeling;VTK::FiltersSources;VTK::ImagingCore;VTK::ImagingSources;VTK::InteractionImage;VTK::InteractionStyle;VTK::InteractionWidgets;VTK::IOCore;VTK::IOGeometry;VTK::IOImage;VTK::IOLegacy;VTK::IOPLY;VTK::RenderingAnnotation;VTK::RenderingCore;VTK::RenderingContext2D;VTK::RenderingLOD;VTK::RenderingFreeType;VTK::ViewsCore;VTK::ViewsContext2D;VTK::RenderingOpenGL2;VTK::GUISupportQt;FLANN::FLANN;QHULL::QHULL  
[11.501s] -- Found OpenCV: /usr (found version "4.5.4") 
[11.509s] -- Found visualization_msgs: 4.9.0 (/opt/ros/humble/share/visualization_msgs/cmake)
[11.708s] -- Configuring done
[11.783s] -- Generating done
[11.786s] [33mCMake Warning:
[11.786s]   Manually-specified variables were not used by the project:
[11.786s] 
[11.787s]     HUMBLE_ROS
[11.787s]     ROS_EDITION
[11.787s] 
[11.787s] [0m
[11.806s] -- Build files have been written to: /root/ros2_ws/src/build/boundary_handler
[11.845s] Invoked command in '/root/ros2_ws/src/build/boundary_handler' returned '0': AMENT_PREFIX_PATH=/root/ros2_ws/src/install/visibility_graph_msg:${AMENT_PREFIX_PATH} CMAKE_PREFIX_PATH=/root/ros2_ws/src/install/visibility_graph_msg:/opt/ros/humble LD_LIBRARY_PATH=/root/ros2_ws/src/install/visibility_graph_msg/lib:${LD_LIBRARY_PATH} PYTHONPATH=/root/ros2_ws/src/install/visibility_graph_msg/local/lib/python3.10/dist-packages:${PYTHONPATH} /usr/bin/cmake /root/ros2_ws/src/route_planner/boundary_handler -DROS_EDITION=ROS2 -DHUMBLE_ROS=humble -DCMAKE_INSTALL_PREFIX=/root/ros2_ws/src/install/boundary_handler
[11.869s] Invoking command in '/root/ros2_ws/src/build/boundary_handler': AMENT_PREFIX_PATH=/root/ros2_ws/src/install/visibility_graph_msg:${AMENT_PREFIX_PATH} CMAKE_PREFIX_PATH=/root/ros2_ws/src/install/visibility_graph_msg:/opt/ros/humble LD_LIBRARY_PATH=/root/ros2_ws/src/install/visibility_graph_msg/lib:${LD_LIBRARY_PATH} PYTHONPATH=/root/ros2_ws/src/install/visibility_graph_msg/local/lib/python3.10/dist-packages:${PYTHONPATH} /usr/bin/cmake --build /root/ros2_ws/src/build/boundary_handler -- -j24 -l24
[12.302s] [ 50%] [32mBuilding CXX object CMakeFiles/boundary_handler.dir/src/graph_extractor.cpp.o[0m
[34.725s] [100%] [32m[1mLinking CXX executable boundary_handler[0m
[35.243s] [100%] Built target boundary_handler
[35.262s] Invoked command in '/root/ros2_ws/src/build/boundary_handler' returned '0': AMENT_PREFIX_PATH=/root/ros2_ws/src/install/visibility_graph_msg:${AMENT_PREFIX_PATH} CMAKE_PREFIX_PATH=/root/ros2_ws/src/install/visibility_graph_msg:/opt/ros/humble LD_LIBRARY_PATH=/root/ros2_ws/src/install/visibility_graph_msg/lib:${LD_LIBRARY_PATH} PYTHONPATH=/root/ros2_ws/src/install/visibility_graph_msg/local/lib/python3.10/dist-packages:${PYTHONPATH} /usr/bin/cmake --build /root/ros2_ws/src/build/boundary_handler -- -j24 -l24
[35.266s] Invoking command in '/root/ros2_ws/src/build/boundary_handler': AMENT_PREFIX_PATH=/root/ros2_ws/src/install/visibility_graph_msg:${AMENT_PREFIX_PATH} CMAKE_PREFIX_PATH=/root/ros2_ws/src/install/visibility_graph_msg:/opt/ros/humble LD_LIBRARY_PATH=/root/ros2_ws/src/install/visibility_graph_msg/lib:${LD_LIBRARY_PATH} PYTHONPATH=/root/ros2_ws/src/install/visibility_graph_msg/local/lib/python3.10/dist-packages:${PYTHONPATH} /usr/bin/cmake --install /root/ros2_ws/src/build/boundary_handler
[35.279s] -- Install configuration: "Release"
[35.279s] -- Installing: /root/ros2_ws/src/install/boundary_handler/lib/boundary_handler/boundary_handler
[35.280s] -- Set runtime path of "/root/ros2_ws/src/install/boundary_handler/lib/boundary_handler/boundary_handler" to ""
[35.280s] -- Installing: /root/ros2_ws/src/install/boundary_handler/share/boundary_handler/launch
[35.280s] -- Installing: /root/ros2_ws/src/install/boundary_handler/share/boundary_handler/launch/boundary_handler.launch
[35.281s] -- Installing: /root/ros2_ws/src/install/boundary_handler/share/boundary_handler/rviz
[35.281s] -- Installing: /root/ros2_ws/src/install/boundary_handler/share/boundary_handler/rviz/default.rviz
[35.281s] -- Installing: /root/ros2_ws/src/install/boundary_handler/share/boundary_handler/config
[35.282s] -- Installing: /root/ros2_ws/src/install/boundary_handler/share/boundary_handler/config/default.yaml
[35.282s] -- Installing: /root/ros2_ws/src/install/boundary_handler/share/ament_index/resource_index/package_run_dependencies/boundary_handler
[35.283s] -- Installing: /root/ros2_ws/src/install/boundary_handler/share/ament_index/resource_index/parent_prefix_path/boundary_handler
[35.283s] -- Installing: /root/ros2_ws/src/install/boundary_handler/share/boundary_handler/environment/ament_prefix_path.sh
[35.283s] -- Installing: /root/ros2_ws/src/install/boundary_handler/share/boundary_handler/environment/ament_prefix_path.dsv
[35.284s] -- Installing: /root/ros2_ws/src/install/boundary_handler/share/boundary_handler/environment/path.sh
[35.284s] -- Installing: /root/ros2_ws/src/install/boundary_handler/share/boundary_handler/environment/path.dsv
[35.285s] -- Installing: /root/ros2_ws/src/install/boundary_handler/share/boundary_handler/local_setup.bash
[35.285s] -- Installing: /root/ros2_ws/src/install/boundary_handler/share/boundary_handler/local_setup.sh
[35.285s] -- Installing: /root/ros2_ws/src/install/boundary_handler/share/boundary_handler/local_setup.zsh
[35.285s] -- Installing: /root/ros2_ws/src/install/boundary_handler/share/boundary_handler/local_setup.dsv
[35.285s] -- Installing: /root/ros2_ws/src/install/boundary_handler/share/boundary_handler/package.dsv
[35.285s] -- Installing: /root/ros2_ws/src/install/boundary_handler/share/ament_index/resource_index/packages/boundary_handler
[35.287s] -- Installing: /root/ros2_ws/src/install/boundary_handler/share/boundary_handler/cmake/boundary_handlerConfig.cmake
[35.287s] -- Installing: /root/ros2_ws/src/install/boundary_handler/share/boundary_handler/cmake/boundary_handlerConfig-version.cmake
[35.289s] -- Installing: /root/ros2_ws/src/install/boundary_handler/share/boundary_handler/package.xml
[35.290s] Invoked command in '/root/ros2_ws/src/build/boundary_handler' returned '0': AMENT_PREFIX_PATH=/root/ros2_ws/src/install/visibility_graph_msg:${AMENT_PREFIX_PATH} CMAKE_PREFIX_PATH=/root/ros2_ws/src/install/visibility_graph_msg:/opt/ros/humble LD_LIBRARY_PATH=/root/ros2_ws/src/install/visibility_graph_msg/lib:${LD_LIBRARY_PATH} PYTHONPATH=/root/ros2_ws/src/install/visibility_graph_msg/local/lib/python3.10/dist-packages:${PYTHONPATH} /usr/bin/cmake --install /root/ros2_ws/src/build/boundary_handler
