[0.034s] Invoking command in '/root/ros2_ws/src/build/unitree_api': CMAKE_PREFIX_PATH=/opt/ros/humble /usr/bin/cmake /root/ros2_ws/src/utilities/unitree_pkgs/unitree_api -DROS_EDITION=ROS2 -DHUMBLE_ROS=humble -DCMAKE_INSTALL_PREFIX=/root/ros2_ws/src/install/unitree_api
[0.461s] -- The C compiler identification is GNU 11.4.0
[0.461s] -- The CXX compiler identification is GNU 11.4.0
[0.461s] -- Detecting C compiler ABI info
[0.461s] -- Detecting C compiler ABI info - done
[0.461s] -- Check for working C compiler: /usr/bin/cc - skipped
[0.461s] -- Detecting C compile features
[0.461s] -- Detecting C compile features - done
[0.461s] -- Detecting CXX compiler ABI info
[0.461s] -- Detecting CXX compiler ABI info - done
[0.461s] -- Check for working CXX compiler: /usr/bin/c++ - skipped
[0.461s] -- Detecting CXX compile features
[0.461s] -- Detecting CXX compile features - done
[0.462s] -- Found ament_cmake: 1.3.12 (/opt/ros/humble/share/ament_cmake/cmake)
[0.462s] -- Found Python3: /usr/bin/python3 (found version "3.10.12") found components: Interpreter 
[0.488s] -- Found geometry_msgs: 4.9.0 (/opt/ros/humble/share/geometry_msgs/cmake)
[0.591s] -- Found rosidl_generator_c: 3.1.8 (/opt/ros/humble/share/rosidl_generator_c/cmake)
[0.607s] -- Found rosidl_adapter: 3.1.8 (/opt/ros/humble/share/rosidl_adapter/cmake)
[0.630s] -- Found rosidl_generator_cpp: 3.1.8 (/opt/ros/humble/share/rosidl_generator_cpp/cmake)
[0.650s] -- Using all available rosidl_typesupport_c: rosidl_typesupport_fastrtps_c;rosidl_typesupport_introspection_c
[0.695s] -- Using all available rosidl_typesupport_cpp: rosidl_typesupport_fastrtps_cpp;rosidl_typesupport_introspection_cpp
[0.799s] -- Found rosidl_default_generators: 1.2.0 (/opt/ros/humble/share/rosidl_default_generators/cmake)
[0.827s] -- Found rosidl_generator_dds_idl: 0.8.1 (/opt/ros/humble/share/rosidl_generator_dds_idl/cmake)
[1.265s] -- Found ament_cmake_ros: 0.10.0 (/opt/ros/humble/share/ament_cmake_ros/cmake)
[1.758s] -- Using all available rosidl_typesupport_c: rosidl_typesupport_fastrtps_c;rosidl_typesupport_introspection_c
[2.002s] -- Using all available rosidl_typesupport_cpp: rosidl_typesupport_fastrtps_cpp;rosidl_typesupport_introspection_cpp
[2.044s] -- Found PythonInterp: /usr/bin/python3 (found suitable version "3.10.12", minimum required is "3.6") 
[2.047s] -- Found python_cmake_module: 0.10.0 (/opt/ros/humble/share/python_cmake_module/cmake)
[2.077s] -- Found PythonLibs: /usr/lib/x86_64-linux-gnu/libpython3.10.so (found suitable version "3.10.12", minimum required is "3.5") 
[2.077s] -- Using PYTHON_EXECUTABLE: /usr/bin/python3
[2.078s] -- Using PYTHON_INCLUDE_DIRS: /usr/include/python3.10
[2.078s] -- Using PYTHON_LIBRARIES: /usr/lib/x86_64-linux-gnu/libpython3.10.so
[2.104s] -- Found PythonExtra: .so  
[2.388s] -- Using numpy include directory: /usr/local/lib/python3.10/dist-packages/numpy/core/include
[2.436s] -- Found ament_lint_auto: 0.12.14 (/opt/ros/humble/share/ament_lint_auto/cmake)
[2.506s] -- Added test 'copyright' to check source files copyright and LICENSE
[2.509s] -- Added test 'lint_cmake' to check CMake code style
[2.510s] -- Added test 'xmllint' to check XML markup files
[2.513s] -- Configuring done
[2.566s] -- Generating done
[2.568s] [33mCMake Warning:
[2.568s]   Manually-specified variables were not used by the project:
[2.568s] 
[2.568s]     HUMBLE_ROS
[2.568s]     ROS_EDITION
[2.568s] 
[2.568s] [0m
[2.588s] -- Build files have been written to: /root/ros2_ws/src/build/unitree_api
[2.711s] Invoked command in '/root/ros2_ws/src/build/unitree_api' returned '0': CMAKE_PREFIX_PATH=/opt/ros/humble /usr/bin/cmake /root/ros2_ws/src/utilities/unitree_pkgs/unitree_api -DROS_EDITION=ROS2 -DHUMBLE_ROS=humble -DCMAKE_INSTALL_PREFIX=/root/ros2_ws/src/install/unitree_api
[2.714s] Invoking command in '/root/ros2_ws/src/build/unitree_api': CMAKE_PREFIX_PATH=/opt/ros/humble /usr/bin/cmake --build /root/ros2_ws/src/build/unitree_api -- -j24 -l24
[3.296s] [  1%] [34m[1mGenerating C code for ROS interfaces[0m
[3.296s] [  1%] Built target ament_cmake_python_copy_unitree_api
[3.297s] [  2%] [34m[1mGenerating DDS interfaces[0m
[3.297s] [  3%] [34m[1mGenerating C++ code for ROS interfaces[0m
[3.349s] [  3%] Built target unitree_api__dds_connext_idl
[3.430s] /usr/local/lib/python3.10/dist-packages/setuptools_scm/_integration/setuptools.py:24: RuntimeWarning: 
[3.430s] ERROR: setuptools==59.6.0 is used in combination with setuptools-scm>=8.x
[3.430s] 
[3.430s] Your build configuration is incomplete and previously worked by accident!
[3.430s] setuptools-scm requires setuptools>=61 (recommended: >=80)
[3.430s] 
[3.430s] Suggested workaround if applicable:
[3.430s]  - migrating from the deprecated setup_requires mechanism to pep517/518
[3.431s]    and using a pyproject.toml to declare build dependencies
[3.431s]    which are reliably pre-installed before running the build tools
[3.431s] 
[3.431s]   warnings.warn(
[3.439s] running egg_info
[3.439s] creating unitree_api.egg-info
[3.439s] writing unitree_api.egg-info/PKG-INFO
[3.439s] writing dependency_links to unitree_api.egg-info/dependency_links.txt
[3.439s] writing top-level names to unitree_api.egg-info/top_level.txt
[3.439s] writing manifest file 'unitree_api.egg-info/SOURCES.txt'
[3.522s] listing git files failed - pretending there aren't any
[4.009s] reading manifest file 'unitree_api.egg-info/SOURCES.txt'
[4.012s] writing manifest file 'unitree_api.egg-info/SOURCES.txt'
[4.208s] [  3%] Built target ament_cmake_python_build_unitree_api_egg
[4.260s] [  3%] Built target unitree_api__cpp
[4.302s] [  4%] [34m[1mGenerating C++ type support for eProsima Fast-RTPS[0m
[4.304s] [  5%] [34m[1mGenerating C++ introspection for ROS interfaces[0m
[4.309s] [  6%] [34m[1mGenerating C++ type support dispatch for ROS interfaces[0m
[4.605s] [  7%] [32mBuilding C object CMakeFiles/unitree_api__rosidl_generator_c.dir/rosidl_generator_c/unitree_api/msg/detail/request__functions.c.o[0m
[4.605s] [  9%] [32mBuilding C object CMakeFiles/unitree_api__rosidl_generator_c.dir/rosidl_generator_c/unitree_api/msg/detail/request_header__functions.c.o[0m
[4.613s] [ 10%] [32mBuilding C object CMakeFiles/unitree_api__rosidl_generator_c.dir/rosidl_generator_c/unitree_api/msg/detail/request_lease__functions.c.o[0m
[4.615s] [ 11%] [32mBuilding C object CMakeFiles/unitree_api__rosidl_generator_c.dir/rosidl_generator_c/unitree_api/msg/detail/request_identity__functions.c.o[0m
[4.615s] [ 12%] [32mBuilding C object CMakeFiles/unitree_api__rosidl_generator_c.dir/rosidl_generator_c/unitree_api/msg/detail/request_policy__functions.c.o[0m
[4.616s] [ 13%] [32mBuilding C object CMakeFiles/unitree_api__rosidl_generator_c.dir/rosidl_generator_c/unitree_api/msg/detail/response__functions.c.o[0m
[4.621s] [ 14%] [32mBuilding C object CMakeFiles/unitree_api__rosidl_generator_c.dir/rosidl_generator_c/unitree_api/msg/detail/response_header__functions.c.o[0m
[4.627s] [ 15%] [32mBuilding C object CMakeFiles/unitree_api__rosidl_generator_c.dir/rosidl_generator_c/unitree_api/msg/detail/response_status__functions.c.o[0m
[4.795s] [ 17%] [32m[1mLinking C shared library libunitree_api__rosidl_generator_c.so[0m
[4.895s] [ 17%] Built target unitree_api__rosidl_generator_c
[4.923s] [ 18%] [34m[1mGenerating C introspection for ROS interfaces[0m
[4.935s] [ 19%] [34m[1mGenerating C type support for eProsima Fast-RTPS[0m
[4.942s] [ 20%] [34m[1mGenerating C type support dispatch for ROS interfaces[0m
[5.223s] [ 21%] [32mBuilding CXX object CMakeFiles/unitree_api__rosidl_typesupport_cpp.dir/rosidl_typesupport_cpp/unitree_api/msg/request_header__type_support.cpp.o[0m
[5.223s] [ 22%] [32mBuilding CXX object CMakeFiles/unitree_api__rosidl_typesupport_cpp.dir/rosidl_typesupport_cpp/unitree_api/msg/request__type_support.cpp.o[0m
[5.233s] [ 23%] [32mBuilding CXX object CMakeFiles/unitree_api__rosidl_typesupport_cpp.dir/rosidl_typesupport_cpp/unitree_api/msg/request_policy__type_support.cpp.o[0m
[5.234s] [ 25%] [32mBuilding CXX object CMakeFiles/unitree_api__rosidl_typesupport_cpp.dir/rosidl_typesupport_cpp/unitree_api/msg/request_identity__type_support.cpp.o[0m
[5.244s] [ 26%] [32mBuilding CXX object CMakeFiles/unitree_api__rosidl_typesupport_cpp.dir/rosidl_typesupport_cpp/unitree_api/msg/request_lease__type_support.cpp.o[0m
[5.244s] [ 27%] [32mBuilding CXX object CMakeFiles/unitree_api__rosidl_typesupport_cpp.dir/rosidl_typesupport_cpp/unitree_api/msg/response_header__type_support.cpp.o[0m
[5.261s] [ 28%] [32mBuilding CXX object CMakeFiles/unitree_api__rosidl_typesupport_cpp.dir/rosidl_typesupport_cpp/unitree_api/msg/response_status__type_support.cpp.o[0m
[5.269s] [ 29%] [32mBuilding CXX object CMakeFiles/unitree_api__rosidl_typesupport_cpp.dir/rosidl_typesupport_cpp/unitree_api/msg/response__type_support.cpp.o[0m
[5.404s] [ 30%] [32mBuilding CXX object CMakeFiles/unitree_api__rosidl_typesupport_fastrtps_cpp.dir/rosidl_typesupport_fastrtps_cpp/unitree_api/msg/detail/dds_fastrtps/request_header__type_support.cpp.o[0m
[5.408s] [ 31%] [32mBuilding CXX object CMakeFiles/unitree_api__rosidl_typesupport_fastrtps_cpp.dir/rosidl_typesupport_fastrtps_cpp/unitree_api/msg/detail/dds_fastrtps/request__type_support.cpp.o[0m
[5.430s] [ 32%] [32mBuilding CXX object CMakeFiles/unitree_api__rosidl_typesupport_introspection_cpp.dir/rosidl_typesupport_introspection_cpp/unitree_api/msg/detail/request__type_support.cpp.o[0m
[5.447s] [ 34%] [32mBuilding CXX object CMakeFiles/unitree_api__rosidl_typesupport_fastrtps_cpp.dir/rosidl_typesupport_fastrtps_cpp/unitree_api/msg/detail/dds_fastrtps/request_lease__type_support.cpp.o[0m
[5.448s] [ 35%] [32mBuilding CXX object CMakeFiles/unitree_api__rosidl_typesupport_fastrtps_cpp.dir/rosidl_typesupport_fastrtps_cpp/unitree_api/msg/detail/dds_fastrtps/response__type_support.cpp.o[0m
[5.454s] [ 36%] [32mBuilding CXX object CMakeFiles/unitree_api__rosidl_typesupport_introspection_cpp.dir/rosidl_typesupport_introspection_cpp/unitree_api/msg/detail/request_lease__type_support.cpp.o[0m
[5.457s] [ 38%] [32mBuilding CXX object CMakeFiles/unitree_api__rosidl_typesupport_introspection_cpp.dir/rosidl_typesupport_introspection_cpp/unitree_api/msg/detail/request_header__type_support.cpp.o[0m
[5.463s] [ 39%] [32mBuilding CXX object CMakeFiles/unitree_api__rosidl_typesupport_fastrtps_cpp.dir/rosidl_typesupport_fastrtps_cpp/unitree_api/msg/detail/dds_fastrtps/response_status__type_support.cpp.o[0m
[5.463s] [ 37%] [32mBuilding CXX object CMakeFiles/unitree_api__rosidl_typesupport_fastrtps_cpp.dir/rosidl_typesupport_fastrtps_cpp/unitree_api/msg/detail/dds_fastrtps/request_policy__type_support.cpp.o[0m
[5.465s] [ 40%] [32mBuilding CXX object CMakeFiles/unitree_api__rosidl_typesupport_introspection_cpp.dir/rosidl_typesupport_introspection_cpp/unitree_api/msg/detail/request_identity__type_support.cpp.o[0m
[5.473s] [ 42%] [32mBuilding CXX object CMakeFiles/unitree_api__rosidl_typesupport_fastrtps_cpp.dir/rosidl_typesupport_fastrtps_cpp/unitree_api/msg/detail/dds_fastrtps/request_identity__type_support.cpp.o[0m
[5.496s] [ 43%] [32mBuilding CXX object CMakeFiles/unitree_api__rosidl_typesupport_introspection_cpp.dir/rosidl_typesupport_introspection_cpp/unitree_api/msg/detail/request_policy__type_support.cpp.o[0m
[5.508s] [ 44%] [32mBuilding CXX object CMakeFiles/unitree_api__rosidl_typesupport_fastrtps_cpp.dir/rosidl_typesupport_fastrtps_cpp/unitree_api/msg/detail/dds_fastrtps/response_header__type_support.cpp.o[0m
[6.068s] [ 45%] [32mBuilding CXX object CMakeFiles/unitree_api__rosidl_typesupport_introspection_cpp.dir/rosidl_typesupport_introspection_cpp/unitree_api/msg/detail/response__type_support.cpp.o[0m
[6.172s] [ 46%] [32mBuilding CXX object CMakeFiles/unitree_api__rosidl_typesupport_introspection_cpp.dir/rosidl_typesupport_introspection_cpp/unitree_api/msg/detail/response_header__type_support.cpp.o[0m
[6.499s] [ 47%] [32mBuilding CXX object CMakeFiles/unitree_api__rosidl_typesupport_introspection_cpp.dir/rosidl_typesupport_introspection_cpp/unitree_api/msg/detail/response_status__type_support.cpp.o[0m
[6.674s] [ 48%] [32mBuilding CXX object CMakeFiles/unitree_api__rosidl_typesupport_c.dir/rosidl_typesupport_c/unitree_api/msg/request__type_support.cpp.o[0m
[6.720s] [ 50%] [32mBuilding CXX object CMakeFiles/unitree_api__rosidl_typesupport_c.dir/rosidl_typesupport_c/unitree_api/msg/request_header__type_support.cpp.o[0m
[6.821s] [ 51%] [32mBuilding CXX object CMakeFiles/unitree_api__rosidl_typesupport_c.dir/rosidl_typesupport_c/unitree_api/msg/request_identity__type_support.cpp.o[0m
[6.859s] [ 52%] [32mBuilding CXX object CMakeFiles/unitree_api__rosidl_typesupport_c.dir/rosidl_typesupport_c/unitree_api/msg/request_lease__type_support.cpp.o[0m
[6.868s] [ 53%] [32mBuilding CXX object CMakeFiles/unitree_api__rosidl_typesupport_c.dir/rosidl_typesupport_c/unitree_api/msg/request_policy__type_support.cpp.o[0m
[6.897s] [ 54%] [32mBuilding CXX object CMakeFiles/unitree_api__rosidl_typesupport_c.dir/rosidl_typesupport_c/unitree_api/msg/response__type_support.cpp.o[0m
[6.996s] [ 55%] [32mBuilding CXX object CMakeFiles/unitree_api__rosidl_typesupport_c.dir/rosidl_typesupport_c/unitree_api/msg/response_header__type_support.cpp.o[0m
[7.036s] [ 56%] [32mBuilding CXX object CMakeFiles/unitree_api__rosidl_typesupport_c.dir/rosidl_typesupport_c/unitree_api/msg/response_status__type_support.cpp.o[0m
[7.179s] [ 60%] [32mBuilding C object CMakeFiles/unitree_api__rosidl_typesupport_introspection_c.dir/rosidl_typesupport_introspection_c/unitree_api/msg/detail/request_identity__type_support.c.o[0m
[7.179s] [ 60%] [32mBuilding C object CMakeFiles/unitree_api__rosidl_typesupport_introspection_c.dir/rosidl_typesupport_introspection_c/unitree_api/msg/detail/request__type_support.c.o[0m
[7.179s] [ 60%] [32mBuilding C object CMakeFiles/unitree_api__rosidl_typesupport_introspection_c.dir/rosidl_typesupport_introspection_c/unitree_api/msg/detail/request_header__type_support.c.o[0m
[7.217s] [ 61%] [32mBuilding C object CMakeFiles/unitree_api__rosidl_typesupport_introspection_c.dir/rosidl_typesupport_introspection_c/unitree_api/msg/detail/request_policy__type_support.c.o[0m
[7.218s] [ 62%] [32mBuilding C object CMakeFiles/unitree_api__rosidl_typesupport_introspection_c.dir/rosidl_typesupport_introspection_c/unitree_api/msg/detail/request_lease__type_support.c.o[0m
[7.230s] [ 64%] [32mBuilding C object CMakeFiles/unitree_api__rosidl_typesupport_introspection_c.dir/rosidl_typesupport_introspection_c/unitree_api/msg/detail/response_header__type_support.c.o[0m
[7.231s] [ 63%] [32mBuilding C object CMakeFiles/unitree_api__rosidl_typesupport_introspection_c.dir/rosidl_typesupport_introspection_c/unitree_api/msg/detail/response__type_support.c.o[0m
[7.231s] [ 65%] [32mBuilding CXX object CMakeFiles/unitree_api__rosidl_typesupport_fastrtps_c.dir/rosidl_typesupport_fastrtps_c/unitree_api/msg/detail/request__type_support_c.cpp.o[0m
[7.233s] [ 67%] [32m[1mLinking CXX shared library libunitree_api__rosidl_typesupport_c.so[0m
[7.253s] [ 68%] [32m[1mLinking CXX shared library libunitree_api__rosidl_typesupport_cpp.so[0m
[7.365s] [ 69%] [32mBuilding C object CMakeFiles/unitree_api__rosidl_typesupport_introspection_c.dir/rosidl_typesupport_introspection_c/unitree_api/msg/detail/response_status__type_support.c.o[0m
[7.369s] [ 70%] [32mBuilding CXX object CMakeFiles/unitree_api__rosidl_typesupport_fastrtps_c.dir/rosidl_typesupport_fastrtps_c/unitree_api/msg/detail/request_identity__type_support_c.cpp.o[0m
[7.384s] [ 71%] [32mBuilding CXX object CMakeFiles/unitree_api__rosidl_typesupport_fastrtps_c.dir/rosidl_typesupport_fastrtps_c/unitree_api/msg/detail/request_header__type_support_c.cpp.o[0m
[7.388s] [ 71%] Built target unitree_api__rosidl_typesupport_cpp
[7.395s] [ 72%] [32mBuilding CXX object CMakeFiles/unitree_api__rosidl_typesupport_fastrtps_c.dir/rosidl_typesupport_fastrtps_c/unitree_api/msg/detail/request_lease__type_support_c.cpp.o[0m
[7.406s] [ 73%] [32mBuilding CXX object CMakeFiles/unitree_api__rosidl_typesupport_fastrtps_c.dir/rosidl_typesupport_fastrtps_c/unitree_api/msg/detail/request_policy__type_support_c.cpp.o[0m
[7.430s] [ 75%] [32mBuilding CXX object CMakeFiles/unitree_api__rosidl_typesupport_fastrtps_c.dir/rosidl_typesupport_fastrtps_c/unitree_api/msg/detail/response_header__type_support_c.cpp.o[0m
[7.437s] [ 76%] [32mBuilding CXX object CMakeFiles/unitree_api__rosidl_typesupport_fastrtps_c.dir/rosidl_typesupport_fastrtps_c/unitree_api/msg/detail/response__type_support_c.cpp.o[0m
[7.466s] [ 76%] Built target unitree_api__rosidl_typesupport_c
[7.477s] [ 77%] [32mBuilding CXX object CMakeFiles/unitree_api__rosidl_typesupport_fastrtps_c.dir/rosidl_typesupport_fastrtps_c/unitree_api/msg/detail/response_status__type_support_c.cpp.o[0m
[7.575s] [ 78%] [32m[1mLinking C shared library libunitree_api__rosidl_typesupport_introspection_c.so[0m
[7.683s] [ 78%] Built target unitree_api__rosidl_typesupport_introspection_c
[8.269s] [ 79%] [32m[1mLinking CXX shared library libunitree_api__rosidl_typesupport_fastrtps_cpp.so[0m
[8.440s] [ 80%] [32m[1mLinking CXX shared library libunitree_api__rosidl_typesupport_introspection_cpp.so[0m
[8.577s] [ 80%] Built target unitree_api__rosidl_typesupport_fastrtps_cpp
[8.741s] [ 80%] Built target unitree_api__rosidl_typesupport_introspection_cpp
[9.051s] [ 81%] [32m[1mLinking CXX shared library libunitree_api__rosidl_typesupport_fastrtps_c.so[0m
[9.402s] [ 81%] Built target unitree_api__rosidl_typesupport_fastrtps_c
[9.473s] [ 81%] Built target unitree_api
[9.531s] [ 82%] [34m[1mGenerating Python code for ROS interfaces[0m
[11.072s] [ 82%] Built target unitree_api__py
[11.101s] [ 84%] [32mBuilding C object CMakeFiles/unitree_api__rosidl_generator_py.dir/rosidl_generator_py/unitree_api/msg/_request_s.c.o[0m
[11.106s] [ 85%] [32mBuilding C object CMakeFiles/unitree_api__rosidl_generator_py.dir/rosidl_generator_py/unitree_api/msg/_request_policy_s.c.o[0m
[11.107s] [ 86%] [32mBuilding C object CMakeFiles/unitree_api__rosidl_generator_py.dir/rosidl_generator_py/unitree_api/msg/_request_lease_s.c.o[0m
[11.113s] [ 87%] [32mBuilding C object CMakeFiles/unitree_api__rosidl_generator_py.dir/rosidl_generator_py/unitree_api/msg/_request_header_s.c.o[0m
[11.113s] [ 88%] [32mBuilding C object CMakeFiles/unitree_api__rosidl_generator_py.dir/rosidl_generator_py/unitree_api/msg/_response_header_s.c.o[0m
[11.121s] [ 89%] [32mBuilding C object CMakeFiles/unitree_api__rosidl_generator_py.dir/rosidl_generator_py/unitree_api/msg/_request_identity_s.c.o[0m
[11.123s] [ 90%] [32mBuilding C object CMakeFiles/unitree_api__rosidl_generator_py.dir/rosidl_generator_py/unitree_api/msg/_response_s.c.o[0m
[11.144s] [ 92%] [32mBuilding C object CMakeFiles/unitree_api__rosidl_generator_py.dir/rosidl_generator_py/unitree_api/msg/_response_status_s.c.o[0m
[11.742s] [ 93%] [32m[1mLinking C shared library rosidl_generator_py/unitree_api/libunitree_api__rosidl_generator_py.so[0m
[11.870s] [ 93%] Built target unitree_api__rosidl_generator_py
[11.960s] [ 94%] [32mBuilding C object CMakeFiles/unitree_api__rosidl_typesupport_fastrtps_c__pyext.dir/rosidl_generator_py/unitree_api/_unitree_api_s.ep.rosidl_typesupport_fastrtps_c.c.o[0m
[11.968s] [ 95%] [32mBuilding C object CMakeFiles/unitree_api__rosidl_typesupport_introspection_c__pyext.dir/rosidl_generator_py/unitree_api/_unitree_api_s.ep.rosidl_typesupport_introspection_c.c.o[0m
[11.991s] [ 96%] [32mBuilding C object CMakeFiles/unitree_api__rosidl_typesupport_c__pyext.dir/rosidl_generator_py/unitree_api/_unitree_api_s.ep.rosidl_typesupport_c.c.o[0m
[12.301s] [ 97%] [32m[1mLinking C shared library rosidl_generator_py/unitree_api/unitree_api_s__rosidl_typesupport_c.cpython-310-x86_64-linux-gnu.so[0m
[12.305s] [ 98%] [32m[1mLinking C shared library rosidl_generator_py/unitree_api/unitree_api_s__rosidl_typesupport_introspection_c.cpython-310-x86_64-linux-gnu.so[0m
[12.343s] [100%] [32m[1mLinking C shared library rosidl_generator_py/unitree_api/unitree_api_s__rosidl_typesupport_fastrtps_c.cpython-310-x86_64-linux-gnu.so[0m
[12.431s] [100%] Built target unitree_api__rosidl_typesupport_c__pyext
[12.497s] [100%] Built target unitree_api__rosidl_typesupport_introspection_c__pyext
[12.533s] [100%] Built target unitree_api__rosidl_typesupport_fastrtps_c__pyext
[12.601s] Invoked command in '/root/ros2_ws/src/build/unitree_api' returned '0': CMAKE_PREFIX_PATH=/opt/ros/humble /usr/bin/cmake --build /root/ros2_ws/src/build/unitree_api -- -j24 -l24
[12.603s] Invoking command in '/root/ros2_ws/src/build/unitree_api': CMAKE_PREFIX_PATH=/opt/ros/humble /usr/bin/cmake --install /root/ros2_ws/src/build/unitree_api
[22.979s] -- Install configuration: ""
[22.985s] -- Installing: /root/ros2_ws/src/install/unitree_api/share/ament_index/resource_index/rosidl_interfaces/unitree_api
[22.986s] -- Installing: /root/ros2_ws/src/install/unitree_api/include/unitree_api/unitree_api
[22.986s] -- Installing: /root/ros2_ws/src/install/unitree_api/include/unitree_api/unitree_api/msg
[22.986s] -- Installing: /root/ros2_ws/src/install/unitree_api/include/unitree_api/unitree_api/msg/response_header.h
[22.986s] -- Installing: /root/ros2_ws/src/install/unitree_api/include/unitree_api/unitree_api/msg/detail
[22.986s] -- Installing: /root/ros2_ws/src/install/unitree_api/include/unitree_api/unitree_api/msg/detail/response_header__functions.c
[22.986s] -- Installing: /root/ros2_ws/src/install/unitree_api/include/unitree_api/unitree_api/msg/detail/request__functions.c
[23.001s] -- Installing: /root/ros2_ws/src/install/unitree_api/include/unitree_api/unitree_api/msg/detail/response_status__type_support.h
[23.001s] -- Installing: /root/ros2_ws/src/install/unitree_api/include/unitree_api/unitree_api/msg/detail/request_identity__struct.h
[23.001s] -- Installing: /root/ros2_ws/src/install/unitree_api/include/unitree_api/unitree_api/msg/detail/request_identity__functions.h
[23.002s] -- Installing: /root/ros2_ws/src/install/unitree_api/include/unitree_api/unitree_api/msg/detail/request__struct.h
[23.002s] -- Installing: /root/ros2_ws/src/install/unitree_api/include/unitree_api/unitree_api/msg/detail/response_header__functions.h
[23.002s] -- Installing: /root/ros2_ws/src/install/unitree_api/include/unitree_api/unitree_api/msg/detail/request_header__functions.h
[23.002s] -- Installing: /root/ros2_ws/src/install/unitree_api/include/unitree_api/unitree_api/msg/detail/request_policy__functions.h
[23.002s] -- Installing: /root/ros2_ws/src/install/unitree_api/include/unitree_api/unitree_api/msg/detail/response_status__struct.h
[23.002s] -- Installing: /root/ros2_ws/src/install/unitree_api/include/unitree_api/unitree_api/msg/detail/request_header__type_support.h
[23.002s] -- Installing: /root/ros2_ws/src/install/unitree_api/include/unitree_api/unitree_api/msg/detail/request_lease__struct.h
[23.002s] -- Installing: /root/ros2_ws/src/install/unitree_api/include/unitree_api/unitree_api/msg/detail/request_policy__functions.c
[23.002s] -- Installing: /root/ros2_ws/src/install/unitree_api/include/unitree_api/unitree_api/msg/detail/response_header__type_support.h
[23.003s] -- Installing: /root/ros2_ws/src/install/unitree_api/include/unitree_api/unitree_api/msg/detail/response__type_support.h
[23.003s] -- Installing: /root/ros2_ws/src/install/unitree_api/include/unitree_api/unitree_api/msg/detail/request__functions.h
[23.003s] -- Installing: /root/ros2_ws/src/install/unitree_api/include/unitree_api/unitree_api/msg/detail/request_policy__type_support.h
[23.003s] -- Installing: /root/ros2_ws/src/install/unitree_api/include/unitree_api/unitree_api/msg/detail/response_header__struct.h
[23.003s] -- Installing: /root/ros2_ws/src/install/unitree_api/include/unitree_api/unitree_api/msg/detail/request_identity__type_support.h
[23.003s] -- Installing: /root/ros2_ws/src/install/unitree_api/include/unitree_api/unitree_api/msg/detail/request__type_support.h
[23.003s] -- Installing: /root/ros2_ws/src/install/unitree_api/include/unitree_api/unitree_api/msg/detail/response__functions.c
[23.003s] -- Installing: /root/ros2_ws/src/install/unitree_api/include/unitree_api/unitree_api/msg/detail/request_lease__functions.c
[23.003s] -- Installing: /root/ros2_ws/src/install/unitree_api/include/unitree_api/unitree_api/msg/detail/response_status__functions.h
[23.003s] -- Installing: /root/ros2_ws/src/install/unitree_api/include/unitree_api/unitree_api/msg/detail/request_identity__functions.c
[23.004s] -- Installing: /root/ros2_ws/src/install/unitree_api/include/unitree_api/unitree_api/msg/detail/request_lease__functions.h
[23.004s] -- Installing: /root/ros2_ws/src/install/unitree_api/include/unitree_api/unitree_api/msg/detail/request_policy__struct.h
[23.004s] -- Installing: /root/ros2_ws/src/install/unitree_api/include/unitree_api/unitree_api/msg/detail/response__struct.h
[23.004s] -- Installing: /root/ros2_ws/src/install/unitree_api/include/unitree_api/unitree_api/msg/detail/response_status__functions.c
[23.004s] -- Installing: /root/ros2_ws/src/install/unitree_api/include/unitree_api/unitree_api/msg/detail/request_header__struct.h
[23.004s] -- Installing: /root/ros2_ws/src/install/unitree_api/include/unitree_api/unitree_api/msg/detail/response__functions.h
[23.004s] -- Installing: /root/ros2_ws/src/install/unitree_api/include/unitree_api/unitree_api/msg/detail/request_lease__type_support.h
[23.004s] -- Installing: /root/ros2_ws/src/install/unitree_api/include/unitree_api/unitree_api/msg/detail/request_header__functions.c
[23.004s] -- Installing: /root/ros2_ws/src/install/unitree_api/include/unitree_api/unitree_api/msg/response_status.h
[23.005s] -- Installing: /root/ros2_ws/src/install/unitree_api/include/unitree_api/unitree_api/msg/response.h
[23.005s] -- Installing: /root/ros2_ws/src/install/unitree_api/include/unitree_api/unitree_api/msg/rosidl_generator_c__visibility_control.h
[23.005s] -- Installing: /root/ros2_ws/src/install/unitree_api/include/unitree_api/unitree_api/msg/request_policy.h
[23.005s] -- Installing: /root/ros2_ws/src/install/unitree_api/include/unitree_api/unitree_api/msg/request_lease.h
[23.005s] -- Installing: /root/ros2_ws/src/install/unitree_api/include/unitree_api/unitree_api/msg/request_header.h
[23.005s] -- Installing: /root/ros2_ws/src/install/unitree_api/include/unitree_api/unitree_api/msg/request.h
[23.005s] -- Installing: /root/ros2_ws/src/install/unitree_api/include/unitree_api/unitree_api/msg/request_identity.h
[23.005s] -- Installing: /root/ros2_ws/src/install/unitree_api/share/unitree_api/environment/library_path.sh
[23.005s] -- Installing: /root/ros2_ws/src/install/unitree_api/share/unitree_api/environment/library_path.dsv
[23.006s] -- Installing: /root/ros2_ws/src/install/unitree_api/lib/libunitree_api__rosidl_generator_c.so
[23.006s] -- Set runtime path of "/root/ros2_ws/src/install/unitree_api/lib/libunitree_api__rosidl_generator_c.so" to ""
[23.006s] -- Up-to-date: /root/ros2_ws/src/install/unitree_api/include/unitree_api/unitree_api
[23.006s] -- Up-to-date: /root/ros2_ws/src/install/unitree_api/include/unitree_api/unitree_api/msg
[23.006s] -- Up-to-date: /root/ros2_ws/src/install/unitree_api/include/unitree_api/unitree_api/msg/detail
[23.006s] -- Installing: /root/ros2_ws/src/install/unitree_api/include/unitree_api/unitree_api/msg/detail/response_status__rosidl_typesupport_fastrtps_c.h
[23.006s] -- Installing: /root/ros2_ws/src/install/unitree_api/include/unitree_api/unitree_api/msg/detail/request_policy__rosidl_typesupport_fastrtps_c.h
[23.006s] -- Installing: /root/ros2_ws/src/install/unitree_api/include/unitree_api/unitree_api/msg/detail/request__rosidl_typesupport_fastrtps_c.h
[23.014s] -- Installing: /root/ros2_ws/src/install/unitree_api/include/unitree_api/unitree_api/msg/detail/request_header__rosidl_typesupport_fastrtps_c.h
[23.014s] -- Installing: /root/ros2_ws/src/install/unitree_api/include/unitree_api/unitree_api/msg/detail/response_header__rosidl_typesupport_fastrtps_c.h
[23.014s] -- Installing: /root/ros2_ws/src/install/unitree_api/include/unitree_api/unitree_api/msg/detail/request_lease__rosidl_typesupport_fastrtps_c.h
[23.014s] -- Installing: /root/ros2_ws/src/install/unitree_api/include/unitree_api/unitree_api/msg/detail/response__rosidl_typesupport_fastrtps_c.h
[23.015s] -- Installing: /root/ros2_ws/src/install/unitree_api/include/unitree_api/unitree_api/msg/detail/request_identity__rosidl_typesupport_fastrtps_c.h
[23.015s] -- Installing: /root/ros2_ws/src/install/unitree_api/include/unitree_api/unitree_api/msg/rosidl_typesupport_fastrtps_c__visibility_control.h
[23.015s] -- Installing: /root/ros2_ws/src/install/unitree_api/lib/libunitree_api__rosidl_typesupport_fastrtps_c.so
[23.015s] -- Set runtime path of "/root/ros2_ws/src/install/unitree_api/lib/libunitree_api__rosidl_typesupport_fastrtps_c.so" to ""
[23.015s] -- Up-to-date: /root/ros2_ws/src/install/unitree_api/include/unitree_api/unitree_api
[23.015s] -- Up-to-date: /root/ros2_ws/src/install/unitree_api/include/unitree_api/unitree_api/msg
[23.015s] -- Installing: /root/ros2_ws/src/install/unitree_api/include/unitree_api/unitree_api/msg/request_policy.hpp
[23.015s] -- Installing: /root/ros2_ws/src/install/unitree_api/include/unitree_api/unitree_api/msg/response_header.hpp
[23.015s] -- Up-to-date: /root/ros2_ws/src/install/unitree_api/include/unitree_api/unitree_api/msg/detail
[23.015s] -- Installing: /root/ros2_ws/src/install/unitree_api/include/unitree_api/unitree_api/msg/detail/request_policy__struct.hpp
[23.016s] -- Installing: /root/ros2_ws/src/install/unitree_api/include/unitree_api/unitree_api/msg/detail/request_policy__builder.hpp
[23.016s] -- Installing: /root/ros2_ws/src/install/unitree_api/include/unitree_api/unitree_api/msg/detail/request_identity__builder.hpp
[23.016s] -- Installing: /root/ros2_ws/src/install/unitree_api/include/unitree_api/unitree_api/msg/detail/response_status__traits.hpp
[23.016s] -- Installing: /root/ros2_ws/src/install/unitree_api/include/unitree_api/unitree_api/msg/detail/response_status__builder.hpp
[23.016s] -- Installing: /root/ros2_ws/src/install/unitree_api/include/unitree_api/unitree_api/msg/detail/request_header__struct.hpp
[23.016s] -- Installing: /root/ros2_ws/src/install/unitree_api/include/unitree_api/unitree_api/msg/detail/response__builder.hpp
[23.016s] -- Installing: /root/ros2_ws/src/install/unitree_api/include/unitree_api/unitree_api/msg/detail/request_policy__type_support.hpp
[23.016s] -- Installing: /root/ros2_ws/src/install/unitree_api/include/unitree_api/unitree_api/msg/detail/response_header__builder.hpp
[23.016s] -- Installing: /root/ros2_ws/src/install/unitree_api/include/unitree_api/unitree_api/msg/detail/request_header__type_support.hpp
[23.016s] -- Installing: /root/ros2_ws/src/install/unitree_api/include/unitree_api/unitree_api/msg/detail/request_header__builder.hpp
[23.017s] -- Installing: /root/ros2_ws/src/install/unitree_api/include/unitree_api/unitree_api/msg/detail/response_status__struct.hpp
[23.017s] -- Installing: /root/ros2_ws/src/install/unitree_api/include/unitree_api/unitree_api/msg/detail/request__builder.hpp
[23.017s] -- Installing: /root/ros2_ws/src/install/unitree_api/include/unitree_api/unitree_api/msg/detail/request__type_support.hpp
[23.017s] -- Installing: /root/ros2_ws/src/install/unitree_api/include/unitree_api/unitree_api/msg/detail/response__traits.hpp
[23.017s] -- Installing: /root/ros2_ws/src/install/unitree_api/include/unitree_api/unitree_api/msg/detail/request__struct.hpp
[23.017s] -- Installing: /root/ros2_ws/src/install/unitree_api/include/unitree_api/unitree_api/msg/detail/request_policy__traits.hpp
[23.017s] -- Installing: /root/ros2_ws/src/install/unitree_api/include/unitree_api/unitree_api/msg/detail/response__type_support.hpp
[23.017s] -- Installing: /root/ros2_ws/src/install/unitree_api/include/unitree_api/unitree_api/msg/detail/request_identity__traits.hpp
[23.017s] -- Installing: /root/ros2_ws/src/install/unitree_api/include/unitree_api/unitree_api/msg/detail/request_lease__builder.hpp
[23.017s] -- Installing: /root/ros2_ws/src/install/unitree_api/include/unitree_api/unitree_api/msg/detail/request_identity__type_support.hpp
[23.018s] -- Installing: /root/ros2_ws/src/install/unitree_api/include/unitree_api/unitree_api/msg/detail/response_status__type_support.hpp
[23.018s] -- Installing: /root/ros2_ws/src/install/unitree_api/include/unitree_api/unitree_api/msg/detail/request_header__traits.hpp
[23.018s] -- Installing: /root/ros2_ws/src/install/unitree_api/include/unitree_api/unitree_api/msg/detail/request_identity__struct.hpp
[23.022s] -- Installing: /root/ros2_ws/src/install/unitree_api/include/unitree_api/unitree_api/msg/detail/response__struct.hpp
[23.026s] -- Installing: /root/ros2_ws/src/install/unitree_api/include/unitree_api/unitree_api/msg/detail/request_lease__type_support.hpp
[23.026s] -- Installing: /root/ros2_ws/src/install/unitree_api/include/unitree_api/unitree_api/msg/detail/response_header__traits.hpp
[23.026s] -- Installing: /root/ros2_ws/src/install/unitree_api/include/unitree_api/unitree_api/msg/detail/request_lease__struct.hpp
[23.026s] -- Installing: /root/ros2_ws/src/install/unitree_api/include/unitree_api/unitree_api/msg/detail/response_header__struct.hpp
[23.027s] -- Installing: /root/ros2_ws/src/install/unitree_api/include/unitree_api/unitree_api/msg/detail/request_lease__traits.hpp
[23.027s] -- Installing: /root/ros2_ws/src/install/unitree_api/include/unitree_api/unitree_api/msg/detail/response_header__type_support.hpp
[23.027s] -- Installing: /root/ros2_ws/src/install/unitree_api/include/unitree_api/unitree_api/msg/detail/request__traits.hpp
[23.027s] -- Installing: /root/ros2_ws/src/install/unitree_api/include/unitree_api/unitree_api/msg/request.hpp
[23.027s] -- Installing: /root/ros2_ws/src/install/unitree_api/include/unitree_api/unitree_api/msg/request_header.hpp
[23.027s] -- Installing: /root/ros2_ws/src/install/unitree_api/include/unitree_api/unitree_api/msg/response_status.hpp
[23.027s] -- Installing: /root/ros2_ws/src/install/unitree_api/include/unitree_api/unitree_api/msg/request_lease.hpp
[23.027s] -- Installing: /root/ros2_ws/src/install/unitree_api/include/unitree_api/unitree_api/msg/request_identity.hpp
[23.027s] -- Installing: /root/ros2_ws/src/install/unitree_api/include/unitree_api/unitree_api/msg/response.hpp
[23.028s] -- Installing: /root/ros2_ws/src/install/unitree_api/include/unitree_api/unitree_api/msg/rosidl_generator_cpp__visibility_control.hpp
[23.028s] -- Up-to-date: /root/ros2_ws/src/install/unitree_api/include/unitree_api/unitree_api
[23.028s] -- Up-to-date: /root/ros2_ws/src/install/unitree_api/include/unitree_api/unitree_api/msg
[23.028s] -- Up-to-date: /root/ros2_ws/src/install/unitree_api/include/unitree_api/unitree_api/msg/detail
[23.028s] -- Installing: /root/ros2_ws/src/install/unitree_api/include/unitree_api/unitree_api/msg/detail/request_policy__rosidl_typesupport_fastrtps_cpp.hpp
[23.028s] -- Installing: /root/ros2_ws/src/install/unitree_api/include/unitree_api/unitree_api/msg/detail/response_header__rosidl_typesupport_fastrtps_cpp.hpp
[23.028s] -- Installing: /root/ros2_ws/src/install/unitree_api/include/unitree_api/unitree_api/msg/detail/dds_fastrtps
[23.028s] -- Installing: /root/ros2_ws/src/install/unitree_api/include/unitree_api/unitree_api/msg/detail/response_status__rosidl_typesupport_fastrtps_cpp.hpp
[23.028s] -- Installing: /root/ros2_ws/src/install/unitree_api/include/unitree_api/unitree_api/msg/detail/response__rosidl_typesupport_fastrtps_cpp.hpp
[23.028s] -- Installing: /root/ros2_ws/src/install/unitree_api/include/unitree_api/unitree_api/msg/detail/request__rosidl_typesupport_fastrtps_cpp.hpp
[23.029s] -- Installing: /root/ros2_ws/src/install/unitree_api/include/unitree_api/unitree_api/msg/detail/request_lease__rosidl_typesupport_fastrtps_cpp.hpp
[23.029s] -- Installing: /root/ros2_ws/src/install/unitree_api/include/unitree_api/unitree_api/msg/detail/request_header__rosidl_typesupport_fastrtps_cpp.hpp
[23.029s] -- Installing: /root/ros2_ws/src/install/unitree_api/include/unitree_api/unitree_api/msg/detail/request_identity__rosidl_typesupport_fastrtps_cpp.hpp
[23.029s] -- Installing: /root/ros2_ws/src/install/unitree_api/include/unitree_api/unitree_api/msg/rosidl_typesupport_fastrtps_cpp__visibility_control.h
[23.029s] -- Installing: /root/ros2_ws/src/install/unitree_api/lib/libunitree_api__rosidl_typesupport_fastrtps_cpp.so
[23.029s] -- Set runtime path of "/root/ros2_ws/src/install/unitree_api/lib/libunitree_api__rosidl_typesupport_fastrtps_cpp.so" to ""
[23.029s] -- Up-to-date: /root/ros2_ws/src/install/unitree_api/include/unitree_api/unitree_api
[23.029s] -- Up-to-date: /root/ros2_ws/src/install/unitree_api/include/unitree_api/unitree_api/msg
[23.029s] -- Installing: /root/ros2_ws/src/install/unitree_api/include/unitree_api/unitree_api/msg/rosidl_typesupport_introspection_c__visibility_control.h
[23.029s] -- Up-to-date: /root/ros2_ws/src/install/unitree_api/include/unitree_api/unitree_api/msg/detail
[23.030s] -- Installing: /root/ros2_ws/src/install/unitree_api/include/unitree_api/unitree_api/msg/detail/request_identity__rosidl_typesupport_introspection_c.h
[23.030s] -- Installing: /root/ros2_ws/src/install/unitree_api/include/unitree_api/unitree_api/msg/detail/response_status__rosidl_typesupport_introspection_c.h
[23.030s] -- Installing: /root/ros2_ws/src/install/unitree_api/include/unitree_api/unitree_api/msg/detail/response_header__rosidl_typesupport_introspection_c.h
[23.033s] -- Installing: /root/ros2_ws/src/install/unitree_api/include/unitree_api/unitree_api/msg/detail/response__rosidl_typesupport_introspection_c.h
[23.033s] -- Installing: /root/ros2_ws/src/install/unitree_api/include/unitree_api/unitree_api/msg/detail/request_identity__type_support.c
[23.033s] -- Installing: /root/ros2_ws/src/install/unitree_api/include/unitree_api/unitree_api/msg/detail/request_lease__rosidl_typesupport_introspection_c.h
[23.033s] -- Installing: /root/ros2_ws/src/install/unitree_api/include/unitree_api/unitree_api/msg/detail/request_lease__type_support.c
[23.033s] -- Installing: /root/ros2_ws/src/install/unitree_api/include/unitree_api/unitree_api/msg/detail/request_policy__type_support.c
[23.034s] -- Installing: /root/ros2_ws/src/install/unitree_api/include/unitree_api/unitree_api/msg/detail/request__type_support.c
[23.034s] -- Installing: /root/ros2_ws/src/install/unitree_api/include/unitree_api/unitree_api/msg/detail/response_header__type_support.c
[23.034s] -- Installing: /root/ros2_ws/src/install/unitree_api/include/unitree_api/unitree_api/msg/detail/response_status__type_support.c
[23.034s] -- Installing: /root/ros2_ws/src/install/unitree_api/include/unitree_api/unitree_api/msg/detail/request_header__type_support.c
[23.034s] -- Installing: /root/ros2_ws/src/install/unitree_api/include/unitree_api/unitree_api/msg/detail/response__type_support.c
[23.034s] -- Installing: /root/ros2_ws/src/install/unitree_api/include/unitree_api/unitree_api/msg/detail/request__rosidl_typesupport_introspection_c.h
[23.034s] -- Installing: /root/ros2_ws/src/install/unitree_api/include/unitree_api/unitree_api/msg/detail/request_policy__rosidl_typesupport_introspection_c.h
[23.034s] -- Installing: /root/ros2_ws/src/install/unitree_api/include/unitree_api/unitree_api/msg/detail/request_header__rosidl_typesupport_introspection_c.h
[23.034s] -- Installing: /root/ros2_ws/src/install/unitree_api/lib/libunitree_api__rosidl_typesupport_introspection_c.so
[23.034s] -- Set runtime path of "/root/ros2_ws/src/install/unitree_api/lib/libunitree_api__rosidl_typesupport_introspection_c.so" to ""
[23.035s] -- Installing: /root/ros2_ws/src/install/unitree_api/lib/libunitree_api__rosidl_typesupport_c.so
[23.035s] -- Set runtime path of "/root/ros2_ws/src/install/unitree_api/lib/libunitree_api__rosidl_typesupport_c.so" to ""
[23.035s] -- Up-to-date: /root/ros2_ws/src/install/unitree_api/include/unitree_api/unitree_api
[23.035s] -- Up-to-date: /root/ros2_ws/src/install/unitree_api/include/unitree_api/unitree_api/msg
[23.035s] -- Up-to-date: /root/ros2_ws/src/install/unitree_api/include/unitree_api/unitree_api/msg/detail
[23.035s] -- Installing: /root/ros2_ws/src/install/unitree_api/include/unitree_api/unitree_api/msg/detail/request_identity__rosidl_typesupport_introspection_cpp.hpp
[23.035s] -- Installing: /root/ros2_ws/src/install/unitree_api/include/unitree_api/unitree_api/msg/detail/response__type_support.cpp
[23.035s] -- Installing: /root/ros2_ws/src/install/unitree_api/include/unitree_api/unitree_api/msg/detail/request_policy__type_support.cpp
[23.035s] -- Installing: /root/ros2_ws/src/install/unitree_api/include/unitree_api/unitree_api/msg/detail/response__rosidl_typesupport_introspection_cpp.hpp
[23.035s] -- Installing: /root/ros2_ws/src/install/unitree_api/include/unitree_api/unitree_api/msg/detail/response_header__rosidl_typesupport_introspection_cpp.hpp
[23.042s] -- Installing: /root/ros2_ws/src/install/unitree_api/include/unitree_api/unitree_api/msg/detail/request__rosidl_typesupport_introspection_cpp.hpp
[23.042s] -- Installing: /root/ros2_ws/src/install/unitree_api/include/unitree_api/unitree_api/msg/detail/response_header__type_support.cpp
[23.043s] -- Installing: /root/ros2_ws/src/install/unitree_api/include/unitree_api/unitree_api/msg/detail/request_header__rosidl_typesupport_introspection_cpp.hpp
[23.043s] -- Installing: /root/ros2_ws/src/install/unitree_api/include/unitree_api/unitree_api/msg/detail/response_status__rosidl_typesupport_introspection_cpp.hpp
[23.043s] -- Installing: /root/ros2_ws/src/install/unitree_api/include/unitree_api/unitree_api/msg/detail/request__type_support.cpp
[23.043s] -- Installing: /root/ros2_ws/src/install/unitree_api/include/unitree_api/unitree_api/msg/detail/response_status__type_support.cpp
[23.043s] -- Installing: /root/ros2_ws/src/install/unitree_api/include/unitree_api/unitree_api/msg/detail/request_policy__rosidl_typesupport_introspection_cpp.hpp
[23.043s] -- Installing: /root/ros2_ws/src/install/unitree_api/include/unitree_api/unitree_api/msg/detail/request_lease__type_support.cpp
[23.044s] -- Installing: /root/ros2_ws/src/install/unitree_api/include/unitree_api/unitree_api/msg/detail/request_header__type_support.cpp
[23.044s] -- Installing: /root/ros2_ws/src/install/unitree_api/include/unitree_api/unitree_api/msg/detail/request_identity__type_support.cpp
[23.044s] -- Installing: /root/ros2_ws/src/install/unitree_api/include/unitree_api/unitree_api/msg/detail/request_lease__rosidl_typesupport_introspection_cpp.hpp
[23.044s] -- Installing: /root/ros2_ws/src/install/unitree_api/lib/libunitree_api__rosidl_typesupport_introspection_cpp.so
[23.044s] -- Set runtime path of "/root/ros2_ws/src/install/unitree_api/lib/libunitree_api__rosidl_typesupport_introspection_cpp.so" to ""
[23.045s] -- Installing: /root/ros2_ws/src/install/unitree_api/lib/libunitree_api__rosidl_typesupport_cpp.so
[23.045s] -- Set runtime path of "/root/ros2_ws/src/install/unitree_api/lib/libunitree_api__rosidl_typesupport_cpp.so" to ""
[23.045s] -- Installing: /root/ros2_ws/src/install/unitree_api/share/unitree_api/environment/pythonpath.sh
[23.045s] -- Installing: /root/ros2_ws/src/install/unitree_api/share/unitree_api/environment/pythonpath.dsv
[23.045s] -- Installing: /root/ros2_ws/src/install/unitree_api/local/lib/python3.10/dist-packages/unitree_api-0.0.0-py3.10.egg-info
[23.045s] -- Installing: /root/ros2_ws/src/install/unitree_api/local/lib/python3.10/dist-packages/unitree_api-0.0.0-py3.10.egg-info/PKG-INFO
[23.045s] -- Installing: /root/ros2_ws/src/install/unitree_api/local/lib/python3.10/dist-packages/unitree_api-0.0.0-py3.10.egg-info/dependency_links.txt
[23.045s] -- Installing: /root/ros2_ws/src/install/unitree_api/local/lib/python3.10/dist-packages/unitree_api-0.0.0-py3.10.egg-info/SOURCES.txt
[23.045s] -- Installing: /root/ros2_ws/src/install/unitree_api/local/lib/python3.10/dist-packages/unitree_api-0.0.0-py3.10.egg-info/top_level.txt
[23.045s] -- Installing: /root/ros2_ws/src/install/unitree_api/local/lib/python3.10/dist-packages/unitree_api
[23.046s] -- Installing: /root/ros2_ws/src/install/unitree_api/local/lib/python3.10/dist-packages/unitree_api/_unitree_api_s.ep.rosidl_typesupport_c.c
[23.046s] -- Installing: /root/ros2_ws/src/install/unitree_api/local/lib/python3.10/dist-packages/unitree_api/unitree_api_s__rosidl_typesupport_introspection_c.cpython-310-x86_64-linux-gnu.so
[23.046s] -- Installing: /root/ros2_ws/src/install/unitree_api/local/lib/python3.10/dist-packages/unitree_api/libunitree_api__rosidl_generator_py.so
[23.056s] -- Installing: /root/ros2_ws/src/install/unitree_api/local/lib/python3.10/dist-packages/unitree_api/_unitree_api_s.ep.rosidl_typesupport_fastrtps_c.c
[23.056s] -- Installing: /root/ros2_ws/src/install/unitree_api/local/lib/python3.10/dist-packages/unitree_api/_unitree_api_s.ep.rosidl_typesupport_introspection_c.c
[23.056s] -- Installing: /root/ros2_ws/src/install/unitree_api/local/lib/python3.10/dist-packages/unitree_api/unitree_api_s__rosidl_typesupport_c.cpython-310-x86_64-linux-gnu.so
[23.057s] -- Installing: /root/ros2_ws/src/install/unitree_api/local/lib/python3.10/dist-packages/unitree_api/unitree_api_s__rosidl_typesupport_fastrtps_c.cpython-310-x86_64-linux-gnu.so
[23.057s] -- Installing: /root/ros2_ws/src/install/unitree_api/local/lib/python3.10/dist-packages/unitree_api/__init__.py
[23.057s] -- Installing: /root/ros2_ws/src/install/unitree_api/local/lib/python3.10/dist-packages/unitree_api/msg
[23.057s] -- Installing: /root/ros2_ws/src/install/unitree_api/local/lib/python3.10/dist-packages/unitree_api/msg/_request_policy.py
[23.057s] -- Installing: /root/ros2_ws/src/install/unitree_api/local/lib/python3.10/dist-packages/unitree_api/msg/_request_s.c
[23.057s] -- Installing: /root/ros2_ws/src/install/unitree_api/local/lib/python3.10/dist-packages/unitree_api/msg/_request.py
[23.057s] -- Installing: /root/ros2_ws/src/install/unitree_api/local/lib/python3.10/dist-packages/unitree_api/msg/_response_status_s.c
[23.057s] -- Installing: /root/ros2_ws/src/install/unitree_api/local/lib/python3.10/dist-packages/unitree_api/msg/_response_s.c
[23.057s] -- Installing: /root/ros2_ws/src/install/unitree_api/local/lib/python3.10/dist-packages/unitree_api/msg/_request_header_s.c
[23.057s] -- Installing: /root/ros2_ws/src/install/unitree_api/local/lib/python3.10/dist-packages/unitree_api/msg/_response.py
[23.058s] -- Installing: /root/ros2_ws/src/install/unitree_api/local/lib/python3.10/dist-packages/unitree_api/msg/_request_policy_s.c
[23.058s] -- Installing: /root/ros2_ws/src/install/unitree_api/local/lib/python3.10/dist-packages/unitree_api/msg/_response_header.py
[23.058s] -- Installing: /root/ros2_ws/src/install/unitree_api/local/lib/python3.10/dist-packages/unitree_api/msg/_response_status.py
[23.058s] -- Installing: /root/ros2_ws/src/install/unitree_api/local/lib/python3.10/dist-packages/unitree_api/msg/_request_identity_s.c
[23.058s] -- Installing: /root/ros2_ws/src/install/unitree_api/local/lib/python3.10/dist-packages/unitree_api/msg/__init__.py
[23.058s] -- Installing: /root/ros2_ws/src/install/unitree_api/local/lib/python3.10/dist-packages/unitree_api/msg/_request_identity.py
[23.058s] -- Installing: /root/ros2_ws/src/install/unitree_api/local/lib/python3.10/dist-packages/unitree_api/msg/_request_header.py
[23.058s] -- Installing: /root/ros2_ws/src/install/unitree_api/local/lib/python3.10/dist-packages/unitree_api/msg/_request_lease_s.c
[23.058s] -- Installing: /root/ros2_ws/src/install/unitree_api/local/lib/python3.10/dist-packages/unitree_api/msg/_request_lease.py
[23.058s] -- Installing: /root/ros2_ws/src/install/unitree_api/local/lib/python3.10/dist-packages/unitree_api/msg/_response_header_s.c
[23.370s] Listing '/root/ros2_ws/src/install/unitree_api/local/lib/python3.10/dist-packages/unitree_api'...
[23.370s] Compiling '/root/ros2_ws/src/install/unitree_api/local/lib/python3.10/dist-packages/unitree_api/__init__.py'...
[23.371s] Listing '/root/ros2_ws/src/install/unitree_api/local/lib/python3.10/dist-packages/unitree_api/msg'...
[23.371s] Compiling '/root/ros2_ws/src/install/unitree_api/local/lib/python3.10/dist-packages/unitree_api/msg/__init__.py'...
[23.371s] Compiling '/root/ros2_ws/src/install/unitree_api/local/lib/python3.10/dist-packages/unitree_api/msg/_request.py'...
[23.371s] Compiling '/root/ros2_ws/src/install/unitree_api/local/lib/python3.10/dist-packages/unitree_api/msg/_request_header.py'...
[23.371s] Compiling '/root/ros2_ws/src/install/unitree_api/local/lib/python3.10/dist-packages/unitree_api/msg/_request_identity.py'...
[23.371s] Compiling '/root/ros2_ws/src/install/unitree_api/local/lib/python3.10/dist-packages/unitree_api/msg/_request_lease.py'...
[23.371s] Compiling '/root/ros2_ws/src/install/unitree_api/local/lib/python3.10/dist-packages/unitree_api/msg/_request_policy.py'...
[23.371s] Compiling '/root/ros2_ws/src/install/unitree_api/local/lib/python3.10/dist-packages/unitree_api/msg/_response.py'...
[23.372s] Compiling '/root/ros2_ws/src/install/unitree_api/local/lib/python3.10/dist-packages/unitree_api/msg/_response_header.py'...
[23.372s] Compiling '/root/ros2_ws/src/install/unitree_api/local/lib/python3.10/dist-packages/unitree_api/msg/_response_status.py'...
[23.373s] -- Installing: /root/ros2_ws/src/install/unitree_api/local/lib/python3.10/dist-packages/unitree_api/unitree_api_s__rosidl_typesupport_fastrtps_c.cpython-310-x86_64-linux-gnu.so
[23.373s] -- Set runtime path of "/root/ros2_ws/src/install/unitree_api/local/lib/python3.10/dist-packages/unitree_api/unitree_api_s__rosidl_typesupport_fastrtps_c.cpython-310-x86_64-linux-gnu.so" to ""
[23.373s] -- Installing: /root/ros2_ws/src/install/unitree_api/local/lib/python3.10/dist-packages/unitree_api/unitree_api_s__rosidl_typesupport_introspection_c.cpython-310-x86_64-linux-gnu.so
[23.373s] -- Set runtime path of "/root/ros2_ws/src/install/unitree_api/local/lib/python3.10/dist-packages/unitree_api/unitree_api_s__rosidl_typesupport_introspection_c.cpython-310-x86_64-linux-gnu.so" to ""
[23.373s] -- Installing: /root/ros2_ws/src/install/unitree_api/local/lib/python3.10/dist-packages/unitree_api/unitree_api_s__rosidl_typesupport_c.cpython-310-x86_64-linux-gnu.so
[23.373s] -- Set runtime path of "/root/ros2_ws/src/install/unitree_api/local/lib/python3.10/dist-packages/unitree_api/unitree_api_s__rosidl_typesupport_c.cpython-310-x86_64-linux-gnu.so" to ""
[23.374s] -- Installing: /root/ros2_ws/src/install/unitree_api/lib/libunitree_api__rosidl_generator_py.so
[23.374s] -- Set runtime path of "/root/ros2_ws/src/install/unitree_api/lib/libunitree_api__rosidl_generator_py.so" to ""
[23.374s] -- Installing: /root/ros2_ws/src/install/unitree_api/share/unitree_api/msg/Request.idl
[23.380s] -- Installing: /root/ros2_ws/src/install/unitree_api/share/unitree_api/msg/RequestHeader.idl
[23.381s] -- Installing: /root/ros2_ws/src/install/unitree_api/share/unitree_api/msg/RequestIdentity.idl
[23.381s] -- Installing: /root/ros2_ws/src/install/unitree_api/share/unitree_api/msg/RequestLease.idl
[23.381s] -- Installing: /root/ros2_ws/src/install/unitree_api/share/unitree_api/msg/RequestPolicy.idl
[23.381s] -- Installing: /root/ros2_ws/src/install/unitree_api/share/unitree_api/msg/Response.idl
[23.381s] -- Installing: /root/ros2_ws/src/install/unitree_api/share/unitree_api/msg/ResponseHeader.idl
[23.381s] -- Installing: /root/ros2_ws/src/install/unitree_api/share/unitree_api/msg/ResponseStatus.idl
[23.381s] -- Installing: /root/ros2_ws/src/install/unitree_api/share/unitree_api/msg/Request.msg
[23.382s] -- Installing: /root/ros2_ws/src/install/unitree_api/share/unitree_api/msg/RequestHeader.msg
[23.382s] -- Installing: /root/ros2_ws/src/install/unitree_api/share/unitree_api/msg/RequestIdentity.msg
[23.382s] -- Installing: /root/ros2_ws/src/install/unitree_api/share/unitree_api/msg/RequestLease.msg
[23.382s] -- Installing: /root/ros2_ws/src/install/unitree_api/share/unitree_api/msg/RequestPolicy.msg
[23.382s] -- Installing: /root/ros2_ws/src/install/unitree_api/share/unitree_api/msg/Response.msg
[23.382s] -- Installing: /root/ros2_ws/src/install/unitree_api/share/unitree_api/msg/ResponseHeader.msg
[23.382s] -- Installing: /root/ros2_ws/src/install/unitree_api/share/unitree_api/msg/ResponseStatus.msg
[23.382s] -- Installing: /root/ros2_ws/src/install/unitree_api/share/unitree_api/msg/dds_connext
[23.382s] -- Installing: /root/ros2_ws/src/install/unitree_api/share/unitree_api/msg/dds_connext/RequestPolicy_.idl
[23.383s] -- Installing: /root/ros2_ws/src/install/unitree_api/share/unitree_api/msg/dds_connext/RequestLease_.idl
[23.385s] -- Installing: /root/ros2_ws/src/install/unitree_api/share/unitree_api/msg/dds_connext/ResponseHeader_.idl
[23.385s] -- Installing: /root/ros2_ws/src/install/unitree_api/share/unitree_api/msg/dds_connext/Response_.idl
[23.391s] -- Installing: /root/ros2_ws/src/install/unitree_api/share/unitree_api/msg/dds_connext/RequestIdentity_.idl
[23.391s] -- Installing: /root/ros2_ws/src/install/unitree_api/share/unitree_api/msg/dds_connext/ResponseStatus_.idl
[23.391s] -- Installing: /root/ros2_ws/src/install/unitree_api/share/unitree_api/msg/dds_connext/RequestHeader_.idl
[23.395s] -- Installing: /root/ros2_ws/src/install/unitree_api/share/unitree_api/msg/dds_connext/Request_.idl
[23.395s] -- Installing: /root/ros2_ws/src/install/unitree_api/share/ament_index/resource_index/package_run_dependencies/unitree_api
[23.395s] -- Installing: /root/ros2_ws/src/install/unitree_api/share/ament_index/resource_index/parent_prefix_path/unitree_api
[23.395s] -- Installing: /root/ros2_ws/src/install/unitree_api/share/unitree_api/environment/ament_prefix_path.sh
[23.395s] -- Installing: /root/ros2_ws/src/install/unitree_api/share/unitree_api/environment/ament_prefix_path.dsv
[23.395s] -- Installing: /root/ros2_ws/src/install/unitree_api/share/unitree_api/environment/path.sh
[23.395s] -- Installing: /root/ros2_ws/src/install/unitree_api/share/unitree_api/environment/path.dsv
[23.395s] -- Installing: /root/ros2_ws/src/install/unitree_api/share/unitree_api/local_setup.bash
[23.396s] -- Installing: /root/ros2_ws/src/install/unitree_api/share/unitree_api/local_setup.sh
[23.396s] -- Installing: /root/ros2_ws/src/install/unitree_api/share/unitree_api/local_setup.zsh
[23.398s] -- Installing: /root/ros2_ws/src/install/unitree_api/share/unitree_api/local_setup.dsv
[23.398s] -- Installing: /root/ros2_ws/src/install/unitree_api/share/unitree_api/package.dsv
[23.398s] -- Installing: /root/ros2_ws/src/install/unitree_api/share/ament_index/resource_index/packages/unitree_api
[23.398s] -- Installing: /root/ros2_ws/src/install/unitree_api/share/unitree_api/cmake/export_unitree_api__rosidl_generator_cExport.cmake
[23.398s] -- Installing: /root/ros2_ws/src/install/unitree_api/share/unitree_api/cmake/export_unitree_api__rosidl_generator_cExport-noconfig.cmake
[23.399s] -- Installing: /root/ros2_ws/src/install/unitree_api/share/unitree_api/cmake/export_unitree_api__rosidl_typesupport_fastrtps_cExport.cmake
[23.399s] -- Installing: /root/ros2_ws/src/install/unitree_api/share/unitree_api/cmake/export_unitree_api__rosidl_typesupport_fastrtps_cExport-noconfig.cmake
[23.399s] -- Installing: /root/ros2_ws/src/install/unitree_api/share/unitree_api/cmake/export_unitree_api__rosidl_generator_cppExport.cmake
[23.399s] -- Installing: /root/ros2_ws/src/install/unitree_api/share/unitree_api/cmake/export_unitree_api__rosidl_typesupport_fastrtps_cppExport.cmake
[23.399s] -- Installing: /root/ros2_ws/src/install/unitree_api/share/unitree_api/cmake/export_unitree_api__rosidl_typesupport_fastrtps_cppExport-noconfig.cmake
[23.400s] -- Installing: /root/ros2_ws/src/install/unitree_api/share/unitree_api/cmake/unitree_api__rosidl_typesupport_introspection_cExport.cmake
[23.414s] -- Installing: /root/ros2_ws/src/install/unitree_api/share/unitree_api/cmake/unitree_api__rosidl_typesupport_introspection_cExport-noconfig.cmake
[23.414s] -- Installing: /root/ros2_ws/src/install/unitree_api/share/unitree_api/cmake/unitree_api__rosidl_typesupport_cExport.cmake
[23.415s] -- Installing: /root/ros2_ws/src/install/unitree_api/share/unitree_api/cmake/unitree_api__rosidl_typesupport_cExport-noconfig.cmake
[23.415s] -- Installing: /root/ros2_ws/src/install/unitree_api/share/unitree_api/cmake/unitree_api__rosidl_typesupport_introspection_cppExport.cmake
[23.415s] -- Installing: /root/ros2_ws/src/install/unitree_api/share/unitree_api/cmake/unitree_api__rosidl_typesupport_introspection_cppExport-noconfig.cmake
[23.415s] -- Installing: /root/ros2_ws/src/install/unitree_api/share/unitree_api/cmake/unitree_api__rosidl_typesupport_cppExport.cmake
[23.415s] -- Installing: /root/ros2_ws/src/install/unitree_api/share/unitree_api/cmake/unitree_api__rosidl_typesupport_cppExport-noconfig.cmake
[23.415s] -- Installing: /root/ros2_ws/src/install/unitree_api/share/unitree_api/cmake/export_unitree_api__rosidl_generator_pyExport.cmake
[23.415s] -- Installing: /root/ros2_ws/src/install/unitree_api/share/unitree_api/cmake/export_unitree_api__rosidl_generator_pyExport-noconfig.cmake
[23.415s] -- Installing: /root/ros2_ws/src/install/unitree_api/share/unitree_api/cmake/rosidl_cmake-extras.cmake
[23.415s] -- Installing: /root/ros2_ws/src/install/unitree_api/share/unitree_api/cmake/ament_cmake_export_dependencies-extras.cmake
[23.416s] -- Installing: /root/ros2_ws/src/install/unitree_api/share/unitree_api/cmake/ament_cmake_export_include_directories-extras.cmake
[23.416s] -- Installing: /root/ros2_ws/src/install/unitree_api/share/unitree_api/cmake/ament_cmake_export_libraries-extras.cmake
[23.416s] -- Installing: /root/ros2_ws/src/install/unitree_api/share/unitree_api/cmake/ament_cmake_export_targets-extras.cmake
[23.416s] -- Installing: /root/ros2_ws/src/install/unitree_api/share/unitree_api/cmake/rosidl_cmake_export_typesupport_targets-extras.cmake
[23.416s] -- Installing: /root/ros2_ws/src/install/unitree_api/share/unitree_api/cmake/rosidl_cmake_export_typesupport_libraries-extras.cmake
[23.416s] -- Installing: /root/ros2_ws/src/install/unitree_api/share/unitree_api/cmake/unitree_apiConfig.cmake
[23.416s] -- Installing: /root/ros2_ws/src/install/unitree_api/share/unitree_api/cmake/unitree_apiConfig-version.cmake
[23.416s] -- Installing: /root/ros2_ws/src/install/unitree_api/share/unitree_api/package.xml
[23.467s] Invoked command in '/root/ros2_ws/src/build/unitree_api' returned '0': CMAKE_PREFIX_PATH=/opt/ros/humble /usr/bin/cmake --install /root/ros2_ws/src/build/unitree_api
