[ 20%] Built target string_to_overlay_text
[100%] Built target rviz_2d_overlay_plugins
-- Install configuration: ""
-- Up-to-date: /root/ros2_ws/src/install/rviz_2d_overlay_plugins/share/rviz_2d_overlay_plugins/plugins_description.xml
-- Up-to-date: /root/ros2_ws/src/install/rviz_2d_overlay_plugins/share/rviz_2d_overlay_plugins/environment/library_path.sh
-- Up-to-date: /root/ros2_ws/src/install/rviz_2d_overlay_plugins/share/rviz_2d_overlay_plugins/environment/library_path.dsv
-- Up-to-date: /root/ros2_ws/src/install/rviz_2d_overlay_plugins/lib/librviz_2d_overlay_plugins.so
-- Up-to-date: /root/ros2_ws/src/install/rviz_2d_overlay_plugins/include
-- Up-to-date: /root/ros2_ws/src/install/rviz_2d_overlay_plugins/include/rviz_2d_overlay_plugins
-- Up-to-date: /root/ros2_ws/src/install/rviz_2d_overlay_plugins/include/rviz_2d_overlay_plugins/pie_chart_display.h
-- Up-to-date: /root/ros2_ws/src/install/rviz_2d_overlay_plugins/include/rviz_2d_overlay_plugins/overlay_utils.hpp
-- Up-to-date: /root/ros2_ws/src/install/rviz_2d_overlay_plugins/include/rviz_2d_overlay_plugins/overlay_text_display.hpp
-- Up-to-date: /root/ros2_ws/src/install/rviz_2d_overlay_plugins/lib/rviz_2d_overlay_plugins/string_to_overlay_text
-- Up-to-date: /root/ros2_ws/src/install/rviz_2d_overlay_plugins/share/ament_index/resource_index/package_run_dependencies/rviz_2d_overlay_plugins
-- Up-to-date: /root/ros2_ws/src/install/rviz_2d_overlay_plugins/share/ament_index/resource_index/parent_prefix_path/rviz_2d_overlay_plugins
-- Up-to-date: /root/ros2_ws/src/install/rviz_2d_overlay_plugins/share/rviz_2d_overlay_plugins/environment/ament_prefix_path.sh
-- Up-to-date: /root/ros2_ws/src/install/rviz_2d_overlay_plugins/share/rviz_2d_overlay_plugins/environment/ament_prefix_path.dsv
-- Up-to-date: /root/ros2_ws/src/install/rviz_2d_overlay_plugins/share/rviz_2d_overlay_plugins/environment/path.sh
-- Up-to-date: /root/ros2_ws/src/install/rviz_2d_overlay_plugins/share/rviz_2d_overlay_plugins/environment/path.dsv
-- Up-to-date: /root/ros2_ws/src/install/rviz_2d_overlay_plugins/share/rviz_2d_overlay_plugins/local_setup.bash
-- Up-to-date: /root/ros2_ws/src/install/rviz_2d_overlay_plugins/share/rviz_2d_overlay_plugins/local_setup.sh
-- Up-to-date: /root/ros2_ws/src/install/rviz_2d_overlay_plugins/share/rviz_2d_overlay_plugins/local_setup.zsh
-- Up-to-date: /root/ros2_ws/src/install/rviz_2d_overlay_plugins/share/rviz_2d_overlay_plugins/local_setup.dsv
-- Installing: /root/ros2_ws/src/install/rviz_2d_overlay_plugins/share/rviz_2d_overlay_plugins/package.dsv
-- Up-to-date: /root/ros2_ws/src/install/rviz_2d_overlay_plugins/share/ament_index/resource_index/packages/rviz_2d_overlay_plugins
-- Up-to-date: /root/ros2_ws/src/install/rviz_2d_overlay_plugins/share/ament_index/resource_index/rviz_common__pluginlib__plugin/rviz_2d_overlay_plugins
-- Up-to-date: /root/ros2_ws/src/install/rviz_2d_overlay_plugins/share/rviz_2d_overlay_plugins/cmake/rviz_2d_overlay_pluginsExport.cmake
-- Up-to-date: /root/ros2_ws/src/install/rviz_2d_overlay_plugins/share/rviz_2d_overlay_plugins/cmake/rviz_2d_overlay_pluginsExport-noconfig.cmake
-- Up-to-date: /root/ros2_ws/src/install/rviz_2d_overlay_plugins/share/rviz_2d_overlay_plugins/cmake/rviz_2d_overlay_plugins-extras.cmake
-- Up-to-date: /root/ros2_ws/src/install/rviz_2d_overlay_plugins/share/rviz_2d_overlay_plugins/cmake/ament_cmake_export_include_directories-extras.cmake
-- Up-to-date: /root/ros2_ws/src/install/rviz_2d_overlay_plugins/share/rviz_2d_overlay_plugins/cmake/ament_cmake_export_targets-extras.cmake
-- Up-to-date: /root/ros2_ws/src/install/rviz_2d_overlay_plugins/share/rviz_2d_overlay_plugins/cmake/ament_cmake_export_dependencies-extras.cmake
-- Up-to-date: /root/ros2_ws/src/install/rviz_2d_overlay_plugins/share/rviz_2d_overlay_plugins/cmake/rviz_2d_overlay_pluginsConfig.cmake
-- Up-to-date: /root/ros2_ws/src/install/rviz_2d_overlay_plugins/share/rviz_2d_overlay_plugins/cmake/rviz_2d_overlay_pluginsConfig-version.cmake
-- Up-to-date: /root/ros2_ws/src/install/rviz_2d_overlay_plugins/share/rviz_2d_overlay_plugins/package.xml
