running develop
running egg_info
creating transform_sensors.egg-info
writing transform_sensors.egg-info/PKG-INFO
writing dependency_links to transform_sensors.egg-info/dependency_links.txt
writing entry points to transform_sensors.egg-info/entry_points.txt
writing requirements to transform_sensors.egg-info/requires.txt
writing top-level names to transform_sensors.egg-info/top_level.txt
writing manifest file 'transform_sensors.egg-info/SOURCES.txt'
reading manifest file 'transform_sensors.egg-info/SOURCES.txt'
writing manifest file 'transform_sensors.egg-info/SOURCES.txt'
running build_ext
Creating /root/ros2_ws/src/install/transform_sensors/lib/python3.10/site-packages/transform-sensors.egg-link (link to .)
Installing transform_everything script to /root/ros2_ws/src/install/transform_sensors/lib/transform_sensors

Installed /root/ros2_ws/src/build/transform_sensors
running symlink_data
creating /root/ros2_ws/src/install/transform_sensors/share/ament_index
creating /root/ros2_ws/src/install/transform_sensors/share/ament_index/resource_index
creating /root/ros2_ws/src/install/transform_sensors/share/ament_index/resource_index/packages
symbolically linking /root/ros2_ws/src/build/transform_sensors/resource/transform_sensors -> /root/ros2_ws/src/install/transform_sensors/share/ament_index/resource_index/packages
symbolically linking /root/ros2_ws/src/build/transform_sensors/package.xml -> /root/ros2_ws/src/install/transform_sensors/share/transform_sensors
/usr/lib/python3/dist-packages/setuptools/dist.py:723: UserWarning: Usage of dash-separated 'script-dir' will not be supported in future versions. Please use the underscore name 'script_dir' instead
  warnings.warn(
/usr/local/lib/python3.10/dist-packages/setuptools_scm/_integration/setuptools.py:24: RuntimeWarning: 
ERROR: setuptools==59.6.0 is used in combination with setuptools-scm>=8.x

Your build configuration is incomplete and previously worked by accident!
setuptools-scm requires setuptools>=61 (recommended: >=80)

Suggested workaround if applicable:
 - migrating from the deprecated setup_requires mechanism to pep517/518
   and using a pyproject.toml to declare build dependencies
   which are reliably pre-installed before running the build tools

  warnings.warn(
listing git files failed - pretending there aren't any
