[1.005s] Invoking command in '/root/ros2_ws/src/build/transform_sensors': PYTHONPATH=/root/ros2_ws/src/build/transform_sensors/prefix_override:/usr/lib/python3/dist-packages/colcon_core/task/python/colcon_distutils_commands:/root/ros2_ws/src/install/transform_sensors/lib/python3.10/site-packages:${PYTHONPATH} /usr/bin/python3 -W ignore:setup.py install is deprecated -W ignore:easy_install command is deprecated setup.py develop --editable --build-directory /root/ros2_ws/src/build/transform_sensors/build --no-deps symlink_data
[2.439s] running develop
[2.439s] running egg_info
[2.440s] creating transform_sensors.egg-info
[2.440s] writing transform_sensors.egg-info/PKG-INFO
[2.440s] writing dependency_links to transform_sensors.egg-info/dependency_links.txt
[2.440s] writing entry points to transform_sensors.egg-info/entry_points.txt
[2.440s] writing requirements to transform_sensors.egg-info/requires.txt
[2.440s] writing top-level names to transform_sensors.egg-info/top_level.txt
[2.443s] writing manifest file 'transform_sensors.egg-info/SOURCES.txt'
[2.443s] reading manifest file 'transform_sensors.egg-info/SOURCES.txt'
[2.443s] writing manifest file 'transform_sensors.egg-info/SOURCES.txt'
[2.443s] running build_ext
[2.443s] Creating /root/ros2_ws/src/install/transform_sensors/lib/python3.10/site-packages/transform-sensors.egg-link (link to .)
[2.443s] Installing transform_everything script to /root/ros2_ws/src/install/transform_sensors/lib/transform_sensors
[2.443s] 
[2.444s] Installed /root/ros2_ws/src/build/transform_sensors
[2.444s] running symlink_data
[2.444s] creating /root/ros2_ws/src/install/transform_sensors/share/ament_index
[2.444s] creating /root/ros2_ws/src/install/transform_sensors/share/ament_index/resource_index
[2.444s] creating /root/ros2_ws/src/install/transform_sensors/share/ament_index/resource_index/packages
[2.444s] symbolically linking /root/ros2_ws/src/build/transform_sensors/resource/transform_sensors -> /root/ros2_ws/src/install/transform_sensors/share/ament_index/resource_index/packages
[2.444s] symbolically linking /root/ros2_ws/src/build/transform_sensors/package.xml -> /root/ros2_ws/src/install/transform_sensors/share/transform_sensors
[2.444s] /usr/lib/python3/dist-packages/setuptools/dist.py:723: UserWarning: Usage of dash-separated 'script-dir' will not be supported in future versions. Please use the underscore name 'script_dir' instead
[2.444s]   warnings.warn(
[2.444s] /usr/local/lib/python3.10/dist-packages/setuptools_scm/_integration/setuptools.py:24: RuntimeWarning: 
[2.444s] ERROR: setuptools==59.6.0 is used in combination with setuptools-scm>=8.x
[2.444s] 
[2.444s] Your build configuration is incomplete and previously worked by accident!
[2.445s] setuptools-scm requires setuptools>=61 (recommended: >=80)
[2.445s] 
[2.445s] Suggested workaround if applicable:
[2.445s]  - migrating from the deprecated setup_requires mechanism to pep517/518
[2.445s]    and using a pyproject.toml to declare build dependencies
[2.445s]    which are reliably pre-installed before running the build tools
[2.445s] 
[2.445s]   warnings.warn(
[2.445s] listing git files failed - pretending there aren't any
[2.478s] Invoked command in '/root/ros2_ws/src/build/transform_sensors' returned '0': PYTHONPATH=/root/ros2_ws/src/build/transform_sensors/prefix_override:/usr/lib/python3/dist-packages/colcon_core/task/python/colcon_distutils_commands:/root/ros2_ws/src/install/transform_sensors/lib/python3.10/site-packages:${PYTHONPATH} /usr/bin/python3 -W ignore:setup.py install is deprecated -W ignore:easy_install command is deprecated setup.py develop --editable --build-directory /root/ros2_ws/src/build/transform_sensors/build --no-deps symlink_data
