[0.046s] Invoking command in '/root/ros2_ws/src/build/visibility_graph_msg': CMAKE_PREFIX_PATH=/opt/ros/humble /usr/bin/cmake --build /root/ros2_ws/src/build/visibility_graph_msg -- -j24 -l24
[0.696s] [35m[1mConsolidate compiler generated dependencies of target visibility_graph_msg__rosidl_generator_c[0m
[0.696s] [  2%] Built target visibility_graph_msg__cpp
[0.696s] [ 12%] Built target visibility_graph_msg__rosidl_generator_c
[0.696s] [ 12%] Built target ament_cmake_python_copy_visibility_graph_msg
[0.696s] [35m[1mConsolidate compiler generated dependencies of target visibility_graph_msg__rosidl_typesupport_introspection_cpp[0m
[0.696s] [35m[1mConsolidate compiler generated dependencies of target visibility_graph_msg__rosidl_typesupport_cpp[0m
[0.696s] [35m[1mConsolidate compiler generated dependencies of target visibility_graph_msg__rosidl_typesupport_fastrtps_cpp[0m
[0.696s] [35m[1mConsolidate compiler generated dependencies of target visibility_graph_msg__rosidl_typesupport_fastrtps_c[0m
[0.696s] [35m[1mConsolidate compiler generated dependencies of target visibility_graph_msg__rosidl_typesupport_c[0m
[0.696s] [ 23%] Built target visibility_graph_msg__rosidl_typesupport_introspection_cpp
[0.696s] [ 33%] Built target visibility_graph_msg__rosidl_typesupport_cpp
[0.696s] [ 43%] Built target visibility_graph_msg__rosidl_typesupport_fastrtps_cpp
[0.696s] [ 53%] Built target visibility_graph_msg__rosidl_typesupport_c
[0.696s] [ 64%] Built target visibility_graph_msg__rosidl_typesupport_fastrtps_c
[0.696s] [35m[1mConsolidate compiler generated dependencies of target visibility_graph_msg__rosidl_typesupport_introspection_c[0m
[0.696s] [ 74%] Built target visibility_graph_msg__rosidl_typesupport_introspection_c
[0.696s] [ 74%] Built target visibility_graph_msg
[0.696s] [ 76%] Built target visibility_graph_msg__py
[0.696s] [35m[1mConsolidate compiler generated dependencies of target visibility_graph_msg__rosidl_generator_py[0m
[0.696s] [ 84%] Built target visibility_graph_msg__rosidl_generator_py
[0.696s] [35m[1mConsolidate compiler generated dependencies of target visibility_graph_msg__rosidl_typesupport_fastrtps_c__pyext[0m
[0.696s] [35m[1mConsolidate compiler generated dependencies of target visibility_graph_msg__rosidl_typesupport_introspection_c__pyext[0m
[0.696s] [35m[1mConsolidate compiler generated dependencies of target visibility_graph_msg__rosidl_typesupport_c__pyext[0m
[0.696s] [ 89%] Built target visibility_graph_msg__rosidl_typesupport_fastrtps_c__pyext
[0.696s] [ 94%] Built target visibility_graph_msg__rosidl_typesupport_introspection_c__pyext
[0.696s] [100%] Built target visibility_graph_msg__rosidl_typesupport_c__pyext
[0.696s] running egg_info
[0.696s] writing visibility_graph_msg.egg-info/PKG-INFO
[0.696s] writing dependency_links to visibility_graph_msg.egg-info/dependency_links.txt
[0.697s] writing top-level names to visibility_graph_msg.egg-info/top_level.txt
[0.697s] reading manifest file 'visibility_graph_msg.egg-info/SOURCES.txt'
[0.697s] writing manifest file 'visibility_graph_msg.egg-info/SOURCES.txt'
[0.697s] [100%] Built target ament_cmake_python_build_visibility_graph_msg_egg
[0.697s] /usr/local/lib/python3.10/dist-packages/setuptools_scm/_integration/setuptools.py:24: RuntimeWarning: 
[0.697s] ERROR: setuptools==59.6.0 is used in combination with setuptools-scm>=8.x
[0.697s] 
[0.697s] Your build configuration is incomplete and previously worked by accident!
[0.697s] setuptools-scm requires setuptools>=61 (recommended: >=80)
[0.697s] 
[0.697s] Suggested workaround if applicable:
[0.697s]  - migrating from the deprecated setup_requires mechanism to pep517/518
[0.697s]    and using a pyproject.toml to declare build dependencies
[0.697s]    which are reliably pre-installed before running the build tools
[0.697s] 
[0.697s]   warnings.warn(
[0.697s] listing git files failed - pretending there aren't any
[0.758s] Invoked command in '/root/ros2_ws/src/build/visibility_graph_msg' returned '0': CMAKE_PREFIX_PATH=/opt/ros/humble /usr/bin/cmake --build /root/ros2_ws/src/build/visibility_graph_msg -- -j24 -l24
[0.794s] Invoking command in '/root/ros2_ws/src/build/visibility_graph_msg': CMAKE_PREFIX_PATH=/opt/ros/humble /usr/bin/cmake --install /root/ros2_ws/src/build/visibility_graph_msg
[0.827s] -- Install configuration: ""
[0.827s] -- Up-to-date: /root/ros2_ws/src/install/visibility_graph_msg/share/ament_index/resource_index/rosidl_interfaces/visibility_graph_msg
[0.827s] -- Up-to-date: /root/ros2_ws/src/install/visibility_graph_msg/include/visibility_graph_msg/visibility_graph_msg
[0.827s] -- Up-to-date: /root/ros2_ws/src/install/visibility_graph_msg/include/visibility_graph_msg/visibility_graph_msg/msg
[0.827s] -- Up-to-date: /root/ros2_ws/src/install/visibility_graph_msg/include/visibility_graph_msg/visibility_graph_msg/msg/node.h
[0.827s] -- Up-to-date: /root/ros2_ws/src/install/visibility_graph_msg/include/visibility_graph_msg/visibility_graph_msg/msg/detail
[0.827s] -- Up-to-date: /root/ros2_ws/src/install/visibility_graph_msg/include/visibility_graph_msg/visibility_graph_msg/msg/detail/graph__functions.h
[0.827s] -- Up-to-date: /root/ros2_ws/src/install/visibility_graph_msg/include/visibility_graph_msg/visibility_graph_msg/msg/detail/node__functions.c
[0.827s] -- Up-to-date: /root/ros2_ws/src/install/visibility_graph_msg/include/visibility_graph_msg/visibility_graph_msg/msg/detail/node__type_support.h
[0.827s] -- Up-to-date: /root/ros2_ws/src/install/visibility_graph_msg/include/visibility_graph_msg/visibility_graph_msg/msg/detail/graph__type_support.h
[0.828s] -- Up-to-date: /root/ros2_ws/src/install/visibility_graph_msg/include/visibility_graph_msg/visibility_graph_msg/msg/detail/node__functions.h
[0.828s] -- Up-to-date: /root/ros2_ws/src/install/visibility_graph_msg/include/visibility_graph_msg/visibility_graph_msg/msg/detail/graph__struct.h
[0.828s] -- Up-to-date: /root/ros2_ws/src/install/visibility_graph_msg/include/visibility_graph_msg/visibility_graph_msg/msg/detail/node__struct.h
[0.828s] -- Up-to-date: /root/ros2_ws/src/install/visibility_graph_msg/include/visibility_graph_msg/visibility_graph_msg/msg/detail/graph__functions.c
[0.828s] -- Up-to-date: /root/ros2_ws/src/install/visibility_graph_msg/include/visibility_graph_msg/visibility_graph_msg/msg/rosidl_generator_c__visibility_control.h
[0.828s] -- Up-to-date: /root/ros2_ws/src/install/visibility_graph_msg/include/visibility_graph_msg/visibility_graph_msg/msg/graph.h
[0.828s] -- Up-to-date: /root/ros2_ws/src/install/visibility_graph_msg/share/visibility_graph_msg/environment/library_path.sh
[0.828s] -- Up-to-date: /root/ros2_ws/src/install/visibility_graph_msg/share/visibility_graph_msg/environment/library_path.dsv
[0.830s] -- Up-to-date: /root/ros2_ws/src/install/visibility_graph_msg/lib/libvisibility_graph_msg__rosidl_generator_c.so
[0.830s] -- Up-to-date: /root/ros2_ws/src/install/visibility_graph_msg/include/visibility_graph_msg/visibility_graph_msg
[0.830s] -- Up-to-date: /root/ros2_ws/src/install/visibility_graph_msg/include/visibility_graph_msg/visibility_graph_msg/msg
[0.830s] -- Up-to-date: /root/ros2_ws/src/install/visibility_graph_msg/include/visibility_graph_msg/visibility_graph_msg/msg/detail
[0.830s] -- Up-to-date: /root/ros2_ws/src/install/visibility_graph_msg/include/visibility_graph_msg/visibility_graph_msg/msg/detail/graph__rosidl_typesupport_fastrtps_c.h
[0.830s] -- Up-to-date: /root/ros2_ws/src/install/visibility_graph_msg/include/visibility_graph_msg/visibility_graph_msg/msg/detail/node__rosidl_typesupport_fastrtps_c.h
[0.830s] -- Up-to-date: /root/ros2_ws/src/install/visibility_graph_msg/include/visibility_graph_msg/visibility_graph_msg/msg/rosidl_typesupport_fastrtps_c__visibility_control.h
[0.830s] -- Up-to-date: /root/ros2_ws/src/install/visibility_graph_msg/lib/libvisibility_graph_msg__rosidl_typesupport_fastrtps_c.so
[0.830s] -- Up-to-date: /root/ros2_ws/src/install/visibility_graph_msg/include/visibility_graph_msg/visibility_graph_msg
[0.831s] -- Up-to-date: /root/ros2_ws/src/install/visibility_graph_msg/include/visibility_graph_msg/visibility_graph_msg/msg
[0.831s] -- Up-to-date: /root/ros2_ws/src/install/visibility_graph_msg/include/visibility_graph_msg/visibility_graph_msg/msg/detail
[0.831s] -- Up-to-date: /root/ros2_ws/src/install/visibility_graph_msg/include/visibility_graph_msg/visibility_graph_msg/msg/detail/graph__struct.hpp
[0.831s] -- Up-to-date: /root/ros2_ws/src/install/visibility_graph_msg/include/visibility_graph_msg/visibility_graph_msg/msg/detail/graph__builder.hpp
[0.831s] -- Up-to-date: /root/ros2_ws/src/install/visibility_graph_msg/include/visibility_graph_msg/visibility_graph_msg/msg/detail/node__struct.hpp
[0.831s] -- Up-to-date: /root/ros2_ws/src/install/visibility_graph_msg/include/visibility_graph_msg/visibility_graph_msg/msg/detail/graph__type_support.hpp
[0.831s] -- Up-to-date: /root/ros2_ws/src/install/visibility_graph_msg/include/visibility_graph_msg/visibility_graph_msg/msg/detail/node__traits.hpp
[0.831s] -- Up-to-date: /root/ros2_ws/src/install/visibility_graph_msg/include/visibility_graph_msg/visibility_graph_msg/msg/detail/node__type_support.hpp
[0.831s] -- Up-to-date: /root/ros2_ws/src/install/visibility_graph_msg/include/visibility_graph_msg/visibility_graph_msg/msg/detail/node__builder.hpp
[0.831s] -- Up-to-date: /root/ros2_ws/src/install/visibility_graph_msg/include/visibility_graph_msg/visibility_graph_msg/msg/detail/graph__traits.hpp
[0.831s] -- Up-to-date: /root/ros2_ws/src/install/visibility_graph_msg/include/visibility_graph_msg/visibility_graph_msg/msg/graph.hpp
[0.831s] -- Up-to-date: /root/ros2_ws/src/install/visibility_graph_msg/include/visibility_graph_msg/visibility_graph_msg/msg/node.hpp
[0.831s] -- Up-to-date: /root/ros2_ws/src/install/visibility_graph_msg/include/visibility_graph_msg/visibility_graph_msg/msg/rosidl_generator_cpp__visibility_control.hpp
[0.832s] -- Up-to-date: /root/ros2_ws/src/install/visibility_graph_msg/include/visibility_graph_msg/visibility_graph_msg
[0.832s] -- Up-to-date: /root/ros2_ws/src/install/visibility_graph_msg/include/visibility_graph_msg/visibility_graph_msg/msg
[0.832s] -- Up-to-date: /root/ros2_ws/src/install/visibility_graph_msg/include/visibility_graph_msg/visibility_graph_msg/msg/detail
[0.832s] -- Up-to-date: /root/ros2_ws/src/install/visibility_graph_msg/include/visibility_graph_msg/visibility_graph_msg/msg/detail/dds_fastrtps
[0.832s] -- Up-to-date: /root/ros2_ws/src/install/visibility_graph_msg/include/visibility_graph_msg/visibility_graph_msg/msg/detail/graph__rosidl_typesupport_fastrtps_cpp.hpp
[0.832s] -- Up-to-date: /root/ros2_ws/src/install/visibility_graph_msg/include/visibility_graph_msg/visibility_graph_msg/msg/detail/node__rosidl_typesupport_fastrtps_cpp.hpp
[0.832s] -- Up-to-date: /root/ros2_ws/src/install/visibility_graph_msg/include/visibility_graph_msg/visibility_graph_msg/msg/rosidl_typesupport_fastrtps_cpp__visibility_control.h
[0.832s] -- Up-to-date: /root/ros2_ws/src/install/visibility_graph_msg/lib/libvisibility_graph_msg__rosidl_typesupport_fastrtps_cpp.so
[0.832s] -- Up-to-date: /root/ros2_ws/src/install/visibility_graph_msg/include/visibility_graph_msg/visibility_graph_msg
[0.832s] -- Up-to-date: /root/ros2_ws/src/install/visibility_graph_msg/include/visibility_graph_msg/visibility_graph_msg/msg
[0.832s] -- Up-to-date: /root/ros2_ws/src/install/visibility_graph_msg/include/visibility_graph_msg/visibility_graph_msg/msg/rosidl_typesupport_introspection_c__visibility_control.h
[0.832s] -- Up-to-date: /root/ros2_ws/src/install/visibility_graph_msg/include/visibility_graph_msg/visibility_graph_msg/msg/detail
[0.832s] -- Up-to-date: /root/ros2_ws/src/install/visibility_graph_msg/include/visibility_graph_msg/visibility_graph_msg/msg/detail/graph__rosidl_typesupport_introspection_c.h
[0.832s] -- Up-to-date: /root/ros2_ws/src/install/visibility_graph_msg/include/visibility_graph_msg/visibility_graph_msg/msg/detail/node__type_support.c
[0.832s] -- Up-to-date: /root/ros2_ws/src/install/visibility_graph_msg/include/visibility_graph_msg/visibility_graph_msg/msg/detail/node__rosidl_typesupport_introspection_c.h
[0.832s] -- Up-to-date: /root/ros2_ws/src/install/visibility_graph_msg/include/visibility_graph_msg/visibility_graph_msg/msg/detail/graph__type_support.c
[0.832s] -- Up-to-date: /root/ros2_ws/src/install/visibility_graph_msg/lib/libvisibility_graph_msg__rosidl_typesupport_introspection_c.so
[0.833s] -- Up-to-date: /root/ros2_ws/src/install/visibility_graph_msg/lib/libvisibility_graph_msg__rosidl_typesupport_c.so
[0.833s] -- Up-to-date: /root/ros2_ws/src/install/visibility_graph_msg/include/visibility_graph_msg/visibility_graph_msg
[0.833s] -- Up-to-date: /root/ros2_ws/src/install/visibility_graph_msg/include/visibility_graph_msg/visibility_graph_msg/msg
[0.833s] -- Up-to-date: /root/ros2_ws/src/install/visibility_graph_msg/include/visibility_graph_msg/visibility_graph_msg/msg/detail
[0.833s] -- Up-to-date: /root/ros2_ws/src/install/visibility_graph_msg/include/visibility_graph_msg/visibility_graph_msg/msg/detail/graph__type_support.cpp
[0.833s] -- Up-to-date: /root/ros2_ws/src/install/visibility_graph_msg/include/visibility_graph_msg/visibility_graph_msg/msg/detail/node__rosidl_typesupport_introspection_cpp.hpp
[0.833s] -- Up-to-date: /root/ros2_ws/src/install/visibility_graph_msg/include/visibility_graph_msg/visibility_graph_msg/msg/detail/graph__rosidl_typesupport_introspection_cpp.hpp
[0.833s] -- Up-to-date: /root/ros2_ws/src/install/visibility_graph_msg/include/visibility_graph_msg/visibility_graph_msg/msg/detail/node__type_support.cpp
[0.833s] -- Up-to-date: /root/ros2_ws/src/install/visibility_graph_msg/lib/libvisibility_graph_msg__rosidl_typesupport_introspection_cpp.so
[0.833s] -- Up-to-date: /root/ros2_ws/src/install/visibility_graph_msg/lib/libvisibility_graph_msg__rosidl_typesupport_cpp.so
[0.833s] -- Up-to-date: /root/ros2_ws/src/install/visibility_graph_msg/share/visibility_graph_msg/environment/pythonpath.sh
[0.833s] -- Up-to-date: /root/ros2_ws/src/install/visibility_graph_msg/share/visibility_graph_msg/environment/pythonpath.dsv
[0.833s] -- Up-to-date: /root/ros2_ws/src/install/visibility_graph_msg/local/lib/python3.10/dist-packages/visibility_graph_msg-0.0.1-py3.10.egg-info
[0.833s] -- Installing: /root/ros2_ws/src/install/visibility_graph_msg/local/lib/python3.10/dist-packages/visibility_graph_msg-0.0.1-py3.10.egg-info/PKG-INFO
[0.833s] -- Installing: /root/ros2_ws/src/install/visibility_graph_msg/local/lib/python3.10/dist-packages/visibility_graph_msg-0.0.1-py3.10.egg-info/dependency_links.txt
[0.833s] -- Installing: /root/ros2_ws/src/install/visibility_graph_msg/local/lib/python3.10/dist-packages/visibility_graph_msg-0.0.1-py3.10.egg-info/SOURCES.txt
[0.833s] -- Installing: /root/ros2_ws/src/install/visibility_graph_msg/local/lib/python3.10/dist-packages/visibility_graph_msg-0.0.1-py3.10.egg-info/top_level.txt
[0.833s] -- Up-to-date: /root/ros2_ws/src/install/visibility_graph_msg/local/lib/python3.10/dist-packages/visibility_graph_msg
[0.833s] -- Up-to-date: /root/ros2_ws/src/install/visibility_graph_msg/local/lib/python3.10/dist-packages/visibility_graph_msg/visibility_graph_msg_s__rosidl_typesupport_c.cpython-310-x86_64-linux-gnu.so
[0.833s] -- Up-to-date: /root/ros2_ws/src/install/visibility_graph_msg/local/lib/python3.10/dist-packages/visibility_graph_msg/libvisibility_graph_msg__rosidl_generator_py.so
[0.833s] -- Up-to-date: /root/ros2_ws/src/install/visibility_graph_msg/local/lib/python3.10/dist-packages/visibility_graph_msg/_visibility_graph_msg_s.ep.rosidl_typesupport_c.c
[0.833s] -- Up-to-date: /root/ros2_ws/src/install/visibility_graph_msg/local/lib/python3.10/dist-packages/visibility_graph_msg/_visibility_graph_msg_s.ep.rosidl_typesupport_introspection_c.c
[0.833s] -- Up-to-date: /root/ros2_ws/src/install/visibility_graph_msg/local/lib/python3.10/dist-packages/visibility_graph_msg/_visibility_graph_msg_s.ep.rosidl_typesupport_fastrtps_c.c
[0.833s] -- Up-to-date: /root/ros2_ws/src/install/visibility_graph_msg/local/lib/python3.10/dist-packages/visibility_graph_msg/visibility_graph_msg_s__rosidl_typesupport_fastrtps_c.cpython-310-x86_64-linux-gnu.so
[0.833s] -- Up-to-date: /root/ros2_ws/src/install/visibility_graph_msg/local/lib/python3.10/dist-packages/visibility_graph_msg/visibility_graph_msg_s__rosidl_typesupport_introspection_c.cpython-310-x86_64-linux-gnu.so
[0.834s] -- Up-to-date: /root/ros2_ws/src/install/visibility_graph_msg/local/lib/python3.10/dist-packages/visibility_graph_msg/__init__.py
[0.834s] -- Up-to-date: /root/ros2_ws/src/install/visibility_graph_msg/local/lib/python3.10/dist-packages/visibility_graph_msg/msg
[0.834s] -- Up-to-date: /root/ros2_ws/src/install/visibility_graph_msg/local/lib/python3.10/dist-packages/visibility_graph_msg/msg/_node.py
[0.834s] -- Up-to-date: /root/ros2_ws/src/install/visibility_graph_msg/local/lib/python3.10/dist-packages/visibility_graph_msg/msg/_graph_s.c
[0.834s] -- Up-to-date: /root/ros2_ws/src/install/visibility_graph_msg/local/lib/python3.10/dist-packages/visibility_graph_msg/msg/_graph.py
[0.834s] -- Up-to-date: /root/ros2_ws/src/install/visibility_graph_msg/local/lib/python3.10/dist-packages/visibility_graph_msg/msg/__init__.py
[0.834s] -- Up-to-date: /root/ros2_ws/src/install/visibility_graph_msg/local/lib/python3.10/dist-packages/visibility_graph_msg/msg/_node_s.c
[0.837s] Listing '/root/ros2_ws/src/install/visibility_graph_msg/local/lib/python3.10/dist-packages/visibility_graph_msg'...
[0.837s] Listing '/root/ros2_ws/src/install/visibility_graph_msg/local/lib/python3.10/dist-packages/visibility_graph_msg/msg'...
[0.840s] -- Up-to-date: /root/ros2_ws/src/install/visibility_graph_msg/local/lib/python3.10/dist-packages/visibility_graph_msg/visibility_graph_msg_s__rosidl_typesupport_fastrtps_c.cpython-310-x86_64-linux-gnu.so
[0.840s] -- Up-to-date: /root/ros2_ws/src/install/visibility_graph_msg/local/lib/python3.10/dist-packages/visibility_graph_msg/visibility_graph_msg_s__rosidl_typesupport_introspection_c.cpython-310-x86_64-linux-gnu.so
[0.840s] -- Up-to-date: /root/ros2_ws/src/install/visibility_graph_msg/local/lib/python3.10/dist-packages/visibility_graph_msg/visibility_graph_msg_s__rosidl_typesupport_c.cpython-310-x86_64-linux-gnu.so
[0.841s] -- Up-to-date: /root/ros2_ws/src/install/visibility_graph_msg/lib/libvisibility_graph_msg__rosidl_generator_py.so
[0.841s] -- Up-to-date: /root/ros2_ws/src/install/visibility_graph_msg/share/visibility_graph_msg/msg/Node.idl
[0.841s] -- Up-to-date: /root/ros2_ws/src/install/visibility_graph_msg/share/visibility_graph_msg/msg/Graph.idl
[0.846s] -- Up-to-date: /root/ros2_ws/src/install/visibility_graph_msg/share/visibility_graph_msg/msg/Node.msg
[0.846s] -- Up-to-date: /root/ros2_ws/src/install/visibility_graph_msg/share/visibility_graph_msg/msg/Graph.msg
[0.846s] -- Up-to-date: /root/ros2_ws/src/install/visibility_graph_msg/share/ament_index/resource_index/package_run_dependencies/visibility_graph_msg
[0.846s] -- Up-to-date: /root/ros2_ws/src/install/visibility_graph_msg/share/ament_index/resource_index/parent_prefix_path/visibility_graph_msg
[0.847s] -- Up-to-date: /root/ros2_ws/src/install/visibility_graph_msg/share/visibility_graph_msg/environment/ament_prefix_path.sh
[0.847s] -- Up-to-date: /root/ros2_ws/src/install/visibility_graph_msg/share/visibility_graph_msg/environment/ament_prefix_path.dsv
[0.847s] -- Up-to-date: /root/ros2_ws/src/install/visibility_graph_msg/share/visibility_graph_msg/environment/path.sh
[0.847s] -- Up-to-date: /root/ros2_ws/src/install/visibility_graph_msg/share/visibility_graph_msg/environment/path.dsv
[0.847s] -- Up-to-date: /root/ros2_ws/src/install/visibility_graph_msg/share/visibility_graph_msg/local_setup.bash
[0.847s] -- Up-to-date: /root/ros2_ws/src/install/visibility_graph_msg/share/visibility_graph_msg/local_setup.sh
[0.848s] -- Up-to-date: /root/ros2_ws/src/install/visibility_graph_msg/share/visibility_graph_msg/local_setup.zsh
[0.848s] -- Up-to-date: /root/ros2_ws/src/install/visibility_graph_msg/share/visibility_graph_msg/local_setup.dsv
[0.848s] -- Installing: /root/ros2_ws/src/install/visibility_graph_msg/share/visibility_graph_msg/package.dsv
[0.848s] -- Up-to-date: /root/ros2_ws/src/install/visibility_graph_msg/share/ament_index/resource_index/packages/visibility_graph_msg
[0.848s] -- Up-to-date: /root/ros2_ws/src/install/visibility_graph_msg/share/visibility_graph_msg/cmake/export_visibility_graph_msg__rosidl_generator_cExport.cmake
[0.848s] -- Up-to-date: /root/ros2_ws/src/install/visibility_graph_msg/share/visibility_graph_msg/cmake/export_visibility_graph_msg__rosidl_generator_cExport-noconfig.cmake
[0.848s] -- Up-to-date: /root/ros2_ws/src/install/visibility_graph_msg/share/visibility_graph_msg/cmake/export_visibility_graph_msg__rosidl_typesupport_fastrtps_cExport.cmake
[0.848s] -- Up-to-date: /root/ros2_ws/src/install/visibility_graph_msg/share/visibility_graph_msg/cmake/export_visibility_graph_msg__rosidl_typesupport_fastrtps_cExport-noconfig.cmake
[0.848s] -- Up-to-date: /root/ros2_ws/src/install/visibility_graph_msg/share/visibility_graph_msg/cmake/export_visibility_graph_msg__rosidl_generator_cppExport.cmake
[0.850s] -- Up-to-date: /root/ros2_ws/src/install/visibility_graph_msg/share/visibility_graph_msg/cmake/export_visibility_graph_msg__rosidl_typesupport_fastrtps_cppExport.cmake
[0.850s] -- Up-to-date: /root/ros2_ws/src/install/visibility_graph_msg/share/visibility_graph_msg/cmake/export_visibility_graph_msg__rosidl_typesupport_fastrtps_cppExport-noconfig.cmake
[0.850s] -- Up-to-date: /root/ros2_ws/src/install/visibility_graph_msg/share/visibility_graph_msg/cmake/visibility_graph_msg__rosidl_typesupport_introspection_cExport.cmake
[0.850s] -- Up-to-date: /root/ros2_ws/src/install/visibility_graph_msg/share/visibility_graph_msg/cmake/visibility_graph_msg__rosidl_typesupport_introspection_cExport-noconfig.cmake
[0.850s] -- Up-to-date: /root/ros2_ws/src/install/visibility_graph_msg/share/visibility_graph_msg/cmake/visibility_graph_msg__rosidl_typesupport_cExport.cmake
[0.850s] -- Up-to-date: /root/ros2_ws/src/install/visibility_graph_msg/share/visibility_graph_msg/cmake/visibility_graph_msg__rosidl_typesupport_cExport-noconfig.cmake
[0.850s] -- Up-to-date: /root/ros2_ws/src/install/visibility_graph_msg/share/visibility_graph_msg/cmake/visibility_graph_msg__rosidl_typesupport_introspection_cppExport.cmake
[0.850s] -- Up-to-date: /root/ros2_ws/src/install/visibility_graph_msg/share/visibility_graph_msg/cmake/visibility_graph_msg__rosidl_typesupport_introspection_cppExport-noconfig.cmake
[0.851s] -- Up-to-date: /root/ros2_ws/src/install/visibility_graph_msg/share/visibility_graph_msg/cmake/visibility_graph_msg__rosidl_typesupport_cppExport.cmake
[0.852s] -- Up-to-date: /root/ros2_ws/src/install/visibility_graph_msg/share/visibility_graph_msg/cmake/visibility_graph_msg__rosidl_typesupport_cppExport-noconfig.cmake
[0.852s] -- Up-to-date: /root/ros2_ws/src/install/visibility_graph_msg/share/visibility_graph_msg/cmake/export_visibility_graph_msg__rosidl_generator_pyExport.cmake
[0.852s] -- Up-to-date: /root/ros2_ws/src/install/visibility_graph_msg/share/visibility_graph_msg/cmake/export_visibility_graph_msg__rosidl_generator_pyExport-noconfig.cmake
[0.852s] -- Up-to-date: /root/ros2_ws/src/install/visibility_graph_msg/share/visibility_graph_msg/cmake/rosidl_cmake-extras.cmake
[0.852s] -- Up-to-date: /root/ros2_ws/src/install/visibility_graph_msg/share/visibility_graph_msg/cmake/ament_cmake_export_dependencies-extras.cmake
[0.852s] -- Up-to-date: /root/ros2_ws/src/install/visibility_graph_msg/share/visibility_graph_msg/cmake/ament_cmake_export_include_directories-extras.cmake
[0.852s] -- Up-to-date: /root/ros2_ws/src/install/visibility_graph_msg/share/visibility_graph_msg/cmake/ament_cmake_export_libraries-extras.cmake
[0.853s] -- Up-to-date: /root/ros2_ws/src/install/visibility_graph_msg/share/visibility_graph_msg/cmake/ament_cmake_export_targets-extras.cmake
[0.853s] -- Up-to-date: /root/ros2_ws/src/install/visibility_graph_msg/share/visibility_graph_msg/cmake/rosidl_cmake_export_typesupport_targets-extras.cmake
[0.853s] -- Up-to-date: /root/ros2_ws/src/install/visibility_graph_msg/share/visibility_graph_msg/cmake/rosidl_cmake_export_typesupport_libraries-extras.cmake
[0.853s] -- Up-to-date: /root/ros2_ws/src/install/visibility_graph_msg/share/visibility_graph_msg/cmake/visibility_graph_msgConfig.cmake
[0.853s] -- Up-to-date: /root/ros2_ws/src/install/visibility_graph_msg/share/visibility_graph_msg/cmake/visibility_graph_msgConfig-version.cmake
[0.853s] -- Up-to-date: /root/ros2_ws/src/install/visibility_graph_msg/share/visibility_graph_msg/package.xml
[0.943s] Invoked command in '/root/ros2_ws/src/build/visibility_graph_msg' returned '0': CMAKE_PREFIX_PATH=/opt/ros/humble /usr/bin/cmake --install /root/ros2_ws/src/build/visibility_graph_msg
