[0.428s] Invoking command in '/root/ros2_ws/src/build/terrain_analysis': CMAKE_PREFIX_PATH=/opt/ros/humble /usr/bin/cmake /root/ros2_ws/src/base_autonomy/terrain_analysis -DROS_EDITION=ROS2 -DHUMBLE_ROS=humble -DCMAKE_INSTALL_PREFIX=/root/ros2_ws/src/install/terrain_analysis
[0.489s] -- The C compiler identification is GNU 11.4.0
[0.562s] -- The CXX compiler identification is GNU 11.4.0
[0.574s] -- Detecting C compiler ABI info
[0.655s] -- Detecting C compiler ABI info - done
[0.666s] -- Check for working C compiler: /usr/bin/cc - skipped
[0.666s] -- Detecting C compile features
[0.667s] -- Detecting C compile features - done
[0.672s] -- Detecting CXX compiler ABI info
[0.772s] -- Detecting CXX compiler ABI info - done
[0.781s] -- Check for working CXX compiler: /usr/bin/c++ - skipped
[0.781s] -- Detecting CXX compile features
[0.782s] -- Detecting CXX compile features - done
[0.789s] -- Found ament_cmake: 1.3.12 (/opt/ros/humble/share/ament_cmake/cmake)
[1.058s] -- Found Python3: /usr/bin/python3 (found version "3.10.12") found components: Interpreter 
[1.258s] -- Found rclcpp: 16.0.17 (/opt/ros/humble/share/rclcpp/cmake)
[1.367s] -- Found rosidl_generator_c: 3.1.8 (/opt/ros/humble/share/rosidl_generator_c/cmake)
[1.401s] -- Found rosidl_adapter: 3.1.8 (/opt/ros/humble/share/rosidl_adapter/cmake)
[1.425s] -- Found rosidl_generator_cpp: 3.1.8 (/opt/ros/humble/share/rosidl_generator_cpp/cmake)
[1.446s] -- Using all available rosidl_typesupport_c: rosidl_typesupport_fastrtps_c;rosidl_typesupport_introspection_c
[1.479s] -- Using all available rosidl_typesupport_cpp: rosidl_typesupport_fastrtps_cpp;rosidl_typesupport_introspection_cpp
[1.556s] -- Found rmw_implementation_cmake: 6.1.2 (/opt/ros/humble/share/rmw_implementation_cmake/cmake)
[1.562s] -- Found rmw_fastrtps_cpp: 6.2.9 (/opt/ros/humble/share/rmw_fastrtps_cpp/cmake)
[1.686s] -- Found OpenSSL: /usr/lib/x86_64-linux-gnu/libcrypto.so (found version "3.0.2")  
[1.734s] -- Found FastRTPS: /opt/ros/humble/include  
[1.809s] -- Using RMW implementation 'rmw_fastrtps_cpp' as default
[1.822s] -- Looking for pthread.h
[1.910s] -- Looking for pthread.h - found
[1.913s] -- Performing Test CMAKE_HAVE_LIBC_PTHREAD
[2.054s] -- Performing Test CMAKE_HAVE_LIBC_PTHREAD - Success
[2.056s] -- Found Threads: TRUE  
[2.161s] -- Found nav_msgs: 4.9.0 (/opt/ros/humble/share/nav_msgs/cmake)
[2.309s] -- Found sensor_msgs: 4.9.0 (/opt/ros/humble/share/sensor_msgs/cmake)
[2.360s] -- Found tf2_ros: 0.25.18 (/opt/ros/humble/share/tf2_ros/cmake)
[2.688s] -- Found tf2_geometry_msgs: 0.25.18 (/opt/ros/humble/share/tf2_geometry_msgs/cmake)
[2.762s] -- Found eigen3_cmake_module: 0.1.1 (/opt/ros/humble/share/eigen3_cmake_module/cmake)
[2.765s] -- Found Eigen3: TRUE (found version "3.4.0") 
[2.766s] -- Ensuring Eigen3 include directory is part of orocos-kdl CMake target
[2.787s] -- Found pcl_conversions: 2.4.5 (/opt/ros/humble/share/pcl_conversions/cmake)
[2.939s] -- Checking for module 'eigen3'
[2.967s] --   Found eigen3, version 3.4.0
[3.054s] -- Found Eigen: /usr/include/eigen3 (Required is at least version "3.1") 
[3.058s] -- Eigen found (include: /usr/include/eigen3, version: 3.4.0)
[3.282s] -- Checking for module 'flann'
[3.324s] --   Found flann, version 1.9.1
[3.391s] -- Found FLANN: /usr/lib/x86_64-linux-gnu/libflann_cpp.so  
[3.391s] -- FLANN found (include: /usr/include, lib: /usr/lib/x86_64-linux-gnu/libflann_cpp.so)
[7.729s] -- Checking for module 'libusb-1.0'
[7.785s] --   Found libusb-1.0, version 1.0.25
[7.920s] -- Found libusb: /usr/lib/x86_64-linux-gnu/libusb-1.0.so  
[7.927s] -- OpenNI found (version: 1.5.4.0, include: /usr/include/ni, lib: /usr/lib/libOpenNI.so;libusb::libusb)
[8.120s] -- OpenNI2 found (version: 2.2.0.33, include: /usr/include/openni2, lib: /usr/lib/x86_64-linux-gnu/libOpenNI2.so;libusb::libusb)
[8.864s] -- Eigen found (include: /usr/include/eigen3, version: 3.4.0)
[8.887s] -- OpenNI found (version: 1.5.4.0, include: /usr/include/ni, lib: /usr/lib/libOpenNI.so;libusb::libusb)
[8.912s] -- OpenNI2 found (version: 2.2.0.33, include: /usr/include/openni2, lib: /usr/lib/x86_64-linux-gnu/libOpenNI2.so;libusb::libusb)
[9.508s] -- Found Qhull version 8.0.2
[10.172s] -- OpenNI found (version: 1.5.4.0, include: /usr/include/ni, lib: /usr/lib/libOpenNI.so;libusb::libusb)
[10.793s] -- Found PCL_COMMON: /usr/lib/x86_64-linux-gnu/libpcl_common.so  
[10.796s] -- Found PCL_KDTREE: /usr/lib/x86_64-linux-gnu/libpcl_kdtree.so  
[10.802s] -- Found PCL_OCTREE: /usr/lib/x86_64-linux-gnu/libpcl_octree.so  
[10.804s] -- Found PCL_SEARCH: /usr/lib/x86_64-linux-gnu/libpcl_search.so  
[10.810s] -- Found PCL_SAMPLE_CONSENSUS: /usr/lib/x86_64-linux-gnu/libpcl_sample_consensus.so  
[10.818s] -- Found PCL_FILTERS: /usr/lib/x86_64-linux-gnu/libpcl_filters.so  
[10.818s] -- Found PCL_2D: /usr/include/pcl-1.12  
[10.819s] -- Found PCL_GEOMETRY: /usr/include/pcl-1.12  
[10.825s] -- Found PCL_IO: /usr/lib/x86_64-linux-gnu/libpcl_io.so  
[10.826s] -- Found PCL_FEATURES: /usr/lib/x86_64-linux-gnu/libpcl_features.so  
[10.831s] -- Found PCL_ML: /usr/lib/x86_64-linux-gnu/libpcl_ml.so  
[10.837s] -- Found PCL_SEGMENTATION: /usr/lib/x86_64-linux-gnu/libpcl_segmentation.so  
[10.841s] -- Found PCL_VISUALIZATION: /usr/lib/x86_64-linux-gnu/libpcl_visualization.so  
[10.846s] -- Found PCL_SURFACE: /usr/lib/x86_64-linux-gnu/libpcl_surface.so  
[10.851s] -- Found PCL_REGISTRATION: /usr/lib/x86_64-linux-gnu/libpcl_registration.so  
[10.857s] -- Found PCL_KEYPOINTS: /usr/lib/x86_64-linux-gnu/libpcl_keypoints.so  
[10.862s] -- Found PCL_TRACKING: /usr/lib/x86_64-linux-gnu/libpcl_tracking.so  
[10.866s] -- Found PCL_RECOGNITION: /usr/lib/x86_64-linux-gnu/libpcl_recognition.so  
[10.873s] -- Found PCL_STEREO: /usr/lib/x86_64-linux-gnu/libpcl_stereo.so  
[10.875s] -- Found PCL_APPS: /usr/lib/x86_64-linux-gnu/libpcl_apps.so  
[10.881s] -- Found PCL_IN_HAND_SCANNER: /usr/include/pcl-1.12  
[10.882s] -- Found PCL_MODELER: /usr/include/pcl-1.12  
[10.883s] -- Found PCL_POINT_CLOUD_EDITOR: /usr/include/pcl-1.12  
[10.890s] -- Found PCL_OUTOFCORE: /usr/lib/x86_64-linux-gnu/libpcl_outofcore.so  
[10.893s] -- Found PCL_PEOPLE: /usr/lib/x86_64-linux-gnu/libpcl_people.so  
[10.911s] -- Found pcl_ros: 2.4.5 (/opt/ros/humble/share/pcl_ros/cmake)
[11.049s] -- Found ament_lint_auto: 0.12.14 (/opt/ros/humble/share/ament_lint_auto/cmake)
[11.593s] -- Added test 'copyright' to check source files copyright and LICENSE
[11.598s] -- Added test 'cppcheck' to perform static code analysis on C / C++ code
[11.599s] -- Configured cppcheck include dirs: 
[11.599s] -- Configured cppcheck exclude dirs and/or files: 
[11.609s] -- Added test 'cpplint' to check C / C++ code against the Google style
[11.609s] -- Configured cpplint exclude dirs and/or files: 
[11.616s] -- Added test 'lint_cmake' to check CMake code style
[11.617s] -- Added test 'uncrustify' to check C / C++ code style
[11.617s] -- Configured uncrustify additional arguments: 
[11.617s] -- Added test 'xmllint' to check XML markup files
[11.618s] -- Configuring done
[11.927s] -- Generating done
[11.938s] [33mCMake Warning:
[11.939s]   Manually-specified variables were not used by the project:
[11.939s] 
[11.939s]     HUMBLE_ROS
[11.939s]     ROS_EDITION
[11.939s] 
[11.939s] [0m
[12.025s] -- Build files have been written to: /root/ros2_ws/src/build/terrain_analysis
[12.110s] Invoked command in '/root/ros2_ws/src/build/terrain_analysis' returned '0': CMAKE_PREFIX_PATH=/opt/ros/humble /usr/bin/cmake /root/ros2_ws/src/base_autonomy/terrain_analysis -DROS_EDITION=ROS2 -DHUMBLE_ROS=humble -DCMAKE_INSTALL_PREFIX=/root/ros2_ws/src/install/terrain_analysis
[12.117s] Invoking command in '/root/ros2_ws/src/build/terrain_analysis': CMAKE_PREFIX_PATH=/opt/ros/humble /usr/bin/cmake --build /root/ros2_ws/src/build/terrain_analysis -- -j24 -l24
[18.922s] [ 50%] [32mBuilding CXX object CMakeFiles/terrainAnalysis.dir/src/terrainAnalysis.cpp.o[0m
[18.922s] In file included from [01m[K/root/ros2_ws/src/base_autonomy/terrain_analysis/src/terrainAnalysis.cpp:18[m[K:
[18.922s] [01m[K/opt/ros/humble/include/tf2_geometry_msgs/tf2_geometry_msgs/tf2_geometry_msgs.h:35:2:[m[K [01;35m[Kwarning: [m[K#warning This header is obsolete, please include tf2_geometry_msgs/tf2_geometry_msgs.hpp instead [[01;35m[K-Wcpp[m[K]
[18.922s]    35 | #[01;35m[Kwarning[m[K This header is obsolete, please include tf2_geometry_msgs/tf2_geometry_msgs.hpp instead
[18.923s]       |  [01;35m[K^~~~~~~[m[K
[22.179s] [01m[K/root/ros2_ws/src/base_autonomy/terrain_analysis/src/terrainAnalysis.cpp:[m[K In function ‘[01m[Kint main(int, char**)[m[K’:
[22.179s] [01m[K/root/ros2_ws/src/base_autonomy/terrain_analysis/src/terrainAnalysis.cpp:500:43:[m[K [01;35m[Kwarning: [m[Ksuggest parentheses around ‘[01m[K&&[m[K’ within ‘[01m[K||[m[K’ [[01;35m[K-Wparentheses[m[K]
[22.179s]   500 |                 if ([01;35m[Kangle4 > minDyObsVFOV && angle4 < maxDyObsVFOV[m[K || fabs(pointZ4) < absDyObsRelZThre) {
[22.179s]       |                     [01;35m[K~~~~~~~~~~~~~~~~~~~~~~^~~~~~~~~~~~~~~~~~~~~~~~[m[K
[49.037s] [100%] [32m[1mLinking CXX executable terrainAnalysis[0m
[51.444s] [100%] Built target terrainAnalysis
[51.461s] Invoked command in '/root/ros2_ws/src/build/terrain_analysis' returned '0': CMAKE_PREFIX_PATH=/opt/ros/humble /usr/bin/cmake --build /root/ros2_ws/src/build/terrain_analysis -- -j24 -l24
[51.464s] Invoking command in '/root/ros2_ws/src/build/terrain_analysis': CMAKE_PREFIX_PATH=/opt/ros/humble /usr/bin/cmake --install /root/ros2_ws/src/build/terrain_analysis
[51.477s] -- Install configuration: ""
[51.477s] -- Installing: /root/ros2_ws/src/install/terrain_analysis/lib/terrain_analysis/terrainAnalysis
[51.488s] -- Set runtime path of "/root/ros2_ws/src/install/terrain_analysis/lib/terrain_analysis/terrainAnalysis" to ""
[51.488s] -- Installing: /root/ros2_ws/src/install/terrain_analysis/share/terrain_analysis/launch
[51.488s] -- Installing: /root/ros2_ws/src/install/terrain_analysis/share/terrain_analysis/launch/terrain_analysis.launch
[51.488s] -- Installing: /root/ros2_ws/src/install/terrain_analysis/share/ament_index/resource_index/package_run_dependencies/terrain_analysis
[51.489s] -- Installing: /root/ros2_ws/src/install/terrain_analysis/share/ament_index/resource_index/parent_prefix_path/terrain_analysis
[51.489s] -- Installing: /root/ros2_ws/src/install/terrain_analysis/share/terrain_analysis/environment/ament_prefix_path.sh
[51.489s] -- Installing: /root/ros2_ws/src/install/terrain_analysis/share/terrain_analysis/environment/ament_prefix_path.dsv
[51.490s] -- Installing: /root/ros2_ws/src/install/terrain_analysis/share/terrain_analysis/environment/path.sh
[51.490s] -- Installing: /root/ros2_ws/src/install/terrain_analysis/share/terrain_analysis/environment/path.dsv
[51.490s] -- Installing: /root/ros2_ws/src/install/terrain_analysis/share/terrain_analysis/local_setup.bash
[51.490s] -- Installing: /root/ros2_ws/src/install/terrain_analysis/share/terrain_analysis/local_setup.sh
[51.490s] -- Installing: /root/ros2_ws/src/install/terrain_analysis/share/terrain_analysis/local_setup.zsh
[51.491s] -- Installing: /root/ros2_ws/src/install/terrain_analysis/share/terrain_analysis/local_setup.dsv
[51.491s] -- Installing: /root/ros2_ws/src/install/terrain_analysis/share/terrain_analysis/package.dsv
[51.491s] -- Installing: /root/ros2_ws/src/install/terrain_analysis/share/ament_index/resource_index/packages/terrain_analysis
[51.492s] -- Installing: /root/ros2_ws/src/install/terrain_analysis/share/terrain_analysis/cmake/terrain_analysisConfig.cmake
[51.492s] -- Installing: /root/ros2_ws/src/install/terrain_analysis/share/terrain_analysis/cmake/terrain_analysisConfig-version.cmake
[51.492s] -- Installing: /root/ros2_ws/src/install/terrain_analysis/share/terrain_analysis/package.xml
[51.496s] Invoked command in '/root/ros2_ws/src/build/terrain_analysis' returned '0': CMAKE_PREFIX_PATH=/opt/ros/humble /usr/bin/cmake --install /root/ros2_ws/src/build/terrain_analysis
