-- Found ament_cmake: 1.3.12 (/opt/ros/humble/share/ament_cmake/cmake)
-- Found rclcpp: 16.0.17 (/opt/ros/humble/share/rclcpp/cmake)
-- Found rosidl_generator_c: 3.1.8 (/opt/ros/humble/share/rosidl_generator_c/cmake)
-- Found rosidl_adapter: 3.1.8 (/opt/ros/humble/share/rosidl_adapter/cmake)
-- Found rosidl_generator_cpp: 3.1.8 (/opt/ros/humble/share/rosidl_generator_cpp/cmake)
-- Using all available rosidl_typesupport_c: rosidl_typesupport_fastrtps_c;rosidl_typesupport_introspection_c
-- Using all available rosidl_typesupport_cpp: rosidl_typesupport_fastrtps_cpp;rosidl_typesupport_introspection_cpp
-- Found rmw_implementation_cmake: 6.1.2 (/opt/ros/humble/share/rmw_implementation_cmake/cmake)
-- Found rmw_fastrtps_cpp: 6.2.9 (/opt/ros/humble/share/rmw_fastrtps_cpp/cmake)
-- Using RMW implementation 'rmw_fastrtps_cpp' as default
-- Found std_srvs: 4.9.0 (/opt/ros/humble/share/std_srvs/cmake)
-- Found visibility_graph_msg: 0.0.1 (/root/ros2_ws/src/install/visibility_graph_msg/share/visibility_graph_msg/cmake)
-- Found pcl_conversions: 2.4.5 (/opt/ros/humble/share/pcl_conversions/cmake)
-- Eigen found (include: /usr/include/eigen3, version: 3.4.0)
-- FLANN found (include: /usr/include, lib: /usr/lib/x86_64-linux-gnu/libflann_cpp.so)
-- OpenNI found (version: 1.5.4.0, include: /usr/include/ni, lib: /usr/lib/libOpenNI.so;libusb::libusb)
-- OpenNI2 found (version: 2.2.0.33, include: /usr/include/openni2, lib: /usr/lib/x86_64-linux-gnu/libOpenNI2.so;libusb::libusb)
-- Eigen found (include: /usr/include/eigen3, version: 3.4.0)
-- OpenNI found (version: 1.5.4.0, include: /usr/include/ni, lib: /usr/lib/libOpenNI.so;libusb::libusb)
-- OpenNI2 found (version: 2.2.0.33, include: /usr/include/openni2, lib: /usr/lib/x86_64-linux-gnu/libOpenNI2.so;libusb::libusb)
-- Found Qhull version 8.0.2
-- OpenNI found (version: 1.5.4.0, include: /usr/include/ni, lib: /usr/lib/libOpenNI.so;libusb::libusb)
[33mCMake Warning (dev) at CMakeLists.txt:19 (find_package):
  Policy CMP0074 is not set: find_package uses <PackageName>_ROOT variables.
  Run "cmake --help-policy CMP0074" for policy details.  Use the cmake_policy
  command to set the policy and suppress this warning.

  CMake variable PCL_ROOT is set to:

    /usr

  For compatibility, CMake is ignoring the variable.
This warning is for project developers.  Use -Wno-dev to suppress it.
[0m
-- Found visualization_msgs: 4.9.0 (/opt/ros/humble/share/visualization_msgs/cmake)
-- Configuring done
-- Generating done
-- Build files have been written to: /root/ros2_ws/src/build/graph_decoder
[35m[1mConsolidate compiler generated dependencies of target graph_decoder[0m
[100%] Built target graph_decoder
-- Install configuration: "Release"
-- Up-to-date: /root/ros2_ws/src/install/graph_decoder/lib/graph_decoder/graph_decoder
-- Up-to-date: /root/ros2_ws/src/install/graph_decoder/share/graph_decoder/launch
-- Up-to-date: /root/ros2_ws/src/install/graph_decoder/share/graph_decoder/launch/decoder.launch
-- Up-to-date: /root/ros2_ws/src/install/graph_decoder/share/graph_decoder/config
-- Up-to-date: /root/ros2_ws/src/install/graph_decoder/share/graph_decoder/config/default.yaml
-- Up-to-date: /root/ros2_ws/src/install/graph_decoder/share/ament_index/resource_index/package_run_dependencies/graph_decoder
-- Installing: /root/ros2_ws/src/install/graph_decoder/share/ament_index/resource_index/parent_prefix_path/graph_decoder
-- Up-to-date: /root/ros2_ws/src/install/graph_decoder/share/graph_decoder/environment/ament_prefix_path.sh
-- Installing: /root/ros2_ws/src/install/graph_decoder/share/graph_decoder/environment/ament_prefix_path.dsv
-- Up-to-date: /root/ros2_ws/src/install/graph_decoder/share/graph_decoder/environment/path.sh
-- Installing: /root/ros2_ws/src/install/graph_decoder/share/graph_decoder/environment/path.dsv
-- Up-to-date: /root/ros2_ws/src/install/graph_decoder/share/graph_decoder/local_setup.bash
-- Up-to-date: /root/ros2_ws/src/install/graph_decoder/share/graph_decoder/local_setup.sh
-- Up-to-date: /root/ros2_ws/src/install/graph_decoder/share/graph_decoder/local_setup.zsh
-- Installing: /root/ros2_ws/src/install/graph_decoder/share/graph_decoder/local_setup.dsv
-- Installing: /root/ros2_ws/src/install/graph_decoder/share/graph_decoder/package.dsv
-- Up-to-date: /root/ros2_ws/src/install/graph_decoder/share/ament_index/resource_index/packages/graph_decoder
-- Up-to-date: /root/ros2_ws/src/install/graph_decoder/share/graph_decoder/cmake/graph_decoderConfig.cmake
-- Up-to-date: /root/ros2_ws/src/install/graph_decoder/share/graph_decoder/cmake/graph_decoderConfig-version.cmake
-- Up-to-date: /root/ros2_ws/src/install/graph_decoder/share/graph_decoder/package.xml
