[0.030s] Invoking command in '/root/ros2_ws/src/build/graph_decoder': CMAKE_PREFIX_PATH=/root/ros2_ws/src/install/visibility_graph_msg:/root/ros2_ws/src/install/waypoint_rviz_plugin:/root/ros2_ws/src/install/waypoint_example:/root/ros2_ws/src/install/visualization_tools:/root/ros2_ws/src/install/graph_decoder:/root/ros2_ws/src/install/far_planner:/root/ros2_ws/src/install/boundary_handler:/root/ros2_ws/src/install/vehicle_simulator:/root/ros2_ws/src/install/local_planner:/root/ros2_ws/src/install/calibrate_imu:/root/ros2_ws/src/install/go2_sport_api:/root/ros2_ws/src/install/unitree_go:/root/ros2_ws/src/install/unitree_api:/root/ros2_ws/src/install/point_lio_unilidar:/root/ros2_ws/src/install/terrain_analysis_ext:/root/ros2_ws/src/install/terrain_analysis:/root/ros2_ws/src/install/teleop_rviz_plugin_plus:/root/ros2_ws/src/install/teleop_rviz_plugin:/root/ros2_ws/src/install/super_odometry:/root/ros2_ws/src/install/super_odometry_msgs:/root/ros2_ws/src/install/sensor_scan_generation:/root/ros2_ws/src/install/rviz_2d_overlay_plugins:/root/ros2_ws/src/install/rviz_2d_overlay_msgs:/root/ros2_ws/src/install/livox_ros_driver2:/root/ros2_ws/src/install/goalpoint_rviz_plugin:/root/ros2_ws/src/install/go2_h264_repub:/root/ros2_ws/src/install/transform_sensors:/root/ros2_ws/src/install/ros_tcp_endpoint:/opt/ros/humble /usr/bin/cmake /root/ros2_ws/src/route_planner/graph_decoder -DCMAKE_INSTALL_PREFIX=/root/ros2_ws/src/install/graph_decoder
[0.081s] -- Found ament_cmake: 1.3.12 (/opt/ros/humble/share/ament_cmake/cmake)
[0.258s] -- Found rclcpp: 16.0.17 (/opt/ros/humble/share/rclcpp/cmake)
[0.302s] -- Found rosidl_generator_c: 3.1.8 (/opt/ros/humble/share/rosidl_generator_c/cmake)
[0.302s] -- Found rosidl_adapter: 3.1.8 (/opt/ros/humble/share/rosidl_adapter/cmake)
[0.309s] -- Found rosidl_generator_cpp: 3.1.8 (/opt/ros/humble/share/rosidl_generator_cpp/cmake)
[0.320s] -- Using all available rosidl_typesupport_c: rosidl_typesupport_fastrtps_c;rosidl_typesupport_introspection_c
[0.335s] -- Using all available rosidl_typesupport_cpp: rosidl_typesupport_fastrtps_cpp;rosidl_typesupport_introspection_cpp
[0.365s] -- Found rmw_implementation_cmake: 6.1.2 (/opt/ros/humble/share/rmw_implementation_cmake/cmake)
[0.368s] -- Found rmw_fastrtps_cpp: 6.2.9 (/opt/ros/humble/share/rmw_fastrtps_cpp/cmake)
[0.562s] -- Using RMW implementation 'rmw_fastrtps_cpp' as default
[0.617s] -- Found std_srvs: 4.9.0 (/opt/ros/humble/share/std_srvs/cmake)
[0.623s] -- Found visibility_graph_msg: 0.0.1 (/root/ros2_ws/src/install/visibility_graph_msg/share/visibility_graph_msg/cmake)
[0.655s] -- Found pcl_conversions: 2.4.5 (/opt/ros/humble/share/pcl_conversions/cmake)
[0.705s] -- Eigen found (include: /usr/include/eigen3, version: 3.4.0)
[0.739s] -- FLANN found (include: /usr/include, lib: /usr/lib/x86_64-linux-gnu/libflann_cpp.so)
[1.041s] -- OpenNI found (version: 1.5.4.0, include: /usr/include/ni, lib: /usr/lib/libOpenNI.so;libusb::libusb)
[1.054s] -- OpenNI2 found (version: 2.2.0.33, include: /usr/include/openni2, lib: /usr/lib/x86_64-linux-gnu/libOpenNI2.so;libusb::libusb)
[1.217s] -- Eigen found (include: /usr/include/eigen3, version: 3.4.0)
[1.224s] -- OpenNI found (version: 1.5.4.0, include: /usr/include/ni, lib: /usr/lib/libOpenNI.so;libusb::libusb)
[1.232s] -- OpenNI2 found (version: 2.2.0.33, include: /usr/include/openni2, lib: /usr/lib/x86_64-linux-gnu/libOpenNI2.so;libusb::libusb)
[1.370s] -- Found Qhull version 8.0.2
[1.495s] -- OpenNI found (version: 1.5.4.0, include: /usr/include/ni, lib: /usr/lib/libOpenNI.so;libusb::libusb)
[1.629s] [33mCMake Warning (dev) at CMakeLists.txt:19 (find_package):
[1.629s]   Policy CMP0074 is not set: find_package uses <PackageName>_ROOT variables.
[1.629s]   Run "cmake --help-policy CMP0074" for policy details.  Use the cmake_policy
[1.629s]   command to set the policy and suppress this warning.
[1.629s] 
[1.629s]   CMake variable PCL_ROOT is set to:
[1.629s] 
[1.629s]     /usr
[1.629s] 
[1.629s]   For compatibility, CMake is ignoring the variable.
[1.629s] This warning is for project developers.  Use -Wno-dev to suppress it.
[1.629s] [0m
[1.635s] -- Found visualization_msgs: 4.9.0 (/opt/ros/humble/share/visualization_msgs/cmake)
[1.722s] -- Configuring done
[1.748s] -- Generating done
[1.754s] -- Build files have been written to: /root/ros2_ws/src/build/graph_decoder
[1.770s] Invoked command in '/root/ros2_ws/src/build/graph_decoder' returned '0': CMAKE_PREFIX_PATH=/root/ros2_ws/src/install/visibility_graph_msg:/root/ros2_ws/src/install/waypoint_rviz_plugin:/root/ros2_ws/src/install/waypoint_example:/root/ros2_ws/src/install/visualization_tools:/root/ros2_ws/src/install/graph_decoder:/root/ros2_ws/src/install/far_planner:/root/ros2_ws/src/install/boundary_handler:/root/ros2_ws/src/install/vehicle_simulator:/root/ros2_ws/src/install/local_planner:/root/ros2_ws/src/install/calibrate_imu:/root/ros2_ws/src/install/go2_sport_api:/root/ros2_ws/src/install/unitree_go:/root/ros2_ws/src/install/unitree_api:/root/ros2_ws/src/install/point_lio_unilidar:/root/ros2_ws/src/install/terrain_analysis_ext:/root/ros2_ws/src/install/terrain_analysis:/root/ros2_ws/src/install/teleop_rviz_plugin_plus:/root/ros2_ws/src/install/teleop_rviz_plugin:/root/ros2_ws/src/install/super_odometry:/root/ros2_ws/src/install/super_odometry_msgs:/root/ros2_ws/src/install/sensor_scan_generation:/root/ros2_ws/src/install/rviz_2d_overlay_plugins:/root/ros2_ws/src/install/rviz_2d_overlay_msgs:/root/ros2_ws/src/install/livox_ros_driver2:/root/ros2_ws/src/install/goalpoint_rviz_plugin:/root/ros2_ws/src/install/go2_h264_repub:/root/ros2_ws/src/install/transform_sensors:/root/ros2_ws/src/install/ros_tcp_endpoint:/opt/ros/humble /usr/bin/cmake /root/ros2_ws/src/route_planner/graph_decoder -DCMAKE_INSTALL_PREFIX=/root/ros2_ws/src/install/graph_decoder
[1.772s] Invoking command in '/root/ros2_ws/src/build/graph_decoder': CMAKE_PREFIX_PATH=/root/ros2_ws/src/install/visibility_graph_msg:/root/ros2_ws/src/install/waypoint_rviz_plugin:/root/ros2_ws/src/install/waypoint_example:/root/ros2_ws/src/install/visualization_tools:/root/ros2_ws/src/install/graph_decoder:/root/ros2_ws/src/install/far_planner:/root/ros2_ws/src/install/boundary_handler:/root/ros2_ws/src/install/vehicle_simulator:/root/ros2_ws/src/install/local_planner:/root/ros2_ws/src/install/calibrate_imu:/root/ros2_ws/src/install/go2_sport_api:/root/ros2_ws/src/install/unitree_go:/root/ros2_ws/src/install/unitree_api:/root/ros2_ws/src/install/point_lio_unilidar:/root/ros2_ws/src/install/terrain_analysis_ext:/root/ros2_ws/src/install/terrain_analysis:/root/ros2_ws/src/install/teleop_rviz_plugin_plus:/root/ros2_ws/src/install/teleop_rviz_plugin:/root/ros2_ws/src/install/super_odometry:/root/ros2_ws/src/install/super_odometry_msgs:/root/ros2_ws/src/install/sensor_scan_generation:/root/ros2_ws/src/install/rviz_2d_overlay_plugins:/root/ros2_ws/src/install/rviz_2d_overlay_msgs:/root/ros2_ws/src/install/livox_ros_driver2:/root/ros2_ws/src/install/goalpoint_rviz_plugin:/root/ros2_ws/src/install/go2_h264_repub:/root/ros2_ws/src/install/transform_sensors:/root/ros2_ws/src/install/ros_tcp_endpoint:/opt/ros/humble /usr/bin/cmake --build /root/ros2_ws/src/build/graph_decoder -- -j24 -l24
[1.803s] [35m[1mConsolidate compiler generated dependencies of target graph_decoder[0m
[1.817s] [100%] Built target graph_decoder
[1.832s] Invoked command in '/root/ros2_ws/src/build/graph_decoder' returned '0': CMAKE_PREFIX_PATH=/root/ros2_ws/src/install/visibility_graph_msg:/root/ros2_ws/src/install/waypoint_rviz_plugin:/root/ros2_ws/src/install/waypoint_example:/root/ros2_ws/src/install/visualization_tools:/root/ros2_ws/src/install/graph_decoder:/root/ros2_ws/src/install/far_planner:/root/ros2_ws/src/install/boundary_handler:/root/ros2_ws/src/install/vehicle_simulator:/root/ros2_ws/src/install/local_planner:/root/ros2_ws/src/install/calibrate_imu:/root/ros2_ws/src/install/go2_sport_api:/root/ros2_ws/src/install/unitree_go:/root/ros2_ws/src/install/unitree_api:/root/ros2_ws/src/install/point_lio_unilidar:/root/ros2_ws/src/install/terrain_analysis_ext:/root/ros2_ws/src/install/terrain_analysis:/root/ros2_ws/src/install/teleop_rviz_plugin_plus:/root/ros2_ws/src/install/teleop_rviz_plugin:/root/ros2_ws/src/install/super_odometry:/root/ros2_ws/src/install/super_odometry_msgs:/root/ros2_ws/src/install/sensor_scan_generation:/root/ros2_ws/src/install/rviz_2d_overlay_plugins:/root/ros2_ws/src/install/rviz_2d_overlay_msgs:/root/ros2_ws/src/install/livox_ros_driver2:/root/ros2_ws/src/install/goalpoint_rviz_plugin:/root/ros2_ws/src/install/go2_h264_repub:/root/ros2_ws/src/install/transform_sensors:/root/ros2_ws/src/install/ros_tcp_endpoint:/opt/ros/humble /usr/bin/cmake --build /root/ros2_ws/src/build/graph_decoder -- -j24 -l24
[1.833s] Invoking command in '/root/ros2_ws/src/build/graph_decoder': CMAKE_PREFIX_PATH=/root/ros2_ws/src/install/visibility_graph_msg:/root/ros2_ws/src/install/waypoint_rviz_plugin:/root/ros2_ws/src/install/waypoint_example:/root/ros2_ws/src/install/visualization_tools:/root/ros2_ws/src/install/graph_decoder:/root/ros2_ws/src/install/far_planner:/root/ros2_ws/src/install/boundary_handler:/root/ros2_ws/src/install/vehicle_simulator:/root/ros2_ws/src/install/local_planner:/root/ros2_ws/src/install/calibrate_imu:/root/ros2_ws/src/install/go2_sport_api:/root/ros2_ws/src/install/unitree_go:/root/ros2_ws/src/install/unitree_api:/root/ros2_ws/src/install/point_lio_unilidar:/root/ros2_ws/src/install/terrain_analysis_ext:/root/ros2_ws/src/install/terrain_analysis:/root/ros2_ws/src/install/teleop_rviz_plugin_plus:/root/ros2_ws/src/install/teleop_rviz_plugin:/root/ros2_ws/src/install/super_odometry:/root/ros2_ws/src/install/super_odometry_msgs:/root/ros2_ws/src/install/sensor_scan_generation:/root/ros2_ws/src/install/rviz_2d_overlay_plugins:/root/ros2_ws/src/install/rviz_2d_overlay_msgs:/root/ros2_ws/src/install/livox_ros_driver2:/root/ros2_ws/src/install/goalpoint_rviz_plugin:/root/ros2_ws/src/install/go2_h264_repub:/root/ros2_ws/src/install/transform_sensors:/root/ros2_ws/src/install/ros_tcp_endpoint:/opt/ros/humble /usr/bin/cmake --install /root/ros2_ws/src/build/graph_decoder
[1.838s] -- Install configuration: "Release"
[1.838s] -- Up-to-date: /root/ros2_ws/src/install/graph_decoder/lib/graph_decoder/graph_decoder
[1.838s] -- Up-to-date: /root/ros2_ws/src/install/graph_decoder/share/graph_decoder/launch
[1.838s] -- Up-to-date: /root/ros2_ws/src/install/graph_decoder/share/graph_decoder/launch/decoder.launch
[1.838s] -- Up-to-date: /root/ros2_ws/src/install/graph_decoder/share/graph_decoder/config
[1.838s] -- Up-to-date: /root/ros2_ws/src/install/graph_decoder/share/graph_decoder/config/default.yaml
[1.838s] -- Up-to-date: /root/ros2_ws/src/install/graph_decoder/share/ament_index/resource_index/package_run_dependencies/graph_decoder
[1.838s] -- Installing: /root/ros2_ws/src/install/graph_decoder/share/ament_index/resource_index/parent_prefix_path/graph_decoder
[1.838s] -- Up-to-date: /root/ros2_ws/src/install/graph_decoder/share/graph_decoder/environment/ament_prefix_path.sh
[1.838s] -- Installing: /root/ros2_ws/src/install/graph_decoder/share/graph_decoder/environment/ament_prefix_path.dsv
[1.838s] -- Up-to-date: /root/ros2_ws/src/install/graph_decoder/share/graph_decoder/environment/path.sh
[1.838s] -- Installing: /root/ros2_ws/src/install/graph_decoder/share/graph_decoder/environment/path.dsv
[1.839s] -- Up-to-date: /root/ros2_ws/src/install/graph_decoder/share/graph_decoder/local_setup.bash
[1.839s] -- Up-to-date: /root/ros2_ws/src/install/graph_decoder/share/graph_decoder/local_setup.sh
[1.839s] -- Up-to-date: /root/ros2_ws/src/install/graph_decoder/share/graph_decoder/local_setup.zsh
[1.839s] -- Installing: /root/ros2_ws/src/install/graph_decoder/share/graph_decoder/local_setup.dsv
[1.839s] -- Installing: /root/ros2_ws/src/install/graph_decoder/share/graph_decoder/package.dsv
[1.839s] -- Up-to-date: /root/ros2_ws/src/install/graph_decoder/share/ament_index/resource_index/packages/graph_decoder
[1.839s] -- Up-to-date: /root/ros2_ws/src/install/graph_decoder/share/graph_decoder/cmake/graph_decoderConfig.cmake
[1.839s] -- Up-to-date: /root/ros2_ws/src/install/graph_decoder/share/graph_decoder/cmake/graph_decoderConfig-version.cmake
[1.839s] -- Up-to-date: /root/ros2_ws/src/install/graph_decoder/share/graph_decoder/package.xml
[1.840s] Invoked command in '/root/ros2_ws/src/build/graph_decoder' returned '0': CMAKE_PREFIX_PATH=/root/ros2_ws/src/install/visibility_graph_msg:/root/ros2_ws/src/install/waypoint_rviz_plugin:/root/ros2_ws/src/install/waypoint_example:/root/ros2_ws/src/install/visualization_tools:/root/ros2_ws/src/install/graph_decoder:/root/ros2_ws/src/install/far_planner:/root/ros2_ws/src/install/boundary_handler:/root/ros2_ws/src/install/vehicle_simulator:/root/ros2_ws/src/install/local_planner:/root/ros2_ws/src/install/calibrate_imu:/root/ros2_ws/src/install/go2_sport_api:/root/ros2_ws/src/install/unitree_go:/root/ros2_ws/src/install/unitree_api:/root/ros2_ws/src/install/point_lio_unilidar:/root/ros2_ws/src/install/terrain_analysis_ext:/root/ros2_ws/src/install/terrain_analysis:/root/ros2_ws/src/install/teleop_rviz_plugin_plus:/root/ros2_ws/src/install/teleop_rviz_plugin:/root/ros2_ws/src/install/super_odometry:/root/ros2_ws/src/install/super_odometry_msgs:/root/ros2_ws/src/install/sensor_scan_generation:/root/ros2_ws/src/install/rviz_2d_overlay_plugins:/root/ros2_ws/src/install/rviz_2d_overlay_msgs:/root/ros2_ws/src/install/livox_ros_driver2:/root/ros2_ws/src/install/goalpoint_rviz_plugin:/root/ros2_ws/src/install/go2_h264_repub:/root/ros2_ws/src/install/transform_sensors:/root/ros2_ws/src/install/ros_tcp_endpoint:/opt/ros/humble /usr/bin/cmake --install /root/ros2_ws/src/build/graph_decoder
