[0.478s] Invoking command in '/root/ros2_ws/src/build/waypoint_rviz_plugin': CMAKE_PREFIX_PATH=/opt/ros/humble /usr/bin/cmake /root/ros2_ws/src/utilities/waypoint_rviz_plugin -DCMAKE_BUILD_TYPE=Release -DAMENT_CMAKE_SYMLINK_INSTALL=1 -DCMAKE_INSTALL_PREFIX=/root/ros2_ws/src/install/waypoint_rviz_plugin
[2.384s] -- The C compiler identification is GNU 11.4.0
[2.384s] -- The CXX compiler identification is GNU 11.4.0
[2.384s] -- Detecting C compiler ABI info
[2.384s] -- Detecting C compiler ABI info - done
[2.384s] -- Check for working C compiler: /usr/bin/cc - skipped
[2.385s] -- Detecting C compile features
[2.385s] -- Detecting C compile features - done
[2.385s] -- Detecting CXX compiler ABI info
[2.385s] -- Detecting CXX compiler ABI info - done
[2.385s] -- Check for working CXX compiler: /usr/bin/c++ - skipped
[2.385s] -- Detecting CXX compile features
[2.385s] -- Detecting CXX compile features - done
[2.385s] -- Found ament_cmake: 1.3.12 (/opt/ros/humble/share/ament_cmake/cmake)
[2.385s] -- Found Python3: /usr/bin/python3 (found version "3.10.12") found components: Interpreter 
[2.385s] -- Override CMake install command with custom implementation using symlinks instead of copying resources
[2.390s] -- Found pluginlib: 5.1.3 (/opt/ros/humble/share/pluginlib/cmake)
[2.395s] -- Found rclcpp: 16.0.17 (/opt/ros/humble/share/rclcpp/cmake)
[2.400s] -- Found rosidl_generator_c: 3.1.8 (/opt/ros/humble/share/rosidl_generator_c/cmake)
[2.401s] -- Found rosidl_adapter: 3.1.8 (/opt/ros/humble/share/rosidl_adapter/cmake)
[2.401s] -- Found rosidl_generator_cpp: 3.1.8 (/opt/ros/humble/share/rosidl_generator_cpp/cmake)
[2.401s] -- Using all available rosidl_typesupport_c: rosidl_typesupport_fastrtps_c;rosidl_typesupport_introspection_c
[2.401s] -- Using all available rosidl_typesupport_cpp: rosidl_typesupport_fastrtps_cpp;rosidl_typesupport_introspection_cpp
[2.401s] -- Found rmw_implementation_cmake: 6.1.2 (/opt/ros/humble/share/rmw_implementation_cmake/cmake)
[2.401s] -- Found rmw_fastrtps_cpp: 6.2.9 (/opt/ros/humble/share/rmw_fastrtps_cpp/cmake)
[2.401s] -- Found TinyXML2 via Config file: TinyXML2_DIR-NOTFOUND
[2.401s] -- Found OpenSSL: /usr/lib/x86_64-linux-gnu/libcrypto.so (found version "3.0.2")  
[2.402s] -- Found TinyXML2 via Config file: TinyXML2_DIR-NOTFOUND
[2.402s] -- Found FastRTPS: /opt/ros/humble/include  
[2.402s] -- Found TinyXML2 via Config file: TinyXML2_DIR-NOTFOUND
[2.402s] -- Found TinyXML2 via Config file: TinyXML2_DIR-NOTFOUND
[2.402s] -- Using RMW implementation 'rmw_fastrtps_cpp' as default
[2.402s] -- Looking for pthread.h
[2.402s] -- Looking for pthread.h - found
[2.405s] -- Performing Test CMAKE_HAVE_LIBC_PTHREAD
[2.407s] -- Performing Test CMAKE_HAVE_LIBC_PTHREAD - Success
[2.407s] -- Found Threads: TRUE  
[2.407s] -- Found rviz2: 11.2.25 (/opt/ros/humble/share/rviz2/cmake)
[2.407s] -- Found rviz_common: 11.2.25 (/opt/ros/humble/share/rviz_common/cmake)
[2.408s] -- Setting assimp_DIR to: '/opt/ros/humble/share/rviz_assimp_vendor/cmake/../../../opt/rviz_assimp_vendor/lib/cmake/assimp-4.1'
[2.408s] -- Setting OGRE_DIR to: '/opt/ros/humble/share/rviz_ogre_vendor/cmake/../../../opt/rviz_ogre_vendor/lib/OGRE/cmake'
[2.408s] -- Found OGRE
[2.408s] --   static     : OFF
[2.408s] --   components : HLMS;MeshLodGenerator;Overlay;Paging;Property;RTShaderSystem;Terrain;Volume
[2.408s] --   plugins    : Plugin_BSPSceneManager;Plugin_OctreeSceneManager;Plugin_PCZSceneManager;Plugin_ParticleFX;RenderSystem_GL;RenderSystem_GL3Plus;Codec_STBI
[2.408s] --   media      : /opt/ros/humble/opt/rviz_ogre_vendor/share/OGRE/Media
[2.408s] -- OGRE_LIBRARIES: OgreHLMS;OgreMeshLodGenerator;OgreOverlay;OgrePaging;OgreProperty;OgreRTShaderSystem;OgreTerrain;OgreVolume;OgreMain
[2.408s] -- OGRE_LIBRARY_DIRS: /opt/ros/humble/opt/rviz_ogre_vendor/lib
[2.408s] -- OGRE_PLUGINS: Plugin_BSPSceneManager;Plugin_OctreeSceneManager;Plugin_PCZSceneManager;Plugin_ParticleFX;RenderSystem_GL;RenderSystem_GL3Plus;Codec_STBI
[2.408s] -- OGRE_PLUGIN_DIR: /opt/ros/humble/opt/rviz_ogre_vendor/lib/OGRE
[2.408s] -- rviz_ogre_vendor::OgreOverlay for IMPORTED_LOCATION_RELEASE: /opt/ros/humble/opt/rviz_ogre_vendor/lib/libOgreOverlay.so
[2.408s] -- rviz_ogre_vendor::OgreOverlay for IMPORTED_LOCATION_DEBUG: /opt/ros/humble/opt/rviz_ogre_vendor/lib/libOgreOverlay.so
[2.408s] -- rviz_ogre_vendor::OgreMain for IMPORTED_LOCATION_RELEASE: /opt/ros/humble/opt/rviz_ogre_vendor/lib/libOgreMain.so
[2.409s] -- rviz_ogre_vendor::OgreMain for IMPORTED_LOCATION_DEBUG: /opt/ros/humble/opt/rviz_ogre_vendor/lib/libOgreMain.so
[2.409s] -- Could not find freeimage library
[2.409s] -- Found ZLIB: /usr/lib/x86_64-linux-gnu/libz.so (found version "1.2.11") 
[2.409s] -- Found OpenGL: /usr/lib/x86_64-linux-gnu/libOpenGL.so   
[2.409s] -- Found X11: /usr/include   
[2.409s] -- Looking for XOpenDisplay in /usr/lib/x86_64-linux-gnu/libX11.so;/usr/lib/x86_64-linux-gnu/libXext.so
[2.469s] -- Looking for XOpenDisplay in /usr/lib/x86_64-linux-gnu/libX11.so;/usr/lib/x86_64-linux-gnu/libXext.so - found
[2.469s] -- Looking for gethostbyname
[2.578s] -- Looking for gethostbyname - found
[2.580s] -- Looking for connect
[2.764s] -- Looking for connect - found
[2.765s] -- Looking for remove
[2.943s] -- Looking for remove - found
[2.943s] -- Looking for shmat
[3.207s] -- Looking for shmat - found
[3.207s] -- Looking for IceConnectionNumber in ICE
[3.442s] -- Looking for IceConnectionNumber in ICE - found
[3.723s] -- library: /usr/lib/x86_64-linux-gnu/libcurl.so
[3.918s] -- Found Eigen3: TRUE (found version "3.4.0") 
[3.918s] -- Ensuring Eigen3 include directory is part of orocos-kdl CMake target
[4.333s] -- Found rviz_default_plugins: 11.2.25 (/opt/ros/humble/share/rviz_default_plugins/cmake)
[4.656s] -- Found ament_lint_auto: 0.12.14 (/opt/ros/humble/share/ament_lint_auto/cmake)
[5.041s] -- Added test 'copyright' to check source files copyright and LICENSE
[5.049s] -- Added test 'cppcheck' to perform static code analysis on C / C++ code
[5.050s] -- Configured cppcheck include dirs: /root/ros2_ws/src/utilities/waypoint_rviz_plugin/include
[5.050s] -- Configured cppcheck exclude dirs and/or files: 
[5.050s] -- Added test 'cpplint' to check C / C++ code against the Google style
[5.050s] -- Configured cpplint exclude dirs and/or files: 
[5.053s] -- Added test 'lint_cmake' to check CMake code style
[5.054s] -- Added test 'uncrustify' to check C / C++ code style
[5.055s] -- Configured uncrustify additional arguments: 
[5.055s] -- Added test 'xmllint' to check XML markup files
[5.062s] -- Configuring done
[5.198s] -- Generating done
[5.210s] -- Build files have been written to: /root/ros2_ws/src/build/waypoint_rviz_plugin
[5.256s] Invoked command in '/root/ros2_ws/src/build/waypoint_rviz_plugin' returned '0': CMAKE_PREFIX_PATH=/opt/ros/humble /usr/bin/cmake /root/ros2_ws/src/utilities/waypoint_rviz_plugin -DCMAKE_BUILD_TYPE=Release -DAMENT_CMAKE_SYMLINK_INSTALL=1 -DCMAKE_INSTALL_PREFIX=/root/ros2_ws/src/install/waypoint_rviz_plugin
[5.257s] Invoking command in '/root/ros2_ws/src/build/waypoint_rviz_plugin': CMAKE_PREFIX_PATH=/opt/ros/humble /usr/bin/cmake --build /root/ros2_ws/src/build/waypoint_rviz_plugin -- -j24 -l24
[10.139s] [ 16%] [34m[1mAutomatic MOC for target waypoint_rviz_plugin[0m
[10.139s] [ 16%] Built target waypoint_rviz_plugin_autogen
[10.139s] [ 33%] [34m[1mGenerating include/moc_waypoint_tool.cpp[0m
[10.139s] [ 50%] [32mBuilding CXX object CMakeFiles/waypoint_rviz_plugin.dir/src/waypoint_tool.cpp.o[0m
[10.139s] [ 66%] [32mBuilding CXX object CMakeFiles/waypoint_rviz_plugin.dir/waypoint_rviz_plugin_autogen/mocs_compilation.cpp.o[0m
[10.139s] [ 83%] [32mBuilding CXX object CMakeFiles/waypoint_rviz_plugin.dir/include/moc_waypoint_tool.cpp.o[0m
[17.021s] [01m[K/root/ros2_ws/src/utilities/waypoint_rviz_plugin/src/waypoint_tool.cpp:[m[K In member function ‘[01m[Kvirtual void waypoint_rviz_plugin::WaypointTool::onPoseSet(double, double, double)[m[K’:
[17.021s] [01m[K/root/ros2_ws/src/utilities/waypoint_rviz_plugin/src/waypoint_tool.cpp:52:57:[m[K [01;35m[Kwarning: [m[Kunused parameter ‘[01m[Ktheta[m[K’ [[01;35m[K-Wunused-parameter[m[K]
[17.021s]    52 | void WaypointTool::onPoseSet(double x, double y, [01;35m[Kdouble theta[m[K)
[17.021s]       |                                                  [01;35m[K~~~~~~~^~~~~[m[K
[24.943s] [100%] [32m[1mLinking CXX shared library libwaypoint_rviz_plugin.so[0m
[25.518s] [100%] Built target waypoint_rviz_plugin
