[0.035s] Invoking command in '/root/ros2_ws/src/build/vehicle_simulator': AMENT_PREFIX_PATH=/root/ros2_ws/src/install/ros_tcp_endpoint:${AMENT_PREFIX_PATH} CMAKE_PREFIX_PATH=/opt/ros/humble PYTHONPATH=/root/ros2_ws/src/build/ros_tcp_endpoint:/root/ros2_ws/src/install/ros_tcp_endpoint/lib/python3.10/site-packages:${PYTHONPATH} /usr/bin/cmake /root/ros2_ws/src/base_autonomy/vehicle_simulator -DCMAKE_BUILD_TYPE=Release -DAMENT_CMAKE_SYMLINK_INSTALL=1 -DCMAKE_INSTALL_PREFIX=/root/ros2_ws/src/install/vehicle_simulator
[2.679s] -- The C compiler identification is GNU 11.4.0
[2.679s] -- The CXX compiler identification is GNU 11.4.0
[2.679s] -- Detecting C compiler ABI info
[2.679s] -- Detecting C compiler ABI info - done
[2.680s] -- Check for working C compiler: /usr/bin/cc - skipped
[2.680s] -- Detecting C compile features
[2.680s] -- Detecting C compile features - done
[2.680s] -- Detecting CXX compiler ABI info
[2.680s] -- Detecting CXX compiler ABI info - done
[2.680s] -- Check for working CXX compiler: /usr/bin/c++ - skipped
[2.680s] -- Detecting CXX compile features
[2.680s] -- Detecting CXX compile features - done
[2.680s] -- Found ament_cmake: 1.3.12 (/opt/ros/humble/share/ament_cmake/cmake)
[2.680s] -- Found Python3: /usr/bin/python3 (found version "3.10.12") found components: Interpreter 
[2.680s] -- Override CMake install command with custom implementation using symlinks instead of copying resources
[2.680s] -- Found rclcpp: 16.0.17 (/opt/ros/humble/share/rclcpp/cmake)
[2.680s] -- Found rosidl_generator_c: 3.1.8 (/opt/ros/humble/share/rosidl_generator_c/cmake)
[2.680s] -- Found rosidl_adapter: 3.1.8 (/opt/ros/humble/share/rosidl_adapter/cmake)
[2.680s] -- Found rosidl_generator_cpp: 3.1.8 (/opt/ros/humble/share/rosidl_generator_cpp/cmake)
[2.680s] -- Using all available rosidl_typesupport_c: rosidl_typesupport_fastrtps_c;rosidl_typesupport_introspection_c
[2.681s] -- Using all available rosidl_typesupport_cpp: rosidl_typesupport_fastrtps_cpp;rosidl_typesupport_introspection_cpp
[2.681s] -- Found rmw_implementation_cmake: 6.1.2 (/opt/ros/humble/share/rmw_implementation_cmake/cmake)
[2.681s] -- Found rmw_fastrtps_cpp: 6.2.9 (/opt/ros/humble/share/rmw_fastrtps_cpp/cmake)
[2.911s] -- Found OpenSSL: /usr/lib/x86_64-linux-gnu/libcrypto.so (found version "3.0.2")  
[3.048s] -- Found FastRTPS: /opt/ros/humble/include  
[3.268s] -- Using RMW implementation 'rmw_fastrtps_cpp' as default
[3.321s] -- Looking for pthread.h
[3.636s] -- Looking for pthread.h - found
[3.636s] -- Performing Test CMAKE_HAVE_LIBC_PTHREAD
[4.020s] -- Performing Test CMAKE_HAVE_LIBC_PTHREAD - Success
[4.020s] -- Found Threads: TRUE  
[4.274s] -- Found nav_msgs: 4.9.0 (/opt/ros/humble/share/nav_msgs/cmake)
[4.395s] -- Found sensor_msgs: 4.9.0 (/opt/ros/humble/share/sensor_msgs/cmake)
[4.446s] -- Found tf2_ros: 0.25.18 (/opt/ros/humble/share/tf2_ros/cmake)
[4.808s] -- Found tf2_geometry_msgs: 0.25.18 (/opt/ros/humble/share/tf2_geometry_msgs/cmake)
[4.889s] -- Found eigen3_cmake_module: 0.1.1 (/opt/ros/humble/share/eigen3_cmake_module/cmake)
[4.893s] -- Found Eigen3: TRUE (found version "3.4.0") 
[4.897s] -- Ensuring Eigen3 include directory is part of orocos-kdl CMake target
[4.936s] -- Found OpenCV: /usr (found version "4.5.4") 
[4.965s] -- Checking for module 'eigen3'
[5.006s] --   Found eigen3, version 3.4.0
[5.122s] -- Found Eigen: /usr/include/eigen3 (Required is at least version "3.1") 
[5.122s] -- Eigen found (include: /usr/include/eigen3, version: 3.4.0)
[5.252s] -- Found Boost: /usr/lib/x86_64-linux-gnu/cmake/Boost-1.74.0/BoostConfig.cmake (found suitable version "1.74.0", minimum required is "1.65.0") found components: system filesystem date_time iostreams serialization 
[5.336s] -- Checking for module 'flann'
[5.386s] --   Found flann, version 1.9.1
[5.540s] -- Found FLANN: /usr/lib/x86_64-linux-gnu/libflann_cpp.so  
[5.541s] -- FLANN found (include: /usr/include, lib: /usr/lib/x86_64-linux-gnu/libflann_cpp.so)
[5.693s] -- Found GLEW: /usr/lib/x86_64-linux-gnu/libGLEW.so  
[5.718s] -- Found OpenGL: /usr/lib/x86_64-linux-gnu/libOpenGL.so  found components: OpenGL GLX 
[6.210s] -- Found MPI_C: /usr/lib/x86_64-linux-gnu/libmpi.so (found version "3.1") 
[6.210s] -- Found MPI: TRUE (found version "3.1") found components: C 
[6.216s] -- Found JsonCpp: /usr/lib/x86_64-linux-gnu/libjsoncpp.so (found suitable version "1.9.5", minimum required is "0.7.0") 
[6.237s] -- Found ZLIB: /usr/lib/x86_64-linux-gnu/libz.so (found version "1.2.11") 
[6.275s] -- Found PNG: /usr/lib/x86_64-linux-gnu/libpng.so (found version "1.6.37") 
[6.321s] -- Found Eigen3: /usr/include/eigen3 (found version "3.4.0") 
[6.644s] -- Found X11: /usr/include   
[6.647s] -- Looking for XOpenDisplay in /usr/lib/x86_64-linux-gnu/libX11.so;/usr/lib/x86_64-linux-gnu/libXext.so
[7.069s] -- Looking for XOpenDisplay in /usr/lib/x86_64-linux-gnu/libX11.so;/usr/lib/x86_64-linux-gnu/libXext.so - found
[7.071s] -- Looking for gethostbyname
[7.373s] -- Looking for gethostbyname - found
[7.375s] -- Looking for connect
[7.667s] -- Looking for connect - found
[7.667s] -- Looking for remove
[7.884s] -- Looking for remove - found
[7.884s] -- Looking for shmat
[8.174s] -- Looking for shmat - found
[8.174s] -- Looking for IceConnectionNumber in ICE
[8.555s] -- Looking for IceConnectionNumber in ICE - found
[8.909s] -- Found EXPAT: /usr/lib/x86_64-linux-gnu/libexpat.so (found version "2.4.7") 
[8.918s] -- Found double-conversion: /usr/lib/x86_64-linux-gnu/libdouble-conversion.so  
[8.926s] -- Found LZ4: /usr/lib/x86_64-linux-gnu/liblz4.so (found version "1.9.3") 
[8.935s] -- Found LZMA: /usr/lib/x86_64-linux-gnu/liblzma.so (found version "5.2.5") 
[8.998s] -- Found JPEG: /usr/lib/x86_64-linux-gnu/libjpeg.so (found version "80") 
[9.019s] -- Found TIFF: /usr/lib/x86_64-linux-gnu/libtiff.so (found version "4.3.0")  
[9.040s] -- Found Freetype: /usr/lib/x86_64-linux-gnu/libfreetype.so (found version "2.11.1") 
[9.071s] -- Found utf8cpp: /usr/include/utf8cpp  
[9.438s] -- Checking for module 'libusb-1.0'
[9.502s] --   Found libusb-1.0, version 1.0.25
[9.656s] -- Found libusb: /usr/lib/x86_64-linux-gnu/libusb-1.0.so  
[9.659s] -- Found OpenNI: /usr/lib/libOpenNI.so;libusb::libusb (found version "1.5.4.0") 
[9.659s] -- OpenNI found (version: 1.5.4.0, include: /usr/include/ni, lib: /usr/lib/libOpenNI.so;libusb::libusb)
[9.898s] [0m** WARNING ** io features related to pcap will be disabled[0m
[9.900s] -- Found OpenNI2: /usr/lib/x86_64-linux-gnu/libOpenNI2.so;libusb::libusb (found version "2.2.0.33") 
[9.900s] -- OpenNI2 found (version: 2.2.0.33, include: /usr/include/openni2, lib: /usr/lib/x86_64-linux-gnu/libOpenNI2.so;libusb::libusb)
[10.653s] -- Eigen found (include: /usr/include/eigen3, version: 3.4.0)
[10.688s] -- OpenNI found (version: 1.5.4.0, include: /usr/include/ni, lib: /usr/lib/libOpenNI.so;libusb::libusb)
[10.724s] -- OpenNI2 found (version: 2.2.0.33, include: /usr/include/openni2, lib: /usr/lib/x86_64-linux-gnu/libOpenNI2.so;libusb::libusb)
[11.399s] -- Found Qhull version 8.0.2
[12.093s] -- OpenNI found (version: 1.5.4.0, include: /usr/include/ni, lib: /usr/lib/libOpenNI.so;libusb::libusb)
[12.655s] -- looking for PCL_COMMON
[12.657s] -- Found PCL_COMMON: /usr/lib/x86_64-linux-gnu/libpcl_common.so  
[12.658s] -- looking for PCL_KDTREE
[12.660s] -- Found PCL_KDTREE: /usr/lib/x86_64-linux-gnu/libpcl_kdtree.so  
[12.661s] -- looking for PCL_OCTREE
[12.663s] -- Found PCL_OCTREE: /usr/lib/x86_64-linux-gnu/libpcl_octree.so  
[12.663s] -- looking for PCL_SEARCH
[12.665s] -- Found PCL_SEARCH: /usr/lib/x86_64-linux-gnu/libpcl_search.so  
[12.666s] -- looking for PCL_SAMPLE_CONSENSUS
[12.667s] -- Found PCL_SAMPLE_CONSENSUS: /usr/lib/x86_64-linux-gnu/libpcl_sample_consensus.so  
[12.668s] -- looking for PCL_FILTERS
[12.670s] -- Found PCL_FILTERS: /usr/lib/x86_64-linux-gnu/libpcl_filters.so  
[12.671s] -- looking for PCL_2D
[12.671s] -- Found PCL_2D: /usr/include/pcl-1.12  
[12.672s] -- looking for PCL_GEOMETRY
[12.673s] -- Found PCL_GEOMETRY: /usr/include/pcl-1.12  
[12.673s] -- looking for PCL_IO
[12.675s] -- Found PCL_IO: /usr/lib/x86_64-linux-gnu/libpcl_io.so  
[12.676s] -- looking for PCL_FEATURES
[12.678s] -- Found PCL_FEATURES: /usr/lib/x86_64-linux-gnu/libpcl_features.so  
[12.678s] -- looking for PCL_ML
[12.680s] -- Found PCL_ML: /usr/lib/x86_64-linux-gnu/libpcl_ml.so  
[12.681s] -- looking for PCL_SEGMENTATION
[12.682s] -- Found PCL_SEGMENTATION: /usr/lib/x86_64-linux-gnu/libpcl_segmentation.so  
[12.684s] -- looking for PCL_VISUALIZATION
[12.685s] -- Found PCL_VISUALIZATION: /usr/lib/x86_64-linux-gnu/libpcl_visualization.so  
[12.687s] -- looking for PCL_SURFACE
[12.688s] -- Found PCL_SURFACE: /usr/lib/x86_64-linux-gnu/libpcl_surface.so  
[12.688s] -- looking for PCL_REGISTRATION
[12.690s] -- Found PCL_REGISTRATION: /usr/lib/x86_64-linux-gnu/libpcl_registration.so  
[12.691s] -- looking for PCL_KEYPOINTS
[12.693s] -- Found PCL_KEYPOINTS: /usr/lib/x86_64-linux-gnu/libpcl_keypoints.so  
[12.694s] -- looking for PCL_TRACKING
[12.696s] -- Found PCL_TRACKING: /usr/lib/x86_64-linux-gnu/libpcl_tracking.so  
[12.696s] -- looking for PCL_RECOGNITION
[12.698s] -- Found PCL_RECOGNITION: /usr/lib/x86_64-linux-gnu/libpcl_recognition.so  
[12.699s] -- looking for PCL_STEREO
[12.701s] -- Found PCL_STEREO: /usr/lib/x86_64-linux-gnu/libpcl_stereo.so  
[12.701s] -- looking for PCL_APPS
[12.703s] -- Found PCL_APPS: /usr/lib/x86_64-linux-gnu/libpcl_apps.so  
[12.705s] -- looking for PCL_IN_HAND_SCANNER
[12.705s] -- Found PCL_IN_HAND_SCANNER: /usr/include/pcl-1.12  
[12.706s] -- looking for PCL_MODELER
[12.707s] -- Found PCL_MODELER: /usr/include/pcl-1.12  
[12.708s] -- looking for PCL_POINT_CLOUD_EDITOR
[12.709s] -- Found PCL_POINT_CLOUD_EDITOR: /usr/include/pcl-1.12  
[12.709s] -- looking for PCL_OUTOFCORE
[12.712s] -- Found PCL_OUTOFCORE: /usr/lib/x86_64-linux-gnu/libpcl_outofcore.so  
[12.712s] -- looking for PCL_PEOPLE
[12.714s] -- Found PCL_PEOPLE: /usr/lib/x86_64-linux-gnu/libpcl_people.so  
[12.716s] -- Found PCL: pcl_common;pcl_kdtree;pcl_octree;pcl_search;pcl_sample_consensus;pcl_filters;pcl_io;pcl_features;pcl_ml;pcl_segmentation;pcl_visualization;pcl_surface;pcl_registration;pcl_keypoints;pcl_tracking;pcl_recognition;pcl_stereo;pcl_apps;pcl_outofcore;pcl_people;Boost::system;Boost::filesystem;Boost::date_time;Boost::iostreams;Boost::serialization;/usr/lib/libOpenNI.so;libusb::libusb;/usr/lib/x86_64-linux-gnu/libOpenNI2.so;libusb::libusb;VTK::ChartsCore;VTK::CommonColor;VTK::CommonComputationalGeometry;VTK::CommonCore;VTK::CommonDataModel;VTK::CommonExecutionModel;VTK::CommonMath;VTK::CommonMisc;VTK::CommonTransforms;VTK::FiltersCore;VTK::FiltersExtraction;VTK::FiltersGeneral;VTK::FiltersGeometry;VTK::FiltersModeling;VTK::FiltersSources;VTK::ImagingCore;VTK::ImagingSources;VTK::InteractionImage;VTK::InteractionStyle;VTK::InteractionWidgets;VTK::IOCore;VTK::IOGeometry;VTK::IOImage;VTK::IOLegacy;VTK::IOPLY;VTK::RenderingAnnotation;VTK::RenderingCore;VTK::RenderingContext2D;VTK::RenderingLOD;VTK::RenderingFreeType;VTK::ViewsCore;VTK::ViewsContext2D;VTK::RenderingOpenGL2;VTK::GUISupportQt;FLANN::FLANN;QHULL::QHULL  
[12.724s] -- Found pcl_conversions: 2.4.5 (/opt/ros/humble/share/pcl_conversions/cmake)
[12.864s] -- Found pcl_ros: 2.4.5 (/opt/ros/humble/share/pcl_ros/cmake)
[12.926s] -- Found cv_bridge: 3.2.1 (/opt/ros/humble/share/cv_bridge/cmake)
[12.961s] -- Found ament_lint_auto: 0.12.14 (/opt/ros/humble/share/ament_lint_auto/cmake)
[13.178s] -- Added test 'copyright' to check source files copyright and LICENSE
[13.184s] -- Added test 'cppcheck' to perform static code analysis on C / C++ code
[13.184s] -- Configured cppcheck include dirs: /root/ros2_ws/src/base_autonomy/vehicle_simulator/include
[13.185s] -- Configured cppcheck exclude dirs and/or files: 
[13.191s] -- Added test 'cpplint' to check C / C++ code against the Google style
[13.194s] -- Configured cpplint exclude dirs and/or files: 
[13.196s] -- Added test 'flake8' to check Python code syntax and style conventions
[13.204s] -- Added test 'lint_cmake' to check CMake code style
[13.204s] -- Added test 'pep257' to check Python code against some of the docstring style conventions in PEP 257
[13.209s] -- Added test 'uncrustify' to check C / C++ code style
[13.210s] -- Configured uncrustify additional arguments: 
[13.213s] -- Added test 'xmllint' to check XML markup files
[13.221s] -- Configuring done
[13.345s] -- Generating done
[13.375s] -- Build files have been written to: /root/ros2_ws/src/build/vehicle_simulator
