[0.032s] Invoking command in '/root/ros2_ws/src/build/vehicle_simulator': AMENT_PREFIX_PATH=/root/ros2_ws/src/install/ros_tcp_endpoint:${AMENT_PREFIX_PATH} CMAKE_PREFIX_PATH=/opt/ros/humble PYTHONPATH=/root/ros2_ws/src/install/ros_tcp_endpoint/lib/python3.10/site-packages:${PYTHONPATH} /usr/bin/cmake /root/ros2_ws/src/base_autonomy/vehicle_simulator -DROS_EDITION=ROS2 -DHUMBLE_ROS=humble -DCMAKE_INSTALL_PREFIX=/root/ros2_ws/src/install/vehicle_simulator
[1.824s] -- The C compiler identification is GNU 11.4.0
[1.824s] -- The CXX compiler identification is GNU 11.4.0
[1.824s] -- Detecting C compiler ABI info
[1.824s] -- Detecting C compiler ABI info - done
[1.824s] -- Check for working C compiler: /usr/bin/cc - skipped
[1.825s] -- Detecting C compile features
[1.825s] -- Detecting C compile features - done
[1.825s] -- Detecting CXX compiler ABI info
[1.825s] -- Detecting CXX compiler ABI info - done
[1.825s] -- Check for working CXX compiler: /usr/bin/c++ - skipped
[1.825s] -- Detecting CXX compile features
[1.825s] -- Detecting CXX compile features - done
[1.827s] -- Found ament_cmake: 1.3.12 (/opt/ros/humble/share/ament_cmake/cmake)
[1.832s] -- Found Python3: /usr/bin/python3 (found version "3.10.12") found components: Interpreter 
[1.938s] -- Found rclcpp: 16.0.17 (/opt/ros/humble/share/rclcpp/cmake)
[2.081s] -- Found rosidl_generator_c: 3.1.8 (/opt/ros/humble/share/rosidl_generator_c/cmake)
[2.097s] -- Found rosidl_adapter: 3.1.8 (/opt/ros/humble/share/rosidl_adapter/cmake)
[2.118s] -- Found rosidl_generator_cpp: 3.1.8 (/opt/ros/humble/share/rosidl_generator_cpp/cmake)
[2.143s] -- Using all available rosidl_typesupport_c: rosidl_typesupport_fastrtps_c;rosidl_typesupport_introspection_c
[2.208s] -- Using all available rosidl_typesupport_cpp: rosidl_typesupport_fastrtps_cpp;rosidl_typesupport_introspection_cpp
[2.472s] -- Found rmw_implementation_cmake: 6.1.2 (/opt/ros/humble/share/rmw_implementation_cmake/cmake)
[2.493s] -- Found rmw_fastrtps_cpp: 6.2.9 (/opt/ros/humble/share/rmw_fastrtps_cpp/cmake)
[2.960s] -- Found OpenSSL: /usr/lib/x86_64-linux-gnu/libcrypto.so (found version "3.0.2")  
[3.173s] -- Found FastRTPS: /opt/ros/humble/include  
[3.430s] -- Using RMW implementation 'rmw_fastrtps_cpp' as default
[3.486s] -- Looking for pthread.h
[3.964s] -- Looking for pthread.h - found
[3.964s] -- Performing Test CMAKE_HAVE_LIBC_PTHREAD
[4.419s] -- Performing Test CMAKE_HAVE_LIBC_PTHREAD - Success
[4.437s] -- Found Threads: TRUE  
[4.707s] -- Found nav_msgs: 4.9.0 (/opt/ros/humble/share/nav_msgs/cmake)
[4.859s] -- Found sensor_msgs: 4.9.0 (/opt/ros/humble/share/sensor_msgs/cmake)
[4.927s] -- Found tf2_ros: 0.25.18 (/opt/ros/humble/share/tf2_ros/cmake)
[5.248s] -- Found tf2_geometry_msgs: 0.25.18 (/opt/ros/humble/share/tf2_geometry_msgs/cmake)
[5.311s] -- Found eigen3_cmake_module: 0.1.1 (/opt/ros/humble/share/eigen3_cmake_module/cmake)
[5.313s] -- Found Eigen3: TRUE (found version "3.4.0") 
[5.313s] -- Ensuring Eigen3 include directory is part of orocos-kdl CMake target
[5.350s] -- Found OpenCV: /usr (found version "4.5.4") 
[5.388s] -- Checking for module 'eigen3'
[5.437s] --   Found eigen3, version 3.4.0
[5.512s] -- Found Eigen: /usr/include/eigen3 (Required is at least version "3.1") 
[5.514s] -- Eigen found (include: /usr/include/eigen3, version: 3.4.0)
[5.581s] -- Found Boost: /usr/lib/x86_64-linux-gnu/cmake/Boost-1.74.0/BoostConfig.cmake (found suitable version "1.74.0", minimum required is "1.65.0") found components: system filesystem date_time iostreams serialization 
[5.638s] -- Checking for module 'flann'
[5.673s] --   Found flann, version 1.9.1
[5.771s] -- Found FLANN: /usr/lib/x86_64-linux-gnu/libflann_cpp.so  
[5.771s] -- FLANN found (include: /usr/include, lib: /usr/lib/x86_64-linux-gnu/libflann_cpp.so)
[5.878s] -- Found GLEW: /usr/lib/x86_64-linux-gnu/libGLEW.so  
[5.888s] -- Found OpenGL: /usr/lib/x86_64-linux-gnu/libOpenGL.so  found components: OpenGL GLX 
[6.408s] -- Found MPI_C: /usr/lib/x86_64-linux-gnu/libmpi.so (found version "3.1") 
[6.410s] -- Found MPI: TRUE (found version "3.1") found components: C 
[6.424s] -- Found JsonCpp: /usr/lib/x86_64-linux-gnu/libjsoncpp.so (found suitable version "1.9.5", minimum required is "0.7.0") 
[6.469s] -- Found ZLIB: /usr/lib/x86_64-linux-gnu/libz.so (found version "1.2.11") 
[6.558s] -- Found PNG: /usr/lib/x86_64-linux-gnu/libpng.so (found version "1.6.37") 
[6.645s] -- Found Eigen3: /usr/include/eigen3 (found version "3.4.0") 
[7.160s] -- Found X11: /usr/include   
[7.161s] -- Looking for XOpenDisplay in /usr/lib/x86_64-linux-gnu/libX11.so;/usr/lib/x86_64-linux-gnu/libXext.so
[7.476s] -- Looking for XOpenDisplay in /usr/lib/x86_64-linux-gnu/libX11.so;/usr/lib/x86_64-linux-gnu/libXext.so - found
[7.476s] -- Looking for gethostbyname
[7.833s] -- Looking for gethostbyname - found
[7.834s] -- Looking for connect
[8.358s] -- Looking for connect - found
[8.358s] -- Looking for remove
[8.657s] -- Looking for remove - found
[8.657s] -- Looking for shmat
[8.908s] -- Looking for shmat - found
[8.909s] -- Looking for IceConnectionNumber in ICE
[9.288s] -- Looking for IceConnectionNumber in ICE - found
[9.616s] -- Found EXPAT: /usr/lib/x86_64-linux-gnu/libexpat.so (found version "2.4.7") 
[9.620s] -- Found double-conversion: /usr/lib/x86_64-linux-gnu/libdouble-conversion.so  
[9.631s] -- Found LZ4: /usr/lib/x86_64-linux-gnu/liblz4.so (found version "1.9.3") 
[9.638s] -- Found LZMA: /usr/lib/x86_64-linux-gnu/liblzma.so (found version "5.2.5") 
[9.693s] -- Found JPEG: /usr/lib/x86_64-linux-gnu/libjpeg.so (found version "80") 
[9.725s] -- Found TIFF: /usr/lib/x86_64-linux-gnu/libtiff.so (found version "4.3.0")  
[9.751s] -- Found Freetype: /usr/lib/x86_64-linux-gnu/libfreetype.so (found version "2.11.1") 
[9.790s] -- Found utf8cpp: /usr/include/utf8cpp  
[10.021s] -- Checking for module 'libusb-1.0'
[10.087s] --   Found libusb-1.0, version 1.0.25
[10.212s] -- Found libusb: /usr/lib/x86_64-linux-gnu/libusb-1.0.so  
[10.212s] -- Found OpenNI: /usr/lib/libOpenNI.so;libusb::libusb (found version "1.5.4.0") 
[10.212s] -- OpenNI found (version: 1.5.4.0, include: /usr/include/ni, lib: /usr/lib/libOpenNI.so;libusb::libusb)
[10.469s] -- Found OpenNI2: /usr/lib/x86_64-linux-gnu/libOpenNI2.so;libusb::libusb (found version "2.2.0.33") 
[10.472s] -- OpenNI2 found (version: 2.2.0.33, include: /usr/include/openni2, lib: /usr/lib/x86_64-linux-gnu/libOpenNI2.so;libusb::libusb)
[10.472s] [0m** WARNING ** io features related to pcap will be disabled[0m
[10.886s] -- Eigen found (include: /usr/include/eigen3, version: 3.4.0)
[10.907s] -- OpenNI found (version: 1.5.4.0, include: /usr/include/ni, lib: /usr/lib/libOpenNI.so;libusb::libusb)
[10.931s] -- OpenNI2 found (version: 2.2.0.33, include: /usr/include/openni2, lib: /usr/lib/x86_64-linux-gnu/libOpenNI2.so;libusb::libusb)
[11.428s] -- Found Qhull version 8.0.2
[11.831s] -- OpenNI found (version: 1.5.4.0, include: /usr/include/ni, lib: /usr/lib/libOpenNI.so;libusb::libusb)
[12.250s] -- looking for PCL_COMMON
[12.251s] -- Found PCL_COMMON: /usr/lib/x86_64-linux-gnu/libpcl_common.so  
[12.251s] -- looking for PCL_KDTREE
[12.260s] -- Found PCL_KDTREE: /usr/lib/x86_64-linux-gnu/libpcl_kdtree.so  
[12.260s] -- looking for PCL_OCTREE
[12.260s] -- Found PCL_OCTREE: /usr/lib/x86_64-linux-gnu/libpcl_octree.so  
[12.266s] -- looking for PCL_SEARCH
[12.266s] -- Found PCL_SEARCH: /usr/lib/x86_64-linux-gnu/libpcl_search.so  
[12.266s] -- looking for PCL_SAMPLE_CONSENSUS
[12.267s] -- Found PCL_SAMPLE_CONSENSUS: /usr/lib/x86_64-linux-gnu/libpcl_sample_consensus.so  
[12.267s] -- looking for PCL_FILTERS
[12.272s] -- Found PCL_FILTERS: /usr/lib/x86_64-linux-gnu/libpcl_filters.so  
[12.272s] -- looking for PCL_2D
[12.273s] -- Found PCL_2D: /usr/include/pcl-1.12  
[12.273s] -- looking for PCL_GEOMETRY
[12.273s] -- Found PCL_GEOMETRY: /usr/include/pcl-1.12  
[12.273s] -- looking for PCL_IO
[12.278s] -- Found PCL_IO: /usr/lib/x86_64-linux-gnu/libpcl_io.so  
[12.282s] -- looking for PCL_FEATURES
[12.283s] -- Found PCL_FEATURES: /usr/lib/x86_64-linux-gnu/libpcl_features.so  
[12.283s] -- looking for PCL_ML
[12.285s] -- Found PCL_ML: /usr/lib/x86_64-linux-gnu/libpcl_ml.so  
[12.289s] -- looking for PCL_SEGMENTATION
[12.290s] -- Found PCL_SEGMENTATION: /usr/lib/x86_64-linux-gnu/libpcl_segmentation.so  
[12.293s] -- looking for PCL_VISUALIZATION
[12.298s] -- Found PCL_VISUALIZATION: /usr/lib/x86_64-linux-gnu/libpcl_visualization.so  
[12.298s] -- looking for PCL_SURFACE
[12.299s] -- Found PCL_SURFACE: /usr/lib/x86_64-linux-gnu/libpcl_surface.so  
[12.299s] -- looking for PCL_REGISTRATION
[12.303s] -- Found PCL_REGISTRATION: /usr/lib/x86_64-linux-gnu/libpcl_registration.so  
[12.304s] -- looking for PCL_KEYPOINTS
[12.308s] -- Found PCL_KEYPOINTS: /usr/lib/x86_64-linux-gnu/libpcl_keypoints.so  
[12.308s] -- looking for PCL_TRACKING
[12.313s] -- Found PCL_TRACKING: /usr/lib/x86_64-linux-gnu/libpcl_tracking.so  
[12.317s] -- looking for PCL_RECOGNITION
[12.318s] -- Found PCL_RECOGNITION: /usr/lib/x86_64-linux-gnu/libpcl_recognition.so  
[12.318s] -- looking for PCL_STEREO
[12.323s] -- Found PCL_STEREO: /usr/lib/x86_64-linux-gnu/libpcl_stereo.so  
[12.327s] -- looking for PCL_APPS
[12.327s] -- Found PCL_APPS: /usr/lib/x86_64-linux-gnu/libpcl_apps.so  
[12.327s] -- looking for PCL_IN_HAND_SCANNER
[12.330s] -- Found PCL_IN_HAND_SCANNER: /usr/include/pcl-1.12  
[12.330s] -- looking for PCL_MODELER
[12.335s] -- Found PCL_MODELER: /usr/include/pcl-1.12  
[12.335s] -- looking for PCL_POINT_CLOUD_EDITOR
[12.335s] -- Found PCL_POINT_CLOUD_EDITOR: /usr/include/pcl-1.12  
[12.335s] -- looking for PCL_OUTOFCORE
[12.341s] -- Found PCL_OUTOFCORE: /usr/lib/x86_64-linux-gnu/libpcl_outofcore.so  
[12.345s] -- looking for PCL_PEOPLE
[12.350s] -- Found PCL_PEOPLE: /usr/lib/x86_64-linux-gnu/libpcl_people.so  
[12.350s] -- Found PCL: pcl_common;pcl_kdtree;pcl_octree;pcl_search;pcl_sample_consensus;pcl_filters;pcl_io;pcl_features;pcl_ml;pcl_segmentation;pcl_visualization;pcl_surface;pcl_registration;pcl_keypoints;pcl_tracking;pcl_recognition;pcl_stereo;pcl_apps;pcl_outofcore;pcl_people;Boost::system;Boost::filesystem;Boost::date_time;Boost::iostreams;Boost::serialization;/usr/lib/libOpenNI.so;libusb::libusb;/usr/lib/x86_64-linux-gnu/libOpenNI2.so;libusb::libusb;VTK::ChartsCore;VTK::CommonColor;VTK::CommonComputationalGeometry;VTK::CommonCore;VTK::CommonDataModel;VTK::CommonExecutionModel;VTK::CommonMath;VTK::CommonMisc;VTK::CommonTransforms;VTK::FiltersCore;VTK::FiltersExtraction;VTK::FiltersGeneral;VTK::FiltersGeometry;VTK::FiltersModeling;VTK::FiltersSources;VTK::ImagingCore;VTK::ImagingSources;VTK::InteractionImage;VTK::InteractionStyle;VTK::InteractionWidgets;VTK::IOCore;VTK::IOGeometry;VTK::IOImage;VTK::IOLegacy;VTK::IOPLY;VTK::RenderingAnnotation;VTK::RenderingCore;VTK::RenderingContext2D;VTK::RenderingLOD;VTK::RenderingFreeType;VTK::ViewsCore;VTK::ViewsContext2D;VTK::RenderingOpenGL2;VTK::GUISupportQt;FLANN::FLANN;QHULL::QHULL  
[12.357s] -- Found pcl_conversions: 2.4.5 (/opt/ros/humble/share/pcl_conversions/cmake)
[12.435s] -- Found pcl_ros: 2.4.5 (/opt/ros/humble/share/pcl_ros/cmake)
[12.470s] -- Found cv_bridge: 3.2.1 (/opt/ros/humble/share/cv_bridge/cmake)
[12.510s] -- Found ament_lint_auto: 0.12.14 (/opt/ros/humble/share/ament_lint_auto/cmake)
[12.763s] -- Added test 'copyright' to check source files copyright and LICENSE
[12.769s] -- Added test 'cppcheck' to perform static code analysis on C / C++ code
[12.770s] -- Configured cppcheck include dirs: /root/ros2_ws/src/base_autonomy/vehicle_simulator/include
[12.770s] -- Configured cppcheck exclude dirs and/or files: 
[12.772s] -- Added test 'cpplint' to check C / C++ code against the Google style
[12.772s] -- Configured cpplint exclude dirs and/or files: 
[12.778s] -- Added test 'flake8' to check Python code syntax and style conventions
[12.778s] -- Added test 'lint_cmake' to check CMake code style
[12.778s] -- Added test 'pep257' to check Python code against some of the docstring style conventions in PEP 257
[12.781s] -- Added test 'uncrustify' to check C / C++ code style
[12.781s] -- Configured uncrustify additional arguments: 
[12.782s] -- Added test 'xmllint' to check XML markup files
[12.785s] -- Configuring done
[12.948s] -- Generating done
[12.948s] [33mCMake Warning:
[12.948s]   Manually-specified variables were not used by the project:
[12.948s] 
[12.948s]     HUMBLE_ROS
[12.949s]     ROS_EDITION
[12.949s] 
[12.949s] [0m
[12.979s] -- Build files have been written to: /root/ros2_ws/src/build/vehicle_simulator
[13.039s] Invoked command in '/root/ros2_ws/src/build/vehicle_simulator' returned '0': AMENT_PREFIX_PATH=/root/ros2_ws/src/install/ros_tcp_endpoint:${AMENT_PREFIX_PATH} CMAKE_PREFIX_PATH=/opt/ros/humble PYTHONPATH=/root/ros2_ws/src/install/ros_tcp_endpoint/lib/python3.10/site-packages:${PYTHONPATH} /usr/bin/cmake /root/ros2_ws/src/base_autonomy/vehicle_simulator -DROS_EDITION=ROS2 -DHUMBLE_ROS=humble -DCMAKE_INSTALL_PREFIX=/root/ros2_ws/src/install/vehicle_simulator
[13.039s] Invoking command in '/root/ros2_ws/src/build/vehicle_simulator': AMENT_PREFIX_PATH=/root/ros2_ws/src/install/ros_tcp_endpoint:${AMENT_PREFIX_PATH} CMAKE_PREFIX_PATH=/opt/ros/humble PYTHONPATH=/root/ros2_ws/src/install/ros_tcp_endpoint/lib/python3.10/site-packages:${PYTHONPATH} /usr/bin/cmake --build /root/ros2_ws/src/build/vehicle_simulator -- -j24 -l24
[19.665s] [ 25%] [32mBuilding CXX object CMakeFiles/sim_image_repub.dir/src/sim_image_repub.cpp.o[0m
[19.665s] [ 50%] [32mBuilding CXX object CMakeFiles/vehicleSimulator.dir/src/vehicleSimulator.cpp.o[0m
[19.665s] In file included from [01m[K/root/ros2_ws/src/base_autonomy/vehicle_simulator/src/vehicleSimulator.cpp:27[m[K:
[19.665s] [01m[K/opt/ros/humble/include/tf2_geometry_msgs/tf2_geometry_msgs/tf2_geometry_msgs.h:35:2:[m[K [01;35m[Kwarning: [m[K#warning This header is obsolete, please include tf2_geometry_msgs/tf2_geometry_msgs.hpp instead [[01;35m[K-Wcpp[m[K]
[19.665s]    35 | #[01;35m[Kwarning[m[K This header is obsolete, please include tf2_geometry_msgs/tf2_geometry_msgs.hpp instead
[19.665s]       |  [01;35m[K^~~~~~~[m[K
[32.706s] [ 75%] [32m[1mLinking CXX executable sim_image_repub[0m
[35.410s] [ 75%] Built target sim_image_repub
[44.847s] [100%] [32m[1mLinking CXX executable vehicleSimulator[0m
[47.104s] [100%] Built target vehicleSimulator
[47.129s] Invoked command in '/root/ros2_ws/src/build/vehicle_simulator' returned '0': AMENT_PREFIX_PATH=/root/ros2_ws/src/install/ros_tcp_endpoint:${AMENT_PREFIX_PATH} CMAKE_PREFIX_PATH=/opt/ros/humble PYTHONPATH=/root/ros2_ws/src/install/ros_tcp_endpoint/lib/python3.10/site-packages:${PYTHONPATH} /usr/bin/cmake --build /root/ros2_ws/src/build/vehicle_simulator -- -j24 -l24
[47.135s] Invoking command in '/root/ros2_ws/src/build/vehicle_simulator': AMENT_PREFIX_PATH=/root/ros2_ws/src/install/ros_tcp_endpoint:${AMENT_PREFIX_PATH} CMAKE_PREFIX_PATH=/opt/ros/humble PYTHONPATH=/root/ros2_ws/src/install/ros_tcp_endpoint/lib/python3.10/site-packages:${PYTHONPATH} /usr/bin/cmake --install /root/ros2_ws/src/build/vehicle_simulator
[47.148s] -- Install configuration: ""
[47.148s] -- Installing: /root/ros2_ws/src/install/vehicle_simulator/lib/vehicle_simulator/vehicleSimulator
[47.158s] -- Set runtime path of "/root/ros2_ws/src/install/vehicle_simulator/lib/vehicle_simulator/vehicleSimulator" to ""
[47.158s] -- Installing: /root/ros2_ws/src/install/vehicle_simulator/lib/vehicle_simulator/sim_image_repub
[47.158s] -- Set runtime path of "/root/ros2_ws/src/install/vehicle_simulator/lib/vehicle_simulator/sim_image_repub" to ""
[47.169s] -- Installing: /root/ros2_ws/src/install/vehicle_simulator/share/vehicle_simulator/launch
[47.170s] -- Installing: /root/ros2_ws/src/install/vehicle_simulator/share/vehicle_simulator/launch/vehicle_simulator.launch
[47.171s] -- Installing: /root/ros2_ws/src/install/vehicle_simulator/share/vehicle_simulator/launch/system_simulation_superodom.launch.py
[47.171s] -- Installing: /root/ros2_ws/src/install/vehicle_simulator/share/vehicle_simulator/launch/system_real_robot_with_route_planner_superodom.launch.py
[47.171s] -- Installing: /root/ros2_ws/src/install/vehicle_simulator/share/vehicle_simulator/launch/system_real_robot_with_route_planner_superodom.launch
[47.171s] -- Installing: /root/ros2_ws/src/install/vehicle_simulator/share/vehicle_simulator/launch/system_real_robot_superodom.launch.py
[47.171s] -- Installing: /root/ros2_ws/src/install/vehicle_simulator/share/vehicle_simulator/launch/system_simulation_with_route_planner_superodom.launch.py
[47.171s] -- Installing: /root/ros2_ws/src/install/vehicle_simulator/share/vehicle_simulator/launch/system_simulation_with_route_planner_superodom.launch
[47.171s] -- Installing: /root/ros2_ws/src/install/vehicle_simulator/share/vehicle_simulator/launch/system_simulation_with_route_planner.launch
[47.171s] -- Installing: /root/ros2_ws/src/install/vehicle_simulator/share/vehicle_simulator/launch/system_real_robot.launch
[47.171s] -- Installing: /root/ros2_ws/src/install/vehicle_simulator/share/vehicle_simulator/launch/system_simulation_superodom.launch
[47.172s] -- Installing: /root/ros2_ws/src/install/vehicle_simulator/share/vehicle_simulator/launch/system_real_robot_with_route_planner.launch
[47.172s] -- Installing: /root/ros2_ws/src/install/vehicle_simulator/share/vehicle_simulator/launch/system_real_robot_superodom.launch
[47.172s] -- Installing: /root/ros2_ws/src/install/vehicle_simulator/share/vehicle_simulator/launch/system_simulation.launch
[47.172s] -- Installing: /root/ros2_ws/src/install/vehicle_simulator/share/vehicle_simulator/mesh
[47.172s] -- Installing: /root/ros2_ws/src/install/vehicle_simulator/share/vehicle_simulator/mesh/unity
[47.172s] -- Installing: /root/ros2_ws/src/install/vehicle_simulator/share/vehicle_simulator/mesh/unity/readme.txt
[47.172s] -- Installing: /root/ros2_ws/src/install/vehicle_simulator/share/vehicle_simulator/rviz
[47.172s] -- Installing: /root/ros2_ws/src/install/vehicle_simulator/share/vehicle_simulator/rviz/vehicle_simulator.rviz
[47.172s] -- Installing: /root/ros2_ws/src/install/vehicle_simulator/share/vehicle_simulator/log
[47.172s] -- Installing: /root/ros2_ws/src/install/vehicle_simulator/share/vehicle_simulator/log/readme.txt
[47.172s] -- Installing: /root/ros2_ws/src/install/vehicle_simulator/share/ament_index/resource_index/package_run_dependencies/vehicle_simulator
[47.173s] -- Installing: /root/ros2_ws/src/install/vehicle_simulator/share/ament_index/resource_index/parent_prefix_path/vehicle_simulator
[47.173s] -- Installing: /root/ros2_ws/src/install/vehicle_simulator/share/vehicle_simulator/environment/ament_prefix_path.sh
[47.173s] -- Installing: /root/ros2_ws/src/install/vehicle_simulator/share/vehicle_simulator/environment/ament_prefix_path.dsv
[47.173s] -- Installing: /root/ros2_ws/src/install/vehicle_simulator/share/vehicle_simulator/environment/path.sh
[47.173s] -- Installing: /root/ros2_ws/src/install/vehicle_simulator/share/vehicle_simulator/environment/path.dsv
[47.173s] -- Installing: /root/ros2_ws/src/install/vehicle_simulator/share/vehicle_simulator/local_setup.bash
[47.173s] -- Installing: /root/ros2_ws/src/install/vehicle_simulator/share/vehicle_simulator/local_setup.sh
[47.173s] -- Installing: /root/ros2_ws/src/install/vehicle_simulator/share/vehicle_simulator/local_setup.zsh
[47.173s] -- Installing: /root/ros2_ws/src/install/vehicle_simulator/share/vehicle_simulator/local_setup.dsv
[47.173s] -- Installing: /root/ros2_ws/src/install/vehicle_simulator/share/vehicle_simulator/package.dsv
[47.173s] -- Installing: /root/ros2_ws/src/install/vehicle_simulator/share/ament_index/resource_index/packages/vehicle_simulator
[47.174s] -- Installing: /root/ros2_ws/src/install/vehicle_simulator/share/vehicle_simulator/cmake/vehicle_simulatorConfig.cmake
[47.223s] -- Installing: /root/ros2_ws/src/install/vehicle_simulator/share/vehicle_simulator/cmake/vehicle_simulatorConfig-version.cmake
[47.223s] -- Installing: /root/ros2_ws/src/install/vehicle_simulator/share/vehicle_simulator/package.xml
[47.223s] Invoked command in '/root/ros2_ws/src/build/vehicle_simulator' returned '0': AMENT_PREFIX_PATH=/root/ros2_ws/src/install/ros_tcp_endpoint:${AMENT_PREFIX_PATH} CMAKE_PREFIX_PATH=/opt/ros/humble PYTHONPATH=/root/ros2_ws/src/install/ros_tcp_endpoint/lib/python3.10/site-packages:${PYTHONPATH} /usr/bin/cmake --install /root/ros2_ws/src/build/vehicle_simulator
