[0.432s] Invoking command in '/root/ros2_ws/src/build/waypoint_example': CMAKE_PREFIX_PATH=/opt/ros/humble /usr/bin/cmake /root/ros2_ws/src/base_autonomy/waypoint_example -DROS_EDITION=ROS2 -DHUMBLE_ROS=humble -DCMAKE_INSTALL_PREFIX=/root/ros2_ws/src/install/waypoint_example
[2.169s] -- The C compiler identification is GNU 11.4.0
[2.169s] -- The CXX compiler identification is GNU 11.4.0
[2.169s] -- Detecting C compiler ABI info
[2.169s] -- Detecting C compiler ABI info - done
[2.170s] -- Check for working C compiler: /usr/bin/cc - skipped
[2.170s] -- Detecting C compile features
[2.170s] -- Detecting C compile features - done
[2.170s] -- Detecting CXX compiler ABI info
[2.170s] -- Detecting CXX compiler ABI info - done
[2.170s] -- Check for working CXX compiler: /usr/bin/c++ - skipped
[2.170s] -- Detecting CXX compile features
[2.170s] -- Detecting CXX compile features - done
[2.170s] -- Found ament_cmake: 1.3.12 (/opt/ros/humble/share/ament_cmake/cmake)
[2.170s] -- Found Python3: /usr/bin/python3 (found version "3.10.12") found components: Interpreter 
[2.170s] -- Found rclcpp: 16.0.17 (/opt/ros/humble/share/rclcpp/cmake)
[2.171s] -- Found rosidl_generator_c: 3.1.8 (/opt/ros/humble/share/rosidl_generator_c/cmake)
[2.171s] -- Found rosidl_adapter: 3.1.8 (/opt/ros/humble/share/rosidl_adapter/cmake)
[2.171s] -- Found rosidl_generator_cpp: 3.1.8 (/opt/ros/humble/share/rosidl_generator_cpp/cmake)
[2.171s] -- Using all available rosidl_typesupport_c: rosidl_typesupport_fastrtps_c;rosidl_typesupport_introspection_c
[2.171s] -- Using all available rosidl_typesupport_cpp: rosidl_typesupport_fastrtps_cpp;rosidl_typesupport_introspection_cpp
[2.171s] -- Found rmw_implementation_cmake: 6.1.2 (/opt/ros/humble/share/rmw_implementation_cmake/cmake)
[2.171s] -- Found rmw_fastrtps_cpp: 6.2.9 (/opt/ros/humble/share/rmw_fastrtps_cpp/cmake)
[2.171s] -- Found OpenSSL: /usr/lib/x86_64-linux-gnu/libcrypto.so (found version "3.0.2")  
[2.171s] -- Found FastRTPS: /opt/ros/humble/include  
[2.171s] -- Using RMW implementation 'rmw_fastrtps_cpp' as default
[2.171s] -- Looking for pthread.h
[2.171s] -- Looking for pthread.h - found
[2.172s] -- Performing Test CMAKE_HAVE_LIBC_PTHREAD
[2.172s] -- Performing Test CMAKE_HAVE_LIBC_PTHREAD - Success
[2.172s] -- Found Threads: TRUE  
[2.172s] -- Found nav_msgs: 4.9.0 (/opt/ros/humble/share/nav_msgs/cmake)
[2.172s] -- Found sensor_msgs: 4.9.0 (/opt/ros/humble/share/sensor_msgs/cmake)
[2.172s] -- Found tf2_ros: 0.25.18 (/opt/ros/humble/share/tf2_ros/cmake)
[2.454s] -- Found tf2_geometry_msgs: 0.25.18 (/opt/ros/humble/share/tf2_geometry_msgs/cmake)
[2.504s] -- Found eigen3_cmake_module: 0.1.1 (/opt/ros/humble/share/eigen3_cmake_module/cmake)
[2.512s] -- Found Eigen3: TRUE (found version "3.4.0") 
[2.512s] -- Ensuring Eigen3 include directory is part of orocos-kdl CMake target
[2.514s] -- Found pcl_conversions: 2.4.5 (/opt/ros/humble/share/pcl_conversions/cmake)
[2.588s] -- Checking for module 'eigen3'
[2.588s] --   Found eigen3, version 3.4.0
[2.648s] -- Found Eigen: /usr/include/eigen3 (Required is at least version "3.1") 
[2.648s] -- Eigen found (include: /usr/include/eigen3, version: 3.4.0)
[2.761s] -- Checking for module 'flann'
[2.782s] --   Found flann, version 1.9.1
[2.879s] -- Found FLANN: /usr/lib/x86_64-linux-gnu/libflann_cpp.so  
[2.879s] -- FLANN found (include: /usr/include, lib: /usr/lib/x86_64-linux-gnu/libflann_cpp.so)
[6.777s] -- Checking for module 'libusb-1.0'
[6.835s] --   Found libusb-1.0, version 1.0.25
[7.009s] -- Found libusb: /usr/lib/x86_64-linux-gnu/libusb-1.0.so  
[7.019s] -- OpenNI found (version: 1.5.4.0, include: /usr/include/ni, lib: /usr/lib/libOpenNI.so;libusb::libusb)
[7.313s] -- OpenNI2 found (version: 2.2.0.33, include: /usr/include/openni2, lib: /usr/lib/x86_64-linux-gnu/libOpenNI2.so;libusb::libusb)
[8.011s] -- Eigen found (include: /usr/include/eigen3, version: 3.4.0)
[8.040s] -- OpenNI found (version: 1.5.4.0, include: /usr/include/ni, lib: /usr/lib/libOpenNI.so;libusb::libusb)
[8.057s] -- OpenNI2 found (version: 2.2.0.33, include: /usr/include/openni2, lib: /usr/lib/x86_64-linux-gnu/libOpenNI2.so;libusb::libusb)
[8.519s] -- Found Qhull version 8.0.2
[8.891s] -- OpenNI found (version: 1.5.4.0, include: /usr/include/ni, lib: /usr/lib/libOpenNI.so;libusb::libusb)
[9.182s] -- Found PCL_COMMON: /usr/lib/x86_64-linux-gnu/libpcl_common.so  
[9.184s] -- Found PCL_KDTREE: /usr/lib/x86_64-linux-gnu/libpcl_kdtree.so  
[9.185s] -- Found PCL_OCTREE: /usr/lib/x86_64-linux-gnu/libpcl_octree.so  
[9.186s] -- Found PCL_SEARCH: /usr/lib/x86_64-linux-gnu/libpcl_search.so  
[9.187s] -- Found PCL_SAMPLE_CONSENSUS: /usr/lib/x86_64-linux-gnu/libpcl_sample_consensus.so  
[9.199s] -- Found PCL_FILTERS: /usr/lib/x86_64-linux-gnu/libpcl_filters.so  
[9.199s] -- Found PCL_2D: /usr/include/pcl-1.12  
[9.199s] -- Found PCL_GEOMETRY: /usr/include/pcl-1.12  
[9.199s] -- Found PCL_IO: /usr/lib/x86_64-linux-gnu/libpcl_io.so  
[9.204s] -- Found PCL_FEATURES: /usr/lib/x86_64-linux-gnu/libpcl_features.so  
[9.204s] -- Found PCL_ML: /usr/lib/x86_64-linux-gnu/libpcl_ml.so  
[9.204s] -- Found PCL_SEGMENTATION: /usr/lib/x86_64-linux-gnu/libpcl_segmentation.so  
[9.204s] -- Found PCL_VISUALIZATION: /usr/lib/x86_64-linux-gnu/libpcl_visualization.so  
[9.205s] -- Found PCL_SURFACE: /usr/lib/x86_64-linux-gnu/libpcl_surface.so  
[9.205s] -- Found PCL_REGISTRATION: /usr/lib/x86_64-linux-gnu/libpcl_registration.so  
[9.205s] -- Found PCL_KEYPOINTS: /usr/lib/x86_64-linux-gnu/libpcl_keypoints.so  
[9.205s] -- Found PCL_TRACKING: /usr/lib/x86_64-linux-gnu/libpcl_tracking.so  
[9.205s] -- Found PCL_RECOGNITION: /usr/lib/x86_64-linux-gnu/libpcl_recognition.so  
[9.205s] -- Found PCL_STEREO: /usr/lib/x86_64-linux-gnu/libpcl_stereo.so  
[9.205s] -- Found PCL_APPS: /usr/lib/x86_64-linux-gnu/libpcl_apps.so  
[9.205s] -- Found PCL_IN_HAND_SCANNER: /usr/include/pcl-1.12  
[9.212s] -- Found PCL_MODELER: /usr/include/pcl-1.12  
[9.212s] -- Found PCL_POINT_CLOUD_EDITOR: /usr/include/pcl-1.12  
[9.212s] -- Found PCL_OUTOFCORE: /usr/lib/x86_64-linux-gnu/libpcl_outofcore.so  
[9.212s] -- Found PCL_PEOPLE: /usr/lib/x86_64-linux-gnu/libpcl_people.so  
[9.214s] -- Found pcl_ros: 2.4.5 (/opt/ros/humble/share/pcl_ros/cmake)
[9.258s] -- Found ament_lint_auto: 0.12.14 (/opt/ros/humble/share/ament_lint_auto/cmake)
[9.534s] -- Added test 'copyright' to check source files copyright and LICENSE
[9.539s] -- Added test 'cppcheck' to perform static code analysis on C / C++ code
[9.540s] -- Configured cppcheck include dirs: 
[9.540s] -- Configured cppcheck exclude dirs and/or files: 
[9.541s] -- Added test 'cpplint' to check C / C++ code against the Google style
[9.541s] -- Configured cpplint exclude dirs and/or files: 
[9.542s] -- Added test 'lint_cmake' to check CMake code style
[9.546s] -- Added test 'uncrustify' to check C / C++ code style
[9.546s] -- Configured uncrustify additional arguments: 
[9.547s] -- Added test 'xmllint' to check XML markup files
[9.548s] -- Configuring done
[9.676s] -- Generating done
[9.681s] [33mCMake Warning:
[9.681s]   Manually-specified variables were not used by the project:
[9.681s] 
[9.681s]     HUMBLE_ROS
[9.681s]     ROS_EDITION
[9.681s] 
[9.682s] [0m
[9.709s] -- Build files have been written to: /root/ros2_ws/src/build/waypoint_example
[9.766s] Invoked command in '/root/ros2_ws/src/build/waypoint_example' returned '0': CMAKE_PREFIX_PATH=/opt/ros/humble /usr/bin/cmake /root/ros2_ws/src/base_autonomy/waypoint_example -DROS_EDITION=ROS2 -DHUMBLE_ROS=humble -DCMAKE_INSTALL_PREFIX=/root/ros2_ws/src/install/waypoint_example
[9.769s] Invoking command in '/root/ros2_ws/src/build/waypoint_example': CMAKE_PREFIX_PATH=/opt/ros/humble /usr/bin/cmake --build /root/ros2_ws/src/build/waypoint_example -- -j24 -l24
[11.056s] [ 50%] [32mBuilding CXX object CMakeFiles/waypointExample.dir/src/waypointExample.cpp.o[0m
[11.058s] In file included from [01m[K/root/ros2_ws/src/base_autonomy/waypoint_example/src/waypointExample.cpp:20[m[K:
[11.058s] [01m[K/opt/ros/humble/include/tf2_geometry_msgs/tf2_geometry_msgs/tf2_geometry_msgs.h:35:2:[m[K [01;35m[Kwarning: [m[K#warning This header is obsolete, please include tf2_geometry_msgs/tf2_geometry_msgs.hpp instead [[01;35m[K-Wcpp[m[K]
[11.058s]    35 | #[01;35m[Kwarning[m[K This header is obsolete, please include tf2_geometry_msgs/tf2_geometry_msgs.hpp instead
[11.058s]       |  [01;35m[K^~~~~~~[m[K
[31.837s] [100%] [32m[1mLinking CXX executable waypointExample[0m
[35.492s] [100%] Built target waypointExample
[35.537s] Invoked command in '/root/ros2_ws/src/build/waypoint_example' returned '0': CMAKE_PREFIX_PATH=/opt/ros/humble /usr/bin/cmake --build /root/ros2_ws/src/build/waypoint_example -- -j24 -l24
[35.538s] Invoking command in '/root/ros2_ws/src/build/waypoint_example': CMAKE_PREFIX_PATH=/opt/ros/humble /usr/bin/cmake --install /root/ros2_ws/src/build/waypoint_example
[35.566s] -- Install configuration: ""
[35.567s] -- Installing: /root/ros2_ws/src/install/waypoint_example/lib/waypoint_example/waypointExample
[35.583s] -- Set runtime path of "/root/ros2_ws/src/install/waypoint_example/lib/waypoint_example/waypointExample" to ""
[35.583s] -- Installing: /root/ros2_ws/src/install/waypoint_example/share/waypoint_example/launch
[35.584s] -- Installing: /root/ros2_ws/src/install/waypoint_example/share/waypoint_example/launch/waypoint_example.launch
[35.584s] -- Installing: /root/ros2_ws/src/install/waypoint_example/share/waypoint_example/data
[35.584s] -- Installing: /root/ros2_ws/src/install/waypoint_example/share/waypoint_example/data/waypoints.ply
[35.584s] -- Installing: /root/ros2_ws/src/install/waypoint_example/share/waypoint_example/data/boundary.ply
[35.584s] -- Installing: /root/ros2_ws/src/install/waypoint_example/share/ament_index/resource_index/package_run_dependencies/waypoint_example
[35.584s] -- Installing: /root/ros2_ws/src/install/waypoint_example/share/ament_index/resource_index/parent_prefix_path/waypoint_example
[35.584s] -- Installing: /root/ros2_ws/src/install/waypoint_example/share/waypoint_example/environment/ament_prefix_path.sh
[35.584s] -- Installing: /root/ros2_ws/src/install/waypoint_example/share/waypoint_example/environment/ament_prefix_path.dsv
[35.584s] -- Installing: /root/ros2_ws/src/install/waypoint_example/share/waypoint_example/environment/path.sh
[35.584s] -- Installing: /root/ros2_ws/src/install/waypoint_example/share/waypoint_example/environment/path.dsv
[35.585s] -- Installing: /root/ros2_ws/src/install/waypoint_example/share/waypoint_example/local_setup.bash
[35.586s] -- Installing: /root/ros2_ws/src/install/waypoint_example/share/waypoint_example/local_setup.sh
[35.587s] -- Installing: /root/ros2_ws/src/install/waypoint_example/share/waypoint_example/local_setup.zsh
[35.587s] -- Installing: /root/ros2_ws/src/install/waypoint_example/share/waypoint_example/local_setup.dsv
[35.587s] -- Installing: /root/ros2_ws/src/install/waypoint_example/share/waypoint_example/package.dsv
[35.587s] -- Installing: /root/ros2_ws/src/install/waypoint_example/share/ament_index/resource_index/packages/waypoint_example
[35.588s] -- Installing: /root/ros2_ws/src/install/waypoint_example/share/waypoint_example/cmake/waypoint_exampleConfig.cmake
[35.590s] -- Installing: /root/ros2_ws/src/install/waypoint_example/share/waypoint_example/cmake/waypoint_exampleConfig-version.cmake
[35.590s] -- Installing: /root/ros2_ws/src/install/waypoint_example/share/waypoint_example/package.xml
[35.592s] Invoked command in '/root/ros2_ws/src/build/waypoint_example' returned '0': CMAKE_PREFIX_PATH=/opt/ros/humble /usr/bin/cmake --install /root/ros2_ws/src/build/waypoint_example
