[ 50%] Built target sim_image_repub
[100%] Built target vehicleSimulator
-- Install configuration: ""
-- Up-to-date: /root/ros2_ws/src/install/vehicle_simulator/lib/vehicle_simulator/vehicleSimulator
-- Up-to-date: /root/ros2_ws/src/install/vehicle_simulator/lib/vehicle_simulator/sim_image_repub
-- Up-to-date: /root/ros2_ws/src/install/vehicle_simulator/share/vehicle_simulator/launch
-- Up-to-date: /root/ros2_ws/src/install/vehicle_simulator/share/vehicle_simulator/launch/vehicle_simulator.launch
-- Up-to-date: /root/ros2_ws/src/install/vehicle_simulator/share/vehicle_simulator/launch/system_simulation_superodom.launch.py
-- Up-to-date: /root/ros2_ws/src/install/vehicle_simulator/share/vehicle_simulator/launch/system_real_robot_with_route_planner_superodom.launch.py
-- Up-to-date: /root/ros2_ws/src/install/vehicle_simulator/share/vehicle_simulator/launch/system_real_robot_with_route_planner_superodom.launch
-- Up-to-date: /root/ros2_ws/src/install/vehicle_simulator/share/vehicle_simulator/launch/system_real_robot_superodom.launch.py
-- Installing: /root/ros2_ws/src/install/vehicle_simulator/share/vehicle_simulator/launch/system_simulation_with_route_planner_superodom.launch.py
-- Up-to-date: /root/ros2_ws/src/install/vehicle_simulator/share/vehicle_simulator/launch/system_simulation_with_route_planner_superodom.launch
-- Up-to-date: /root/ros2_ws/src/install/vehicle_simulator/share/vehicle_simulator/launch/system_simulation_with_route_planner.launch
-- Up-to-date: /root/ros2_ws/src/install/vehicle_simulator/share/vehicle_simulator/launch/system_real_robot.launch
-- Up-to-date: /root/ros2_ws/src/install/vehicle_simulator/share/vehicle_simulator/launch/system_simulation_superodom.launch
-- Up-to-date: /root/ros2_ws/src/install/vehicle_simulator/share/vehicle_simulator/launch/system_real_robot_with_route_planner.launch
-- Up-to-date: /root/ros2_ws/src/install/vehicle_simulator/share/vehicle_simulator/launch/system_real_robot_superodom.launch
-- Up-to-date: /root/ros2_ws/src/install/vehicle_simulator/share/vehicle_simulator/launch/system_simulation.launch
-- Up-to-date: /root/ros2_ws/src/install/vehicle_simulator/share/vehicle_simulator/mesh
-- Up-to-date: /root/ros2_ws/src/install/vehicle_simulator/share/vehicle_simulator/mesh/unity
-- Up-to-date: /root/ros2_ws/src/install/vehicle_simulator/share/vehicle_simulator/mesh/unity/readme.txt
-- Up-to-date: /root/ros2_ws/src/install/vehicle_simulator/share/vehicle_simulator/rviz
-- Up-to-date: /root/ros2_ws/src/install/vehicle_simulator/share/vehicle_simulator/rviz/vehicle_simulator.rviz
-- Up-to-date: /root/ros2_ws/src/install/vehicle_simulator/share/vehicle_simulator/log
-- Up-to-date: /root/ros2_ws/src/install/vehicle_simulator/share/vehicle_simulator/log/readme.txt
-- Up-to-date: /root/ros2_ws/src/install/vehicle_simulator/share/ament_index/resource_index/package_run_dependencies/vehicle_simulator
-- Up-to-date: /root/ros2_ws/src/install/vehicle_simulator/share/ament_index/resource_index/parent_prefix_path/vehicle_simulator
-- Up-to-date: /root/ros2_ws/src/install/vehicle_simulator/share/vehicle_simulator/environment/ament_prefix_path.sh
-- Up-to-date: /root/ros2_ws/src/install/vehicle_simulator/share/vehicle_simulator/environment/ament_prefix_path.dsv
-- Up-to-date: /root/ros2_ws/src/install/vehicle_simulator/share/vehicle_simulator/environment/path.sh
-- Up-to-date: /root/ros2_ws/src/install/vehicle_simulator/share/vehicle_simulator/environment/path.dsv
-- Up-to-date: /root/ros2_ws/src/install/vehicle_simulator/share/vehicle_simulator/local_setup.bash
-- Up-to-date: /root/ros2_ws/src/install/vehicle_simulator/share/vehicle_simulator/local_setup.sh
-- Up-to-date: /root/ros2_ws/src/install/vehicle_simulator/share/vehicle_simulator/local_setup.zsh
-- Up-to-date: /root/ros2_ws/src/install/vehicle_simulator/share/vehicle_simulator/local_setup.dsv
-- Up-to-date: /root/ros2_ws/src/install/vehicle_simulator/share/vehicle_simulator/package.dsv
-- Up-to-date: /root/ros2_ws/src/install/vehicle_simulator/share/ament_index/resource_index/packages/vehicle_simulator
-- Up-to-date: /root/ros2_ws/src/install/vehicle_simulator/share/vehicle_simulator/cmake/vehicle_simulatorConfig.cmake
-- Up-to-date: /root/ros2_ws/src/install/vehicle_simulator/share/vehicle_simulator/cmake/vehicle_simulatorConfig-version.cmake
-- Up-to-date: /root/ros2_ws/src/install/vehicle_simulator/share/vehicle_simulator/package.xml
