[0.031s] Invoking command in '/root/ros2_ws/src/build/livox_ros_driver2': CMAKE_PREFIX_PATH=/opt/ros/humble /usr/bin/cmake /root/ros2_ws/src/slam/livox_ros_driver2 -DROS_EDITION=ROS2 -DHUMBLE_ROS=humble -DCMAKE_INSTALL_PREFIX=/root/ros2_ws/src/install/livox_ros_driver2
[0.462s] -- The C compiler identification is GNU 11.4.0
[0.462s] -- The CXX compiler identification is GNU 11.4.0
[0.462s] -- Detecting C compiler ABI info
[0.462s] -- Detecting C compiler ABI info - done
[0.463s] -- Check for working C compiler: /usr/bin/cc - skipped
[0.463s] -- Detecting C compile features
[0.463s] -- Detecting C compile features - done
[0.463s] -- Detecting CXX compiler ABI info
[0.463s] -- Detecting CXX compiler ABI info - done
[0.463s] -- Check for working CXX compiler: /usr/bin/c++ - skipped
[0.463s] -- Detecting CXX compile features
[0.463s] -- Detecting CXX compile features - done
[0.463s] -- livox_ros_driver2 version: 1.2.4
[0.463s] -- Found ament_cmake_auto: 1.3.12 (/opt/ros/humble/share/ament_cmake_auto/cmake)
[0.463s] -- Found Python3: /usr/bin/python3 (found version "3.10.12") found components: Interpreter 
[0.575s] -- Using all available rosidl_typesupport_c: rosidl_typesupport_fastrtps_c;rosidl_typesupport_introspection_c
[0.592s] -- Found rosidl_adapter: 3.1.8 (/opt/ros/humble/share/rosidl_adapter/cmake)
[0.720s] -- Using all available rosidl_typesupport_cpp: rosidl_typesupport_fastrtps_cpp;rosidl_typesupport_introspection_cpp
[0.920s] -- Found rmw_implementation_cmake: 6.1.2 (/opt/ros/humble/share/rmw_implementation_cmake/cmake)
[0.926s] -- Found rmw_fastrtps_cpp: 6.2.9 (/opt/ros/humble/share/rmw_fastrtps_cpp/cmake)
[1.105s] -- Found OpenSSL: /usr/lib/x86_64-linux-gnu/libcrypto.so (found version "3.0.2")  
[1.169s] -- Found FastRTPS: /opt/ros/humble/include  
[1.242s] -- Using RMW implementation 'rmw_fastrtps_cpp' as default
[1.295s] -- Looking for pthread.h
[1.370s] -- Looking for pthread.h - found
[1.371s] -- Performing Test CMAKE_HAVE_LIBC_PTHREAD
[1.442s] -- Performing Test CMAKE_HAVE_LIBC_PTHREAD - Success
[1.443s] -- Found Threads: TRUE  
[1.656s] -- Checking for module 'eigen3'
[1.671s] --   Found eigen3, version 3.4.0
[1.705s] -- Found Eigen: /usr/include/eigen3 (Required is at least version "3.1") 
[1.705s] -- Eigen found (include: /usr/include/eigen3, version: 3.4.0)
[1.786s] -- Checking for module 'flann'
[1.804s] --   Found flann, version 1.9.1
[1.857s] -- Found FLANN: /usr/lib/x86_64-linux-gnu/libflann_cpp.so  
[1.857s] -- FLANN found (include: /usr/include, lib: /usr/lib/x86_64-linux-gnu/libflann_cpp.so)
[3.987s] -- Checking for module 'libusb-1.0'
[4.026s] --   Found libusb-1.0, version 1.0.25
[4.163s] -- Found libusb: /usr/lib/x86_64-linux-gnu/libusb-1.0.so  
[4.163s] -- OpenNI found (version: 1.5.4.0, include: /usr/include/ni, lib: /usr/lib/libOpenNI.so;libusb::libusb)
[4.323s] -- OpenNI2 found (version: 2.2.0.33, include: /usr/include/openni2, lib: /usr/lib/x86_64-linux-gnu/libOpenNI2.so;libusb::libusb)
[4.707s] -- Eigen found (include: /usr/include/eigen3, version: 3.4.0)
[4.727s] -- OpenNI found (version: 1.5.4.0, include: /usr/include/ni, lib: /usr/lib/libOpenNI.so;libusb::libusb)
[4.743s] -- OpenNI2 found (version: 2.2.0.33, include: /usr/include/openni2, lib: /usr/lib/x86_64-linux-gnu/libOpenNI2.so;libusb::libusb)
[4.996s] -- Found Qhull version 8.0.2
[5.369s] -- OpenNI found (version: 1.5.4.0, include: /usr/include/ni, lib: /usr/lib/libOpenNI.so;libusb::libusb)
[5.887s] -- Found PCL_COMMON: /usr/lib/x86_64-linux-gnu/libpcl_common.so  
[5.888s] -- Found PCL_KDTREE: /usr/lib/x86_64-linux-gnu/libpcl_kdtree.so  
[5.896s] -- Found PCL_OCTREE: /usr/lib/x86_64-linux-gnu/libpcl_octree.so  
[5.897s] -- Found PCL_SEARCH: /usr/lib/x86_64-linux-gnu/libpcl_search.so  
[5.903s] -- Found PCL_SAMPLE_CONSENSUS: /usr/lib/x86_64-linux-gnu/libpcl_sample_consensus.so  
[5.912s] -- Found PCL_FILTERS: /usr/lib/x86_64-linux-gnu/libpcl_filters.so  
[5.912s] -- Found PCL_2D: /usr/include/pcl-1.12  
[5.912s] -- Found PCL_GEOMETRY: /usr/include/pcl-1.12  
[5.916s] -- Found PCL_IO: /usr/lib/x86_64-linux-gnu/libpcl_io.so  
[5.921s] -- Found PCL_FEATURES: /usr/lib/x86_64-linux-gnu/libpcl_features.so  
[5.922s] -- Found PCL_ML: /usr/lib/x86_64-linux-gnu/libpcl_ml.so  
[5.928s] -- Found PCL_SEGMENTATION: /usr/lib/x86_64-linux-gnu/libpcl_segmentation.so  
[5.936s] -- Found PCL_VISUALIZATION: /usr/lib/x86_64-linux-gnu/libpcl_visualization.so  
[5.939s] -- Found PCL_SURFACE: /usr/lib/x86_64-linux-gnu/libpcl_surface.so  
[5.941s] -- Found PCL_REGISTRATION: /usr/lib/x86_64-linux-gnu/libpcl_registration.so  
[5.948s] -- Found PCL_KEYPOINTS: /usr/lib/x86_64-linux-gnu/libpcl_keypoints.so  
[5.949s] -- Found PCL_TRACKING: /usr/lib/x86_64-linux-gnu/libpcl_tracking.so  
[5.955s] -- Found PCL_RECOGNITION: /usr/lib/x86_64-linux-gnu/libpcl_recognition.so  
[5.964s] -- Found PCL_STEREO: /usr/lib/x86_64-linux-gnu/libpcl_stereo.so  
[5.964s] -- Found PCL_APPS: /usr/lib/x86_64-linux-gnu/libpcl_apps.so  
[5.975s] -- Found PCL_IN_HAND_SCANNER: /usr/include/pcl-1.12  
[5.979s] -- Found PCL_MODELER: /usr/include/pcl-1.12  
[5.980s] -- Found PCL_POINT_CLOUD_EDITOR: /usr/include/pcl-1.12  
[5.980s] -- Found PCL_OUTOFCORE: /usr/lib/x86_64-linux-gnu/libpcl_outofcore.so  
[5.980s] -- Found PCL_PEOPLE: /usr/lib/x86_64-linux-gnu/libpcl_people.so  
[6.321s] -- Found PkgConfig: /usr/bin/pkg-config (found version "0.29.2") 
[6.330s] -- Checking for module 'apr-1'
[6.338s] --   No package 'apr-1' found
[7.708s] -- Found ament_cmake_ros: 0.10.0 (/opt/ros/humble/share/ament_cmake_ros/cmake)
[8.540s] -- Using all available rosidl_typesupport_c: rosidl_typesupport_fastrtps_c;rosidl_typesupport_introspection_c
[9.877s] -- Using all available rosidl_typesupport_cpp: rosidl_typesupport_fastrtps_cpp;rosidl_typesupport_introspection_cpp
[10.005s] -- Found PythonInterp: /usr/bin/python3 (found suitable version "3.10.12", minimum required is "3.6") 
[10.018s] -- Found python_cmake_module: 0.10.0 (/opt/ros/humble/share/python_cmake_module/cmake)
[10.113s] -- Found PythonLibs: /usr/lib/x86_64-linux-gnu/libpython3.10.so (found suitable version "3.10.12", minimum required is "3.5") 
[10.113s] -- Using PYTHON_EXECUTABLE: /usr/bin/python3
[10.113s] -- Using PYTHON_INCLUDE_DIRS: /usr/include/python3.10
[10.113s] -- Using PYTHON_LIBRARIES: /usr/lib/x86_64-linux-gnu/libpython3.10.so
[10.214s] -- Found PythonExtra: .so  
[10.883s] -- Using numpy include directory: /usr/local/lib/python3.10/dist-packages/numpy/core/include
[11.023s] -- Found ament_lint_auto: 0.12.14 (/opt/ros/humble/share/ament_lint_auto/cmake)
[11.216s] -- Added test 'copyright' to check source files copyright and LICENSE
[11.342s] -- Added test 'cppcheck' to perform static code analysis on C / C++ code
[11.344s] -- Configured cppcheck include dirs: /root/ros2_ws/src/slam/livox_ros_driver2/3rdparty;/root/ros2_ws/src/slam/livox_ros_driver2/src
[11.344s] -- Configured cppcheck exclude dirs and/or files: 
[11.460s] -- Added test 'cpplint' to check C / C++ code against the Google style
[11.460s] -- Configured cpplint exclude dirs and/or files: 
[11.460s] -- Added test 'flake8' to check Python code syntax and style conventions
[11.470s] -- Added test 'lint_cmake' to check CMake code style
[11.471s] -- Added test 'pep257' to check Python code against some of the docstring style conventions in PEP 257
[11.558s] -- Added test 'uncrustify' to check C / C++ code style
[11.558s] -- Configured uncrustify additional arguments: 
[11.583s] -- Added test 'xmllint' to check XML markup files
[11.589s] -- Configuring done
[11.931s] -- Generating done
[11.965s] -- Build files have been written to: /root/ros2_ws/src/build/livox_ros_driver2
[11.995s] Invoked command in '/root/ros2_ws/src/build/livox_ros_driver2' returned '0': CMAKE_PREFIX_PATH=/opt/ros/humble /usr/bin/cmake /root/ros2_ws/src/slam/livox_ros_driver2 -DROS_EDITION=ROS2 -DHUMBLE_ROS=humble -DCMAKE_INSTALL_PREFIX=/root/ros2_ws/src/install/livox_ros_driver2
[11.997s] Invoking command in '/root/ros2_ws/src/build/livox_ros_driver2': CMAKE_PREFIX_PATH=/opt/ros/humble /usr/bin/cmake --build /root/ros2_ws/src/build/livox_ros_driver2 -- -j24 -l24
[17.485s] [  1%] [34m[1mGenerating C++ code for ROS interfaces[0m
[17.485s] [  3%] [34m[1mGenerating C code for ROS interfaces[0m
[17.486s] [  5%] [32mBuilding CXX object CMakeFiles/livox_ros_driver2_node.dir/rclcpp_components/node_main_livox_ros_driver2_node.cpp.o[0m
[17.486s] [  5%] Built target ament_cmake_python_copy_livox_ros_driver2
[17.486s] [  5%] Built target livox_interfaces2__cpp
[17.486s] [  7%] [34m[1mGenerating C++ introspection for ROS interfaces[0m
[17.486s] [ 10%] [34m[1mGenerating C++ type support for eProsima Fast-RTPS[0m
[17.486s] [  8%] [34m[1mGenerating C++ type support dispatch for ROS interfaces[0m
[17.486s] [ 12%] [32mBuilding C object CMakeFiles/livox_interfaces2__rosidl_generator_c.dir/rosidl_generator_c/livox_ros_driver2/msg/detail/custom_point__functions.c.o[0m
[17.489s] [ 14%] [32mBuilding C object CMakeFiles/livox_interfaces2__rosidl_generator_c.dir/rosidl_generator_c/livox_ros_driver2/msg/detail/custom_msg__functions.c.o[0m
[17.489s] [ 15%] [32m[1mLinking C shared library liblivox_ros_driver2__rosidl_generator_c.so[0m
[17.489s] running egg_info
[17.490s] creating livox_ros_driver2.egg-info
[17.490s] writing livox_ros_driver2.egg-info/PKG-INFO
[17.490s] writing dependency_links to livox_ros_driver2.egg-info/dependency_links.txt
[17.490s] writing top-level names to livox_ros_driver2.egg-info/top_level.txt
[17.490s] writing manifest file 'livox_ros_driver2.egg-info/SOURCES.txt'
[17.490s] [ 15%] Built target livox_interfaces2__rosidl_generator_c
[17.490s] [ 17%] [34m[1mGenerating C type support for eProsima Fast-RTPS[0m
[17.490s] [ 19%] [34m[1mGenerating C type support dispatch for ROS interfaces[0m
[17.490s] [ 21%] [34m[1mGenerating C introspection for ROS interfaces[0m
[17.490s] [ 22%] [32mBuilding CXX object CMakeFiles/livox_interfaces2__rosidl_typesupport_introspection_cpp.dir/rosidl_typesupport_introspection_cpp/livox_ros_driver2/msg/detail/custom_point__type_support.cpp.o[0m
[17.491s] [ 24%] [32mBuilding CXX object CMakeFiles/livox_interfaces2__rosidl_typesupport_introspection_cpp.dir/rosidl_typesupport_introspection_cpp/livox_ros_driver2/msg/detail/custom_msg__type_support.cpp.o[0m
[17.491s] reading manifest file 'livox_ros_driver2.egg-info/SOURCES.txt'
[17.491s] writing manifest file 'livox_ros_driver2.egg-info/SOURCES.txt'
[17.491s] [ 26%] [32mBuilding CXX object CMakeFiles/livox_interfaces2__rosidl_typesupport_fastrtps_cpp.dir/rosidl_typesupport_fastrtps_cpp/livox_ros_driver2/msg/detail/dds_fastrtps/custom_point__type_support.cpp.o[0m
[17.491s] [ 28%] [32mBuilding CXX object CMakeFiles/livox_interfaces2__rosidl_typesupport_fastrtps_cpp.dir/rosidl_typesupport_fastrtps_cpp/livox_ros_driver2/msg/detail/dds_fastrtps/custom_msg__type_support.cpp.o[0m
[17.491s] [ 28%] Built target ament_cmake_python_build_livox_ros_driver2_egg
[17.491s] [ 29%] [32mBuilding CXX object CMakeFiles/livox_interfaces2__rosidl_typesupport_cpp.dir/rosidl_typesupport_cpp/livox_ros_driver2/msg/custom_point__type_support.cpp.o[0m
[17.491s] [ 31%] [32mBuilding CXX object CMakeFiles/livox_interfaces2__rosidl_typesupport_cpp.dir/rosidl_typesupport_cpp/livox_ros_driver2/msg/custom_msg__type_support.cpp.o[0m
[17.491s] [ 33%] [32mBuilding CXX object CMakeFiles/livox_interfaces2__rosidl_typesupport_c.dir/rosidl_typesupport_c/livox_ros_driver2/msg/custom_point__type_support.cpp.o[0m
[17.492s] [ 35%] [32mBuilding CXX object CMakeFiles/livox_interfaces2__rosidl_typesupport_c.dir/rosidl_typesupport_c/livox_ros_driver2/msg/custom_msg__type_support.cpp.o[0m
[17.492s] [ 36%] [32m[1mLinking CXX shared library liblivox_ros_driver2__rosidl_typesupport_c.so[0m
[17.492s] [ 36%] Built target livox_interfaces2__rosidl_typesupport_c
[17.492s] [ 38%] [32mBuilding CXX object CMakeFiles/livox_interfaces2__rosidl_typesupport_fastrtps_c.dir/rosidl_typesupport_fastrtps_c/livox_ros_driver2/msg/detail/custom_point__type_support_c.cpp.o[0m
[17.492s] [ 40%] [32mBuilding CXX object CMakeFiles/livox_interfaces2__rosidl_typesupport_fastrtps_c.dir/rosidl_typesupport_fastrtps_c/livox_ros_driver2/msg/detail/custom_msg__type_support_c.cpp.o[0m
[17.492s] [ 42%] [32mBuilding C object CMakeFiles/livox_interfaces2__rosidl_typesupport_introspection_c.dir/rosidl_typesupport_introspection_c/livox_ros_driver2/msg/detail/custom_msg__type_support.c.o[0m
[17.492s] [ 43%] [32mBuilding C object CMakeFiles/livox_interfaces2__rosidl_typesupport_introspection_c.dir/rosidl_typesupport_introspection_c/livox_ros_driver2/msg/detail/custom_point__type_support.c.o[0m
[17.492s] [ 45%] [32m[1mLinking C shared library liblivox_ros_driver2__rosidl_typesupport_introspection_c.so[0m
[17.492s] [ 47%] [32m[1mLinking CXX shared library liblivox_ros_driver2__rosidl_typesupport_fastrtps_cpp.so[0m
[17.492s] [ 47%] Built target livox_interfaces2__rosidl_typesupport_introspection_c
[17.493s] [ 49%] [32m[1mLinking CXX shared library liblivox_ros_driver2__rosidl_typesupport_cpp.so[0m
[17.493s] [ 49%] Built target livox_interfaces2__rosidl_typesupport_fastrtps_cpp
[17.493s] [ 50%] [32m[1mLinking CXX shared library liblivox_ros_driver2__rosidl_typesupport_introspection_cpp.so[0m
[17.493s] [ 50%] Built target livox_interfaces2__rosidl_typesupport_cpp
[17.496s] [ 52%] [32mBuilding CXX object CMakeFiles/livox_ros_driver2.dir/src/lddc.cpp.o[0m
[17.496s] [ 54%] [32mBuilding CXX object CMakeFiles/livox_ros_driver2.dir/src/lds.cpp.o[0m
[17.496s] [ 59%] [32mBuilding CXX object CMakeFiles/livox_ros_driver2.dir/src/lds_lidar.cpp.o[0m
[17.496s] [ 56%] [32mBuilding CXX object CMakeFiles/livox_ros_driver2.dir/src/comm/ldq.cpp.o[0m
[17.497s] [ 57%] [32mBuilding CXX object CMakeFiles/livox_ros_driver2.dir/src/livox_ros_driver2.cpp.o[0m
[17.497s] [ 61%] [32mBuilding CXX object CMakeFiles/livox_ros_driver2.dir/src/comm/comm.cpp.o[0m
[17.497s] [ 63%] [32mBuilding CXX object CMakeFiles/livox_ros_driver2.dir/src/driver_node.cpp.o[0m
[17.497s] [ 64%] [32mBuilding CXX object CMakeFiles/livox_ros_driver2.dir/src/comm/cache_index.cpp.o[0m
[17.497s] [ 66%] [32mBuilding CXX object CMakeFiles/livox_ros_driver2.dir/src/comm/semaphore.cpp.o[0m
[17.497s] [ 68%] [32mBuilding CXX object CMakeFiles/livox_ros_driver2.dir/src/parse_cfg_file/parse_livox_lidar_cfg.cpp.o[0m
[17.497s] [ 70%] [32mBuilding CXX object CMakeFiles/livox_ros_driver2.dir/src/call_back/lidar_common_callback.cpp.o[0m
[17.497s] [ 71%] [32mBuilding CXX object CMakeFiles/livox_ros_driver2.dir/src/parse_cfg_file/parse_cfg_file.cpp.o[0m
[17.497s] [ 73%] [32mBuilding CXX object CMakeFiles/livox_ros_driver2.dir/src/comm/lidar_imu_data_queue.cpp.o[0m
[17.498s] [ 75%] [32mBuilding CXX object CMakeFiles/livox_ros_driver2.dir/src/comm/pub_handler.cpp.o[0m
[17.498s] [ 75%] Built target livox_interfaces2__rosidl_typesupport_introspection_cpp
[17.498s] [ 77%] [32mBuilding CXX object CMakeFiles/livox_ros_driver2.dir/src/call_back/livox_lidar_callback.cpp.o[0m
[17.498s] [ 78%] [32m[1mLinking CXX shared library liblivox_ros_driver2__rosidl_typesupport_fastrtps_c.so[0m
[17.498s] [ 78%] Built target livox_interfaces2__rosidl_typesupport_fastrtps_c
[17.498s] [ 78%] Built target livox_interfaces2
[17.498s] [ 80%] [34m[1mGenerating Python code for ROS interfaces[0m
[17.498s] /usr/local/lib/python3.10/dist-packages/setuptools_scm/_integration/setuptools.py:24: RuntimeWarning: 
[17.498s] ERROR: setuptools==59.6.0 is used in combination with setuptools-scm>=8.x
[17.499s] 
[17.499s] Your build configuration is incomplete and previously worked by accident!
[17.499s] setuptools-scm requires setuptools>=61 (recommended: >=80)
[17.499s] 
[17.499s] Suggested workaround if applicable:
[17.499s]  - migrating from the deprecated setup_requires mechanism to pep517/518
[17.499s]    and using a pyproject.toml to declare build dependencies
[17.499s]    which are reliably pre-installed before running the build tools
[17.499s] 
[17.499s]   warnings.warn(
[17.499s] listing git files failed - pretending there aren't any
[18.969s] [ 80%] Built target livox_interfaces2__py
[19.030s] [ 82%] [32mBuilding C object CMakeFiles/livox_interfaces2__rosidl_generator_py.dir/rosidl_generator_py/livox_ros_driver2/msg/_custom_point_s.c.o[0m
[19.049s] [ 84%] [32mBuilding C object CMakeFiles/livox_interfaces2__rosidl_generator_py.dir/rosidl_generator_py/livox_ros_driver2/msg/_custom_msg_s.c.o[0m
[19.390s] [ 85%] [32m[1mLinking C shared library rosidl_generator_py/livox_ros_driver2/liblivox_interfaces2__rosidl_generator_py.so[0m
[19.564s] [ 85%] Built target livox_interfaces2__rosidl_generator_py
[19.656s] [ 87%] [32mBuilding C object CMakeFiles/livox_ros_driver2__rosidl_typesupport_fastrtps_c__pyext.dir/rosidl_generator_py/livox_ros_driver2/_livox_ros_driver2_s.ep.rosidl_typesupport_fastrtps_c.c.o[0m
[19.660s] [ 89%] [32mBuilding C object CMakeFiles/livox_ros_driver2__rosidl_typesupport_introspection_c__pyext.dir/rosidl_generator_py/livox_ros_driver2/_livox_ros_driver2_s.ep.rosidl_typesupport_introspection_c.c.o[0m
[19.693s] [ 91%] [32mBuilding C object CMakeFiles/livox_ros_driver2__rosidl_typesupport_c__pyext.dir/rosidl_generator_py/livox_ros_driver2/_livox_ros_driver2_s.ep.rosidl_typesupport_c.c.o[0m
[20.010s] [ 92%] [32m[1mLinking C shared library rosidl_generator_py/livox_ros_driver2/livox_ros_driver2_s__rosidl_typesupport_introspection_c.cpython-310-x86_64-linux-gnu.so[0m
[20.084s] [ 94%] [32m[1mLinking C shared library rosidl_generator_py/livox_ros_driver2/livox_ros_driver2_s__rosidl_typesupport_c.cpython-310-x86_64-linux-gnu.so[0m
[20.181s] [ 96%] [32m[1mLinking C shared library rosidl_generator_py/livox_ros_driver2/livox_ros_driver2_s__rosidl_typesupport_fastrtps_c.cpython-310-x86_64-linux-gnu.so[0m
[20.188s] [ 96%] Built target livox_ros_driver2__rosidl_typesupport_introspection_c__pyext
[20.220s] [ 98%] [32m[1mLinking CXX executable livox_ros_driver2_node[0m
[20.249s] [ 98%] Built target livox_ros_driver2__rosidl_typesupport_c__pyext
[20.350s] [ 98%] Built target livox_ros_driver2__rosidl_typesupport_fastrtps_c__pyext
[20.421s] [ 98%] Built target livox_ros_driver2_node
[40.643s] [100%] [32m[1mLinking CXX shared library liblivox_ros_driver2.so[0m
[44.129s] [100%] Built target livox_ros_driver2
[44.164s] Invoked command in '/root/ros2_ws/src/build/livox_ros_driver2' returned '0': CMAKE_PREFIX_PATH=/opt/ros/humble /usr/bin/cmake --build /root/ros2_ws/src/build/livox_ros_driver2 -- -j24 -l24
[44.171s] Invoking command in '/root/ros2_ws/src/build/livox_ros_driver2': CMAKE_PREFIX_PATH=/opt/ros/humble /usr/bin/cmake --install /root/ros2_ws/src/build/livox_ros_driver2
[44.184s] -- Install configuration: ""
[44.184s] -- Installing: /root/ros2_ws/src/install/livox_ros_driver2/share/ament_index/resource_index/rosidl_interfaces/livox_ros_driver2
[44.184s] -- Installing: /root/ros2_ws/src/install/livox_ros_driver2/include/livox_ros_driver2/livox_ros_driver2
[44.185s] -- Installing: /root/ros2_ws/src/install/livox_ros_driver2/include/livox_ros_driver2/livox_ros_driver2/msg
[44.185s] -- Installing: /root/ros2_ws/src/install/livox_ros_driver2/include/livox_ros_driver2/livox_ros_driver2/msg/detail
[44.185s] -- Installing: /root/ros2_ws/src/install/livox_ros_driver2/include/livox_ros_driver2/livox_ros_driver2/msg/detail/custom_point__struct.h
[44.185s] -- Installing: /root/ros2_ws/src/install/livox_ros_driver2/include/livox_ros_driver2/livox_ros_driver2/msg/detail/custom_msg__functions.c
[44.185s] -- Installing: /root/ros2_ws/src/install/livox_ros_driver2/include/livox_ros_driver2/livox_ros_driver2/msg/detail/custom_msg__type_support.h
[44.185s] -- Installing: /root/ros2_ws/src/install/livox_ros_driver2/include/livox_ros_driver2/livox_ros_driver2/msg/detail/custom_msg__struct.h
[44.186s] -- Installing: /root/ros2_ws/src/install/livox_ros_driver2/include/livox_ros_driver2/livox_ros_driver2/msg/detail/custom_point__type_support.h
[44.186s] -- Installing: /root/ros2_ws/src/install/livox_ros_driver2/include/livox_ros_driver2/livox_ros_driver2/msg/detail/custom_msg__functions.h
[44.186s] -- Installing: /root/ros2_ws/src/install/livox_ros_driver2/include/livox_ros_driver2/livox_ros_driver2/msg/detail/custom_point__functions.c
[44.188s] -- Installing: /root/ros2_ws/src/install/livox_ros_driver2/include/livox_ros_driver2/livox_ros_driver2/msg/detail/custom_point__functions.h
[44.188s] -- Installing: /root/ros2_ws/src/install/livox_ros_driver2/include/livox_ros_driver2/livox_ros_driver2/msg/custom_msg.h
[44.188s] -- Installing: /root/ros2_ws/src/install/livox_ros_driver2/include/livox_ros_driver2/livox_ros_driver2/msg/rosidl_generator_c__visibility_control.h
[44.188s] -- Installing: /root/ros2_ws/src/install/livox_ros_driver2/include/livox_ros_driver2/livox_ros_driver2/msg/custom_point.h
[44.189s] -- Installing: /root/ros2_ws/src/install/livox_ros_driver2/share/livox_ros_driver2/environment/library_path.sh
[44.189s] -- Installing: /root/ros2_ws/src/install/livox_ros_driver2/share/livox_ros_driver2/environment/library_path.dsv
[44.189s] -- Installing: /root/ros2_ws/src/install/livox_ros_driver2/lib/liblivox_ros_driver2__rosidl_generator_c.so
[44.189s] -- Set runtime path of "/root/ros2_ws/src/install/livox_ros_driver2/lib/liblivox_ros_driver2__rosidl_generator_c.so" to ""
[44.189s] -- Up-to-date: /root/ros2_ws/src/install/livox_ros_driver2/include/livox_ros_driver2/livox_ros_driver2
[44.189s] -- Up-to-date: /root/ros2_ws/src/install/livox_ros_driver2/include/livox_ros_driver2/livox_ros_driver2/msg
[44.189s] -- Up-to-date: /root/ros2_ws/src/install/livox_ros_driver2/include/livox_ros_driver2/livox_ros_driver2/msg/detail
[44.189s] -- Installing: /root/ros2_ws/src/install/livox_ros_driver2/include/livox_ros_driver2/livox_ros_driver2/msg/detail/custom_point__rosidl_typesupport_fastrtps_c.h
[44.189s] -- Installing: /root/ros2_ws/src/install/livox_ros_driver2/include/livox_ros_driver2/livox_ros_driver2/msg/detail/custom_msg__rosidl_typesupport_fastrtps_c.h
[44.190s] -- Installing: /root/ros2_ws/src/install/livox_ros_driver2/include/livox_ros_driver2/livox_ros_driver2/msg/rosidl_typesupport_fastrtps_c__visibility_control.h
[44.190s] -- Installing: /root/ros2_ws/src/install/livox_ros_driver2/lib/liblivox_ros_driver2__rosidl_typesupport_fastrtps_c.so
[44.190s] -- Set runtime path of "/root/ros2_ws/src/install/livox_ros_driver2/lib/liblivox_ros_driver2__rosidl_typesupport_fastrtps_c.so" to ""
[44.193s] -- Up-to-date: /root/ros2_ws/src/install/livox_ros_driver2/include/livox_ros_driver2/livox_ros_driver2
[44.193s] -- Up-to-date: /root/ros2_ws/src/install/livox_ros_driver2/include/livox_ros_driver2/livox_ros_driver2/msg
[44.193s] -- Installing: /root/ros2_ws/src/install/livox_ros_driver2/include/livox_ros_driver2/livox_ros_driver2/msg/rosidl_typesupport_introspection_c__visibility_control.h
[44.193s] -- Up-to-date: /root/ros2_ws/src/install/livox_ros_driver2/include/livox_ros_driver2/livox_ros_driver2/msg/detail
[44.193s] -- Installing: /root/ros2_ws/src/install/livox_ros_driver2/include/livox_ros_driver2/livox_ros_driver2/msg/detail/custom_msg__rosidl_typesupport_introspection_c.h
[44.193s] -- Installing: /root/ros2_ws/src/install/livox_ros_driver2/include/livox_ros_driver2/livox_ros_driver2/msg/detail/custom_msg__type_support.c
[44.193s] -- Installing: /root/ros2_ws/src/install/livox_ros_driver2/include/livox_ros_driver2/livox_ros_driver2/msg/detail/custom_point__type_support.c
[44.193s] -- Installing: /root/ros2_ws/src/install/livox_ros_driver2/include/livox_ros_driver2/livox_ros_driver2/msg/detail/custom_point__rosidl_typesupport_introspection_c.h
[44.193s] -- Installing: /root/ros2_ws/src/install/livox_ros_driver2/lib/liblivox_ros_driver2__rosidl_typesupport_introspection_c.so
[44.194s] -- Set runtime path of "/root/ros2_ws/src/install/livox_ros_driver2/lib/liblivox_ros_driver2__rosidl_typesupport_introspection_c.so" to ""
[44.194s] -- Installing: /root/ros2_ws/src/install/livox_ros_driver2/lib/liblivox_ros_driver2__rosidl_typesupport_c.so
[44.194s] -- Set runtime path of "/root/ros2_ws/src/install/livox_ros_driver2/lib/liblivox_ros_driver2__rosidl_typesupport_c.so" to ""
[44.196s] -- Up-to-date: /root/ros2_ws/src/install/livox_ros_driver2/include/livox_ros_driver2/livox_ros_driver2
[44.196s] -- Up-to-date: /root/ros2_ws/src/install/livox_ros_driver2/include/livox_ros_driver2/livox_ros_driver2/msg
[44.196s] -- Up-to-date: /root/ros2_ws/src/install/livox_ros_driver2/include/livox_ros_driver2/livox_ros_driver2/msg/detail
[44.197s] -- Installing: /root/ros2_ws/src/install/livox_ros_driver2/include/livox_ros_driver2/livox_ros_driver2/msg/detail/custom_msg__traits.hpp
[44.197s] -- Installing: /root/ros2_ws/src/install/livox_ros_driver2/include/livox_ros_driver2/livox_ros_driver2/msg/detail/custom_msg__builder.hpp
[44.198s] -- Installing: /root/ros2_ws/src/install/livox_ros_driver2/include/livox_ros_driver2/livox_ros_driver2/msg/detail/custom_msg__type_support.hpp
[44.198s] -- Installing: /root/ros2_ws/src/install/livox_ros_driver2/include/livox_ros_driver2/livox_ros_driver2/msg/detail/custom_point__struct.hpp
[44.198s] -- Installing: /root/ros2_ws/src/install/livox_ros_driver2/include/livox_ros_driver2/livox_ros_driver2/msg/detail/custom_point__builder.hpp
[44.198s] -- Installing: /root/ros2_ws/src/install/livox_ros_driver2/include/livox_ros_driver2/livox_ros_driver2/msg/detail/custom_msg__struct.hpp
[44.198s] -- Installing: /root/ros2_ws/src/install/livox_ros_driver2/include/livox_ros_driver2/livox_ros_driver2/msg/detail/custom_point__traits.hpp
[44.198s] -- Installing: /root/ros2_ws/src/install/livox_ros_driver2/include/livox_ros_driver2/livox_ros_driver2/msg/detail/custom_point__type_support.hpp
[44.198s] -- Installing: /root/ros2_ws/src/install/livox_ros_driver2/include/livox_ros_driver2/livox_ros_driver2/msg/custom_point.hpp
[44.199s] -- Installing: /root/ros2_ws/src/install/livox_ros_driver2/include/livox_ros_driver2/livox_ros_driver2/msg/custom_msg.hpp
[44.199s] -- Installing: /root/ros2_ws/src/install/livox_ros_driver2/include/livox_ros_driver2/livox_ros_driver2/msg/rosidl_generator_cpp__visibility_control.hpp
[44.199s] -- Up-to-date: /root/ros2_ws/src/install/livox_ros_driver2/include/livox_ros_driver2/livox_ros_driver2
[44.199s] -- Up-to-date: /root/ros2_ws/src/install/livox_ros_driver2/include/livox_ros_driver2/livox_ros_driver2/msg
[44.199s] -- Up-to-date: /root/ros2_ws/src/install/livox_ros_driver2/include/livox_ros_driver2/livox_ros_driver2/msg/detail
[44.199s] -- Installing: /root/ros2_ws/src/install/livox_ros_driver2/include/livox_ros_driver2/livox_ros_driver2/msg/detail/dds_fastrtps
[44.199s] -- Installing: /root/ros2_ws/src/install/livox_ros_driver2/include/livox_ros_driver2/livox_ros_driver2/msg/detail/custom_point__rosidl_typesupport_fastrtps_cpp.hpp
[44.199s] -- Installing: /root/ros2_ws/src/install/livox_ros_driver2/include/livox_ros_driver2/livox_ros_driver2/msg/detail/custom_msg__rosidl_typesupport_fastrtps_cpp.hpp
[44.199s] -- Installing: /root/ros2_ws/src/install/livox_ros_driver2/include/livox_ros_driver2/livox_ros_driver2/msg/rosidl_typesupport_fastrtps_cpp__visibility_control.h
[44.199s] -- Installing: /root/ros2_ws/src/install/livox_ros_driver2/lib/liblivox_ros_driver2__rosidl_typesupport_fastrtps_cpp.so
[44.199s] -- Set runtime path of "/root/ros2_ws/src/install/livox_ros_driver2/lib/liblivox_ros_driver2__rosidl_typesupport_fastrtps_cpp.so" to ""
[44.200s] -- Up-to-date: /root/ros2_ws/src/install/livox_ros_driver2/include/livox_ros_driver2/livox_ros_driver2
[44.200s] -- Up-to-date: /root/ros2_ws/src/install/livox_ros_driver2/include/livox_ros_driver2/livox_ros_driver2/msg
[44.200s] -- Up-to-date: /root/ros2_ws/src/install/livox_ros_driver2/include/livox_ros_driver2/livox_ros_driver2/msg/detail
[44.200s] -- Installing: /root/ros2_ws/src/install/livox_ros_driver2/include/livox_ros_driver2/livox_ros_driver2/msg/detail/custom_point__type_support.cpp
[44.202s] -- Installing: /root/ros2_ws/src/install/livox_ros_driver2/include/livox_ros_driver2/livox_ros_driver2/msg/detail/custom_msg__rosidl_typesupport_introspection_cpp.hpp
[44.202s] -- Installing: /root/ros2_ws/src/install/livox_ros_driver2/include/livox_ros_driver2/livox_ros_driver2/msg/detail/custom_msg__type_support.cpp
[44.202s] -- Installing: /root/ros2_ws/src/install/livox_ros_driver2/include/livox_ros_driver2/livox_ros_driver2/msg/detail/custom_point__rosidl_typesupport_introspection_cpp.hpp
[44.202s] -- Installing: /root/ros2_ws/src/install/livox_ros_driver2/lib/liblivox_ros_driver2__rosidl_typesupport_introspection_cpp.so
[44.202s] -- Set runtime path of "/root/ros2_ws/src/install/livox_ros_driver2/lib/liblivox_ros_driver2__rosidl_typesupport_introspection_cpp.so" to ""
[44.203s] -- Installing: /root/ros2_ws/src/install/livox_ros_driver2/lib/liblivox_ros_driver2__rosidl_typesupport_cpp.so
[44.206s] -- Set runtime path of "/root/ros2_ws/src/install/livox_ros_driver2/lib/liblivox_ros_driver2__rosidl_typesupport_cpp.so" to ""
[44.206s] -- Installing: /root/ros2_ws/src/install/livox_ros_driver2/share/livox_ros_driver2/environment/pythonpath.sh
[44.206s] -- Installing: /root/ros2_ws/src/install/livox_ros_driver2/share/livox_ros_driver2/environment/pythonpath.dsv
[44.206s] -- Installing: /root/ros2_ws/src/install/livox_ros_driver2/local/lib/python3.10/dist-packages/livox_ros_driver2-1.0.0-py3.10.egg-info
[44.206s] -- Installing: /root/ros2_ws/src/install/livox_ros_driver2/local/lib/python3.10/dist-packages/livox_ros_driver2-1.0.0-py3.10.egg-info/PKG-INFO
[44.207s] -- Installing: /root/ros2_ws/src/install/livox_ros_driver2/local/lib/python3.10/dist-packages/livox_ros_driver2-1.0.0-py3.10.egg-info/dependency_links.txt
[44.207s] -- Installing: /root/ros2_ws/src/install/livox_ros_driver2/local/lib/python3.10/dist-packages/livox_ros_driver2-1.0.0-py3.10.egg-info/SOURCES.txt
[44.207s] -- Installing: /root/ros2_ws/src/install/livox_ros_driver2/local/lib/python3.10/dist-packages/livox_ros_driver2-1.0.0-py3.10.egg-info/top_level.txt
[44.207s] -- Installing: /root/ros2_ws/src/install/livox_ros_driver2/local/lib/python3.10/dist-packages/livox_ros_driver2
[44.207s] -- Installing: /root/ros2_ws/src/install/livox_ros_driver2/local/lib/python3.10/dist-packages/livox_ros_driver2/_livox_ros_driver2_s.ep.rosidl_typesupport_fastrtps_c.c
[44.207s] -- Installing: /root/ros2_ws/src/install/livox_ros_driver2/local/lib/python3.10/dist-packages/livox_ros_driver2/_livox_ros_driver2_s.ep.rosidl_typesupport_introspection_c.c
[44.207s] -- Installing: /root/ros2_ws/src/install/livox_ros_driver2/local/lib/python3.10/dist-packages/livox_ros_driver2/livox_ros_driver2_s__rosidl_typesupport_fastrtps_c.cpython-310-x86_64-linux-gnu.so
[44.207s] -- Installing: /root/ros2_ws/src/install/livox_ros_driver2/local/lib/python3.10/dist-packages/livox_ros_driver2/livox_ros_driver2_s__rosidl_typesupport_c.cpython-310-x86_64-linux-gnu.so
[44.207s] -- Installing: /root/ros2_ws/src/install/livox_ros_driver2/local/lib/python3.10/dist-packages/livox_ros_driver2/_livox_ros_driver2_s.ep.rosidl_typesupport_c.c
[44.207s] -- Installing: /root/ros2_ws/src/install/livox_ros_driver2/local/lib/python3.10/dist-packages/livox_ros_driver2/liblivox_interfaces2__rosidl_generator_py.so
[44.208s] -- Installing: /root/ros2_ws/src/install/livox_ros_driver2/local/lib/python3.10/dist-packages/livox_ros_driver2/livox_ros_driver2_s__rosidl_typesupport_introspection_c.cpython-310-x86_64-linux-gnu.so
[44.208s] -- Installing: /root/ros2_ws/src/install/livox_ros_driver2/local/lib/python3.10/dist-packages/livox_ros_driver2/__init__.py
[44.208s] -- Installing: /root/ros2_ws/src/install/livox_ros_driver2/local/lib/python3.10/dist-packages/livox_ros_driver2/msg
[44.208s] -- Installing: /root/ros2_ws/src/install/livox_ros_driver2/local/lib/python3.10/dist-packages/livox_ros_driver2/msg/_custom_point.py
[44.208s] -- Installing: /root/ros2_ws/src/install/livox_ros_driver2/local/lib/python3.10/dist-packages/livox_ros_driver2/msg/_custom_point_s.c
[44.208s] -- Installing: /root/ros2_ws/src/install/livox_ros_driver2/local/lib/python3.10/dist-packages/livox_ros_driver2/msg/_custom_msg.py
[44.208s] -- Installing: /root/ros2_ws/src/install/livox_ros_driver2/local/lib/python3.10/dist-packages/livox_ros_driver2/msg/__init__.py
[44.208s] -- Installing: /root/ros2_ws/src/install/livox_ros_driver2/local/lib/python3.10/dist-packages/livox_ros_driver2/msg/_custom_msg_s.c
[44.288s] Listing '/root/ros2_ws/src/install/livox_ros_driver2/local/lib/python3.10/dist-packages/livox_ros_driver2'...
[44.288s] Compiling '/root/ros2_ws/src/install/livox_ros_driver2/local/lib/python3.10/dist-packages/livox_ros_driver2/__init__.py'...
[44.288s] Listing '/root/ros2_ws/src/install/livox_ros_driver2/local/lib/python3.10/dist-packages/livox_ros_driver2/msg'...
[44.288s] Compiling '/root/ros2_ws/src/install/livox_ros_driver2/local/lib/python3.10/dist-packages/livox_ros_driver2/msg/__init__.py'...
[44.289s] Compiling '/root/ros2_ws/src/install/livox_ros_driver2/local/lib/python3.10/dist-packages/livox_ros_driver2/msg/_custom_msg.py'...
[44.289s] Compiling '/root/ros2_ws/src/install/livox_ros_driver2/local/lib/python3.10/dist-packages/livox_ros_driver2/msg/_custom_point.py'...
[44.300s] -- Installing: /root/ros2_ws/src/install/livox_ros_driver2/local/lib/python3.10/dist-packages/livox_ros_driver2/livox_ros_driver2_s__rosidl_typesupport_fastrtps_c.cpython-310-x86_64-linux-gnu.so
[44.300s] -- Set runtime path of "/root/ros2_ws/src/install/livox_ros_driver2/local/lib/python3.10/dist-packages/livox_ros_driver2/livox_ros_driver2_s__rosidl_typesupport_fastrtps_c.cpython-310-x86_64-linux-gnu.so" to ""
[44.301s] -- Installing: /root/ros2_ws/src/install/livox_ros_driver2/local/lib/python3.10/dist-packages/livox_ros_driver2/livox_ros_driver2_s__rosidl_typesupport_introspection_c.cpython-310-x86_64-linux-gnu.so
[44.301s] -- Set runtime path of "/root/ros2_ws/src/install/livox_ros_driver2/local/lib/python3.10/dist-packages/livox_ros_driver2/livox_ros_driver2_s__rosidl_typesupport_introspection_c.cpython-310-x86_64-linux-gnu.so" to ""
[44.301s] -- Installing: /root/ros2_ws/src/install/livox_ros_driver2/local/lib/python3.10/dist-packages/livox_ros_driver2/livox_ros_driver2_s__rosidl_typesupport_c.cpython-310-x86_64-linux-gnu.so
[44.301s] -- Set runtime path of "/root/ros2_ws/src/install/livox_ros_driver2/local/lib/python3.10/dist-packages/livox_ros_driver2/livox_ros_driver2_s__rosidl_typesupport_c.cpython-310-x86_64-linux-gnu.so" to ""
[44.301s] -- Installing: /root/ros2_ws/src/install/livox_ros_driver2/lib/liblivox_interfaces2__rosidl_generator_py.so
[44.301s] -- Set runtime path of "/root/ros2_ws/src/install/livox_ros_driver2/lib/liblivox_interfaces2__rosidl_generator_py.so" to ""
[44.302s] -- Installing: /root/ros2_ws/src/install/livox_ros_driver2/share/livox_ros_driver2/msg/CustomPoint.idl
[44.302s] -- Installing: /root/ros2_ws/src/install/livox_ros_driver2/share/livox_ros_driver2/msg/CustomMsg.idl
[44.302s] -- Installing: /root/ros2_ws/src/install/livox_ros_driver2/share/livox_ros_driver2/msg/CustomPoint.msg
[44.302s] -- Installing: /root/ros2_ws/src/install/livox_ros_driver2/share/livox_ros_driver2/msg/CustomMsg.msg
[44.303s] -- Installing: /root/ros2_ws/src/install/livox_ros_driver2/lib/livox_ros_driver2/livox_ros_driver2_node
[44.304s] -- Set runtime path of "/root/ros2_ws/src/install/livox_ros_driver2/lib/livox_ros_driver2/livox_ros_driver2_node" to ""
[44.304s] -- Installing: /root/ros2_ws/src/install/livox_ros_driver2/lib/liblivox_ros_driver2.so
[44.312s] -- Set runtime path of "/root/ros2_ws/src/install/livox_ros_driver2/lib/liblivox_ros_driver2.so" to ""
[44.312s] -- Installing: /root/ros2_ws/src/install/livox_ros_driver2/share/livox_ros_driver2/config
[44.312s] -- Installing: /root/ros2_ws/src/install/livox_ros_driver2/share/livox_ros_driver2/config/MID360_config.json
[44.320s] -- Installing: /root/ros2_ws/src/install/livox_ros_driver2/share/livox_ros_driver2/config/display_point_cloud_ROS1.rviz
[44.321s] -- Installing: /root/ros2_ws/src/install/livox_ros_driver2/share/livox_ros_driver2/config/HAP_config.json
[44.321s] -- Installing: /root/ros2_ws/src/install/livox_ros_driver2/share/livox_ros_driver2/config/mixed_HAP_MID360_config.json
[44.321s] -- Installing: /root/ros2_ws/src/install/livox_ros_driver2/share/livox_ros_driver2/config/display_point_cloud_ROS2.rviz
[44.322s] -- Installing: /root/ros2_ws/src/install/livox_ros_driver2/share/livox_ros_driver2/launch_ROS2
[44.322s] -- Installing: /root/ros2_ws/src/install/livox_ros_driver2/share/livox_ros_driver2/launch_ROS2/msg_MID360_launch.py
[44.322s] -- Installing: /root/ros2_ws/src/install/livox_ros_driver2/share/livox_ros_driver2/launch_ROS2/rviz_mixed.py
[44.322s] -- Installing: /root/ros2_ws/src/install/livox_ros_driver2/share/livox_ros_driver2/launch_ROS2/rviz_MID360_launch.py
[44.322s] -- Installing: /root/ros2_ws/src/install/livox_ros_driver2/share/livox_ros_driver2/launch_ROS2/rviz_HAP_launch.py
[44.322s] -- Installing: /root/ros2_ws/src/install/livox_ros_driver2/share/livox_ros_driver2/launch_ROS2/msg_HAP_launch.py
[44.326s] -- Installing: /root/ros2_ws/src/install/livox_ros_driver2/share/ament_index/resource_index/package_run_dependencies/livox_ros_driver2
[44.327s] -- Installing: /root/ros2_ws/src/install/livox_ros_driver2/share/ament_index/resource_index/parent_prefix_path/livox_ros_driver2
[44.330s] -- Installing: /root/ros2_ws/src/install/livox_ros_driver2/share/livox_ros_driver2/environment/ament_prefix_path.sh
[44.330s] -- Installing: /root/ros2_ws/src/install/livox_ros_driver2/share/livox_ros_driver2/environment/ament_prefix_path.dsv
[44.330s] -- Installing: /root/ros2_ws/src/install/livox_ros_driver2/share/livox_ros_driver2/environment/path.sh
[44.330s] -- Installing: /root/ros2_ws/src/install/livox_ros_driver2/share/livox_ros_driver2/environment/path.dsv
[44.331s] -- Installing: /root/ros2_ws/src/install/livox_ros_driver2/share/livox_ros_driver2/local_setup.bash
[44.331s] -- Installing: /root/ros2_ws/src/install/livox_ros_driver2/share/livox_ros_driver2/local_setup.sh
[44.331s] -- Installing: /root/ros2_ws/src/install/livox_ros_driver2/share/livox_ros_driver2/local_setup.zsh
[44.331s] -- Installing: /root/ros2_ws/src/install/livox_ros_driver2/share/livox_ros_driver2/local_setup.dsv
[44.331s] -- Installing: /root/ros2_ws/src/install/livox_ros_driver2/share/livox_ros_driver2/package.dsv
[44.331s] -- Installing: /root/ros2_ws/src/install/livox_ros_driver2/share/ament_index/resource_index/packages/livox_ros_driver2
[44.331s] -- Installing: /root/ros2_ws/src/install/livox_ros_driver2/share/livox_ros_driver2/cmake/export_livox_interfaces2__rosidl_generator_cExport.cmake
[44.333s] -- Installing: /root/ros2_ws/src/install/livox_ros_driver2/share/livox_ros_driver2/cmake/export_livox_interfaces2__rosidl_generator_cExport-noconfig.cmake
[44.333s] -- Installing: /root/ros2_ws/src/install/livox_ros_driver2/share/livox_ros_driver2/cmake/export_livox_interfaces2__rosidl_typesupport_fastrtps_cExport.cmake
[44.334s] -- Installing: /root/ros2_ws/src/install/livox_ros_driver2/share/livox_ros_driver2/cmake/export_livox_interfaces2__rosidl_typesupport_fastrtps_cExport-noconfig.cmake
[44.334s] -- Installing: /root/ros2_ws/src/install/livox_ros_driver2/share/livox_ros_driver2/cmake/livox_interfaces2__rosidl_typesupport_introspection_cExport.cmake
[44.334s] -- Installing: /root/ros2_ws/src/install/livox_ros_driver2/share/livox_ros_driver2/cmake/livox_interfaces2__rosidl_typesupport_introspection_cExport-noconfig.cmake
[44.335s] -- Installing: /root/ros2_ws/src/install/livox_ros_driver2/share/livox_ros_driver2/cmake/livox_interfaces2__rosidl_typesupport_cExport.cmake
[44.335s] -- Installing: /root/ros2_ws/src/install/livox_ros_driver2/share/livox_ros_driver2/cmake/livox_interfaces2__rosidl_typesupport_cExport-noconfig.cmake
[44.335s] -- Installing: /root/ros2_ws/src/install/livox_ros_driver2/share/livox_ros_driver2/cmake/export_livox_interfaces2__rosidl_generator_cppExport.cmake
[44.335s] -- Installing: /root/ros2_ws/src/install/livox_ros_driver2/share/livox_ros_driver2/cmake/export_livox_interfaces2__rosidl_typesupport_fastrtps_cppExport.cmake
[44.336s] -- Installing: /root/ros2_ws/src/install/livox_ros_driver2/share/livox_ros_driver2/cmake/export_livox_interfaces2__rosidl_typesupport_fastrtps_cppExport-noconfig.cmake
[44.336s] -- Installing: /root/ros2_ws/src/install/livox_ros_driver2/share/livox_ros_driver2/cmake/livox_interfaces2__rosidl_typesupport_introspection_cppExport.cmake
[44.336s] -- Installing: /root/ros2_ws/src/install/livox_ros_driver2/share/livox_ros_driver2/cmake/livox_interfaces2__rosidl_typesupport_introspection_cppExport-noconfig.cmake
[44.342s] -- Installing: /root/ros2_ws/src/install/livox_ros_driver2/share/livox_ros_driver2/cmake/livox_interfaces2__rosidl_typesupport_cppExport.cmake
[44.343s] -- Installing: /root/ros2_ws/src/install/livox_ros_driver2/share/livox_ros_driver2/cmake/livox_interfaces2__rosidl_typesupport_cppExport-noconfig.cmake
[44.346s] -- Installing: /root/ros2_ws/src/install/livox_ros_driver2/share/livox_ros_driver2/cmake/export_livox_interfaces2__rosidl_generator_pyExport.cmake
[44.346s] -- Installing: /root/ros2_ws/src/install/livox_ros_driver2/share/livox_ros_driver2/cmake/export_livox_interfaces2__rosidl_generator_pyExport-noconfig.cmake
[44.346s] -- Installing: /root/ros2_ws/src/install/livox_ros_driver2/share/ament_index/resource_index/rclcpp_components/livox_ros_driver2
[44.347s] -- Installing: /root/ros2_ws/src/install/livox_ros_driver2/share/livox_ros_driver2/cmake/rosidl_cmake-extras.cmake
[44.347s] -- Installing: /root/ros2_ws/src/install/livox_ros_driver2/share/livox_ros_driver2/cmake/ament_cmake_export_dependencies-extras.cmake
[44.347s] -- Installing: /root/ros2_ws/src/install/livox_ros_driver2/share/livox_ros_driver2/cmake/ament_cmake_export_include_directories-extras.cmake
[44.347s] -- Installing: /root/ros2_ws/src/install/livox_ros_driver2/share/livox_ros_driver2/cmake/ament_cmake_export_libraries-extras.cmake
[44.347s] -- Installing: /root/ros2_ws/src/install/livox_ros_driver2/share/livox_ros_driver2/cmake/ament_cmake_export_targets-extras.cmake
[44.347s] -- Installing: /root/ros2_ws/src/install/livox_ros_driver2/share/livox_ros_driver2/cmake/rosidl_cmake_export_typesupport_targets-extras.cmake
[44.347s] -- Installing: /root/ros2_ws/src/install/livox_ros_driver2/share/livox_ros_driver2/cmake/rosidl_cmake_export_typesupport_libraries-extras.cmake
[44.347s] -- Installing: /root/ros2_ws/src/install/livox_ros_driver2/share/livox_ros_driver2/cmake/livox_ros_driver2Config.cmake
[44.347s] -- Installing: /root/ros2_ws/src/install/livox_ros_driver2/share/livox_ros_driver2/cmake/livox_ros_driver2Config-version.cmake
[44.347s] -- Installing: /root/ros2_ws/src/install/livox_ros_driver2/share/livox_ros_driver2/package.xml
[44.352s] Invoked command in '/root/ros2_ws/src/build/livox_ros_driver2' returned '0': CMAKE_PREFIX_PATH=/opt/ros/humble /usr/bin/cmake --install /root/ros2_ws/src/build/livox_ros_driver2
