[0.652s] Invoking command in '/root/ros2_ws/src/build/waypoint_rviz_plugin': CMAKE_PREFIX_PATH=/opt/ros/humble /usr/bin/cmake --build /root/ros2_ws/src/build/waypoint_rviz_plugin -- -j24 -l24
[0.693s] [ 16%] [34m[1mAutomatic MOC for target waypoint_rviz_plugin[0m
[0.710s] [ 16%] Built target waypoint_rviz_plugin_autogen
[0.760s] [35m[1mConsolidate compiler generated dependencies of target waypoint_rviz_plugin[0m
[0.801s] [100%] Built target waypoint_rviz_plugin
[0.929s] Invoked command in '/root/ros2_ws/src/build/waypoint_rviz_plugin' returned '0': CMAKE_PREFIX_PATH=/opt/ros/humble /usr/bin/cmake --build /root/ros2_ws/src/build/waypoint_rviz_plugin -- -j24 -l24
[0.930s] Invoking command in '/root/ros2_ws/src/build/waypoint_rviz_plugin': CMAKE_PREFIX_PATH=/opt/ros/humble /usr/bin/cmake --install /root/ros2_ws/src/build/waypoint_rviz_plugin
[0.946s] -- Install configuration: ""
[0.946s] -- Up-to-date: /root/ros2_ws/src/install/waypoint_rviz_plugin/share/waypoint_rviz_plugin/plugin_description.xml
[0.947s] -- Up-to-date: /root/ros2_ws/src/install/waypoint_rviz_plugin/lib/waypoint_rviz_plugin/libwaypoint_rviz_plugin.so
[0.947s] -- Up-to-date: /root/ros2_ws/src/install/waypoint_rviz_plugin/share/ament_index/resource_index/package_run_dependencies/waypoint_rviz_plugin
[0.948s] -- Up-to-date: /root/ros2_ws/src/install/waypoint_rviz_plugin/share/ament_index/resource_index/parent_prefix_path/waypoint_rviz_plugin
[0.948s] -- Up-to-date: /root/ros2_ws/src/install/waypoint_rviz_plugin/share/waypoint_rviz_plugin/environment/ament_prefix_path.sh
[0.948s] -- Up-to-date: /root/ros2_ws/src/install/waypoint_rviz_plugin/share/waypoint_rviz_plugin/environment/ament_prefix_path.dsv
[0.948s] -- Up-to-date: /root/ros2_ws/src/install/waypoint_rviz_plugin/share/waypoint_rviz_plugin/environment/path.sh
[0.948s] -- Up-to-date: /root/ros2_ws/src/install/waypoint_rviz_plugin/share/waypoint_rviz_plugin/environment/path.dsv
[0.948s] -- Up-to-date: /root/ros2_ws/src/install/waypoint_rviz_plugin/share/waypoint_rviz_plugin/local_setup.bash
[0.948s] -- Up-to-date: /root/ros2_ws/src/install/waypoint_rviz_plugin/share/waypoint_rviz_plugin/local_setup.sh
[0.948s] -- Up-to-date: /root/ros2_ws/src/install/waypoint_rviz_plugin/share/waypoint_rviz_plugin/local_setup.zsh
[0.948s] -- Up-to-date: /root/ros2_ws/src/install/waypoint_rviz_plugin/share/waypoint_rviz_plugin/local_setup.dsv
[0.948s] -- Installing: /root/ros2_ws/src/install/waypoint_rviz_plugin/share/waypoint_rviz_plugin/package.dsv
[0.948s] -- Up-to-date: /root/ros2_ws/src/install/waypoint_rviz_plugin/share/ament_index/resource_index/packages/waypoint_rviz_plugin
[0.948s] -- Up-to-date: /root/ros2_ws/src/install/waypoint_rviz_plugin/share/ament_index/resource_index/rviz_common__pluginlib__plugin/waypoint_rviz_plugin
[0.948s] -- Up-to-date: /root/ros2_ws/src/install/waypoint_rviz_plugin/share/waypoint_rviz_plugin/cmake/ament_cmake_export_dependencies-extras.cmake
[0.948s] -- Up-to-date: /root/ros2_ws/src/install/waypoint_rviz_plugin/share/waypoint_rviz_plugin/cmake/waypoint_rviz_pluginConfig.cmake
[0.948s] -- Up-to-date: /root/ros2_ws/src/install/waypoint_rviz_plugin/share/waypoint_rviz_plugin/cmake/waypoint_rviz_pluginConfig-version.cmake
[0.948s] -- Up-to-date: /root/ros2_ws/src/install/waypoint_rviz_plugin/share/waypoint_rviz_plugin/package.xml
[0.990s] Invoked command in '/root/ros2_ws/src/build/waypoint_rviz_plugin' returned '0': CMAKE_PREFIX_PATH=/opt/ros/humble /usr/bin/cmake --install /root/ros2_ws/src/build/waypoint_rviz_plugin
