[0.062s] DEBUG:colcon:Command line arguments: ['/usr/bin/colcon', 'build']
[0.062s] DEBUG:colcon:Parsed command line arguments: Namespace(log_base=None, log_level=None, verb_name='build', build_base='build', install_base='install', merge_install=False, symlink_install=False, test_result_base=None, continue_on_error=False, executor='parallel', parallel_workers=24, event_handlers=None, ignore_user_meta=False, metas=['./colcon.meta'], base_paths=['.'], packages_ignore=None, packages_ignore_regex=None, paths=None, packages_up_to=None, packages_up_to_regex=None, packages_above=None, packages_above_and_dependencies=None, packages_above_depth=None, packages_select_by_dep=None, packages_skip_by_dep=None, packages_skip_up_to=None, packages_select_build_failed=False, packages_skip_build_finished=False, packages_select_test_failures=False, packages_skip_test_passed=False, packages_select=None, packages_skip=None, packages_select_regex=None, packages_skip_regex=None, packages_start=None, packages_end=None, cmake_args=None, cmake_target=None, cmake_target_skip_unavailable=False, cmake_clean_cache=False, cmake_clean_first=False, cmake_force_configure=False, ament_cmake_args=None, catkin_cmake_args=None, catkin_skip_building_tests=False, mixin_files=None, mixin=None, verb_parser=<colcon_mixin.mixin.mixin_argument.MixinArgumentDecorator object at 0x7187de4cfca0>, verb_extension=<colcon_core.verb.build.BuildVerb object at 0x7187de4cf610>, main=<bound method BuildVerb.main of <colcon_core.verb.build.BuildVerb object at 0x7187de4cf610>>, mixin_verb=('build',))
[0.164s] Level 1:colcon.colcon_core.package_discovery:discover_packages(colcon_meta) check parameters
[0.164s] INFO:colcon.colcon_metadata.package_discovery.colcon_meta:Using configuration from '/root/.colcon/metadata/default/Gazebo.meta'
[0.165s] INFO:colcon.colcon_metadata.package_discovery.colcon_meta:Using configuration from '/root/.colcon/metadata/default/fastdds.meta'
[0.165s] INFO:colcon.colcon_metadata.package_discovery.colcon_meta:Using configuration from '/root/.colcon/metadata/default/fastrtps.meta'
[0.165s] Level 1:colcon.colcon_core.package_discovery:discover_packages(recursive) check parameters
[0.165s] Level 1:colcon.colcon_core.package_discovery:discover_packages(ignore) check parameters
[0.165s] Level 1:colcon.colcon_core.package_discovery:discover_packages(path) check parameters
[0.165s] Level 1:colcon.colcon_core.package_discovery:discover_packages(colcon_meta) discover
[0.165s] Level 1:colcon.colcon_core.package_discovery:discover_packages(recursive) discover
[0.165s] INFO:colcon.colcon_core.package_discovery:Crawling recursively for packages in '/root/ros2_ws/src/slam/SuperOdom/super_odometry'
[0.165s] Level 1:colcon.colcon_core.package_identification:_identify(.) by extensions ['ignore', 'ignore_ament_install']
[0.165s] Level 1:colcon.colcon_core.package_identification:_identify(.) by extension 'ignore'
[0.165s] Level 1:colcon.colcon_core.package_identification:_identify(.) by extension 'ignore_ament_install'
[0.165s] Level 1:colcon.colcon_core.package_identification:_identify(.) by extensions ['colcon_pkg']
[0.165s] Level 1:colcon.colcon_core.package_identification:_identify(.) by extension 'colcon_pkg'
[0.165s] Level 1:colcon.colcon_core.package_identification:_identify(.) by extensions ['colcon_meta']
[0.165s] Level 1:colcon.colcon_core.package_identification:_identify(.) by extension 'colcon_meta'
[0.165s] Level 1:colcon.colcon_core.package_identification:_identify(.) by extensions ['ros']
[0.165s] Level 1:colcon.colcon_core.package_identification:_identify(.) by extension 'ros'
[0.171s] DEBUG:colcon.colcon_core.package_identification:Package '.' with type 'ros.ament_cmake' and name 'super_odometry'
[0.171s] Level 1:colcon.colcon_core.package_discovery:discover_packages(recursive) using defaults
[0.171s] Level 1:colcon.colcon_core.package_discovery:discover_packages(ignore) discover
[0.171s] Level 1:colcon.colcon_core.package_discovery:discover_packages(ignore) using defaults
[0.171s] Level 1:colcon.colcon_core.package_discovery:discover_packages(path) discover
[0.171s] Level 1:colcon.colcon_core.package_discovery:discover_packages(path) using defaults
[0.187s] Level 5:colcon.colcon_core.verb:set package 'super_odometry' build argument 'cmake_args' from command line to 'None'
[0.187s] Level 5:colcon.colcon_core.verb:set package 'super_odometry' build argument 'cmake_target' from command line to 'None'
[0.187s] Level 5:colcon.colcon_core.verb:set package 'super_odometry' build argument 'cmake_target_skip_unavailable' from command line to 'False'
[0.187s] Level 5:colcon.colcon_core.verb:set package 'super_odometry' build argument 'cmake_clean_cache' from command line to 'False'
[0.187s] Level 5:colcon.colcon_core.verb:set package 'super_odometry' build argument 'cmake_clean_first' from command line to 'False'
[0.187s] Level 5:colcon.colcon_core.verb:set package 'super_odometry' build argument 'cmake_force_configure' from command line to 'False'
[0.187s] Level 5:colcon.colcon_core.verb:set package 'super_odometry' build argument 'ament_cmake_args' from command line to 'None'
[0.187s] Level 5:colcon.colcon_core.verb:set package 'super_odometry' build argument 'catkin_cmake_args' from command line to 'None'
[0.187s] Level 5:colcon.colcon_core.verb:set package 'super_odometry' build argument 'catkin_skip_building_tests' from command line to 'False'
[0.187s] DEBUG:colcon.colcon_core.verb:Building package 'super_odometry' with the following arguments: {'ament_cmake_args': None, 'build_base': '/root/ros2_ws/src/slam/SuperOdom/super_odometry/build/super_odometry', 'catkin_cmake_args': None, 'catkin_skip_building_tests': False, 'cmake_args': None, 'cmake_clean_cache': False, 'cmake_clean_first': False, 'cmake_force_configure': False, 'cmake_target': None, 'cmake_target_skip_unavailable': False, 'install_base': '/root/ros2_ws/src/slam/SuperOdom/super_odometry/install/super_odometry', 'merge_install': False, 'path': '/root/ros2_ws/src/slam/SuperOdom/super_odometry', 'symlink_install': False, 'test_result_base': None}
[0.187s] INFO:colcon.colcon_core.executor:Executing jobs using 'parallel' executor
[0.188s] DEBUG:colcon.colcon_parallel_executor.executor.parallel:run_until_complete
[0.188s] INFO:colcon.colcon_ros.task.ament_cmake.build:Building ROS package in '/root/ros2_ws/src/slam/SuperOdom/super_odometry' with build type 'ament_cmake'
[0.188s] INFO:colcon.colcon_cmake.task.cmake.build:Building CMake package in '/root/ros2_ws/src/slam/SuperOdom/super_odometry'
[0.189s] INFO:colcon.colcon_core.plugin_system:Skipping extension 'colcon_core.shell.bat': Not used on non-Windows systems
[0.189s] INFO:colcon.colcon_core.shell:Skip shell extension 'powershell' for command environment: Not usable outside of PowerShell
[0.189s] DEBUG:colcon.colcon_core.shell:Skip shell extension 'dsv' for command environment
[0.196s] DEBUG:colcon.colcon_core.event_handler.log_command:Invoking command in '/root/ros2_ws/src/slam/SuperOdom/super_odometry/build/super_odometry': CMAKE_PREFIX_PATH=${CMAKE_PREFIX_PATH}:/root/ros2_ws/install/transform_sensors:/root/ros2_ws/install/ros_tcp_endpoint:/opt/ros/humble /usr/bin/cmake /root/ros2_ws/src/slam/SuperOdom/super_odometry -DCMAKE_INSTALL_PREFIX=/root/ros2_ws/src/slam/SuperOdom/super_odometry/install/super_odometry
[2.120s] DEBUG:colcon.colcon_core.event_handler.log_command:Invoked command in '/root/ros2_ws/src/slam/SuperOdom/super_odometry/build/super_odometry' returned '0': CMAKE_PREFIX_PATH=${CMAKE_PREFIX_PATH}:/root/ros2_ws/install/transform_sensors:/root/ros2_ws/install/ros_tcp_endpoint:/opt/ros/humble /usr/bin/cmake /root/ros2_ws/src/slam/SuperOdom/super_odometry -DCMAKE_INSTALL_PREFIX=/root/ros2_ws/src/slam/SuperOdom/super_odometry/install/super_odometry
[2.120s] DEBUG:colcon.colcon_core.event_handler.log_command:Invoking command in '/root/ros2_ws/src/slam/SuperOdom/super_odometry/build/super_odometry': CMAKE_PREFIX_PATH=${CMAKE_PREFIX_PATH}:/root/ros2_ws/install/transform_sensors:/root/ros2_ws/install/ros_tcp_endpoint:/opt/ros/humble /usr/bin/cmake --build /root/ros2_ws/src/slam/SuperOdom/super_odometry/build/super_odometry -- -j24 -l24
[52.457s] DEBUG:colcon.colcon_core.event_handler.log_command:Invoked command in '/root/ros2_ws/src/slam/SuperOdom/super_odometry/build/super_odometry' returned '0': CMAKE_PREFIX_PATH=${CMAKE_PREFIX_PATH}:/root/ros2_ws/install/transform_sensors:/root/ros2_ws/install/ros_tcp_endpoint:/opt/ros/humble /usr/bin/cmake --build /root/ros2_ws/src/slam/SuperOdom/super_odometry/build/super_odometry -- -j24 -l24
[52.462s] DEBUG:colcon.colcon_core.event_handler.log_command:Invoking command in '/root/ros2_ws/src/slam/SuperOdom/super_odometry/build/super_odometry': CMAKE_PREFIX_PATH=${CMAKE_PREFIX_PATH}:/root/ros2_ws/install/transform_sensors:/root/ros2_ws/install/ros_tcp_endpoint:/opt/ros/humble /usr/bin/cmake --install /root/ros2_ws/src/slam/SuperOdom/super_odometry/build/super_odometry
[52.587s] Level 1:colcon.colcon_core.environment:create_environment_scripts_only(super_odometry)
[52.588s] DEBUG:colcon.colcon_core.event_handler.log_command:Invoked command in '/root/ros2_ws/src/slam/SuperOdom/super_odometry/build/super_odometry' returned '0': CMAKE_PREFIX_PATH=${CMAKE_PREFIX_PATH}:/root/ros2_ws/install/transform_sensors:/root/ros2_ws/install/ros_tcp_endpoint:/opt/ros/humble /usr/bin/cmake --install /root/ros2_ws/src/slam/SuperOdom/super_odometry/build/super_odometry
[52.590s] Level 1:colcon.colcon_core.environment:checking '/root/ros2_ws/src/slam/SuperOdom/super_odometry/install/super_odometry' for CMake module files
[52.590s] Level 1:colcon.colcon_core.environment:checking '/root/ros2_ws/src/slam/SuperOdom/super_odometry/install/super_odometry' for CMake config files
[52.590s] Level 1:colcon.colcon_core.shell:create_environment_hook('super_odometry', 'cmake_prefix_path')
[52.591s] INFO:colcon.colcon_core.shell:Creating environment hook '/root/ros2_ws/src/slam/SuperOdom/super_odometry/install/super_odometry/share/super_odometry/hook/cmake_prefix_path.ps1'
[52.591s] INFO:colcon.colcon_core.shell:Creating environment descriptor '/root/ros2_ws/src/slam/SuperOdom/super_odometry/install/super_odometry/share/super_odometry/hook/cmake_prefix_path.dsv'
[52.591s] INFO:colcon.colcon_core.shell:Creating environment hook '/root/ros2_ws/src/slam/SuperOdom/super_odometry/install/super_odometry/share/super_odometry/hook/cmake_prefix_path.sh'
[52.592s] Level 1:colcon.colcon_core.environment:checking '/root/ros2_ws/src/slam/SuperOdom/super_odometry/install/super_odometry/lib'
[52.592s] Level 1:colcon.colcon_core.shell:create_environment_hook('super_odometry', 'ld_library_path_lib')
[52.592s] INFO:colcon.colcon_core.shell:Creating environment hook '/root/ros2_ws/src/slam/SuperOdom/super_odometry/install/super_odometry/share/super_odometry/hook/ld_library_path_lib.ps1'
[52.592s] INFO:colcon.colcon_core.shell:Creating environment descriptor '/root/ros2_ws/src/slam/SuperOdom/super_odometry/install/super_odometry/share/super_odometry/hook/ld_library_path_lib.dsv'
[52.592s] INFO:colcon.colcon_core.shell:Creating environment hook '/root/ros2_ws/src/slam/SuperOdom/super_odometry/install/super_odometry/share/super_odometry/hook/ld_library_path_lib.sh'
[52.593s] Level 1:colcon.colcon_core.environment:checking '/root/ros2_ws/src/slam/SuperOdom/super_odometry/install/super_odometry/bin'
[52.593s] Level 1:colcon.colcon_core.environment:checking '/root/ros2_ws/src/slam/SuperOdom/super_odometry/install/super_odometry/lib/pkgconfig/super_odometry.pc'
[52.593s] Level 1:colcon.colcon_core.environment:checking '/root/ros2_ws/src/slam/SuperOdom/super_odometry/install/super_odometry/lib/python3.10/site-packages'
[52.593s] Level 1:colcon.colcon_core.environment:checking '/root/ros2_ws/src/slam/SuperOdom/super_odometry/install/super_odometry/bin'
[52.593s] INFO:colcon.colcon_core.shell:Creating package script '/root/ros2_ws/src/slam/SuperOdom/super_odometry/install/super_odometry/share/super_odometry/package.ps1'
[52.594s] INFO:colcon.colcon_core.shell:Creating package descriptor '/root/ros2_ws/src/slam/SuperOdom/super_odometry/install/super_odometry/share/super_odometry/package.dsv'
[52.594s] INFO:colcon.colcon_core.shell:Creating package script '/root/ros2_ws/src/slam/SuperOdom/super_odometry/install/super_odometry/share/super_odometry/package.sh'
[52.594s] INFO:colcon.colcon_core.shell:Creating package script '/root/ros2_ws/src/slam/SuperOdom/super_odometry/install/super_odometry/share/super_odometry/package.bash'
[52.595s] INFO:colcon.colcon_core.shell:Creating package script '/root/ros2_ws/src/slam/SuperOdom/super_odometry/install/super_odometry/share/super_odometry/package.zsh'
[52.595s] Level 1:colcon.colcon_core.environment:create_file_with_runtime_dependencies(/root/ros2_ws/src/slam/SuperOdom/super_odometry/install/super_odometry/share/colcon-core/packages/super_odometry)
[52.595s] Level 1:colcon.colcon_core.environment:create_environment_scripts_only(super_odometry)
[52.595s] Level 1:colcon.colcon_core.environment:checking '/root/ros2_ws/src/slam/SuperOdom/super_odometry/install/super_odometry' for CMake module files
[52.596s] Level 1:colcon.colcon_core.environment:checking '/root/ros2_ws/src/slam/SuperOdom/super_odometry/install/super_odometry' for CMake config files
[52.596s] Level 1:colcon.colcon_core.shell:create_environment_hook('super_odometry', 'cmake_prefix_path')
[52.596s] INFO:colcon.colcon_core.shell:Creating environment hook '/root/ros2_ws/src/slam/SuperOdom/super_odometry/install/super_odometry/share/super_odometry/hook/cmake_prefix_path.ps1'
[52.596s] INFO:colcon.colcon_core.shell:Creating environment descriptor '/root/ros2_ws/src/slam/SuperOdom/super_odometry/install/super_odometry/share/super_odometry/hook/cmake_prefix_path.dsv'
[52.596s] INFO:colcon.colcon_core.shell:Creating environment hook '/root/ros2_ws/src/slam/SuperOdom/super_odometry/install/super_odometry/share/super_odometry/hook/cmake_prefix_path.sh'
[52.596s] Level 1:colcon.colcon_core.environment:checking '/root/ros2_ws/src/slam/SuperOdom/super_odometry/install/super_odometry/lib'
[52.596s] Level 1:colcon.colcon_core.shell:create_environment_hook('super_odometry', 'ld_library_path_lib')
[52.596s] INFO:colcon.colcon_core.shell:Creating environment hook '/root/ros2_ws/src/slam/SuperOdom/super_odometry/install/super_odometry/share/super_odometry/hook/ld_library_path_lib.ps1'
[52.597s] INFO:colcon.colcon_core.shell:Creating environment descriptor '/root/ros2_ws/src/slam/SuperOdom/super_odometry/install/super_odometry/share/super_odometry/hook/ld_library_path_lib.dsv'
[52.597s] INFO:colcon.colcon_core.shell:Creating environment hook '/root/ros2_ws/src/slam/SuperOdom/super_odometry/install/super_odometry/share/super_odometry/hook/ld_library_path_lib.sh'
[52.597s] Level 1:colcon.colcon_core.environment:checking '/root/ros2_ws/src/slam/SuperOdom/super_odometry/install/super_odometry/bin'
[52.597s] Level 1:colcon.colcon_core.environment:checking '/root/ros2_ws/src/slam/SuperOdom/super_odometry/install/super_odometry/lib/pkgconfig/super_odometry.pc'
[52.597s] Level 1:colcon.colcon_core.environment:checking '/root/ros2_ws/src/slam/SuperOdom/super_odometry/install/super_odometry/lib/python3.10/site-packages'
[52.597s] Level 1:colcon.colcon_core.environment:checking '/root/ros2_ws/src/slam/SuperOdom/super_odometry/install/super_odometry/bin'
[52.598s] INFO:colcon.colcon_core.shell:Creating package script '/root/ros2_ws/src/slam/SuperOdom/super_odometry/install/super_odometry/share/super_odometry/package.ps1'
[52.598s] INFO:colcon.colcon_core.shell:Creating package descriptor '/root/ros2_ws/src/slam/SuperOdom/super_odometry/install/super_odometry/share/super_odometry/package.dsv'
[52.598s] INFO:colcon.colcon_core.shell:Creating package script '/root/ros2_ws/src/slam/SuperOdom/super_odometry/install/super_odometry/share/super_odometry/package.sh'
[52.598s] INFO:colcon.colcon_core.shell:Creating package script '/root/ros2_ws/src/slam/SuperOdom/super_odometry/install/super_odometry/share/super_odometry/package.bash'
[52.599s] INFO:colcon.colcon_core.shell:Creating package script '/root/ros2_ws/src/slam/SuperOdom/super_odometry/install/super_odometry/share/super_odometry/package.zsh'
[52.599s] Level 1:colcon.colcon_core.environment:create_file_with_runtime_dependencies(/root/ros2_ws/src/slam/SuperOdom/super_odometry/install/super_odometry/share/colcon-core/packages/super_odometry)
[52.599s] DEBUG:colcon.colcon_parallel_executor.executor.parallel:closing loop
[52.599s] DEBUG:colcon.colcon_parallel_executor.executor.parallel:loop closed
[52.599s] DEBUG:colcon.colcon_parallel_executor.executor.parallel:run_until_complete finished with '0'
[52.599s] DEBUG:colcon.colcon_core.event_reactor:joining thread
[52.602s] INFO:colcon.colcon_core.plugin_system:Skipping extension 'colcon_notification.desktop_notification.notify_send': Could not find 'notify-send'
[52.602s] INFO:colcon.colcon_core.plugin_system:Skipping extension 'colcon_notification.desktop_notification.terminal_notifier': Not used on non-Darwin systems
[52.602s] INFO:colcon.colcon_core.plugin_system:Skipping extension 'colcon_notification.desktop_notification.win32': Not used on non-Windows systems
[52.602s] INFO:colcon.colcon_notification.desktop_notification:Sending desktop notification using 'notify2'
[52.604s] DEBUG:colcon.colcon_notification.desktop_notification.notify2:Failed to initialize notify2: org.freedesktop.DBus.Error.Spawn.ExecFailed: /usr/bin/dbus-launch terminated abnormally without any error message
[52.604s] DEBUG:colcon.colcon_core.event_reactor:joined thread
[52.604s] INFO:colcon.colcon_core.shell:Creating prefix script '/root/ros2_ws/src/slam/SuperOdom/super_odometry/install/local_setup.ps1'
[52.605s] INFO:colcon.colcon_core.shell:Creating prefix util module '/root/ros2_ws/src/slam/SuperOdom/super_odometry/install/_local_setup_util_ps1.py'
[52.605s] INFO:colcon.colcon_core.shell:Creating prefix chain script '/root/ros2_ws/src/slam/SuperOdom/super_odometry/install/setup.ps1'
[52.606s] INFO:colcon.colcon_core.shell:Creating prefix script '/root/ros2_ws/src/slam/SuperOdom/super_odometry/install/local_setup.sh'
[52.606s] INFO:colcon.colcon_core.shell:Creating prefix util module '/root/ros2_ws/src/slam/SuperOdom/super_odometry/install/_local_setup_util_sh.py'
[52.606s] INFO:colcon.colcon_core.shell:Creating prefix chain script '/root/ros2_ws/src/slam/SuperOdom/super_odometry/install/setup.sh'
[52.607s] INFO:colcon.colcon_core.shell:Creating prefix script '/root/ros2_ws/src/slam/SuperOdom/super_odometry/install/local_setup.bash'
[52.607s] INFO:colcon.colcon_core.shell:Creating prefix chain script '/root/ros2_ws/src/slam/SuperOdom/super_odometry/install/setup.bash'
[52.608s] INFO:colcon.colcon_core.shell:Creating prefix script '/root/ros2_ws/src/slam/SuperOdom/super_odometry/install/local_setup.zsh'
[52.608s] INFO:colcon.colcon_core.shell:Creating prefix chain script '/root/ros2_ws/src/slam/SuperOdom/super_odometry/install/setup.zsh'
