-- Found ament_cmake: 1.3.12 (/opt/ros/humble/share/ament_cmake/cmake)
-- Found rclcpp: 16.0.17 (/opt/ros/humble/share/rclcpp/cmake)
-- Found rosidl_generator_c: 3.1.8 (/opt/ros/humble/share/rosidl_generator_c/cmake)
-- Found rosidl_adapter: 3.1.8 (/opt/ros/humble/share/rosidl_adapter/cmake)
-- Found rosidl_generator_cpp: 3.1.8 (/opt/ros/humble/share/rosidl_generator_cpp/cmake)
-- Using all available rosidl_typesupport_c: rosidl_typesupport_fastrtps_c;rosidl_typesupport_introspection_c
-- Using all available rosidl_typesupport_cpp: rosidl_typesupport_fastrtps_cpp;rosidl_typesupport_introspection_cpp
-- Found rmw_implementation_cmake: 6.1.2 (/opt/ros/humble/share/rmw_implementation_cmake/cmake)
-- Found rmw_fastrtps_cpp: 6.2.9 (/opt/ros/humble/share/rmw_fastrtps_cpp/cmake)
-- Using RMW implementation 'rmw_fastrtps_cpp' as default
-- Found sensor_msgs: 4.9.0 (/opt/ros/humble/share/sensor_msgs/cmake)
-- Found cv_bridge: 3.2.1 (/opt/ros/humble/share/cv_bridge/cmake)
-- Found ament_lint_auto: 0.12.14 (/opt/ros/humble/share/ament_lint_auto/cmake)
-- Added test 'copyright' to check source files copyright and LICENSE
-- Added test 'cppcheck' to perform static code analysis on C / C++ code
-- Configured cppcheck include dirs: 
-- Configured cppcheck exclude dirs and/or files: 
-- Added test 'cpplint' to check C / C++ code against the Google style
-- Configured cpplint exclude dirs and/or files: 
-- Added test 'lint_cmake' to check CMake code style
-- Added test 'uncrustify' to check C / C++ code style
-- Configured uncrustify additional arguments: 
-- Added test 'xmllint' to check XML markup files
-- Configuring done
-- Generating done
-- Build files have been written to: /root/ros2_ws/src/build/go2_h264_repub
[35m[1mConsolidate compiler generated dependencies of target go2_h264_repub[0m
[100%] Built target go2_h264_repub
-- Install configuration: ""
-- Up-to-date: /root/ros2_ws/src/install/go2_h264_repub/lib/go2_h264_repub/go2_h264_repub
-- Up-to-date: /root/ros2_ws/src/install/go2_h264_repub/share/ament_index/resource_index/package_run_dependencies/go2_h264_repub
-- Installing: /root/ros2_ws/src/install/go2_h264_repub/share/ament_index/resource_index/parent_prefix_path/go2_h264_repub
-- Up-to-date: /root/ros2_ws/src/install/go2_h264_repub/share/go2_h264_repub/environment/ament_prefix_path.sh
-- Installing: /root/ros2_ws/src/install/go2_h264_repub/share/go2_h264_repub/environment/ament_prefix_path.dsv
-- Up-to-date: /root/ros2_ws/src/install/go2_h264_repub/share/go2_h264_repub/environment/path.sh
-- Installing: /root/ros2_ws/src/install/go2_h264_repub/share/go2_h264_repub/environment/path.dsv
-- Up-to-date: /root/ros2_ws/src/install/go2_h264_repub/share/go2_h264_repub/local_setup.bash
-- Up-to-date: /root/ros2_ws/src/install/go2_h264_repub/share/go2_h264_repub/local_setup.sh
-- Up-to-date: /root/ros2_ws/src/install/go2_h264_repub/share/go2_h264_repub/local_setup.zsh
-- Installing: /root/ros2_ws/src/install/go2_h264_repub/share/go2_h264_repub/local_setup.dsv
-- Installing: /root/ros2_ws/src/install/go2_h264_repub/share/go2_h264_repub/package.dsv
-- Up-to-date: /root/ros2_ws/src/install/go2_h264_repub/share/ament_index/resource_index/packages/go2_h264_repub
-- Up-to-date: /root/ros2_ws/src/install/go2_h264_repub/share/go2_h264_repub/cmake/go2_h264_repubConfig.cmake
-- Up-to-date: /root/ros2_ws/src/install/go2_h264_repub/share/go2_h264_repub/cmake/go2_h264_repubConfig-version.cmake
-- Up-to-date: /root/ros2_ws/src/install/go2_h264_repub/share/go2_h264_repub/package.xml
