[0.459s] Invoking command in '/root/ros2_ws/src/build/go2_h264_repub': CMAKE_PREFIX_PATH=${CMAKE_PREFIX_PATH}:/root/ros2_ws/src/install/transform_sensors:/root/ros2_ws/src/install/ros_tcp_endpoint:/opt/ros/humble /usr/bin/cmake /root/ros2_ws/src/utilities/unitree_pkgs/go2_h264_repub -DCMAKE_INSTALL_PREFIX=/root/ros2_ws/src/install/go2_h264_repub
[0.506s] -- Found ament_cmake: 1.3.12 (/opt/ros/humble/share/ament_cmake/cmake)
[0.662s] -- Found rclcpp: 16.0.17 (/opt/ros/humble/share/rclcpp/cmake)
[0.710s] -- Found rosidl_generator_c: 3.1.8 (/opt/ros/humble/share/rosidl_generator_c/cmake)
[0.713s] -- Found rosidl_adapter: 3.1.8 (/opt/ros/humble/share/rosidl_adapter/cmake)
[0.723s] -- Found rosidl_generator_cpp: 3.1.8 (/opt/ros/humble/share/rosidl_generator_cpp/cmake)
[0.742s] -- Using all available rosidl_typesupport_c: rosidl_typesupport_fastrtps_c;rosidl_typesupport_introspection_c
[0.760s] -- Using all available rosidl_typesupport_cpp: rosidl_typesupport_fastrtps_cpp;rosidl_typesupport_introspection_cpp
[0.812s] -- Found rmw_implementation_cmake: 6.1.2 (/opt/ros/humble/share/rmw_implementation_cmake/cmake)
[0.815s] -- Found rmw_fastrtps_cpp: 6.2.9 (/opt/ros/humble/share/rmw_fastrtps_cpp/cmake)
[1.035s] -- Using RMW implementation 'rmw_fastrtps_cpp' as default
[1.088s] -- Found sensor_msgs: 4.9.0 (/opt/ros/humble/share/sensor_msgs/cmake)
[1.119s] -- Found cv_bridge: 3.2.1 (/opt/ros/humble/share/cv_bridge/cmake)
[1.124s] -- Found ament_lint_auto: 0.12.14 (/opt/ros/humble/share/ament_lint_auto/cmake)
[1.269s] -- Added test 'copyright' to check source files copyright and LICENSE
[1.271s] -- Added test 'cppcheck' to perform static code analysis on C / C++ code
[1.271s] -- Configured cppcheck include dirs: 
[1.271s] -- Configured cppcheck exclude dirs and/or files: 
[1.272s] -- Added test 'cpplint' to check C / C++ code against the Google style
[1.272s] -- Configured cpplint exclude dirs and/or files: 
[1.277s] -- Added test 'lint_cmake' to check CMake code style
[1.278s] -- Added test 'uncrustify' to check C / C++ code style
[1.278s] -- Configured uncrustify additional arguments: 
[1.278s] -- Added test 'xmllint' to check XML markup files
[1.282s] -- Configuring done
[1.324s] -- Generating done
[1.333s] -- Build files have been written to: /root/ros2_ws/src/build/go2_h264_repub
[1.347s] Invoked command in '/root/ros2_ws/src/build/go2_h264_repub' returned '0': CMAKE_PREFIX_PATH=${CMAKE_PREFIX_PATH}:/root/ros2_ws/src/install/transform_sensors:/root/ros2_ws/src/install/ros_tcp_endpoint:/opt/ros/humble /usr/bin/cmake /root/ros2_ws/src/utilities/unitree_pkgs/go2_h264_repub -DCMAKE_INSTALL_PREFIX=/root/ros2_ws/src/install/go2_h264_repub
[1.348s] Invoking command in '/root/ros2_ws/src/build/go2_h264_repub': CMAKE_PREFIX_PATH=${CMAKE_PREFIX_PATH}:/root/ros2_ws/src/install/transform_sensors:/root/ros2_ws/src/install/ros_tcp_endpoint:/opt/ros/humble /usr/bin/cmake --build /root/ros2_ws/src/build/go2_h264_repub -- -j24 -l24
[1.671s] [35m[1mConsolidate compiler generated dependencies of target go2_h264_repub[0m
[1.671s] [100%] Built target go2_h264_repub
[1.706s] Invoked command in '/root/ros2_ws/src/build/go2_h264_repub' returned '0': CMAKE_PREFIX_PATH=${CMAKE_PREFIX_PATH}:/root/ros2_ws/src/install/transform_sensors:/root/ros2_ws/src/install/ros_tcp_endpoint:/opt/ros/humble /usr/bin/cmake --build /root/ros2_ws/src/build/go2_h264_repub -- -j24 -l24
[1.724s] Invoking command in '/root/ros2_ws/src/build/go2_h264_repub': CMAKE_PREFIX_PATH=${CMAKE_PREFIX_PATH}:/root/ros2_ws/src/install/transform_sensors:/root/ros2_ws/src/install/ros_tcp_endpoint:/opt/ros/humble /usr/bin/cmake --install /root/ros2_ws/src/build/go2_h264_repub
[1.890s] -- Install configuration: ""
[1.890s] -- Up-to-date: /root/ros2_ws/src/install/go2_h264_repub/lib/go2_h264_repub/go2_h264_repub
[1.890s] -- Up-to-date: /root/ros2_ws/src/install/go2_h264_repub/share/ament_index/resource_index/package_run_dependencies/go2_h264_repub
[1.891s] -- Installing: /root/ros2_ws/src/install/go2_h264_repub/share/ament_index/resource_index/parent_prefix_path/go2_h264_repub
[1.891s] -- Up-to-date: /root/ros2_ws/src/install/go2_h264_repub/share/go2_h264_repub/environment/ament_prefix_path.sh
[1.892s] -- Installing: /root/ros2_ws/src/install/go2_h264_repub/share/go2_h264_repub/environment/ament_prefix_path.dsv
[1.892s] -- Up-to-date: /root/ros2_ws/src/install/go2_h264_repub/share/go2_h264_repub/environment/path.sh
[1.892s] -- Installing: /root/ros2_ws/src/install/go2_h264_repub/share/go2_h264_repub/environment/path.dsv
[1.892s] -- Up-to-date: /root/ros2_ws/src/install/go2_h264_repub/share/go2_h264_repub/local_setup.bash
[1.892s] -- Up-to-date: /root/ros2_ws/src/install/go2_h264_repub/share/go2_h264_repub/local_setup.sh
[1.892s] -- Up-to-date: /root/ros2_ws/src/install/go2_h264_repub/share/go2_h264_repub/local_setup.zsh
[1.892s] -- Installing: /root/ros2_ws/src/install/go2_h264_repub/share/go2_h264_repub/local_setup.dsv
[1.892s] -- Installing: /root/ros2_ws/src/install/go2_h264_repub/share/go2_h264_repub/package.dsv
[1.892s] -- Up-to-date: /root/ros2_ws/src/install/go2_h264_repub/share/ament_index/resource_index/packages/go2_h264_repub
[1.892s] -- Up-to-date: /root/ros2_ws/src/install/go2_h264_repub/share/go2_h264_repub/cmake/go2_h264_repubConfig.cmake
[1.892s] -- Up-to-date: /root/ros2_ws/src/install/go2_h264_repub/share/go2_h264_repub/cmake/go2_h264_repubConfig-version.cmake
[1.892s] -- Up-to-date: /root/ros2_ws/src/install/go2_h264_repub/share/go2_h264_repub/package.xml
[1.899s] Invoked command in '/root/ros2_ws/src/build/go2_h264_repub' returned '0': CMAKE_PREFIX_PATH=${CMAKE_PREFIX_PATH}:/root/ros2_ws/src/install/transform_sensors:/root/ros2_ws/src/install/ros_tcp_endpoint:/opt/ros/humble /usr/bin/cmake --install /root/ros2_ws/src/build/go2_h264_repub
