[0.241s] Invoking command in '/root/ros2_ws/src/build/super_odometry_msgs': CMAKE_PREFIX_PATH=/opt/ros/humble /usr/bin/cmake /root/ros2_ws/src/slam/SuperOdom/super_odometry_msgs -DROS_EDITION=ROS2 -DHUMBLE_ROS=humble -DCMAKE_INSTALL_PREFIX=/root/ros2_ws/src/install/super_odometry_msgs
[0.624s] -- The C compiler identification is GNU 11.4.0
[0.624s] -- The CXX compiler identification is GNU 11.4.0
[0.624s] -- Detecting C compiler ABI info
[0.624s] -- Detecting C compiler ABI info - done
[0.624s] -- Check for working C compiler: /usr/bin/cc - skipped
[0.624s] -- Detecting C compile features
[0.624s] -- Detecting C compile features - done
[0.624s] -- Detecting CXX compiler ABI info
[0.624s] -- Detecting CXX compiler ABI info - done
[0.624s] -- Check for working CXX compiler: /usr/bin/c++ - skipped
[0.624s] -- Detecting CXX compile features
[0.624s] -- Detecting CXX compile features - done
[0.624s] -- Found ament_cmake: 1.3.12 (/opt/ros/humble/share/ament_cmake/cmake)
[0.850s] -- Found Python3: /usr/bin/python3 (found version "3.10.12") found components: Interpreter 
[1.125s] -- Found builtin_interfaces: 1.2.2 (/opt/ros/humble/share/builtin_interfaces/cmake)
[1.191s] -- Found rosidl_generator_c: 3.1.8 (/opt/ros/humble/share/rosidl_generator_c/cmake)
[1.201s] -- Found rosidl_adapter: 3.1.8 (/opt/ros/humble/share/rosidl_adapter/cmake)
[1.213s] -- Found rosidl_generator_cpp: 3.1.8 (/opt/ros/humble/share/rosidl_generator_cpp/cmake)
[1.232s] -- Using all available rosidl_typesupport_c: rosidl_typesupport_fastrtps_c;rosidl_typesupport_introspection_c
[1.262s] -- Using all available rosidl_typesupport_cpp: rosidl_typesupport_fastrtps_cpp;rosidl_typesupport_introspection_cpp
[1.295s] -- Found rosidl_default_generators: 1.2.0 (/opt/ros/humble/share/rosidl_default_generators/cmake)
[1.306s] -- Found std_msgs: 4.9.0 (/opt/ros/humble/share/std_msgs/cmake)
[1.325s] -- Found geometry_msgs: 4.9.0 (/opt/ros/humble/share/geometry_msgs/cmake)
[1.343s] -- Found nav_msgs: 4.9.0 (/opt/ros/humble/share/nav_msgs/cmake)
[1.363s] -- Found sensor_msgs: 4.9.0 (/opt/ros/humble/share/sensor_msgs/cmake)
[1.738s] -- Found ament_cmake_cppcheck: 0.12.14 (/opt/ros/humble/share/ament_cmake_cppcheck/cmake)
[1.742s] -- Found ament_cmake_cpplint: 0.12.14 (/opt/ros/humble/share/ament_cmake_cpplint/cmake)
[1.757s] -- Found ament_cmake_uncrustify: 0.12.14 (/opt/ros/humble/share/ament_cmake_uncrustify/cmake)
[1.765s] -- Found ament_cmake_ros: 0.10.0 (/opt/ros/humble/share/ament_cmake_ros/cmake)
[2.384s] -- Using all available rosidl_typesupport_c: rosidl_typesupport_fastrtps_c;rosidl_typesupport_introspection_c
[2.792s] -- Using all available rosidl_typesupport_cpp: rosidl_typesupport_fastrtps_cpp;rosidl_typesupport_introspection_cpp
[2.816s] -- Found PythonInterp: /usr/bin/python3 (found suitable version "3.10.12", minimum required is "3.6") 
[2.821s] -- Found python_cmake_module: 0.10.0 (/opt/ros/humble/share/python_cmake_module/cmake)
[2.855s] -- Found PythonLibs: /usr/lib/x86_64-linux-gnu/libpython3.10.so (found suitable version "3.10.12", minimum required is "3.5") 
[2.855s] -- Using PYTHON_EXECUTABLE: /usr/bin/python3
[2.855s] -- Using PYTHON_INCLUDE_DIRS: /usr/include/python3.10
[2.855s] -- Using PYTHON_LIBRARIES: /usr/lib/x86_64-linux-gnu/libpython3.10.so
[2.898s] -- Found PythonExtra: .so  
[3.250s] -- Using numpy include directory: /usr/local/lib/python3.10/dist-packages/numpy/core/include
[3.275s] -- Found ament_cmake_flake8: 0.12.14 (/opt/ros/humble/share/ament_cmake_flake8/cmake)
[3.285s] -- Found ament_cmake_pep257: 0.12.14 (/opt/ros/humble/share/ament_cmake_pep257/cmake)
[3.301s] -- Found ament_lint_auto: 0.12.14 (/opt/ros/humble/share/ament_lint_auto/cmake)
[3.341s] -- Added test 'copyright' to check source files copyright and LICENSE
[3.346s] -- Added test 'lint_cmake' to check CMake code style
[3.347s] -- Added test 'xmllint' to check XML markup files
[3.348s] -- Configuring done
[3.462s] -- Generating done
[3.462s] [33mCMake Warning:
[3.462s]   Manually-specified variables were not used by the project:
[3.462s] 
[3.462s]     HUMBLE_ROS
[3.463s]     ROS_EDITION
[3.463s] 
[3.463s] [0m
[3.505s] -- Build files have been written to: /root/ros2_ws/src/build/super_odometry_msgs
[3.568s] Invoked command in '/root/ros2_ws/src/build/super_odometry_msgs' returned '0': CMAKE_PREFIX_PATH=/opt/ros/humble /usr/bin/cmake /root/ros2_ws/src/slam/SuperOdom/super_odometry_msgs -DROS_EDITION=ROS2 -DHUMBLE_ROS=humble -DCMAKE_INSTALL_PREFIX=/root/ros2_ws/src/install/super_odometry_msgs
[3.568s] Invoking command in '/root/ros2_ws/src/build/super_odometry_msgs': CMAKE_PREFIX_PATH=/opt/ros/humble /usr/bin/cmake --build /root/ros2_ws/src/build/super_odometry_msgs -- -j24 -l24
[5.230s] [  2%] [34m[1mGenerating C code for ROS interfaces[0m
[5.230s] [  2%] Built target ament_cmake_python_copy_super_odometry_msgs
[5.231s] [  4%] [34m[1mGenerating C++ code for ROS interfaces[0m
[5.231s] [  6%] [32mBuilding C object CMakeFiles/super_odometry_msgs__rosidl_generator_c.dir/rosidl_generator_c/super_odometry_msgs/msg/detail/optimization_stats__functions.c.o[0m
[5.231s] [  8%] [32mBuilding C object CMakeFiles/super_odometry_msgs__rosidl_generator_c.dir/rosidl_generator_c/super_odometry_msgs/msg/detail/iteration_stats__functions.c.o[0m
[5.231s] [ 10%] [32mBuilding C object CMakeFiles/super_odometry_msgs__rosidl_generator_c.dir/rosidl_generator_c/super_odometry_msgs/msg/detail/laser_feature__functions.c.o[0m
[5.231s] running egg_info
[5.231s] creating super_odometry_msgs.egg-info
[5.231s] writing super_odometry_msgs.egg-info/PKG-INFO
[5.231s] writing dependency_links to super_odometry_msgs.egg-info/dependency_links.txt
[5.232s] writing top-level names to super_odometry_msgs.egg-info/top_level.txt
[5.232s] writing manifest file 'super_odometry_msgs.egg-info/SOURCES.txt'
[5.232s] [ 12%] [32m[1mLinking C shared library libsuper_odometry_msgs__rosidl_generator_c.so[0m
[5.232s] reading manifest file 'super_odometry_msgs.egg-info/SOURCES.txt'
[5.232s] writing manifest file 'super_odometry_msgs.egg-info/SOURCES.txt'
[5.232s] [ 12%] Built target super_odometry_msgs__rosidl_generator_c
[5.232s] [ 14%] [34m[1mGenerating C type support dispatch for ROS interfaces[0m
[5.232s] [ 17%] [34m[1mGenerating C introspection for ROS interfaces[0m
[5.232s] [ 19%] [34m[1mGenerating C type support for eProsima Fast-RTPS[0m
[5.232s] [ 19%] Built target ament_cmake_python_build_super_odometry_msgs_egg
[5.233s] /usr/local/lib/python3.10/dist-packages/setuptools_scm/_integration/setuptools.py:24: RuntimeWarning: 
[5.233s] ERROR: setuptools==59.6.0 is used in combination with setuptools-scm>=8.x
[5.233s] 
[5.233s] Your build configuration is incomplete and previously worked by accident!
[5.233s] setuptools-scm requires setuptools>=61 (recommended: >=80)
[5.233s] 
[5.233s] Suggested workaround if applicable:
[5.233s]  - migrating from the deprecated setup_requires mechanism to pep517/518
[5.233s]    and using a pyproject.toml to declare build dependencies
[5.233s]    which are reliably pre-installed before running the build tools
[5.234s] 
[5.234s]   warnings.warn(
[5.234s] listing git files failed - pretending there aren't any
[5.307s] [ 19%] Built target super_odometry_msgs__cpp
[5.348s] [ 21%] [34m[1mGenerating C++ type support dispatch for ROS interfaces[0m
[5.354s] [ 23%] [34m[1mGenerating C++ type support for eProsima Fast-RTPS[0m
[5.359s] [ 25%] [34m[1mGenerating C++ introspection for ROS interfaces[0m
[6.259s] [ 27%] [32mBuilding CXX object CMakeFiles/super_odometry_msgs__rosidl_typesupport_fastrtps_c.dir/rosidl_typesupport_fastrtps_c/super_odometry_msgs/msg/detail/iteration_stats__type_support_c.cpp.o[0m
[6.274s] [ 29%] [32mBuilding CXX object CMakeFiles/super_odometry_msgs__rosidl_typesupport_fastrtps_c.dir/rosidl_typesupport_fastrtps_c/super_odometry_msgs/msg/detail/optimization_stats__type_support_c.cpp.o[0m
[6.275s] [ 31%] [32mBuilding CXX object CMakeFiles/super_odometry_msgs__rosidl_typesupport_fastrtps_c.dir/rosidl_typesupport_fastrtps_c/super_odometry_msgs/msg/detail/laser_feature__type_support_c.cpp.o[0m
[6.531s] [ 34%] [32mBuilding CXX object CMakeFiles/super_odometry_msgs__rosidl_typesupport_introspection_cpp.dir/rosidl_typesupport_introspection_cpp/super_odometry_msgs/msg/detail/iteration_stats__type_support.cpp.o[0m
[6.537s] [ 36%] [32mBuilding CXX object CMakeFiles/super_odometry_msgs__rosidl_typesupport_introspection_cpp.dir/rosidl_typesupport_introspection_cpp/super_odometry_msgs/msg/detail/optimization_stats__type_support.cpp.o[0m
[6.557s] [ 38%] [32mBuilding CXX object CMakeFiles/super_odometry_msgs__rosidl_typesupport_introspection_cpp.dir/rosidl_typesupport_introspection_cpp/super_odometry_msgs/msg/detail/laser_feature__type_support.cpp.o[0m
[6.753s] [ 40%] [32mBuilding C object CMakeFiles/super_odometry_msgs__rosidl_typesupport_introspection_c.dir/rosidl_typesupport_introspection_c/super_odometry_msgs/msg/detail/iteration_stats__type_support.c.o[0m
[6.794s] [ 42%] [32mBuilding C object CMakeFiles/super_odometry_msgs__rosidl_typesupport_introspection_c.dir/rosidl_typesupport_introspection_c/super_odometry_msgs/msg/detail/optimization_stats__type_support.c.o[0m
[6.807s] [ 44%] [32mBuilding C object CMakeFiles/super_odometry_msgs__rosidl_typesupport_introspection_c.dir/rosidl_typesupport_introspection_c/super_odometry_msgs/msg/detail/laser_feature__type_support.c.o[0m
[6.926s] [ 46%] [32mBuilding CXX object CMakeFiles/super_odometry_msgs__rosidl_typesupport_c.dir/rosidl_typesupport_c/super_odometry_msgs/msg/optimization_stats__type_support.cpp.o[0m
[6.943s] [ 48%] [32mBuilding CXX object CMakeFiles/super_odometry_msgs__rosidl_typesupport_c.dir/rosidl_typesupport_c/super_odometry_msgs/msg/laser_feature__type_support.cpp.o[0m
[6.949s] [ 51%] [32mBuilding CXX object CMakeFiles/super_odometry_msgs__rosidl_typesupport_c.dir/rosidl_typesupport_c/super_odometry_msgs/msg/iteration_stats__type_support.cpp.o[0m
[7.039s] [ 53%] [32m[1mLinking C shared library libsuper_odometry_msgs__rosidl_typesupport_introspection_c.so[0m
[7.099s] [ 55%] [32m[1mLinking CXX shared library libsuper_odometry_msgs__rosidl_typesupport_c.so[0m
[7.156s] [ 57%] [32mBuilding CXX object CMakeFiles/super_odometry_msgs__rosidl_typesupport_fastrtps_cpp.dir/rosidl_typesupport_fastrtps_cpp/super_odometry_msgs/msg/detail/dds_fastrtps/optimization_stats__type_support.cpp.o[0m
[7.156s] [ 59%] [32mBuilding CXX object CMakeFiles/super_odometry_msgs__rosidl_typesupport_fastrtps_cpp.dir/rosidl_typesupport_fastrtps_cpp/super_odometry_msgs/msg/detail/dds_fastrtps/iteration_stats__type_support.cpp.o[0m
[7.169s] [ 61%] [32mBuilding CXX object CMakeFiles/super_odometry_msgs__rosidl_typesupport_fastrtps_cpp.dir/rosidl_typesupport_fastrtps_cpp/super_odometry_msgs/msg/detail/dds_fastrtps/laser_feature__type_support.cpp.o[0m
[7.210s] [ 63%] [32mBuilding CXX object CMakeFiles/super_odometry_msgs__rosidl_typesupport_cpp.dir/rosidl_typesupport_cpp/super_odometry_msgs/msg/optimization_stats__type_support.cpp.o[0m
[7.224s] [ 65%] [32mBuilding CXX object CMakeFiles/super_odometry_msgs__rosidl_typesupport_cpp.dir/rosidl_typesupport_cpp/super_odometry_msgs/msg/iteration_stats__type_support.cpp.o[0m
[7.233s] [ 65%] Built target super_odometry_msgs__rosidl_typesupport_introspection_c
[7.244s] [ 68%] [32mBuilding CXX object CMakeFiles/super_odometry_msgs__rosidl_typesupport_cpp.dir/rosidl_typesupport_cpp/super_odometry_msgs/msg/laser_feature__type_support.cpp.o[0m
[7.314s] [ 68%] Built target super_odometry_msgs__rosidl_typesupport_c
[7.896s] [ 70%] [32m[1mLinking CXX shared library libsuper_odometry_msgs__rosidl_typesupport_fastrtps_c.so[0m
[8.234s] [ 70%] Built target super_odometry_msgs__rosidl_typesupport_fastrtps_c
[8.592s] [ 72%] [32m[1mLinking CXX shared library libsuper_odometry_msgs__rosidl_typesupport_cpp.so[0m
[8.619s] [ 74%] [32m[1mLinking CXX shared library libsuper_odometry_msgs__rosidl_typesupport_fastrtps_cpp.so[0m
[8.726s] [ 74%] Built target super_odometry_msgs__rosidl_typesupport_cpp
[8.792s] [ 76%] [32m[1mLinking CXX shared library libsuper_odometry_msgs__rosidl_typesupport_introspection_cpp.so[0m
[8.960s] [ 76%] Built target super_odometry_msgs__rosidl_typesupport_fastrtps_cpp
[9.108s] [ 76%] Built target super_odometry_msgs__rosidl_typesupport_introspection_cpp
[9.208s] [ 76%] Built target super_odometry_msgs
[9.310s] [ 78%] [34m[1mGenerating Python code for ROS interfaces[0m
[12.358s] [ 78%] Built target super_odometry_msgs__py
[12.480s] [ 80%] [32mBuilding C object CMakeFiles/super_odometry_msgs__rosidl_generator_py.dir/rosidl_generator_py/super_odometry_msgs/msg/_iteration_stats_s.c.o[0m
[12.493s] [ 82%] [32mBuilding C object CMakeFiles/super_odometry_msgs__rosidl_generator_py.dir/rosidl_generator_py/super_odometry_msgs/msg/_laser_feature_s.c.o[0m
[12.519s] [ 85%] [32mBuilding C object CMakeFiles/super_odometry_msgs__rosidl_generator_py.dir/rosidl_generator_py/super_odometry_msgs/msg/_optimization_stats_s.c.o[0m
[13.370s] [ 87%] [32m[1mLinking C shared library rosidl_generator_py/super_odometry_msgs/libsuper_odometry_msgs__rosidl_generator_py.so[0m
[13.526s] [ 87%] Built target super_odometry_msgs__rosidl_generator_py
[13.609s] [ 89%] [32mBuilding C object CMakeFiles/super_odometry_msgs__rosidl_typesupport_introspection_c__pyext.dir/rosidl_generator_py/super_odometry_msgs/_super_odometry_msgs_s.ep.rosidl_typesupport_introspection_c.c.o[0m
[13.611s] [ 91%] [32mBuilding C object CMakeFiles/super_odometry_msgs__rosidl_typesupport_fastrtps_c__pyext.dir/rosidl_generator_py/super_odometry_msgs/_super_odometry_msgs_s.ep.rosidl_typesupport_fastrtps_c.c.o[0m
[13.621s] [ 93%] [32mBuilding C object CMakeFiles/super_odometry_msgs__rosidl_typesupport_c__pyext.dir/rosidl_generator_py/super_odometry_msgs/_super_odometry_msgs_s.ep.rosidl_typesupport_c.c.o[0m
[13.878s] [ 95%] [32m[1mLinking C shared library rosidl_generator_py/super_odometry_msgs/super_odometry_msgs_s__rosidl_typesupport_introspection_c.cpython-310-x86_64-linux-gnu.so[0m
[14.014s] [ 97%] Built target super_odometry_msgs__rosidl_typesupport_introspection_c__pyext
[14.014s] [ 97%] [32m[1mLinking C shared library rosidl_generator_py/super_odometry_msgs/super_odometry_msgs_s__rosidl_typesupport_c.cpython-310-x86_64-linux-gnu.so[0m
[14.058s] [100%] [32m[1mLinking C shared library rosidl_generator_py/super_odometry_msgs/super_odometry_msgs_s__rosidl_typesupport_fastrtps_c.cpython-310-x86_64-linux-gnu.so[0m
[14.151s] [100%] Built target super_odometry_msgs__rosidl_typesupport_c__pyext
[14.238s] [100%] Built target super_odometry_msgs__rosidl_typesupport_fastrtps_c__pyext
[14.316s] Invoked command in '/root/ros2_ws/src/build/super_odometry_msgs' returned '0': CMAKE_PREFIX_PATH=/opt/ros/humble /usr/bin/cmake --build /root/ros2_ws/src/build/super_odometry_msgs -- -j24 -l24
[14.316s] Invoking command in '/root/ros2_ws/src/build/super_odometry_msgs': CMAKE_PREFIX_PATH=/opt/ros/humble /usr/bin/cmake --install /root/ros2_ws/src/build/super_odometry_msgs
[22.395s] -- Install configuration: ""
[22.395s] -- Installing: /root/ros2_ws/src/install/super_odometry_msgs/share/ament_index/resource_index/rosidl_interfaces/super_odometry_msgs
[22.395s] -- Installing: /root/ros2_ws/src/install/super_odometry_msgs/include/super_odometry_msgs/super_odometry_msgs
[22.396s] -- Installing: /root/ros2_ws/src/install/super_odometry_msgs/include/super_odometry_msgs/super_odometry_msgs/msg
[22.398s] -- Installing: /root/ros2_ws/src/install/super_odometry_msgs/include/super_odometry_msgs/super_odometry_msgs/msg/detail
[22.398s] -- Installing: /root/ros2_ws/src/install/super_odometry_msgs/include/super_odometry_msgs/super_odometry_msgs/msg/detail/iteration_stats__functions.c
[22.399s] -- Installing: /root/ros2_ws/src/install/super_odometry_msgs/include/super_odometry_msgs/super_odometry_msgs/msg/detail/optimization_stats__functions.c
[22.399s] -- Installing: /root/ros2_ws/src/install/super_odometry_msgs/include/super_odometry_msgs/super_odometry_msgs/msg/detail/iteration_stats__type_support.h
[22.399s] -- Installing: /root/ros2_ws/src/install/super_odometry_msgs/include/super_odometry_msgs/super_odometry_msgs/msg/detail/optimization_stats__type_support.h
[22.402s] -- Installing: /root/ros2_ws/src/install/super_odometry_msgs/include/super_odometry_msgs/super_odometry_msgs/msg/detail/laser_feature__functions.c
[22.402s] -- Installing: /root/ros2_ws/src/install/super_odometry_msgs/include/super_odometry_msgs/super_odometry_msgs/msg/detail/iteration_stats__struct.h
[22.402s] -- Installing: /root/ros2_ws/src/install/super_odometry_msgs/include/super_odometry_msgs/super_odometry_msgs/msg/detail/optimization_stats__struct.h
[22.402s] -- Installing: /root/ros2_ws/src/install/super_odometry_msgs/include/super_odometry_msgs/super_odometry_msgs/msg/detail/laser_feature__struct.h
[22.402s] -- Installing: /root/ros2_ws/src/install/super_odometry_msgs/include/super_odometry_msgs/super_odometry_msgs/msg/detail/laser_feature__functions.h
[22.402s] -- Installing: /root/ros2_ws/src/install/super_odometry_msgs/include/super_odometry_msgs/super_odometry_msgs/msg/detail/laser_feature__type_support.h
[22.402s] -- Installing: /root/ros2_ws/src/install/super_odometry_msgs/include/super_odometry_msgs/super_odometry_msgs/msg/detail/optimization_stats__functions.h
[22.402s] -- Installing: /root/ros2_ws/src/install/super_odometry_msgs/include/super_odometry_msgs/super_odometry_msgs/msg/detail/iteration_stats__functions.h
[22.403s] -- Installing: /root/ros2_ws/src/install/super_odometry_msgs/include/super_odometry_msgs/super_odometry_msgs/msg/laser_feature.h
[22.404s] -- Installing: /root/ros2_ws/src/install/super_odometry_msgs/include/super_odometry_msgs/super_odometry_msgs/msg/rosidl_generator_c__visibility_control.h
[22.404s] -- Installing: /root/ros2_ws/src/install/super_odometry_msgs/include/super_odometry_msgs/super_odometry_msgs/msg/iteration_stats.h
[22.404s] -- Installing: /root/ros2_ws/src/install/super_odometry_msgs/include/super_odometry_msgs/super_odometry_msgs/msg/optimization_stats.h
[22.404s] -- Installing: /root/ros2_ws/src/install/super_odometry_msgs/share/super_odometry_msgs/environment/library_path.sh
[22.404s] -- Installing: /root/ros2_ws/src/install/super_odometry_msgs/share/super_odometry_msgs/environment/library_path.dsv
[22.405s] -- Installing: /root/ros2_ws/src/install/super_odometry_msgs/lib/libsuper_odometry_msgs__rosidl_generator_c.so
[22.405s] -- Set runtime path of "/root/ros2_ws/src/install/super_odometry_msgs/lib/libsuper_odometry_msgs__rosidl_generator_c.so" to ""
[22.405s] -- Up-to-date: /root/ros2_ws/src/install/super_odometry_msgs/include/super_odometry_msgs/super_odometry_msgs
[22.405s] -- Up-to-date: /root/ros2_ws/src/install/super_odometry_msgs/include/super_odometry_msgs/super_odometry_msgs/msg
[22.405s] -- Up-to-date: /root/ros2_ws/src/install/super_odometry_msgs/include/super_odometry_msgs/super_odometry_msgs/msg/detail
[22.405s] -- Installing: /root/ros2_ws/src/install/super_odometry_msgs/include/super_odometry_msgs/super_odometry_msgs/msg/detail/laser_feature__rosidl_typesupport_fastrtps_c.h
[22.405s] -- Installing: /root/ros2_ws/src/install/super_odometry_msgs/include/super_odometry_msgs/super_odometry_msgs/msg/detail/optimization_stats__rosidl_typesupport_fastrtps_c.h
[22.408s] -- Installing: /root/ros2_ws/src/install/super_odometry_msgs/include/super_odometry_msgs/super_odometry_msgs/msg/detail/iteration_stats__rosidl_typesupport_fastrtps_c.h
[22.409s] -- Installing: /root/ros2_ws/src/install/super_odometry_msgs/include/super_odometry_msgs/super_odometry_msgs/msg/rosidl_typesupport_fastrtps_c__visibility_control.h
[22.409s] -- Installing: /root/ros2_ws/src/install/super_odometry_msgs/lib/libsuper_odometry_msgs__rosidl_typesupport_fastrtps_c.so
[22.409s] -- Set runtime path of "/root/ros2_ws/src/install/super_odometry_msgs/lib/libsuper_odometry_msgs__rosidl_typesupport_fastrtps_c.so" to ""
[22.409s] -- Up-to-date: /root/ros2_ws/src/install/super_odometry_msgs/include/super_odometry_msgs/super_odometry_msgs
[22.409s] -- Up-to-date: /root/ros2_ws/src/install/super_odometry_msgs/include/super_odometry_msgs/super_odometry_msgs/msg
[22.409s] -- Up-to-date: /root/ros2_ws/src/install/super_odometry_msgs/include/super_odometry_msgs/super_odometry_msgs/msg/detail
[22.409s] -- Installing: /root/ros2_ws/src/install/super_odometry_msgs/include/super_odometry_msgs/super_odometry_msgs/msg/detail/laser_feature__type_support.hpp
[22.411s] -- Installing: /root/ros2_ws/src/install/super_odometry_msgs/include/super_odometry_msgs/super_odometry_msgs/msg/detail/iteration_stats__builder.hpp
[22.411s] -- Installing: /root/ros2_ws/src/install/super_odometry_msgs/include/super_odometry_msgs/super_odometry_msgs/msg/detail/laser_feature__builder.hpp
[22.412s] -- Installing: /root/ros2_ws/src/install/super_odometry_msgs/include/super_odometry_msgs/super_odometry_msgs/msg/detail/laser_feature__struct.hpp
[22.412s] -- Installing: /root/ros2_ws/src/install/super_odometry_msgs/include/super_odometry_msgs/super_odometry_msgs/msg/detail/laser_feature__traits.hpp
[22.412s] -- Installing: /root/ros2_ws/src/install/super_odometry_msgs/include/super_odometry_msgs/super_odometry_msgs/msg/detail/iteration_stats__type_support.hpp
[22.412s] -- Installing: /root/ros2_ws/src/install/super_odometry_msgs/include/super_odometry_msgs/super_odometry_msgs/msg/detail/iteration_stats__struct.hpp
[22.412s] -- Installing: /root/ros2_ws/src/install/super_odometry_msgs/include/super_odometry_msgs/super_odometry_msgs/msg/detail/optimization_stats__struct.hpp
[22.412s] -- Installing: /root/ros2_ws/src/install/super_odometry_msgs/include/super_odometry_msgs/super_odometry_msgs/msg/detail/optimization_stats__type_support.hpp
[22.412s] -- Installing: /root/ros2_ws/src/install/super_odometry_msgs/include/super_odometry_msgs/super_odometry_msgs/msg/detail/iteration_stats__traits.hpp
[22.412s] -- Installing: /root/ros2_ws/src/install/super_odometry_msgs/include/super_odometry_msgs/super_odometry_msgs/msg/detail/optimization_stats__builder.hpp
[22.418s] -- Installing: /root/ros2_ws/src/install/super_odometry_msgs/include/super_odometry_msgs/super_odometry_msgs/msg/detail/optimization_stats__traits.hpp
[22.421s] -- Installing: /root/ros2_ws/src/install/super_odometry_msgs/include/super_odometry_msgs/super_odometry_msgs/msg/optimization_stats.hpp
[22.421s] -- Installing: /root/ros2_ws/src/install/super_odometry_msgs/include/super_odometry_msgs/super_odometry_msgs/msg/iteration_stats.hpp
[22.421s] -- Installing: /root/ros2_ws/src/install/super_odometry_msgs/include/super_odometry_msgs/super_odometry_msgs/msg/rosidl_generator_cpp__visibility_control.hpp
[22.421s] -- Installing: /root/ros2_ws/src/install/super_odometry_msgs/include/super_odometry_msgs/super_odometry_msgs/msg/laser_feature.hpp
[22.422s] -- Up-to-date: /root/ros2_ws/src/install/super_odometry_msgs/include/super_odometry_msgs/super_odometry_msgs
[22.422s] -- Up-to-date: /root/ros2_ws/src/install/super_odometry_msgs/include/super_odometry_msgs/super_odometry_msgs/msg
[22.422s] -- Up-to-date: /root/ros2_ws/src/install/super_odometry_msgs/include/super_odometry_msgs/super_odometry_msgs/msg/detail
[22.422s] -- Installing: /root/ros2_ws/src/install/super_odometry_msgs/include/super_odometry_msgs/super_odometry_msgs/msg/detail/laser_feature__rosidl_typesupport_fastrtps_cpp.hpp
[22.422s] -- Installing: /root/ros2_ws/src/install/super_odometry_msgs/include/super_odometry_msgs/super_odometry_msgs/msg/detail/dds_fastrtps
[22.422s] -- Installing: /root/ros2_ws/src/install/super_odometry_msgs/include/super_odometry_msgs/super_odometry_msgs/msg/detail/iteration_stats__rosidl_typesupport_fastrtps_cpp.hpp
[22.422s] -- Installing: /root/ros2_ws/src/install/super_odometry_msgs/include/super_odometry_msgs/super_odometry_msgs/msg/detail/optimization_stats__rosidl_typesupport_fastrtps_cpp.hpp
[22.422s] -- Installing: /root/ros2_ws/src/install/super_odometry_msgs/include/super_odometry_msgs/super_odometry_msgs/msg/rosidl_typesupport_fastrtps_cpp__visibility_control.h
[22.423s] -- Installing: /root/ros2_ws/src/install/super_odometry_msgs/lib/libsuper_odometry_msgs__rosidl_typesupport_fastrtps_cpp.so
[22.423s] -- Set runtime path of "/root/ros2_ws/src/install/super_odometry_msgs/lib/libsuper_odometry_msgs__rosidl_typesupport_fastrtps_cpp.so" to ""
[22.423s] -- Up-to-date: /root/ros2_ws/src/install/super_odometry_msgs/include/super_odometry_msgs/super_odometry_msgs
[22.423s] -- Up-to-date: /root/ros2_ws/src/install/super_odometry_msgs/include/super_odometry_msgs/super_odometry_msgs/msg
[22.423s] -- Installing: /root/ros2_ws/src/install/super_odometry_msgs/include/super_odometry_msgs/super_odometry_msgs/msg/rosidl_typesupport_introspection_c__visibility_control.h
[22.429s] -- Up-to-date: /root/ros2_ws/src/install/super_odometry_msgs/include/super_odometry_msgs/super_odometry_msgs/msg/detail
[22.429s] -- Installing: /root/ros2_ws/src/install/super_odometry_msgs/include/super_odometry_msgs/super_odometry_msgs/msg/detail/laser_feature__rosidl_typesupport_introspection_c.h
[22.429s] -- Installing: /root/ros2_ws/src/install/super_odometry_msgs/include/super_odometry_msgs/super_odometry_msgs/msg/detail/optimization_stats__type_support.c
[22.430s] -- Installing: /root/ros2_ws/src/install/super_odometry_msgs/include/super_odometry_msgs/super_odometry_msgs/msg/detail/iteration_stats__type_support.c
[22.430s] -- Installing: /root/ros2_ws/src/install/super_odometry_msgs/include/super_odometry_msgs/super_odometry_msgs/msg/detail/iteration_stats__rosidl_typesupport_introspection_c.h
[22.430s] -- Installing: /root/ros2_ws/src/install/super_odometry_msgs/include/super_odometry_msgs/super_odometry_msgs/msg/detail/laser_feature__type_support.c
[22.430s] -- Installing: /root/ros2_ws/src/install/super_odometry_msgs/include/super_odometry_msgs/super_odometry_msgs/msg/detail/optimization_stats__rosidl_typesupport_introspection_c.h
[22.430s] -- Installing: /root/ros2_ws/src/install/super_odometry_msgs/lib/libsuper_odometry_msgs__rosidl_typesupport_introspection_c.so
[22.431s] -- Set runtime path of "/root/ros2_ws/src/install/super_odometry_msgs/lib/libsuper_odometry_msgs__rosidl_typesupport_introspection_c.so" to ""
[22.431s] -- Installing: /root/ros2_ws/src/install/super_odometry_msgs/lib/libsuper_odometry_msgs__rosidl_typesupport_c.so
[22.431s] -- Set runtime path of "/root/ros2_ws/src/install/super_odometry_msgs/lib/libsuper_odometry_msgs__rosidl_typesupport_c.so" to ""
[22.431s] -- Up-to-date: /root/ros2_ws/src/install/super_odometry_msgs/include/super_odometry_msgs/super_odometry_msgs
[22.431s] -- Up-to-date: /root/ros2_ws/src/install/super_odometry_msgs/include/super_odometry_msgs/super_odometry_msgs/msg
[22.431s] -- Up-to-date: /root/ros2_ws/src/install/super_odometry_msgs/include/super_odometry_msgs/super_odometry_msgs/msg/detail
[22.431s] -- Installing: /root/ros2_ws/src/install/super_odometry_msgs/include/super_odometry_msgs/super_odometry_msgs/msg/detail/optimization_stats__rosidl_typesupport_introspection_cpp.hpp
[22.431s] -- Installing: /root/ros2_ws/src/install/super_odometry_msgs/include/super_odometry_msgs/super_odometry_msgs/msg/detail/iteration_stats__type_support.cpp
[22.431s] -- Installing: /root/ros2_ws/src/install/super_odometry_msgs/include/super_odometry_msgs/super_odometry_msgs/msg/detail/optimization_stats__type_support.cpp
[22.432s] -- Installing: /root/ros2_ws/src/install/super_odometry_msgs/include/super_odometry_msgs/super_odometry_msgs/msg/detail/laser_feature__rosidl_typesupport_introspection_cpp.hpp
[22.432s] -- Installing: /root/ros2_ws/src/install/super_odometry_msgs/include/super_odometry_msgs/super_odometry_msgs/msg/detail/laser_feature__type_support.cpp
[22.433s] -- Installing: /root/ros2_ws/src/install/super_odometry_msgs/include/super_odometry_msgs/super_odometry_msgs/msg/detail/iteration_stats__rosidl_typesupport_introspection_cpp.hpp
[22.435s] -- Installing: /root/ros2_ws/src/install/super_odometry_msgs/lib/libsuper_odometry_msgs__rosidl_typesupport_introspection_cpp.so
[22.435s] -- Set runtime path of "/root/ros2_ws/src/install/super_odometry_msgs/lib/libsuper_odometry_msgs__rosidl_typesupport_introspection_cpp.so" to ""
[22.435s] -- Installing: /root/ros2_ws/src/install/super_odometry_msgs/lib/libsuper_odometry_msgs__rosidl_typesupport_cpp.so
[22.435s] -- Set runtime path of "/root/ros2_ws/src/install/super_odometry_msgs/lib/libsuper_odometry_msgs__rosidl_typesupport_cpp.so" to ""
[22.438s] -- Installing: /root/ros2_ws/src/install/super_odometry_msgs/share/super_odometry_msgs/environment/pythonpath.sh
[22.438s] -- Installing: /root/ros2_ws/src/install/super_odometry_msgs/share/super_odometry_msgs/environment/pythonpath.dsv
[22.438s] -- Installing: /root/ros2_ws/src/install/super_odometry_msgs/local/lib/python3.10/dist-packages/super_odometry_msgs-0.0.0-py3.10.egg-info
[22.438s] -- Installing: /root/ros2_ws/src/install/super_odometry_msgs/local/lib/python3.10/dist-packages/super_odometry_msgs-0.0.0-py3.10.egg-info/PKG-INFO
[22.439s] -- Installing: /root/ros2_ws/src/install/super_odometry_msgs/local/lib/python3.10/dist-packages/super_odometry_msgs-0.0.0-py3.10.egg-info/dependency_links.txt
[22.439s] -- Installing: /root/ros2_ws/src/install/super_odometry_msgs/local/lib/python3.10/dist-packages/super_odometry_msgs-0.0.0-py3.10.egg-info/SOURCES.txt
[22.439s] -- Installing: /root/ros2_ws/src/install/super_odometry_msgs/local/lib/python3.10/dist-packages/super_odometry_msgs-0.0.0-py3.10.egg-info/top_level.txt
[22.439s] -- Installing: /root/ros2_ws/src/install/super_odometry_msgs/local/lib/python3.10/dist-packages/super_odometry_msgs
[22.439s] -- Installing: /root/ros2_ws/src/install/super_odometry_msgs/local/lib/python3.10/dist-packages/super_odometry_msgs/super_odometry_msgs_s__rosidl_typesupport_introspection_c.cpython-310-x86_64-linux-gnu.so
[22.439s] -- Installing: /root/ros2_ws/src/install/super_odometry_msgs/local/lib/python3.10/dist-packages/super_odometry_msgs/libsuper_odometry_msgs__rosidl_generator_py.so
[22.439s] -- Installing: /root/ros2_ws/src/install/super_odometry_msgs/local/lib/python3.10/dist-packages/super_odometry_msgs/_super_odometry_msgs_s.ep.rosidl_typesupport_fastrtps_c.c
[22.439s] -- Installing: /root/ros2_ws/src/install/super_odometry_msgs/local/lib/python3.10/dist-packages/super_odometry_msgs/_super_odometry_msgs_s.ep.rosidl_typesupport_c.c
[22.440s] -- Installing: /root/ros2_ws/src/install/super_odometry_msgs/local/lib/python3.10/dist-packages/super_odometry_msgs/_super_odometry_msgs_s.ep.rosidl_typesupport_introspection_c.c
[22.441s] -- Installing: /root/ros2_ws/src/install/super_odometry_msgs/local/lib/python3.10/dist-packages/super_odometry_msgs/super_odometry_msgs_s__rosidl_typesupport_fastrtps_c.cpython-310-x86_64-linux-gnu.so
[22.441s] -- Installing: /root/ros2_ws/src/install/super_odometry_msgs/local/lib/python3.10/dist-packages/super_odometry_msgs/__init__.py
[22.441s] -- Installing: /root/ros2_ws/src/install/super_odometry_msgs/local/lib/python3.10/dist-packages/super_odometry_msgs/msg
[22.441s] -- Installing: /root/ros2_ws/src/install/super_odometry_msgs/local/lib/python3.10/dist-packages/super_odometry_msgs/msg/_iteration_stats.py
[22.441s] -- Installing: /root/ros2_ws/src/install/super_odometry_msgs/local/lib/python3.10/dist-packages/super_odometry_msgs/msg/_optimization_stats.py
[22.441s] -- Installing: /root/ros2_ws/src/install/super_odometry_msgs/local/lib/python3.10/dist-packages/super_odometry_msgs/msg/_optimization_stats_s.c
[22.444s] -- Installing: /root/ros2_ws/src/install/super_odometry_msgs/local/lib/python3.10/dist-packages/super_odometry_msgs/msg/_laser_feature.py
[22.444s] -- Installing: /root/ros2_ws/src/install/super_odometry_msgs/local/lib/python3.10/dist-packages/super_odometry_msgs/msg/_laser_feature_s.c
[22.445s] -- Installing: /root/ros2_ws/src/install/super_odometry_msgs/local/lib/python3.10/dist-packages/super_odometry_msgs/msg/_iteration_stats_s.c
[22.445s] -- Installing: /root/ros2_ws/src/install/super_odometry_msgs/local/lib/python3.10/dist-packages/super_odometry_msgs/msg/__init__.py
[22.445s] -- Installing: /root/ros2_ws/src/install/super_odometry_msgs/local/lib/python3.10/dist-packages/super_odometry_msgs/super_odometry_msgs_s__rosidl_typesupport_c.cpython-310-x86_64-linux-gnu.so
[22.445s] Listing '/root/ros2_ws/src/install/super_odometry_msgs/local/lib/python3.10/dist-packages/super_odometry_msgs'...
[22.445s] Compiling '/root/ros2_ws/src/install/super_odometry_msgs/local/lib/python3.10/dist-packages/super_odometry_msgs/__init__.py'...
[22.445s] Listing '/root/ros2_ws/src/install/super_odometry_msgs/local/lib/python3.10/dist-packages/super_odometry_msgs/msg'...
[22.445s] Compiling '/root/ros2_ws/src/install/super_odometry_msgs/local/lib/python3.10/dist-packages/super_odometry_msgs/msg/__init__.py'...
[22.445s] Compiling '/root/ros2_ws/src/install/super_odometry_msgs/local/lib/python3.10/dist-packages/super_odometry_msgs/msg/_iteration_stats.py'...
[22.446s] Compiling '/root/ros2_ws/src/install/super_odometry_msgs/local/lib/python3.10/dist-packages/super_odometry_msgs/msg/_laser_feature.py'...
[22.446s] Compiling '/root/ros2_ws/src/install/super_odometry_msgs/local/lib/python3.10/dist-packages/super_odometry_msgs/msg/_optimization_stats.py'...
[22.446s] -- Installing: /root/ros2_ws/src/install/super_odometry_msgs/local/lib/python3.10/dist-packages/super_odometry_msgs/super_odometry_msgs_s__rosidl_typesupport_fastrtps_c.cpython-310-x86_64-linux-gnu.so
[22.446s] -- Set runtime path of "/root/ros2_ws/src/install/super_odometry_msgs/local/lib/python3.10/dist-packages/super_odometry_msgs/super_odometry_msgs_s__rosidl_typesupport_fastrtps_c.cpython-310-x86_64-linux-gnu.so" to ""
[22.446s] -- Installing: /root/ros2_ws/src/install/super_odometry_msgs/local/lib/python3.10/dist-packages/super_odometry_msgs/super_odometry_msgs_s__rosidl_typesupport_introspection_c.cpython-310-x86_64-linux-gnu.so
[22.446s] -- Set runtime path of "/root/ros2_ws/src/install/super_odometry_msgs/local/lib/python3.10/dist-packages/super_odometry_msgs/super_odometry_msgs_s__rosidl_typesupport_introspection_c.cpython-310-x86_64-linux-gnu.so" to ""
[22.446s] -- Installing: /root/ros2_ws/src/install/super_odometry_msgs/local/lib/python3.10/dist-packages/super_odometry_msgs/super_odometry_msgs_s__rosidl_typesupport_c.cpython-310-x86_64-linux-gnu.so
[22.450s] -- Set runtime path of "/root/ros2_ws/src/install/super_odometry_msgs/local/lib/python3.10/dist-packages/super_odometry_msgs/super_odometry_msgs_s__rosidl_typesupport_c.cpython-310-x86_64-linux-gnu.so" to ""
[22.450s] -- Installing: /root/ros2_ws/src/install/super_odometry_msgs/lib/libsuper_odometry_msgs__rosidl_generator_py.so
[22.451s] -- Set runtime path of "/root/ros2_ws/src/install/super_odometry_msgs/lib/libsuper_odometry_msgs__rosidl_generator_py.so" to ""
[22.451s] -- Installing: /root/ros2_ws/src/install/super_odometry_msgs/share/super_odometry_msgs/msg/IterationStats.idl
[22.451s] -- Installing: /root/ros2_ws/src/install/super_odometry_msgs/share/super_odometry_msgs/msg/OptimizationStats.idl
[22.451s] -- Installing: /root/ros2_ws/src/install/super_odometry_msgs/share/super_odometry_msgs/msg/LaserFeature.idl
[22.451s] -- Installing: /root/ros2_ws/src/install/super_odometry_msgs/share/super_odometry_msgs/msg/IterationStats.msg
[22.451s] -- Installing: /root/ros2_ws/src/install/super_odometry_msgs/share/super_odometry_msgs/msg/OptimizationStats.msg
[22.451s] -- Installing: /root/ros2_ws/src/install/super_odometry_msgs/share/super_odometry_msgs/msg/LaserFeature.msg
[22.451s] -- Installing: /root/ros2_ws/src/install/super_odometry_msgs/share/ament_index/resource_index/package_run_dependencies/super_odometry_msgs
[22.452s] -- Installing: /root/ros2_ws/src/install/super_odometry_msgs/share/ament_index/resource_index/parent_prefix_path/super_odometry_msgs
[22.452s] -- Installing: /root/ros2_ws/src/install/super_odometry_msgs/share/super_odometry_msgs/environment/ament_prefix_path.sh
[22.452s] -- Installing: /root/ros2_ws/src/install/super_odometry_msgs/share/super_odometry_msgs/environment/ament_prefix_path.dsv
[22.452s] -- Installing: /root/ros2_ws/src/install/super_odometry_msgs/share/super_odometry_msgs/environment/path.sh
[22.452s] -- Installing: /root/ros2_ws/src/install/super_odometry_msgs/share/super_odometry_msgs/environment/path.dsv
[22.453s] -- Installing: /root/ros2_ws/src/install/super_odometry_msgs/share/super_odometry_msgs/local_setup.bash
[22.453s] -- Installing: /root/ros2_ws/src/install/super_odometry_msgs/share/super_odometry_msgs/local_setup.sh
[22.454s] -- Installing: /root/ros2_ws/src/install/super_odometry_msgs/share/super_odometry_msgs/local_setup.zsh
[22.454s] -- Installing: /root/ros2_ws/src/install/super_odometry_msgs/share/super_odometry_msgs/local_setup.dsv
[22.454s] -- Installing: /root/ros2_ws/src/install/super_odometry_msgs/share/super_odometry_msgs/package.dsv
[22.454s] -- Installing: /root/ros2_ws/src/install/super_odometry_msgs/share/ament_index/resource_index/packages/super_odometry_msgs
[22.454s] -- Installing: /root/ros2_ws/src/install/super_odometry_msgs/share/super_odometry_msgs/cmake/export_super_odometry_msgs__rosidl_generator_cExport.cmake
[22.454s] -- Installing: /root/ros2_ws/src/install/super_odometry_msgs/share/super_odometry_msgs/cmake/export_super_odometry_msgs__rosidl_generator_cExport-noconfig.cmake
[22.454s] -- Installing: /root/ros2_ws/src/install/super_odometry_msgs/share/super_odometry_msgs/cmake/export_super_odometry_msgs__rosidl_typesupport_fastrtps_cExport.cmake
[22.454s] -- Installing: /root/ros2_ws/src/install/super_odometry_msgs/share/super_odometry_msgs/cmake/export_super_odometry_msgs__rosidl_typesupport_fastrtps_cExport-noconfig.cmake
[22.455s] -- Installing: /root/ros2_ws/src/install/super_odometry_msgs/share/super_odometry_msgs/cmake/export_super_odometry_msgs__rosidl_generator_cppExport.cmake
[22.455s] -- Installing: /root/ros2_ws/src/install/super_odometry_msgs/share/super_odometry_msgs/cmake/export_super_odometry_msgs__rosidl_typesupport_fastrtps_cppExport.cmake
[22.455s] -- Installing: /root/ros2_ws/src/install/super_odometry_msgs/share/super_odometry_msgs/cmake/export_super_odometry_msgs__rosidl_typesupport_fastrtps_cppExport-noconfig.cmake
[22.455s] -- Installing: /root/ros2_ws/src/install/super_odometry_msgs/share/super_odometry_msgs/cmake/super_odometry_msgs__rosidl_typesupport_introspection_cExport.cmake
[22.455s] -- Installing: /root/ros2_ws/src/install/super_odometry_msgs/share/super_odometry_msgs/cmake/super_odometry_msgs__rosidl_typesupport_introspection_cExport-noconfig.cmake
[22.455s] -- Installing: /root/ros2_ws/src/install/super_odometry_msgs/share/super_odometry_msgs/cmake/super_odometry_msgs__rosidl_typesupport_cExport.cmake
[22.455s] -- Installing: /root/ros2_ws/src/install/super_odometry_msgs/share/super_odometry_msgs/cmake/super_odometry_msgs__rosidl_typesupport_cExport-noconfig.cmake
[22.455s] -- Installing: /root/ros2_ws/src/install/super_odometry_msgs/share/super_odometry_msgs/cmake/super_odometry_msgs__rosidl_typesupport_introspection_cppExport.cmake
[22.455s] -- Installing: /root/ros2_ws/src/install/super_odometry_msgs/share/super_odometry_msgs/cmake/super_odometry_msgs__rosidl_typesupport_introspection_cppExport-noconfig.cmake
[22.456s] -- Installing: /root/ros2_ws/src/install/super_odometry_msgs/share/super_odometry_msgs/cmake/super_odometry_msgs__rosidl_typesupport_cppExport.cmake
[22.456s] -- Installing: /root/ros2_ws/src/install/super_odometry_msgs/share/super_odometry_msgs/cmake/super_odometry_msgs__rosidl_typesupport_cppExport-noconfig.cmake
[22.456s] -- Installing: /root/ros2_ws/src/install/super_odometry_msgs/share/super_odometry_msgs/cmake/export_super_odometry_msgs__rosidl_generator_pyExport.cmake
[22.456s] -- Installing: /root/ros2_ws/src/install/super_odometry_msgs/share/super_odometry_msgs/cmake/export_super_odometry_msgs__rosidl_generator_pyExport-noconfig.cmake
[22.456s] -- Installing: /root/ros2_ws/src/install/super_odometry_msgs/share/super_odometry_msgs/cmake/rosidl_cmake-extras.cmake
[22.456s] -- Installing: /root/ros2_ws/src/install/super_odometry_msgs/share/super_odometry_msgs/cmake/ament_cmake_export_dependencies-extras.cmake
[22.456s] -- Installing: /root/ros2_ws/src/install/super_odometry_msgs/share/super_odometry_msgs/cmake/ament_cmake_export_include_directories-extras.cmake
[22.456s] -- Installing: /root/ros2_ws/src/install/super_odometry_msgs/share/super_odometry_msgs/cmake/ament_cmake_export_libraries-extras.cmake
[22.456s] -- Installing: /root/ros2_ws/src/install/super_odometry_msgs/share/super_odometry_msgs/cmake/ament_cmake_export_targets-extras.cmake
[22.456s] -- Installing: /root/ros2_ws/src/install/super_odometry_msgs/share/super_odometry_msgs/cmake/rosidl_cmake_export_typesupport_targets-extras.cmake
[22.457s] -- Installing: /root/ros2_ws/src/install/super_odometry_msgs/share/super_odometry_msgs/cmake/rosidl_cmake_export_typesupport_libraries-extras.cmake
[22.457s] -- Installing: /root/ros2_ws/src/install/super_odometry_msgs/share/super_odometry_msgs/cmake/super_odometry_msgsConfig.cmake
[22.457s] -- Installing: /root/ros2_ws/src/install/super_odometry_msgs/share/super_odometry_msgs/cmake/super_odometry_msgsConfig-version.cmake
[22.457s] -- Installing: /root/ros2_ws/src/install/super_odometry_msgs/share/super_odometry_msgs/package.xml
[22.475s] Invoked command in '/root/ros2_ws/src/build/super_odometry_msgs' returned '0': CMAKE_PREFIX_PATH=/opt/ros/humble /usr/bin/cmake --install /root/ros2_ws/src/build/super_odometry_msgs
