-- Found ament_cmake: 1.3.12 (/opt/ros/humble/share/ament_cmake/cmake)
-- Found rclcpp: 16.0.17 (/opt/ros/humble/share/rclcpp/cmake)
-- Found rosidl_generator_c: 3.1.8 (/opt/ros/humble/share/rosidl_generator_c/cmake)
-- Found rosidl_adapter: 3.1.8 (/opt/ros/humble/share/rosidl_adapter/cmake)
-- Found rosidl_generator_cpp: 3.1.8 (/opt/ros/humble/share/rosidl_generator_cpp/cmake)
-- Using all available rosidl_typesupport_c: rosidl_typesupport_fastrtps_c;rosidl_typesupport_introspection_c
-- Using all available rosidl_typesupport_cpp: rosidl_typesupport_fastrtps_cpp;rosidl_typesupport_introspection_cpp
-- Found rmw_implementation_cmake: 6.1.2 (/opt/ros/humble/share/rmw_implementation_cmake/cmake)
-- Found rmw_fastrtps_cpp: 6.2.9 (/opt/ros/humble/share/rmw_fastrtps_cpp/cmake)
-- Using RMW implementation 'rmw_fastrtps_cpp' as default
-- Found rclpy: 3.3.19 (/opt/ros/humble/share/rclpy/cmake)
-- Found nav_msgs: 4.9.0 (/opt/ros/humble/share/nav_msgs/cmake)
-- Found sensor_msgs: 4.9.0 (/opt/ros/humble/share/sensor_msgs/cmake)
-- Found tf2_ros: 0.25.18 (/opt/ros/humble/share/tf2_ros/cmake)
-- Found tf2_geometry_msgs: 0.25.18 (/opt/ros/humble/share/tf2_geometry_msgs/cmake)
-- Found eigen3_cmake_module: 0.1.1 (/opt/ros/humble/share/eigen3_cmake_module/cmake)
-- Ensuring Eigen3 include directory is part of orocos-kdl CMake target
-- Found pcl_conversions: 2.4.5 (/opt/ros/humble/share/pcl_conversions/cmake)
-- Eigen found (include: /usr/include/eigen3, version: 3.4.0)
-- FLANN found (include: /usr/include, lib: /usr/lib/x86_64-linux-gnu/libflann_cpp.so)
-- OpenNI found (version: 1.5.4.0, include: /usr/include/ni, lib: /usr/lib/libOpenNI.so;libusb::libusb)
-- OpenNI2 found (version: 2.2.0.33, include: /usr/include/openni2, lib: /usr/lib/x86_64-linux-gnu/libOpenNI2.so;libusb::libusb)
-- Eigen found (include: /usr/include/eigen3, version: 3.4.0)
-- OpenNI found (version: 1.5.4.0, include: /usr/include/ni, lib: /usr/lib/libOpenNI.so;libusb::libusb)
-- OpenNI2 found (version: 2.2.0.33, include: /usr/include/openni2, lib: /usr/lib/x86_64-linux-gnu/libOpenNI2.so;libusb::libusb)
-- Found Qhull version 8.0.2
-- OpenNI found (version: 1.5.4.0, include: /usr/include/ni, lib: /usr/lib/libOpenNI.so;libusb::libusb)
-- Found pcl_ros: 2.4.5 (/opt/ros/humble/share/pcl_ros/cmake)
-- Found ament_lint_auto: 0.12.14 (/opt/ros/humble/share/ament_lint_auto/cmake)
-- Added test 'copyright' to check source files copyright and LICENSE
-- Added test 'cppcheck' to perform static code analysis on C / C++ code
-- Configured cppcheck include dirs: 
-- Configured cppcheck exclude dirs and/or files: 
-- Added test 'cpplint' to check C / C++ code against the Google style
-- Configured cpplint exclude dirs and/or files: 
-- Added test 'flake8' to check Python code syntax and style conventions
-- Added test 'lint_cmake' to check CMake code style
-- Added test 'pep257' to check Python code against some of the docstring style conventions in PEP 257
-- Added test 'uncrustify' to check C / C++ code style
-- Configured uncrustify additional arguments: 
-- Added test 'xmllint' to check XML markup files
-- Configuring done
-- Generating done
-- Build files have been written to: /root/ros2_ws/src/build/visualization_tools
[35m[1mConsolidate compiler generated dependencies of target visualizationTools[0m
[  0%] Built target ament_cmake_python_copy_visualization_tools
[100%] Built target visualizationTools
/usr/local/lib/python3.10/dist-packages/setuptools_scm/_integration/setuptools.py:24: RuntimeWarning: 
ERROR: setuptools==59.6.0 is used in combination with setuptools-scm>=8.x

Your build configuration is incomplete and previously worked by accident!
setuptools-scm requires setuptools>=61 (recommended: >=80)

Suggested workaround if applicable:
 - migrating from the deprecated setup_requires mechanism to pep517/518
   and using a pyproject.toml to declare build dependencies
   which are reliably pre-installed before running the build tools

  warnings.warn(
running egg_info
writing visualization_tools.egg-info/PKG-INFO
writing dependency_links to visualization_tools.egg-info/dependency_links.txt
writing top-level names to visualization_tools.egg-info/top_level.txt
listing git files failed - pretending there aren't any
reading manifest file 'visualization_tools.egg-info/SOURCES.txt'
writing manifest file 'visualization_tools.egg-info/SOURCES.txt'
[100%] Built target ament_cmake_python_build_visualization_tools_egg
-- Install configuration: ""
-- Up-to-date: /root/ros2_ws/src/install/visualization_tools/lib/visualization_tools/visualizationTools
-- Up-to-date: /root/ros2_ws/src/install/visualization_tools/share/visualization_tools/launch
-- Up-to-date: /root/ros2_ws/src/install/visualization_tools/share/visualization_tools/launch/visualization_tools.launch
-- Up-to-date: /root/ros2_ws/src/install/visualization_tools/share/visualization_tools/environment/pythonpath.sh
-- Installing: /root/ros2_ws/src/install/visualization_tools/share/visualization_tools/environment/pythonpath.dsv
-- Up-to-date: /root/ros2_ws/src/install/visualization_tools/local/lib/python3.10/dist-packages/visualization_tools-0.0.1-py3.10.egg-info
-- Installing: /root/ros2_ws/src/install/visualization_tools/local/lib/python3.10/dist-packages/visualization_tools-0.0.1-py3.10.egg-info/PKG-INFO
-- Installing: /root/ros2_ws/src/install/visualization_tools/local/lib/python3.10/dist-packages/visualization_tools-0.0.1-py3.10.egg-info/dependency_links.txt
-- Installing: /root/ros2_ws/src/install/visualization_tools/local/lib/python3.10/dist-packages/visualization_tools-0.0.1-py3.10.egg-info/SOURCES.txt
-- Installing: /root/ros2_ws/src/install/visualization_tools/local/lib/python3.10/dist-packages/visualization_tools-0.0.1-py3.10.egg-info/top_level.txt
-- Up-to-date: /root/ros2_ws/src/install/visualization_tools/local/lib/python3.10/dist-packages/visualization_tools
-- Up-to-date: /root/ros2_ws/src/install/visualization_tools/local/lib/python3.10/dist-packages/visualization_tools/__init__.py
Listing '/root/ros2_ws/src/install/visualization_tools/local/lib/python3.10/dist-packages/visualization_tools'...
-- Up-to-date: /root/ros2_ws/src/install/visualization_tools/lib/visualization_tools/realTimePlot.py
-- Up-to-date: /root/ros2_ws/src/install/visualization_tools/share/ament_index/resource_index/package_run_dependencies/visualization_tools
-- Installing: /root/ros2_ws/src/install/visualization_tools/share/ament_index/resource_index/parent_prefix_path/visualization_tools
-- Up-to-date: /root/ros2_ws/src/install/visualization_tools/share/visualization_tools/environment/ament_prefix_path.sh
-- Installing: /root/ros2_ws/src/install/visualization_tools/share/visualization_tools/environment/ament_prefix_path.dsv
-- Up-to-date: /root/ros2_ws/src/install/visualization_tools/share/visualization_tools/environment/path.sh
-- Installing: /root/ros2_ws/src/install/visualization_tools/share/visualization_tools/environment/path.dsv
-- Up-to-date: /root/ros2_ws/src/install/visualization_tools/share/visualization_tools/local_setup.bash
-- Up-to-date: /root/ros2_ws/src/install/visualization_tools/share/visualization_tools/local_setup.sh
-- Up-to-date: /root/ros2_ws/src/install/visualization_tools/share/visualization_tools/local_setup.zsh
-- Installing: /root/ros2_ws/src/install/visualization_tools/share/visualization_tools/local_setup.dsv
-- Installing: /root/ros2_ws/src/install/visualization_tools/share/visualization_tools/package.dsv
-- Up-to-date: /root/ros2_ws/src/install/visualization_tools/share/ament_index/resource_index/packages/visualization_tools
-- Up-to-date: /root/ros2_ws/src/install/visualization_tools/share/visualization_tools/cmake/visualization_toolsConfig.cmake
-- Up-to-date: /root/ros2_ws/src/install/visualization_tools/share/visualization_tools/cmake/visualization_toolsConfig-version.cmake
-- Up-to-date: /root/ros2_ws/src/install/visualization_tools/share/visualization_tools/package.xml
