[0.461s] Invoking command in '/root/ros2_ws/src/build/visualization_tools': CMAKE_PREFIX_PATH=${CMAKE_PREFIX_PATH}:/root/ros2_ws/src/install/transform_sensors:/root/ros2_ws/src/install/ros_tcp_endpoint:/opt/ros/humble /usr/bin/cmake /root/ros2_ws/src/base_autonomy/visualization_tools -DCMAKE_INSTALL_PREFIX=/root/ros2_ws/src/install/visualization_tools
[0.492s] -- Found ament_cmake: 1.3.12 (/opt/ros/humble/share/ament_cmake/cmake)
[0.671s] -- Found rclcpp: 16.0.17 (/opt/ros/humble/share/rclcpp/cmake)
[0.708s] -- Found rosidl_generator_c: 3.1.8 (/opt/ros/humble/share/rosidl_generator_c/cmake)
[0.709s] -- Found rosidl_adapter: 3.1.8 (/opt/ros/humble/share/rosidl_adapter/cmake)
[0.721s] -- Found rosidl_generator_cpp: 3.1.8 (/opt/ros/humble/share/rosidl_generator_cpp/cmake)
[0.727s] -- Using all available rosidl_typesupport_c: rosidl_typesupport_fastrtps_c;rosidl_typesupport_introspection_c
[0.740s] -- Using all available rosidl_typesupport_cpp: rosidl_typesupport_fastrtps_cpp;rosidl_typesupport_introspection_cpp
[0.777s] -- Found rmw_implementation_cmake: 6.1.2 (/opt/ros/humble/share/rmw_implementation_cmake/cmake)
[0.777s] -- Found rmw_fastrtps_cpp: 6.2.9 (/opt/ros/humble/share/rmw_fastrtps_cpp/cmake)
[1.009s] -- Using RMW implementation 'rmw_fastrtps_cpp' as default
[1.090s] -- Found rclpy: 3.3.19 (/opt/ros/humble/share/rclpy/cmake)
[1.090s] -- Found nav_msgs: 4.9.0 (/opt/ros/humble/share/nav_msgs/cmake)
[1.135s] -- Found sensor_msgs: 4.9.0 (/opt/ros/humble/share/sensor_msgs/cmake)
[1.163s] -- Found tf2_ros: 0.25.18 (/opt/ros/humble/share/tf2_ros/cmake)
[1.298s] -- Found tf2_geometry_msgs: 0.25.18 (/opt/ros/humble/share/tf2_geometry_msgs/cmake)
[1.305s] -- Found eigen3_cmake_module: 0.1.1 (/opt/ros/humble/share/eigen3_cmake_module/cmake)
[1.306s] -- Ensuring Eigen3 include directory is part of orocos-kdl CMake target
[1.309s] -- Found pcl_conversions: 2.4.5 (/opt/ros/humble/share/pcl_conversions/cmake)
[1.362s] -- Eigen found (include: /usr/include/eigen3, version: 3.4.0)
[1.430s] -- FLANN found (include: /usr/include, lib: /usr/lib/x86_64-linux-gnu/libflann_cpp.so)
[1.944s] -- OpenNI found (version: 1.5.4.0, include: /usr/include/ni, lib: /usr/lib/libOpenNI.so;libusb::libusb)
[1.971s] -- OpenNI2 found (version: 2.2.0.33, include: /usr/include/openni2, lib: /usr/lib/x86_64-linux-gnu/libOpenNI2.so;libusb::libusb)
[2.200s] -- Eigen found (include: /usr/include/eigen3, version: 3.4.0)
[2.210s] -- OpenNI found (version: 1.5.4.0, include: /usr/include/ni, lib: /usr/lib/libOpenNI.so;libusb::libusb)
[2.228s] -- OpenNI2 found (version: 2.2.0.33, include: /usr/include/openni2, lib: /usr/lib/x86_64-linux-gnu/libOpenNI2.so;libusb::libusb)
[2.469s] -- Found Qhull version 8.0.2
[2.721s] -- OpenNI found (version: 1.5.4.0, include: /usr/include/ni, lib: /usr/lib/libOpenNI.so;libusb::libusb)
[2.929s] -- Found pcl_ros: 2.4.5 (/opt/ros/humble/share/pcl_ros/cmake)
[3.052s] -- Found ament_lint_auto: 0.12.14 (/opt/ros/humble/share/ament_lint_auto/cmake)
[3.136s] -- Added test 'copyright' to check source files copyright and LICENSE
[3.136s] -- Added test 'cppcheck' to perform static code analysis on C / C++ code
[3.136s] -- Configured cppcheck include dirs: 
[3.136s] -- Configured cppcheck exclude dirs and/or files: 
[3.137s] -- Added test 'cpplint' to check C / C++ code against the Google style
[3.137s] -- Configured cpplint exclude dirs and/or files: 
[3.137s] -- Added test 'flake8' to check Python code syntax and style conventions
[3.137s] -- Added test 'lint_cmake' to check CMake code style
[3.138s] -- Added test 'pep257' to check Python code against some of the docstring style conventions in PEP 257
[3.141s] -- Added test 'uncrustify' to check C / C++ code style
[3.141s] -- Configured uncrustify additional arguments: 
[3.141s] -- Added test 'xmllint' to check XML markup files
[3.141s] -- Configuring done
[3.195s] -- Generating done
[3.204s] -- Build files have been written to: /root/ros2_ws/src/build/visualization_tools
[3.223s] Invoked command in '/root/ros2_ws/src/build/visualization_tools' returned '0': CMAKE_PREFIX_PATH=${CMAKE_PREFIX_PATH}:/root/ros2_ws/src/install/transform_sensors:/root/ros2_ws/src/install/ros_tcp_endpoint:/opt/ros/humble /usr/bin/cmake /root/ros2_ws/src/base_autonomy/visualization_tools -DCMAKE_INSTALL_PREFIX=/root/ros2_ws/src/install/visualization_tools
[3.225s] Invoking command in '/root/ros2_ws/src/build/visualization_tools': CMAKE_PREFIX_PATH=${CMAKE_PREFIX_PATH}:/root/ros2_ws/src/install/transform_sensors:/root/ros2_ws/src/install/ros_tcp_endpoint:/opt/ros/humble /usr/bin/cmake --build /root/ros2_ws/src/build/visualization_tools -- -j24 -l24
[3.286s] [35m[1mConsolidate compiler generated dependencies of target visualizationTools[0m
[3.300s] [  0%] Built target ament_cmake_python_copy_visualization_tools
[3.327s] [100%] Built target visualizationTools
[3.602s] /usr/local/lib/python3.10/dist-packages/setuptools_scm/_integration/setuptools.py:24: RuntimeWarning: 
[3.602s] ERROR: setuptools==59.6.0 is used in combination with setuptools-scm>=8.x
[3.602s] 
[3.602s] Your build configuration is incomplete and previously worked by accident!
[3.602s] setuptools-scm requires setuptools>=61 (recommended: >=80)
[3.602s] 
[3.602s] Suggested workaround if applicable:
[3.602s]  - migrating from the deprecated setup_requires mechanism to pep517/518
[3.602s]    and using a pyproject.toml to declare build dependencies
[3.602s]    which are reliably pre-installed before running the build tools
[3.602s] 
[3.602s]   warnings.warn(
[3.605s] running egg_info
[3.606s] writing visualization_tools.egg-info/PKG-INFO
[3.606s] writing dependency_links to visualization_tools.egg-info/dependency_links.txt
[3.606s] writing top-level names to visualization_tools.egg-info/top_level.txt
[3.639s] listing git files failed - pretending there aren't any
[3.754s] reading manifest file 'visualization_tools.egg-info/SOURCES.txt'
[3.754s] writing manifest file 'visualization_tools.egg-info/SOURCES.txt'
[3.792s] [100%] Built target ament_cmake_python_build_visualization_tools_egg
[3.809s] Invoked command in '/root/ros2_ws/src/build/visualization_tools' returned '0': CMAKE_PREFIX_PATH=${CMAKE_PREFIX_PATH}:/root/ros2_ws/src/install/transform_sensors:/root/ros2_ws/src/install/ros_tcp_endpoint:/opt/ros/humble /usr/bin/cmake --build /root/ros2_ws/src/build/visualization_tools -- -j24 -l24
[3.813s] Invoking command in '/root/ros2_ws/src/build/visualization_tools': CMAKE_PREFIX_PATH=${CMAKE_PREFIX_PATH}:/root/ros2_ws/src/install/transform_sensors:/root/ros2_ws/src/install/ros_tcp_endpoint:/opt/ros/humble /usr/bin/cmake --install /root/ros2_ws/src/build/visualization_tools
[3.819s] -- Install configuration: ""
[3.821s] -- Up-to-date: /root/ros2_ws/src/install/visualization_tools/lib/visualization_tools/visualizationTools
[3.821s] -- Up-to-date: /root/ros2_ws/src/install/visualization_tools/share/visualization_tools/launch
[3.821s] -- Up-to-date: /root/ros2_ws/src/install/visualization_tools/share/visualization_tools/launch/visualization_tools.launch
[3.821s] -- Up-to-date: /root/ros2_ws/src/install/visualization_tools/share/visualization_tools/environment/pythonpath.sh
[3.821s] -- Installing: /root/ros2_ws/src/install/visualization_tools/share/visualization_tools/environment/pythonpath.dsv
[3.821s] -- Up-to-date: /root/ros2_ws/src/install/visualization_tools/local/lib/python3.10/dist-packages/visualization_tools-0.0.1-py3.10.egg-info
[3.821s] -- Installing: /root/ros2_ws/src/install/visualization_tools/local/lib/python3.10/dist-packages/visualization_tools-0.0.1-py3.10.egg-info/PKG-INFO
[3.821s] -- Installing: /root/ros2_ws/src/install/visualization_tools/local/lib/python3.10/dist-packages/visualization_tools-0.0.1-py3.10.egg-info/dependency_links.txt
[3.821s] -- Installing: /root/ros2_ws/src/install/visualization_tools/local/lib/python3.10/dist-packages/visualization_tools-0.0.1-py3.10.egg-info/SOURCES.txt
[3.821s] -- Installing: /root/ros2_ws/src/install/visualization_tools/local/lib/python3.10/dist-packages/visualization_tools-0.0.1-py3.10.egg-info/top_level.txt
[3.821s] -- Up-to-date: /root/ros2_ws/src/install/visualization_tools/local/lib/python3.10/dist-packages/visualization_tools
[3.821s] -- Up-to-date: /root/ros2_ws/src/install/visualization_tools/local/lib/python3.10/dist-packages/visualization_tools/__init__.py
[3.860s] Listing '/root/ros2_ws/src/install/visualization_tools/local/lib/python3.10/dist-packages/visualization_tools'...
[3.864s] -- Up-to-date: /root/ros2_ws/src/install/visualization_tools/lib/visualization_tools/realTimePlot.py
[3.864s] -- Up-to-date: /root/ros2_ws/src/install/visualization_tools/share/ament_index/resource_index/package_run_dependencies/visualization_tools
[3.864s] -- Installing: /root/ros2_ws/src/install/visualization_tools/share/ament_index/resource_index/parent_prefix_path/visualization_tools
[3.864s] -- Up-to-date: /root/ros2_ws/src/install/visualization_tools/share/visualization_tools/environment/ament_prefix_path.sh
[3.864s] -- Installing: /root/ros2_ws/src/install/visualization_tools/share/visualization_tools/environment/ament_prefix_path.dsv
[3.864s] -- Up-to-date: /root/ros2_ws/src/install/visualization_tools/share/visualization_tools/environment/path.sh
[3.864s] -- Installing: /root/ros2_ws/src/install/visualization_tools/share/visualization_tools/environment/path.dsv
[3.865s] -- Up-to-date: /root/ros2_ws/src/install/visualization_tools/share/visualization_tools/local_setup.bash
[3.865s] -- Up-to-date: /root/ros2_ws/src/install/visualization_tools/share/visualization_tools/local_setup.sh
[3.865s] -- Up-to-date: /root/ros2_ws/src/install/visualization_tools/share/visualization_tools/local_setup.zsh
[3.865s] -- Installing: /root/ros2_ws/src/install/visualization_tools/share/visualization_tools/local_setup.dsv
[3.865s] -- Installing: /root/ros2_ws/src/install/visualization_tools/share/visualization_tools/package.dsv
[3.865s] -- Up-to-date: /root/ros2_ws/src/install/visualization_tools/share/ament_index/resource_index/packages/visualization_tools
[3.865s] -- Up-to-date: /root/ros2_ws/src/install/visualization_tools/share/visualization_tools/cmake/visualization_toolsConfig.cmake
[3.865s] -- Up-to-date: /root/ros2_ws/src/install/visualization_tools/share/visualization_tools/cmake/visualization_toolsConfig-version.cmake
[3.865s] -- Up-to-date: /root/ros2_ws/src/install/visualization_tools/share/visualization_tools/package.xml
[3.872s] Invoked command in '/root/ros2_ws/src/build/visualization_tools' returned '0': CMAKE_PREFIX_PATH=${CMAKE_PREFIX_PATH}:/root/ros2_ws/src/install/transform_sensors:/root/ros2_ws/src/install/ros_tcp_endpoint:/opt/ros/humble /usr/bin/cmake --install /root/ros2_ws/src/build/visualization_tools
