[100%] Built target graph_decoder
-- Install configuration: "Release"
-- Up-to-date: /root/ros2_ws/src/install/graph_decoder/lib/graph_decoder/graph_decoder
-- Up-to-date: /root/ros2_ws/src/install/graph_decoder/share/graph_decoder/launch
-- Up-to-date: /root/ros2_ws/src/install/graph_decoder/share/graph_decoder/launch/decoder.launch
-- Up-to-date: /root/ros2_ws/src/install/graph_decoder/share/graph_decoder/config
-- Up-to-date: /root/ros2_ws/src/install/graph_decoder/share/graph_decoder/config/default.yaml
-- Up-to-date: /root/ros2_ws/src/install/graph_decoder/share/ament_index/resource_index/package_run_dependencies/graph_decoder
-- Up-to-date: /root/ros2_ws/src/install/graph_decoder/share/ament_index/resource_index/parent_prefix_path/graph_decoder
-- Up-to-date: /root/ros2_ws/src/install/graph_decoder/share/graph_decoder/environment/ament_prefix_path.sh
-- Up-to-date: /root/ros2_ws/src/install/graph_decoder/share/graph_decoder/environment/ament_prefix_path.dsv
-- Up-to-date: /root/ros2_ws/src/install/graph_decoder/share/graph_decoder/environment/path.sh
-- Up-to-date: /root/ros2_ws/src/install/graph_decoder/share/graph_decoder/environment/path.dsv
-- Up-to-date: /root/ros2_ws/src/install/graph_decoder/share/graph_decoder/local_setup.bash
-- Up-to-date: /root/ros2_ws/src/install/graph_decoder/share/graph_decoder/local_setup.sh
-- Up-to-date: /root/ros2_ws/src/install/graph_decoder/share/graph_decoder/local_setup.zsh
-- Up-to-date: /root/ros2_ws/src/install/graph_decoder/share/graph_decoder/local_setup.dsv
-- Installing: /root/ros2_ws/src/install/graph_decoder/share/graph_decoder/package.dsv
-- Up-to-date: /root/ros2_ws/src/install/graph_decoder/share/ament_index/resource_index/packages/graph_decoder
-- Up-to-date: /root/ros2_ws/src/install/graph_decoder/share/graph_decoder/cmake/graph_decoderConfig.cmake
-- Up-to-date: /root/ros2_ws/src/install/graph_decoder/share/graph_decoder/cmake/graph_decoderConfig-version.cmake
-- Up-to-date: /root/ros2_ws/src/install/graph_decoder/share/graph_decoder/package.xml
