[0.097s] Invoking command in '/root/ros2_ws/src/build/graph_decoder': AMENT_PREFIX_PATH=/root/ros2_ws/src/install/visibility_graph_msg:${AMENT_PREFIX_PATH} CMAKE_PREFIX_PATH=/root/ros2_ws/src/install/visibility_graph_msg:/opt/ros/humble LD_LIBRARY_PATH=/root/ros2_ws/src/install/visibility_graph_msg/lib:${LD_LIBRARY_PATH} PYTHONPATH=/root/ros2_ws/src/install/visibility_graph_msg/local/lib/python3.10/dist-packages:${PYTHONPATH} /usr/bin/cmake --build /root/ros2_ws/src/build/graph_decoder -- -j24 -l24
[0.157s] [100%] Built target graph_decoder
[0.185s] Invoked command in '/root/ros2_ws/src/build/graph_decoder' returned '0': AMENT_PREFIX_PATH=/root/ros2_ws/src/install/visibility_graph_msg:${AMENT_PREFIX_PATH} CMAKE_PREFIX_PATH=/root/ros2_ws/src/install/visibility_graph_msg:/opt/ros/humble LD_LIBRARY_PATH=/root/ros2_ws/src/install/visibility_graph_msg/lib:${LD_LIBRARY_PATH} PYTHONPATH=/root/ros2_ws/src/install/visibility_graph_msg/local/lib/python3.10/dist-packages:${PYTHONPATH} /usr/bin/cmake --build /root/ros2_ws/src/build/graph_decoder -- -j24 -l24
[0.187s] Invoking command in '/root/ros2_ws/src/build/graph_decoder': AMENT_PREFIX_PATH=/root/ros2_ws/src/install/visibility_graph_msg:${AMENT_PREFIX_PATH} CMAKE_PREFIX_PATH=/root/ros2_ws/src/install/visibility_graph_msg:/opt/ros/humble LD_LIBRARY_PATH=/root/ros2_ws/src/install/visibility_graph_msg/lib:${LD_LIBRARY_PATH} PYTHONPATH=/root/ros2_ws/src/install/visibility_graph_msg/local/lib/python3.10/dist-packages:${PYTHONPATH} /usr/bin/cmake --install /root/ros2_ws/src/build/graph_decoder
[0.196s] -- Install configuration: "Release"
[0.197s] -- Up-to-date: /root/ros2_ws/src/install/graph_decoder/lib/graph_decoder/graph_decoder
[0.198s] -- Up-to-date: /root/ros2_ws/src/install/graph_decoder/share/graph_decoder/launch
[0.200s] -- Up-to-date: /root/ros2_ws/src/install/graph_decoder/share/graph_decoder/launch/decoder.launch
[0.201s] -- Up-to-date: /root/ros2_ws/src/install/graph_decoder/share/graph_decoder/config
[0.202s] -- Up-to-date: /root/ros2_ws/src/install/graph_decoder/share/graph_decoder/config/default.yaml
[0.202s] -- Up-to-date: /root/ros2_ws/src/install/graph_decoder/share/ament_index/resource_index/package_run_dependencies/graph_decoder
[0.202s] -- Up-to-date: /root/ros2_ws/src/install/graph_decoder/share/ament_index/resource_index/parent_prefix_path/graph_decoder
[0.202s] -- Up-to-date: /root/ros2_ws/src/install/graph_decoder/share/graph_decoder/environment/ament_prefix_path.sh
[0.203s] -- Up-to-date: /root/ros2_ws/src/install/graph_decoder/share/graph_decoder/environment/ament_prefix_path.dsv
[0.203s] -- Up-to-date: /root/ros2_ws/src/install/graph_decoder/share/graph_decoder/environment/path.sh
[0.204s] -- Up-to-date: /root/ros2_ws/src/install/graph_decoder/share/graph_decoder/environment/path.dsv
[0.204s] -- Up-to-date: /root/ros2_ws/src/install/graph_decoder/share/graph_decoder/local_setup.bash
[0.204s] -- Up-to-date: /root/ros2_ws/src/install/graph_decoder/share/graph_decoder/local_setup.sh
[0.204s] -- Up-to-date: /root/ros2_ws/src/install/graph_decoder/share/graph_decoder/local_setup.zsh
[0.204s] -- Up-to-date: /root/ros2_ws/src/install/graph_decoder/share/graph_decoder/local_setup.dsv
[0.204s] -- Installing: /root/ros2_ws/src/install/graph_decoder/share/graph_decoder/package.dsv
[0.204s] -- Up-to-date: /root/ros2_ws/src/install/graph_decoder/share/ament_index/resource_index/packages/graph_decoder
[0.204s] -- Up-to-date: /root/ros2_ws/src/install/graph_decoder/share/graph_decoder/cmake/graph_decoderConfig.cmake
[0.204s] -- Up-to-date: /root/ros2_ws/src/install/graph_decoder/share/graph_decoder/cmake/graph_decoderConfig-version.cmake
[0.204s] -- Up-to-date: /root/ros2_ws/src/install/graph_decoder/share/graph_decoder/package.xml
[0.238s] Invoked command in '/root/ros2_ws/src/build/graph_decoder' returned '0': AMENT_PREFIX_PATH=/root/ros2_ws/src/install/visibility_graph_msg:${AMENT_PREFIX_PATH} CMAKE_PREFIX_PATH=/root/ros2_ws/src/install/visibility_graph_msg:/opt/ros/humble LD_LIBRARY_PATH=/root/ros2_ws/src/install/visibility_graph_msg/lib:${LD_LIBRARY_PATH} PYTHONPATH=/root/ros2_ws/src/install/visibility_graph_msg/local/lib/python3.10/dist-packages:${PYTHONPATH} /usr/bin/cmake --install /root/ros2_ws/src/build/graph_decoder
