[0.032s] Invoking command in '/root/ros2_ws/src/build/boundary_handler': CMAKE_PREFIX_PATH=/root/ros2_ws/src/install/visibility_graph_msg:/root/ros2_ws/src/install/waypoint_rviz_plugin:/root/ros2_ws/src/install/waypoint_example:/root/ros2_ws/src/install/visualization_tools:/root/ros2_ws/src/install/graph_decoder:/root/ros2_ws/src/install/far_planner:/root/ros2_ws/src/install/boundary_handler:/root/ros2_ws/src/install/vehicle_simulator:/root/ros2_ws/src/install/local_planner:/root/ros2_ws/src/install/calibrate_imu:/root/ros2_ws/src/install/go2_sport_api:/root/ros2_ws/src/install/unitree_go:/root/ros2_ws/src/install/unitree_api:/root/ros2_ws/src/install/point_lio_unilidar:/root/ros2_ws/src/install/terrain_analysis_ext:/root/ros2_ws/src/install/terrain_analysis:/root/ros2_ws/src/install/teleop_rviz_plugin_plus:/root/ros2_ws/src/install/teleop_rviz_plugin:/root/ros2_ws/src/install/super_odometry:/root/ros2_ws/src/install/super_odometry_msgs:/root/ros2_ws/src/install/sensor_scan_generation:/root/ros2_ws/src/install/rviz_2d_overlay_plugins:/root/ros2_ws/src/install/rviz_2d_overlay_msgs:/root/ros2_ws/src/install/livox_ros_driver2:/root/ros2_ws/src/install/goalpoint_rviz_plugin:/root/ros2_ws/src/install/go2_h264_repub:/root/ros2_ws/src/install/transform_sensors:/root/ros2_ws/src/install/ros_tcp_endpoint:/opt/ros/humble /usr/bin/cmake /root/ros2_ws/src/route_planner/boundary_handler -DCMAKE_INSTALL_PREFIX=/root/ros2_ws/src/install/boundary_handler
[0.068s] -- Found ament_cmake: 1.3.12 (/opt/ros/humble/share/ament_cmake/cmake)
[0.223s] -- Found rclcpp: 16.0.17 (/opt/ros/humble/share/rclcpp/cmake)
[0.262s] -- Found rosidl_generator_c: 3.1.8 (/opt/ros/humble/share/rosidl_generator_c/cmake)
[0.264s] -- Found rosidl_adapter: 3.1.8 (/opt/ros/humble/share/rosidl_adapter/cmake)
[0.276s] -- Found rosidl_generator_cpp: 3.1.8 (/opt/ros/humble/share/rosidl_generator_cpp/cmake)
[0.291s] -- Using all available rosidl_typesupport_c: rosidl_typesupport_fastrtps_c;rosidl_typesupport_introspection_c
[0.301s] -- Using all available rosidl_typesupport_cpp: rosidl_typesupport_fastrtps_cpp;rosidl_typesupport_introspection_cpp
[0.338s] -- Found rmw_implementation_cmake: 6.1.2 (/opt/ros/humble/share/rmw_implementation_cmake/cmake)
[0.339s] -- Found rmw_fastrtps_cpp: 6.2.9 (/opt/ros/humble/share/rmw_fastrtps_cpp/cmake)
[0.508s] -- Using RMW implementation 'rmw_fastrtps_cpp' as default
[0.546s] -- Found std_srvs: 4.9.0 (/opt/ros/humble/share/std_srvs/cmake)
[0.551s] -- Found sensor_msgs: 4.9.0 (/opt/ros/humble/share/sensor_msgs/cmake)
[0.580s] -- Found visibility_graph_msg: 0.0.1 (/root/ros2_ws/src/install/visibility_graph_msg/share/visibility_graph_msg/cmake)
[0.610s] -- Eigen found (include: /usr/include/eigen3, version: 3.4.0)
[0.661s] -- FLANN found (include: /usr/include, lib: /usr/lib/x86_64-linux-gnu/libflann_cpp.so)
[0.999s] -- OpenNI found (version: 1.5.4.0, include: /usr/include/ni, lib: /usr/lib/libOpenNI.so;libusb::libusb)
[1.004s] -- OpenNI2 found (version: 2.2.0.33, include: /usr/include/openni2, lib: /usr/lib/x86_64-linux-gnu/libOpenNI2.so;libusb::libusb)
[1.005s] [0m** WARNING ** io features related to pcap will be disabled[0m
[1.170s] -- Eigen found (include: /usr/include/eigen3, version: 3.4.0)
[1.180s] -- OpenNI found (version: 1.5.4.0, include: /usr/include/ni, lib: /usr/lib/libOpenNI.so;libusb::libusb)
[1.195s] -- OpenNI2 found (version: 2.2.0.33, include: /usr/include/openni2, lib: /usr/lib/x86_64-linux-gnu/libOpenNI2.so;libusb::libusb)
[1.331s] -- Found Qhull version 8.0.2
[1.460s] -- OpenNI found (version: 1.5.4.0, include: /usr/include/ni, lib: /usr/lib/libOpenNI.so;libusb::libusb)
[1.573s] -- looking for PCL_COMMON
[1.573s] -- looking for PCL_KDTREE
[1.573s] -- looking for PCL_OCTREE
[1.573s] -- looking for PCL_SEARCH
[1.574s] -- looking for PCL_SAMPLE_CONSENSUS
[1.575s] -- looking for PCL_FILTERS
[1.575s] -- looking for PCL_2D
[1.575s] -- looking for PCL_GEOMETRY
[1.577s] -- looking for PCL_IO
[1.577s] -- looking for PCL_FEATURES
[1.578s] -- looking for PCL_ML
[1.579s] -- looking for PCL_SEGMENTATION
[1.580s] -- looking for PCL_VISUALIZATION
[1.580s] -- looking for PCL_SURFACE
[1.580s] -- looking for PCL_REGISTRATION
[1.582s] -- looking for PCL_KEYPOINTS
[1.582s] -- looking for PCL_TRACKING
[1.582s] -- looking for PCL_RECOGNITION
[1.582s] -- looking for PCL_STEREO
[1.582s] -- looking for PCL_APPS
[1.583s] -- looking for PCL_IN_HAND_SCANNER
[1.583s] -- looking for PCL_MODELER
[1.583s] -- looking for PCL_POINT_CLOUD_EDITOR
[1.583s] -- looking for PCL_OUTOFCORE
[1.583s] -- looking for PCL_PEOPLE
[1.590s] -- Found visualization_msgs: 4.9.0 (/opt/ros/humble/share/visualization_msgs/cmake)
[1.662s] -- Configuring done
[1.689s] -- Generating done
[1.696s] -- Build files have been written to: /root/ros2_ws/src/build/boundary_handler
[1.718s] Invoked command in '/root/ros2_ws/src/build/boundary_handler' returned '0': CMAKE_PREFIX_PATH=/root/ros2_ws/src/install/visibility_graph_msg:/root/ros2_ws/src/install/waypoint_rviz_plugin:/root/ros2_ws/src/install/waypoint_example:/root/ros2_ws/src/install/visualization_tools:/root/ros2_ws/src/install/graph_decoder:/root/ros2_ws/src/install/far_planner:/root/ros2_ws/src/install/boundary_handler:/root/ros2_ws/src/install/vehicle_simulator:/root/ros2_ws/src/install/local_planner:/root/ros2_ws/src/install/calibrate_imu:/root/ros2_ws/src/install/go2_sport_api:/root/ros2_ws/src/install/unitree_go:/root/ros2_ws/src/install/unitree_api:/root/ros2_ws/src/install/point_lio_unilidar:/root/ros2_ws/src/install/terrain_analysis_ext:/root/ros2_ws/src/install/terrain_analysis:/root/ros2_ws/src/install/teleop_rviz_plugin_plus:/root/ros2_ws/src/install/teleop_rviz_plugin:/root/ros2_ws/src/install/super_odometry:/root/ros2_ws/src/install/super_odometry_msgs:/root/ros2_ws/src/install/sensor_scan_generation:/root/ros2_ws/src/install/rviz_2d_overlay_plugins:/root/ros2_ws/src/install/rviz_2d_overlay_msgs:/root/ros2_ws/src/install/livox_ros_driver2:/root/ros2_ws/src/install/goalpoint_rviz_plugin:/root/ros2_ws/src/install/go2_h264_repub:/root/ros2_ws/src/install/transform_sensors:/root/ros2_ws/src/install/ros_tcp_endpoint:/opt/ros/humble /usr/bin/cmake /root/ros2_ws/src/route_planner/boundary_handler -DCMAKE_INSTALL_PREFIX=/root/ros2_ws/src/install/boundary_handler
[1.719s] Invoking command in '/root/ros2_ws/src/build/boundary_handler': CMAKE_PREFIX_PATH=/root/ros2_ws/src/install/visibility_graph_msg:/root/ros2_ws/src/install/waypoint_rviz_plugin:/root/ros2_ws/src/install/waypoint_example:/root/ros2_ws/src/install/visualization_tools:/root/ros2_ws/src/install/graph_decoder:/root/ros2_ws/src/install/far_planner:/root/ros2_ws/src/install/boundary_handler:/root/ros2_ws/src/install/vehicle_simulator:/root/ros2_ws/src/install/local_planner:/root/ros2_ws/src/install/calibrate_imu:/root/ros2_ws/src/install/go2_sport_api:/root/ros2_ws/src/install/unitree_go:/root/ros2_ws/src/install/unitree_api:/root/ros2_ws/src/install/point_lio_unilidar:/root/ros2_ws/src/install/terrain_analysis_ext:/root/ros2_ws/src/install/terrain_analysis:/root/ros2_ws/src/install/teleop_rviz_plugin_plus:/root/ros2_ws/src/install/teleop_rviz_plugin:/root/ros2_ws/src/install/super_odometry:/root/ros2_ws/src/install/super_odometry_msgs:/root/ros2_ws/src/install/sensor_scan_generation:/root/ros2_ws/src/install/rviz_2d_overlay_plugins:/root/ros2_ws/src/install/rviz_2d_overlay_msgs:/root/ros2_ws/src/install/livox_ros_driver2:/root/ros2_ws/src/install/goalpoint_rviz_plugin:/root/ros2_ws/src/install/go2_h264_repub:/root/ros2_ws/src/install/transform_sensors:/root/ros2_ws/src/install/ros_tcp_endpoint:/opt/ros/humble /usr/bin/cmake --build /root/ros2_ws/src/build/boundary_handler -- -j24 -l24
[1.752s] [35m[1mConsolidate compiler generated dependencies of target boundary_handler[0m
[1.771s] [100%] Built target boundary_handler
[1.782s] Invoked command in '/root/ros2_ws/src/build/boundary_handler' returned '0': CMAKE_PREFIX_PATH=/root/ros2_ws/src/install/visibility_graph_msg:/root/ros2_ws/src/install/waypoint_rviz_plugin:/root/ros2_ws/src/install/waypoint_example:/root/ros2_ws/src/install/visualization_tools:/root/ros2_ws/src/install/graph_decoder:/root/ros2_ws/src/install/far_planner:/root/ros2_ws/src/install/boundary_handler:/root/ros2_ws/src/install/vehicle_simulator:/root/ros2_ws/src/install/local_planner:/root/ros2_ws/src/install/calibrate_imu:/root/ros2_ws/src/install/go2_sport_api:/root/ros2_ws/src/install/unitree_go:/root/ros2_ws/src/install/unitree_api:/root/ros2_ws/src/install/point_lio_unilidar:/root/ros2_ws/src/install/terrain_analysis_ext:/root/ros2_ws/src/install/terrain_analysis:/root/ros2_ws/src/install/teleop_rviz_plugin_plus:/root/ros2_ws/src/install/teleop_rviz_plugin:/root/ros2_ws/src/install/super_odometry:/root/ros2_ws/src/install/super_odometry_msgs:/root/ros2_ws/src/install/sensor_scan_generation:/root/ros2_ws/src/install/rviz_2d_overlay_plugins:/root/ros2_ws/src/install/rviz_2d_overlay_msgs:/root/ros2_ws/src/install/livox_ros_driver2:/root/ros2_ws/src/install/goalpoint_rviz_plugin:/root/ros2_ws/src/install/go2_h264_repub:/root/ros2_ws/src/install/transform_sensors:/root/ros2_ws/src/install/ros_tcp_endpoint:/opt/ros/humble /usr/bin/cmake --build /root/ros2_ws/src/build/boundary_handler -- -j24 -l24
[1.784s] Invoking command in '/root/ros2_ws/src/build/boundary_handler': CMAKE_PREFIX_PATH=/root/ros2_ws/src/install/visibility_graph_msg:/root/ros2_ws/src/install/waypoint_rviz_plugin:/root/ros2_ws/src/install/waypoint_example:/root/ros2_ws/src/install/visualization_tools:/root/ros2_ws/src/install/graph_decoder:/root/ros2_ws/src/install/far_planner:/root/ros2_ws/src/install/boundary_handler:/root/ros2_ws/src/install/vehicle_simulator:/root/ros2_ws/src/install/local_planner:/root/ros2_ws/src/install/calibrate_imu:/root/ros2_ws/src/install/go2_sport_api:/root/ros2_ws/src/install/unitree_go:/root/ros2_ws/src/install/unitree_api:/root/ros2_ws/src/install/point_lio_unilidar:/root/ros2_ws/src/install/terrain_analysis_ext:/root/ros2_ws/src/install/terrain_analysis:/root/ros2_ws/src/install/teleop_rviz_plugin_plus:/root/ros2_ws/src/install/teleop_rviz_plugin:/root/ros2_ws/src/install/super_odometry:/root/ros2_ws/src/install/super_odometry_msgs:/root/ros2_ws/src/install/sensor_scan_generation:/root/ros2_ws/src/install/rviz_2d_overlay_plugins:/root/ros2_ws/src/install/rviz_2d_overlay_msgs:/root/ros2_ws/src/install/livox_ros_driver2:/root/ros2_ws/src/install/goalpoint_rviz_plugin:/root/ros2_ws/src/install/go2_h264_repub:/root/ros2_ws/src/install/transform_sensors:/root/ros2_ws/src/install/ros_tcp_endpoint:/opt/ros/humble /usr/bin/cmake --install /root/ros2_ws/src/build/boundary_handler
[1.791s] -- Install configuration: "Release"
[1.791s] -- Up-to-date: /root/ros2_ws/src/install/boundary_handler/lib/boundary_handler/boundary_handler
[1.791s] -- Up-to-date: /root/ros2_ws/src/install/boundary_handler/share/boundary_handler/launch
[1.791s] -- Up-to-date: /root/ros2_ws/src/install/boundary_handler/share/boundary_handler/launch/boundary_handler.launch
[1.791s] -- Up-to-date: /root/ros2_ws/src/install/boundary_handler/share/boundary_handler/rviz
[1.791s] -- Up-to-date: /root/ros2_ws/src/install/boundary_handler/share/boundary_handler/rviz/default.rviz
[1.791s] -- Up-to-date: /root/ros2_ws/src/install/boundary_handler/share/boundary_handler/config
[1.791s] -- Up-to-date: /root/ros2_ws/src/install/boundary_handler/share/boundary_handler/config/default.yaml
[1.791s] -- Up-to-date: /root/ros2_ws/src/install/boundary_handler/share/ament_index/resource_index/package_run_dependencies/boundary_handler
[1.792s] -- Installing: /root/ros2_ws/src/install/boundary_handler/share/ament_index/resource_index/parent_prefix_path/boundary_handler
[1.792s] -- Up-to-date: /root/ros2_ws/src/install/boundary_handler/share/boundary_handler/environment/ament_prefix_path.sh
[1.797s] -- Installing: /root/ros2_ws/src/install/boundary_handler/share/boundary_handler/environment/ament_prefix_path.dsv
[1.797s] -- Up-to-date: /root/ros2_ws/src/install/boundary_handler/share/boundary_handler/environment/path.sh
[1.797s] -- Installing: /root/ros2_ws/src/install/boundary_handler/share/boundary_handler/environment/path.dsv
[1.797s] -- Up-to-date: /root/ros2_ws/src/install/boundary_handler/share/boundary_handler/local_setup.bash
[1.797s] -- Up-to-date: /root/ros2_ws/src/install/boundary_handler/share/boundary_handler/local_setup.sh
[1.797s] -- Up-to-date: /root/ros2_ws/src/install/boundary_handler/share/boundary_handler/local_setup.zsh
[1.797s] -- Installing: /root/ros2_ws/src/install/boundary_handler/share/boundary_handler/local_setup.dsv
[1.797s] -- Installing: /root/ros2_ws/src/install/boundary_handler/share/boundary_handler/package.dsv
[1.797s] -- Up-to-date: /root/ros2_ws/src/install/boundary_handler/share/ament_index/resource_index/packages/boundary_handler
[1.797s] -- Up-to-date: /root/ros2_ws/src/install/boundary_handler/share/boundary_handler/cmake/boundary_handlerConfig.cmake
[1.797s] -- Up-to-date: /root/ros2_ws/src/install/boundary_handler/share/boundary_handler/cmake/boundary_handlerConfig-version.cmake
[1.797s] -- Up-to-date: /root/ros2_ws/src/install/boundary_handler/share/boundary_handler/package.xml
[1.798s] Invoked command in '/root/ros2_ws/src/build/boundary_handler' returned '0': CMAKE_PREFIX_PATH=/root/ros2_ws/src/install/visibility_graph_msg:/root/ros2_ws/src/install/waypoint_rviz_plugin:/root/ros2_ws/src/install/waypoint_example:/root/ros2_ws/src/install/visualization_tools:/root/ros2_ws/src/install/graph_decoder:/root/ros2_ws/src/install/far_planner:/root/ros2_ws/src/install/boundary_handler:/root/ros2_ws/src/install/vehicle_simulator:/root/ros2_ws/src/install/local_planner:/root/ros2_ws/src/install/calibrate_imu:/root/ros2_ws/src/install/go2_sport_api:/root/ros2_ws/src/install/unitree_go:/root/ros2_ws/src/install/unitree_api:/root/ros2_ws/src/install/point_lio_unilidar:/root/ros2_ws/src/install/terrain_analysis_ext:/root/ros2_ws/src/install/terrain_analysis:/root/ros2_ws/src/install/teleop_rviz_plugin_plus:/root/ros2_ws/src/install/teleop_rviz_plugin:/root/ros2_ws/src/install/super_odometry:/root/ros2_ws/src/install/super_odometry_msgs:/root/ros2_ws/src/install/sensor_scan_generation:/root/ros2_ws/src/install/rviz_2d_overlay_plugins:/root/ros2_ws/src/install/rviz_2d_overlay_msgs:/root/ros2_ws/src/install/livox_ros_driver2:/root/ros2_ws/src/install/goalpoint_rviz_plugin:/root/ros2_ws/src/install/go2_h264_repub:/root/ros2_ws/src/install/transform_sensors:/root/ros2_ws/src/install/ros_tcp_endpoint:/opt/ros/humble /usr/bin/cmake --install /root/ros2_ws/src/build/boundary_handler
