-- The C compiler identification is GNU 11.4.0
-- The CXX compiler identification is GNU 11.4.0
-- Detecting C compiler ABI info
-- Detecting C compiler ABI info - done
-- Check for working C compiler: /usr/bin/cc - skipped
-- Detecting C compile features
-- Detecting C compile features - done
-- Detecting CXX compiler ABI info
-- Detecting CXX compiler ABI info - done
-- Check for working CXX compiler: /usr/bin/c++ - skipped
-- Detecting CXX compile features
-- Detecting CXX compile features - done
-- Found ament_cmake: 1.3.12 (/opt/ros/humble/share/ament_cmake/cmake)
-- Found Python3: /usr/bin/python3 (found version "3.10.12") found components: Interpreter 
-- Found unitree_go: 0.0.0 (/root/ros2_ws/src/install/unitree_go/share/unitree_go/cmake)
-- Found rosidl_generator_c: 3.1.8 (/opt/ros/humble/share/rosidl_generator_c/cmake)
-- Found rosidl_adapter: 3.1.8 (/opt/ros/humble/share/rosidl_adapter/cmake)
-- Found rosidl_generator_cpp: 3.1.8 (/opt/ros/humble/share/rosidl_generator_cpp/cmake)
-- Using all available rosidl_typesupport_c: rosidl_typesupport_fastrtps_c;rosidl_typesupport_introspection_c
-- Using all available rosidl_typesupport_cpp: rosidl_typesupport_fastrtps_cpp;rosidl_typesupport_introspection_cpp
-- Found unitree_api: 0.0.0 (/root/ros2_ws/src/install/unitree_api/share/unitree_api/cmake)
-- Found rclcpp: 16.0.17 (/opt/ros/humble/share/rclcpp/cmake)
-- Found rmw_implementation_cmake: 6.1.2 (/opt/ros/humble/share/rmw_implementation_cmake/cmake)
-- Found rmw_fastrtps_cpp: 6.2.9 (/opt/ros/humble/share/rmw_fastrtps_cpp/cmake)
-- Found OpenSSL: /usr/lib/x86_64-linux-gnu/libcrypto.so (found version "3.0.2")  
-- Found FastRTPS: /opt/ros/humble/include  
-- Using RMW implementation 'rmw_fastrtps_cpp' as default
-- Looking for pthread.h
-- Looking for pthread.h - found
-- Performing Test CMAKE_HAVE_LIBC_PTHREAD
-- Performing Test CMAKE_HAVE_LIBC_PTHREAD - Success
-- Found Threads: TRUE  
-- Found sensor_msgs: 4.9.0 (/opt/ros/humble/share/sensor_msgs/cmake)
-- Found ament_lint_auto: 0.12.14 (/opt/ros/humble/share/ament_lint_auto/cmake)
-- Added test 'copyright' to check source files copyright and LICENSE
-- Added test 'cppcheck' to perform static code analysis on C / C++ code
-- Configured cppcheck include dirs: /root/ros2_ws/src/utilities/unitree_pkgs/go2_sport_api/include;/root/ros2_ws/src/utilities/unitree_pkgs/go2_sport_api/include/common;/root/ros2_ws/src/utilities/unitree_pkgs/go2_sport_api/include/nlohmann
-- Configured cppcheck exclude dirs and/or files: 
-- Added test 'cpplint' to check C / C++ code against the Google style
-- Configured cpplint exclude dirs and/or files: 
-- Added test 'lint_cmake' to check CMake code style
-- Added test 'uncrustify' to check C / C++ code style
-- Configured uncrustify additional arguments: 
-- Added test 'xmllint' to check XML markup files
-- Configuring done
-- Generating done
-- Build files have been written to: /root/ros2_ws/src/build/go2_sport_api
[ 20%] [32mBuilding CXX object CMakeFiles/vel_ctrl.dir/src/vel_ctrl_repub.cpp.o[0m
[ 40%] [32mBuilding CXX object CMakeFiles/vel_ctrl.dir/src/common/ros2_sport_client.cpp.o[0m
[ 60%] [32mBuilding CXX object CMakeFiles/go2_sport_api.dir/src/common/ros2_sport_client.cpp.o[0m
[ 80%] [32m[1mLinking CXX shared library libgo2_sport_api.so[0m
[ 80%] Built target go2_sport_api
[100%] [32m[1mLinking CXX executable vel_ctrl[0m
[100%] Built target vel_ctrl
-- Install configuration: ""
-- Installing: /root/ros2_ws/src/install/go2_sport_api/include/include
-- Installing: /root/ros2_ws/src/install/go2_sport_api/include/include/nlohmann
-- Installing: /root/ros2_ws/src/install/go2_sport_api/include/include/nlohmann/detail
-- Installing: /root/ros2_ws/src/install/go2_sport_api/include/include/nlohmann/detail/abi_macros.hpp
-- Installing: /root/ros2_ws/src/install/go2_sport_api/include/include/nlohmann/detail/hash.hpp
-- Installing: /root/ros2_ws/src/install/go2_sport_api/include/include/nlohmann/detail/string_escape.hpp
-- Installing: /root/ros2_ws/src/install/go2_sport_api/include/include/nlohmann/detail/output
-- Installing: /root/ros2_ws/src/install/go2_sport_api/include/include/nlohmann/detail/output/output_adapters.hpp
-- Installing: /root/ros2_ws/src/install/go2_sport_api/include/include/nlohmann/detail/output/binary_writer.hpp
-- Installing: /root/ros2_ws/src/install/go2_sport_api/include/include/nlohmann/detail/output/serializer.hpp
-- Installing: /root/ros2_ws/src/install/go2_sport_api/include/include/nlohmann/detail/value_t.hpp
-- Installing: /root/ros2_ws/src/install/go2_sport_api/include/include/nlohmann/detail/exceptions.hpp
-- Installing: /root/ros2_ws/src/install/go2_sport_api/include/include/nlohmann/detail/conversions
-- Installing: /root/ros2_ws/src/install/go2_sport_api/include/include/nlohmann/detail/conversions/to_json.hpp
-- Installing: /root/ros2_ws/src/install/go2_sport_api/include/include/nlohmann/detail/conversions/to_chars.hpp
-- Installing: /root/ros2_ws/src/install/go2_sport_api/include/include/nlohmann/detail/conversions/from_json.hpp
-- Installing: /root/ros2_ws/src/install/go2_sport_api/include/include/nlohmann/detail/iterators
-- Installing: /root/ros2_ws/src/install/go2_sport_api/include/include/nlohmann/detail/iterators/json_reverse_iterator.hpp
-- Installing: /root/ros2_ws/src/install/go2_sport_api/include/include/nlohmann/detail/iterators/internal_iterator.hpp
-- Installing: /root/ros2_ws/src/install/go2_sport_api/include/include/nlohmann/detail/iterators/iterator_traits.hpp
-- Installing: /root/ros2_ws/src/install/go2_sport_api/include/include/nlohmann/detail/iterators/iteration_proxy.hpp
-- Installing: /root/ros2_ws/src/install/go2_sport_api/include/include/nlohmann/detail/iterators/iter_impl.hpp
-- Installing: /root/ros2_ws/src/install/go2_sport_api/include/include/nlohmann/detail/iterators/primitive_iterator.hpp
-- Installing: /root/ros2_ws/src/install/go2_sport_api/include/include/nlohmann/detail/json_pointer.hpp
-- Installing: /root/ros2_ws/src/install/go2_sport_api/include/include/nlohmann/detail/json_custom_base_class.hpp
-- Installing: /root/ros2_ws/src/install/go2_sport_api/include/include/nlohmann/detail/macro_unscope.hpp
-- Installing: /root/ros2_ws/src/install/go2_sport_api/include/include/nlohmann/detail/json_ref.hpp
-- Installing: /root/ros2_ws/src/install/go2_sport_api/include/include/nlohmann/detail/string_concat.hpp
-- Installing: /root/ros2_ws/src/install/go2_sport_api/include/include/nlohmann/detail/macro_scope.hpp
-- Installing: /root/ros2_ws/src/install/go2_sport_api/include/include/nlohmann/detail/input
-- Installing: /root/ros2_ws/src/install/go2_sport_api/include/include/nlohmann/detail/input/position_t.hpp
-- Installing: /root/ros2_ws/src/install/go2_sport_api/include/include/nlohmann/detail/input/json_sax.hpp
-- Installing: /root/ros2_ws/src/install/go2_sport_api/include/include/nlohmann/detail/input/binary_reader.hpp
-- Installing: /root/ros2_ws/src/install/go2_sport_api/include/include/nlohmann/detail/input/parser.hpp
-- Installing: /root/ros2_ws/src/install/go2_sport_api/include/include/nlohmann/detail/input/input_adapters.hpp
-- Installing: /root/ros2_ws/src/install/go2_sport_api/include/include/nlohmann/detail/input/lexer.hpp
-- Installing: /root/ros2_ws/src/install/go2_sport_api/include/include/nlohmann/detail/meta
-- Installing: /root/ros2_ws/src/install/go2_sport_api/include/include/nlohmann/detail/meta/type_traits.hpp
-- Installing: /root/ros2_ws/src/install/go2_sport_api/include/include/nlohmann/detail/meta/detected.hpp
-- Installing: /root/ros2_ws/src/install/go2_sport_api/include/include/nlohmann/detail/meta/identity_tag.hpp
-- Installing: /root/ros2_ws/src/install/go2_sport_api/include/include/nlohmann/detail/meta/std_fs.hpp
-- Installing: /root/ros2_ws/src/install/go2_sport_api/include/include/nlohmann/detail/meta/cpp_future.hpp
-- Installing: /root/ros2_ws/src/install/go2_sport_api/include/include/nlohmann/detail/meta/void_t.hpp
-- Installing: /root/ros2_ws/src/install/go2_sport_api/include/include/nlohmann/detail/meta/call_std
-- Installing: /root/ros2_ws/src/install/go2_sport_api/include/include/nlohmann/detail/meta/call_std/begin.hpp
-- Installing: /root/ros2_ws/src/install/go2_sport_api/include/include/nlohmann/detail/meta/call_std/end.hpp
-- Installing: /root/ros2_ws/src/install/go2_sport_api/include/include/nlohmann/detail/meta/is_sax.hpp
-- Installing: /root/ros2_ws/src/install/go2_sport_api/include/include/nlohmann/ordered_map.hpp
-- Installing: /root/ros2_ws/src/install/go2_sport_api/include/include/nlohmann/byte_container_with_subtype.hpp
-- Installing: /root/ros2_ws/src/install/go2_sport_api/include/include/nlohmann/adl_serializer.hpp
-- Installing: /root/ros2_ws/src/install/go2_sport_api/include/include/nlohmann/json.hpp
-- Installing: /root/ros2_ws/src/install/go2_sport_api/include/include/nlohmann/json_fwd.hpp
-- Installing: /root/ros2_ws/src/install/go2_sport_api/include/include/nlohmann/thirdparty
-- Installing: /root/ros2_ws/src/install/go2_sport_api/include/include/nlohmann/thirdparty/hedley
-- Installing: /root/ros2_ws/src/install/go2_sport_api/include/include/nlohmann/thirdparty/hedley/hedley_undef.hpp
-- Installing: /root/ros2_ws/src/install/go2_sport_api/include/include/nlohmann/thirdparty/hedley/hedley.hpp
-- Installing: /root/ros2_ws/src/install/go2_sport_api/include/include/common
-- Installing: /root/ros2_ws/src/install/go2_sport_api/include/include/common/motor_crc.h
-- Installing: /root/ros2_ws/src/install/go2_sport_api/include/include/common/ros2_sport_client.h
-- Installing: /root/ros2_ws/src/install/go2_sport_api/lib/go2_sport_api/vel_ctrl
-- Set runtime path of "/root/ros2_ws/src/install/go2_sport_api/lib/go2_sport_api/vel_ctrl" to ""
-- Installing: /root/ros2_ws/src/install/go2_sport_api/lib/libgo2_sport_api.so
-- Set runtime path of "/root/ros2_ws/src/install/go2_sport_api/lib/libgo2_sport_api.so" to ""
-- Installing: /root/ros2_ws/src/install/go2_sport_api/share/go2_sport_api/environment/library_path.sh
-- Installing: /root/ros2_ws/src/install/go2_sport_api/share/go2_sport_api/environment/library_path.dsv
-- Installing: /root/ros2_ws/src/install/go2_sport_api/share/ament_index/resource_index/package_run_dependencies/go2_sport_api
-- Installing: /root/ros2_ws/src/install/go2_sport_api/share/ament_index/resource_index/parent_prefix_path/go2_sport_api
-- Installing: /root/ros2_ws/src/install/go2_sport_api/share/go2_sport_api/environment/ament_prefix_path.sh
-- Installing: /root/ros2_ws/src/install/go2_sport_api/share/go2_sport_api/environment/ament_prefix_path.dsv
-- Installing: /root/ros2_ws/src/install/go2_sport_api/share/go2_sport_api/environment/path.sh
-- Installing: /root/ros2_ws/src/install/go2_sport_api/share/go2_sport_api/environment/path.dsv
-- Installing: /root/ros2_ws/src/install/go2_sport_api/share/go2_sport_api/local_setup.bash
-- Installing: /root/ros2_ws/src/install/go2_sport_api/share/go2_sport_api/local_setup.sh
-- Installing: /root/ros2_ws/src/install/go2_sport_api/share/go2_sport_api/local_setup.zsh
-- Installing: /root/ros2_ws/src/install/go2_sport_api/share/go2_sport_api/local_setup.dsv
-- Installing: /root/ros2_ws/src/install/go2_sport_api/share/go2_sport_api/package.dsv
-- Installing: /root/ros2_ws/src/install/go2_sport_api/share/ament_index/resource_index/packages/go2_sport_api
-- Installing: /root/ros2_ws/src/install/go2_sport_api/share/go2_sport_api/cmake/export_go2_sport_apiExport.cmake
-- Installing: /root/ros2_ws/src/install/go2_sport_api/share/go2_sport_api/cmake/export_go2_sport_apiExport-noconfig.cmake
-- Installing: /root/ros2_ws/src/install/go2_sport_api/share/go2_sport_api/cmake/ament_cmake_export_dependencies-extras.cmake
-- Installing: /root/ros2_ws/src/install/go2_sport_api/share/go2_sport_api/cmake/ament_cmake_export_libraries-extras.cmake
-- Installing: /root/ros2_ws/src/install/go2_sport_api/share/go2_sport_api/cmake/ament_cmake_export_include_directories-extras.cmake
-- Installing: /root/ros2_ws/src/install/go2_sport_api/share/go2_sport_api/cmake/ament_cmake_export_targets-extras.cmake
-- Installing: /root/ros2_ws/src/install/go2_sport_api/share/go2_sport_api/cmake/go2_sport_apiConfig.cmake
-- Installing: /root/ros2_ws/src/install/go2_sport_api/share/go2_sport_api/cmake/go2_sport_apiConfig-version.cmake
-- Installing: /root/ros2_ws/src/install/go2_sport_api/share/go2_sport_api/package.xml
