[0.042s] Invoking command in '/root/ros2_ws/src/build/go2_sport_api': AMENT_PREFIX_PATH=/root/ros2_ws/src/install/unitree_go:/root/ros2_ws/src/install/unitree_api:${AMENT_PREFIX_PATH} CMAKE_PREFIX_PATH=/root/ros2_ws/src/install/unitree_go:/root/ros2_ws/src/install/unitree_api:/opt/ros/humble LD_LIBRARY_PATH=/root/ros2_ws/src/install/unitree_go/lib:/root/ros2_ws/src/install/unitree_api/lib:${LD_LIBRARY_PATH} PYTHONPATH=/root/ros2_ws/src/install/unitree_go/local/lib/python3.10/dist-packages:/root/ros2_ws/src/install/unitree_api/local/lib/python3.10/dist-packages:${PYTHONPATH} /usr/bin/cmake /root/ros2_ws/src/utilities/unitree_pkgs/go2_sport_api -DROS_EDITION=ROS2 -DHUMBLE_ROS=humble -DCMAKE_INSTALL_PREFIX=/root/ros2_ws/src/install/go2_sport_api
[2.991s] -- The C compiler identification is GNU 11.4.0
[2.991s] -- The CXX compiler identification is GNU 11.4.0
[2.991s] -- Detecting C compiler ABI info
[2.991s] -- Detecting C compiler ABI info - done
[2.992s] -- Check for working C compiler: /usr/bin/cc - skipped
[2.992s] -- Detecting C compile features
[2.992s] -- Detecting C compile features - done
[2.992s] -- Detecting CXX compiler ABI info
[2.992s] -- Detecting CXX compiler ABI info - done
[2.992s] -- Check for working CXX compiler: /usr/bin/c++ - skipped
[2.992s] -- Detecting CXX compile features
[2.992s] -- Detecting CXX compile features - done
[2.992s] -- Found ament_cmake: 1.3.12 (/opt/ros/humble/share/ament_cmake/cmake)
[2.993s] -- Found Python3: /usr/bin/python3 (found version "3.10.12") found components: Interpreter 
[2.993s] -- Found unitree_go: 0.0.0 (/root/ros2_ws/src/install/unitree_go/share/unitree_go/cmake)
[2.993s] -- Found rosidl_generator_c: 3.1.8 (/opt/ros/humble/share/rosidl_generator_c/cmake)
[2.993s] -- Found rosidl_adapter: 3.1.8 (/opt/ros/humble/share/rosidl_adapter/cmake)
[2.993s] -- Found rosidl_generator_cpp: 3.1.8 (/opt/ros/humble/share/rosidl_generator_cpp/cmake)
[2.993s] -- Using all available rosidl_typesupport_c: rosidl_typesupport_fastrtps_c;rosidl_typesupport_introspection_c
[2.993s] -- Using all available rosidl_typesupport_cpp: rosidl_typesupport_fastrtps_cpp;rosidl_typesupport_introspection_cpp
[3.251s] -- Found unitree_api: 0.0.0 (/root/ros2_ws/src/install/unitree_api/share/unitree_api/cmake)
[3.349s] -- Found rclcpp: 16.0.17 (/opt/ros/humble/share/rclcpp/cmake)
[3.544s] -- Found rmw_implementation_cmake: 6.1.2 (/opt/ros/humble/share/rmw_implementation_cmake/cmake)
[3.562s] -- Found rmw_fastrtps_cpp: 6.2.9 (/opt/ros/humble/share/rmw_fastrtps_cpp/cmake)
[3.953s] -- Found OpenSSL: /usr/lib/x86_64-linux-gnu/libcrypto.so (found version "3.0.2")  
[4.116s] -- Found FastRTPS: /opt/ros/humble/include  
[4.381s] -- Using RMW implementation 'rmw_fastrtps_cpp' as default
[4.434s] -- Looking for pthread.h
[4.640s] -- Looking for pthread.h - found
[4.642s] -- Performing Test CMAKE_HAVE_LIBC_PTHREAD
[4.948s] -- Performing Test CMAKE_HAVE_LIBC_PTHREAD - Success
[4.954s] -- Found Threads: TRUE  
[5.162s] -- Found sensor_msgs: 4.9.0 (/opt/ros/humble/share/sensor_msgs/cmake)
[5.213s] -- Found ament_lint_auto: 0.12.14 (/opt/ros/humble/share/ament_lint_auto/cmake)
[5.563s] -- Added test 'copyright' to check source files copyright and LICENSE
[5.576s] -- Added test 'cppcheck' to perform static code analysis on C / C++ code
[5.584s] -- Configured cppcheck include dirs: /root/ros2_ws/src/utilities/unitree_pkgs/go2_sport_api/include;/root/ros2_ws/src/utilities/unitree_pkgs/go2_sport_api/include/common;/root/ros2_ws/src/utilities/unitree_pkgs/go2_sport_api/include/nlohmann
[5.584s] -- Configured cppcheck exclude dirs and/or files: 
[5.595s] -- Added test 'cpplint' to check C / C++ code against the Google style
[5.595s] -- Configured cpplint exclude dirs and/or files: 
[5.606s] -- Added test 'lint_cmake' to check CMake code style
[5.621s] -- Added test 'uncrustify' to check C / C++ code style
[5.621s] -- Configured uncrustify additional arguments: 
[5.623s] -- Added test 'xmllint' to check XML markup files
[5.637s] -- Configuring done
[5.716s] -- Generating done
[5.723s] [33mCMake Warning:
[5.723s]   Manually-specified variables were not used by the project:
[5.723s] 
[5.723s]     HUMBLE_ROS
[5.723s]     ROS_EDITION
[5.723s] 
[5.723s] [0m
[5.746s] -- Build files have been written to: /root/ros2_ws/src/build/go2_sport_api
[5.937s] Invoked command in '/root/ros2_ws/src/build/go2_sport_api' returned '0': AMENT_PREFIX_PATH=/root/ros2_ws/src/install/unitree_go:/root/ros2_ws/src/install/unitree_api:${AMENT_PREFIX_PATH} CMAKE_PREFIX_PATH=/root/ros2_ws/src/install/unitree_go:/root/ros2_ws/src/install/unitree_api:/opt/ros/humble LD_LIBRARY_PATH=/root/ros2_ws/src/install/unitree_go/lib:/root/ros2_ws/src/install/unitree_api/lib:${LD_LIBRARY_PATH} PYTHONPATH=/root/ros2_ws/src/install/unitree_go/local/lib/python3.10/dist-packages:/root/ros2_ws/src/install/unitree_api/local/lib/python3.10/dist-packages:${PYTHONPATH} /usr/bin/cmake /root/ros2_ws/src/utilities/unitree_pkgs/go2_sport_api -DROS_EDITION=ROS2 -DHUMBLE_ROS=humble -DCMAKE_INSTALL_PREFIX=/root/ros2_ws/src/install/go2_sport_api
[5.938s] Invoking command in '/root/ros2_ws/src/build/go2_sport_api': AMENT_PREFIX_PATH=/root/ros2_ws/src/install/unitree_go:/root/ros2_ws/src/install/unitree_api:${AMENT_PREFIX_PATH} CMAKE_PREFIX_PATH=/root/ros2_ws/src/install/unitree_go:/root/ros2_ws/src/install/unitree_api:/opt/ros/humble LD_LIBRARY_PATH=/root/ros2_ws/src/install/unitree_go/lib:/root/ros2_ws/src/install/unitree_api/lib:${LD_LIBRARY_PATH} PYTHONPATH=/root/ros2_ws/src/install/unitree_go/local/lib/python3.10/dist-packages:/root/ros2_ws/src/install/unitree_api/local/lib/python3.10/dist-packages:${PYTHONPATH} /usr/bin/cmake --build /root/ros2_ws/src/build/go2_sport_api -- -j24 -l24
[6.125s] [ 20%] [32mBuilding CXX object CMakeFiles/vel_ctrl.dir/src/vel_ctrl_repub.cpp.o[0m
[6.162s] [ 40%] [32mBuilding CXX object CMakeFiles/vel_ctrl.dir/src/common/ros2_sport_client.cpp.o[0m
[6.183s] [ 60%] [32mBuilding CXX object CMakeFiles/go2_sport_api.dir/src/common/ros2_sport_client.cpp.o[0m
[9.680s] [ 80%] [32m[1mLinking CXX shared library libgo2_sport_api.so[0m
[10.128s] [ 80%] Built target go2_sport_api
[21.954s] [100%] [32m[1mLinking CXX executable vel_ctrl[0m
[22.503s] [100%] Built target vel_ctrl
[22.521s] Invoked command in '/root/ros2_ws/src/build/go2_sport_api' returned '0': AMENT_PREFIX_PATH=/root/ros2_ws/src/install/unitree_go:/root/ros2_ws/src/install/unitree_api:${AMENT_PREFIX_PATH} CMAKE_PREFIX_PATH=/root/ros2_ws/src/install/unitree_go:/root/ros2_ws/src/install/unitree_api:/opt/ros/humble LD_LIBRARY_PATH=/root/ros2_ws/src/install/unitree_go/lib:/root/ros2_ws/src/install/unitree_api/lib:${LD_LIBRARY_PATH} PYTHONPATH=/root/ros2_ws/src/install/unitree_go/local/lib/python3.10/dist-packages:/root/ros2_ws/src/install/unitree_api/local/lib/python3.10/dist-packages:${PYTHONPATH} /usr/bin/cmake --build /root/ros2_ws/src/build/go2_sport_api -- -j24 -l24
[22.525s] Invoking command in '/root/ros2_ws/src/build/go2_sport_api': AMENT_PREFIX_PATH=/root/ros2_ws/src/install/unitree_go:/root/ros2_ws/src/install/unitree_api:${AMENT_PREFIX_PATH} CMAKE_PREFIX_PATH=/root/ros2_ws/src/install/unitree_go:/root/ros2_ws/src/install/unitree_api:/opt/ros/humble LD_LIBRARY_PATH=/root/ros2_ws/src/install/unitree_go/lib:/root/ros2_ws/src/install/unitree_api/lib:${LD_LIBRARY_PATH} PYTHONPATH=/root/ros2_ws/src/install/unitree_go/local/lib/python3.10/dist-packages:/root/ros2_ws/src/install/unitree_api/local/lib/python3.10/dist-packages:${PYTHONPATH} /usr/bin/cmake --install /root/ros2_ws/src/build/go2_sport_api
[22.536s] -- Install configuration: ""
[22.536s] -- Installing: /root/ros2_ws/src/install/go2_sport_api/include/include
[22.537s] -- Installing: /root/ros2_ws/src/install/go2_sport_api/include/include/nlohmann
[22.537s] -- Installing: /root/ros2_ws/src/install/go2_sport_api/include/include/nlohmann/detail
[22.537s] -- Installing: /root/ros2_ws/src/install/go2_sport_api/include/include/nlohmann/detail/abi_macros.hpp
[22.537s] -- Installing: /root/ros2_ws/src/install/go2_sport_api/include/include/nlohmann/detail/hash.hpp
[22.538s] -- Installing: /root/ros2_ws/src/install/go2_sport_api/include/include/nlohmann/detail/string_escape.hpp
[22.538s] -- Installing: /root/ros2_ws/src/install/go2_sport_api/include/include/nlohmann/detail/output
[22.538s] -- Installing: /root/ros2_ws/src/install/go2_sport_api/include/include/nlohmann/detail/output/output_adapters.hpp
[22.538s] -- Installing: /root/ros2_ws/src/install/go2_sport_api/include/include/nlohmann/detail/output/binary_writer.hpp
[22.538s] -- Installing: /root/ros2_ws/src/install/go2_sport_api/include/include/nlohmann/detail/output/serializer.hpp
[22.539s] -- Installing: /root/ros2_ws/src/install/go2_sport_api/include/include/nlohmann/detail/value_t.hpp
[22.539s] -- Installing: /root/ros2_ws/src/install/go2_sport_api/include/include/nlohmann/detail/exceptions.hpp
[22.540s] -- Installing: /root/ros2_ws/src/install/go2_sport_api/include/include/nlohmann/detail/conversions
[22.540s] -- Installing: /root/ros2_ws/src/install/go2_sport_api/include/include/nlohmann/detail/conversions/to_json.hpp
[22.540s] -- Installing: /root/ros2_ws/src/install/go2_sport_api/include/include/nlohmann/detail/conversions/to_chars.hpp
[22.540s] -- Installing: /root/ros2_ws/src/install/go2_sport_api/include/include/nlohmann/detail/conversions/from_json.hpp
[22.541s] -- Installing: /root/ros2_ws/src/install/go2_sport_api/include/include/nlohmann/detail/iterators
[22.541s] -- Installing: /root/ros2_ws/src/install/go2_sport_api/include/include/nlohmann/detail/iterators/json_reverse_iterator.hpp
[22.541s] -- Installing: /root/ros2_ws/src/install/go2_sport_api/include/include/nlohmann/detail/iterators/internal_iterator.hpp
[22.541s] -- Installing: /root/ros2_ws/src/install/go2_sport_api/include/include/nlohmann/detail/iterators/iterator_traits.hpp
[22.542s] -- Installing: /root/ros2_ws/src/install/go2_sport_api/include/include/nlohmann/detail/iterators/iteration_proxy.hpp
[22.542s] -- Installing: /root/ros2_ws/src/install/go2_sport_api/include/include/nlohmann/detail/iterators/iter_impl.hpp
[22.545s] -- Installing: /root/ros2_ws/src/install/go2_sport_api/include/include/nlohmann/detail/iterators/primitive_iterator.hpp
[22.545s] -- Installing: /root/ros2_ws/src/install/go2_sport_api/include/include/nlohmann/detail/json_pointer.hpp
[22.545s] -- Installing: /root/ros2_ws/src/install/go2_sport_api/include/include/nlohmann/detail/json_custom_base_class.hpp
[22.545s] -- Installing: /root/ros2_ws/src/install/go2_sport_api/include/include/nlohmann/detail/macro_unscope.hpp
[22.545s] -- Installing: /root/ros2_ws/src/install/go2_sport_api/include/include/nlohmann/detail/json_ref.hpp
[22.546s] -- Installing: /root/ros2_ws/src/install/go2_sport_api/include/include/nlohmann/detail/string_concat.hpp
[22.546s] -- Installing: /root/ros2_ws/src/install/go2_sport_api/include/include/nlohmann/detail/macro_scope.hpp
[22.546s] -- Installing: /root/ros2_ws/src/install/go2_sport_api/include/include/nlohmann/detail/input
[22.546s] -- Installing: /root/ros2_ws/src/install/go2_sport_api/include/include/nlohmann/detail/input/position_t.hpp
[22.546s] -- Installing: /root/ros2_ws/src/install/go2_sport_api/include/include/nlohmann/detail/input/json_sax.hpp
[22.546s] -- Installing: /root/ros2_ws/src/install/go2_sport_api/include/include/nlohmann/detail/input/binary_reader.hpp
[22.546s] -- Installing: /root/ros2_ws/src/install/go2_sport_api/include/include/nlohmann/detail/input/parser.hpp
[22.547s] -- Installing: /root/ros2_ws/src/install/go2_sport_api/include/include/nlohmann/detail/input/input_adapters.hpp
[22.547s] -- Installing: /root/ros2_ws/src/install/go2_sport_api/include/include/nlohmann/detail/input/lexer.hpp
[22.547s] -- Installing: /root/ros2_ws/src/install/go2_sport_api/include/include/nlohmann/detail/meta
[22.547s] -- Installing: /root/ros2_ws/src/install/go2_sport_api/include/include/nlohmann/detail/meta/type_traits.hpp
[22.547s] -- Installing: /root/ros2_ws/src/install/go2_sport_api/include/include/nlohmann/detail/meta/detected.hpp
[22.548s] -- Installing: /root/ros2_ws/src/install/go2_sport_api/include/include/nlohmann/detail/meta/identity_tag.hpp
[22.548s] -- Installing: /root/ros2_ws/src/install/go2_sport_api/include/include/nlohmann/detail/meta/std_fs.hpp
[22.548s] -- Installing: /root/ros2_ws/src/install/go2_sport_api/include/include/nlohmann/detail/meta/cpp_future.hpp
[22.548s] -- Installing: /root/ros2_ws/src/install/go2_sport_api/include/include/nlohmann/detail/meta/void_t.hpp
[22.550s] -- Installing: /root/ros2_ws/src/install/go2_sport_api/include/include/nlohmann/detail/meta/call_std
[22.551s] -- Installing: /root/ros2_ws/src/install/go2_sport_api/include/include/nlohmann/detail/meta/call_std/begin.hpp
[22.551s] -- Installing: /root/ros2_ws/src/install/go2_sport_api/include/include/nlohmann/detail/meta/call_std/end.hpp
[22.551s] -- Installing: /root/ros2_ws/src/install/go2_sport_api/include/include/nlohmann/detail/meta/is_sax.hpp
[22.551s] -- Installing: /root/ros2_ws/src/install/go2_sport_api/include/include/nlohmann/ordered_map.hpp
[22.551s] -- Installing: /root/ros2_ws/src/install/go2_sport_api/include/include/nlohmann/byte_container_with_subtype.hpp
[22.551s] -- Installing: /root/ros2_ws/src/install/go2_sport_api/include/include/nlohmann/adl_serializer.hpp
[22.551s] -- Installing: /root/ros2_ws/src/install/go2_sport_api/include/include/nlohmann/json.hpp
[22.551s] -- Installing: /root/ros2_ws/src/install/go2_sport_api/include/include/nlohmann/json_fwd.hpp
[22.552s] -- Installing: /root/ros2_ws/src/install/go2_sport_api/include/include/nlohmann/thirdparty
[22.552s] -- Installing: /root/ros2_ws/src/install/go2_sport_api/include/include/nlohmann/thirdparty/hedley
[22.552s] -- Installing: /root/ros2_ws/src/install/go2_sport_api/include/include/nlohmann/thirdparty/hedley/hedley_undef.hpp
[22.552s] -- Installing: /root/ros2_ws/src/install/go2_sport_api/include/include/nlohmann/thirdparty/hedley/hedley.hpp
[22.552s] -- Installing: /root/ros2_ws/src/install/go2_sport_api/include/include/common
[22.552s] -- Installing: /root/ros2_ws/src/install/go2_sport_api/include/include/common/motor_crc.h
[22.553s] -- Installing: /root/ros2_ws/src/install/go2_sport_api/include/include/common/ros2_sport_client.h
[22.553s] -- Installing: /root/ros2_ws/src/install/go2_sport_api/lib/go2_sport_api/vel_ctrl
[22.559s] -- Set runtime path of "/root/ros2_ws/src/install/go2_sport_api/lib/go2_sport_api/vel_ctrl" to ""
[22.559s] -- Installing: /root/ros2_ws/src/install/go2_sport_api/lib/libgo2_sport_api.so
[22.561s] -- Set runtime path of "/root/ros2_ws/src/install/go2_sport_api/lib/libgo2_sport_api.so" to ""
[22.562s] -- Installing: /root/ros2_ws/src/install/go2_sport_api/share/go2_sport_api/environment/library_path.sh
[22.562s] -- Installing: /root/ros2_ws/src/install/go2_sport_api/share/go2_sport_api/environment/library_path.dsv
[22.562s] -- Installing: /root/ros2_ws/src/install/go2_sport_api/share/ament_index/resource_index/package_run_dependencies/go2_sport_api
[22.562s] -- Installing: /root/ros2_ws/src/install/go2_sport_api/share/ament_index/resource_index/parent_prefix_path/go2_sport_api
[22.562s] -- Installing: /root/ros2_ws/src/install/go2_sport_api/share/go2_sport_api/environment/ament_prefix_path.sh
[22.562s] -- Installing: /root/ros2_ws/src/install/go2_sport_api/share/go2_sport_api/environment/ament_prefix_path.dsv
[22.563s] -- Installing: /root/ros2_ws/src/install/go2_sport_api/share/go2_sport_api/environment/path.sh
[22.568s] -- Installing: /root/ros2_ws/src/install/go2_sport_api/share/go2_sport_api/environment/path.dsv
[22.568s] -- Installing: /root/ros2_ws/src/install/go2_sport_api/share/go2_sport_api/local_setup.bash
[22.568s] -- Installing: /root/ros2_ws/src/install/go2_sport_api/share/go2_sport_api/local_setup.sh
[22.568s] -- Installing: /root/ros2_ws/src/install/go2_sport_api/share/go2_sport_api/local_setup.zsh
[22.568s] -- Installing: /root/ros2_ws/src/install/go2_sport_api/share/go2_sport_api/local_setup.dsv
[22.568s] -- Installing: /root/ros2_ws/src/install/go2_sport_api/share/go2_sport_api/package.dsv
[22.568s] -- Installing: /root/ros2_ws/src/install/go2_sport_api/share/ament_index/resource_index/packages/go2_sport_api
[22.568s] -- Installing: /root/ros2_ws/src/install/go2_sport_api/share/go2_sport_api/cmake/export_go2_sport_apiExport.cmake
[22.568s] -- Installing: /root/ros2_ws/src/install/go2_sport_api/share/go2_sport_api/cmake/export_go2_sport_apiExport-noconfig.cmake
[22.569s] -- Installing: /root/ros2_ws/src/install/go2_sport_api/share/go2_sport_api/cmake/ament_cmake_export_dependencies-extras.cmake
[22.569s] -- Installing: /root/ros2_ws/src/install/go2_sport_api/share/go2_sport_api/cmake/ament_cmake_export_libraries-extras.cmake
[22.569s] -- Installing: /root/ros2_ws/src/install/go2_sport_api/share/go2_sport_api/cmake/ament_cmake_export_include_directories-extras.cmake
[22.569s] -- Installing: /root/ros2_ws/src/install/go2_sport_api/share/go2_sport_api/cmake/ament_cmake_export_targets-extras.cmake
[22.569s] -- Installing: /root/ros2_ws/src/install/go2_sport_api/share/go2_sport_api/cmake/go2_sport_apiConfig.cmake
[22.569s] -- Installing: /root/ros2_ws/src/install/go2_sport_api/share/go2_sport_api/cmake/go2_sport_apiConfig-version.cmake
[22.570s] -- Installing: /root/ros2_ws/src/install/go2_sport_api/share/go2_sport_api/package.xml
[22.575s] Invoked command in '/root/ros2_ws/src/build/go2_sport_api' returned '0': AMENT_PREFIX_PATH=/root/ros2_ws/src/install/unitree_go:/root/ros2_ws/src/install/unitree_api:${AMENT_PREFIX_PATH} CMAKE_PREFIX_PATH=/root/ros2_ws/src/install/unitree_go:/root/ros2_ws/src/install/unitree_api:/opt/ros/humble LD_LIBRARY_PATH=/root/ros2_ws/src/install/unitree_go/lib:/root/ros2_ws/src/install/unitree_api/lib:${LD_LIBRARY_PATH} PYTHONPATH=/root/ros2_ws/src/install/unitree_go/local/lib/python3.10/dist-packages:/root/ros2_ws/src/install/unitree_api/local/lib/python3.10/dist-packages:${PYTHONPATH} /usr/bin/cmake --install /root/ros2_ws/src/build/go2_sport_api
