[0.432s] Invoking command in '/root/ros2_ws/src/build/waypoint_rviz_plugin': CMAKE_PREFIX_PATH=/opt/ros/humble /usr/bin/cmake /root/ros2_ws/src/utilities/waypoint_rviz_plugin -DROS_EDITION=ROS2 -DHUMBLE_ROS=humble -DCMAKE_INSTALL_PREFIX=/root/ros2_ws/src/install/waypoint_rviz_plugin
[2.292s] -- The C compiler identification is GNU 11.4.0
[2.292s] -- The CXX compiler identification is GNU 11.4.0
[2.293s] -- Detecting C compiler ABI info
[2.294s] -- Detecting C compiler ABI info - done
[2.294s] -- Check for working C compiler: /usr/bin/cc - skipped
[2.294s] -- Detecting C compile features
[2.294s] -- Detecting C compile features - done
[2.294s] -- Detecting CXX compiler ABI info
[2.294s] -- Detecting CXX compiler ABI info - done
[2.294s] -- Check for working CXX compiler: /usr/bin/c++ - skipped
[2.294s] -- Detecting CXX compile features
[2.294s] -- Detecting CXX compile features - done
[2.294s] -- Found ament_cmake: 1.3.12 (/opt/ros/humble/share/ament_cmake/cmake)
[2.295s] -- Found Python3: /usr/bin/python3 (found version "3.10.12") found components: Interpreter 
[2.295s] -- Found pluginlib: 5.1.3 (/opt/ros/humble/share/pluginlib/cmake)
[2.295s] -- Found rclcpp: 16.0.17 (/opt/ros/humble/share/rclcpp/cmake)
[2.295s] -- Found rosidl_generator_c: 3.1.8 (/opt/ros/humble/share/rosidl_generator_c/cmake)
[2.295s] -- Found rosidl_adapter: 3.1.8 (/opt/ros/humble/share/rosidl_adapter/cmake)
[2.295s] -- Found rosidl_generator_cpp: 3.1.8 (/opt/ros/humble/share/rosidl_generator_cpp/cmake)
[2.295s] -- Using all available rosidl_typesupport_c: rosidl_typesupport_fastrtps_c;rosidl_typesupport_introspection_c
[2.295s] -- Using all available rosidl_typesupport_cpp: rosidl_typesupport_fastrtps_cpp;rosidl_typesupport_introspection_cpp
[2.295s] -- Found rmw_implementation_cmake: 6.1.2 (/opt/ros/humble/share/rmw_implementation_cmake/cmake)
[2.295s] -- Found rmw_fastrtps_cpp: 6.2.9 (/opt/ros/humble/share/rmw_fastrtps_cpp/cmake)
[2.295s] -- Found TinyXML2 via Config file: TinyXML2_DIR-NOTFOUND
[2.295s] -- Found OpenSSL: /usr/lib/x86_64-linux-gnu/libcrypto.so (found version "3.0.2")  
[2.296s] -- Found TinyXML2 via Config file: TinyXML2_DIR-NOTFOUND
[2.296s] -- Found FastRTPS: /opt/ros/humble/include  
[2.296s] -- Found TinyXML2 via Config file: TinyXML2_DIR-NOTFOUND
[2.296s] -- Found TinyXML2 via Config file: TinyXML2_DIR-NOTFOUND
[2.296s] -- Using RMW implementation 'rmw_fastrtps_cpp' as default
[2.296s] -- Looking for pthread.h
[2.296s] -- Looking for pthread.h - found
[2.296s] -- Performing Test CMAKE_HAVE_LIBC_PTHREAD
[2.296s] -- Performing Test CMAKE_HAVE_LIBC_PTHREAD - Success
[2.296s] -- Found Threads: TRUE  
[2.296s] -- Found rviz2: 11.2.25 (/opt/ros/humble/share/rviz2/cmake)
[2.300s] -- Found rviz_common: 11.2.25 (/opt/ros/humble/share/rviz_common/cmake)
[2.300s] -- Setting assimp_DIR to: '/opt/ros/humble/share/rviz_assimp_vendor/cmake/../../../opt/rviz_assimp_vendor/lib/cmake/assimp-4.1'
[2.300s] -- Setting OGRE_DIR to: '/opt/ros/humble/share/rviz_ogre_vendor/cmake/../../../opt/rviz_ogre_vendor/lib/OGRE/cmake'
[2.300s] -- Found OGRE
[2.300s] --   static     : OFF
[2.300s] --   components : HLMS;MeshLodGenerator;Overlay;Paging;Property;RTShaderSystem;Terrain;Volume
[2.300s] --   plugins    : Plugin_BSPSceneManager;Plugin_OctreeSceneManager;Plugin_PCZSceneManager;Plugin_ParticleFX;RenderSystem_GL;RenderSystem_GL3Plus;Codec_STBI
[2.300s] --   media      : /opt/ros/humble/opt/rviz_ogre_vendor/share/OGRE/Media
[2.300s] -- OGRE_LIBRARIES: OgreHLMS;OgreMeshLodGenerator;OgreOverlay;OgrePaging;OgreProperty;OgreRTShaderSystem;OgreTerrain;OgreVolume;OgreMain
[2.300s] -- OGRE_LIBRARY_DIRS: /opt/ros/humble/opt/rviz_ogre_vendor/lib
[2.301s] -- OGRE_PLUGINS: Plugin_BSPSceneManager;Plugin_OctreeSceneManager;Plugin_PCZSceneManager;Plugin_ParticleFX;RenderSystem_GL;RenderSystem_GL3Plus;Codec_STBI
[2.302s] -- OGRE_PLUGIN_DIR: /opt/ros/humble/opt/rviz_ogre_vendor/lib/OGRE
[2.302s] -- rviz_ogre_vendor::OgreOverlay for IMPORTED_LOCATION_RELEASE: /opt/ros/humble/opt/rviz_ogre_vendor/lib/libOgreOverlay.so
[2.302s] -- rviz_ogre_vendor::OgreOverlay for IMPORTED_LOCATION_DEBUG: /opt/ros/humble/opt/rviz_ogre_vendor/lib/libOgreOverlay.so
[2.302s] -- rviz_ogre_vendor::OgreMain for IMPORTED_LOCATION_RELEASE: /opt/ros/humble/opt/rviz_ogre_vendor/lib/libOgreMain.so
[2.302s] -- rviz_ogre_vendor::OgreMain for IMPORTED_LOCATION_DEBUG: /opt/ros/humble/opt/rviz_ogre_vendor/lib/libOgreMain.so
[2.302s] -- Could not find freeimage library
[2.302s] -- Found ZLIB: /usr/lib/x86_64-linux-gnu/libz.so (found version "1.2.11") 
[2.302s] -- Found OpenGL: /usr/lib/x86_64-linux-gnu/libOpenGL.so   
[2.364s] -- Found X11: /usr/include   
[2.365s] -- Looking for XOpenDisplay in /usr/lib/x86_64-linux-gnu/libX11.so;/usr/lib/x86_64-linux-gnu/libXext.so
[2.452s] -- Looking for XOpenDisplay in /usr/lib/x86_64-linux-gnu/libX11.so;/usr/lib/x86_64-linux-gnu/libXext.so - found
[2.455s] -- Looking for gethostbyname
[2.545s] -- Looking for gethostbyname - found
[2.546s] -- Looking for connect
[2.631s] -- Looking for connect - found
[2.631s] -- Looking for remove
[2.735s] -- Looking for remove - found
[2.735s] -- Looking for shmat
[2.998s] -- Looking for shmat - found
[2.998s] -- Looking for IceConnectionNumber in ICE
[3.170s] -- Looking for IceConnectionNumber in ICE - found
[3.532s] -- library: /usr/lib/x86_64-linux-gnu/libcurl.so
[3.735s] -- Found Eigen3: TRUE (found version "3.4.0") 
[3.735s] -- Ensuring Eigen3 include directory is part of orocos-kdl CMake target
[4.214s] -- Found rviz_default_plugins: 11.2.25 (/opt/ros/humble/share/rviz_default_plugins/cmake)
[4.548s] -- Found ament_lint_auto: 0.12.14 (/opt/ros/humble/share/ament_lint_auto/cmake)
[4.855s] -- Added test 'copyright' to check source files copyright and LICENSE
[4.855s] -- Added test 'cppcheck' to perform static code analysis on C / C++ code
[4.855s] -- Configured cppcheck include dirs: /root/ros2_ws/src/utilities/waypoint_rviz_plugin/include
[4.855s] -- Configured cppcheck exclude dirs and/or files: 
[4.856s] -- Added test 'cpplint' to check C / C++ code against the Google style
[4.856s] -- Configured cpplint exclude dirs and/or files: 
[4.856s] -- Added test 'lint_cmake' to check CMake code style
[4.858s] -- Added test 'uncrustify' to check C / C++ code style
[4.858s] -- Configured uncrustify additional arguments: 
[4.859s] -- Added test 'xmllint' to check XML markup files
[4.862s] -- Configuring done
[4.947s] -- Generating done
[4.952s] [33mCMake Warning:
[4.952s]   Manually-specified variables were not used by the project:
[4.952s] 
[4.952s]     HUMBLE_ROS
[4.952s]     ROS_EDITION
[4.953s] 
[4.957s] [0m
[4.959s] -- Build files have been written to: /root/ros2_ws/src/build/waypoint_rviz_plugin
[4.985s] Invoked command in '/root/ros2_ws/src/build/waypoint_rviz_plugin' returned '0': CMAKE_PREFIX_PATH=/opt/ros/humble /usr/bin/cmake /root/ros2_ws/src/utilities/waypoint_rviz_plugin -DROS_EDITION=ROS2 -DHUMBLE_ROS=humble -DCMAKE_INSTALL_PREFIX=/root/ros2_ws/src/install/waypoint_rviz_plugin
[4.985s] Invoking command in '/root/ros2_ws/src/build/waypoint_rviz_plugin': CMAKE_PREFIX_PATH=/opt/ros/humble /usr/bin/cmake --build /root/ros2_ws/src/build/waypoint_rviz_plugin -- -j24 -l24
[9.756s] [ 16%] [34m[1mAutomatic MOC for target waypoint_rviz_plugin[0m
[9.757s] [ 16%] Built target waypoint_rviz_plugin_autogen
[9.757s] [ 33%] [34m[1mGenerating include/moc_waypoint_tool.cpp[0m
[9.757s] [ 50%] [32mBuilding CXX object CMakeFiles/waypoint_rviz_plugin.dir/waypoint_rviz_plugin_autogen/mocs_compilation.cpp.o[0m
[9.757s] [ 83%] [32mBuilding CXX object CMakeFiles/waypoint_rviz_plugin.dir/src/waypoint_tool.cpp.o[0m
[9.764s] [ 66%] [32mBuilding CXX object CMakeFiles/waypoint_rviz_plugin.dir/include/moc_waypoint_tool.cpp.o[0m
[14.490s] [01m[K/root/ros2_ws/src/utilities/waypoint_rviz_plugin/src/waypoint_tool.cpp:[m[K In member function ‘[01m[Kvirtual void waypoint_rviz_plugin::WaypointTool::onPoseSet(double, double, double)[m[K’:
[14.491s] [01m[K/root/ros2_ws/src/utilities/waypoint_rviz_plugin/src/waypoint_tool.cpp:52:57:[m[K [01;35m[Kwarning: [m[Kunused parameter ‘[01m[Ktheta[m[K’ [[01;35m[K-Wunused-parameter[m[K]
[14.491s]    52 | void WaypointTool::onPoseSet(double x, double y, [01;35m[Kdouble theta[m[K)
[14.491s]       |                                                  [01;35m[K~~~~~~~^~~~~[m[K
[30.754s] [100%] [32m[1mLinking CXX shared library libwaypoint_rviz_plugin.so[0m
[34.441s] [100%] Built target waypoint_rviz_plugin
[34.492s] Invoked command in '/root/ros2_ws/src/build/waypoint_rviz_plugin' returned '0': CMAKE_PREFIX_PATH=/opt/ros/humble /usr/bin/cmake --build /root/ros2_ws/src/build/waypoint_rviz_plugin -- -j24 -l24
[34.500s] Invoking command in '/root/ros2_ws/src/build/waypoint_rviz_plugin': CMAKE_PREFIX_PATH=/opt/ros/humble /usr/bin/cmake --install /root/ros2_ws/src/build/waypoint_rviz_plugin
[34.893s] -- Install configuration: ""
[34.893s] -- Installing: /root/ros2_ws/src/install/waypoint_rviz_plugin/share/waypoint_rviz_plugin/plugin_description.xml
[34.893s] -- Installing: /root/ros2_ws/src/install/waypoint_rviz_plugin/lib/waypoint_rviz_plugin/libwaypoint_rviz_plugin.so
[34.893s] -- Set runtime path of "/root/ros2_ws/src/install/waypoint_rviz_plugin/lib/waypoint_rviz_plugin/libwaypoint_rviz_plugin.so" to ""
[34.893s] -- Installing: /root/ros2_ws/src/install/waypoint_rviz_plugin/share/ament_index/resource_index/package_run_dependencies/waypoint_rviz_plugin
[34.893s] -- Installing: /root/ros2_ws/src/install/waypoint_rviz_plugin/share/ament_index/resource_index/parent_prefix_path/waypoint_rviz_plugin
[34.893s] -- Installing: /root/ros2_ws/src/install/waypoint_rviz_plugin/share/waypoint_rviz_plugin/environment/ament_prefix_path.sh
[34.893s] -- Installing: /root/ros2_ws/src/install/waypoint_rviz_plugin/share/waypoint_rviz_plugin/environment/ament_prefix_path.dsv
[34.894s] -- Installing: /root/ros2_ws/src/install/waypoint_rviz_plugin/share/waypoint_rviz_plugin/environment/path.sh
[34.894s] -- Installing: /root/ros2_ws/src/install/waypoint_rviz_plugin/share/waypoint_rviz_plugin/environment/path.dsv
[34.894s] -- Installing: /root/ros2_ws/src/install/waypoint_rviz_plugin/share/waypoint_rviz_plugin/local_setup.bash
[34.894s] -- Installing: /root/ros2_ws/src/install/waypoint_rviz_plugin/share/waypoint_rviz_plugin/local_setup.sh
[34.894s] -- Installing: /root/ros2_ws/src/install/waypoint_rviz_plugin/share/waypoint_rviz_plugin/local_setup.zsh
[34.894s] -- Installing: /root/ros2_ws/src/install/waypoint_rviz_plugin/share/waypoint_rviz_plugin/local_setup.dsv
[34.894s] -- Installing: /root/ros2_ws/src/install/waypoint_rviz_plugin/share/waypoint_rviz_plugin/package.dsv
[34.894s] -- Installing: /root/ros2_ws/src/install/waypoint_rviz_plugin/share/ament_index/resource_index/packages/waypoint_rviz_plugin
[34.894s] -- Installing: /root/ros2_ws/src/install/waypoint_rviz_plugin/share/ament_index/resource_index/rviz_common__pluginlib__plugin/waypoint_rviz_plugin
[34.895s] -- Installing: /root/ros2_ws/src/install/waypoint_rviz_plugin/share/waypoint_rviz_plugin/cmake/ament_cmake_export_dependencies-extras.cmake
[34.898s] -- Installing: /root/ros2_ws/src/install/waypoint_rviz_plugin/share/waypoint_rviz_plugin/cmake/waypoint_rviz_pluginConfig.cmake
[34.898s] -- Installing: /root/ros2_ws/src/install/waypoint_rviz_plugin/share/waypoint_rviz_plugin/cmake/waypoint_rviz_pluginConfig-version.cmake
[34.898s] -- Installing: /root/ros2_ws/src/install/waypoint_rviz_plugin/share/waypoint_rviz_plugin/package.xml
[35.190s] Invoked command in '/root/ros2_ws/src/build/waypoint_rviz_plugin' returned '0': CMAKE_PREFIX_PATH=/opt/ros/humble /usr/bin/cmake --install /root/ros2_ws/src/build/waypoint_rviz_plugin
