[0.205s] Invoking command in '/root/ros2_ws/src/build/go2_sport_api': AMENT_PREFIX_PATH=/root/ros2_ws/src/install/unitree_go:/root/ros2_ws/src/install/unitree_api:${AMENT_PREFIX_PATH} CMAKE_PREFIX_PATH=/root/ros2_ws/src/install/unitree_go:/root/ros2_ws/src/install/unitree_api:/opt/ros/humble LD_LIBRARY_PATH=/root/ros2_ws/src/install/unitree_go/lib:/root/ros2_ws/src/install/unitree_api/lib:${LD_LIBRARY_PATH} PYTHONPATH=/root/ros2_ws/src/install/unitree_go/local/lib/python3.10/dist-packages:/root/ros2_ws/src/install/unitree_api/local/lib/python3.10/dist-packages:${PYTHONPATH} /usr/bin/cmake /root/ros2_ws/src/utilities/unitree_pkgs/go2_sport_api -DROS_EDITION=ROS2 -DHUMBLE_ROS=humble -DCMAKE_INSTALL_PREFIX=/root/ros2_ws/src/install/go2_sport_api
[0.415s] -- The C compiler identification is GNU 11.4.0
[0.608s] -- The CXX compiler identification is GNU 11.4.0
[0.647s] -- Detecting C compiler ABI info
[0.880s] -- Detecting C compiler ABI info - done
[0.905s] -- Check for working C compiler: /usr/bin/cc - skipped
[0.908s] -- Detecting C compile features
[0.908s] -- Detecting C compile features - done
[0.919s] -- Detecting CXX compiler ABI info
[1.215s] -- Detecting CXX compiler ABI info - done
[1.243s] -- Check for working CXX compiler: /usr/bin/c++ - skipped
[1.247s] -- Detecting CXX compile features
[1.247s] -- Detecting CXX compile features - done
[1.260s] -- Found ament_cmake: 1.3.12 (/opt/ros/humble/share/ament_cmake/cmake)
[1.875s] -- Found Python3: /usr/bin/python3 (found version "3.10.12") found components: Interpreter 
[2.260s] -- Found unitree_go: 0.0.0 (/root/ros2_ws/src/install/unitree_go/share/unitree_go/cmake)
[2.428s] -- Found rosidl_generator_c: 3.1.8 (/opt/ros/humble/share/rosidl_generator_c/cmake)
[2.453s] -- Found rosidl_adapter: 3.1.8 (/opt/ros/humble/share/rosidl_adapter/cmake)
[2.492s] -- Found rosidl_generator_cpp: 3.1.8 (/opt/ros/humble/share/rosidl_generator_cpp/cmake)
[2.545s] -- Using all available rosidl_typesupport_c: rosidl_typesupport_fastrtps_c;rosidl_typesupport_introspection_c
[2.613s] -- Using all available rosidl_typesupport_cpp: rosidl_typesupport_fastrtps_cpp;rosidl_typesupport_introspection_cpp
[2.835s] -- Found unitree_api: 0.0.0 (/root/ros2_ws/src/install/unitree_api/share/unitree_api/cmake)
[2.906s] -- Found rclcpp: 16.0.17 (/opt/ros/humble/share/rclcpp/cmake)
[3.113s] -- Found rmw_implementation_cmake: 6.1.2 (/opt/ros/humble/share/rmw_implementation_cmake/cmake)
[3.129s] -- Found rmw_fastrtps_cpp: 6.2.9 (/opt/ros/humble/share/rmw_fastrtps_cpp/cmake)
[3.544s] -- Found OpenSSL: /usr/lib/x86_64-linux-gnu/libcrypto.so (found version "3.0.2")  
[3.702s] -- Found FastRTPS: /opt/ros/humble/include  
[3.962s] -- Using RMW implementation 'rmw_fastrtps_cpp' as default
[4.018s] -- Looking for pthread.h
[4.311s] -- Looking for pthread.h - found
[4.311s] -- Performing Test CMAKE_HAVE_LIBC_PTHREAD
[4.597s] -- Performing Test CMAKE_HAVE_LIBC_PTHREAD - Success
[4.605s] -- Found Threads: TRUE  
[4.802s] -- Found sensor_msgs: 4.9.0 (/opt/ros/humble/share/sensor_msgs/cmake)
[4.935s] -- Found ament_lint_auto: 0.12.14 (/opt/ros/humble/share/ament_lint_auto/cmake)
[5.274s] -- Added test 'copyright' to check source files copyright and LICENSE
[5.289s] -- Added test 'cppcheck' to perform static code analysis on C / C++ code
[5.289s] -- Configured cppcheck include dirs: /root/ros2_ws/src/utilities/unitree_pkgs/go2_sport_api/include;/root/ros2_ws/src/utilities/unitree_pkgs/go2_sport_api/include/common;/root/ros2_ws/src/utilities/unitree_pkgs/go2_sport_api/include/nlohmann
[5.289s] -- Configured cppcheck exclude dirs and/or files: 
[5.299s] -- Added test 'cpplint' to check C / C++ code against the Google style
[5.299s] -- Configured cpplint exclude dirs and/or files: 
[5.302s] -- Added test 'lint_cmake' to check CMake code style
[5.317s] -- Added test 'uncrustify' to check C / C++ code style
[5.317s] -- Configured uncrustify additional arguments: 
[5.319s] -- Added test 'xmllint' to check XML markup files
[5.330s] -- Configuring done
[5.402s] -- Generating done
[5.410s] [33mCMake Warning:
[5.410s]   Manually-specified variables were not used by the project:
[5.410s] 
[5.410s]     HUMBLE_ROS
[5.410s]     ROS_EDITION
[5.410s] 
[5.410s] [0m
[5.429s] -- Build files have been written to: /root/ros2_ws/src/build/go2_sport_api
[5.468s] Invoked command in '/root/ros2_ws/src/build/go2_sport_api' returned '0': AMENT_PREFIX_PATH=/root/ros2_ws/src/install/unitree_go:/root/ros2_ws/src/install/unitree_api:${AMENT_PREFIX_PATH} CMAKE_PREFIX_PATH=/root/ros2_ws/src/install/unitree_go:/root/ros2_ws/src/install/unitree_api:/opt/ros/humble LD_LIBRARY_PATH=/root/ros2_ws/src/install/unitree_go/lib:/root/ros2_ws/src/install/unitree_api/lib:${LD_LIBRARY_PATH} PYTHONPATH=/root/ros2_ws/src/install/unitree_go/local/lib/python3.10/dist-packages:/root/ros2_ws/src/install/unitree_api/local/lib/python3.10/dist-packages:${PYTHONPATH} /usr/bin/cmake /root/ros2_ws/src/utilities/unitree_pkgs/go2_sport_api -DROS_EDITION=ROS2 -DHUMBLE_ROS=humble -DCMAKE_INSTALL_PREFIX=/root/ros2_ws/src/install/go2_sport_api
[5.476s] Invoking command in '/root/ros2_ws/src/build/go2_sport_api': AMENT_PREFIX_PATH=/root/ros2_ws/src/install/unitree_go:/root/ros2_ws/src/install/unitree_api:${AMENT_PREFIX_PATH} CMAKE_PREFIX_PATH=/root/ros2_ws/src/install/unitree_go:/root/ros2_ws/src/install/unitree_api:/opt/ros/humble LD_LIBRARY_PATH=/root/ros2_ws/src/install/unitree_go/lib:/root/ros2_ws/src/install/unitree_api/lib:${LD_LIBRARY_PATH} PYTHONPATH=/root/ros2_ws/src/install/unitree_go/local/lib/python3.10/dist-packages:/root/ros2_ws/src/install/unitree_api/local/lib/python3.10/dist-packages:${PYTHONPATH} /usr/bin/cmake --build /root/ros2_ws/src/build/go2_sport_api -- -j24 -l24
[5.670s] [ 20%] [32mBuilding CXX object CMakeFiles/go2_sport_api.dir/src/common/ros2_sport_client.cpp.o[0m
[5.684s] [ 40%] [32mBuilding CXX object CMakeFiles/vel_ctrl.dir/src/vel_ctrl_repub.cpp.o[0m
[5.697s] [ 60%] [32mBuilding CXX object CMakeFiles/vel_ctrl.dir/src/common/ros2_sport_client.cpp.o[0m
[9.213s] [ 80%] [32m[1mLinking CXX shared library libgo2_sport_api.so[0m
[9.512s] [ 80%] Built target go2_sport_api
[18.199s] [100%] [32m[1mLinking CXX executable vel_ctrl[0m
[18.736s] [100%] Built target vel_ctrl
[18.754s] Invoked command in '/root/ros2_ws/src/build/go2_sport_api' returned '0': AMENT_PREFIX_PATH=/root/ros2_ws/src/install/unitree_go:/root/ros2_ws/src/install/unitree_api:${AMENT_PREFIX_PATH} CMAKE_PREFIX_PATH=/root/ros2_ws/src/install/unitree_go:/root/ros2_ws/src/install/unitree_api:/opt/ros/humble LD_LIBRARY_PATH=/root/ros2_ws/src/install/unitree_go/lib:/root/ros2_ws/src/install/unitree_api/lib:${LD_LIBRARY_PATH} PYTHONPATH=/root/ros2_ws/src/install/unitree_go/local/lib/python3.10/dist-packages:/root/ros2_ws/src/install/unitree_api/local/lib/python3.10/dist-packages:${PYTHONPATH} /usr/bin/cmake --build /root/ros2_ws/src/build/go2_sport_api -- -j24 -l24
[18.757s] Invoking command in '/root/ros2_ws/src/build/go2_sport_api': AMENT_PREFIX_PATH=/root/ros2_ws/src/install/unitree_go:/root/ros2_ws/src/install/unitree_api:${AMENT_PREFIX_PATH} CMAKE_PREFIX_PATH=/root/ros2_ws/src/install/unitree_go:/root/ros2_ws/src/install/unitree_api:/opt/ros/humble LD_LIBRARY_PATH=/root/ros2_ws/src/install/unitree_go/lib:/root/ros2_ws/src/install/unitree_api/lib:${LD_LIBRARY_PATH} PYTHONPATH=/root/ros2_ws/src/install/unitree_go/local/lib/python3.10/dist-packages:/root/ros2_ws/src/install/unitree_api/local/lib/python3.10/dist-packages:${PYTHONPATH} /usr/bin/cmake --install /root/ros2_ws/src/build/go2_sport_api
[18.765s] -- Install configuration: ""
[18.766s] -- Installing: /root/ros2_ws/src/install/go2_sport_api/include/include
[18.766s] -- Installing: /root/ros2_ws/src/install/go2_sport_api/include/include/nlohmann
[18.766s] -- Installing: /root/ros2_ws/src/install/go2_sport_api/include/include/nlohmann/detail
[18.766s] -- Installing: /root/ros2_ws/src/install/go2_sport_api/include/include/nlohmann/detail/abi_macros.hpp
[18.766s] -- Installing: /root/ros2_ws/src/install/go2_sport_api/include/include/nlohmann/detail/hash.hpp
[18.766s] -- Installing: /root/ros2_ws/src/install/go2_sport_api/include/include/nlohmann/detail/string_escape.hpp
[18.766s] -- Installing: /root/ros2_ws/src/install/go2_sport_api/include/include/nlohmann/detail/output
[18.766s] -- Installing: /root/ros2_ws/src/install/go2_sport_api/include/include/nlohmann/detail/output/output_adapters.hpp
[18.766s] -- Installing: /root/ros2_ws/src/install/go2_sport_api/include/include/nlohmann/detail/output/binary_writer.hpp
[18.767s] -- Installing: /root/ros2_ws/src/install/go2_sport_api/include/include/nlohmann/detail/output/serializer.hpp
[18.767s] -- Installing: /root/ros2_ws/src/install/go2_sport_api/include/include/nlohmann/detail/value_t.hpp
[18.767s] -- Installing: /root/ros2_ws/src/install/go2_sport_api/include/include/nlohmann/detail/exceptions.hpp
[18.767s] -- Installing: /root/ros2_ws/src/install/go2_sport_api/include/include/nlohmann/detail/conversions
[18.767s] -- Installing: /root/ros2_ws/src/install/go2_sport_api/include/include/nlohmann/detail/conversions/to_json.hpp
[18.767s] -- Installing: /root/ros2_ws/src/install/go2_sport_api/include/include/nlohmann/detail/conversions/to_chars.hpp
[18.767s] -- Installing: /root/ros2_ws/src/install/go2_sport_api/include/include/nlohmann/detail/conversions/from_json.hpp
[18.767s] -- Installing: /root/ros2_ws/src/install/go2_sport_api/include/include/nlohmann/detail/iterators
[18.767s] -- Installing: /root/ros2_ws/src/install/go2_sport_api/include/include/nlohmann/detail/iterators/json_reverse_iterator.hpp
[18.768s] -- Installing: /root/ros2_ws/src/install/go2_sport_api/include/include/nlohmann/detail/iterators/internal_iterator.hpp
[18.768s] -- Installing: /root/ros2_ws/src/install/go2_sport_api/include/include/nlohmann/detail/iterators/iterator_traits.hpp
[18.768s] -- Installing: /root/ros2_ws/src/install/go2_sport_api/include/include/nlohmann/detail/iterators/iteration_proxy.hpp
[18.768s] -- Installing: /root/ros2_ws/src/install/go2_sport_api/include/include/nlohmann/detail/iterators/iter_impl.hpp
[18.768s] -- Installing: /root/ros2_ws/src/install/go2_sport_api/include/include/nlohmann/detail/iterators/primitive_iterator.hpp
[18.768s] -- Installing: /root/ros2_ws/src/install/go2_sport_api/include/include/nlohmann/detail/json_pointer.hpp
[18.768s] -- Installing: /root/ros2_ws/src/install/go2_sport_api/include/include/nlohmann/detail/json_custom_base_class.hpp
[18.768s] -- Installing: /root/ros2_ws/src/install/go2_sport_api/include/include/nlohmann/detail/macro_unscope.hpp
[18.768s] -- Installing: /root/ros2_ws/src/install/go2_sport_api/include/include/nlohmann/detail/json_ref.hpp
[18.769s] -- Installing: /root/ros2_ws/src/install/go2_sport_api/include/include/nlohmann/detail/string_concat.hpp
[18.769s] -- Installing: /root/ros2_ws/src/install/go2_sport_api/include/include/nlohmann/detail/macro_scope.hpp
[18.769s] -- Installing: /root/ros2_ws/src/install/go2_sport_api/include/include/nlohmann/detail/input
[18.769s] -- Installing: /root/ros2_ws/src/install/go2_sport_api/include/include/nlohmann/detail/input/position_t.hpp
[18.769s] -- Installing: /root/ros2_ws/src/install/go2_sport_api/include/include/nlohmann/detail/input/json_sax.hpp
[18.769s] -- Installing: /root/ros2_ws/src/install/go2_sport_api/include/include/nlohmann/detail/input/binary_reader.hpp
[18.769s] -- Installing: /root/ros2_ws/src/install/go2_sport_api/include/include/nlohmann/detail/input/parser.hpp
[18.770s] -- Installing: /root/ros2_ws/src/install/go2_sport_api/include/include/nlohmann/detail/input/input_adapters.hpp
[18.770s] -- Installing: /root/ros2_ws/src/install/go2_sport_api/include/include/nlohmann/detail/input/lexer.hpp
[18.770s] -- Installing: /root/ros2_ws/src/install/go2_sport_api/include/include/nlohmann/detail/meta
[18.770s] -- Installing: /root/ros2_ws/src/install/go2_sport_api/include/include/nlohmann/detail/meta/type_traits.hpp
[18.770s] -- Installing: /root/ros2_ws/src/install/go2_sport_api/include/include/nlohmann/detail/meta/detected.hpp
[18.770s] -- Installing: /root/ros2_ws/src/install/go2_sport_api/include/include/nlohmann/detail/meta/identity_tag.hpp
[18.770s] -- Installing: /root/ros2_ws/src/install/go2_sport_api/include/include/nlohmann/detail/meta/std_fs.hpp
[18.770s] -- Installing: /root/ros2_ws/src/install/go2_sport_api/include/include/nlohmann/detail/meta/cpp_future.hpp
[18.771s] -- Installing: /root/ros2_ws/src/install/go2_sport_api/include/include/nlohmann/detail/meta/void_t.hpp
[18.771s] -- Installing: /root/ros2_ws/src/install/go2_sport_api/include/include/nlohmann/detail/meta/call_std
[18.771s] -- Installing: /root/ros2_ws/src/install/go2_sport_api/include/include/nlohmann/detail/meta/call_std/begin.hpp
[18.771s] -- Installing: /root/ros2_ws/src/install/go2_sport_api/include/include/nlohmann/detail/meta/call_std/end.hpp
[18.771s] -- Installing: /root/ros2_ws/src/install/go2_sport_api/include/include/nlohmann/detail/meta/is_sax.hpp
[18.771s] -- Installing: /root/ros2_ws/src/install/go2_sport_api/include/include/nlohmann/ordered_map.hpp
[18.771s] -- Installing: /root/ros2_ws/src/install/go2_sport_api/include/include/nlohmann/byte_container_with_subtype.hpp
[18.771s] -- Installing: /root/ros2_ws/src/install/go2_sport_api/include/include/nlohmann/adl_serializer.hpp
[18.771s] -- Installing: /root/ros2_ws/src/install/go2_sport_api/include/include/nlohmann/json.hpp
[18.772s] -- Installing: /root/ros2_ws/src/install/go2_sport_api/include/include/nlohmann/json_fwd.hpp
[18.772s] -- Installing: /root/ros2_ws/src/install/go2_sport_api/include/include/nlohmann/thirdparty
[18.772s] -- Installing: /root/ros2_ws/src/install/go2_sport_api/include/include/nlohmann/thirdparty/hedley
[18.772s] -- Installing: /root/ros2_ws/src/install/go2_sport_api/include/include/nlohmann/thirdparty/hedley/hedley_undef.hpp
[18.772s] -- Installing: /root/ros2_ws/src/install/go2_sport_api/include/include/nlohmann/thirdparty/hedley/hedley.hpp
[18.772s] -- Installing: /root/ros2_ws/src/install/go2_sport_api/include/include/common
[18.772s] -- Installing: /root/ros2_ws/src/install/go2_sport_api/include/include/common/motor_crc.h
[18.773s] -- Installing: /root/ros2_ws/src/install/go2_sport_api/include/include/common/ros2_sport_client.h
[18.773s] -- Installing: /root/ros2_ws/src/install/go2_sport_api/lib/go2_sport_api/vel_ctrl
[18.777s] -- Set runtime path of "/root/ros2_ws/src/install/go2_sport_api/lib/go2_sport_api/vel_ctrl" to ""
[18.777s] -- Installing: /root/ros2_ws/src/install/go2_sport_api/lib/libgo2_sport_api.so
[18.778s] -- Set runtime path of "/root/ros2_ws/src/install/go2_sport_api/lib/libgo2_sport_api.so" to ""
[18.778s] -- Installing: /root/ros2_ws/src/install/go2_sport_api/share/go2_sport_api/environment/library_path.sh
[18.778s] -- Installing: /root/ros2_ws/src/install/go2_sport_api/share/go2_sport_api/environment/library_path.dsv
[18.778s] -- Installing: /root/ros2_ws/src/install/go2_sport_api/share/ament_index/resource_index/package_run_dependencies/go2_sport_api
[18.779s] -- Installing: /root/ros2_ws/src/install/go2_sport_api/share/ament_index/resource_index/parent_prefix_path/go2_sport_api
[18.779s] -- Installing: /root/ros2_ws/src/install/go2_sport_api/share/go2_sport_api/environment/ament_prefix_path.sh
[18.779s] -- Installing: /root/ros2_ws/src/install/go2_sport_api/share/go2_sport_api/environment/ament_prefix_path.dsv
[18.779s] -- Installing: /root/ros2_ws/src/install/go2_sport_api/share/go2_sport_api/environment/path.sh
[18.779s] -- Installing: /root/ros2_ws/src/install/go2_sport_api/share/go2_sport_api/environment/path.dsv
[18.779s] -- Installing: /root/ros2_ws/src/install/go2_sport_api/share/go2_sport_api/local_setup.bash
[18.779s] -- Installing: /root/ros2_ws/src/install/go2_sport_api/share/go2_sport_api/local_setup.sh
[18.779s] -- Installing: /root/ros2_ws/src/install/go2_sport_api/share/go2_sport_api/local_setup.zsh
[18.780s] -- Installing: /root/ros2_ws/src/install/go2_sport_api/share/go2_sport_api/local_setup.dsv
[18.780s] -- Installing: /root/ros2_ws/src/install/go2_sport_api/share/go2_sport_api/package.dsv
[18.780s] -- Installing: /root/ros2_ws/src/install/go2_sport_api/share/ament_index/resource_index/packages/go2_sport_api
[18.780s] -- Installing: /root/ros2_ws/src/install/go2_sport_api/share/go2_sport_api/cmake/export_go2_sport_apiExport.cmake
[18.780s] -- Installing: /root/ros2_ws/src/install/go2_sport_api/share/go2_sport_api/cmake/export_go2_sport_apiExport-noconfig.cmake
[18.780s] -- Installing: /root/ros2_ws/src/install/go2_sport_api/share/go2_sport_api/cmake/ament_cmake_export_dependencies-extras.cmake
[18.780s] -- Installing: /root/ros2_ws/src/install/go2_sport_api/share/go2_sport_api/cmake/ament_cmake_export_libraries-extras.cmake
[18.781s] -- Installing: /root/ros2_ws/src/install/go2_sport_api/share/go2_sport_api/cmake/ament_cmake_export_include_directories-extras.cmake
[18.781s] -- Installing: /root/ros2_ws/src/install/go2_sport_api/share/go2_sport_api/cmake/ament_cmake_export_targets-extras.cmake
[18.781s] -- Installing: /root/ros2_ws/src/install/go2_sport_api/share/go2_sport_api/cmake/go2_sport_apiConfig.cmake
[18.781s] -- Installing: /root/ros2_ws/src/install/go2_sport_api/share/go2_sport_api/cmake/go2_sport_apiConfig-version.cmake
[18.781s] -- Installing: /root/ros2_ws/src/install/go2_sport_api/share/go2_sport_api/package.xml
[18.784s] Invoked command in '/root/ros2_ws/src/build/go2_sport_api' returned '0': AMENT_PREFIX_PATH=/root/ros2_ws/src/install/unitree_go:/root/ros2_ws/src/install/unitree_api:${AMENT_PREFIX_PATH} CMAKE_PREFIX_PATH=/root/ros2_ws/src/install/unitree_go:/root/ros2_ws/src/install/unitree_api:/opt/ros/humble LD_LIBRARY_PATH=/root/ros2_ws/src/install/unitree_go/lib:/root/ros2_ws/src/install/unitree_api/lib:${LD_LIBRARY_PATH} PYTHONPATH=/root/ros2_ws/src/install/unitree_go/local/lib/python3.10/dist-packages:/root/ros2_ws/src/install/unitree_api/local/lib/python3.10/dist-packages:${PYTHONPATH} /usr/bin/cmake --install /root/ros2_ws/src/build/go2_sport_api
