[1.096s] Invoking command in '/root/ros2_ws/src/utilities/transform_sensors': PYTHONPATH=/root/ros2_ws/src/build/transform_sensors/prefix_override:/usr/lib/python3/dist-packages/colcon_core/task/python/colcon_distutils_commands:/root/ros2_ws/src/install/transform_sensors/lib/python3.10/site-packages:${PYTHONPATH} /usr/bin/python3 -W ignore:setup.py install is deprecated -W ignore:easy_install command is deprecated setup.py egg_info --egg-base ../../build/transform_sensors build --build-base /root/ros2_ws/src/build/transform_sensors/build install --record /root/ros2_ws/src/build/transform_sensors/install.log --install-scripts $base/lib/transform_sensors --single-version-externally-managed install_data
[2.702s] running egg_info
[2.702s] creating ../../build/transform_sensors/transform_sensors.egg-info
[2.702s] writing ../../build/transform_sensors/transform_sensors.egg-info/PKG-INFO
[2.706s] writing dependency_links to ../../build/transform_sensors/transform_sensors.egg-info/dependency_links.txt
[2.706s] writing entry points to ../../build/transform_sensors/transform_sensors.egg-info/entry_points.txt
[2.706s] writing requirements to ../../build/transform_sensors/transform_sensors.egg-info/requires.txt
[2.706s] writing top-level names to ../../build/transform_sensors/transform_sensors.egg-info/top_level.txt
[2.707s] writing manifest file '../../build/transform_sensors/transform_sensors.egg-info/SOURCES.txt'
[2.707s] reading manifest file '../../build/transform_sensors/transform_sensors.egg-info/SOURCES.txt'
[2.707s] writing manifest file '../../build/transform_sensors/transform_sensors.egg-info/SOURCES.txt'
[2.707s] running build
[2.707s] running build_py
[2.707s] creating /root/ros2_ws/src/build/transform_sensors/build
[2.707s] creating /root/ros2_ws/src/build/transform_sensors/build/lib
[2.708s] creating /root/ros2_ws/src/build/transform_sensors/build/lib/transform_sensors
[2.708s] copying transform_sensors/__init__.py -> /root/ros2_ws/src/build/transform_sensors/build/lib/transform_sensors
[2.708s] copying transform_sensors/transform_everything.py -> /root/ros2_ws/src/build/transform_sensors/build/lib/transform_sensors
[2.708s] running install
[2.708s] running install_lib
[2.708s] creating /root/ros2_ws/src/install/transform_sensors/lib/python3.10/site-packages/transform_sensors
[2.708s] copying /root/ros2_ws/src/build/transform_sensors/build/lib/transform_sensors/__init__.py -> /root/ros2_ws/src/install/transform_sensors/lib/python3.10/site-packages/transform_sensors
[2.709s] copying /root/ros2_ws/src/build/transform_sensors/build/lib/transform_sensors/transform_everything.py -> /root/ros2_ws/src/install/transform_sensors/lib/python3.10/site-packages/transform_sensors
[2.709s] byte-compiling /root/ros2_ws/src/install/transform_sensors/lib/python3.10/site-packages/transform_sensors/__init__.py to __init__.cpython-310.pyc
[2.709s] byte-compiling /root/ros2_ws/src/install/transform_sensors/lib/python3.10/site-packages/transform_sensors/transform_everything.py to transform_everything.cpython-310.pyc
[2.709s] running install_data
[2.709s] creating /root/ros2_ws/src/install/transform_sensors/share/ament_index
[2.709s] creating /root/ros2_ws/src/install/transform_sensors/share/ament_index/resource_index
[2.709s] creating /root/ros2_ws/src/install/transform_sensors/share/ament_index/resource_index/packages
[2.709s] copying resource/transform_sensors -> /root/ros2_ws/src/install/transform_sensors/share/ament_index/resource_index/packages
[2.710s] copying package.xml -> /root/ros2_ws/src/install/transform_sensors/share/transform_sensors
[2.710s] running install_egg_info
[2.710s] Copying ../../build/transform_sensors/transform_sensors.egg-info to /root/ros2_ws/src/install/transform_sensors/lib/python3.10/site-packages/transform_sensors-0.0.0-py3.10.egg-info
[2.710s] running install_scripts
[2.710s] Installing transform_everything script to /root/ros2_ws/src/install/transform_sensors/lib/transform_sensors
[2.710s] writing list of installed files to '/root/ros2_ws/src/build/transform_sensors/install.log'
[2.711s] /usr/lib/python3/dist-packages/setuptools/dist.py:723: UserWarning: Usage of dash-separated 'script-dir' will not be supported in future versions. Please use the underscore name 'script_dir' instead
[2.711s]   warnings.warn(
[2.711s] /usr/local/lib/python3.10/dist-packages/setuptools_scm/_integration/setuptools.py:24: RuntimeWarning: 
[2.711s] ERROR: setuptools==59.6.0 is used in combination with setuptools-scm>=8.x
[2.711s] 
[2.715s] Your build configuration is incomplete and previously worked by accident!
[2.715s] setuptools-scm requires setuptools>=61 (recommended: >=80)
[2.715s] 
[2.715s] Suggested workaround if applicable:
[2.715s]  - migrating from the deprecated setup_requires mechanism to pep517/518
[2.715s]    and using a pyproject.toml to declare build dependencies
[2.715s]    which are reliably pre-installed before running the build tools
[2.715s] 
[2.716s]   warnings.warn(
[2.716s] listing git files failed - pretending there aren't any
[2.731s] Invoked command in '/root/ros2_ws/src/utilities/transform_sensors' returned '0': PYTHONPATH=/root/ros2_ws/src/build/transform_sensors/prefix_override:/usr/lib/python3/dist-packages/colcon_core/task/python/colcon_distutils_commands:/root/ros2_ws/src/install/transform_sensors/lib/python3.10/site-packages:${PYTHONPATH} /usr/bin/python3 -W ignore:setup.py install is deprecated -W ignore:easy_install command is deprecated setup.py egg_info --egg-base ../../build/transform_sensors build --build-base /root/ros2_ws/src/build/transform_sensors/build install --record /root/ros2_ws/src/build/transform_sensors/install.log --install-scripts $base/lib/transform_sensors --single-version-externally-managed install_data
