[0.044s] Invoking command in '/root/ros2_ws/src/build/point_lio_unilidar': AMENT_PREFIX_PATH=/root/ros2_ws/src/install/transform_sensors:${AMENT_PREFIX_PATH} CMAKE_PREFIX_PATH=/opt/ros/humble PYTHONPATH=/root/ros2_ws/src/build/transform_sensors:/root/ros2_ws/src/install/transform_sensors/lib/python3.10/site-packages:${PYTHONPATH} /usr/bin/cmake /root/ros2_ws/src/slam/point_lio_unilidar -DCMAKE_BUILD_TYPE=Release -DAMENT_CMAKE_SYMLINK_INSTALL=1 -DCMAKE_INSTALL_PREFIX=/root/ros2_ws/src/install/point_lio_unilidar
[2.400s] -- The C compiler identification is GNU 11.4.0
[2.400s] -- The CXX compiler identification is GNU 11.4.0
[2.400s] -- Detecting C compiler ABI info
[2.400s] -- Detecting C compiler ABI info - done
[2.400s] -- Check for working C compiler: /usr/bin/cc - skipped
[2.400s] -- Detecting C compile features
[2.400s] -- Detecting C compile features - done
[2.401s] -- Detecting CXX compiler ABI info
[2.401s] -- Detecting CXX compiler ABI info - done
[2.401s] -- Check for working CXX compiler: /usr/bin/c++ - skipped
[2.401s] -- Detecting CXX compile features
[2.401s] -- Detecting CXX compile features - done
[2.401s] -- Found PythonLibs: /usr/lib/x86_64-linux-gnu/libpython3.10.so (found version "3.10.12") 
[2.401s] -- Found ament_cmake: 1.3.12 (/opt/ros/humble/share/ament_cmake/cmake)
[2.404s] [0mDROOT_DIR = [0m
[2.404s] [0mCurrent CPU archtecture: x86_64[0m
[2.404s] [0mProcesser number:  24[0m
[2.404s] [0mcore for MP:  3[0m
[2.511s] -- Found Python3: /usr/bin/python3 (found version "3.10.12") found components: Interpreter 
[2.651s] -- Override CMake install command with custom implementation using symlinks instead of copying resources
[2.770s] -- Found geometry_msgs: 4.9.0 (/opt/ros/humble/share/geometry_msgs/cmake)
[2.879s] -- Found rosidl_generator_c: 3.1.8 (/opt/ros/humble/share/rosidl_generator_c/cmake)
[2.894s] -- Found rosidl_adapter: 3.1.8 (/opt/ros/humble/share/rosidl_adapter/cmake)
[2.926s] -- Found rosidl_generator_cpp: 3.1.8 (/opt/ros/humble/share/rosidl_generator_cpp/cmake)
[2.974s] -- Using all available rosidl_typesupport_c: rosidl_typesupport_fastrtps_c;rosidl_typesupport_introspection_c
[3.044s] -- Using all available rosidl_typesupport_cpp: rosidl_typesupport_fastrtps_cpp;rosidl_typesupport_introspection_cpp
[3.207s] -- Found nav_msgs: 4.9.0 (/opt/ros/humble/share/nav_msgs/cmake)
[3.285s] -- Found sensor_msgs: 4.9.0 (/opt/ros/humble/share/sensor_msgs/cmake)
[3.340s] -- Found rclcpp: 16.0.17 (/opt/ros/humble/share/rclcpp/cmake)
[3.535s] -- Found rmw_implementation_cmake: 6.1.2 (/opt/ros/humble/share/rmw_implementation_cmake/cmake)
[3.547s] -- Found rmw_fastrtps_cpp: 6.2.9 (/opt/ros/humble/share/rmw_fastrtps_cpp/cmake)
[4.020s] -- Found OpenSSL: /usr/lib/x86_64-linux-gnu/libcrypto.so (found version "3.0.2")  
[4.174s] -- Found FastRTPS: /opt/ros/humble/include  
[4.356s] -- Using RMW implementation 'rmw_fastrtps_cpp' as default
[4.382s] -- Looking for pthread.h
[4.661s] -- Looking for pthread.h - found
[4.661s] -- Performing Test CMAKE_HAVE_LIBC_PTHREAD
[5.025s] -- Performing Test CMAKE_HAVE_LIBC_PTHREAD - Success
[5.029s] -- Found Threads: TRUE  
[5.202s] -- Found rclcpp_components: 16.0.17 (/opt/ros/humble/share/rclcpp_components/cmake)
[5.337s] -- Found visualization_msgs: 4.9.0 (/opt/ros/humble/share/visualization_msgs/cmake)
[5.423s] -- Found pcl_ros: 2.4.5 (/opt/ros/humble/share/pcl_ros/cmake)
[5.566s] -- Checking for module 'eigen3'
[5.607s] --   Found eigen3, version 3.4.0
[5.728s] -- Found Eigen: /usr/include/eigen3 (Required is at least version "3.1") 
[5.728s] -- Eigen found (include: /usr/include/eigen3, version: 3.4.0)
[5.863s] -- Checking for module 'flann'
[5.891s] --   Found flann, version 1.9.1
[5.981s] -- Found FLANN: /usr/lib/x86_64-linux-gnu/libflann_cpp.so  
[5.981s] -- FLANN found (include: /usr/include, lib: /usr/lib/x86_64-linux-gnu/libflann_cpp.so)
[9.665s] -- Checking for module 'libusb-1.0'
[9.741s] --   Found libusb-1.0, version 1.0.25
[9.877s] -- Found libusb: /usr/lib/x86_64-linux-gnu/libusb-1.0.so  
[9.877s] -- OpenNI found (version: 1.5.4.0, include: /usr/include/ni, lib: /usr/lib/libOpenNI.so;libusb::libusb)
[10.101s] -- OpenNI2 found (version: 2.2.0.33, include: /usr/include/openni2, lib: /usr/lib/x86_64-linux-gnu/libOpenNI2.so;libusb::libusb)
[10.720s] -- Eigen found (include: /usr/include/eigen3, version: 3.4.0)
[10.744s] -- OpenNI found (version: 1.5.4.0, include: /usr/include/ni, lib: /usr/lib/libOpenNI.so;libusb::libusb)
[10.763s] -- OpenNI2 found (version: 2.2.0.33, include: /usr/include/openni2, lib: /usr/lib/x86_64-linux-gnu/libOpenNI2.so;libusb::libusb)
[11.228s] -- Found Qhull version 8.0.2
[11.556s] -- OpenNI found (version: 1.5.4.0, include: /usr/include/ni, lib: /usr/lib/libOpenNI.so;libusb::libusb)
[11.901s] -- Found PCL_COMMON: /usr/lib/x86_64-linux-gnu/libpcl_common.so  
[11.902s] -- Found PCL_KDTREE: /usr/lib/x86_64-linux-gnu/libpcl_kdtree.so  
[11.903s] -- Found PCL_OCTREE: /usr/lib/x86_64-linux-gnu/libpcl_octree.so  
[11.909s] -- Found PCL_SEARCH: /usr/lib/x86_64-linux-gnu/libpcl_search.so  
[11.910s] -- Found PCL_SAMPLE_CONSENSUS: /usr/lib/x86_64-linux-gnu/libpcl_sample_consensus.so  
[11.912s] -- Found PCL_FILTERS: /usr/lib/x86_64-linux-gnu/libpcl_filters.so  
[11.916s] -- Found PCL_2D: /usr/include/pcl-1.12  
[11.917s] -- Found PCL_GEOMETRY: /usr/include/pcl-1.12  
[11.919s] -- Found PCL_IO: /usr/lib/x86_64-linux-gnu/libpcl_io.so  
[11.924s] -- Found PCL_FEATURES: /usr/lib/x86_64-linux-gnu/libpcl_features.so  
[11.925s] -- Found PCL_ML: /usr/lib/x86_64-linux-gnu/libpcl_ml.so  
[11.932s] -- Found PCL_SEGMENTATION: /usr/lib/x86_64-linux-gnu/libpcl_segmentation.so  
[11.932s] -- Found PCL_VISUALIZATION: /usr/lib/x86_64-linux-gnu/libpcl_visualization.so  
[11.935s] -- Found PCL_SURFACE: /usr/lib/x86_64-linux-gnu/libpcl_surface.so  
[11.940s] -- Found PCL_REGISTRATION: /usr/lib/x86_64-linux-gnu/libpcl_registration.so  
[11.942s] -- Found PCL_KEYPOINTS: /usr/lib/x86_64-linux-gnu/libpcl_keypoints.so  
[11.942s] -- Found PCL_TRACKING: /usr/lib/x86_64-linux-gnu/libpcl_tracking.so  
[11.946s] -- Found PCL_RECOGNITION: /usr/lib/x86_64-linux-gnu/libpcl_recognition.so  
[11.951s] -- Found PCL_STEREO: /usr/lib/x86_64-linux-gnu/libpcl_stereo.so  
[11.951s] -- Found PCL_APPS: /usr/lib/x86_64-linux-gnu/libpcl_apps.so  
[11.957s] -- Found PCL_IN_HAND_SCANNER: /usr/include/pcl-1.12  
[11.957s] -- Found PCL_MODELER: /usr/include/pcl-1.12  
[11.959s] -- Found PCL_POINT_CLOUD_EDITOR: /usr/include/pcl-1.12  
[11.961s] -- Found PCL_OUTOFCORE: /usr/lib/x86_64-linux-gnu/libpcl_outofcore.so  
[11.963s] -- Found PCL_PEOPLE: /usr/lib/x86_64-linux-gnu/libpcl_people.so  
[12.111s] -- Found eigen3_cmake_module: 0.1.1 (/opt/ros/humble/share/eigen3_cmake_module/cmake)
[12.120s] -- Found Eigen3: TRUE (found version "3.4.0") 
[12.120s] -- Ensuring Eigen3 include directory is part of orocos-kdl CMake target
[12.462s] -- Found tf2_sensor_msgs: 0.25.18 (/opt/ros/humble/share/tf2_sensor_msgs/cmake)
[12.496s] -- Found tf2_eigen: 0.25.18 (/opt/ros/humble/share/tf2_eigen/cmake)
[12.509s] [33mCMake Warning (dev) at CMakeLists.txt:64 (find_package):
[12.510s]   Policy CMP0074 is not set: find_package uses <PackageName>_ROOT variables.
[12.510s]   Run "cmake --help-policy CMP0074" for policy details.  Use the cmake_policy
[12.510s]   command to set the policy and suppress this warning.
[12.510s] 
[12.510s]   CMake variable PCL_ROOT is set to:
[12.510s] 
[12.510s]     /usr
[12.510s] 
[12.510s]   For compatibility, CMake is ignoring the variable.
[12.510s] This warning is for project developers.  Use -Wno-dev to suppress it.
[12.511s] [0m
[12.576s] [0mEigen:/usr/include/eigen3[0m
[12.966s] -- Configuring done
[13.036s] -- Generating done
[13.052s] -- Build files have been written to: /root/ros2_ws/src/build/point_lio_unilidar
