-- Found ament_cmake: 1.3.12 (/opt/ros/humble/share/ament_cmake/cmake)
-- Found rclcpp: 16.0.17 (/opt/ros/humble/share/rclcpp/cmake)
-- Found rosidl_generator_c: 3.1.8 (/opt/ros/humble/share/rosidl_generator_c/cmake)
-- Found rosidl_adapter: 3.1.8 (/opt/ros/humble/share/rosidl_adapter/cmake)
-- Found rosidl_generator_cpp: 3.1.8 (/opt/ros/humble/share/rosidl_generator_cpp/cmake)
-- Using all available rosidl_typesupport_c: rosidl_typesupport_fastrtps_c;rosidl_typesupport_introspection_c
-- Using all available rosidl_typesupport_cpp: rosidl_typesupport_fastrtps_cpp;rosidl_typesupport_introspection_cpp
-- Found rmw_implementation_cmake: 6.1.2 (/opt/ros/humble/share/rmw_implementation_cmake/cmake)
-- Found rmw_fastrtps_cpp: 6.2.9 (/opt/ros/humble/share/rmw_fastrtps_cpp/cmake)
-- Using RMW implementation 'rmw_fastrtps_cpp' as default
-- Found nav_msgs: 4.9.0 (/opt/ros/humble/share/nav_msgs/cmake)
-- Found sensor_msgs: 4.9.0 (/opt/ros/humble/share/sensor_msgs/cmake)
-- Found tf2_ros: 0.25.18 (/opt/ros/humble/share/tf2_ros/cmake)
-- Found tf2_geometry_msgs: 0.25.18 (/opt/ros/humble/share/tf2_geometry_msgs/cmake)
-- Found eigen3_cmake_module: 0.1.1 (/opt/ros/humble/share/eigen3_cmake_module/cmake)
-- Found Eigen3: TRUE (found version "3.4.0") 
-- Ensuring Eigen3 include directory is part of orocos-kdl CMake target
-- Eigen found (include: /usr/include/eigen3, version: 3.4.0)
-- FLANN found (include: /usr/include, lib: /usr/lib/x86_64-linux-gnu/libflann_cpp.so)
-- Found Eigen3: /usr/include/eigen3 (found version "3.4.0") 
-- OpenNI found (version: 1.5.4.0, include: /usr/include/ni, lib: /usr/lib/libOpenNI.so;libusb::libusb)
-- OpenNI2 found (version: 2.2.0.33, include: /usr/include/openni2, lib: /usr/lib/x86_64-linux-gnu/libOpenNI2.so;libusb::libusb)
-- Eigen found (include: /usr/include/eigen3, version: 3.4.0)
-- OpenNI found (version: 1.5.4.0, include: /usr/include/ni, lib: /usr/lib/libOpenNI.so;libusb::libusb)
-- OpenNI2 found (version: 2.2.0.33, include: /usr/include/openni2, lib: /usr/lib/x86_64-linux-gnu/libOpenNI2.so;libusb::libusb)
-- Found Qhull version 8.0.2
-- OpenNI found (version: 1.5.4.0, include: /usr/include/ni, lib: /usr/lib/libOpenNI.so;libusb::libusb)
-- looking for PCL_COMMON
-- looking for PCL_KDTREE
-- looking for PCL_OCTREE
-- looking for PCL_SEARCH
-- looking for PCL_SAMPLE_CONSENSUS
-- looking for PCL_FILTERS
-- looking for PCL_2D
-- looking for PCL_GEOMETRY
-- looking for PCL_IO
-- looking for PCL_FEATURES
-- looking for PCL_ML
-- looking for PCL_SEGMENTATION
-- looking for PCL_VISUALIZATION
-- looking for PCL_SURFACE
-- looking for PCL_REGISTRATION
-- looking for PCL_KEYPOINTS
-- looking for PCL_TRACKING
-- looking for PCL_RECOGNITION
-- looking for PCL_STEREO
-- looking for PCL_APPS
-- looking for PCL_IN_HAND_SCANNER
-- looking for PCL_MODELER
-- looking for PCL_POINT_CLOUD_EDITOR
-- looking for PCL_OUTOFCORE
-- looking for PCL_PEOPLE
-- Found pcl_conversions: 2.4.5 (/opt/ros/humble/share/pcl_conversions/cmake)
-- Found pcl_ros: 2.4.5 (/opt/ros/humble/share/pcl_ros/cmake)
-- Found cv_bridge: 3.2.1 (/opt/ros/humble/share/cv_bridge/cmake)
-- Found ament_lint_auto: 0.12.14 (/opt/ros/humble/share/ament_lint_auto/cmake)
-- Added test 'copyright' to check source files copyright and LICENSE
-- Added test 'cppcheck' to perform static code analysis on C / C++ code
-- Configured cppcheck include dirs: /root/ros2_ws/src/base_autonomy/vehicle_simulator/include
-- Configured cppcheck exclude dirs and/or files: 
-- Added test 'cpplint' to check C / C++ code against the Google style
-- Configured cpplint exclude dirs and/or files: 
-- Added test 'flake8' to check Python code syntax and style conventions
-- Added test 'lint_cmake' to check CMake code style
-- Added test 'pep257' to check Python code against some of the docstring style conventions in PEP 257
-- Added test 'uncrustify' to check C / C++ code style
-- Configured uncrustify additional arguments: 
-- Added test 'xmllint' to check XML markup files
-- Configuring done
-- Generating done
-- Build files have been written to: /root/ros2_ws/src/build/vehicle_simulator
[35m[1mConsolidate compiler generated dependencies of target sim_image_repub[0m
[35m[1mConsolidate compiler generated dependencies of target vehicleSimulator[0m
[ 50%] Built target sim_image_repub
[100%] Built target vehicleSimulator
-- Install configuration: ""
-- Up-to-date: /root/ros2_ws/src/install/vehicle_simulator/lib/vehicle_simulator/vehicleSimulator
-- Up-to-date: /root/ros2_ws/src/install/vehicle_simulator/lib/vehicle_simulator/sim_image_repub
-- Up-to-date: /root/ros2_ws/src/install/vehicle_simulator/share/vehicle_simulator/launch
-- Up-to-date: /root/ros2_ws/src/install/vehicle_simulator/share/vehicle_simulator/launch/vehicle_simulator.launch
-- Installing: /root/ros2_ws/src/install/vehicle_simulator/share/vehicle_simulator/launch/system_simulation_superodom.launch.py
-- Up-to-date: /root/ros2_ws/src/install/vehicle_simulator/share/vehicle_simulator/launch/system_real_robot_with_route_planner_superodom.launch.py
-- Up-to-date: /root/ros2_ws/src/install/vehicle_simulator/share/vehicle_simulator/launch/system_real_robot_with_route_planner_superodom.launch
-- Up-to-date: /root/ros2_ws/src/install/vehicle_simulator/share/vehicle_simulator/launch/system_real_robot_superodom.launch.py
-- Up-to-date: /root/ros2_ws/src/install/vehicle_simulator/share/vehicle_simulator/launch/system_simulation_with_route_planner_superodom.launch.py
-- Installing: /root/ros2_ws/src/install/vehicle_simulator/share/vehicle_simulator/launch/system_simulation_with_route_planner_superodom.launch
-- Up-to-date: /root/ros2_ws/src/install/vehicle_simulator/share/vehicle_simulator/launch/system_simulation_with_route_planner.launch
-- Up-to-date: /root/ros2_ws/src/install/vehicle_simulator/share/vehicle_simulator/launch/system_real_robot.launch
-- Installing: /root/ros2_ws/src/install/vehicle_simulator/share/vehicle_simulator/launch/system_simulation_superodom.launch
-- Up-to-date: /root/ros2_ws/src/install/vehicle_simulator/share/vehicle_simulator/launch/system_real_robot_with_route_planner.launch
-- Up-to-date: /root/ros2_ws/src/install/vehicle_simulator/share/vehicle_simulator/launch/system_real_robot_superodom.launch
-- Up-to-date: /root/ros2_ws/src/install/vehicle_simulator/share/vehicle_simulator/launch/system_simulation.launch
-- Up-to-date: /root/ros2_ws/src/install/vehicle_simulator/share/vehicle_simulator/mesh
-- Up-to-date: /root/ros2_ws/src/install/vehicle_simulator/share/vehicle_simulator/mesh/unity
-- Up-to-date: /root/ros2_ws/src/install/vehicle_simulator/share/vehicle_simulator/mesh/unity/readme.txt
-- Up-to-date: /root/ros2_ws/src/install/vehicle_simulator/share/vehicle_simulator/rviz
-- Up-to-date: /root/ros2_ws/src/install/vehicle_simulator/share/vehicle_simulator/rviz/vehicle_simulator.rviz
-- Up-to-date: /root/ros2_ws/src/install/vehicle_simulator/share/vehicle_simulator/log
-- Up-to-date: /root/ros2_ws/src/install/vehicle_simulator/share/vehicle_simulator/log/readme.txt
-- Up-to-date: /root/ros2_ws/src/install/vehicle_simulator/share/ament_index/resource_index/package_run_dependencies/vehicle_simulator
-- Up-to-date: /root/ros2_ws/src/install/vehicle_simulator/share/ament_index/resource_index/parent_prefix_path/vehicle_simulator
-- Up-to-date: /root/ros2_ws/src/install/vehicle_simulator/share/vehicle_simulator/environment/ament_prefix_path.sh
-- Installing: /root/ros2_ws/src/install/vehicle_simulator/share/vehicle_simulator/environment/ament_prefix_path.dsv
-- Up-to-date: /root/ros2_ws/src/install/vehicle_simulator/share/vehicle_simulator/environment/path.sh
-- Installing: /root/ros2_ws/src/install/vehicle_simulator/share/vehicle_simulator/environment/path.dsv
-- Up-to-date: /root/ros2_ws/src/install/vehicle_simulator/share/vehicle_simulator/local_setup.bash
-- Up-to-date: /root/ros2_ws/src/install/vehicle_simulator/share/vehicle_simulator/local_setup.sh
-- Up-to-date: /root/ros2_ws/src/install/vehicle_simulator/share/vehicle_simulator/local_setup.zsh
-- Installing: /root/ros2_ws/src/install/vehicle_simulator/share/vehicle_simulator/local_setup.dsv
-- Installing: /root/ros2_ws/src/install/vehicle_simulator/share/vehicle_simulator/package.dsv
-- Up-to-date: /root/ros2_ws/src/install/vehicle_simulator/share/ament_index/resource_index/packages/vehicle_simulator
-- Up-to-date: /root/ros2_ws/src/install/vehicle_simulator/share/vehicle_simulator/cmake/vehicle_simulatorConfig.cmake
-- Up-to-date: /root/ros2_ws/src/install/vehicle_simulator/share/vehicle_simulator/cmake/vehicle_simulatorConfig-version.cmake
-- Up-to-date: /root/ros2_ws/src/install/vehicle_simulator/share/vehicle_simulator/package.xml
