[0.006s] Invoking command in '/root/ros2_ws/src/build/vehicle_simulator': AMENT_PREFIX_PATH=/root/ros2_ws/src/install/ros_tcp_endpoint:${AMENT_PREFIX_PATH} CMAKE_PREFIX_PATH=/opt/ros/humble PYTHONPATH=/root/ros2_ws/src/install/ros_tcp_endpoint/lib/python3.10/site-packages:${PYTHONPATH} /usr/bin/cmake /root/ros2_ws/src/base_autonomy/vehicle_simulator -DCMAKE_INSTALL_PREFIX=/root/ros2_ws/src/install/vehicle_simulator
[0.013s] -- Found ament_cmake: 1.3.12 (/opt/ros/humble/share/ament_cmake/cmake)
[0.073s] -- Found rclcpp: 16.0.17 (/opt/ros/humble/share/rclcpp/cmake)
[0.085s] -- Found rosidl_generator_c: 3.1.8 (/opt/ros/humble/share/rosidl_generator_c/cmake)
[0.086s] -- Found rosidl_adapter: 3.1.8 (/opt/ros/humble/share/rosidl_adapter/cmake)
[0.089s] -- Found rosidl_generator_cpp: 3.1.8 (/opt/ros/humble/share/rosidl_generator_cpp/cmake)
[0.093s] -- Using all available rosidl_typesupport_c: rosidl_typesupport_fastrtps_c;rosidl_typesupport_introspection_c
[0.098s] -- Using all available rosidl_typesupport_cpp: rosidl_typesupport_fastrtps_cpp;rosidl_typesupport_introspection_cpp
[0.112s] -- Found rmw_implementation_cmake: 6.1.2 (/opt/ros/humble/share/rmw_implementation_cmake/cmake)
[0.112s] -- Found rmw_fastrtps_cpp: 6.2.9 (/opt/ros/humble/share/rmw_fastrtps_cpp/cmake)
[0.168s] -- Using RMW implementation 'rmw_fastrtps_cpp' as default
[0.186s] -- Found nav_msgs: 4.9.0 (/opt/ros/humble/share/nav_msgs/cmake)
[0.199s] -- Found sensor_msgs: 4.9.0 (/opt/ros/humble/share/sensor_msgs/cmake)
[0.206s] -- Found tf2_ros: 0.25.18 (/opt/ros/humble/share/tf2_ros/cmake)
[0.241s] -- Found tf2_geometry_msgs: 0.25.18 (/opt/ros/humble/share/tf2_geometry_msgs/cmake)
[0.242s] -- Found eigen3_cmake_module: 0.1.1 (/opt/ros/humble/share/eigen3_cmake_module/cmake)
[0.243s] -- Found Eigen3: TRUE (found version "3.4.0") 
[0.244s] -- Ensuring Eigen3 include directory is part of orocos-kdl CMake target
[0.255s] -- Eigen found (include: /usr/include/eigen3, version: 3.4.0)
[0.269s] -- FLANN found (include: /usr/include, lib: /usr/lib/x86_64-linux-gnu/libflann_cpp.so)
[0.356s] -- Found Eigen3: /usr/include/eigen3 (found version "3.4.0") 
[0.404s] -- OpenNI found (version: 1.5.4.0, include: /usr/include/ni, lib: /usr/lib/libOpenNI.so;libusb::libusb)
[0.407s] -- OpenNI2 found (version: 2.2.0.33, include: /usr/include/openni2, lib: /usr/lib/x86_64-linux-gnu/libOpenNI2.so;libusb::libusb)
[0.407s] [0m** WARNING ** io features related to pcap will be disabled[0m
[0.471s] -- Eigen found (include: /usr/include/eigen3, version: 3.4.0)
[0.474s] -- OpenNI found (version: 1.5.4.0, include: /usr/include/ni, lib: /usr/lib/libOpenNI.so;libusb::libusb)
[0.477s] -- OpenNI2 found (version: 2.2.0.33, include: /usr/include/openni2, lib: /usr/lib/x86_64-linux-gnu/libOpenNI2.so;libusb::libusb)
[0.548s] -- Found Qhull version 8.0.2
[0.617s] -- OpenNI found (version: 1.5.4.0, include: /usr/include/ni, lib: /usr/lib/libOpenNI.so;libusb::libusb)
[0.678s] -- looking for PCL_COMMON
[0.678s] -- looking for PCL_KDTREE
[0.679s] -- looking for PCL_OCTREE
[0.679s] -- looking for PCL_SEARCH
[0.679s] -- looking for PCL_SAMPLE_CONSENSUS
[0.679s] -- looking for PCL_FILTERS
[0.680s] -- looking for PCL_2D
[0.680s] -- looking for PCL_GEOMETRY
[0.680s] -- looking for PCL_IO
[0.680s] -- looking for PCL_FEATURES
[0.681s] -- looking for PCL_ML
[0.681s] -- looking for PCL_SEGMENTATION
[0.681s] -- looking for PCL_VISUALIZATION
[0.681s] -- looking for PCL_SURFACE
[0.682s] -- looking for PCL_REGISTRATION
[0.682s] -- looking for PCL_KEYPOINTS
[0.682s] -- looking for PCL_TRACKING
[0.683s] -- looking for PCL_RECOGNITION
[0.683s] -- looking for PCL_STEREO
[0.683s] -- looking for PCL_APPS
[0.684s] -- looking for PCL_IN_HAND_SCANNER
[0.684s] -- looking for PCL_MODELER
[0.684s] -- looking for PCL_POINT_CLOUD_EDITOR
[0.684s] -- looking for PCL_OUTOFCORE
[0.684s] -- looking for PCL_PEOPLE
[0.685s] -- Found pcl_conversions: 2.4.5 (/opt/ros/humble/share/pcl_conversions/cmake)
[0.694s] -- Found pcl_ros: 2.4.5 (/opt/ros/humble/share/pcl_ros/cmake)
[0.698s] -- Found cv_bridge: 3.2.1 (/opt/ros/humble/share/cv_bridge/cmake)
[0.703s] -- Found ament_lint_auto: 0.12.14 (/opt/ros/humble/share/ament_lint_auto/cmake)
[0.736s] -- Added test 'copyright' to check source files copyright and LICENSE
[0.736s] -- Added test 'cppcheck' to perform static code analysis on C / C++ code
[0.737s] -- Configured cppcheck include dirs: /root/ros2_ws/src/base_autonomy/vehicle_simulator/include
[0.737s] -- Configured cppcheck exclude dirs and/or files: 
[0.737s] -- Added test 'cpplint' to check C / C++ code against the Google style
[0.737s] -- Configured cpplint exclude dirs and/or files: 
[0.737s] -- Added test 'flake8' to check Python code syntax and style conventions
[0.737s] -- Added test 'lint_cmake' to check CMake code style
[0.738s] -- Added test 'pep257' to check Python code against some of the docstring style conventions in PEP 257
[0.738s] -- Added test 'uncrustify' to check C / C++ code style
[0.738s] -- Configured uncrustify additional arguments: 
[0.738s] -- Added test 'xmllint' to check XML markup files
[0.739s] -- Configuring done
[0.761s] -- Generating done
[0.766s] -- Build files have been written to: /root/ros2_ws/src/build/vehicle_simulator
[0.775s] Invoked command in '/root/ros2_ws/src/build/vehicle_simulator' returned '0': AMENT_PREFIX_PATH=/root/ros2_ws/src/install/ros_tcp_endpoint:${AMENT_PREFIX_PATH} CMAKE_PREFIX_PATH=/opt/ros/humble PYTHONPATH=/root/ros2_ws/src/install/ros_tcp_endpoint/lib/python3.10/site-packages:${PYTHONPATH} /usr/bin/cmake /root/ros2_ws/src/base_autonomy/vehicle_simulator -DCMAKE_INSTALL_PREFIX=/root/ros2_ws/src/install/vehicle_simulator
[0.775s] Invoking command in '/root/ros2_ws/src/build/vehicle_simulator': AMENT_PREFIX_PATH=/root/ros2_ws/src/install/ros_tcp_endpoint:${AMENT_PREFIX_PATH} CMAKE_PREFIX_PATH=/opt/ros/humble PYTHONPATH=/root/ros2_ws/src/install/ros_tcp_endpoint/lib/python3.10/site-packages:${PYTHONPATH} /usr/bin/cmake --build /root/ros2_ws/src/build/vehicle_simulator -- -j24 -l24
[0.799s] [35m[1mConsolidate compiler generated dependencies of target sim_image_repub[0m
[0.799s] [35m[1mConsolidate compiler generated dependencies of target vehicleSimulator[0m
[0.809s] [ 50%] Built target sim_image_repub
[0.815s] [100%] Built target vehicleSimulator
[0.822s] Invoked command in '/root/ros2_ws/src/build/vehicle_simulator' returned '0': AMENT_PREFIX_PATH=/root/ros2_ws/src/install/ros_tcp_endpoint:${AMENT_PREFIX_PATH} CMAKE_PREFIX_PATH=/opt/ros/humble PYTHONPATH=/root/ros2_ws/src/install/ros_tcp_endpoint/lib/python3.10/site-packages:${PYTHONPATH} /usr/bin/cmake --build /root/ros2_ws/src/build/vehicle_simulator -- -j24 -l24
[0.826s] Invoking command in '/root/ros2_ws/src/build/vehicle_simulator': AMENT_PREFIX_PATH=/root/ros2_ws/src/install/ros_tcp_endpoint:${AMENT_PREFIX_PATH} CMAKE_PREFIX_PATH=/opt/ros/humble PYTHONPATH=/root/ros2_ws/src/install/ros_tcp_endpoint/lib/python3.10/site-packages:${PYTHONPATH} /usr/bin/cmake --install /root/ros2_ws/src/build/vehicle_simulator
[0.829s] -- Install configuration: ""
[0.830s] -- Up-to-date: /root/ros2_ws/src/install/vehicle_simulator/lib/vehicle_simulator/vehicleSimulator
[0.830s] -- Up-to-date: /root/ros2_ws/src/install/vehicle_simulator/lib/vehicle_simulator/sim_image_repub
[0.830s] -- Up-to-date: /root/ros2_ws/src/install/vehicle_simulator/share/vehicle_simulator/launch
[0.830s] -- Up-to-date: /root/ros2_ws/src/install/vehicle_simulator/share/vehicle_simulator/launch/vehicle_simulator.launch
[0.830s] -- Installing: /root/ros2_ws/src/install/vehicle_simulator/share/vehicle_simulator/launch/system_simulation_superodom.launch.py
[0.830s] -- Up-to-date: /root/ros2_ws/src/install/vehicle_simulator/share/vehicle_simulator/launch/system_real_robot_with_route_planner_superodom.launch.py
[0.830s] -- Up-to-date: /root/ros2_ws/src/install/vehicle_simulator/share/vehicle_simulator/launch/system_real_robot_with_route_planner_superodom.launch
[0.830s] -- Up-to-date: /root/ros2_ws/src/install/vehicle_simulator/share/vehicle_simulator/launch/system_real_robot_superodom.launch.py
[0.830s] -- Up-to-date: /root/ros2_ws/src/install/vehicle_simulator/share/vehicle_simulator/launch/system_simulation_with_route_planner_superodom.launch.py
[0.830s] -- Installing: /root/ros2_ws/src/install/vehicle_simulator/share/vehicle_simulator/launch/system_simulation_with_route_planner_superodom.launch
[0.830s] -- Up-to-date: /root/ros2_ws/src/install/vehicle_simulator/share/vehicle_simulator/launch/system_simulation_with_route_planner.launch
[0.830s] -- Up-to-date: /root/ros2_ws/src/install/vehicle_simulator/share/vehicle_simulator/launch/system_real_robot.launch
[0.830s] -- Installing: /root/ros2_ws/src/install/vehicle_simulator/share/vehicle_simulator/launch/system_simulation_superodom.launch
[0.830s] -- Up-to-date: /root/ros2_ws/src/install/vehicle_simulator/share/vehicle_simulator/launch/system_real_robot_with_route_planner.launch
[0.830s] -- Up-to-date: /root/ros2_ws/src/install/vehicle_simulator/share/vehicle_simulator/launch/system_real_robot_superodom.launch
[0.830s] -- Up-to-date: /root/ros2_ws/src/install/vehicle_simulator/share/vehicle_simulator/launch/system_simulation.launch
[0.830s] -- Up-to-date: /root/ros2_ws/src/install/vehicle_simulator/share/vehicle_simulator/mesh
[0.830s] -- Up-to-date: /root/ros2_ws/src/install/vehicle_simulator/share/vehicle_simulator/mesh/unity
[0.830s] -- Up-to-date: /root/ros2_ws/src/install/vehicle_simulator/share/vehicle_simulator/mesh/unity/readme.txt
[0.831s] -- Up-to-date: /root/ros2_ws/src/install/vehicle_simulator/share/vehicle_simulator/rviz
[0.831s] -- Up-to-date: /root/ros2_ws/src/install/vehicle_simulator/share/vehicle_simulator/rviz/vehicle_simulator.rviz
[0.831s] -- Up-to-date: /root/ros2_ws/src/install/vehicle_simulator/share/vehicle_simulator/log
[0.831s] -- Up-to-date: /root/ros2_ws/src/install/vehicle_simulator/share/vehicle_simulator/log/readme.txt
[0.831s] -- Up-to-date: /root/ros2_ws/src/install/vehicle_simulator/share/ament_index/resource_index/package_run_dependencies/vehicle_simulator
[0.831s] -- Up-to-date: /root/ros2_ws/src/install/vehicle_simulator/share/ament_index/resource_index/parent_prefix_path/vehicle_simulator
[0.831s] -- Up-to-date: /root/ros2_ws/src/install/vehicle_simulator/share/vehicle_simulator/environment/ament_prefix_path.sh
[0.831s] -- Installing: /root/ros2_ws/src/install/vehicle_simulator/share/vehicle_simulator/environment/ament_prefix_path.dsv
[0.831s] -- Up-to-date: /root/ros2_ws/src/install/vehicle_simulator/share/vehicle_simulator/environment/path.sh
[0.831s] -- Installing: /root/ros2_ws/src/install/vehicle_simulator/share/vehicle_simulator/environment/path.dsv
[0.831s] -- Up-to-date: /root/ros2_ws/src/install/vehicle_simulator/share/vehicle_simulator/local_setup.bash
[0.831s] -- Up-to-date: /root/ros2_ws/src/install/vehicle_simulator/share/vehicle_simulator/local_setup.sh
[0.831s] -- Up-to-date: /root/ros2_ws/src/install/vehicle_simulator/share/vehicle_simulator/local_setup.zsh
[0.832s] -- Installing: /root/ros2_ws/src/install/vehicle_simulator/share/vehicle_simulator/local_setup.dsv
[0.832s] -- Installing: /root/ros2_ws/src/install/vehicle_simulator/share/vehicle_simulator/package.dsv
[0.832s] -- Up-to-date: /root/ros2_ws/src/install/vehicle_simulator/share/ament_index/resource_index/packages/vehicle_simulator
[0.832s] -- Up-to-date: /root/ros2_ws/src/install/vehicle_simulator/share/vehicle_simulator/cmake/vehicle_simulatorConfig.cmake
[0.832s] -- Up-to-date: /root/ros2_ws/src/install/vehicle_simulator/share/vehicle_simulator/cmake/vehicle_simulatorConfig-version.cmake
[0.832s] -- Up-to-date: /root/ros2_ws/src/install/vehicle_simulator/share/vehicle_simulator/package.xml
[0.832s] Invoked command in '/root/ros2_ws/src/build/vehicle_simulator' returned '0': AMENT_PREFIX_PATH=/root/ros2_ws/src/install/ros_tcp_endpoint:${AMENT_PREFIX_PATH} CMAKE_PREFIX_PATH=/opt/ros/humble PYTHONPATH=/root/ros2_ws/src/install/ros_tcp_endpoint/lib/python3.10/site-packages:${PYTHONPATH} /usr/bin/cmake --install /root/ros2_ws/src/build/vehicle_simulator
