[0.035s] Invoking command in '/root/ros2_ws/src/build/unitree_api': CMAKE_PREFIX_PATH=/opt/ros/humble /usr/bin/cmake /root/ros2_ws/src/utilities/unitree_pkgs/unitree_api -DCMAKE_BUILD_TYPE=Release -DAMENT_CMAKE_SYMLINK_INSTALL=1 -DCMAKE_INSTALL_PREFIX=/root/ros2_ws/src/install/unitree_api
[0.468s] -- The C compiler identification is GNU 11.4.0
[0.468s] -- The CXX compiler identification is GNU 11.4.0
[0.468s] -- Detecting C compiler ABI info
[0.468s] -- Detecting C compiler ABI info - done
[0.468s] -- Check for working C compiler: /usr/bin/cc - skipped
[0.468s] -- Detecting C compile features
[0.468s] -- Detecting C compile features - done
[0.468s] -- Detecting CXX compiler ABI info
[0.468s] -- Detecting CXX compiler ABI info - done
[0.468s] -- Check for working CXX compiler: /usr/bin/c++ - skipped
[0.468s] -- Detecting CXX compile features
[0.469s] -- Detecting CXX compile features - done
[0.469s] -- Found ament_cmake: 1.3.12 (/opt/ros/humble/share/ament_cmake/cmake)
[0.469s] -- Found Python3: /usr/bin/python3 (found version "3.10.12") found components: Interpreter 
[0.469s] -- Override CMake install command with custom implementation using symlinks instead of copying resources
[0.493s] -- Found geometry_msgs: 4.9.0 (/opt/ros/humble/share/geometry_msgs/cmake)
[0.585s] -- Found rosidl_generator_c: 3.1.8 (/opt/ros/humble/share/rosidl_generator_c/cmake)
[0.599s] -- Found rosidl_adapter: 3.1.8 (/opt/ros/humble/share/rosidl_adapter/cmake)
[0.613s] -- Found rosidl_generator_cpp: 3.1.8 (/opt/ros/humble/share/rosidl_generator_cpp/cmake)
[0.636s] -- Using all available rosidl_typesupport_c: rosidl_typesupport_fastrtps_c;rosidl_typesupport_introspection_c
[0.668s] -- Using all available rosidl_typesupport_cpp: rosidl_typesupport_fastrtps_cpp;rosidl_typesupport_introspection_cpp
[0.748s] -- Found rosidl_default_generators: 1.2.0 (/opt/ros/humble/share/rosidl_default_generators/cmake)
[0.792s] -- Found rosidl_generator_dds_idl: 0.8.1 (/opt/ros/humble/share/rosidl_generator_dds_idl/cmake)
[1.162s] -- Found ament_cmake_ros: 0.10.0 (/opt/ros/humble/share/ament_cmake_ros/cmake)
[1.578s] -- Using all available rosidl_typesupport_c: rosidl_typesupport_fastrtps_c;rosidl_typesupport_introspection_c
[1.753s] -- Using all available rosidl_typesupport_cpp: rosidl_typesupport_fastrtps_cpp;rosidl_typesupport_introspection_cpp
[1.784s] -- Found PythonInterp: /usr/bin/python3 (found suitable version "3.10.12", minimum required is "3.6") 
[1.784s] -- Found python_cmake_module: 0.10.0 (/opt/ros/humble/share/python_cmake_module/cmake)
[1.814s] -- Found PythonLibs: /usr/lib/x86_64-linux-gnu/libpython3.10.so (found suitable version "3.10.12", minimum required is "3.5") 
[1.814s] -- Using PYTHON_EXECUTABLE: /usr/bin/python3
[1.814s] -- Using PYTHON_INCLUDE_DIRS: /usr/include/python3.10
[1.814s] -- Using PYTHON_LIBRARIES: /usr/lib/x86_64-linux-gnu/libpython3.10.so
[1.849s] -- Found PythonExtra: .so  
[2.139s] -- Using numpy include directory: /usr/local/lib/python3.10/dist-packages/numpy/core/include
[2.190s] -- Found ament_lint_auto: 0.12.14 (/opt/ros/humble/share/ament_lint_auto/cmake)
[2.306s] -- Added test 'copyright' to check source files copyright and LICENSE
[2.308s] -- Added test 'lint_cmake' to check CMake code style
[2.309s] -- Added test 'xmllint' to check XML markup files
[2.315s] -- Configuring done
[2.399s] -- Generating done
[2.412s] -- Build files have been written to: /root/ros2_ws/src/build/unitree_api
[2.452s] Invoked command in '/root/ros2_ws/src/build/unitree_api' returned '0': CMAKE_PREFIX_PATH=/opt/ros/humble /usr/bin/cmake /root/ros2_ws/src/utilities/unitree_pkgs/unitree_api -DCMAKE_BUILD_TYPE=Release -DAMENT_CMAKE_SYMLINK_INSTALL=1 -DCMAKE_INSTALL_PREFIX=/root/ros2_ws/src/install/unitree_api
[2.464s] Invoking command in '/root/ros2_ws/src/build/unitree_api': CMAKE_PREFIX_PATH=/opt/ros/humble /usr/bin/cmake --build /root/ros2_ws/src/build/unitree_api -- -j24 -l24
[2.551s] [  1%] [34m[1mGenerating C code for ROS interfaces[0m
[2.551s] [  2%] [34m[1mGenerating DDS interfaces[0m
[2.552s] [  3%] [34m[1mGenerating C++ code for ROS interfaces[0m
[2.552s] [  3%] Built target ament_cmake_python_symlink_unitree_api
[2.873s] [  3%] Built target unitree_api__dds_connext_idl
[3.029s] /usr/local/lib/python3.10/dist-packages/setuptools_scm/_integration/setuptools.py:24: RuntimeWarning: 
[3.029s] ERROR: setuptools==59.6.0 is used in combination with setuptools-scm>=8.x
[3.029s] 
[3.029s] Your build configuration is incomplete and previously worked by accident!
[3.030s] setuptools-scm requires setuptools>=61 (recommended: >=80)
[3.030s] 
[3.034s] Suggested workaround if applicable:
[3.035s]  - migrating from the deprecated setup_requires mechanism to pep517/518
[3.035s]    and using a pyproject.toml to declare build dependencies
[3.035s]    which are reliably pre-installed before running the build tools
[3.035s] 
[3.035s]   warnings.warn(
[3.035s] running egg_info
[3.035s] creating unitree_api.egg-info
[3.035s] writing unitree_api.egg-info/PKG-INFO
[3.035s] writing dependency_links to unitree_api.egg-info/dependency_links.txt
[3.035s] writing top-level names to unitree_api.egg-info/top_level.txt
[3.035s] writing manifest file 'unitree_api.egg-info/SOURCES.txt'
[3.080s] listing git files failed - pretending there aren't any
[3.284s] reading manifest file 'unitree_api.egg-info/SOURCES.txt'
[3.284s] writing manifest file 'unitree_api.egg-info/SOURCES.txt'
[3.293s] [  4%] [32mBuilding C object CMakeFiles/unitree_api__rosidl_generator_c.dir/rosidl_generator_c/unitree_api/msg/detail/request__functions.c.o[0m
[3.300s] [  5%] [32mBuilding C object CMakeFiles/unitree_api__rosidl_generator_c.dir/rosidl_generator_c/unitree_api/msg/detail/request_identity__functions.c.o[0m
[3.307s] [  6%] [32mBuilding C object CMakeFiles/unitree_api__rosidl_generator_c.dir/rosidl_generator_c/unitree_api/msg/detail/request_header__functions.c.o[0m
[3.307s] [  7%] [32mBuilding C object CMakeFiles/unitree_api__rosidl_generator_c.dir/rosidl_generator_c/unitree_api/msg/detail/response__functions.c.o[0m
[3.307s] [  9%] [32mBuilding C object CMakeFiles/unitree_api__rosidl_generator_c.dir/rosidl_generator_c/unitree_api/msg/detail/request_lease__functions.c.o[0m
[3.308s] [ 10%] [32mBuilding C object CMakeFiles/unitree_api__rosidl_generator_c.dir/rosidl_generator_c/unitree_api/msg/detail/request_policy__functions.c.o[0m
[3.309s] [ 11%] [32mBuilding C object CMakeFiles/unitree_api__rosidl_generator_c.dir/rosidl_generator_c/unitree_api/msg/detail/response_status__functions.c.o[0m
[3.328s] [ 12%] [32mBuilding C object CMakeFiles/unitree_api__rosidl_generator_c.dir/rosidl_generator_c/unitree_api/msg/detail/response_header__functions.c.o[0m
[3.396s] [ 12%] Built target ament_cmake_python_build_unitree_api_egg
[3.643s] [ 12%] Built target unitree_api__cpp
[3.654s] [ 13%] [32m[1mLinking C shared library libunitree_api__rosidl_generator_c.so[0m
[3.673s] [ 14%] [34m[1mGenerating C++ introspection for ROS interfaces[0m
[3.675s] [ 15%] [34m[1mGenerating C++ type support for eProsima Fast-RTPS[0m
[3.687s] [ 17%] [34m[1mGenerating C++ type support dispatch for ROS interfaces[0m
[3.825s] [ 17%] Built target unitree_api__rosidl_generator_c
[3.849s] [ 18%] [34m[1mGenerating C type support for eProsima Fast-RTPS[0m
[3.863s] [ 19%] [34m[1mGenerating C introspection for ROS interfaces[0m
[3.910s] [ 20%] [34m[1mGenerating C type support dispatch for ROS interfaces[0m
[4.536s] [ 21%] [32mBuilding CXX object CMakeFiles/unitree_api__rosidl_typesupport_introspection_cpp.dir/rosidl_typesupport_introspection_cpp/unitree_api/msg/detail/request_header__type_support.cpp.o[0m
[4.538s] [ 22%] [32mBuilding CXX object CMakeFiles/unitree_api__rosidl_typesupport_introspection_cpp.dir/rosidl_typesupport_introspection_cpp/unitree_api/msg/detail/request__type_support.cpp.o[0m
[4.552s] [ 23%] [32mBuilding CXX object CMakeFiles/unitree_api__rosidl_typesupport_introspection_cpp.dir/rosidl_typesupport_introspection_cpp/unitree_api/msg/detail/request_lease__type_support.cpp.o[0m
[4.557s] [ 25%] [32mBuilding CXX object CMakeFiles/unitree_api__rosidl_typesupport_introspection_cpp.dir/rosidl_typesupport_introspection_cpp/unitree_api/msg/detail/response__type_support.cpp.o[0m
[4.557s] [ 26%] [32mBuilding CXX object CMakeFiles/unitree_api__rosidl_typesupport_introspection_cpp.dir/rosidl_typesupport_introspection_cpp/unitree_api/msg/detail/request_policy__type_support.cpp.o[0m
[4.567s] [ 27%] [32mBuilding CXX object CMakeFiles/unitree_api__rosidl_typesupport_introspection_cpp.dir/rosidl_typesupport_introspection_cpp/unitree_api/msg/detail/request_identity__type_support.cpp.o[0m
[4.580s] [ 28%] [32mBuilding CXX object CMakeFiles/unitree_api__rosidl_typesupport_introspection_cpp.dir/rosidl_typesupport_introspection_cpp/unitree_api/msg/detail/response_header__type_support.cpp.o[0m
[4.610s] [ 29%] [32mBuilding CXX object CMakeFiles/unitree_api__rosidl_typesupport_introspection_cpp.dir/rosidl_typesupport_introspection_cpp/unitree_api/msg/detail/response_status__type_support.cpp.o[0m
[4.731s] [ 30%] [32mBuilding C object CMakeFiles/unitree_api__rosidl_typesupport_introspection_c.dir/rosidl_typesupport_introspection_c/unitree_api/msg/detail/request__type_support.c.o[0m
[4.735s] [ 31%] [32mBuilding C object CMakeFiles/unitree_api__rosidl_typesupport_introspection_c.dir/rosidl_typesupport_introspection_c/unitree_api/msg/detail/request_header__type_support.c.o[0m
[4.737s] [ 32%] [32mBuilding C object CMakeFiles/unitree_api__rosidl_typesupport_introspection_c.dir/rosidl_typesupport_introspection_c/unitree_api/msg/detail/request_policy__type_support.c.o[0m
[4.746s] [ 35%] [32mBuilding C object CMakeFiles/unitree_api__rosidl_typesupport_introspection_c.dir/rosidl_typesupport_introspection_c/unitree_api/msg/detail/response_header__type_support.c.o[0m
[4.746s] [ 34%] [32mBuilding C object CMakeFiles/unitree_api__rosidl_typesupport_introspection_c.dir/rosidl_typesupport_introspection_c/unitree_api/msg/detail/request_lease__type_support.c.o[0m
[4.747s] [ 38%] [32mBuilding C object CMakeFiles/unitree_api__rosidl_typesupport_introspection_c.dir/rosidl_typesupport_introspection_c/unitree_api/msg/detail/response__type_support.c.o[0m
[4.749s] [ 36%] [32mBuilding C object CMakeFiles/unitree_api__rosidl_typesupport_introspection_c.dir/rosidl_typesupport_introspection_c/unitree_api/msg/detail/response_status__type_support.c.o[0m
[4.749s] [ 37%] [32mBuilding C object CMakeFiles/unitree_api__rosidl_typesupport_introspection_c.dir/rosidl_typesupport_introspection_c/unitree_api/msg/detail/request_identity__type_support.c.o[0m
[4.940s] [ 39%] [32m[1mLinking C shared library libunitree_api__rosidl_typesupport_introspection_c.so[0m
[4.986s] [ 40%] [32mBuilding CXX object CMakeFiles/unitree_api__rosidl_typesupport_cpp.dir/rosidl_typesupport_cpp/unitree_api/msg/request_header__type_support.cpp.o[0m
[4.999s] [ 42%] [32mBuilding CXX object CMakeFiles/unitree_api__rosidl_typesupport_cpp.dir/rosidl_typesupport_cpp/unitree_api/msg/request__type_support.cpp.o[0m
[5.005s] [ 44%] [32mBuilding CXX object CMakeFiles/unitree_api__rosidl_typesupport_c.dir/rosidl_typesupport_c/unitree_api/msg/request_header__type_support.cpp.o[0m
[5.005s] [ 43%] [32mBuilding CXX object CMakeFiles/unitree_api__rosidl_typesupport_c.dir/rosidl_typesupport_c/unitree_api/msg/request__type_support.cpp.o[0m
[5.009s] [ 45%] [32mBuilding CXX object CMakeFiles/unitree_api__rosidl_typesupport_c.dir/rosidl_typesupport_c/unitree_api/msg/request_identity__type_support.cpp.o[0m
[5.011s] [ 46%] [32mBuilding CXX object CMakeFiles/unitree_api__rosidl_typesupport_c.dir/rosidl_typesupport_c/unitree_api/msg/request_policy__type_support.cpp.o[0m
[5.027s] [ 47%] [32mBuilding CXX object CMakeFiles/unitree_api__rosidl_typesupport_c.dir/rosidl_typesupport_c/unitree_api/msg/request_lease__type_support.cpp.o[0m
[5.027s] [ 52%] [32mBuilding CXX object CMakeFiles/unitree_api__rosidl_typesupport_c.dir/rosidl_typesupport_c/unitree_api/msg/response_header__type_support.cpp.o[0m
[5.030s] [ 48%] [32mBuilding CXX object CMakeFiles/unitree_api__rosidl_typesupport_cpp.dir/rosidl_typesupport_cpp/unitree_api/msg/request_identity__type_support.cpp.o[0m
[5.030s] [ 50%] [32mBuilding CXX object CMakeFiles/unitree_api__rosidl_typesupport_cpp.dir/rosidl_typesupport_cpp/unitree_api/msg/request_lease__type_support.cpp.o[0m
[5.034s] [ 51%] [32mBuilding CXX object CMakeFiles/unitree_api__rosidl_typesupport_c.dir/rosidl_typesupport_c/unitree_api/msg/response__type_support.cpp.o[0m
[5.050s] [ 53%] [32mBuilding CXX object CMakeFiles/unitree_api__rosidl_typesupport_cpp.dir/rosidl_typesupport_cpp/unitree_api/msg/response__type_support.cpp.o[0m
[5.051s] [ 54%] [32mBuilding CXX object CMakeFiles/unitree_api__rosidl_typesupport_cpp.dir/rosidl_typesupport_cpp/unitree_api/msg/request_policy__type_support.cpp.o[0m
[5.084s] [ 54%] Built target unitree_api__rosidl_typesupport_introspection_c
[5.119s] [ 55%] [32mBuilding CXX object CMakeFiles/unitree_api__rosidl_typesupport_fastrtps_cpp.dir/rosidl_typesupport_fastrtps_cpp/unitree_api/msg/detail/dds_fastrtps/request__type_support.cpp.o[0m
[5.126s] [ 56%] [32mBuilding CXX object CMakeFiles/unitree_api__rosidl_typesupport_cpp.dir/rosidl_typesupport_cpp/unitree_api/msg/response_header__type_support.cpp.o[0m
[5.132s] [ 57%] [32mBuilding CXX object CMakeFiles/unitree_api__rosidl_typesupport_c.dir/rosidl_typesupport_c/unitree_api/msg/response_status__type_support.cpp.o[0m
[5.143s] [ 59%] [32mBuilding CXX object CMakeFiles/unitree_api__rosidl_typesupport_fastrtps_cpp.dir/rosidl_typesupport_fastrtps_cpp/unitree_api/msg/detail/dds_fastrtps/request_header__type_support.cpp.o[0m
[5.165s] [ 60%] [32mBuilding CXX object CMakeFiles/unitree_api__rosidl_typesupport_cpp.dir/rosidl_typesupport_cpp/unitree_api/msg/response_status__type_support.cpp.o[0m
[5.179s] [ 61%] [32mBuilding CXX object CMakeFiles/unitree_api__rosidl_typesupport_fastrtps_cpp.dir/rosidl_typesupport_fastrtps_cpp/unitree_api/msg/detail/dds_fastrtps/request_identity__type_support.cpp.o[0m
[5.210s] [ 62%] [32mBuilding CXX object CMakeFiles/unitree_api__rosidl_typesupport_fastrtps_cpp.dir/rosidl_typesupport_fastrtps_cpp/unitree_api/msg/detail/dds_fastrtps/response__type_support.cpp.o[0m
[5.214s] [ 63%] [32mBuilding CXX object CMakeFiles/unitree_api__rosidl_typesupport_fastrtps_cpp.dir/rosidl_typesupport_fastrtps_cpp/unitree_api/msg/detail/dds_fastrtps/request_lease__type_support.cpp.o[0m
[5.220s] [ 64%] [32mBuilding CXX object CMakeFiles/unitree_api__rosidl_typesupport_fastrtps_cpp.dir/rosidl_typesupport_fastrtps_cpp/unitree_api/msg/detail/dds_fastrtps/request_policy__type_support.cpp.o[0m
[5.276s] [ 65%] [32m[1mLinking CXX shared library libunitree_api__rosidl_typesupport_c.so[0m
[5.482s] [ 65%] Built target unitree_api__rosidl_typesupport_c
[5.546s] [ 67%] [32mBuilding CXX object CMakeFiles/unitree_api__rosidl_typesupport_fastrtps_cpp.dir/rosidl_typesupport_fastrtps_cpp/unitree_api/msg/detail/dds_fastrtps/response_header__type_support.cpp.o[0m
[5.615s] [ 68%] [32mBuilding CXX object CMakeFiles/unitree_api__rosidl_typesupport_fastrtps_cpp.dir/rosidl_typesupport_fastrtps_cpp/unitree_api/msg/detail/dds_fastrtps/response_status__type_support.cpp.o[0m
[5.667s] [ 69%] [32mBuilding CXX object CMakeFiles/unitree_api__rosidl_typesupport_fastrtps_c.dir/rosidl_typesupport_fastrtps_c/unitree_api/msg/detail/request__type_support_c.cpp.o[0m
[5.708s] [ 70%] [32mBuilding CXX object CMakeFiles/unitree_api__rosidl_typesupport_fastrtps_c.dir/rosidl_typesupport_fastrtps_c/unitree_api/msg/detail/request_header__type_support_c.cpp.o[0m
[5.713s] [ 71%] [32mBuilding CXX object CMakeFiles/unitree_api__rosidl_typesupport_fastrtps_c.dir/rosidl_typesupport_fastrtps_c/unitree_api/msg/detail/request_identity__type_support_c.cpp.o[0m
[5.788s] [ 72%] [32mBuilding CXX object CMakeFiles/unitree_api__rosidl_typesupport_fastrtps_c.dir/rosidl_typesupport_fastrtps_c/unitree_api/msg/detail/request_lease__type_support_c.cpp.o[0m
[5.841s] [ 73%] [32mBuilding CXX object CMakeFiles/unitree_api__rosidl_typesupport_fastrtps_c.dir/rosidl_typesupport_fastrtps_c/unitree_api/msg/detail/request_policy__type_support_c.cpp.o[0m
[5.870s] [ 75%] [32mBuilding CXX object CMakeFiles/unitree_api__rosidl_typesupport_fastrtps_c.dir/rosidl_typesupport_fastrtps_c/unitree_api/msg/detail/response__type_support_c.cpp.o[0m
[5.919s] [ 76%] [32mBuilding CXX object CMakeFiles/unitree_api__rosidl_typesupport_fastrtps_c.dir/rosidl_typesupport_fastrtps_c/unitree_api/msg/detail/response_header__type_support_c.cpp.o[0m
[5.993s] [ 77%] [32mBuilding CXX object CMakeFiles/unitree_api__rosidl_typesupport_fastrtps_c.dir/rosidl_typesupport_fastrtps_c/unitree_api/msg/detail/response_status__type_support_c.cpp.o[0m
[6.718s] [ 78%] [32m[1mLinking CXX shared library libunitree_api__rosidl_typesupport_cpp.so[0m
[6.733s] [ 79%] [32m[1mLinking CXX shared library libunitree_api__rosidl_typesupport_introspection_cpp.so[0m
[6.953s] [ 79%] Built target unitree_api__rosidl_typesupport_cpp
[7.054s] [ 79%] Built target unitree_api__rosidl_typesupport_introspection_cpp
[7.795s] [ 80%] [32m[1mLinking CXX shared library libunitree_api__rosidl_typesupport_fastrtps_cpp.so[0m
[8.151s] [ 80%] Built target unitree_api__rosidl_typesupport_fastrtps_cpp
[8.231s] [ 81%] [32m[1mLinking CXX shared library libunitree_api__rosidl_typesupport_fastrtps_c.so[0m
[8.555s] [ 81%] Built target unitree_api__rosidl_typesupport_fastrtps_c
[8.621s] [ 81%] Built target unitree_api
[8.686s] [ 82%] [34m[1mGenerating Python code for ROS interfaces[0m
[10.612s] [ 82%] Built target unitree_api__py
[10.692s] [ 84%] [32mBuilding C object CMakeFiles/unitree_api__rosidl_generator_py.dir/rosidl_generator_py/unitree_api/msg/_request_policy_s.c.o[0m
[10.700s] [ 87%] [32mBuilding C object CMakeFiles/unitree_api__rosidl_generator_py.dir/rosidl_generator_py/unitree_api/msg/_request_header_s.c.o[0m
[10.700s] [ 85%] [32mBuilding C object CMakeFiles/unitree_api__rosidl_generator_py.dir/rosidl_generator_py/unitree_api/msg/_request_identity_s.c.o[0m
[10.707s] [ 89%] [32mBuilding C object CMakeFiles/unitree_api__rosidl_generator_py.dir/rosidl_generator_py/unitree_api/msg/_response_header_s.c.o[0m
[10.707s] [ 86%] [32mBuilding C object CMakeFiles/unitree_api__rosidl_generator_py.dir/rosidl_generator_py/unitree_api/msg/_request_s.c.o[0m
[10.714s] [ 90%] [32mBuilding C object CMakeFiles/unitree_api__rosidl_generator_py.dir/rosidl_generator_py/unitree_api/msg/_request_lease_s.c.o[0m
[10.714s] [ 88%] [32mBuilding C object CMakeFiles/unitree_api__rosidl_generator_py.dir/rosidl_generator_py/unitree_api/msg/_response_s.c.o[0m
[10.719s] [ 92%] [32mBuilding C object CMakeFiles/unitree_api__rosidl_generator_py.dir/rosidl_generator_py/unitree_api/msg/_response_status_s.c.o[0m
[11.377s] [ 93%] [32m[1mLinking C shared library rosidl_generator_py/unitree_api/libunitree_api__rosidl_generator_py.so[0m
[11.572s] [ 93%] Built target unitree_api__rosidl_generator_py
[11.669s] [ 94%] [32mBuilding C object CMakeFiles/unitree_api__rosidl_typesupport_c__pyext.dir/rosidl_generator_py/unitree_api/_unitree_api_s.ep.rosidl_typesupport_c.c.o[0m
[11.679s] [ 95%] [32mBuilding C object CMakeFiles/unitree_api__rosidl_typesupport_fastrtps_c__pyext.dir/rosidl_generator_py/unitree_api/_unitree_api_s.ep.rosidl_typesupport_fastrtps_c.c.o[0m
[11.700s] [ 96%] [32mBuilding C object CMakeFiles/unitree_api__rosidl_typesupport_introspection_c__pyext.dir/rosidl_generator_py/unitree_api/_unitree_api_s.ep.rosidl_typesupport_introspection_c.c.o[0m
[12.326s] [ 97%] [32m[1mLinking C shared library rosidl_generator_py/unitree_api/unitree_api_s__rosidl_typesupport_fastrtps_c.cpython-310-x86_64-linux-gnu.so[0m
[12.409s] [ 98%] [32m[1mLinking C shared library rosidl_generator_py/unitree_api/unitree_api_s__rosidl_typesupport_introspection_c.cpython-310-x86_64-linux-gnu.so[0m
[12.550s] [ 98%] Built target unitree_api__rosidl_typesupport_introspection_c__pyext
[12.565s] [ 98%] Built target unitree_api__rosidl_typesupport_fastrtps_c__pyext
[12.617s] [100%] [32m[1mLinking C shared library rosidl_generator_py/unitree_api/unitree_api_s__rosidl_typesupport_c.cpython-310-x86_64-linux-gnu.so[0m
[12.801s] [100%] Built target unitree_api__rosidl_typesupport_c__pyext
[12.887s] Invoked command in '/root/ros2_ws/src/build/unitree_api' returned '0': CMAKE_PREFIX_PATH=/opt/ros/humble /usr/bin/cmake --build /root/ros2_ws/src/build/unitree_api -- -j24 -l24
[12.888s] Invoking command in '/root/ros2_ws/src/build/unitree_api': CMAKE_PREFIX_PATH=/opt/ros/humble /usr/bin/cmake --install /root/ros2_ws/src/build/unitree_api
[15.596s] -- Install configuration: "Release"
[15.596s] -- Execute custom install script
[15.596s] -- Symlinking: /root/ros2_ws/src/install/unitree_api/share/ament_index/resource_index/rosidl_interfaces/unitree_api
[15.596s] -- Symlinking: /root/ros2_ws/src/install/unitree_api/include/unitree_api/unitree_api/msg/detail/request__functions.h
[15.596s] -- Symlinking: /root/ros2_ws/src/install/unitree_api/include/unitree_api/unitree_api/msg/detail/request__struct.h
[15.596s] -- Symlinking: /root/ros2_ws/src/install/unitree_api/include/unitree_api/unitree_api/msg/detail/request__type_support.h
[15.596s] -- Symlinking: /root/ros2_ws/src/install/unitree_api/include/unitree_api/unitree_api/msg/detail/request_header__functions.h
[15.596s] -- Symlinking: /root/ros2_ws/src/install/unitree_api/include/unitree_api/unitree_api/msg/detail/request_header__struct.h
[15.596s] -- Symlinking: /root/ros2_ws/src/install/unitree_api/include/unitree_api/unitree_api/msg/detail/request_header__type_support.h
[15.596s] -- Symlinking: /root/ros2_ws/src/install/unitree_api/include/unitree_api/unitree_api/msg/detail/request_identity__functions.h
[15.596s] -- Symlinking: /root/ros2_ws/src/install/unitree_api/include/unitree_api/unitree_api/msg/detail/request_identity__struct.h
[15.596s] -- Symlinking: /root/ros2_ws/src/install/unitree_api/include/unitree_api/unitree_api/msg/detail/request_identity__type_support.h
[15.597s] -- Symlinking: /root/ros2_ws/src/install/unitree_api/include/unitree_api/unitree_api/msg/detail/request_lease__functions.h
[15.597s] -- Symlinking: /root/ros2_ws/src/install/unitree_api/include/unitree_api/unitree_api/msg/detail/request_lease__struct.h
[15.597s] -- Symlinking: /root/ros2_ws/src/install/unitree_api/include/unitree_api/unitree_api/msg/detail/request_lease__type_support.h
[15.597s] -- Symlinking: /root/ros2_ws/src/install/unitree_api/include/unitree_api/unitree_api/msg/detail/request_policy__functions.h
[15.597s] -- Symlinking: /root/ros2_ws/src/install/unitree_api/include/unitree_api/unitree_api/msg/detail/request_policy__struct.h
[15.597s] -- Symlinking: /root/ros2_ws/src/install/unitree_api/include/unitree_api/unitree_api/msg/detail/request_policy__type_support.h
[15.597s] -- Symlinking: /root/ros2_ws/src/install/unitree_api/include/unitree_api/unitree_api/msg/detail/response__functions.h
[15.597s] -- Symlinking: /root/ros2_ws/src/install/unitree_api/include/unitree_api/unitree_api/msg/detail/response__struct.h
[15.597s] -- Symlinking: /root/ros2_ws/src/install/unitree_api/include/unitree_api/unitree_api/msg/detail/response__type_support.h
[15.597s] -- Symlinking: /root/ros2_ws/src/install/unitree_api/include/unitree_api/unitree_api/msg/detail/response_header__functions.h
[15.597s] -- Symlinking: /root/ros2_ws/src/install/unitree_api/include/unitree_api/unitree_api/msg/detail/response_header__struct.h
[15.597s] -- Symlinking: /root/ros2_ws/src/install/unitree_api/include/unitree_api/unitree_api/msg/detail/response_header__type_support.h
[15.597s] -- Symlinking: /root/ros2_ws/src/install/unitree_api/include/unitree_api/unitree_api/msg/detail/response_status__functions.h
[15.597s] -- Symlinking: /root/ros2_ws/src/install/unitree_api/include/unitree_api/unitree_api/msg/detail/response_status__struct.h
[15.597s] -- Symlinking: /root/ros2_ws/src/install/unitree_api/include/unitree_api/unitree_api/msg/detail/response_status__type_support.h
[15.597s] -- Symlinking: /root/ros2_ws/src/install/unitree_api/include/unitree_api/unitree_api/msg/request.h
[15.597s] -- Symlinking: /root/ros2_ws/src/install/unitree_api/include/unitree_api/unitree_api/msg/request_header.h
[15.597s] -- Symlinking: /root/ros2_ws/src/install/unitree_api/include/unitree_api/unitree_api/msg/request_identity.h
[15.597s] -- Symlinking: /root/ros2_ws/src/install/unitree_api/include/unitree_api/unitree_api/msg/request_lease.h
[15.597s] -- Symlinking: /root/ros2_ws/src/install/unitree_api/include/unitree_api/unitree_api/msg/request_policy.h
[15.598s] -- Symlinking: /root/ros2_ws/src/install/unitree_api/include/unitree_api/unitree_api/msg/response.h
[15.598s] -- Symlinking: /root/ros2_ws/src/install/unitree_api/include/unitree_api/unitree_api/msg/response_header.h
[15.598s] -- Symlinking: /root/ros2_ws/src/install/unitree_api/include/unitree_api/unitree_api/msg/response_status.h
[15.598s] -- Symlinking: /root/ros2_ws/src/install/unitree_api/include/unitree_api/unitree_api/msg/rosidl_generator_c__visibility_control.h
[15.598s] -- Symlinking: /root/ros2_ws/src/install/unitree_api/share/unitree_api/environment/library_path.sh
[15.598s] -- Symlinking: /root/ros2_ws/src/install/unitree_api/share/unitree_api/environment/library_path.dsv
[15.598s] -- Symlinking: /root/ros2_ws/src/install/unitree_api/include/unitree_api/unitree_api/msg/detail/request__rosidl_typesupport_fastrtps_c.h
[15.598s] -- Symlinking: /root/ros2_ws/src/install/unitree_api/include/unitree_api/unitree_api/msg/detail/request_header__rosidl_typesupport_fastrtps_c.h
[15.598s] -- Symlinking: /root/ros2_ws/src/install/unitree_api/include/unitree_api/unitree_api/msg/detail/request_identity__rosidl_typesupport_fastrtps_c.h
[15.598s] -- Symlinking: /root/ros2_ws/src/install/unitree_api/include/unitree_api/unitree_api/msg/detail/request_lease__rosidl_typesupport_fastrtps_c.h
[15.598s] -- Symlinking: /root/ros2_ws/src/install/unitree_api/include/unitree_api/unitree_api/msg/detail/request_policy__rosidl_typesupport_fastrtps_c.h
[15.598s] -- Symlinking: /root/ros2_ws/src/install/unitree_api/include/unitree_api/unitree_api/msg/detail/response__rosidl_typesupport_fastrtps_c.h
[15.598s] -- Symlinking: /root/ros2_ws/src/install/unitree_api/include/unitree_api/unitree_api/msg/detail/response_header__rosidl_typesupport_fastrtps_c.h
[15.598s] -- Symlinking: /root/ros2_ws/src/install/unitree_api/include/unitree_api/unitree_api/msg/detail/response_status__rosidl_typesupport_fastrtps_c.h
[15.599s] -- Symlinking: /root/ros2_ws/src/install/unitree_api/include/unitree_api/unitree_api/msg/rosidl_typesupport_fastrtps_c__visibility_control.h
[15.599s] -- Symlinking: /root/ros2_ws/src/install/unitree_api/include/unitree_api/unitree_api/msg/detail/request__builder.hpp
[15.599s] -- Symlinking: /root/ros2_ws/src/install/unitree_api/include/unitree_api/unitree_api/msg/detail/request__struct.hpp
[15.599s] -- Symlinking: /root/ros2_ws/src/install/unitree_api/include/unitree_api/unitree_api/msg/detail/request__traits.hpp
[15.599s] -- Symlinking: /root/ros2_ws/src/install/unitree_api/include/unitree_api/unitree_api/msg/detail/request__type_support.hpp
[15.599s] -- Symlinking: /root/ros2_ws/src/install/unitree_api/include/unitree_api/unitree_api/msg/detail/request_header__builder.hpp
[15.599s] -- Symlinking: /root/ros2_ws/src/install/unitree_api/include/unitree_api/unitree_api/msg/detail/request_header__struct.hpp
[15.599s] -- Symlinking: /root/ros2_ws/src/install/unitree_api/include/unitree_api/unitree_api/msg/detail/request_header__traits.hpp
[15.599s] -- Symlinking: /root/ros2_ws/src/install/unitree_api/include/unitree_api/unitree_api/msg/detail/request_header__type_support.hpp
[15.599s] -- Symlinking: /root/ros2_ws/src/install/unitree_api/include/unitree_api/unitree_api/msg/detail/request_identity__builder.hpp
[15.599s] -- Symlinking: /root/ros2_ws/src/install/unitree_api/include/unitree_api/unitree_api/msg/detail/request_identity__struct.hpp
[15.599s] -- Symlinking: /root/ros2_ws/src/install/unitree_api/include/unitree_api/unitree_api/msg/detail/request_identity__traits.hpp
[15.599s] -- Symlinking: /root/ros2_ws/src/install/unitree_api/include/unitree_api/unitree_api/msg/detail/request_identity__type_support.hpp
[15.599s] -- Symlinking: /root/ros2_ws/src/install/unitree_api/include/unitree_api/unitree_api/msg/detail/request_lease__builder.hpp
[15.599s] -- Symlinking: /root/ros2_ws/src/install/unitree_api/include/unitree_api/unitree_api/msg/detail/request_lease__struct.hpp
[15.599s] -- Symlinking: /root/ros2_ws/src/install/unitree_api/include/unitree_api/unitree_api/msg/detail/request_lease__traits.hpp
[15.599s] -- Symlinking: /root/ros2_ws/src/install/unitree_api/include/unitree_api/unitree_api/msg/detail/request_lease__type_support.hpp
[15.599s] -- Symlinking: /root/ros2_ws/src/install/unitree_api/include/unitree_api/unitree_api/msg/detail/request_policy__builder.hpp
[15.599s] -- Symlinking: /root/ros2_ws/src/install/unitree_api/include/unitree_api/unitree_api/msg/detail/request_policy__struct.hpp
[15.599s] -- Symlinking: /root/ros2_ws/src/install/unitree_api/include/unitree_api/unitree_api/msg/detail/request_policy__traits.hpp
[15.600s] -- Symlinking: /root/ros2_ws/src/install/unitree_api/include/unitree_api/unitree_api/msg/detail/request_policy__type_support.hpp
[15.600s] -- Symlinking: /root/ros2_ws/src/install/unitree_api/include/unitree_api/unitree_api/msg/detail/response__builder.hpp
[15.600s] -- Symlinking: /root/ros2_ws/src/install/unitree_api/include/unitree_api/unitree_api/msg/detail/response__struct.hpp
[15.600s] -- Symlinking: /root/ros2_ws/src/install/unitree_api/include/unitree_api/unitree_api/msg/detail/response__traits.hpp
[15.600s] -- Symlinking: /root/ros2_ws/src/install/unitree_api/include/unitree_api/unitree_api/msg/detail/response__type_support.hpp
[15.600s] -- Symlinking: /root/ros2_ws/src/install/unitree_api/include/unitree_api/unitree_api/msg/detail/response_header__builder.hpp
[15.600s] -- Symlinking: /root/ros2_ws/src/install/unitree_api/include/unitree_api/unitree_api/msg/detail/response_header__struct.hpp
[15.600s] -- Symlinking: /root/ros2_ws/src/install/unitree_api/include/unitree_api/unitree_api/msg/detail/response_header__traits.hpp
[15.600s] -- Symlinking: /root/ros2_ws/src/install/unitree_api/include/unitree_api/unitree_api/msg/detail/response_header__type_support.hpp
[15.600s] -- Symlinking: /root/ros2_ws/src/install/unitree_api/include/unitree_api/unitree_api/msg/detail/response_status__builder.hpp
[15.600s] -- Symlinking: /root/ros2_ws/src/install/unitree_api/include/unitree_api/unitree_api/msg/detail/response_status__struct.hpp
[15.600s] -- Symlinking: /root/ros2_ws/src/install/unitree_api/include/unitree_api/unitree_api/msg/detail/response_status__traits.hpp
[15.600s] -- Symlinking: /root/ros2_ws/src/install/unitree_api/include/unitree_api/unitree_api/msg/detail/response_status__type_support.hpp
[15.600s] -- Symlinking: /root/ros2_ws/src/install/unitree_api/include/unitree_api/unitree_api/msg/request.hpp
[15.600s] -- Symlinking: /root/ros2_ws/src/install/unitree_api/include/unitree_api/unitree_api/msg/request_header.hpp
[15.600s] -- Symlinking: /root/ros2_ws/src/install/unitree_api/include/unitree_api/unitree_api/msg/request_identity.hpp
[15.600s] -- Symlinking: /root/ros2_ws/src/install/unitree_api/include/unitree_api/unitree_api/msg/request_lease.hpp
[15.600s] -- Symlinking: /root/ros2_ws/src/install/unitree_api/include/unitree_api/unitree_api/msg/request_policy.hpp
[15.600s] -- Symlinking: /root/ros2_ws/src/install/unitree_api/include/unitree_api/unitree_api/msg/response.hpp
[15.600s] -- Symlinking: /root/ros2_ws/src/install/unitree_api/include/unitree_api/unitree_api/msg/response_header.hpp
[15.600s] -- Symlinking: /root/ros2_ws/src/install/unitree_api/include/unitree_api/unitree_api/msg/response_status.hpp
[15.601s] -- Symlinking: /root/ros2_ws/src/install/unitree_api/include/unitree_api/unitree_api/msg/rosidl_generator_cpp__visibility_control.hpp
[15.601s] -- Symlinking: /root/ros2_ws/src/install/unitree_api/include/unitree_api/unitree_api/msg/detail/request__rosidl_typesupport_fastrtps_cpp.hpp
[15.601s] -- Symlinking: /root/ros2_ws/src/install/unitree_api/include/unitree_api/unitree_api/msg/detail/request_header__rosidl_typesupport_fastrtps_cpp.hpp
[15.601s] -- Symlinking: /root/ros2_ws/src/install/unitree_api/include/unitree_api/unitree_api/msg/detail/request_identity__rosidl_typesupport_fastrtps_cpp.hpp
[15.601s] -- Symlinking: /root/ros2_ws/src/install/unitree_api/include/unitree_api/unitree_api/msg/detail/request_lease__rosidl_typesupport_fastrtps_cpp.hpp
[15.601s] -- Symlinking: /root/ros2_ws/src/install/unitree_api/include/unitree_api/unitree_api/msg/detail/request_policy__rosidl_typesupport_fastrtps_cpp.hpp
[15.601s] -- Symlinking: /root/ros2_ws/src/install/unitree_api/include/unitree_api/unitree_api/msg/detail/response__rosidl_typesupport_fastrtps_cpp.hpp
[15.601s] -- Symlinking: /root/ros2_ws/src/install/unitree_api/include/unitree_api/unitree_api/msg/detail/response_header__rosidl_typesupport_fastrtps_cpp.hpp
[15.601s] -- Symlinking: /root/ros2_ws/src/install/unitree_api/include/unitree_api/unitree_api/msg/detail/response_status__rosidl_typesupport_fastrtps_cpp.hpp
[15.601s] -- Symlinking: /root/ros2_ws/src/install/unitree_api/include/unitree_api/unitree_api/msg/rosidl_typesupport_fastrtps_cpp__visibility_control.h
[15.601s] -- Symlinking: /root/ros2_ws/src/install/unitree_api/include/unitree_api/unitree_api/msg/detail/request__rosidl_typesupport_introspection_c.h
[15.601s] -- Symlinking: /root/ros2_ws/src/install/unitree_api/include/unitree_api/unitree_api/msg/detail/request_header__rosidl_typesupport_introspection_c.h
[15.601s] -- Symlinking: /root/ros2_ws/src/install/unitree_api/include/unitree_api/unitree_api/msg/detail/request_identity__rosidl_typesupport_introspection_c.h
[15.601s] -- Symlinking: /root/ros2_ws/src/install/unitree_api/include/unitree_api/unitree_api/msg/detail/request_lease__rosidl_typesupport_introspection_c.h
[15.608s] -- Symlinking: /root/ros2_ws/src/install/unitree_api/include/unitree_api/unitree_api/msg/detail/request_policy__rosidl_typesupport_introspection_c.h
[15.626s] -- Symlinking: /root/ros2_ws/src/install/unitree_api/include/unitree_api/unitree_api/msg/detail/response__rosidl_typesupport_introspection_c.h
[15.637s] -- Symlinking: /root/ros2_ws/src/install/unitree_api/include/unitree_api/unitree_api/msg/detail/response_header__rosidl_typesupport_introspection_c.h
[15.655s] -- Symlinking: /root/ros2_ws/src/install/unitree_api/include/unitree_api/unitree_api/msg/detail/response_status__rosidl_typesupport_introspection_c.h
[15.669s] -- Symlinking: /root/ros2_ws/src/install/unitree_api/include/unitree_api/unitree_api/msg/rosidl_typesupport_introspection_c__visibility_control.h
[15.686s] -- Symlinking: /root/ros2_ws/src/install/unitree_api/include/unitree_api/unitree_api/msg/detail/request__rosidl_typesupport_introspection_cpp.hpp
[15.696s] -- Symlinking: /root/ros2_ws/src/install/unitree_api/include/unitree_api/unitree_api/msg/detail/request_header__rosidl_typesupport_introspection_cpp.hpp
[15.708s] -- Symlinking: /root/ros2_ws/src/install/unitree_api/include/unitree_api/unitree_api/msg/detail/request_identity__rosidl_typesupport_introspection_cpp.hpp
[15.718s] -- Symlinking: /root/ros2_ws/src/install/unitree_api/include/unitree_api/unitree_api/msg/detail/request_lease__rosidl_typesupport_introspection_cpp.hpp
[15.726s] -- Symlinking: /root/ros2_ws/src/install/unitree_api/include/unitree_api/unitree_api/msg/detail/request_policy__rosidl_typesupport_introspection_cpp.hpp
[15.733s] -- Symlinking: /root/ros2_ws/src/install/unitree_api/include/unitree_api/unitree_api/msg/detail/response__rosidl_typesupport_introspection_cpp.hpp
[15.743s] -- Symlinking: /root/ros2_ws/src/install/unitree_api/include/unitree_api/unitree_api/msg/detail/response_header__rosidl_typesupport_introspection_cpp.hpp
[15.752s] -- Symlinking: /root/ros2_ws/src/install/unitree_api/include/unitree_api/unitree_api/msg/detail/response_status__rosidl_typesupport_introspection_cpp.hpp
[15.767s] -- Symlinking: /root/ros2_ws/src/install/unitree_api/share/unitree_api/environment/pythonpath.sh
[15.778s] -- Symlinking: /root/ros2_ws/src/install/unitree_api/share/unitree_api/environment/pythonpath.dsv
[15.794s] -- Symlinking: /root/ros2_ws/src/install/unitree_api/local/lib/python3.10/dist-packages/unitree_api-0.0.0-py3.10.egg-info/PKG-INFO
[15.808s] -- Symlinking: /root/ros2_ws/src/install/unitree_api/local/lib/python3.10/dist-packages/unitree_api-0.0.0-py3.10.egg-info/SOURCES.txt
[15.825s] -- Symlinking: /root/ros2_ws/src/install/unitree_api/local/lib/python3.10/dist-packages/unitree_api-0.0.0-py3.10.egg-info/dependency_links.txt
[15.838s] -- Symlinking: /root/ros2_ws/src/install/unitree_api/local/lib/python3.10/dist-packages/unitree_api-0.0.0-py3.10.egg-info/top_level.txt
[15.855s] -- Symlinking: /root/ros2_ws/src/install/unitree_api/local/lib/python3.10/dist-packages/unitree_api/__init__.py
[15.868s] -- Symlinking: /root/ros2_ws/src/install/unitree_api/local/lib/python3.10/dist-packages/unitree_api/_unitree_api_s.ep.rosidl_typesupport_c.c
[15.884s] -- Symlinking: /root/ros2_ws/src/install/unitree_api/local/lib/python3.10/dist-packages/unitree_api/_unitree_api_s.ep.rosidl_typesupport_fastrtps_c.c
[15.900s] -- Symlinking: /root/ros2_ws/src/install/unitree_api/local/lib/python3.10/dist-packages/unitree_api/_unitree_api_s.ep.rosidl_typesupport_introspection_c.c
[15.916s] -- Symlinking: /root/ros2_ws/src/install/unitree_api/local/lib/python3.10/dist-packages/unitree_api/libunitree_api__rosidl_generator_py.so
[15.933s] -- Symlinking: /root/ros2_ws/src/install/unitree_api/local/lib/python3.10/dist-packages/unitree_api/msg/__init__.py
[15.946s] -- Symlinking: /root/ros2_ws/src/install/unitree_api/local/lib/python3.10/dist-packages/unitree_api/msg/_request.py
[15.963s] -- Symlinking: /root/ros2_ws/src/install/unitree_api/local/lib/python3.10/dist-packages/unitree_api/msg/_request_header.py
[15.978s] -- Symlinking: /root/ros2_ws/src/install/unitree_api/local/lib/python3.10/dist-packages/unitree_api/msg/_request_header_s.c
[15.994s] -- Symlinking: /root/ros2_ws/src/install/unitree_api/local/lib/python3.10/dist-packages/unitree_api/msg/_request_identity.py
[16.009s] -- Symlinking: /root/ros2_ws/src/install/unitree_api/local/lib/python3.10/dist-packages/unitree_api/msg/_request_identity_s.c
[16.023s] -- Symlinking: /root/ros2_ws/src/install/unitree_api/local/lib/python3.10/dist-packages/unitree_api/msg/_request_lease.py
[16.037s] -- Symlinking: /root/ros2_ws/src/install/unitree_api/local/lib/python3.10/dist-packages/unitree_api/msg/_request_lease_s.c
[16.051s] -- Symlinking: /root/ros2_ws/src/install/unitree_api/local/lib/python3.10/dist-packages/unitree_api/msg/_request_policy.py
[16.065s] -- Symlinking: /root/ros2_ws/src/install/unitree_api/local/lib/python3.10/dist-packages/unitree_api/msg/_request_policy_s.c
[16.077s] -- Symlinking: /root/ros2_ws/src/install/unitree_api/local/lib/python3.10/dist-packages/unitree_api/msg/_request_s.c
[16.091s] -- Symlinking: /root/ros2_ws/src/install/unitree_api/local/lib/python3.10/dist-packages/unitree_api/msg/_response.py
[16.102s] -- Symlinking: /root/ros2_ws/src/install/unitree_api/local/lib/python3.10/dist-packages/unitree_api/msg/_response_header.py
[16.116s] -- Symlinking: /root/ros2_ws/src/install/unitree_api/local/lib/python3.10/dist-packages/unitree_api/msg/_response_header_s.c
[16.128s] -- Symlinking: /root/ros2_ws/src/install/unitree_api/local/lib/python3.10/dist-packages/unitree_api/msg/_response_s.c
[16.140s] -- Symlinking: /root/ros2_ws/src/install/unitree_api/local/lib/python3.10/dist-packages/unitree_api/msg/_response_status.py
[16.153s] -- Symlinking: /root/ros2_ws/src/install/unitree_api/local/lib/python3.10/dist-packages/unitree_api/msg/_response_status_s.c
[16.166s] -- Symlinking: /root/ros2_ws/src/install/unitree_api/local/lib/python3.10/dist-packages/unitree_api/unitree_api_s__rosidl_typesupport_c.cpython-310-x86_64-linux-gnu.so
[16.177s] -- Symlinking: /root/ros2_ws/src/install/unitree_api/local/lib/python3.10/dist-packages/unitree_api/unitree_api_s__rosidl_typesupport_fastrtps_c.cpython-310-x86_64-linux-gnu.so
[16.189s] -- Symlinking: /root/ros2_ws/src/install/unitree_api/local/lib/python3.10/dist-packages/unitree_api/unitree_api_s__rosidl_typesupport_introspection_c.cpython-310-x86_64-linux-gnu.so
[16.202s] -- Up-to-date symlink: /root/ros2_ws/src/install/unitree_api/local/lib/python3.10/dist-packages/unitree_api/unitree_api_s__rosidl_typesupport_fastrtps_c.cpython-310-x86_64-linux-gnu.so
[16.202s] -- Up-to-date symlink: /root/ros2_ws/src/install/unitree_api/local/lib/python3.10/dist-packages/unitree_api/unitree_api_s__rosidl_typesupport_introspection_c.cpython-310-x86_64-linux-gnu.so
[16.202s] -- Up-to-date symlink: /root/ros2_ws/src/install/unitree_api/local/lib/python3.10/dist-packages/unitree_api/unitree_api_s__rosidl_typesupport_c.cpython-310-x86_64-linux-gnu.so
[16.202s] -- Symlinking: /root/ros2_ws/src/install/unitree_api/share/unitree_api/msg/Request.idl
[16.214s] -- Symlinking: /root/ros2_ws/src/install/unitree_api/share/unitree_api/msg/RequestHeader.idl
[16.231s] -- Symlinking: /root/ros2_ws/src/install/unitree_api/share/unitree_api/msg/RequestIdentity.idl
[16.247s] -- Symlinking: /root/ros2_ws/src/install/unitree_api/share/unitree_api/msg/RequestLease.idl
[16.260s] -- Symlinking: /root/ros2_ws/src/install/unitree_api/share/unitree_api/msg/RequestPolicy.idl
[16.275s] -- Symlinking: /root/ros2_ws/src/install/unitree_api/share/unitree_api/msg/Response.idl
[16.289s] -- Symlinking: /root/ros2_ws/src/install/unitree_api/share/unitree_api/msg/ResponseHeader.idl
[16.302s] -- Symlinking: /root/ros2_ws/src/install/unitree_api/share/unitree_api/msg/ResponseStatus.idl
[16.315s] -- Symlinking: /root/ros2_ws/src/install/unitree_api/share/unitree_api/msg/Request.msg
[16.327s] -- Symlinking: /root/ros2_ws/src/install/unitree_api/share/unitree_api/msg/RequestHeader.msg
[16.340s] -- Symlinking: /root/ros2_ws/src/install/unitree_api/share/unitree_api/msg/RequestIdentity.msg
[16.355s] -- Symlinking: /root/ros2_ws/src/install/unitree_api/share/unitree_api/msg/RequestLease.msg
[16.365s] -- Symlinking: /root/ros2_ws/src/install/unitree_api/share/unitree_api/msg/RequestPolicy.msg
[16.378s] -- Symlinking: /root/ros2_ws/src/install/unitree_api/share/unitree_api/msg/Response.msg
[16.390s] -- Symlinking: /root/ros2_ws/src/install/unitree_api/share/unitree_api/msg/ResponseHeader.msg
[16.401s] -- Symlinking: /root/ros2_ws/src/install/unitree_api/share/unitree_api/msg/ResponseStatus.msg
[16.414s] -- Symlinking: /root/ros2_ws/src/install/unitree_api/share/unitree_api/msg/dds_connext/RequestHeader_.idl
[16.428s] -- Symlinking: /root/ros2_ws/src/install/unitree_api/share/unitree_api/msg/dds_connext/RequestIdentity_.idl
[16.438s] -- Symlinking: /root/ros2_ws/src/install/unitree_api/share/unitree_api/msg/dds_connext/RequestLease_.idl
[16.451s] -- Symlinking: /root/ros2_ws/src/install/unitree_api/share/unitree_api/msg/dds_connext/RequestPolicy_.idl
[16.463s] -- Symlinking: /root/ros2_ws/src/install/unitree_api/share/unitree_api/msg/dds_connext/Request_.idl
[16.483s] -- Symlinking: /root/ros2_ws/src/install/unitree_api/share/unitree_api/msg/dds_connext/ResponseHeader_.idl
[16.495s] -- Symlinking: /root/ros2_ws/src/install/unitree_api/share/unitree_api/msg/dds_connext/ResponseStatus_.idl
[16.506s] -- Symlinking: /root/ros2_ws/src/install/unitree_api/share/unitree_api/msg/dds_connext/Response_.idl
[16.518s] -- Symlinking: /root/ros2_ws/src/install/unitree_api/share/ament_index/resource_index/package_run_dependencies/unitree_api
[16.531s] -- Symlinking: /root/ros2_ws/src/install/unitree_api/share/ament_index/resource_index/parent_prefix_path/unitree_api
[16.543s] -- Symlinking: /root/ros2_ws/src/install/unitree_api/share/unitree_api/environment/ament_prefix_path.sh
[16.556s] -- Symlinking: /root/ros2_ws/src/install/unitree_api/share/unitree_api/environment/ament_prefix_path.dsv
[16.568s] -- Symlinking: /root/ros2_ws/src/install/unitree_api/share/unitree_api/environment/path.sh
[16.584s] -- Symlinking: /root/ros2_ws/src/install/unitree_api/share/unitree_api/environment/path.dsv
[16.596s] -- Symlinking: /root/ros2_ws/src/install/unitree_api/share/unitree_api/local_setup.bash
[16.607s] -- Symlinking: /root/ros2_ws/src/install/unitree_api/share/unitree_api/local_setup.sh
[16.618s] -- Symlinking: /root/ros2_ws/src/install/unitree_api/share/unitree_api/local_setup.zsh
[16.629s] -- Symlinking: /root/ros2_ws/src/install/unitree_api/share/unitree_api/local_setup.dsv
[16.640s] -- Symlinking: /root/ros2_ws/src/install/unitree_api/share/unitree_api/package.dsv
[16.656s] -- Symlinking: /root/ros2_ws/src/install/unitree_api/share/ament_index/resource_index/packages/unitree_api
[16.670s] -- Symlinking: /root/ros2_ws/src/install/unitree_api/share/unitree_api/cmake/rosidl_cmake-extras.cmake
[16.684s] -- Symlinking: /root/ros2_ws/src/install/unitree_api/share/unitree_api/cmake/ament_cmake_export_dependencies-extras.cmake
[16.695s] -- Symlinking: /root/ros2_ws/src/install/unitree_api/share/unitree_api/cmake/ament_cmake_export_include_directories-extras.cmake
[16.710s] -- Symlinking: /root/ros2_ws/src/install/unitree_api/share/unitree_api/cmake/ament_cmake_export_libraries-extras.cmake
[16.725s] -- Symlinking: /root/ros2_ws/src/install/unitree_api/share/unitree_api/cmake/ament_cmake_export_targets-extras.cmake
[16.739s] -- Symlinking: /root/ros2_ws/src/install/unitree_api/share/unitree_api/cmake/rosidl_cmake_export_typesupport_targets-extras.cmake
[16.753s] -- Symlinking: /root/ros2_ws/src/install/unitree_api/share/unitree_api/cmake/rosidl_cmake_export_typesupport_libraries-extras.cmake
[16.764s] -- Symlinking: /root/ros2_ws/src/install/unitree_api/share/unitree_api/cmake/unitree_apiConfig.cmake
[16.779s] -- Symlinking: /root/ros2_ws/src/install/unitree_api/share/unitree_api/cmake/unitree_apiConfig-version.cmake
[16.792s] -- Symlinking: /root/ros2_ws/src/install/unitree_api/share/unitree_api/package.xml
[16.807s] -- Installing: /root/ros2_ws/src/install/unitree_api/lib/libunitree_api__rosidl_generator_c.so
[16.807s] -- Set runtime path of "/root/ros2_ws/src/install/unitree_api/lib/libunitree_api__rosidl_generator_c.so" to ""
[16.807s] -- Installing: /root/ros2_ws/src/install/unitree_api/lib/libunitree_api__rosidl_typesupport_fastrtps_c.so
[16.808s] -- Set runtime path of "/root/ros2_ws/src/install/unitree_api/lib/libunitree_api__rosidl_typesupport_fastrtps_c.so" to ""
[16.808s] -- Installing: /root/ros2_ws/src/install/unitree_api/lib/libunitree_api__rosidl_typesupport_fastrtps_cpp.so
[16.809s] -- Set runtime path of "/root/ros2_ws/src/install/unitree_api/lib/libunitree_api__rosidl_typesupport_fastrtps_cpp.so" to ""
[16.809s] -- Installing: /root/ros2_ws/src/install/unitree_api/lib/libunitree_api__rosidl_typesupport_introspection_c.so
[16.810s] -- Set runtime path of "/root/ros2_ws/src/install/unitree_api/lib/libunitree_api__rosidl_typesupport_introspection_c.so" to ""
[16.810s] -- Installing: /root/ros2_ws/src/install/unitree_api/lib/libunitree_api__rosidl_typesupport_c.so
[16.810s] -- Set runtime path of "/root/ros2_ws/src/install/unitree_api/lib/libunitree_api__rosidl_typesupport_c.so" to ""
[16.810s] -- Installing: /root/ros2_ws/src/install/unitree_api/lib/libunitree_api__rosidl_typesupport_introspection_cpp.so
[16.811s] -- Set runtime path of "/root/ros2_ws/src/install/unitree_api/lib/libunitree_api__rosidl_typesupport_introspection_cpp.so" to ""
[16.811s] -- Installing: /root/ros2_ws/src/install/unitree_api/lib/libunitree_api__rosidl_typesupport_cpp.so
[16.812s] -- Set runtime path of "/root/ros2_ws/src/install/unitree_api/lib/libunitree_api__rosidl_typesupport_cpp.so" to ""
[16.884s] Listing '/root/ros2_ws/src/install/unitree_api/local/lib/python3.10/dist-packages/unitree_api'...
[16.884s] Compiling '/root/ros2_ws/src/install/unitree_api/local/lib/python3.10/dist-packages/unitree_api/__init__.py'...
[16.885s] Listing '/root/ros2_ws/src/install/unitree_api/local/lib/python3.10/dist-packages/unitree_api/msg'...
[16.885s] Compiling '/root/ros2_ws/src/install/unitree_api/local/lib/python3.10/dist-packages/unitree_api/msg/__init__.py'...
[16.885s] Compiling '/root/ros2_ws/src/install/unitree_api/local/lib/python3.10/dist-packages/unitree_api/msg/_request.py'...
[16.885s] Compiling '/root/ros2_ws/src/install/unitree_api/local/lib/python3.10/dist-packages/unitree_api/msg/_request_header.py'...
[16.885s] Compiling '/root/ros2_ws/src/install/unitree_api/local/lib/python3.10/dist-packages/unitree_api/msg/_request_identity.py'...
[16.885s] Compiling '/root/ros2_ws/src/install/unitree_api/local/lib/python3.10/dist-packages/unitree_api/msg/_request_lease.py'...
[16.885s] Compiling '/root/ros2_ws/src/install/unitree_api/local/lib/python3.10/dist-packages/unitree_api/msg/_request_policy.py'...
[16.885s] Compiling '/root/ros2_ws/src/install/unitree_api/local/lib/python3.10/dist-packages/unitree_api/msg/_response.py'...
[16.885s] Compiling '/root/ros2_ws/src/install/unitree_api/local/lib/python3.10/dist-packages/unitree_api/msg/_response_header.py'...
[16.886s] Compiling '/root/ros2_ws/src/install/unitree_api/local/lib/python3.10/dist-packages/unitree_api/msg/_response_status.py'...
[16.893s] -- Installing: /root/ros2_ws/src/install/unitree_api/lib/libunitree_api__rosidl_generator_py.so
[16.894s] -- Set runtime path of "/root/ros2_ws/src/install/unitree_api/lib/libunitree_api__rosidl_generator_py.so" to ""
[16.894s] -- Installing: /root/ros2_ws/src/install/unitree_api/share/unitree_api/cmake/export_unitree_api__rosidl_generator_cExport.cmake
[16.895s] -- Installing: /root/ros2_ws/src/install/unitree_api/share/unitree_api/cmake/export_unitree_api__rosidl_generator_cExport-release.cmake
[16.895s] -- Installing: /root/ros2_ws/src/install/unitree_api/share/unitree_api/cmake/export_unitree_api__rosidl_typesupport_fastrtps_cExport.cmake
[16.895s] -- Installing: /root/ros2_ws/src/install/unitree_api/share/unitree_api/cmake/export_unitree_api__rosidl_typesupport_fastrtps_cExport-release.cmake
[16.895s] -- Installing: /root/ros2_ws/src/install/unitree_api/share/unitree_api/cmake/export_unitree_api__rosidl_generator_cppExport.cmake
[16.896s] -- Installing: /root/ros2_ws/src/install/unitree_api/share/unitree_api/cmake/export_unitree_api__rosidl_typesupport_fastrtps_cppExport.cmake
[16.896s] -- Installing: /root/ros2_ws/src/install/unitree_api/share/unitree_api/cmake/export_unitree_api__rosidl_typesupport_fastrtps_cppExport-release.cmake
[16.896s] -- Installing: /root/ros2_ws/src/install/unitree_api/share/unitree_api/cmake/unitree_api__rosidl_typesupport_introspection_cExport.cmake
[16.897s] -- Installing: /root/ros2_ws/src/install/unitree_api/share/unitree_api/cmake/unitree_api__rosidl_typesupport_introspection_cExport-release.cmake
[16.897s] -- Installing: /root/ros2_ws/src/install/unitree_api/share/unitree_api/cmake/unitree_api__rosidl_typesupport_cExport.cmake
[16.897s] -- Installing: /root/ros2_ws/src/install/unitree_api/share/unitree_api/cmake/unitree_api__rosidl_typesupport_cExport-release.cmake
[16.897s] -- Installing: /root/ros2_ws/src/install/unitree_api/share/unitree_api/cmake/unitree_api__rosidl_typesupport_introspection_cppExport.cmake
[16.897s] -- Installing: /root/ros2_ws/src/install/unitree_api/share/unitree_api/cmake/unitree_api__rosidl_typesupport_introspection_cppExport-release.cmake
[16.898s] -- Installing: /root/ros2_ws/src/install/unitree_api/share/unitree_api/cmake/unitree_api__rosidl_typesupport_cppExport.cmake
[16.898s] -- Installing: /root/ros2_ws/src/install/unitree_api/share/unitree_api/cmake/unitree_api__rosidl_typesupport_cppExport-release.cmake
[16.898s] -- Installing: /root/ros2_ws/src/install/unitree_api/share/unitree_api/cmake/export_unitree_api__rosidl_generator_pyExport.cmake
[16.899s] -- Installing: /root/ros2_ws/src/install/unitree_api/share/unitree_api/cmake/export_unitree_api__rosidl_generator_pyExport-release.cmake
