[0.060s] Invoking command in '/root/ros2_ws/src/build/far_planner': AMENT_PREFIX_PATH=/root/ros2_ws/src/install/visibility_graph_msg:${AMENT_PREFIX_PATH} CMAKE_PREFIX_PATH=/root/ros2_ws/src/install/visibility_graph_msg:/opt/ros/humble LD_LIBRARY_PATH=/root/ros2_ws/src/install/visibility_graph_msg/lib:${LD_LIBRARY_PATH} PYTHONPATH=/root/ros2_ws/src/install/visibility_graph_msg/local/lib/python3.10/dist-packages:${PYTHONPATH} /usr/bin/cmake --build /root/ros2_ws/src/build/far_planner -- -j24 -l24
[0.110s] [35m[1mConsolidate compiler generated dependencies of target far_planner[0m
[0.175s] [100%] Built target far_planner
[0.185s] Invoked command in '/root/ros2_ws/src/build/far_planner' returned '0': AMENT_PREFIX_PATH=/root/ros2_ws/src/install/visibility_graph_msg:${AMENT_PREFIX_PATH} CMAKE_PREFIX_PATH=/root/ros2_ws/src/install/visibility_graph_msg:/opt/ros/humble LD_LIBRARY_PATH=/root/ros2_ws/src/install/visibility_graph_msg/lib:${LD_LIBRARY_PATH} PYTHONPATH=/root/ros2_ws/src/install/visibility_graph_msg/local/lib/python3.10/dist-packages:${PYTHONPATH} /usr/bin/cmake --build /root/ros2_ws/src/build/far_planner -- -j24 -l24
[0.187s] Invoking command in '/root/ros2_ws/src/build/far_planner': AMENT_PREFIX_PATH=/root/ros2_ws/src/install/visibility_graph_msg:${AMENT_PREFIX_PATH} CMAKE_PREFIX_PATH=/root/ros2_ws/src/install/visibility_graph_msg:/opt/ros/humble LD_LIBRARY_PATH=/root/ros2_ws/src/install/visibility_graph_msg/lib:${LD_LIBRARY_PATH} PYTHONPATH=/root/ros2_ws/src/install/visibility_graph_msg/local/lib/python3.10/dist-packages:${PYTHONPATH} /usr/bin/cmake --install /root/ros2_ws/src/build/far_planner
[0.201s] -- Install configuration: "Release"
[0.201s] -- Up-to-date: /root/ros2_ws/src/install/far_planner/lib/far_planner/far_planner
[0.202s] -- Up-to-date: /root/ros2_ws/src/install/far_planner/share/far_planner/launch
[0.202s] -- Up-to-date: /root/ros2_ws/src/install/far_planner/share/far_planner/launch/far_planner.launch
[0.202s] -- Up-to-date: /root/ros2_ws/src/install/far_planner/share/far_planner/rviz
[0.202s] -- Up-to-date: /root/ros2_ws/src/install/far_planner/share/far_planner/rviz/matterport.rviz
[0.202s] -- Up-to-date: /root/ros2_ws/src/install/far_planner/share/far_planner/rviz/default.rviz
[0.202s] -- Up-to-date: /root/ros2_ws/src/install/far_planner/share/far_planner/config
[0.202s] -- Up-to-date: /root/ros2_ws/src/install/far_planner/share/far_planner/config/default.yaml
[0.202s] -- Up-to-date: /root/ros2_ws/src/install/far_planner/share/far_planner/config/matterport.yaml
[0.202s] -- Up-to-date: /root/ros2_ws/src/install/far_planner/share/far_planner/data
[0.202s] -- Up-to-date: /root/ros2_ws/src/install/far_planner/share/far_planner/data/boundary_graph.vgh
[0.202s] -- Up-to-date: /root/ros2_ws/src/install/far_planner/share/far_planner/data/indoor.vgh
[0.202s] -- Up-to-date: /root/ros2_ws/src/install/far_planner/share/far_planner/data/trajectory.txt
[0.202s] -- Up-to-date: /root/ros2_ws/src/install/far_planner/share/far_planner/data/boundary.ply
[0.202s] -- Up-to-date: /root/ros2_ws/src/install/far_planner/share/ament_index/resource_index/package_run_dependencies/far_planner
[0.202s] -- Up-to-date: /root/ros2_ws/src/install/far_planner/share/ament_index/resource_index/parent_prefix_path/far_planner
[0.202s] -- Up-to-date: /root/ros2_ws/src/install/far_planner/share/far_planner/environment/ament_prefix_path.sh
[0.202s] -- Up-to-date: /root/ros2_ws/src/install/far_planner/share/far_planner/environment/ament_prefix_path.dsv
[0.202s] -- Up-to-date: /root/ros2_ws/src/install/far_planner/share/far_planner/environment/path.sh
[0.202s] -- Up-to-date: /root/ros2_ws/src/install/far_planner/share/far_planner/environment/path.dsv
[0.202s] -- Up-to-date: /root/ros2_ws/src/install/far_planner/share/far_planner/local_setup.bash
[0.202s] -- Up-to-date: /root/ros2_ws/src/install/far_planner/share/far_planner/local_setup.sh
[0.202s] -- Up-to-date: /root/ros2_ws/src/install/far_planner/share/far_planner/local_setup.zsh
[0.202s] -- Up-to-date: /root/ros2_ws/src/install/far_planner/share/far_planner/local_setup.dsv
[0.202s] -- Installing: /root/ros2_ws/src/install/far_planner/share/far_planner/package.dsv
[0.202s] -- Up-to-date: /root/ros2_ws/src/install/far_planner/share/ament_index/resource_index/packages/far_planner
[0.202s] -- Up-to-date: /root/ros2_ws/src/install/far_planner/share/far_planner/cmake/far_plannerConfig.cmake
[0.202s] -- Up-to-date: /root/ros2_ws/src/install/far_planner/share/far_planner/cmake/far_plannerConfig-version.cmake
[0.202s] -- Up-to-date: /root/ros2_ws/src/install/far_planner/share/far_planner/package.xml
[0.233s] Invoked command in '/root/ros2_ws/src/build/far_planner' returned '0': AMENT_PREFIX_PATH=/root/ros2_ws/src/install/visibility_graph_msg:${AMENT_PREFIX_PATH} CMAKE_PREFIX_PATH=/root/ros2_ws/src/install/visibility_graph_msg:/opt/ros/humble LD_LIBRARY_PATH=/root/ros2_ws/src/install/visibility_graph_msg/lib:${LD_LIBRARY_PATH} PYTHONPATH=/root/ros2_ws/src/install/visibility_graph_msg/local/lib/python3.10/dist-packages:${PYTHONPATH} /usr/bin/cmake --install /root/ros2_ws/src/build/far_planner
