[0.036s] Invoking command in '/root/ros2_ws/src/build/livox_ros_driver2': CMAKE_PREFIX_PATH=/opt/ros/humble /usr/bin/cmake /root/ros2_ws/src/slam/livox_ros_driver2 -DROS_EDITION=ROS2 -DHUMBLE_ROS=humble -DCMAKE_INSTALL_PREFIX=/root/ros2_ws/src/install/livox_ros_driver2
[0.628s] -- The C compiler identification is GNU 11.4.0
[0.628s] -- The CXX compiler identification is GNU 11.4.0
[0.628s] -- Detecting C compiler ABI info
[0.628s] -- Detecting C compiler ABI info - done
[0.628s] -- Check for working C compiler: /usr/bin/cc - skipped
[0.628s] -- Detecting C compile features
[0.628s] -- Detecting C compile features - done
[0.628s] -- Detecting CXX compiler ABI info
[0.628s] -- Detecting CXX compiler ABI info - done
[0.629s] -- Check for working CXX compiler: /usr/bin/c++ - skipped
[0.629s] -- Detecting CXX compile features
[0.629s] -- Detecting CXX compile features - done
[0.629s] -- livox_ros_driver2 version: 1.2.4
[0.629s] -- Found ament_cmake_auto: 1.3.12 (/opt/ros/humble/share/ament_cmake_auto/cmake)
[0.629s] -- Found Python3: /usr/bin/python3 (found version "3.10.12") found components: Interpreter 
[0.757s] -- Using all available rosidl_typesupport_c: rosidl_typesupport_fastrtps_c;rosidl_typesupport_introspection_c
[0.790s] -- Found rosidl_adapter: 3.1.8 (/opt/ros/humble/share/rosidl_adapter/cmake)
[0.858s] -- Using all available rosidl_typesupport_cpp: rosidl_typesupport_fastrtps_cpp;rosidl_typesupport_introspection_cpp
[1.124s] -- Found rmw_implementation_cmake: 6.1.2 (/opt/ros/humble/share/rmw_implementation_cmake/cmake)
[1.135s] -- Found rmw_fastrtps_cpp: 6.2.9 (/opt/ros/humble/share/rmw_fastrtps_cpp/cmake)
[1.273s] -- Found OpenSSL: /usr/lib/x86_64-linux-gnu/libcrypto.so (found version "3.0.2")  
[1.320s] -- Found FastRTPS: /opt/ros/humble/include  
[1.403s] -- Using RMW implementation 'rmw_fastrtps_cpp' as default
[1.430s] -- Looking for pthread.h
[1.509s] -- Looking for pthread.h - found
[1.509s] -- Performing Test CMAKE_HAVE_LIBC_PTHREAD
[1.597s] -- Performing Test CMAKE_HAVE_LIBC_PTHREAD - Success
[1.598s] -- Found Threads: TRUE  
[1.843s] -- Checking for module 'eigen3'
[1.861s] --   Found eigen3, version 3.4.0
[1.904s] -- Found Eigen: /usr/include/eigen3 (Required is at least version "3.1") 
[1.904s] -- Eigen found (include: /usr/include/eigen3, version: 3.4.0)
[1.974s] -- Checking for module 'flann'
[1.989s] --   Found flann, version 1.9.1
[2.046s] -- Found FLANN: /usr/lib/x86_64-linux-gnu/libflann_cpp.so  
[2.046s] -- FLANN found (include: /usr/include, lib: /usr/lib/x86_64-linux-gnu/libflann_cpp.so)
[4.423s] -- Checking for module 'libusb-1.0'
[4.499s] --   Found libusb-1.0, version 1.0.25
[4.631s] -- Found libusb: /usr/lib/x86_64-linux-gnu/libusb-1.0.so  
[4.636s] -- OpenNI found (version: 1.5.4.0, include: /usr/include/ni, lib: /usr/lib/libOpenNI.so;libusb::libusb)
[4.892s] -- OpenNI2 found (version: 2.2.0.33, include: /usr/include/openni2, lib: /usr/lib/x86_64-linux-gnu/libOpenNI2.so;libusb::libusb)
[5.316s] -- Eigen found (include: /usr/include/eigen3, version: 3.4.0)
[5.340s] -- OpenNI found (version: 1.5.4.0, include: /usr/include/ni, lib: /usr/lib/libOpenNI.so;libusb::libusb)
[5.375s] -- OpenNI2 found (version: 2.2.0.33, include: /usr/include/openni2, lib: /usr/lib/x86_64-linux-gnu/libOpenNI2.so;libusb::libusb)
[5.809s] -- Found Qhull version 8.0.2
[6.227s] -- OpenNI found (version: 1.5.4.0, include: /usr/include/ni, lib: /usr/lib/libOpenNI.so;libusb::libusb)
[6.701s] -- Found PCL_COMMON: /usr/lib/x86_64-linux-gnu/libpcl_common.so  
[6.705s] -- Found PCL_KDTREE: /usr/lib/x86_64-linux-gnu/libpcl_kdtree.so  
[6.705s] -- Found PCL_OCTREE: /usr/lib/x86_64-linux-gnu/libpcl_octree.so  
[6.713s] -- Found PCL_SEARCH: /usr/lib/x86_64-linux-gnu/libpcl_search.so  
[6.713s] -- Found PCL_SAMPLE_CONSENSUS: /usr/lib/x86_64-linux-gnu/libpcl_sample_consensus.so  
[6.718s] -- Found PCL_FILTERS: /usr/lib/x86_64-linux-gnu/libpcl_filters.so  
[6.722s] -- Found PCL_2D: /usr/include/pcl-1.12  
[6.726s] -- Found PCL_GEOMETRY: /usr/include/pcl-1.12  
[6.727s] -- Found PCL_IO: /usr/lib/x86_64-linux-gnu/libpcl_io.so  
[6.734s] -- Found PCL_FEATURES: /usr/lib/x86_64-linux-gnu/libpcl_features.so  
[6.734s] -- Found PCL_ML: /usr/lib/x86_64-linux-gnu/libpcl_ml.so  
[6.738s] -- Found PCL_SEGMENTATION: /usr/lib/x86_64-linux-gnu/libpcl_segmentation.so  
[6.750s] -- Found PCL_VISUALIZATION: /usr/lib/x86_64-linux-gnu/libpcl_visualization.so  
[6.758s] -- Found PCL_SURFACE: /usr/lib/x86_64-linux-gnu/libpcl_surface.so  
[6.759s] -- Found PCL_REGISTRATION: /usr/lib/x86_64-linux-gnu/libpcl_registration.so  
[6.759s] -- Found PCL_KEYPOINTS: /usr/lib/x86_64-linux-gnu/libpcl_keypoints.so  
[6.759s] -- Found PCL_TRACKING: /usr/lib/x86_64-linux-gnu/libpcl_tracking.so  
[6.762s] -- Found PCL_RECOGNITION: /usr/lib/x86_64-linux-gnu/libpcl_recognition.so  
[6.767s] -- Found PCL_STEREO: /usr/lib/x86_64-linux-gnu/libpcl_stereo.so  
[6.769s] -- Found PCL_APPS: /usr/lib/x86_64-linux-gnu/libpcl_apps.so  
[6.775s] -- Found PCL_IN_HAND_SCANNER: /usr/include/pcl-1.12  
[6.775s] -- Found PCL_MODELER: /usr/include/pcl-1.12  
[6.775s] -- Found PCL_POINT_CLOUD_EDITOR: /usr/include/pcl-1.12  
[6.776s] -- Found PCL_OUTOFCORE: /usr/lib/x86_64-linux-gnu/libpcl_outofcore.so  
[6.784s] -- Found PCL_PEOPLE: /usr/lib/x86_64-linux-gnu/libpcl_people.so  
[7.045s] -- Found PkgConfig: /usr/bin/pkg-config (found version "0.29.2") 
[7.054s] -- Checking for module 'apr-1'
[7.059s] --   No package 'apr-1' found
[8.130s] -- Found ament_cmake_ros: 0.10.0 (/opt/ros/humble/share/ament_cmake_ros/cmake)
[8.813s] -- Using all available rosidl_typesupport_c: rosidl_typesupport_fastrtps_c;rosidl_typesupport_introspection_c
[10.091s] -- Using all available rosidl_typesupport_cpp: rosidl_typesupport_fastrtps_cpp;rosidl_typesupport_introspection_cpp
[10.213s] -- Found PythonInterp: /usr/bin/python3 (found suitable version "3.10.12", minimum required is "3.6") 
[10.227s] -- Found python_cmake_module: 0.10.0 (/opt/ros/humble/share/python_cmake_module/cmake)
[10.364s] -- Found PythonLibs: /usr/lib/x86_64-linux-gnu/libpython3.10.so (found suitable version "3.10.12", minimum required is "3.5") 
[10.364s] -- Using PYTHON_EXECUTABLE: /usr/bin/python3
[10.364s] -- Using PYTHON_INCLUDE_DIRS: /usr/include/python3.10
[10.364s] -- Using PYTHON_LIBRARIES: /usr/lib/x86_64-linux-gnu/libpython3.10.so
[10.434s] -- Found PythonExtra: .so  
[10.989s] -- Using numpy include directory: /usr/local/lib/python3.10/dist-packages/numpy/core/include
[11.178s] -- Found ament_lint_auto: 0.12.14 (/opt/ros/humble/share/ament_lint_auto/cmake)
[11.235s] -- Added test 'copyright' to check source files copyright and LICENSE
[11.382s] -- Added test 'cppcheck' to perform static code analysis on C / C++ code
[11.382s] -- Configured cppcheck include dirs: /root/ros2_ws/src/slam/livox_ros_driver2/3rdparty;/root/ros2_ws/src/slam/livox_ros_driver2/src
[11.382s] -- Configured cppcheck exclude dirs and/or files: 
[11.502s] -- Added test 'cpplint' to check C / C++ code against the Google style
[11.502s] -- Configured cpplint exclude dirs and/or files: 
[11.515s] -- Added test 'flake8' to check Python code syntax and style conventions
[11.540s] -- Added test 'lint_cmake' to check CMake code style
[11.591s] -- Added test 'pep257' to check Python code against some of the docstring style conventions in PEP 257
[11.702s] -- Added test 'uncrustify' to check C / C++ code style
[11.707s] -- Configured uncrustify additional arguments: 
[11.729s] -- Added test 'xmllint' to check XML markup files
[11.747s] -- Configuring done
[12.232s] -- Generating done
[12.343s] -- Build files have been written to: /root/ros2_ws/src/build/livox_ros_driver2
[12.436s] Invoked command in '/root/ros2_ws/src/build/livox_ros_driver2' returned '0': CMAKE_PREFIX_PATH=/opt/ros/humble /usr/bin/cmake /root/ros2_ws/src/slam/livox_ros_driver2 -DROS_EDITION=ROS2 -DHUMBLE_ROS=humble -DCMAKE_INSTALL_PREFIX=/root/ros2_ws/src/install/livox_ros_driver2
[12.439s] Invoking command in '/root/ros2_ws/src/build/livox_ros_driver2': CMAKE_PREFIX_PATH=/opt/ros/humble /usr/bin/cmake --build /root/ros2_ws/src/build/livox_ros_driver2 -- -j24 -l24
[19.820s] [  1%] [34m[1mGenerating C code for ROS interfaces[0m
[19.820s] [  3%] [34m[1mGenerating C++ code for ROS interfaces[0m
[19.820s] [  3%] Built target ament_cmake_python_copy_livox_ros_driver2
[19.820s] [  5%] [32mBuilding CXX object CMakeFiles/livox_ros_driver2_node.dir/rclcpp_components/node_main_livox_ros_driver2_node.cpp.o[0m
[19.821s] running egg_info
[19.821s] creating livox_ros_driver2.egg-info
[19.821s] writing livox_ros_driver2.egg-info/PKG-INFO
[19.821s] writing dependency_links to livox_ros_driver2.egg-info/dependency_links.txt
[19.821s] writing top-level names to livox_ros_driver2.egg-info/top_level.txt
[19.821s] writing manifest file 'livox_ros_driver2.egg-info/SOURCES.txt'
[19.831s] reading manifest file 'livox_ros_driver2.egg-info/SOURCES.txt'
[19.831s] writing manifest file 'livox_ros_driver2.egg-info/SOURCES.txt'
[19.831s] [  5%] Built target ament_cmake_python_build_livox_ros_driver2_egg
[19.832s] [  7%] [32mBuilding C object CMakeFiles/livox_interfaces2__rosidl_generator_c.dir/rosidl_generator_c/livox_ros_driver2/msg/detail/custom_point__functions.c.o[0m
[19.832s] [  8%] [32mBuilding C object CMakeFiles/livox_interfaces2__rosidl_generator_c.dir/rosidl_generator_c/livox_ros_driver2/msg/detail/custom_msg__functions.c.o[0m
[19.832s] [ 10%] [32m[1mLinking C shared library liblivox_ros_driver2__rosidl_generator_c.so[0m
[19.832s] [ 10%] Built target livox_interfaces2__rosidl_generator_c
[19.832s] [ 12%] [34m[1mGenerating C introspection for ROS interfaces[0m
[19.832s] [ 14%] [34m[1mGenerating C type support for eProsima Fast-RTPS[0m
[19.832s] [ 15%] [34m[1mGenerating C type support dispatch for ROS interfaces[0m
[19.833s] [ 15%] Built target livox_interfaces2__cpp
[19.833s] [ 17%] [34m[1mGenerating C++ type support for eProsima Fast-RTPS[0m
[19.833s] [ 19%] [34m[1mGenerating C++ type support dispatch for ROS interfaces[0m
[19.833s] [ 21%] [34m[1mGenerating C++ introspection for ROS interfaces[0m
[19.833s] [ 22%] [32mBuilding CXX object CMakeFiles/livox_interfaces2__rosidl_typesupport_introspection_cpp.dir/rosidl_typesupport_introspection_cpp/livox_ros_driver2/msg/detail/custom_point__type_support.cpp.o[0m
[19.833s] [ 24%] [32mBuilding CXX object CMakeFiles/livox_interfaces2__rosidl_typesupport_introspection_cpp.dir/rosidl_typesupport_introspection_cpp/livox_ros_driver2/msg/detail/custom_msg__type_support.cpp.o[0m
[19.833s] [ 26%] [32mBuilding CXX object CMakeFiles/livox_interfaces2__rosidl_typesupport_c.dir/rosidl_typesupport_c/livox_ros_driver2/msg/custom_point__type_support.cpp.o[0m
[19.833s] [ 28%] [32mBuilding CXX object CMakeFiles/livox_interfaces2__rosidl_typesupport_c.dir/rosidl_typesupport_c/livox_ros_driver2/msg/custom_msg__type_support.cpp.o[0m
[19.834s] [ 29%] [32m[1mLinking CXX shared library liblivox_ros_driver2__rosidl_typesupport_c.so[0m
[19.834s] [ 31%] [32mBuilding C object CMakeFiles/livox_interfaces2__rosidl_typesupport_introspection_c.dir/rosidl_typesupport_introspection_c/livox_ros_driver2/msg/detail/custom_msg__type_support.c.o[0m
[19.834s] [ 33%] [32mBuilding CXX object CMakeFiles/livox_interfaces2__rosidl_typesupport_fastrtps_c.dir/rosidl_typesupport_fastrtps_c/livox_ros_driver2/msg/detail/custom_point__type_support_c.cpp.o[0m
[19.837s] [ 35%] [32mBuilding C object CMakeFiles/livox_interfaces2__rosidl_typesupport_introspection_c.dir/rosidl_typesupport_introspection_c/livox_ros_driver2/msg/detail/custom_point__type_support.c.o[0m
[19.837s] [ 36%] [32mBuilding CXX object CMakeFiles/livox_interfaces2__rosidl_typesupport_fastrtps_c.dir/rosidl_typesupport_fastrtps_c/livox_ros_driver2/msg/detail/custom_msg__type_support_c.cpp.o[0m
[19.837s] [ 36%] Built target livox_interfaces2__rosidl_typesupport_c
[19.837s] [ 38%] [32m[1mLinking C shared library liblivox_ros_driver2__rosidl_typesupport_introspection_c.so[0m
[19.837s] [ 40%] [32mBuilding CXX object CMakeFiles/livox_interfaces2__rosidl_typesupport_fastrtps_cpp.dir/rosidl_typesupport_fastrtps_cpp/livox_ros_driver2/msg/detail/dds_fastrtps/custom_msg__type_support.cpp.o[0m
[19.837s] [ 42%] [32mBuilding CXX object CMakeFiles/livox_interfaces2__rosidl_typesupport_fastrtps_cpp.dir/rosidl_typesupport_fastrtps_cpp/livox_ros_driver2/msg/detail/dds_fastrtps/custom_point__type_support.cpp.o[0m
[19.837s] [ 43%] [32mBuilding CXX object CMakeFiles/livox_interfaces2__rosidl_typesupport_cpp.dir/rosidl_typesupport_cpp/livox_ros_driver2/msg/custom_point__type_support.cpp.o[0m
[19.838s] [ 45%] [32mBuilding CXX object CMakeFiles/livox_interfaces2__rosidl_typesupport_cpp.dir/rosidl_typesupport_cpp/livox_ros_driver2/msg/custom_msg__type_support.cpp.o[0m
[19.838s] [ 45%] Built target livox_interfaces2__rosidl_typesupport_introspection_c
[19.838s] [ 47%] [32m[1mLinking CXX shared library liblivox_ros_driver2__rosidl_typesupport_introspection_cpp.so[0m
[19.839s] [ 47%] Built target livox_interfaces2__rosidl_typesupport_introspection_cpp
[19.839s] [ 49%] [32m[1mLinking CXX shared library liblivox_ros_driver2__rosidl_typesupport_fastrtps_c.so[0m
[19.839s] [ 50%] [32m[1mLinking CXX shared library liblivox_ros_driver2__rosidl_typesupport_cpp.so[0m
[19.839s] [ 50%] Built target livox_interfaces2__rosidl_typesupport_cpp
[19.840s] [ 52%] [32mBuilding CXX object CMakeFiles/livox_ros_driver2.dir/src/driver_node.cpp.o[0m
[19.840s] [ 54%] [32mBuilding CXX object CMakeFiles/livox_ros_driver2.dir/src/livox_ros_driver2.cpp.o[0m
[19.840s] [ 56%] [32mBuilding CXX object CMakeFiles/livox_ros_driver2.dir/src/lddc.cpp.o[0m
[19.840s] [ 57%] [32mBuilding CXX object CMakeFiles/livox_ros_driver2.dir/src/lds_lidar.cpp.o[0m
[19.840s] [ 59%] [32mBuilding CXX object CMakeFiles/livox_ros_driver2.dir/src/comm/lidar_imu_data_queue.cpp.o[0m
[19.842s] [ 61%] [32mBuilding CXX object CMakeFiles/livox_ros_driver2.dir/src/lds.cpp.o[0m
[19.842s] [ 63%] [32mBuilding CXX object CMakeFiles/livox_ros_driver2.dir/src/comm/comm.cpp.o[0m
[19.842s] [ 66%] [32mBuilding CXX object CMakeFiles/livox_ros_driver2.dir/src/comm/cache_index.cpp.o[0m
[19.842s] [ 64%] [32mBuilding CXX object CMakeFiles/livox_ros_driver2.dir/src/comm/semaphore.cpp.o[0m
[19.842s] [ 68%] [32mBuilding CXX object CMakeFiles/livox_ros_driver2.dir/src/parse_cfg_file/parse_cfg_file.cpp.o[0m
[19.843s] [ 70%] [32mBuilding CXX object CMakeFiles/livox_ros_driver2.dir/src/comm/ldq.cpp.o[0m
[19.843s] [ 71%] [32mBuilding CXX object CMakeFiles/livox_ros_driver2.dir/src/comm/pub_handler.cpp.o[0m
[19.844s] [ 73%] [32mBuilding CXX object CMakeFiles/livox_ros_driver2.dir/src/call_back/lidar_common_callback.cpp.o[0m
[19.844s] [ 75%] [32mBuilding CXX object CMakeFiles/livox_ros_driver2.dir/src/parse_cfg_file/parse_livox_lidar_cfg.cpp.o[0m
[19.844s] [ 75%] Built target livox_interfaces2__rosidl_typesupport_fastrtps_c
[19.845s] [ 77%] [32mBuilding CXX object CMakeFiles/livox_ros_driver2.dir/src/call_back/livox_lidar_callback.cpp.o[0m
[19.845s] [ 78%] [32m[1mLinking CXX shared library liblivox_ros_driver2__rosidl_typesupport_fastrtps_cpp.so[0m
[19.845s] [ 78%] Built target livox_interfaces2__rosidl_typesupport_fastrtps_cpp
[19.845s] [ 78%] Built target livox_interfaces2
[19.845s] [ 80%] [34m[1mGenerating Python code for ROS interfaces[0m
[19.845s] [ 82%] [32m[1mLinking CXX executable livox_ros_driver2_node[0m
[19.845s] [ 82%] Built target livox_ros_driver2_node
[19.845s] [ 82%] Built target livox_interfaces2__py
[19.846s] [ 84%] [32mBuilding C object CMakeFiles/livox_interfaces2__rosidl_generator_py.dir/rosidl_generator_py/livox_ros_driver2/msg/_custom_msg_s.c.o[0m
[19.846s] [ 85%] [32mBuilding C object CMakeFiles/livox_interfaces2__rosidl_generator_py.dir/rosidl_generator_py/livox_ros_driver2/msg/_custom_point_s.c.o[0m
[19.846s] [ 87%] [32m[1mLinking C shared library rosidl_generator_py/livox_ros_driver2/liblivox_interfaces2__rosidl_generator_py.so[0m
[19.846s] [ 87%] Built target livox_interfaces2__rosidl_generator_py
[19.846s] [ 89%] [32mBuilding C object CMakeFiles/livox_ros_driver2__rosidl_typesupport_fastrtps_c__pyext.dir/rosidl_generator_py/livox_ros_driver2/_livox_ros_driver2_s.ep.rosidl_typesupport_fastrtps_c.c.o[0m
[19.847s] [ 91%] [32mBuilding C object CMakeFiles/livox_ros_driver2__rosidl_typesupport_introspection_c__pyext.dir/rosidl_generator_py/livox_ros_driver2/_livox_ros_driver2_s.ep.rosidl_typesupport_introspection_c.c.o[0m
[19.847s] [ 92%] [32mBuilding C object CMakeFiles/livox_ros_driver2__rosidl_typesupport_c__pyext.dir/rosidl_generator_py/livox_ros_driver2/_livox_ros_driver2_s.ep.rosidl_typesupport_c.c.o[0m
[19.847s] /usr/local/lib/python3.10/dist-packages/setuptools_scm/_integration/setuptools.py:24: RuntimeWarning: 
[19.848s] ERROR: setuptools==59.6.0 is used in combination with setuptools-scm>=8.x
[19.848s] 
[19.848s] Your build configuration is incomplete and previously worked by accident!
[19.848s] setuptools-scm requires setuptools>=61 (recommended: >=80)
[19.848s] 
[19.849s] Suggested workaround if applicable:
[19.849s]  - migrating from the deprecated setup_requires mechanism to pep517/518
[19.849s]    and using a pyproject.toml to declare build dependencies
[19.849s]    which are reliably pre-installed before running the build tools
[19.849s] 
[19.849s]   warnings.warn(
[19.849s] listing git files failed - pretending there aren't any
[19.972s] [ 94%] [32m[1mLinking C shared library rosidl_generator_py/livox_ros_driver2/livox_ros_driver2_s__rosidl_typesupport_fastrtps_c.cpython-310-x86_64-linux-gnu.so[0m
[20.031s] [ 96%] [32m[1mLinking C shared library rosidl_generator_py/livox_ros_driver2/livox_ros_driver2_s__rosidl_typesupport_c.cpython-310-x86_64-linux-gnu.so[0m
[20.086s] [ 98%] [32m[1mLinking C shared library rosidl_generator_py/livox_ros_driver2/livox_ros_driver2_s__rosidl_typesupport_introspection_c.cpython-310-x86_64-linux-gnu.so[0m
[20.142s] [ 98%] Built target livox_ros_driver2__rosidl_typesupport_fastrtps_c__pyext
[20.220s] [ 98%] Built target livox_ros_driver2__rosidl_typesupport_introspection_c__pyext
[20.233s] [ 98%] Built target livox_ros_driver2__rosidl_typesupport_c__pyext
[37.814s] [100%] [32m[1mLinking CXX shared library liblivox_ros_driver2.so[0m
[39.826s] [100%] Built target livox_ros_driver2
[39.895s] Invoked command in '/root/ros2_ws/src/build/livox_ros_driver2' returned '0': CMAKE_PREFIX_PATH=/opt/ros/humble /usr/bin/cmake --build /root/ros2_ws/src/build/livox_ros_driver2 -- -j24 -l24
[39.900s] Invoking command in '/root/ros2_ws/src/build/livox_ros_driver2': CMAKE_PREFIX_PATH=/opt/ros/humble /usr/bin/cmake --install /root/ros2_ws/src/build/livox_ros_driver2
[39.937s] -- Install configuration: ""
[39.939s] -- Installing: /root/ros2_ws/src/install/livox_ros_driver2/share/ament_index/resource_index/rosidl_interfaces/livox_ros_driver2
[39.939s] -- Installing: /root/ros2_ws/src/install/livox_ros_driver2/include/livox_ros_driver2/livox_ros_driver2
[39.940s] -- Installing: /root/ros2_ws/src/install/livox_ros_driver2/include/livox_ros_driver2/livox_ros_driver2/msg
[39.944s] -- Installing: /root/ros2_ws/src/install/livox_ros_driver2/include/livox_ros_driver2/livox_ros_driver2/msg/detail
[39.944s] -- Installing: /root/ros2_ws/src/install/livox_ros_driver2/include/livox_ros_driver2/livox_ros_driver2/msg/detail/custom_point__struct.h
[39.944s] -- Installing: /root/ros2_ws/src/install/livox_ros_driver2/include/livox_ros_driver2/livox_ros_driver2/msg/detail/custom_msg__functions.c
[39.944s] -- Installing: /root/ros2_ws/src/install/livox_ros_driver2/include/livox_ros_driver2/livox_ros_driver2/msg/detail/custom_msg__type_support.h
[39.944s] -- Installing: /root/ros2_ws/src/install/livox_ros_driver2/include/livox_ros_driver2/livox_ros_driver2/msg/detail/custom_msg__struct.h
[39.944s] -- Installing: /root/ros2_ws/src/install/livox_ros_driver2/include/livox_ros_driver2/livox_ros_driver2/msg/detail/custom_point__type_support.h
[39.944s] -- Installing: /root/ros2_ws/src/install/livox_ros_driver2/include/livox_ros_driver2/livox_ros_driver2/msg/detail/custom_msg__functions.h
[39.944s] -- Installing: /root/ros2_ws/src/install/livox_ros_driver2/include/livox_ros_driver2/livox_ros_driver2/msg/detail/custom_point__functions.c
[39.946s] -- Installing: /root/ros2_ws/src/install/livox_ros_driver2/include/livox_ros_driver2/livox_ros_driver2/msg/detail/custom_point__functions.h
[39.948s] -- Installing: /root/ros2_ws/src/install/livox_ros_driver2/include/livox_ros_driver2/livox_ros_driver2/msg/custom_msg.h
[39.948s] -- Installing: /root/ros2_ws/src/install/livox_ros_driver2/include/livox_ros_driver2/livox_ros_driver2/msg/rosidl_generator_c__visibility_control.h
[39.948s] -- Installing: /root/ros2_ws/src/install/livox_ros_driver2/include/livox_ros_driver2/livox_ros_driver2/msg/custom_point.h
[39.948s] -- Installing: /root/ros2_ws/src/install/livox_ros_driver2/share/livox_ros_driver2/environment/library_path.sh
[39.954s] -- Installing: /root/ros2_ws/src/install/livox_ros_driver2/share/livox_ros_driver2/environment/library_path.dsv
[39.954s] -- Installing: /root/ros2_ws/src/install/livox_ros_driver2/lib/liblivox_ros_driver2__rosidl_generator_c.so
[39.954s] -- Set runtime path of "/root/ros2_ws/src/install/livox_ros_driver2/lib/liblivox_ros_driver2__rosidl_generator_c.so" to ""
[39.955s] -- Up-to-date: /root/ros2_ws/src/install/livox_ros_driver2/include/livox_ros_driver2/livox_ros_driver2
[39.955s] -- Up-to-date: /root/ros2_ws/src/install/livox_ros_driver2/include/livox_ros_driver2/livox_ros_driver2/msg
[39.955s] -- Up-to-date: /root/ros2_ws/src/install/livox_ros_driver2/include/livox_ros_driver2/livox_ros_driver2/msg/detail
[39.955s] -- Installing: /root/ros2_ws/src/install/livox_ros_driver2/include/livox_ros_driver2/livox_ros_driver2/msg/detail/custom_point__rosidl_typesupport_fastrtps_c.h
[39.955s] -- Installing: /root/ros2_ws/src/install/livox_ros_driver2/include/livox_ros_driver2/livox_ros_driver2/msg/detail/custom_msg__rosidl_typesupport_fastrtps_c.h
[39.955s] -- Installing: /root/ros2_ws/src/install/livox_ros_driver2/include/livox_ros_driver2/livox_ros_driver2/msg/rosidl_typesupport_fastrtps_c__visibility_control.h
[39.956s] -- Installing: /root/ros2_ws/src/install/livox_ros_driver2/lib/liblivox_ros_driver2__rosidl_typesupport_fastrtps_c.so
[39.956s] -- Set runtime path of "/root/ros2_ws/src/install/livox_ros_driver2/lib/liblivox_ros_driver2__rosidl_typesupport_fastrtps_c.so" to ""
[39.956s] -- Up-to-date: /root/ros2_ws/src/install/livox_ros_driver2/include/livox_ros_driver2/livox_ros_driver2
[39.957s] -- Up-to-date: /root/ros2_ws/src/install/livox_ros_driver2/include/livox_ros_driver2/livox_ros_driver2/msg
[39.957s] -- Installing: /root/ros2_ws/src/install/livox_ros_driver2/include/livox_ros_driver2/livox_ros_driver2/msg/rosidl_typesupport_introspection_c__visibility_control.h
[39.957s] -- Up-to-date: /root/ros2_ws/src/install/livox_ros_driver2/include/livox_ros_driver2/livox_ros_driver2/msg/detail
[39.958s] -- Installing: /root/ros2_ws/src/install/livox_ros_driver2/include/livox_ros_driver2/livox_ros_driver2/msg/detail/custom_msg__rosidl_typesupport_introspection_c.h
[39.964s] -- Installing: /root/ros2_ws/src/install/livox_ros_driver2/include/livox_ros_driver2/livox_ros_driver2/msg/detail/custom_msg__type_support.c
[39.964s] -- Installing: /root/ros2_ws/src/install/livox_ros_driver2/include/livox_ros_driver2/livox_ros_driver2/msg/detail/custom_point__type_support.c
[39.964s] -- Installing: /root/ros2_ws/src/install/livox_ros_driver2/include/livox_ros_driver2/livox_ros_driver2/msg/detail/custom_point__rosidl_typesupport_introspection_c.h
[39.964s] -- Installing: /root/ros2_ws/src/install/livox_ros_driver2/lib/liblivox_ros_driver2__rosidl_typesupport_introspection_c.so
[39.964s] -- Set runtime path of "/root/ros2_ws/src/install/livox_ros_driver2/lib/liblivox_ros_driver2__rosidl_typesupport_introspection_c.so" to ""
[39.965s] -- Installing: /root/ros2_ws/src/install/livox_ros_driver2/lib/liblivox_ros_driver2__rosidl_typesupport_c.so
[39.965s] -- Set runtime path of "/root/ros2_ws/src/install/livox_ros_driver2/lib/liblivox_ros_driver2__rosidl_typesupport_c.so" to ""
[39.966s] -- Up-to-date: /root/ros2_ws/src/install/livox_ros_driver2/include/livox_ros_driver2/livox_ros_driver2
[39.966s] -- Up-to-date: /root/ros2_ws/src/install/livox_ros_driver2/include/livox_ros_driver2/livox_ros_driver2/msg
[39.966s] -- Up-to-date: /root/ros2_ws/src/install/livox_ros_driver2/include/livox_ros_driver2/livox_ros_driver2/msg/detail
[39.966s] -- Installing: /root/ros2_ws/src/install/livox_ros_driver2/include/livox_ros_driver2/livox_ros_driver2/msg/detail/custom_msg__traits.hpp
[39.966s] -- Installing: /root/ros2_ws/src/install/livox_ros_driver2/include/livox_ros_driver2/livox_ros_driver2/msg/detail/custom_msg__builder.hpp
[39.966s] -- Installing: /root/ros2_ws/src/install/livox_ros_driver2/include/livox_ros_driver2/livox_ros_driver2/msg/detail/custom_msg__type_support.hpp
[39.966s] -- Installing: /root/ros2_ws/src/install/livox_ros_driver2/include/livox_ros_driver2/livox_ros_driver2/msg/detail/custom_point__struct.hpp
[39.972s] -- Installing: /root/ros2_ws/src/install/livox_ros_driver2/include/livox_ros_driver2/livox_ros_driver2/msg/detail/custom_point__builder.hpp
[39.972s] -- Installing: /root/ros2_ws/src/install/livox_ros_driver2/include/livox_ros_driver2/livox_ros_driver2/msg/detail/custom_msg__struct.hpp
[39.973s] -- Installing: /root/ros2_ws/src/install/livox_ros_driver2/include/livox_ros_driver2/livox_ros_driver2/msg/detail/custom_point__traits.hpp
[39.973s] -- Installing: /root/ros2_ws/src/install/livox_ros_driver2/include/livox_ros_driver2/livox_ros_driver2/msg/detail/custom_point__type_support.hpp
[39.973s] -- Installing: /root/ros2_ws/src/install/livox_ros_driver2/include/livox_ros_driver2/livox_ros_driver2/msg/custom_point.hpp
[39.973s] -- Installing: /root/ros2_ws/src/install/livox_ros_driver2/include/livox_ros_driver2/livox_ros_driver2/msg/custom_msg.hpp
[39.973s] -- Installing: /root/ros2_ws/src/install/livox_ros_driver2/include/livox_ros_driver2/livox_ros_driver2/msg/rosidl_generator_cpp__visibility_control.hpp
[39.973s] -- Up-to-date: /root/ros2_ws/src/install/livox_ros_driver2/include/livox_ros_driver2/livox_ros_driver2
[39.973s] -- Up-to-date: /root/ros2_ws/src/install/livox_ros_driver2/include/livox_ros_driver2/livox_ros_driver2/msg
[39.973s] -- Up-to-date: /root/ros2_ws/src/install/livox_ros_driver2/include/livox_ros_driver2/livox_ros_driver2/msg/detail
[39.973s] -- Installing: /root/ros2_ws/src/install/livox_ros_driver2/include/livox_ros_driver2/livox_ros_driver2/msg/detail/dds_fastrtps
[39.973s] -- Installing: /root/ros2_ws/src/install/livox_ros_driver2/include/livox_ros_driver2/livox_ros_driver2/msg/detail/custom_point__rosidl_typesupport_fastrtps_cpp.hpp
[39.974s] -- Installing: /root/ros2_ws/src/install/livox_ros_driver2/include/livox_ros_driver2/livox_ros_driver2/msg/detail/custom_msg__rosidl_typesupport_fastrtps_cpp.hpp
[39.974s] -- Installing: /root/ros2_ws/src/install/livox_ros_driver2/include/livox_ros_driver2/livox_ros_driver2/msg/rosidl_typesupport_fastrtps_cpp__visibility_control.h
[39.975s] -- Installing: /root/ros2_ws/src/install/livox_ros_driver2/lib/liblivox_ros_driver2__rosidl_typesupport_fastrtps_cpp.so
[39.975s] -- Set runtime path of "/root/ros2_ws/src/install/livox_ros_driver2/lib/liblivox_ros_driver2__rosidl_typesupport_fastrtps_cpp.so" to ""
[39.975s] -- Up-to-date: /root/ros2_ws/src/install/livox_ros_driver2/include/livox_ros_driver2/livox_ros_driver2
[39.975s] -- Up-to-date: /root/ros2_ws/src/install/livox_ros_driver2/include/livox_ros_driver2/livox_ros_driver2/msg
[39.975s] -- Up-to-date: /root/ros2_ws/src/install/livox_ros_driver2/include/livox_ros_driver2/livox_ros_driver2/msg/detail
[39.976s] -- Installing: /root/ros2_ws/src/install/livox_ros_driver2/include/livox_ros_driver2/livox_ros_driver2/msg/detail/custom_point__type_support.cpp
[39.976s] -- Installing: /root/ros2_ws/src/install/livox_ros_driver2/include/livox_ros_driver2/livox_ros_driver2/msg/detail/custom_msg__rosidl_typesupport_introspection_cpp.hpp
[39.984s] -- Installing: /root/ros2_ws/src/install/livox_ros_driver2/include/livox_ros_driver2/livox_ros_driver2/msg/detail/custom_msg__type_support.cpp
[39.984s] -- Installing: /root/ros2_ws/src/install/livox_ros_driver2/include/livox_ros_driver2/livox_ros_driver2/msg/detail/custom_point__rosidl_typesupport_introspection_cpp.hpp
[39.984s] -- Installing: /root/ros2_ws/src/install/livox_ros_driver2/lib/liblivox_ros_driver2__rosidl_typesupport_introspection_cpp.so
[39.984s] -- Set runtime path of "/root/ros2_ws/src/install/livox_ros_driver2/lib/liblivox_ros_driver2__rosidl_typesupport_introspection_cpp.so" to ""
[39.984s] -- Installing: /root/ros2_ws/src/install/livox_ros_driver2/lib/liblivox_ros_driver2__rosidl_typesupport_cpp.so
[39.984s] -- Set runtime path of "/root/ros2_ws/src/install/livox_ros_driver2/lib/liblivox_ros_driver2__rosidl_typesupport_cpp.so" to ""
[39.984s] -- Installing: /root/ros2_ws/src/install/livox_ros_driver2/share/livox_ros_driver2/environment/pythonpath.sh
[39.984s] -- Installing: /root/ros2_ws/src/install/livox_ros_driver2/share/livox_ros_driver2/environment/pythonpath.dsv
[39.985s] -- Installing: /root/ros2_ws/src/install/livox_ros_driver2/local/lib/python3.10/dist-packages/livox_ros_driver2-1.0.0-py3.10.egg-info
[39.985s] -- Installing: /root/ros2_ws/src/install/livox_ros_driver2/local/lib/python3.10/dist-packages/livox_ros_driver2-1.0.0-py3.10.egg-info/PKG-INFO
[39.985s] -- Installing: /root/ros2_ws/src/install/livox_ros_driver2/local/lib/python3.10/dist-packages/livox_ros_driver2-1.0.0-py3.10.egg-info/dependency_links.txt
[39.985s] -- Installing: /root/ros2_ws/src/install/livox_ros_driver2/local/lib/python3.10/dist-packages/livox_ros_driver2-1.0.0-py3.10.egg-info/SOURCES.txt
[39.986s] -- Installing: /root/ros2_ws/src/install/livox_ros_driver2/local/lib/python3.10/dist-packages/livox_ros_driver2-1.0.0-py3.10.egg-info/top_level.txt
[39.986s] -- Installing: /root/ros2_ws/src/install/livox_ros_driver2/local/lib/python3.10/dist-packages/livox_ros_driver2
[39.986s] -- Installing: /root/ros2_ws/src/install/livox_ros_driver2/local/lib/python3.10/dist-packages/livox_ros_driver2/_livox_ros_driver2_s.ep.rosidl_typesupport_fastrtps_c.c
[39.993s] -- Installing: /root/ros2_ws/src/install/livox_ros_driver2/local/lib/python3.10/dist-packages/livox_ros_driver2/_livox_ros_driver2_s.ep.rosidl_typesupport_introspection_c.c
[39.993s] -- Installing: /root/ros2_ws/src/install/livox_ros_driver2/local/lib/python3.10/dist-packages/livox_ros_driver2/livox_ros_driver2_s__rosidl_typesupport_fastrtps_c.cpython-310-x86_64-linux-gnu.so
[39.993s] -- Installing: /root/ros2_ws/src/install/livox_ros_driver2/local/lib/python3.10/dist-packages/livox_ros_driver2/livox_ros_driver2_s__rosidl_typesupport_c.cpython-310-x86_64-linux-gnu.so
[39.993s] -- Installing: /root/ros2_ws/src/install/livox_ros_driver2/local/lib/python3.10/dist-packages/livox_ros_driver2/_livox_ros_driver2_s.ep.rosidl_typesupport_c.c
[39.993s] -- Installing: /root/ros2_ws/src/install/livox_ros_driver2/local/lib/python3.10/dist-packages/livox_ros_driver2/liblivox_interfaces2__rosidl_generator_py.so
[39.994s] -- Installing: /root/ros2_ws/src/install/livox_ros_driver2/local/lib/python3.10/dist-packages/livox_ros_driver2/livox_ros_driver2_s__rosidl_typesupport_introspection_c.cpython-310-x86_64-linux-gnu.so
[39.994s] -- Installing: /root/ros2_ws/src/install/livox_ros_driver2/local/lib/python3.10/dist-packages/livox_ros_driver2/__init__.py
[39.994s] -- Installing: /root/ros2_ws/src/install/livox_ros_driver2/local/lib/python3.10/dist-packages/livox_ros_driver2/msg
[39.994s] -- Installing: /root/ros2_ws/src/install/livox_ros_driver2/local/lib/python3.10/dist-packages/livox_ros_driver2/msg/_custom_point.py
[39.994s] -- Installing: /root/ros2_ws/src/install/livox_ros_driver2/local/lib/python3.10/dist-packages/livox_ros_driver2/msg/_custom_point_s.c
[39.994s] -- Installing: /root/ros2_ws/src/install/livox_ros_driver2/local/lib/python3.10/dist-packages/livox_ros_driver2/msg/_custom_msg.py
[39.994s] -- Installing: /root/ros2_ws/src/install/livox_ros_driver2/local/lib/python3.10/dist-packages/livox_ros_driver2/msg/__init__.py
[39.999s] -- Installing: /root/ros2_ws/src/install/livox_ros_driver2/local/lib/python3.10/dist-packages/livox_ros_driver2/msg/_custom_msg_s.c
[40.202s] Listing '/root/ros2_ws/src/install/livox_ros_driver2/local/lib/python3.10/dist-packages/livox_ros_driver2'...
[40.202s] Compiling '/root/ros2_ws/src/install/livox_ros_driver2/local/lib/python3.10/dist-packages/livox_ros_driver2/__init__.py'...
[40.203s] Listing '/root/ros2_ws/src/install/livox_ros_driver2/local/lib/python3.10/dist-packages/livox_ros_driver2/msg'...
[40.203s] Compiling '/root/ros2_ws/src/install/livox_ros_driver2/local/lib/python3.10/dist-packages/livox_ros_driver2/msg/__init__.py'...
[40.203s] Compiling '/root/ros2_ws/src/install/livox_ros_driver2/local/lib/python3.10/dist-packages/livox_ros_driver2/msg/_custom_msg.py'...
[40.203s] Compiling '/root/ros2_ws/src/install/livox_ros_driver2/local/lib/python3.10/dist-packages/livox_ros_driver2/msg/_custom_point.py'...
[40.216s] -- Installing: /root/ros2_ws/src/install/livox_ros_driver2/local/lib/python3.10/dist-packages/livox_ros_driver2/livox_ros_driver2_s__rosidl_typesupport_fastrtps_c.cpython-310-x86_64-linux-gnu.so
[40.216s] -- Set runtime path of "/root/ros2_ws/src/install/livox_ros_driver2/local/lib/python3.10/dist-packages/livox_ros_driver2/livox_ros_driver2_s__rosidl_typesupport_fastrtps_c.cpython-310-x86_64-linux-gnu.so" to ""
[40.216s] -- Installing: /root/ros2_ws/src/install/livox_ros_driver2/local/lib/python3.10/dist-packages/livox_ros_driver2/livox_ros_driver2_s__rosidl_typesupport_introspection_c.cpython-310-x86_64-linux-gnu.so
[40.217s] -- Set runtime path of "/root/ros2_ws/src/install/livox_ros_driver2/local/lib/python3.10/dist-packages/livox_ros_driver2/livox_ros_driver2_s__rosidl_typesupport_introspection_c.cpython-310-x86_64-linux-gnu.so" to ""
[40.217s] -- Installing: /root/ros2_ws/src/install/livox_ros_driver2/local/lib/python3.10/dist-packages/livox_ros_driver2/livox_ros_driver2_s__rosidl_typesupport_c.cpython-310-x86_64-linux-gnu.so
[40.218s] -- Set runtime path of "/root/ros2_ws/src/install/livox_ros_driver2/local/lib/python3.10/dist-packages/livox_ros_driver2/livox_ros_driver2_s__rosidl_typesupport_c.cpython-310-x86_64-linux-gnu.so" to ""
[40.220s] -- Installing: /root/ros2_ws/src/install/livox_ros_driver2/lib/liblivox_interfaces2__rosidl_generator_py.so
[40.220s] -- Set runtime path of "/root/ros2_ws/src/install/livox_ros_driver2/lib/liblivox_interfaces2__rosidl_generator_py.so" to ""
[40.221s] -- Installing: /root/ros2_ws/src/install/livox_ros_driver2/share/livox_ros_driver2/msg/CustomPoint.idl
[40.221s] -- Installing: /root/ros2_ws/src/install/livox_ros_driver2/share/livox_ros_driver2/msg/CustomMsg.idl
[40.221s] -- Installing: /root/ros2_ws/src/install/livox_ros_driver2/share/livox_ros_driver2/msg/CustomPoint.msg
[40.221s] -- Installing: /root/ros2_ws/src/install/livox_ros_driver2/share/livox_ros_driver2/msg/CustomMsg.msg
[40.222s] -- Installing: /root/ros2_ws/src/install/livox_ros_driver2/lib/livox_ros_driver2/livox_ros_driver2_node
[40.223s] -- Set runtime path of "/root/ros2_ws/src/install/livox_ros_driver2/lib/livox_ros_driver2/livox_ros_driver2_node" to ""
[40.224s] -- Installing: /root/ros2_ws/src/install/livox_ros_driver2/lib/liblivox_ros_driver2.so
[40.230s] -- Set runtime path of "/root/ros2_ws/src/install/livox_ros_driver2/lib/liblivox_ros_driver2.so" to ""
[40.230s] -- Installing: /root/ros2_ws/src/install/livox_ros_driver2/share/livox_ros_driver2/config
[40.231s] -- Installing: /root/ros2_ws/src/install/livox_ros_driver2/share/livox_ros_driver2/config/MID360_config.json
[40.231s] -- Installing: /root/ros2_ws/src/install/livox_ros_driver2/share/livox_ros_driver2/config/display_point_cloud_ROS1.rviz
[40.232s] -- Installing: /root/ros2_ws/src/install/livox_ros_driver2/share/livox_ros_driver2/config/HAP_config.json
[40.233s] -- Installing: /root/ros2_ws/src/install/livox_ros_driver2/share/livox_ros_driver2/config/mixed_HAP_MID360_config.json
[40.238s] -- Installing: /root/ros2_ws/src/install/livox_ros_driver2/share/livox_ros_driver2/config/display_point_cloud_ROS2.rviz
[40.238s] -- Installing: /root/ros2_ws/src/install/livox_ros_driver2/share/livox_ros_driver2/launch_ROS2
[40.238s] -- Installing: /root/ros2_ws/src/install/livox_ros_driver2/share/livox_ros_driver2/launch_ROS2/msg_MID360_launch.py
[40.241s] -- Installing: /root/ros2_ws/src/install/livox_ros_driver2/share/livox_ros_driver2/launch_ROS2/rviz_mixed.py
[40.241s] -- Installing: /root/ros2_ws/src/install/livox_ros_driver2/share/livox_ros_driver2/launch_ROS2/rviz_MID360_launch.py
[40.241s] -- Installing: /root/ros2_ws/src/install/livox_ros_driver2/share/livox_ros_driver2/launch_ROS2/rviz_HAP_launch.py
[40.241s] -- Installing: /root/ros2_ws/src/install/livox_ros_driver2/share/livox_ros_driver2/launch_ROS2/msg_HAP_launch.py
[40.241s] -- Installing: /root/ros2_ws/src/install/livox_ros_driver2/share/ament_index/resource_index/package_run_dependencies/livox_ros_driver2
[40.241s] -- Installing: /root/ros2_ws/src/install/livox_ros_driver2/share/ament_index/resource_index/parent_prefix_path/livox_ros_driver2
[40.241s] -- Installing: /root/ros2_ws/src/install/livox_ros_driver2/share/livox_ros_driver2/environment/ament_prefix_path.sh
[40.241s] -- Installing: /root/ros2_ws/src/install/livox_ros_driver2/share/livox_ros_driver2/environment/ament_prefix_path.dsv
[40.241s] -- Installing: /root/ros2_ws/src/install/livox_ros_driver2/share/livox_ros_driver2/environment/path.sh
[40.242s] -- Installing: /root/ros2_ws/src/install/livox_ros_driver2/share/livox_ros_driver2/environment/path.dsv
[40.242s] -- Installing: /root/ros2_ws/src/install/livox_ros_driver2/share/livox_ros_driver2/local_setup.bash
[40.250s] -- Installing: /root/ros2_ws/src/install/livox_ros_driver2/share/livox_ros_driver2/local_setup.sh
[40.250s] -- Installing: /root/ros2_ws/src/install/livox_ros_driver2/share/livox_ros_driver2/local_setup.zsh
[40.250s] -- Installing: /root/ros2_ws/src/install/livox_ros_driver2/share/livox_ros_driver2/local_setup.dsv
[40.250s] -- Installing: /root/ros2_ws/src/install/livox_ros_driver2/share/livox_ros_driver2/package.dsv
[40.250s] -- Installing: /root/ros2_ws/src/install/livox_ros_driver2/share/ament_index/resource_index/packages/livox_ros_driver2
[40.251s] -- Installing: /root/ros2_ws/src/install/livox_ros_driver2/share/livox_ros_driver2/cmake/export_livox_interfaces2__rosidl_generator_cExport.cmake
[40.251s] -- Installing: /root/ros2_ws/src/install/livox_ros_driver2/share/livox_ros_driver2/cmake/export_livox_interfaces2__rosidl_generator_cExport-noconfig.cmake
[40.251s] -- Installing: /root/ros2_ws/src/install/livox_ros_driver2/share/livox_ros_driver2/cmake/export_livox_interfaces2__rosidl_typesupport_fastrtps_cExport.cmake
[40.251s] -- Installing: /root/ros2_ws/src/install/livox_ros_driver2/share/livox_ros_driver2/cmake/export_livox_interfaces2__rosidl_typesupport_fastrtps_cExport-noconfig.cmake
[40.251s] -- Installing: /root/ros2_ws/src/install/livox_ros_driver2/share/livox_ros_driver2/cmake/livox_interfaces2__rosidl_typesupport_introspection_cExport.cmake
[40.252s] -- Installing: /root/ros2_ws/src/install/livox_ros_driver2/share/livox_ros_driver2/cmake/livox_interfaces2__rosidl_typesupport_introspection_cExport-noconfig.cmake
[40.252s] -- Installing: /root/ros2_ws/src/install/livox_ros_driver2/share/livox_ros_driver2/cmake/livox_interfaces2__rosidl_typesupport_cExport.cmake
[40.252s] -- Installing: /root/ros2_ws/src/install/livox_ros_driver2/share/livox_ros_driver2/cmake/livox_interfaces2__rosidl_typesupport_cExport-noconfig.cmake
[40.260s] -- Installing: /root/ros2_ws/src/install/livox_ros_driver2/share/livox_ros_driver2/cmake/export_livox_interfaces2__rosidl_generator_cppExport.cmake
[40.260s] -- Installing: /root/ros2_ws/src/install/livox_ros_driver2/share/livox_ros_driver2/cmake/export_livox_interfaces2__rosidl_typesupport_fastrtps_cppExport.cmake
[40.260s] -- Installing: /root/ros2_ws/src/install/livox_ros_driver2/share/livox_ros_driver2/cmake/export_livox_interfaces2__rosidl_typesupport_fastrtps_cppExport-noconfig.cmake
[40.260s] -- Installing: /root/ros2_ws/src/install/livox_ros_driver2/share/livox_ros_driver2/cmake/livox_interfaces2__rosidl_typesupport_introspection_cppExport.cmake
[40.260s] -- Installing: /root/ros2_ws/src/install/livox_ros_driver2/share/livox_ros_driver2/cmake/livox_interfaces2__rosidl_typesupport_introspection_cppExport-noconfig.cmake
[40.260s] -- Installing: /root/ros2_ws/src/install/livox_ros_driver2/share/livox_ros_driver2/cmake/livox_interfaces2__rosidl_typesupport_cppExport.cmake
[40.260s] -- Installing: /root/ros2_ws/src/install/livox_ros_driver2/share/livox_ros_driver2/cmake/livox_interfaces2__rosidl_typesupport_cppExport-noconfig.cmake
[40.260s] -- Installing: /root/ros2_ws/src/install/livox_ros_driver2/share/livox_ros_driver2/cmake/export_livox_interfaces2__rosidl_generator_pyExport.cmake
[40.261s] -- Installing: /root/ros2_ws/src/install/livox_ros_driver2/share/livox_ros_driver2/cmake/export_livox_interfaces2__rosidl_generator_pyExport-noconfig.cmake
[40.261s] -- Installing: /root/ros2_ws/src/install/livox_ros_driver2/share/ament_index/resource_index/rclcpp_components/livox_ros_driver2
[40.261s] -- Installing: /root/ros2_ws/src/install/livox_ros_driver2/share/livox_ros_driver2/cmake/rosidl_cmake-extras.cmake
[40.262s] -- Installing: /root/ros2_ws/src/install/livox_ros_driver2/share/livox_ros_driver2/cmake/ament_cmake_export_dependencies-extras.cmake
[40.262s] -- Installing: /root/ros2_ws/src/install/livox_ros_driver2/share/livox_ros_driver2/cmake/ament_cmake_export_include_directories-extras.cmake
[40.263s] -- Installing: /root/ros2_ws/src/install/livox_ros_driver2/share/livox_ros_driver2/cmake/ament_cmake_export_libraries-extras.cmake
[40.263s] -- Installing: /root/ros2_ws/src/install/livox_ros_driver2/share/livox_ros_driver2/cmake/ament_cmake_export_targets-extras.cmake
[40.264s] -- Installing: /root/ros2_ws/src/install/livox_ros_driver2/share/livox_ros_driver2/cmake/rosidl_cmake_export_typesupport_targets-extras.cmake
[40.264s] -- Installing: /root/ros2_ws/src/install/livox_ros_driver2/share/livox_ros_driver2/cmake/rosidl_cmake_export_typesupport_libraries-extras.cmake
[40.265s] -- Installing: /root/ros2_ws/src/install/livox_ros_driver2/share/livox_ros_driver2/cmake/livox_ros_driver2Config.cmake
[40.265s] -- Installing: /root/ros2_ws/src/install/livox_ros_driver2/share/livox_ros_driver2/cmake/livox_ros_driver2Config-version.cmake
[40.265s] -- Installing: /root/ros2_ws/src/install/livox_ros_driver2/share/livox_ros_driver2/package.xml
[40.278s] Invoked command in '/root/ros2_ws/src/build/livox_ros_driver2' returned '0': CMAKE_PREFIX_PATH=/opt/ros/humble /usr/bin/cmake --install /root/ros2_ws/src/build/livox_ros_driver2
