[0.565s] Invoking command in '/root/ros2_ws/src/build/waypoint_example': CMAKE_PREFIX_PATH=/opt/ros/humble /usr/bin/cmake --build /root/ros2_ws/src/build/waypoint_example -- -j24 -l24
[0.660s] [100%] Built target waypointExample
[0.785s] Invoked command in '/root/ros2_ws/src/build/waypoint_example' returned '0': CMAKE_PREFIX_PATH=/opt/ros/humble /usr/bin/cmake --build /root/ros2_ws/src/build/waypoint_example -- -j24 -l24
[0.788s] Invoking command in '/root/ros2_ws/src/build/waypoint_example': CMAKE_PREFIX_PATH=/opt/ros/humble /usr/bin/cmake --install /root/ros2_ws/src/build/waypoint_example
[0.817s] -- Install configuration: ""
[0.817s] -- Up-to-date: /root/ros2_ws/src/install/waypoint_example/lib/waypoint_example/waypointExample
[0.817s] -- Up-to-date: /root/ros2_ws/src/install/waypoint_example/share/waypoint_example/launch
[0.817s] -- Installing: /root/ros2_ws/src/install/waypoint_example/share/waypoint_example/launch/waypoint_example.launch
[0.817s] -- Up-to-date: /root/ros2_ws/src/install/waypoint_example/share/waypoint_example/data
[0.817s] -- Up-to-date: /root/ros2_ws/src/install/waypoint_example/share/waypoint_example/data/waypoints.ply
[0.817s] -- Up-to-date: /root/ros2_ws/src/install/waypoint_example/share/waypoint_example/data/boundary.ply
[0.817s] -- Up-to-date: /root/ros2_ws/src/install/waypoint_example/share/ament_index/resource_index/package_run_dependencies/waypoint_example
[0.817s] -- Up-to-date: /root/ros2_ws/src/install/waypoint_example/share/ament_index/resource_index/parent_prefix_path/waypoint_example
[0.817s] -- Up-to-date: /root/ros2_ws/src/install/waypoint_example/share/waypoint_example/environment/ament_prefix_path.sh
[0.817s] -- Up-to-date: /root/ros2_ws/src/install/waypoint_example/share/waypoint_example/environment/ament_prefix_path.dsv
[0.818s] -- Up-to-date: /root/ros2_ws/src/install/waypoint_example/share/waypoint_example/environment/path.sh
[0.818s] -- Up-to-date: /root/ros2_ws/src/install/waypoint_example/share/waypoint_example/environment/path.dsv
[0.818s] -- Up-to-date: /root/ros2_ws/src/install/waypoint_example/share/waypoint_example/local_setup.bash
[0.818s] -- Up-to-date: /root/ros2_ws/src/install/waypoint_example/share/waypoint_example/local_setup.sh
[0.818s] -- Up-to-date: /root/ros2_ws/src/install/waypoint_example/share/waypoint_example/local_setup.zsh
[0.819s] -- Up-to-date: /root/ros2_ws/src/install/waypoint_example/share/waypoint_example/local_setup.dsv
[0.819s] -- Installing: /root/ros2_ws/src/install/waypoint_example/share/waypoint_example/package.dsv
[0.819s] -- Up-to-date: /root/ros2_ws/src/install/waypoint_example/share/ament_index/resource_index/packages/waypoint_example
[0.819s] -- Up-to-date: /root/ros2_ws/src/install/waypoint_example/share/waypoint_example/cmake/waypoint_exampleConfig.cmake
[0.819s] -- Up-to-date: /root/ros2_ws/src/install/waypoint_example/share/waypoint_example/cmake/waypoint_exampleConfig-version.cmake
[0.819s] -- Up-to-date: /root/ros2_ws/src/install/waypoint_example/share/waypoint_example/package.xml
[0.847s] Invoked command in '/root/ros2_ws/src/build/waypoint_example' returned '0': CMAKE_PREFIX_PATH=/opt/ros/humble /usr/bin/cmake --install /root/ros2_ws/src/build/waypoint_example
