[0.236s] Invoking command in '/root/ros2_ws/src/build/teleop_rviz_plugin_plus': CMAKE_PREFIX_PATH=/opt/ros/humble /usr/bin/cmake /root/ros2_ws/src/utilities/teleop_rviz_plugin_plus -DROS_EDITION=ROS2 -DHUMBLE_ROS=humble -DCMAKE_INSTALL_PREFIX=/root/ros2_ws/src/install/teleop_rviz_plugin_plus
[0.560s] -- The C compiler identification is GNU 11.4.0
[0.560s] -- The CXX compiler identification is GNU 11.4.0
[0.560s] -- Detecting C compiler ABI info
[0.560s] -- Detecting C compiler ABI info - done
[0.560s] -- Check for working C compiler: /usr/bin/cc - skipped
[0.560s] -- Detecting C compile features
[0.560s] -- Detecting C compile features - done
[0.560s] -- Detecting CXX compiler ABI info
[0.607s] -- Detecting CXX compiler ABI info - done
[0.618s] -- Check for working CXX compiler: /usr/bin/c++ - skipped
[0.619s] -- Detecting CXX compile features
[0.619s] -- Detecting CXX compile features - done
[0.628s] -- Found ament_cmake: 1.3.12 (/opt/ros/humble/share/ament_cmake/cmake)
[0.862s] -- Found Python3: /usr/bin/python3 (found version "3.10.12") found components: Interpreter 
[1.088s] -- Found pluginlib: 5.1.3 (/opt/ros/humble/share/pluginlib/cmake)
[1.283s] -- Found rclcpp: 16.0.17 (/opt/ros/humble/share/rclcpp/cmake)
[1.357s] -- Found rosidl_generator_c: 3.1.8 (/opt/ros/humble/share/rosidl_generator_c/cmake)
[1.388s] -- Found rosidl_adapter: 3.1.8 (/opt/ros/humble/share/rosidl_adapter/cmake)
[1.410s] -- Found rosidl_generator_cpp: 3.1.8 (/opt/ros/humble/share/rosidl_generator_cpp/cmake)
[1.453s] -- Using all available rosidl_typesupport_c: rosidl_typesupport_fastrtps_c;rosidl_typesupport_introspection_c
[1.487s] -- Using all available rosidl_typesupport_cpp: rosidl_typesupport_fastrtps_cpp;rosidl_typesupport_introspection_cpp
[1.593s] -- Found rmw_implementation_cmake: 6.1.2 (/opt/ros/humble/share/rmw_implementation_cmake/cmake)
[1.600s] -- Found rmw_fastrtps_cpp: 6.2.9 (/opt/ros/humble/share/rmw_fastrtps_cpp/cmake)
[1.681s] -- Found TinyXML2 via Config file: TinyXML2_DIR-NOTFOUND
[1.728s] -- Found OpenSSL: /usr/lib/x86_64-linux-gnu/libcrypto.so (found version "3.0.2")  
[1.735s] -- Found TinyXML2 via Config file: TinyXML2_DIR-NOTFOUND
[1.755s] -- Found FastRTPS: /opt/ros/humble/include  
[1.761s] -- Found TinyXML2 via Config file: TinyXML2_DIR-NOTFOUND
[1.771s] -- Found TinyXML2 via Config file: TinyXML2_DIR-NOTFOUND
[1.785s] -- Using RMW implementation 'rmw_fastrtps_cpp' as default
[1.802s] -- Looking for pthread.h
[1.882s] -- Looking for pthread.h - found
[1.882s] -- Performing Test CMAKE_HAVE_LIBC_PTHREAD
[1.957s] -- Performing Test CMAKE_HAVE_LIBC_PTHREAD - Success
[1.958s] -- Found Threads: TRUE  
[2.089s] -- Found rviz2: 11.2.25 (/opt/ros/humble/share/rviz2/cmake)
[2.095s] -- Found rviz_common: 11.2.25 (/opt/ros/humble/share/rviz_common/cmake)
[2.105s] -- Setting assimp_DIR to: '/opt/ros/humble/share/rviz_assimp_vendor/cmake/../../../opt/rviz_assimp_vendor/lib/cmake/assimp-4.1'
[2.121s] -- Setting OGRE_DIR to: '/opt/ros/humble/share/rviz_ogre_vendor/cmake/../../../opt/rviz_ogre_vendor/lib/OGRE/cmake'
[2.125s] -- Found OGRE
[2.125s] --   static     : OFF
[2.125s] --   components : HLMS;MeshLodGenerator;Overlay;Paging;Property;RTShaderSystem;Terrain;Volume
[2.125s] --   plugins    : Plugin_BSPSceneManager;Plugin_OctreeSceneManager;Plugin_PCZSceneManager;Plugin_ParticleFX;RenderSystem_GL;RenderSystem_GL3Plus;Codec_STBI
[2.125s] --   media      : /opt/ros/humble/opt/rviz_ogre_vendor/share/OGRE/Media
[2.125s] -- OGRE_LIBRARIES: OgreHLMS;OgreMeshLodGenerator;OgreOverlay;OgrePaging;OgreProperty;OgreRTShaderSystem;OgreTerrain;OgreVolume;OgreMain
[2.125s] -- OGRE_LIBRARY_DIRS: /opt/ros/humble/opt/rviz_ogre_vendor/lib
[2.125s] -- OGRE_PLUGINS: Plugin_BSPSceneManager;Plugin_OctreeSceneManager;Plugin_PCZSceneManager;Plugin_ParticleFX;RenderSystem_GL;RenderSystem_GL3Plus;Codec_STBI
[2.125s] -- OGRE_PLUGIN_DIR: /opt/ros/humble/opt/rviz_ogre_vendor/lib/OGRE
[2.125s] -- rviz_ogre_vendor::OgreOverlay for IMPORTED_LOCATION_RELEASE: /opt/ros/humble/opt/rviz_ogre_vendor/lib/libOgreOverlay.so
[2.125s] -- rviz_ogre_vendor::OgreOverlay for IMPORTED_LOCATION_DEBUG: /opt/ros/humble/opt/rviz_ogre_vendor/lib/libOgreOverlay.so
[2.125s] -- rviz_ogre_vendor::OgreMain for IMPORTED_LOCATION_RELEASE: /opt/ros/humble/opt/rviz_ogre_vendor/lib/libOgreMain.so
[2.125s] -- rviz_ogre_vendor::OgreMain for IMPORTED_LOCATION_DEBUG: /opt/ros/humble/opt/rviz_ogre_vendor/lib/libOgreMain.so
[2.126s] -- Could not find freeimage library
[2.155s] -- Found ZLIB: /usr/lib/x86_64-linux-gnu/libz.so (found version "1.2.11") 
[2.163s] -- Found OpenGL: /usr/lib/x86_64-linux-gnu/libOpenGL.so   
[2.270s] -- Found X11: /usr/include   
[2.270s] -- Looking for XOpenDisplay in /usr/lib/x86_64-linux-gnu/libX11.so;/usr/lib/x86_64-linux-gnu/libXext.so
[2.354s] -- Looking for XOpenDisplay in /usr/lib/x86_64-linux-gnu/libX11.so;/usr/lib/x86_64-linux-gnu/libXext.so - found
[2.354s] -- Looking for gethostbyname
[2.444s] -- Looking for gethostbyname - found
[2.444s] -- Looking for connect
[2.531s] -- Looking for connect - found
[2.531s] -- Looking for remove
[2.668s] -- Looking for remove - found
[2.669s] -- Looking for shmat
[2.738s] -- Looking for shmat - found
[2.741s] -- Looking for IceConnectionNumber in ICE
[2.811s] -- Looking for IceConnectionNumber in ICE - found
[2.922s] -- library: /usr/lib/x86_64-linux-gnu/libcurl.so
[3.014s] -- Found Eigen3: TRUE (found version "3.4.0") 
[3.014s] -- Ensuring Eigen3 include directory is part of orocos-kdl CMake target
[3.164s] -- Found rviz_default_plugins: 11.2.25 (/opt/ros/humble/share/rviz_default_plugins/cmake)
[3.261s] -- Found ament_lint_auto: 0.12.14 (/opt/ros/humble/share/ament_lint_auto/cmake)
[3.360s] -- Added test 'copyright' to check source files copyright and LICENSE
[3.360s] -- Added test 'cppcheck' to perform static code analysis on C / C++ code
[3.360s] -- Configured cppcheck include dirs: 
[3.360s] -- Configured cppcheck exclude dirs and/or files: 
[3.361s] -- Added test 'cpplint' to check C / C++ code against the Google style
[3.361s] -- Configured cpplint exclude dirs and/or files: 
[3.361s] -- Added test 'lint_cmake' to check CMake code style
[3.362s] -- Added test 'uncrustify' to check C / C++ code style
[3.362s] -- Configured uncrustify additional arguments: 
[3.362s] -- Added test 'xmllint' to check XML markup files
[3.363s] -- Configuring done
[3.398s] -- Generating done
[3.399s] [33mCMake Warning:
[3.399s]   Manually-specified variables were not used by the project:
[3.400s] 
[3.400s]     HUMBLE_ROS
[3.400s]     ROS_EDITION
[3.400s] 
[3.400s] [0m
[3.405s] -- Build files have been written to: /root/ros2_ws/src/build/teleop_rviz_plugin_plus
