[0.036s] Invoking command in '/root/ros2_ws/src/build/local_planner': CMAKE_PREFIX_PATH=/root/ros2_ws/src/install/go2_sport_api:/root/ros2_ws/src/install/unitree_go:/root/ros2_ws/src/install/unitree_api:/root/ros2_ws/src/install/waypoint_rviz_plugin:/root/ros2_ws/src/install/waypoint_example:/root/ros2_ws/src/install/visualization_tools:/root/ros2_ws/src/install/graph_decoder:/root/ros2_ws/src/install/far_planner:/root/ros2_ws/src/install/boundary_handler:/root/ros2_ws/src/install/visibility_graph_msg:/root/ros2_ws/src/install/vehicle_simulator:/root/ros2_ws/src/install/local_planner:/root/ros2_ws/src/install/calibrate_imu:/root/ros2_ws/src/install/point_lio_unilidar:/root/ros2_ws/src/install/terrain_analysis_ext:/root/ros2_ws/src/install/terrain_analysis:/root/ros2_ws/src/install/teleop_rviz_plugin_plus:/root/ros2_ws/src/install/teleop_rviz_plugin:/root/ros2_ws/src/install/super_odometry:/root/ros2_ws/src/install/super_odometry_msgs:/root/ros2_ws/src/install/sensor_scan_generation:/root/ros2_ws/src/install/rviz_2d_overlay_plugins:/root/ros2_ws/src/install/rviz_2d_overlay_msgs:/root/ros2_ws/src/install/livox_ros_driver2:/root/ros2_ws/src/install/goalpoint_rviz_plugin:/root/ros2_ws/src/install/go2_h264_repub:/root/ros2_ws/src/install/transform_sensors:/root/ros2_ws/src/install/ros_tcp_endpoint:/opt/ros/humble LD_LIBRARY_PATH=/root/ros2_ws/src/install/go2_sport_api/lib:/root/ros2_ws/src/install/unitree_go/lib:/root/ros2_ws/src/install/unitree_api/lib:/root/ros2_ws/src/install/visibility_graph_msg/lib:/root/ros2_ws/src/install/super_odometry/lib:/root/ros2_ws/src/install/super_odometry_msgs/lib:/root/ros2_ws/src/install/rviz_2d_overlay_plugins/lib:/root/ros2_ws/src/install/rviz_2d_overlay_msgs/lib:/root/ros2_ws/src/install/livox_ros_driver2/lib:/opt/ros/humble/opt/rviz_ogre_vendor/lib:/opt/ros/humble/lib/x86_64-linux-gnu:/opt/ros/humble/lib /usr/bin/cmake /root/ros2_ws/src/base_autonomy/local_planner -DCMAKE_INSTALL_PREFIX=/root/ros2_ws/src/install/local_planner
[0.049s] -- Found ament_cmake: 1.3.12 (/opt/ros/humble/share/ament_cmake/cmake)
[0.175s] -- Found rclcpp: 16.0.17 (/opt/ros/humble/share/rclcpp/cmake)
[0.205s] -- Found rosidl_generator_c: 3.1.8 (/opt/ros/humble/share/rosidl_generator_c/cmake)
[0.209s] -- Found rosidl_adapter: 3.1.8 (/opt/ros/humble/share/rosidl_adapter/cmake)
[0.221s] -- Found rosidl_generator_cpp: 3.1.8 (/opt/ros/humble/share/rosidl_generator_cpp/cmake)
[0.241s] -- Using all available rosidl_typesupport_c: rosidl_typesupport_fastrtps_c;rosidl_typesupport_introspection_c
[0.255s] -- Using all available rosidl_typesupport_cpp: rosidl_typesupport_fastrtps_cpp;rosidl_typesupport_introspection_cpp
[0.282s] -- Found rmw_implementation_cmake: 6.1.2 (/opt/ros/humble/share/rmw_implementation_cmake/cmake)
[0.284s] -- Found rmw_fastrtps_cpp: 6.2.9 (/opt/ros/humble/share/rmw_fastrtps_cpp/cmake)
[0.399s] -- Using RMW implementation 'rmw_fastrtps_cpp' as default
[0.435s] -- Found nav_msgs: 4.9.0 (/opt/ros/humble/share/nav_msgs/cmake)
[0.456s] -- Found sensor_msgs: 4.9.0 (/opt/ros/humble/share/sensor_msgs/cmake)
[0.470s] -- Found tf2_ros: 0.25.18 (/opt/ros/humble/share/tf2_ros/cmake)
[0.526s] -- Found tf2_geometry_msgs: 0.25.18 (/opt/ros/humble/share/tf2_geometry_msgs/cmake)
[0.529s] -- Found eigen3_cmake_module: 0.1.1 (/opt/ros/humble/share/eigen3_cmake_module/cmake)
[0.530s] -- Ensuring Eigen3 include directory is part of orocos-kdl CMake target
[0.531s] -- Found pcl_conversions: 2.4.5 (/opt/ros/humble/share/pcl_conversions/cmake)
[0.555s] -- Eigen found (include: /usr/include/eigen3, version: 3.4.0)
[0.584s] -- FLANN found (include: /usr/include, lib: /usr/lib/x86_64-linux-gnu/libflann_cpp.so)
[0.821s] -- OpenNI found (version: 1.5.4.0, include: /usr/include/ni, lib: /usr/lib/libOpenNI.so;libusb::libusb)
[0.828s] -- OpenNI2 found (version: 2.2.0.33, include: /usr/include/openni2, lib: /usr/lib/x86_64-linux-gnu/libOpenNI2.so;libusb::libusb)
[0.930s] -- Eigen found (include: /usr/include/eigen3, version: 3.4.0)
[0.934s] -- OpenNI found (version: 1.5.4.0, include: /usr/include/ni, lib: /usr/lib/libOpenNI.so;libusb::libusb)
[0.938s] -- OpenNI2 found (version: 2.2.0.33, include: /usr/include/openni2, lib: /usr/lib/x86_64-linux-gnu/libOpenNI2.so;libusb::libusb)
[1.026s] -- Found Qhull version 8.0.2
[1.116s] -- OpenNI found (version: 1.5.4.0, include: /usr/include/ni, lib: /usr/lib/libOpenNI.so;libusb::libusb)
[1.198s] -- Found pcl_ros: 2.4.5 (/opt/ros/humble/share/pcl_ros/cmake)
[1.205s] -- Found unitree_api: 0.0.0 (/root/ros2_ws/src/install/unitree_api/share/unitree_api/cmake)
[1.212s] -- Found go2_sport_api: 0.0.0 (/root/ros2_ws/src/install/go2_sport_api/share/go2_sport_api/cmake)
[1.243s] -- Found ament_lint_auto: 0.12.14 (/opt/ros/humble/share/ament_lint_auto/cmake)
[1.281s] -- Added test 'copyright' to check source files copyright and LICENSE
[1.282s] -- Added test 'cppcheck' to perform static code analysis on C / C++ code
[1.283s] -- Configured cppcheck include dirs: /root/ros2_ws/src/base_autonomy/local_planner/include;/root/ros2_ws/src/base_autonomy/local_planner/include/nlohmann
[1.283s] -- Configured cppcheck exclude dirs and/or files: 
[1.284s] -- Added test 'cpplint' to check C / C++ code against the Google style
[1.284s] -- Configured cpplint exclude dirs and/or files: 
[1.284s] -- Added test 'lint_cmake' to check CMake code style
[1.286s] -- Added test 'uncrustify' to check C / C++ code style
[1.286s] -- Configured uncrustify additional arguments: 
[1.287s] -- Added test 'xmllint' to check XML markup files
[1.287s] -- Configuring done
[1.322s] -- Generating done
[1.331s] -- Build files have been written to: /root/ros2_ws/src/build/local_planner
[1.341s] Invoked command in '/root/ros2_ws/src/build/local_planner' returned '0': CMAKE_PREFIX_PATH=/root/ros2_ws/src/install/go2_sport_api:/root/ros2_ws/src/install/unitree_go:/root/ros2_ws/src/install/unitree_api:/root/ros2_ws/src/install/waypoint_rviz_plugin:/root/ros2_ws/src/install/waypoint_example:/root/ros2_ws/src/install/visualization_tools:/root/ros2_ws/src/install/graph_decoder:/root/ros2_ws/src/install/far_planner:/root/ros2_ws/src/install/boundary_handler:/root/ros2_ws/src/install/visibility_graph_msg:/root/ros2_ws/src/install/vehicle_simulator:/root/ros2_ws/src/install/local_planner:/root/ros2_ws/src/install/calibrate_imu:/root/ros2_ws/src/install/point_lio_unilidar:/root/ros2_ws/src/install/terrain_analysis_ext:/root/ros2_ws/src/install/terrain_analysis:/root/ros2_ws/src/install/teleop_rviz_plugin_plus:/root/ros2_ws/src/install/teleop_rviz_plugin:/root/ros2_ws/src/install/super_odometry:/root/ros2_ws/src/install/super_odometry_msgs:/root/ros2_ws/src/install/sensor_scan_generation:/root/ros2_ws/src/install/rviz_2d_overlay_plugins:/root/ros2_ws/src/install/rviz_2d_overlay_msgs:/root/ros2_ws/src/install/livox_ros_driver2:/root/ros2_ws/src/install/goalpoint_rviz_plugin:/root/ros2_ws/src/install/go2_h264_repub:/root/ros2_ws/src/install/transform_sensors:/root/ros2_ws/src/install/ros_tcp_endpoint:/opt/ros/humble LD_LIBRARY_PATH=/root/ros2_ws/src/install/go2_sport_api/lib:/root/ros2_ws/src/install/unitree_go/lib:/root/ros2_ws/src/install/unitree_api/lib:/root/ros2_ws/src/install/visibility_graph_msg/lib:/root/ros2_ws/src/install/super_odometry/lib:/root/ros2_ws/src/install/super_odometry_msgs/lib:/root/ros2_ws/src/install/rviz_2d_overlay_plugins/lib:/root/ros2_ws/src/install/rviz_2d_overlay_msgs/lib:/root/ros2_ws/src/install/livox_ros_driver2/lib:/opt/ros/humble/opt/rviz_ogre_vendor/lib:/opt/ros/humble/lib/x86_64-linux-gnu:/opt/ros/humble/lib /usr/bin/cmake /root/ros2_ws/src/base_autonomy/local_planner -DCMAKE_INSTALL_PREFIX=/root/ros2_ws/src/install/local_planner
[1.342s] Invoking command in '/root/ros2_ws/src/build/local_planner': CMAKE_PREFIX_PATH=/root/ros2_ws/src/install/go2_sport_api:/root/ros2_ws/src/install/unitree_go:/root/ros2_ws/src/install/unitree_api:/root/ros2_ws/src/install/waypoint_rviz_plugin:/root/ros2_ws/src/install/waypoint_example:/root/ros2_ws/src/install/visualization_tools:/root/ros2_ws/src/install/graph_decoder:/root/ros2_ws/src/install/far_planner:/root/ros2_ws/src/install/boundary_handler:/root/ros2_ws/src/install/visibility_graph_msg:/root/ros2_ws/src/install/vehicle_simulator:/root/ros2_ws/src/install/local_planner:/root/ros2_ws/src/install/calibrate_imu:/root/ros2_ws/src/install/point_lio_unilidar:/root/ros2_ws/src/install/terrain_analysis_ext:/root/ros2_ws/src/install/terrain_analysis:/root/ros2_ws/src/install/teleop_rviz_plugin_plus:/root/ros2_ws/src/install/teleop_rviz_plugin:/root/ros2_ws/src/install/super_odometry:/root/ros2_ws/src/install/super_odometry_msgs:/root/ros2_ws/src/install/sensor_scan_generation:/root/ros2_ws/src/install/rviz_2d_overlay_plugins:/root/ros2_ws/src/install/rviz_2d_overlay_msgs:/root/ros2_ws/src/install/livox_ros_driver2:/root/ros2_ws/src/install/goalpoint_rviz_plugin:/root/ros2_ws/src/install/go2_h264_repub:/root/ros2_ws/src/install/transform_sensors:/root/ros2_ws/src/install/ros_tcp_endpoint:/opt/ros/humble LD_LIBRARY_PATH=/root/ros2_ws/src/install/go2_sport_api/lib:/root/ros2_ws/src/install/unitree_go/lib:/root/ros2_ws/src/install/unitree_api/lib:/root/ros2_ws/src/install/visibility_graph_msg/lib:/root/ros2_ws/src/install/super_odometry/lib:/root/ros2_ws/src/install/super_odometry_msgs/lib:/root/ros2_ws/src/install/rviz_2d_overlay_plugins/lib:/root/ros2_ws/src/install/rviz_2d_overlay_msgs/lib:/root/ros2_ws/src/install/livox_ros_driver2/lib:/opt/ros/humble/opt/rviz_ogre_vendor/lib:/opt/ros/humble/lib/x86_64-linux-gnu:/opt/ros/humble/lib /usr/bin/cmake --build /root/ros2_ws/src/build/local_planner -- -j24 -l24
[1.370s] [35m[1mConsolidate compiler generated dependencies of target localPlanner[0m
[1.372s] [35m[1mConsolidate compiler generated dependencies of target pathFollower[0m
[1.387s] [ 50%] Built target localPlanner
[1.389s] [100%] Built target pathFollower
[1.398s] Invoked command in '/root/ros2_ws/src/build/local_planner' returned '0': CMAKE_PREFIX_PATH=/root/ros2_ws/src/install/go2_sport_api:/root/ros2_ws/src/install/unitree_go:/root/ros2_ws/src/install/unitree_api:/root/ros2_ws/src/install/waypoint_rviz_plugin:/root/ros2_ws/src/install/waypoint_example:/root/ros2_ws/src/install/visualization_tools:/root/ros2_ws/src/install/graph_decoder:/root/ros2_ws/src/install/far_planner:/root/ros2_ws/src/install/boundary_handler:/root/ros2_ws/src/install/visibility_graph_msg:/root/ros2_ws/src/install/vehicle_simulator:/root/ros2_ws/src/install/local_planner:/root/ros2_ws/src/install/calibrate_imu:/root/ros2_ws/src/install/point_lio_unilidar:/root/ros2_ws/src/install/terrain_analysis_ext:/root/ros2_ws/src/install/terrain_analysis:/root/ros2_ws/src/install/teleop_rviz_plugin_plus:/root/ros2_ws/src/install/teleop_rviz_plugin:/root/ros2_ws/src/install/super_odometry:/root/ros2_ws/src/install/super_odometry_msgs:/root/ros2_ws/src/install/sensor_scan_generation:/root/ros2_ws/src/install/rviz_2d_overlay_plugins:/root/ros2_ws/src/install/rviz_2d_overlay_msgs:/root/ros2_ws/src/install/livox_ros_driver2:/root/ros2_ws/src/install/goalpoint_rviz_plugin:/root/ros2_ws/src/install/go2_h264_repub:/root/ros2_ws/src/install/transform_sensors:/root/ros2_ws/src/install/ros_tcp_endpoint:/opt/ros/humble LD_LIBRARY_PATH=/root/ros2_ws/src/install/go2_sport_api/lib:/root/ros2_ws/src/install/unitree_go/lib:/root/ros2_ws/src/install/unitree_api/lib:/root/ros2_ws/src/install/visibility_graph_msg/lib:/root/ros2_ws/src/install/super_odometry/lib:/root/ros2_ws/src/install/super_odometry_msgs/lib:/root/ros2_ws/src/install/rviz_2d_overlay_plugins/lib:/root/ros2_ws/src/install/rviz_2d_overlay_msgs/lib:/root/ros2_ws/src/install/livox_ros_driver2/lib:/opt/ros/humble/opt/rviz_ogre_vendor/lib:/opt/ros/humble/lib/x86_64-linux-gnu:/opt/ros/humble/lib /usr/bin/cmake --build /root/ros2_ws/src/build/local_planner -- -j24 -l24
[1.402s] Invoking command in '/root/ros2_ws/src/build/local_planner': CMAKE_PREFIX_PATH=/root/ros2_ws/src/install/go2_sport_api:/root/ros2_ws/src/install/unitree_go:/root/ros2_ws/src/install/unitree_api:/root/ros2_ws/src/install/waypoint_rviz_plugin:/root/ros2_ws/src/install/waypoint_example:/root/ros2_ws/src/install/visualization_tools:/root/ros2_ws/src/install/graph_decoder:/root/ros2_ws/src/install/far_planner:/root/ros2_ws/src/install/boundary_handler:/root/ros2_ws/src/install/visibility_graph_msg:/root/ros2_ws/src/install/vehicle_simulator:/root/ros2_ws/src/install/local_planner:/root/ros2_ws/src/install/calibrate_imu:/root/ros2_ws/src/install/point_lio_unilidar:/root/ros2_ws/src/install/terrain_analysis_ext:/root/ros2_ws/src/install/terrain_analysis:/root/ros2_ws/src/install/teleop_rviz_plugin_plus:/root/ros2_ws/src/install/teleop_rviz_plugin:/root/ros2_ws/src/install/super_odometry:/root/ros2_ws/src/install/super_odometry_msgs:/root/ros2_ws/src/install/sensor_scan_generation:/root/ros2_ws/src/install/rviz_2d_overlay_plugins:/root/ros2_ws/src/install/rviz_2d_overlay_msgs:/root/ros2_ws/src/install/livox_ros_driver2:/root/ros2_ws/src/install/goalpoint_rviz_plugin:/root/ros2_ws/src/install/go2_h264_repub:/root/ros2_ws/src/install/transform_sensors:/root/ros2_ws/src/install/ros_tcp_endpoint:/opt/ros/humble LD_LIBRARY_PATH=/root/ros2_ws/src/install/go2_sport_api/lib:/root/ros2_ws/src/install/unitree_go/lib:/root/ros2_ws/src/install/unitree_api/lib:/root/ros2_ws/src/install/visibility_graph_msg/lib:/root/ros2_ws/src/install/super_odometry/lib:/root/ros2_ws/src/install/super_odometry_msgs/lib:/root/ros2_ws/src/install/rviz_2d_overlay_plugins/lib:/root/ros2_ws/src/install/rviz_2d_overlay_msgs/lib:/root/ros2_ws/src/install/livox_ros_driver2/lib:/opt/ros/humble/opt/rviz_ogre_vendor/lib:/opt/ros/humble/lib/x86_64-linux-gnu:/opt/ros/humble/lib /usr/bin/cmake --install /root/ros2_ws/src/build/local_planner
[1.403s] -- Install configuration: ""
[1.403s] -- Up-to-date: /root/ros2_ws/src/install/local_planner/lib/local_planner/localPlanner
[1.403s] -- Up-to-date: /root/ros2_ws/src/install/local_planner/lib/local_planner/pathFollower
[1.404s] -- Up-to-date: /root/ros2_ws/src/install/local_planner/share/local_planner/launch
[1.404s] -- Up-to-date: /root/ros2_ws/src/install/local_planner/share/local_planner/launch/local_planner.launch
[1.404s] -- Up-to-date: /root/ros2_ws/src/install/local_planner/share/local_planner/paths
[1.404s] -- Up-to-date: /root/ros2_ws/src/install/local_planner/share/local_planner/paths/correspondences.txt
[1.404s] -- Up-to-date: /root/ros2_ws/src/install/local_planner/share/local_planner/paths/startPaths.ply
[1.404s] -- Up-to-date: /root/ros2_ws/src/install/local_planner/share/local_planner/paths/path_generator.m
[1.404s] -- Up-to-date: /root/ros2_ws/src/install/local_planner/share/local_planner/paths/pathList.ply
[1.404s] -- Up-to-date: /root/ros2_ws/src/install/local_planner/share/local_planner/paths/paths.ply
[1.404s] -- Up-to-date: /root/ros2_ws/src/install/local_planner/share/ament_index/resource_index/package_run_dependencies/local_planner
[1.405s] -- Installing: /root/ros2_ws/src/install/local_planner/share/ament_index/resource_index/parent_prefix_path/local_planner
[1.405s] -- Up-to-date: /root/ros2_ws/src/install/local_planner/share/local_planner/environment/ament_prefix_path.sh
[1.405s] -- Installing: /root/ros2_ws/src/install/local_planner/share/local_planner/environment/ament_prefix_path.dsv
[1.405s] -- Up-to-date: /root/ros2_ws/src/install/local_planner/share/local_planner/environment/path.sh
[1.405s] -- Installing: /root/ros2_ws/src/install/local_planner/share/local_planner/environment/path.dsv
[1.405s] -- Up-to-date: /root/ros2_ws/src/install/local_planner/share/local_planner/local_setup.bash
[1.405s] -- Up-to-date: /root/ros2_ws/src/install/local_planner/share/local_planner/local_setup.sh
[1.405s] -- Up-to-date: /root/ros2_ws/src/install/local_planner/share/local_planner/local_setup.zsh
[1.405s] -- Installing: /root/ros2_ws/src/install/local_planner/share/local_planner/local_setup.dsv
[1.405s] -- Installing: /root/ros2_ws/src/install/local_planner/share/local_planner/package.dsv
[1.406s] -- Up-to-date: /root/ros2_ws/src/install/local_planner/share/ament_index/resource_index/packages/local_planner
[1.406s] -- Up-to-date: /root/ros2_ws/src/install/local_planner/share/local_planner/cmake/local_plannerConfig.cmake
[1.406s] -- Up-to-date: /root/ros2_ws/src/install/local_planner/share/local_planner/cmake/local_plannerConfig-version.cmake
[1.406s] -- Up-to-date: /root/ros2_ws/src/install/local_planner/share/local_planner/package.xml
[1.408s] Invoked command in '/root/ros2_ws/src/build/local_planner' returned '0': CMAKE_PREFIX_PATH=/root/ros2_ws/src/install/go2_sport_api:/root/ros2_ws/src/install/unitree_go:/root/ros2_ws/src/install/unitree_api:/root/ros2_ws/src/install/waypoint_rviz_plugin:/root/ros2_ws/src/install/waypoint_example:/root/ros2_ws/src/install/visualization_tools:/root/ros2_ws/src/install/graph_decoder:/root/ros2_ws/src/install/far_planner:/root/ros2_ws/src/install/boundary_handler:/root/ros2_ws/src/install/visibility_graph_msg:/root/ros2_ws/src/install/vehicle_simulator:/root/ros2_ws/src/install/local_planner:/root/ros2_ws/src/install/calibrate_imu:/root/ros2_ws/src/install/point_lio_unilidar:/root/ros2_ws/src/install/terrain_analysis_ext:/root/ros2_ws/src/install/terrain_analysis:/root/ros2_ws/src/install/teleop_rviz_plugin_plus:/root/ros2_ws/src/install/teleop_rviz_plugin:/root/ros2_ws/src/install/super_odometry:/root/ros2_ws/src/install/super_odometry_msgs:/root/ros2_ws/src/install/sensor_scan_generation:/root/ros2_ws/src/install/rviz_2d_overlay_plugins:/root/ros2_ws/src/install/rviz_2d_overlay_msgs:/root/ros2_ws/src/install/livox_ros_driver2:/root/ros2_ws/src/install/goalpoint_rviz_plugin:/root/ros2_ws/src/install/go2_h264_repub:/root/ros2_ws/src/install/transform_sensors:/root/ros2_ws/src/install/ros_tcp_endpoint:/opt/ros/humble LD_LIBRARY_PATH=/root/ros2_ws/src/install/go2_sport_api/lib:/root/ros2_ws/src/install/unitree_go/lib:/root/ros2_ws/src/install/unitree_api/lib:/root/ros2_ws/src/install/visibility_graph_msg/lib:/root/ros2_ws/src/install/super_odometry/lib:/root/ros2_ws/src/install/super_odometry_msgs/lib:/root/ros2_ws/src/install/rviz_2d_overlay_plugins/lib:/root/ros2_ws/src/install/rviz_2d_overlay_msgs/lib:/root/ros2_ws/src/install/livox_ros_driver2/lib:/opt/ros/humble/opt/rviz_ogre_vendor/lib:/opt/ros/humble/lib/x86_64-linux-gnu:/opt/ros/humble/lib /usr/bin/cmake --install /root/ros2_ws/src/build/local_planner
