-- The C compiler identification is GNU 11.4.0
-- The CXX compiler identification is GNU 11.4.0
-- Detecting C compiler ABI info
-- Detecting C compiler ABI info - done
-- Check for working C compiler: /usr/bin/cc - skipped
-- Detecting C compile features
-- Detecting C compile features - done
-- Detecting CXX compiler ABI info
-- Detecting CXX compiler ABI info - done
-- Check for working CXX compiler: /usr/bin/c++ - skipped
-- Detecting CXX compile features
-- Detecting CXX compile features - done
-- Found ament_cmake: 1.3.12 (/opt/ros/humble/share/ament_cmake/cmake)
-- Found Python3: /usr/bin/python3 (found version "3.10.12") found components: Interpreter 
-- Found rviz_2d_overlay_msgs: 1.4.0 (/root/ros2_ws/src/install/rviz_2d_overlay_msgs/share/rviz_2d_overlay_msgs/cmake)
-- Found rosidl_generator_c: 3.1.8 (/opt/ros/humble/share/rosidl_generator_c/cmake)
-- Found rosidl_adapter: 3.1.8 (/opt/ros/humble/share/rosidl_adapter/cmake)
-- Found rosidl_generator_cpp: 3.1.8 (/opt/ros/humble/share/rosidl_generator_cpp/cmake)
-- Using all available rosidl_typesupport_c: rosidl_typesupport_fastrtps_c;rosidl_typesupport_introspection_c
-- Using all available rosidl_typesupport_cpp: rosidl_typesupport_fastrtps_cpp;rosidl_typesupport_introspection_cpp
-- Found rviz_common: 11.2.25 (/opt/ros/humble/share/rviz_common/cmake)
-- Setting assimp_DIR to: '/opt/ros/humble/share/rviz_assimp_vendor/cmake/../../../opt/rviz_assimp_vendor/lib/cmake/assimp-4.1'
-- Setting OGRE_DIR to: '/opt/ros/humble/share/rviz_ogre_vendor/cmake/../../../opt/rviz_ogre_vendor/lib/OGRE/cmake'
-- Found OGRE
--   static     : OFF
--   components : HLMS;MeshLodGenerator;Overlay;Paging;Property;RTShaderSystem;Terrain;Volume
--   plugins    : Plugin_BSPSceneManager;Plugin_OctreeSceneManager;Plugin_PCZSceneManager;Plugin_ParticleFX;RenderSystem_GL;RenderSystem_GL3Plus;Codec_STBI
--   media      : /opt/ros/humble/opt/rviz_ogre_vendor/share/OGRE/Media
-- OGRE_LIBRARIES: OgreHLMS;OgreMeshLodGenerator;OgreOverlay;OgrePaging;OgreProperty;OgreRTShaderSystem;OgreTerrain;OgreVolume;OgreMain
-- OGRE_LIBRARY_DIRS: /opt/ros/humble/opt/rviz_ogre_vendor/lib
-- OGRE_PLUGINS: Plugin_BSPSceneManager;Plugin_OctreeSceneManager;Plugin_PCZSceneManager;Plugin_ParticleFX;RenderSystem_GL;RenderSystem_GL3Plus;Codec_STBI
-- OGRE_PLUGIN_DIR: /opt/ros/humble/opt/rviz_ogre_vendor/lib/OGRE
-- rviz_ogre_vendor::OgreOverlay for IMPORTED_LOCATION_RELEASE: /opt/ros/humble/opt/rviz_ogre_vendor/lib/libOgreOverlay.so
-- rviz_ogre_vendor::OgreOverlay for IMPORTED_LOCATION_DEBUG: /opt/ros/humble/opt/rviz_ogre_vendor/lib/libOgreOverlay.so
-- rviz_ogre_vendor::OgreMain for IMPORTED_LOCATION_RELEASE: /opt/ros/humble/opt/rviz_ogre_vendor/lib/libOgreMain.so
-- rviz_ogre_vendor::OgreMain for IMPORTED_LOCATION_DEBUG: /opt/ros/humble/opt/rviz_ogre_vendor/lib/libOgreMain.so
-- Could not find freeimage library
-- Found ZLIB: /usr/lib/x86_64-linux-gnu/libz.so (found version "1.2.11") 
-- Found OpenGL: /usr/lib/x86_64-linux-gnu/libOpenGL.so   
-- Found X11: /usr/include   
-- Looking for XOpenDisplay in /usr/lib/x86_64-linux-gnu/libX11.so;/usr/lib/x86_64-linux-gnu/libXext.so
-- Looking for XOpenDisplay in /usr/lib/x86_64-linux-gnu/libX11.so;/usr/lib/x86_64-linux-gnu/libXext.so - found
-- Looking for gethostbyname
-- Looking for gethostbyname - found
-- Looking for connect
-- Looking for connect - found
-- Looking for remove
-- Looking for remove - found
-- Looking for shmat
-- Looking for shmat - found
-- Looking for IceConnectionNumber in ICE
-- Looking for IceConnectionNumber in ICE - found
-- library: /usr/lib/x86_64-linux-gnu/libcurl.so
-- Found rmw_implementation_cmake: 6.1.2 (/opt/ros/humble/share/rmw_implementation_cmake/cmake)
-- Found rmw_fastrtps_cpp: 6.2.9 (/opt/ros/humble/share/rmw_fastrtps_cpp/cmake)
-- Found TinyXML2 via Config file: TinyXML2_DIR-NOTFOUND
-- Found OpenSSL: /usr/lib/x86_64-linux-gnu/libcrypto.so (found version "3.0.2")  
-- Found TinyXML2 via Config file: TinyXML2_DIR-NOTFOUND
-- Found FastRTPS: /opt/ros/humble/include  
-- Found TinyXML2 via Config file: TinyXML2_DIR-NOTFOUND
-- Found TinyXML2 via Config file: TinyXML2_DIR-NOTFOUND
-- Using RMW implementation 'rmw_fastrtps_cpp' as default
-- Looking for pthread.h
-- Looking for pthread.h - found
-- Performing Test CMAKE_HAVE_LIBC_PTHREAD
-- Performing Test CMAKE_HAVE_LIBC_PTHREAD - Success
-- Found Threads: TRUE  
-- Found Eigen3: TRUE (found version "3.4.0") 
-- Ensuring Eigen3 include directory is part of orocos-kdl CMake target
-- Configuring done
-- Generating done
-- Build files have been written to: /root/ros2_ws/src/build/rviz_2d_overlay_plugins
[33mCMake Warning:
  Manually-specified variables were not used by the project:

    HUMBLE_ROS
    ROS_EDITION

[0m
[ 10%] [34m[1mGenerating include/rviz_2d_overlay_plugins/moc_pie_chart_display.cpp[0m
[ 20%] [34m[1mGenerating include/rviz_2d_overlay_plugins/moc_overlay_text_display.cpp[0m
[ 30%] [32mBuilding CXX object CMakeFiles/string_to_overlay_text.dir/src/string_to_overlay_text.cpp.o[0m
[ 40%] [32mBuilding CXX object CMakeFiles/rviz_2d_overlay_plugins.dir/src/overlay_utils.cpp.o[0m
[ 50%] [32mBuilding CXX object CMakeFiles/rviz_2d_overlay_plugins.dir/include/rviz_2d_overlay_plugins/moc_overlay_text_display.cpp.o[0m
[ 60%] [32mBuilding CXX object CMakeFiles/rviz_2d_overlay_plugins.dir/src/pie_chart_display.cpp.o[0m
[ 70%] [32mBuilding CXX object CMakeFiles/rviz_2d_overlay_plugins.dir/include/rviz_2d_overlay_plugins/moc_pie_chart_display.cpp.o[0m
[ 80%] [32mBuilding CXX object CMakeFiles/rviz_2d_overlay_plugins.dir/src/overlay_text_display.cpp.o[0m
[ 90%] [32m[1mLinking CXX executable string_to_overlay_text[0m
[ 90%] Built target string_to_overlay_text
[100%] [32m[1mLinking CXX shared library librviz_2d_overlay_plugins.so[0m
[100%] Built target rviz_2d_overlay_plugins
-- Install configuration: ""
-- Installing: /root/ros2_ws/src/install/rviz_2d_overlay_plugins/share/rviz_2d_overlay_plugins/plugins_description.xml
-- Installing: /root/ros2_ws/src/install/rviz_2d_overlay_plugins/share/rviz_2d_overlay_plugins/environment/library_path.sh
-- Installing: /root/ros2_ws/src/install/rviz_2d_overlay_plugins/share/rviz_2d_overlay_plugins/environment/library_path.dsv
-- Installing: /root/ros2_ws/src/install/rviz_2d_overlay_plugins/lib/librviz_2d_overlay_plugins.so
-- Set runtime path of "/root/ros2_ws/src/install/rviz_2d_overlay_plugins/lib/librviz_2d_overlay_plugins.so" to ""
-- Installing: /root/ros2_ws/src/install/rviz_2d_overlay_plugins/include
-- Installing: /root/ros2_ws/src/install/rviz_2d_overlay_plugins/include/rviz_2d_overlay_plugins
-- Installing: /root/ros2_ws/src/install/rviz_2d_overlay_plugins/include/rviz_2d_overlay_plugins/pie_chart_display.h
-- Installing: /root/ros2_ws/src/install/rviz_2d_overlay_plugins/include/rviz_2d_overlay_plugins/overlay_utils.hpp
-- Installing: /root/ros2_ws/src/install/rviz_2d_overlay_plugins/include/rviz_2d_overlay_plugins/overlay_text_display.hpp
-- Installing: /root/ros2_ws/src/install/rviz_2d_overlay_plugins/lib/rviz_2d_overlay_plugins/string_to_overlay_text
-- Set runtime path of "/root/ros2_ws/src/install/rviz_2d_overlay_plugins/lib/rviz_2d_overlay_plugins/string_to_overlay_text" to ""
-- Installing: /root/ros2_ws/src/install/rviz_2d_overlay_plugins/share/ament_index/resource_index/package_run_dependencies/rviz_2d_overlay_plugins
-- Installing: /root/ros2_ws/src/install/rviz_2d_overlay_plugins/share/ament_index/resource_index/parent_prefix_path/rviz_2d_overlay_plugins
-- Installing: /root/ros2_ws/src/install/rviz_2d_overlay_plugins/share/rviz_2d_overlay_plugins/environment/ament_prefix_path.sh
-- Installing: /root/ros2_ws/src/install/rviz_2d_overlay_plugins/share/rviz_2d_overlay_plugins/environment/ament_prefix_path.dsv
-- Installing: /root/ros2_ws/src/install/rviz_2d_overlay_plugins/share/rviz_2d_overlay_plugins/environment/path.sh
-- Installing: /root/ros2_ws/src/install/rviz_2d_overlay_plugins/share/rviz_2d_overlay_plugins/environment/path.dsv
-- Installing: /root/ros2_ws/src/install/rviz_2d_overlay_plugins/share/rviz_2d_overlay_plugins/local_setup.bash
-- Installing: /root/ros2_ws/src/install/rviz_2d_overlay_plugins/share/rviz_2d_overlay_plugins/local_setup.sh
-- Installing: /root/ros2_ws/src/install/rviz_2d_overlay_plugins/share/rviz_2d_overlay_plugins/local_setup.zsh
-- Installing: /root/ros2_ws/src/install/rviz_2d_overlay_plugins/share/rviz_2d_overlay_plugins/local_setup.dsv
-- Installing: /root/ros2_ws/src/install/rviz_2d_overlay_plugins/share/rviz_2d_overlay_plugins/package.dsv
-- Installing: /root/ros2_ws/src/install/rviz_2d_overlay_plugins/share/ament_index/resource_index/packages/rviz_2d_overlay_plugins
-- Installing: /root/ros2_ws/src/install/rviz_2d_overlay_plugins/share/ament_index/resource_index/rviz_common__pluginlib__plugin/rviz_2d_overlay_plugins
-- Installing: /root/ros2_ws/src/install/rviz_2d_overlay_plugins/share/rviz_2d_overlay_plugins/cmake/rviz_2d_overlay_pluginsExport.cmake
-- Installing: /root/ros2_ws/src/install/rviz_2d_overlay_plugins/share/rviz_2d_overlay_plugins/cmake/rviz_2d_overlay_pluginsExport-noconfig.cmake
-- Installing: /root/ros2_ws/src/install/rviz_2d_overlay_plugins/share/rviz_2d_overlay_plugins/cmake/rviz_2d_overlay_plugins-extras.cmake
-- Installing: /root/ros2_ws/src/install/rviz_2d_overlay_plugins/share/rviz_2d_overlay_plugins/cmake/ament_cmake_export_include_directories-extras.cmake
-- Installing: /root/ros2_ws/src/install/rviz_2d_overlay_plugins/share/rviz_2d_overlay_plugins/cmake/ament_cmake_export_targets-extras.cmake
-- Installing: /root/ros2_ws/src/install/rviz_2d_overlay_plugins/share/rviz_2d_overlay_plugins/cmake/ament_cmake_export_dependencies-extras.cmake
-- Installing: /root/ros2_ws/src/install/rviz_2d_overlay_plugins/share/rviz_2d_overlay_plugins/cmake/rviz_2d_overlay_pluginsConfig.cmake
-- Installing: /root/ros2_ws/src/install/rviz_2d_overlay_plugins/share/rviz_2d_overlay_plugins/cmake/rviz_2d_overlay_pluginsConfig-version.cmake
-- Installing: /root/ros2_ws/src/install/rviz_2d_overlay_plugins/share/rviz_2d_overlay_plugins/package.xml
