[ 16%] [34m[1mAutomatic MOC for target goalpoint_rviz_plugin[0m
[ 16%] Built target goalpoint_rviz_plugin_autogen
[ 33%] [32mBuilding CXX object CMakeFiles/goalpoint_rviz_plugin.dir/src/goalpoint_tool.cpp.o[0m
[ 50%] [32m[1mLinking CXX shared library libgoalpoint_rviz_plugin.so[0m
[100%] Built target goalpoint_rviz_plugin
-- Install configuration: ""
-- Up-to-date: /root/ros2_ws/src/install/goalpoint_rviz_plugin/share/goalpoint_rviz_plugin/plugin_description.xml
-- Installing: /root/ros2_ws/src/install/goalpoint_rviz_plugin/lib/goalpoint_rviz_plugin/libgoalpoint_rviz_plugin.so
-- Set runtime path of "/root/ros2_ws/src/install/goalpoint_rviz_plugin/lib/goalpoint_rviz_plugin/libgoalpoint_rviz_plugin.so" to ""
-- Up-to-date: /root/ros2_ws/src/install/goalpoint_rviz_plugin/share/ament_index/resource_index/package_run_dependencies/goalpoint_rviz_plugin
-- Up-to-date: /root/ros2_ws/src/install/goalpoint_rviz_plugin/share/ament_index/resource_index/parent_prefix_path/goalpoint_rviz_plugin
-- Up-to-date: /root/ros2_ws/src/install/goalpoint_rviz_plugin/share/goalpoint_rviz_plugin/environment/ament_prefix_path.sh
-- Up-to-date: /root/ros2_ws/src/install/goalpoint_rviz_plugin/share/goalpoint_rviz_plugin/environment/ament_prefix_path.dsv
-- Up-to-date: /root/ros2_ws/src/install/goalpoint_rviz_plugin/share/goalpoint_rviz_plugin/environment/path.sh
-- Up-to-date: /root/ros2_ws/src/install/goalpoint_rviz_plugin/share/goalpoint_rviz_plugin/environment/path.dsv
-- Up-to-date: /root/ros2_ws/src/install/goalpoint_rviz_plugin/share/goalpoint_rviz_plugin/local_setup.bash
-- Up-to-date: /root/ros2_ws/src/install/goalpoint_rviz_plugin/share/goalpoint_rviz_plugin/local_setup.sh
-- Up-to-date: /root/ros2_ws/src/install/goalpoint_rviz_plugin/share/goalpoint_rviz_plugin/local_setup.zsh
-- Up-to-date: /root/ros2_ws/src/install/goalpoint_rviz_plugin/share/goalpoint_rviz_plugin/local_setup.dsv
-- Installing: /root/ros2_ws/src/install/goalpoint_rviz_plugin/share/goalpoint_rviz_plugin/package.dsv
-- Up-to-date: /root/ros2_ws/src/install/goalpoint_rviz_plugin/share/ament_index/resource_index/packages/goalpoint_rviz_plugin
-- Up-to-date: /root/ros2_ws/src/install/goalpoint_rviz_plugin/share/ament_index/resource_index/rviz_common__pluginlib__plugin/goalpoint_rviz_plugin
-- Up-to-date: /root/ros2_ws/src/install/goalpoint_rviz_plugin/share/goalpoint_rviz_plugin/cmake/ament_cmake_export_dependencies-extras.cmake
-- Up-to-date: /root/ros2_ws/src/install/goalpoint_rviz_plugin/share/goalpoint_rviz_plugin/cmake/goalpoint_rviz_pluginConfig.cmake
-- Up-to-date: /root/ros2_ws/src/install/goalpoint_rviz_plugin/share/goalpoint_rviz_plugin/cmake/goalpoint_rviz_pluginConfig-version.cmake
-- Up-to-date: /root/ros2_ws/src/install/goalpoint_rviz_plugin/share/goalpoint_rviz_plugin/package.xml
