[0.279s] Invoking command in '/root/ros2_ws/src/build/goalpoint_rviz_plugin': CMAKE_PREFIX_PATH=/opt/ros/humble /usr/bin/cmake --build /root/ros2_ws/src/build/goalpoint_rviz_plugin -- -j24 -l24
[0.607s] [ 16%] [34m[1mAutomatic MOC for target goalpoint_rviz_plugin[0m
[0.607s] [ 16%] Built target goalpoint_rviz_plugin_autogen
[0.608s] [ 33%] [32mBuilding CXX object CMakeFiles/goalpoint_rviz_plugin.dir/src/goalpoint_tool.cpp.o[0m
[2.796s] [01m[K/root/ros2_ws/src/utilities/goalpoint_rviz_plugin/src/goalpoint_tool.cpp:[m[K In member function ‘[01m[Kvirtual void goalpoint_rviz_plugin::GoalpointTool::onPoseSet(double, double, double)[m[K’:
[2.796s] [01m[K/root/ros2_ws/src/utilities/goalpoint_rviz_plugin/src/goalpoint_tool.cpp:52:58:[m[K [01;35m[Kwarning: [m[Kunused parameter ‘[01m[Ktheta[m[K’ [[01;35m[K-Wunused-parameter[m[K]
[2.796s]    52 | void GoalpointTool::onPoseSet(double x, double y, [01;35m[Kdouble theta[m[K)
[2.796s]       |                                                   [01;35m[K~~~~~~~^~~~~[m[K
[6.158s] [ 50%] [32m[1mLinking CXX shared library libgoalpoint_rviz_plugin.so[0m
[6.879s] [100%] Built target goalpoint_rviz_plugin
[6.890s] Invoked command in '/root/ros2_ws/src/build/goalpoint_rviz_plugin' returned '0': CMAKE_PREFIX_PATH=/opt/ros/humble /usr/bin/cmake --build /root/ros2_ws/src/build/goalpoint_rviz_plugin -- -j24 -l24
[6.891s] Invoking command in '/root/ros2_ws/src/build/goalpoint_rviz_plugin': CMAKE_PREFIX_PATH=/opt/ros/humble /usr/bin/cmake --install /root/ros2_ws/src/build/goalpoint_rviz_plugin
[6.896s] -- Install configuration: ""
[6.896s] -- Up-to-date: /root/ros2_ws/src/install/goalpoint_rviz_plugin/share/goalpoint_rviz_plugin/plugin_description.xml
[6.897s] -- Installing: /root/ros2_ws/src/install/goalpoint_rviz_plugin/lib/goalpoint_rviz_plugin/libgoalpoint_rviz_plugin.so
[6.902s] -- Set runtime path of "/root/ros2_ws/src/install/goalpoint_rviz_plugin/lib/goalpoint_rviz_plugin/libgoalpoint_rviz_plugin.so" to ""
[6.902s] -- Up-to-date: /root/ros2_ws/src/install/goalpoint_rviz_plugin/share/ament_index/resource_index/package_run_dependencies/goalpoint_rviz_plugin
[6.902s] -- Up-to-date: /root/ros2_ws/src/install/goalpoint_rviz_plugin/share/ament_index/resource_index/parent_prefix_path/goalpoint_rviz_plugin
[6.902s] -- Up-to-date: /root/ros2_ws/src/install/goalpoint_rviz_plugin/share/goalpoint_rviz_plugin/environment/ament_prefix_path.sh
[6.902s] -- Up-to-date: /root/ros2_ws/src/install/goalpoint_rviz_plugin/share/goalpoint_rviz_plugin/environment/ament_prefix_path.dsv
[6.902s] -- Up-to-date: /root/ros2_ws/src/install/goalpoint_rviz_plugin/share/goalpoint_rviz_plugin/environment/path.sh
[6.902s] -- Up-to-date: /root/ros2_ws/src/install/goalpoint_rviz_plugin/share/goalpoint_rviz_plugin/environment/path.dsv
[6.902s] -- Up-to-date: /root/ros2_ws/src/install/goalpoint_rviz_plugin/share/goalpoint_rviz_plugin/local_setup.bash
[6.902s] -- Up-to-date: /root/ros2_ws/src/install/goalpoint_rviz_plugin/share/goalpoint_rviz_plugin/local_setup.sh
[6.902s] -- Up-to-date: /root/ros2_ws/src/install/goalpoint_rviz_plugin/share/goalpoint_rviz_plugin/local_setup.zsh
[6.902s] -- Up-to-date: /root/ros2_ws/src/install/goalpoint_rviz_plugin/share/goalpoint_rviz_plugin/local_setup.dsv
[6.902s] -- Installing: /root/ros2_ws/src/install/goalpoint_rviz_plugin/share/goalpoint_rviz_plugin/package.dsv
[6.903s] -- Up-to-date: /root/ros2_ws/src/install/goalpoint_rviz_plugin/share/ament_index/resource_index/packages/goalpoint_rviz_plugin
[6.903s] -- Up-to-date: /root/ros2_ws/src/install/goalpoint_rviz_plugin/share/ament_index/resource_index/rviz_common__pluginlib__plugin/goalpoint_rviz_plugin
[6.904s] -- Up-to-date: /root/ros2_ws/src/install/goalpoint_rviz_plugin/share/goalpoint_rviz_plugin/cmake/ament_cmake_export_dependencies-extras.cmake
[6.904s] -- Up-to-date: /root/ros2_ws/src/install/goalpoint_rviz_plugin/share/goalpoint_rviz_plugin/cmake/goalpoint_rviz_pluginConfig.cmake
[6.904s] -- Up-to-date: /root/ros2_ws/src/install/goalpoint_rviz_plugin/share/goalpoint_rviz_plugin/cmake/goalpoint_rviz_pluginConfig-version.cmake
[6.904s] -- Up-to-date: /root/ros2_ws/src/install/goalpoint_rviz_plugin/share/goalpoint_rviz_plugin/package.xml
[6.909s] Invoked command in '/root/ros2_ws/src/build/goalpoint_rviz_plugin' returned '0': CMAKE_PREFIX_PATH=/opt/ros/humble /usr/bin/cmake --install /root/ros2_ws/src/build/goalpoint_rviz_plugin
