[0.277s] Invoking command in '/root/ros2_ws/src/build/super_odometry_msgs': CMAKE_PREFIX_PATH=/opt/ros/humble /usr/bin/cmake --build /root/ros2_ws/src/build/super_odometry_msgs -- -j24 -l24
[0.607s] [  2%] Built target super_odometry_msgs__cpp
[0.607s] [ 12%] Built target super_odometry_msgs__rosidl_generator_c
[0.607s] [ 12%] Built target ament_cmake_python_copy_super_odometry_msgs
[0.607s] [ 23%] Built target super_odometry_msgs__rosidl_typesupport_fastrtps_cpp
[0.607s] [ 34%] Built target super_odometry_msgs__rosidl_typesupport_cpp
[0.607s] [ 44%] Built target super_odometry_msgs__rosidl_typesupport_introspection_cpp
[0.608s] [ 55%] Built target super_odometry_msgs__rosidl_typesupport_c
[0.608s] [ 65%] Built target super_odometry_msgs__rosidl_typesupport_introspection_c
[0.608s] [ 76%] Built target super_odometry_msgs__rosidl_typesupport_fastrtps_c
[0.608s] [ 76%] Built target super_odometry_msgs
[0.608s] [ 78%] Built target super_odometry_msgs__py
[0.608s] [ 87%] Built target super_odometry_msgs__rosidl_generator_py
[0.609s] [ 91%] Built target super_odometry_msgs__rosidl_typesupport_c__pyext
[0.609s] [ 95%] Built target super_odometry_msgs__rosidl_typesupport_introspection_c__pyext
[0.610s] [100%] Built target super_odometry_msgs__rosidl_typesupport_fastrtps_c__pyext
[0.641s] /usr/local/lib/python3.10/dist-packages/setuptools_scm/_integration/setuptools.py:24: RuntimeWarning: 
[0.641s] ERROR: setuptools==59.6.0 is used in combination with setuptools-scm>=8.x
[0.641s] 
[0.641s] Your build configuration is incomplete and previously worked by accident!
[0.641s] setuptools-scm requires setuptools>=61 (recommended: >=80)
[0.641s] 
[0.641s] Suggested workaround if applicable:
[0.641s]  - migrating from the deprecated setup_requires mechanism to pep517/518
[0.641s]    and using a pyproject.toml to declare build dependencies
[0.641s]    which are reliably pre-installed before running the build tools
[0.641s] 
[0.641s]   warnings.warn(
[0.644s] running egg_info
[0.645s] writing super_odometry_msgs.egg-info/PKG-INFO
[0.652s] writing dependency_links to super_odometry_msgs.egg-info/dependency_links.txt
[0.653s] writing top-level names to super_odometry_msgs.egg-info/top_level.txt
[0.684s] listing git files failed - pretending there aren't any
[0.779s] reading manifest file 'super_odometry_msgs.egg-info/SOURCES.txt'
[0.779s] writing manifest file 'super_odometry_msgs.egg-info/SOURCES.txt'
[0.815s] [100%] Built target ament_cmake_python_build_super_odometry_msgs_egg
[0.953s] Invoked command in '/root/ros2_ws/src/build/super_odometry_msgs' returned '0': CMAKE_PREFIX_PATH=/opt/ros/humble /usr/bin/cmake --build /root/ros2_ws/src/build/super_odometry_msgs -- -j24 -l24
[0.954s] Invoking command in '/root/ros2_ws/src/build/super_odometry_msgs': CMAKE_PREFIX_PATH=/opt/ros/humble /usr/bin/cmake --install /root/ros2_ws/src/build/super_odometry_msgs
[0.955s] -- Install configuration: ""
[0.955s] -- Up-to-date: /root/ros2_ws/src/install/super_odometry_msgs/share/ament_index/resource_index/rosidl_interfaces/super_odometry_msgs
[0.955s] -- Up-to-date: /root/ros2_ws/src/install/super_odometry_msgs/include/super_odometry_msgs/super_odometry_msgs
[0.955s] -- Up-to-date: /root/ros2_ws/src/install/super_odometry_msgs/include/super_odometry_msgs/super_odometry_msgs/msg
[0.955s] -- Up-to-date: /root/ros2_ws/src/install/super_odometry_msgs/include/super_odometry_msgs/super_odometry_msgs/msg/detail
[0.955s] -- Up-to-date: /root/ros2_ws/src/install/super_odometry_msgs/include/super_odometry_msgs/super_odometry_msgs/msg/detail/iteration_stats__functions.c
[0.958s] -- Up-to-date: /root/ros2_ws/src/install/super_odometry_msgs/include/super_odometry_msgs/super_odometry_msgs/msg/detail/optimization_stats__functions.c
[0.958s] -- Up-to-date: /root/ros2_ws/src/install/super_odometry_msgs/include/super_odometry_msgs/super_odometry_msgs/msg/detail/iteration_stats__type_support.h
[0.958s] -- Up-to-date: /root/ros2_ws/src/install/super_odometry_msgs/include/super_odometry_msgs/super_odometry_msgs/msg/detail/optimization_stats__type_support.h
[0.958s] -- Up-to-date: /root/ros2_ws/src/install/super_odometry_msgs/include/super_odometry_msgs/super_odometry_msgs/msg/detail/laser_feature__functions.c
[0.959s] -- Up-to-date: /root/ros2_ws/src/install/super_odometry_msgs/include/super_odometry_msgs/super_odometry_msgs/msg/detail/iteration_stats__struct.h
[0.959s] -- Up-to-date: /root/ros2_ws/src/install/super_odometry_msgs/include/super_odometry_msgs/super_odometry_msgs/msg/detail/optimization_stats__struct.h
[0.959s] -- Up-to-date: /root/ros2_ws/src/install/super_odometry_msgs/include/super_odometry_msgs/super_odometry_msgs/msg/detail/laser_feature__struct.h
[0.959s] -- Up-to-date: /root/ros2_ws/src/install/super_odometry_msgs/include/super_odometry_msgs/super_odometry_msgs/msg/detail/laser_feature__functions.h
[0.959s] -- Up-to-date: /root/ros2_ws/src/install/super_odometry_msgs/include/super_odometry_msgs/super_odometry_msgs/msg/detail/laser_feature__type_support.h
[0.959s] -- Up-to-date: /root/ros2_ws/src/install/super_odometry_msgs/include/super_odometry_msgs/super_odometry_msgs/msg/detail/optimization_stats__functions.h
[0.959s] -- Up-to-date: /root/ros2_ws/src/install/super_odometry_msgs/include/super_odometry_msgs/super_odometry_msgs/msg/detail/iteration_stats__functions.h
[0.959s] -- Up-to-date: /root/ros2_ws/src/install/super_odometry_msgs/include/super_odometry_msgs/super_odometry_msgs/msg/laser_feature.h
[0.959s] -- Up-to-date: /root/ros2_ws/src/install/super_odometry_msgs/include/super_odometry_msgs/super_odometry_msgs/msg/rosidl_generator_c__visibility_control.h
[0.961s] -- Up-to-date: /root/ros2_ws/src/install/super_odometry_msgs/include/super_odometry_msgs/super_odometry_msgs/msg/iteration_stats.h
[0.961s] -- Up-to-date: /root/ros2_ws/src/install/super_odometry_msgs/include/super_odometry_msgs/super_odometry_msgs/msg/optimization_stats.h
[0.962s] -- Up-to-date: /root/ros2_ws/src/install/super_odometry_msgs/share/super_odometry_msgs/environment/library_path.sh
[0.962s] -- Up-to-date: /root/ros2_ws/src/install/super_odometry_msgs/share/super_odometry_msgs/environment/library_path.dsv
[0.962s] -- Up-to-date: /root/ros2_ws/src/install/super_odometry_msgs/lib/libsuper_odometry_msgs__rosidl_generator_c.so
[0.963s] -- Up-to-date: /root/ros2_ws/src/install/super_odometry_msgs/include/super_odometry_msgs/super_odometry_msgs
[0.966s] -- Up-to-date: /root/ros2_ws/src/install/super_odometry_msgs/include/super_odometry_msgs/super_odometry_msgs/msg
[0.970s] -- Up-to-date: /root/ros2_ws/src/install/super_odometry_msgs/include/super_odometry_msgs/super_odometry_msgs/msg/detail
[0.970s] -- Up-to-date: /root/ros2_ws/src/install/super_odometry_msgs/include/super_odometry_msgs/super_odometry_msgs/msg/detail/laser_feature__rosidl_typesupport_fastrtps_c.h
[0.970s] -- Up-to-date: /root/ros2_ws/src/install/super_odometry_msgs/include/super_odometry_msgs/super_odometry_msgs/msg/detail/optimization_stats__rosidl_typesupport_fastrtps_c.h
[0.970s] -- Up-to-date: /root/ros2_ws/src/install/super_odometry_msgs/include/super_odometry_msgs/super_odometry_msgs/msg/detail/iteration_stats__rosidl_typesupport_fastrtps_c.h
[0.971s] -- Up-to-date: /root/ros2_ws/src/install/super_odometry_msgs/include/super_odometry_msgs/super_odometry_msgs/msg/rosidl_typesupport_fastrtps_c__visibility_control.h
[0.975s] -- Up-to-date: /root/ros2_ws/src/install/super_odometry_msgs/lib/libsuper_odometry_msgs__rosidl_typesupport_fastrtps_c.so
[0.975s] -- Up-to-date: /root/ros2_ws/src/install/super_odometry_msgs/include/super_odometry_msgs/super_odometry_msgs
[0.975s] -- Up-to-date: /root/ros2_ws/src/install/super_odometry_msgs/include/super_odometry_msgs/super_odometry_msgs/msg
[0.975s] -- Up-to-date: /root/ros2_ws/src/install/super_odometry_msgs/include/super_odometry_msgs/super_odometry_msgs/msg/detail
[0.975s] -- Up-to-date: /root/ros2_ws/src/install/super_odometry_msgs/include/super_odometry_msgs/super_odometry_msgs/msg/detail/laser_feature__type_support.hpp
[0.975s] -- Up-to-date: /root/ros2_ws/src/install/super_odometry_msgs/include/super_odometry_msgs/super_odometry_msgs/msg/detail/iteration_stats__builder.hpp
[0.975s] -- Up-to-date: /root/ros2_ws/src/install/super_odometry_msgs/include/super_odometry_msgs/super_odometry_msgs/msg/detail/laser_feature__builder.hpp
[0.975s] -- Up-to-date: /root/ros2_ws/src/install/super_odometry_msgs/include/super_odometry_msgs/super_odometry_msgs/msg/detail/laser_feature__struct.hpp
[0.976s] -- Up-to-date: /root/ros2_ws/src/install/super_odometry_msgs/include/super_odometry_msgs/super_odometry_msgs/msg/detail/laser_feature__traits.hpp
[0.976s] -- Up-to-date: /root/ros2_ws/src/install/super_odometry_msgs/include/super_odometry_msgs/super_odometry_msgs/msg/detail/iteration_stats__type_support.hpp
[0.976s] -- Up-to-date: /root/ros2_ws/src/install/super_odometry_msgs/include/super_odometry_msgs/super_odometry_msgs/msg/detail/iteration_stats__struct.hpp
[0.976s] -- Up-to-date: /root/ros2_ws/src/install/super_odometry_msgs/include/super_odometry_msgs/super_odometry_msgs/msg/detail/optimization_stats__struct.hpp
[0.976s] -- Up-to-date: /root/ros2_ws/src/install/super_odometry_msgs/include/super_odometry_msgs/super_odometry_msgs/msg/detail/optimization_stats__type_support.hpp
[0.976s] -- Up-to-date: /root/ros2_ws/src/install/super_odometry_msgs/include/super_odometry_msgs/super_odometry_msgs/msg/detail/iteration_stats__traits.hpp
[0.976s] -- Up-to-date: /root/ros2_ws/src/install/super_odometry_msgs/include/super_odometry_msgs/super_odometry_msgs/msg/detail/optimization_stats__builder.hpp
[0.976s] -- Up-to-date: /root/ros2_ws/src/install/super_odometry_msgs/include/super_odometry_msgs/super_odometry_msgs/msg/detail/optimization_stats__traits.hpp
[0.976s] -- Up-to-date: /root/ros2_ws/src/install/super_odometry_msgs/include/super_odometry_msgs/super_odometry_msgs/msg/optimization_stats.hpp
[0.976s] -- Up-to-date: /root/ros2_ws/src/install/super_odometry_msgs/include/super_odometry_msgs/super_odometry_msgs/msg/iteration_stats.hpp
[0.976s] -- Up-to-date: /root/ros2_ws/src/install/super_odometry_msgs/include/super_odometry_msgs/super_odometry_msgs/msg/rosidl_generator_cpp__visibility_control.hpp
[0.976s] -- Up-to-date: /root/ros2_ws/src/install/super_odometry_msgs/include/super_odometry_msgs/super_odometry_msgs/msg/laser_feature.hpp
[0.976s] -- Up-to-date: /root/ros2_ws/src/install/super_odometry_msgs/include/super_odometry_msgs/super_odometry_msgs
[0.976s] -- Up-to-date: /root/ros2_ws/src/install/super_odometry_msgs/include/super_odometry_msgs/super_odometry_msgs/msg
[0.976s] -- Up-to-date: /root/ros2_ws/src/install/super_odometry_msgs/include/super_odometry_msgs/super_odometry_msgs/msg/detail
[0.976s] -- Up-to-date: /root/ros2_ws/src/install/super_odometry_msgs/include/super_odometry_msgs/super_odometry_msgs/msg/detail/laser_feature__rosidl_typesupport_fastrtps_cpp.hpp
[0.976s] -- Up-to-date: /root/ros2_ws/src/install/super_odometry_msgs/include/super_odometry_msgs/super_odometry_msgs/msg/detail/dds_fastrtps
[0.976s] -- Up-to-date: /root/ros2_ws/src/install/super_odometry_msgs/include/super_odometry_msgs/super_odometry_msgs/msg/detail/iteration_stats__rosidl_typesupport_fastrtps_cpp.hpp
[0.976s] -- Up-to-date: /root/ros2_ws/src/install/super_odometry_msgs/include/super_odometry_msgs/super_odometry_msgs/msg/detail/optimization_stats__rosidl_typesupport_fastrtps_cpp.hpp
[0.976s] -- Up-to-date: /root/ros2_ws/src/install/super_odometry_msgs/include/super_odometry_msgs/super_odometry_msgs/msg/rosidl_typesupport_fastrtps_cpp__visibility_control.h
[0.976s] -- Up-to-date: /root/ros2_ws/src/install/super_odometry_msgs/lib/libsuper_odometry_msgs__rosidl_typesupport_fastrtps_cpp.so
[0.976s] -- Up-to-date: /root/ros2_ws/src/install/super_odometry_msgs/include/super_odometry_msgs/super_odometry_msgs
[0.976s] -- Up-to-date: /root/ros2_ws/src/install/super_odometry_msgs/include/super_odometry_msgs/super_odometry_msgs/msg
[0.976s] -- Up-to-date: /root/ros2_ws/src/install/super_odometry_msgs/include/super_odometry_msgs/super_odometry_msgs/msg/rosidl_typesupport_introspection_c__visibility_control.h
[0.976s] -- Up-to-date: /root/ros2_ws/src/install/super_odometry_msgs/include/super_odometry_msgs/super_odometry_msgs/msg/detail
[0.976s] -- Up-to-date: /root/ros2_ws/src/install/super_odometry_msgs/include/super_odometry_msgs/super_odometry_msgs/msg/detail/laser_feature__rosidl_typesupport_introspection_c.h
[0.976s] -- Up-to-date: /root/ros2_ws/src/install/super_odometry_msgs/include/super_odometry_msgs/super_odometry_msgs/msg/detail/optimization_stats__type_support.c
[0.976s] -- Up-to-date: /root/ros2_ws/src/install/super_odometry_msgs/include/super_odometry_msgs/super_odometry_msgs/msg/detail/iteration_stats__type_support.c
[0.976s] -- Up-to-date: /root/ros2_ws/src/install/super_odometry_msgs/include/super_odometry_msgs/super_odometry_msgs/msg/detail/iteration_stats__rosidl_typesupport_introspection_c.h
[0.976s] -- Up-to-date: /root/ros2_ws/src/install/super_odometry_msgs/include/super_odometry_msgs/super_odometry_msgs/msg/detail/laser_feature__type_support.c
[0.976s] -- Up-to-date: /root/ros2_ws/src/install/super_odometry_msgs/include/super_odometry_msgs/super_odometry_msgs/msg/detail/optimization_stats__rosidl_typesupport_introspection_c.h
[0.976s] -- Up-to-date: /root/ros2_ws/src/install/super_odometry_msgs/lib/libsuper_odometry_msgs__rosidl_typesupport_introspection_c.so
[0.982s] -- Up-to-date: /root/ros2_ws/src/install/super_odometry_msgs/lib/libsuper_odometry_msgs__rosidl_typesupport_c.so
[0.987s] -- Up-to-date: /root/ros2_ws/src/install/super_odometry_msgs/include/super_odometry_msgs/super_odometry_msgs
[0.987s] -- Up-to-date: /root/ros2_ws/src/install/super_odometry_msgs/include/super_odometry_msgs/super_odometry_msgs/msg
[0.987s] -- Up-to-date: /root/ros2_ws/src/install/super_odometry_msgs/include/super_odometry_msgs/super_odometry_msgs/msg/detail
[0.987s] -- Up-to-date: /root/ros2_ws/src/install/super_odometry_msgs/include/super_odometry_msgs/super_odometry_msgs/msg/detail/optimization_stats__rosidl_typesupport_introspection_cpp.hpp
[0.987s] -- Up-to-date: /root/ros2_ws/src/install/super_odometry_msgs/include/super_odometry_msgs/super_odometry_msgs/msg/detail/iteration_stats__type_support.cpp
[0.987s] -- Up-to-date: /root/ros2_ws/src/install/super_odometry_msgs/include/super_odometry_msgs/super_odometry_msgs/msg/detail/optimization_stats__type_support.cpp
[0.987s] -- Up-to-date: /root/ros2_ws/src/install/super_odometry_msgs/include/super_odometry_msgs/super_odometry_msgs/msg/detail/laser_feature__rosidl_typesupport_introspection_cpp.hpp
[0.987s] -- Up-to-date: /root/ros2_ws/src/install/super_odometry_msgs/include/super_odometry_msgs/super_odometry_msgs/msg/detail/laser_feature__type_support.cpp
[0.987s] -- Up-to-date: /root/ros2_ws/src/install/super_odometry_msgs/include/super_odometry_msgs/super_odometry_msgs/msg/detail/iteration_stats__rosidl_typesupport_introspection_cpp.hpp
[0.988s] -- Up-to-date: /root/ros2_ws/src/install/super_odometry_msgs/lib/libsuper_odometry_msgs__rosidl_typesupport_introspection_cpp.so
[0.988s] -- Up-to-date: /root/ros2_ws/src/install/super_odometry_msgs/lib/libsuper_odometry_msgs__rosidl_typesupport_cpp.so
[0.988s] -- Up-to-date: /root/ros2_ws/src/install/super_odometry_msgs/share/super_odometry_msgs/environment/pythonpath.sh
[0.988s] -- Up-to-date: /root/ros2_ws/src/install/super_odometry_msgs/share/super_odometry_msgs/environment/pythonpath.dsv
[0.989s] -- Up-to-date: /root/ros2_ws/src/install/super_odometry_msgs/local/lib/python3.10/dist-packages/super_odometry_msgs-0.0.0-py3.10.egg-info
[0.989s] -- Installing: /root/ros2_ws/src/install/super_odometry_msgs/local/lib/python3.10/dist-packages/super_odometry_msgs-0.0.0-py3.10.egg-info/PKG-INFO
[0.989s] -- Installing: /root/ros2_ws/src/install/super_odometry_msgs/local/lib/python3.10/dist-packages/super_odometry_msgs-0.0.0-py3.10.egg-info/dependency_links.txt
[0.989s] -- Installing: /root/ros2_ws/src/install/super_odometry_msgs/local/lib/python3.10/dist-packages/super_odometry_msgs-0.0.0-py3.10.egg-info/SOURCES.txt
[0.991s] -- Installing: /root/ros2_ws/src/install/super_odometry_msgs/local/lib/python3.10/dist-packages/super_odometry_msgs-0.0.0-py3.10.egg-info/top_level.txt
[0.991s] -- Up-to-date: /root/ros2_ws/src/install/super_odometry_msgs/local/lib/python3.10/dist-packages/super_odometry_msgs
[0.991s] -- Up-to-date: /root/ros2_ws/src/install/super_odometry_msgs/local/lib/python3.10/dist-packages/super_odometry_msgs/super_odometry_msgs_s__rosidl_typesupport_introspection_c.cpython-310-x86_64-linux-gnu.so
[0.991s] -- Up-to-date: /root/ros2_ws/src/install/super_odometry_msgs/local/lib/python3.10/dist-packages/super_odometry_msgs/libsuper_odometry_msgs__rosidl_generator_py.so
[0.991s] -- Up-to-date: /root/ros2_ws/src/install/super_odometry_msgs/local/lib/python3.10/dist-packages/super_odometry_msgs/_super_odometry_msgs_s.ep.rosidl_typesupport_fastrtps_c.c
[0.991s] -- Up-to-date: /root/ros2_ws/src/install/super_odometry_msgs/local/lib/python3.10/dist-packages/super_odometry_msgs/_super_odometry_msgs_s.ep.rosidl_typesupport_c.c
[0.991s] -- Up-to-date: /root/ros2_ws/src/install/super_odometry_msgs/local/lib/python3.10/dist-packages/super_odometry_msgs/_super_odometry_msgs_s.ep.rosidl_typesupport_introspection_c.c
[0.991s] -- Up-to-date: /root/ros2_ws/src/install/super_odometry_msgs/local/lib/python3.10/dist-packages/super_odometry_msgs/super_odometry_msgs_s__rosidl_typesupport_fastrtps_c.cpython-310-x86_64-linux-gnu.so
[0.991s] -- Up-to-date: /root/ros2_ws/src/install/super_odometry_msgs/local/lib/python3.10/dist-packages/super_odometry_msgs/__init__.py
[0.991s] -- Up-to-date: /root/ros2_ws/src/install/super_odometry_msgs/local/lib/python3.10/dist-packages/super_odometry_msgs/msg
[0.991s] -- Up-to-date: /root/ros2_ws/src/install/super_odometry_msgs/local/lib/python3.10/dist-packages/super_odometry_msgs/msg/_iteration_stats.py
[0.991s] -- Up-to-date: /root/ros2_ws/src/install/super_odometry_msgs/local/lib/python3.10/dist-packages/super_odometry_msgs/msg/_optimization_stats.py
[0.991s] -- Up-to-date: /root/ros2_ws/src/install/super_odometry_msgs/local/lib/python3.10/dist-packages/super_odometry_msgs/msg/_optimization_stats_s.c
[0.991s] -- Up-to-date: /root/ros2_ws/src/install/super_odometry_msgs/local/lib/python3.10/dist-packages/super_odometry_msgs/msg/_laser_feature.py
[0.991s] -- Up-to-date: /root/ros2_ws/src/install/super_odometry_msgs/local/lib/python3.10/dist-packages/super_odometry_msgs/msg/_laser_feature_s.c
[0.991s] -- Up-to-date: /root/ros2_ws/src/install/super_odometry_msgs/local/lib/python3.10/dist-packages/super_odometry_msgs/msg/_iteration_stats_s.c
[0.992s] -- Up-to-date: /root/ros2_ws/src/install/super_odometry_msgs/local/lib/python3.10/dist-packages/super_odometry_msgs/msg/__init__.py
[0.992s] -- Up-to-date: /root/ros2_ws/src/install/super_odometry_msgs/local/lib/python3.10/dist-packages/super_odometry_msgs/super_odometry_msgs_s__rosidl_typesupport_c.cpython-310-x86_64-linux-gnu.so
[1.000s] Listing '/root/ros2_ws/src/install/super_odometry_msgs/local/lib/python3.10/dist-packages/super_odometry_msgs'...
[1.000s] Listing '/root/ros2_ws/src/install/super_odometry_msgs/local/lib/python3.10/dist-packages/super_odometry_msgs/msg'...
[1.000s] -- Up-to-date: /root/ros2_ws/src/install/super_odometry_msgs/local/lib/python3.10/dist-packages/super_odometry_msgs/super_odometry_msgs_s__rosidl_typesupport_fastrtps_c.cpython-310-x86_64-linux-gnu.so
[1.000s] -- Up-to-date: /root/ros2_ws/src/install/super_odometry_msgs/local/lib/python3.10/dist-packages/super_odometry_msgs/super_odometry_msgs_s__rosidl_typesupport_introspection_c.cpython-310-x86_64-linux-gnu.so
[1.000s] -- Up-to-date: /root/ros2_ws/src/install/super_odometry_msgs/local/lib/python3.10/dist-packages/super_odometry_msgs/super_odometry_msgs_s__rosidl_typesupport_c.cpython-310-x86_64-linux-gnu.so
[1.000s] -- Up-to-date: /root/ros2_ws/src/install/super_odometry_msgs/lib/libsuper_odometry_msgs__rosidl_generator_py.so
[1.000s] -- Up-to-date: /root/ros2_ws/src/install/super_odometry_msgs/share/super_odometry_msgs/msg/IterationStats.idl
[1.000s] -- Up-to-date: /root/ros2_ws/src/install/super_odometry_msgs/share/super_odometry_msgs/msg/OptimizationStats.idl
[1.000s] -- Up-to-date: /root/ros2_ws/src/install/super_odometry_msgs/share/super_odometry_msgs/msg/LaserFeature.idl
[1.000s] -- Up-to-date: /root/ros2_ws/src/install/super_odometry_msgs/share/super_odometry_msgs/msg/IterationStats.msg
[1.000s] -- Up-to-date: /root/ros2_ws/src/install/super_odometry_msgs/share/super_odometry_msgs/msg/OptimizationStats.msg
[1.000s] -- Up-to-date: /root/ros2_ws/src/install/super_odometry_msgs/share/super_odometry_msgs/msg/LaserFeature.msg
[1.000s] -- Up-to-date: /root/ros2_ws/src/install/super_odometry_msgs/share/ament_index/resource_index/package_run_dependencies/super_odometry_msgs
[1.000s] -- Up-to-date: /root/ros2_ws/src/install/super_odometry_msgs/share/ament_index/resource_index/parent_prefix_path/super_odometry_msgs
[1.000s] -- Up-to-date: /root/ros2_ws/src/install/super_odometry_msgs/share/super_odometry_msgs/environment/ament_prefix_path.sh
[1.000s] -- Up-to-date: /root/ros2_ws/src/install/super_odometry_msgs/share/super_odometry_msgs/environment/ament_prefix_path.dsv
[1.000s] -- Up-to-date: /root/ros2_ws/src/install/super_odometry_msgs/share/super_odometry_msgs/environment/path.sh
[1.000s] -- Up-to-date: /root/ros2_ws/src/install/super_odometry_msgs/share/super_odometry_msgs/environment/path.dsv
[1.002s] -- Up-to-date: /root/ros2_ws/src/install/super_odometry_msgs/share/super_odometry_msgs/local_setup.bash
[1.002s] -- Up-to-date: /root/ros2_ws/src/install/super_odometry_msgs/share/super_odometry_msgs/local_setup.sh
[1.003s] -- Up-to-date: /root/ros2_ws/src/install/super_odometry_msgs/share/super_odometry_msgs/local_setup.zsh
[1.003s] -- Up-to-date: /root/ros2_ws/src/install/super_odometry_msgs/share/super_odometry_msgs/local_setup.dsv
[1.003s] -- Installing: /root/ros2_ws/src/install/super_odometry_msgs/share/super_odometry_msgs/package.dsv
[1.003s] -- Up-to-date: /root/ros2_ws/src/install/super_odometry_msgs/share/ament_index/resource_index/packages/super_odometry_msgs
[1.003s] -- Up-to-date: /root/ros2_ws/src/install/super_odometry_msgs/share/super_odometry_msgs/cmake/export_super_odometry_msgs__rosidl_generator_cExport.cmake
[1.003s] -- Up-to-date: /root/ros2_ws/src/install/super_odometry_msgs/share/super_odometry_msgs/cmake/export_super_odometry_msgs__rosidl_generator_cExport-noconfig.cmake
[1.003s] -- Up-to-date: /root/ros2_ws/src/install/super_odometry_msgs/share/super_odometry_msgs/cmake/export_super_odometry_msgs__rosidl_typesupport_fastrtps_cExport.cmake
[1.003s] -- Up-to-date: /root/ros2_ws/src/install/super_odometry_msgs/share/super_odometry_msgs/cmake/export_super_odometry_msgs__rosidl_typesupport_fastrtps_cExport-noconfig.cmake
[1.003s] -- Up-to-date: /root/ros2_ws/src/install/super_odometry_msgs/share/super_odometry_msgs/cmake/export_super_odometry_msgs__rosidl_generator_cppExport.cmake
[1.003s] -- Up-to-date: /root/ros2_ws/src/install/super_odometry_msgs/share/super_odometry_msgs/cmake/export_super_odometry_msgs__rosidl_typesupport_fastrtps_cppExport.cmake
[1.003s] -- Up-to-date: /root/ros2_ws/src/install/super_odometry_msgs/share/super_odometry_msgs/cmake/export_super_odometry_msgs__rosidl_typesupport_fastrtps_cppExport-noconfig.cmake
[1.003s] -- Up-to-date: /root/ros2_ws/src/install/super_odometry_msgs/share/super_odometry_msgs/cmake/super_odometry_msgs__rosidl_typesupport_introspection_cExport.cmake
[1.003s] -- Up-to-date: /root/ros2_ws/src/install/super_odometry_msgs/share/super_odometry_msgs/cmake/super_odometry_msgs__rosidl_typesupport_introspection_cExport-noconfig.cmake
[1.003s] -- Up-to-date: /root/ros2_ws/src/install/super_odometry_msgs/share/super_odometry_msgs/cmake/super_odometry_msgs__rosidl_typesupport_cExport.cmake
[1.003s] -- Up-to-date: /root/ros2_ws/src/install/super_odometry_msgs/share/super_odometry_msgs/cmake/super_odometry_msgs__rosidl_typesupport_cExport-noconfig.cmake
[1.003s] -- Up-to-date: /root/ros2_ws/src/install/super_odometry_msgs/share/super_odometry_msgs/cmake/super_odometry_msgs__rosidl_typesupport_introspection_cppExport.cmake
[1.003s] -- Up-to-date: /root/ros2_ws/src/install/super_odometry_msgs/share/super_odometry_msgs/cmake/super_odometry_msgs__rosidl_typesupport_introspection_cppExport-noconfig.cmake
[1.003s] -- Up-to-date: /root/ros2_ws/src/install/super_odometry_msgs/share/super_odometry_msgs/cmake/super_odometry_msgs__rosidl_typesupport_cppExport.cmake
[1.003s] -- Up-to-date: /root/ros2_ws/src/install/super_odometry_msgs/share/super_odometry_msgs/cmake/super_odometry_msgs__rosidl_typesupport_cppExport-noconfig.cmake
[1.003s] -- Up-to-date: /root/ros2_ws/src/install/super_odometry_msgs/share/super_odometry_msgs/cmake/export_super_odometry_msgs__rosidl_generator_pyExport.cmake
[1.003s] -- Up-to-date: /root/ros2_ws/src/install/super_odometry_msgs/share/super_odometry_msgs/cmake/export_super_odometry_msgs__rosidl_generator_pyExport-noconfig.cmake
[1.003s] -- Up-to-date: /root/ros2_ws/src/install/super_odometry_msgs/share/super_odometry_msgs/cmake/rosidl_cmake-extras.cmake
[1.003s] -- Up-to-date: /root/ros2_ws/src/install/super_odometry_msgs/share/super_odometry_msgs/cmake/ament_cmake_export_dependencies-extras.cmake
[1.003s] -- Up-to-date: /root/ros2_ws/src/install/super_odometry_msgs/share/super_odometry_msgs/cmake/ament_cmake_export_include_directories-extras.cmake
[1.003s] -- Up-to-date: /root/ros2_ws/src/install/super_odometry_msgs/share/super_odometry_msgs/cmake/ament_cmake_export_libraries-extras.cmake
[1.004s] -- Up-to-date: /root/ros2_ws/src/install/super_odometry_msgs/share/super_odometry_msgs/cmake/ament_cmake_export_targets-extras.cmake
[1.004s] -- Up-to-date: /root/ros2_ws/src/install/super_odometry_msgs/share/super_odometry_msgs/cmake/rosidl_cmake_export_typesupport_targets-extras.cmake
[1.004s] -- Up-to-date: /root/ros2_ws/src/install/super_odometry_msgs/share/super_odometry_msgs/cmake/rosidl_cmake_export_typesupport_libraries-extras.cmake
[1.004s] -- Up-to-date: /root/ros2_ws/src/install/super_odometry_msgs/share/super_odometry_msgs/cmake/super_odometry_msgsConfig.cmake
[1.004s] -- Up-to-date: /root/ros2_ws/src/install/super_odometry_msgs/share/super_odometry_msgs/cmake/super_odometry_msgsConfig-version.cmake
[1.004s] -- Up-to-date: /root/ros2_ws/src/install/super_odometry_msgs/share/super_odometry_msgs/package.xml
[1.052s] Invoked command in '/root/ros2_ws/src/build/super_odometry_msgs' returned '0': CMAKE_PREFIX_PATH=/opt/ros/humble /usr/bin/cmake --install /root/ros2_ws/src/build/super_odometry_msgs
