[0.032s] Invoking command in '/root/ros2_ws/src/build/go2_sport_api': AMENT_PREFIX_PATH=/root/ros2_ws/src/install/unitree_go:/root/ros2_ws/src/install/unitree_api:${AMENT_PREFIX_PATH} CMAKE_PREFIX_PATH=/root/ros2_ws/src/install/unitree_go:/root/ros2_ws/src/install/unitree_api:/opt/ros/humble LD_LIBRARY_PATH=/root/ros2_ws/src/install/unitree_go/lib:/root/ros2_ws/src/install/unitree_api/lib:${LD_LIBRARY_PATH} PYTHONPATH=/root/ros2_ws/src/install/unitree_go/local/lib/python3.10/dist-packages:/root/ros2_ws/src/install/unitree_api/local/lib/python3.10/dist-packages:${PYTHONPATH} /usr/bin/cmake --build /root/ros2_ws/src/build/go2_sport_api -- -j24 -l24
[0.087s] [ 40%] Built target go2_sport_api
[0.089s] [100%] Built target vel_ctrl
[0.106s] Invoked command in '/root/ros2_ws/src/build/go2_sport_api' returned '0': AMENT_PREFIX_PATH=/root/ros2_ws/src/install/unitree_go:/root/ros2_ws/src/install/unitree_api:${AMENT_PREFIX_PATH} CMAKE_PREFIX_PATH=/root/ros2_ws/src/install/unitree_go:/root/ros2_ws/src/install/unitree_api:/opt/ros/humble LD_LIBRARY_PATH=/root/ros2_ws/src/install/unitree_go/lib:/root/ros2_ws/src/install/unitree_api/lib:${LD_LIBRARY_PATH} PYTHONPATH=/root/ros2_ws/src/install/unitree_go/local/lib/python3.10/dist-packages:/root/ros2_ws/src/install/unitree_api/local/lib/python3.10/dist-packages:${PYTHONPATH} /usr/bin/cmake --build /root/ros2_ws/src/build/go2_sport_api -- -j24 -l24
[0.106s] Invoking command in '/root/ros2_ws/src/build/go2_sport_api': AMENT_PREFIX_PATH=/root/ros2_ws/src/install/unitree_go:/root/ros2_ws/src/install/unitree_api:${AMENT_PREFIX_PATH} CMAKE_PREFIX_PATH=/root/ros2_ws/src/install/unitree_go:/root/ros2_ws/src/install/unitree_api:/opt/ros/humble LD_LIBRARY_PATH=/root/ros2_ws/src/install/unitree_go/lib:/root/ros2_ws/src/install/unitree_api/lib:${LD_LIBRARY_PATH} PYTHONPATH=/root/ros2_ws/src/install/unitree_go/local/lib/python3.10/dist-packages:/root/ros2_ws/src/install/unitree_api/local/lib/python3.10/dist-packages:${PYTHONPATH} /usr/bin/cmake --install /root/ros2_ws/src/build/go2_sport_api
[0.112s] -- Install configuration: ""
[0.112s] -- Up-to-date: /root/ros2_ws/src/install/go2_sport_api/include/include
[0.112s] -- Up-to-date: /root/ros2_ws/src/install/go2_sport_api/include/include/nlohmann
[0.112s] -- Up-to-date: /root/ros2_ws/src/install/go2_sport_api/include/include/nlohmann/detail
[0.114s] -- Up-to-date: /root/ros2_ws/src/install/go2_sport_api/include/include/nlohmann/detail/abi_macros.hpp
[0.114s] -- Up-to-date: /root/ros2_ws/src/install/go2_sport_api/include/include/nlohmann/detail/hash.hpp
[0.114s] -- Up-to-date: /root/ros2_ws/src/install/go2_sport_api/include/include/nlohmann/detail/string_escape.hpp
[0.114s] -- Up-to-date: /root/ros2_ws/src/install/go2_sport_api/include/include/nlohmann/detail/output
[0.119s] -- Up-to-date: /root/ros2_ws/src/install/go2_sport_api/include/include/nlohmann/detail/output/output_adapters.hpp
[0.123s] -- Up-to-date: /root/ros2_ws/src/install/go2_sport_api/include/include/nlohmann/detail/output/binary_writer.hpp
[0.123s] -- Up-to-date: /root/ros2_ws/src/install/go2_sport_api/include/include/nlohmann/detail/output/serializer.hpp
[0.123s] -- Up-to-date: /root/ros2_ws/src/install/go2_sport_api/include/include/nlohmann/detail/value_t.hpp
[0.124s] -- Up-to-date: /root/ros2_ws/src/install/go2_sport_api/include/include/nlohmann/detail/exceptions.hpp
[0.124s] -- Up-to-date: /root/ros2_ws/src/install/go2_sport_api/include/include/nlohmann/detail/conversions
[0.124s] -- Up-to-date: /root/ros2_ws/src/install/go2_sport_api/include/include/nlohmann/detail/conversions/to_json.hpp
[0.124s] -- Up-to-date: /root/ros2_ws/src/install/go2_sport_api/include/include/nlohmann/detail/conversions/to_chars.hpp
[0.124s] -- Up-to-date: /root/ros2_ws/src/install/go2_sport_api/include/include/nlohmann/detail/conversions/from_json.hpp
[0.124s] -- Up-to-date: /root/ros2_ws/src/install/go2_sport_api/include/include/nlohmann/detail/iterators
[0.124s] -- Up-to-date: /root/ros2_ws/src/install/go2_sport_api/include/include/nlohmann/detail/iterators/json_reverse_iterator.hpp
[0.124s] -- Up-to-date: /root/ros2_ws/src/install/go2_sport_api/include/include/nlohmann/detail/iterators/internal_iterator.hpp
[0.124s] -- Up-to-date: /root/ros2_ws/src/install/go2_sport_api/include/include/nlohmann/detail/iterators/iterator_traits.hpp
[0.124s] -- Up-to-date: /root/ros2_ws/src/install/go2_sport_api/include/include/nlohmann/detail/iterators/iteration_proxy.hpp
[0.124s] -- Up-to-date: /root/ros2_ws/src/install/go2_sport_api/include/include/nlohmann/detail/iterators/iter_impl.hpp
[0.124s] -- Up-to-date: /root/ros2_ws/src/install/go2_sport_api/include/include/nlohmann/detail/iterators/primitive_iterator.hpp
[0.124s] -- Up-to-date: /root/ros2_ws/src/install/go2_sport_api/include/include/nlohmann/detail/json_pointer.hpp
[0.124s] -- Up-to-date: /root/ros2_ws/src/install/go2_sport_api/include/include/nlohmann/detail/json_custom_base_class.hpp
[0.124s] -- Up-to-date: /root/ros2_ws/src/install/go2_sport_api/include/include/nlohmann/detail/macro_unscope.hpp
[0.124s] -- Up-to-date: /root/ros2_ws/src/install/go2_sport_api/include/include/nlohmann/detail/json_ref.hpp
[0.124s] -- Up-to-date: /root/ros2_ws/src/install/go2_sport_api/include/include/nlohmann/detail/string_concat.hpp
[0.124s] -- Up-to-date: /root/ros2_ws/src/install/go2_sport_api/include/include/nlohmann/detail/macro_scope.hpp
[0.124s] -- Up-to-date: /root/ros2_ws/src/install/go2_sport_api/include/include/nlohmann/detail/input
[0.124s] -- Up-to-date: /root/ros2_ws/src/install/go2_sport_api/include/include/nlohmann/detail/input/position_t.hpp
[0.124s] -- Up-to-date: /root/ros2_ws/src/install/go2_sport_api/include/include/nlohmann/detail/input/json_sax.hpp
[0.124s] -- Up-to-date: /root/ros2_ws/src/install/go2_sport_api/include/include/nlohmann/detail/input/binary_reader.hpp
[0.124s] -- Up-to-date: /root/ros2_ws/src/install/go2_sport_api/include/include/nlohmann/detail/input/parser.hpp
[0.124s] -- Up-to-date: /root/ros2_ws/src/install/go2_sport_api/include/include/nlohmann/detail/input/input_adapters.hpp
[0.124s] -- Up-to-date: /root/ros2_ws/src/install/go2_sport_api/include/include/nlohmann/detail/input/lexer.hpp
[0.124s] -- Up-to-date: /root/ros2_ws/src/install/go2_sport_api/include/include/nlohmann/detail/meta
[0.125s] -- Up-to-date: /root/ros2_ws/src/install/go2_sport_api/include/include/nlohmann/detail/meta/type_traits.hpp
[0.125s] -- Up-to-date: /root/ros2_ws/src/install/go2_sport_api/include/include/nlohmann/detail/meta/detected.hpp
[0.125s] -- Up-to-date: /root/ros2_ws/src/install/go2_sport_api/include/include/nlohmann/detail/meta/identity_tag.hpp
[0.125s] -- Up-to-date: /root/ros2_ws/src/install/go2_sport_api/include/include/nlohmann/detail/meta/std_fs.hpp
[0.125s] -- Up-to-date: /root/ros2_ws/src/install/go2_sport_api/include/include/nlohmann/detail/meta/cpp_future.hpp
[0.125s] -- Up-to-date: /root/ros2_ws/src/install/go2_sport_api/include/include/nlohmann/detail/meta/void_t.hpp
[0.125s] -- Up-to-date: /root/ros2_ws/src/install/go2_sport_api/include/include/nlohmann/detail/meta/call_std
[0.125s] -- Up-to-date: /root/ros2_ws/src/install/go2_sport_api/include/include/nlohmann/detail/meta/call_std/begin.hpp
[0.125s] -- Up-to-date: /root/ros2_ws/src/install/go2_sport_api/include/include/nlohmann/detail/meta/call_std/end.hpp
[0.125s] -- Up-to-date: /root/ros2_ws/src/install/go2_sport_api/include/include/nlohmann/detail/meta/is_sax.hpp
[0.125s] -- Up-to-date: /root/ros2_ws/src/install/go2_sport_api/include/include/nlohmann/ordered_map.hpp
[0.125s] -- Up-to-date: /root/ros2_ws/src/install/go2_sport_api/include/include/nlohmann/byte_container_with_subtype.hpp
[0.125s] -- Up-to-date: /root/ros2_ws/src/install/go2_sport_api/include/include/nlohmann/adl_serializer.hpp
[0.125s] -- Up-to-date: /root/ros2_ws/src/install/go2_sport_api/include/include/nlohmann/json.hpp
[0.125s] -- Up-to-date: /root/ros2_ws/src/install/go2_sport_api/include/include/nlohmann/json_fwd.hpp
[0.125s] -- Up-to-date: /root/ros2_ws/src/install/go2_sport_api/include/include/nlohmann/thirdparty
[0.125s] -- Up-to-date: /root/ros2_ws/src/install/go2_sport_api/include/include/nlohmann/thirdparty/hedley
[0.126s] -- Up-to-date: /root/ros2_ws/src/install/go2_sport_api/include/include/nlohmann/thirdparty/hedley/hedley_undef.hpp
[0.126s] -- Up-to-date: /root/ros2_ws/src/install/go2_sport_api/include/include/nlohmann/thirdparty/hedley/hedley.hpp
[0.126s] -- Up-to-date: /root/ros2_ws/src/install/go2_sport_api/include/include/common
[0.126s] -- Up-to-date: /root/ros2_ws/src/install/go2_sport_api/include/include/common/motor_crc.h
[0.126s] -- Up-to-date: /root/ros2_ws/src/install/go2_sport_api/include/include/common/ros2_sport_client.h
[0.126s] -- Up-to-date: /root/ros2_ws/src/install/go2_sport_api/lib/go2_sport_api/vel_ctrl
[0.126s] -- Up-to-date: /root/ros2_ws/src/install/go2_sport_api/lib/libgo2_sport_api.so
[0.126s] -- Up-to-date: /root/ros2_ws/src/install/go2_sport_api/share/go2_sport_api/environment/library_path.sh
[0.126s] -- Up-to-date: /root/ros2_ws/src/install/go2_sport_api/share/go2_sport_api/environment/library_path.dsv
[0.126s] -- Up-to-date: /root/ros2_ws/src/install/go2_sport_api/share/ament_index/resource_index/package_run_dependencies/go2_sport_api
[0.126s] -- Up-to-date: /root/ros2_ws/src/install/go2_sport_api/share/ament_index/resource_index/parent_prefix_path/go2_sport_api
[0.126s] -- Up-to-date: /root/ros2_ws/src/install/go2_sport_api/share/go2_sport_api/environment/ament_prefix_path.sh
[0.126s] -- Up-to-date: /root/ros2_ws/src/install/go2_sport_api/share/go2_sport_api/environment/ament_prefix_path.dsv
[0.126s] -- Up-to-date: /root/ros2_ws/src/install/go2_sport_api/share/go2_sport_api/environment/path.sh
[0.126s] -- Up-to-date: /root/ros2_ws/src/install/go2_sport_api/share/go2_sport_api/environment/path.dsv
[0.126s] -- Up-to-date: /root/ros2_ws/src/install/go2_sport_api/share/go2_sport_api/local_setup.bash
[0.126s] -- Up-to-date: /root/ros2_ws/src/install/go2_sport_api/share/go2_sport_api/local_setup.sh
[0.126s] -- Up-to-date: /root/ros2_ws/src/install/go2_sport_api/share/go2_sport_api/local_setup.zsh
[0.126s] -- Up-to-date: /root/ros2_ws/src/install/go2_sport_api/share/go2_sport_api/local_setup.dsv
[0.126s] -- Installing: /root/ros2_ws/src/install/go2_sport_api/share/go2_sport_api/package.dsv
[0.126s] -- Up-to-date: /root/ros2_ws/src/install/go2_sport_api/share/ament_index/resource_index/packages/go2_sport_api
[0.126s] -- Up-to-date: /root/ros2_ws/src/install/go2_sport_api/share/go2_sport_api/cmake/export_go2_sport_apiExport.cmake
[0.126s] -- Up-to-date: /root/ros2_ws/src/install/go2_sport_api/share/go2_sport_api/cmake/export_go2_sport_apiExport-noconfig.cmake
[0.127s] -- Up-to-date: /root/ros2_ws/src/install/go2_sport_api/share/go2_sport_api/cmake/ament_cmake_export_dependencies-extras.cmake
[0.127s] -- Up-to-date: /root/ros2_ws/src/install/go2_sport_api/share/go2_sport_api/cmake/ament_cmake_export_libraries-extras.cmake
[0.127s] -- Up-to-date: /root/ros2_ws/src/install/go2_sport_api/share/go2_sport_api/cmake/ament_cmake_export_include_directories-extras.cmake
[0.127s] -- Up-to-date: /root/ros2_ws/src/install/go2_sport_api/share/go2_sport_api/cmake/ament_cmake_export_targets-extras.cmake
[0.127s] -- Up-to-date: /root/ros2_ws/src/install/go2_sport_api/share/go2_sport_api/cmake/go2_sport_apiConfig.cmake
[0.127s] -- Up-to-date: /root/ros2_ws/src/install/go2_sport_api/share/go2_sport_api/cmake/go2_sport_apiConfig-version.cmake
[0.127s] -- Up-to-date: /root/ros2_ws/src/install/go2_sport_api/share/go2_sport_api/package.xml
[0.181s] Invoked command in '/root/ros2_ws/src/build/go2_sport_api' returned '0': AMENT_PREFIX_PATH=/root/ros2_ws/src/install/unitree_go:/root/ros2_ws/src/install/unitree_api:${AMENT_PREFIX_PATH} CMAKE_PREFIX_PATH=/root/ros2_ws/src/install/unitree_go:/root/ros2_ws/src/install/unitree_api:/opt/ros/humble LD_LIBRARY_PATH=/root/ros2_ws/src/install/unitree_go/lib:/root/ros2_ws/src/install/unitree_api/lib:${LD_LIBRARY_PATH} PYTHONPATH=/root/ros2_ws/src/install/unitree_go/local/lib/python3.10/dist-packages:/root/ros2_ws/src/install/unitree_api/local/lib/python3.10/dist-packages:${PYTHONPATH} /usr/bin/cmake --install /root/ros2_ws/src/build/go2_sport_api
