-- The C compiler identification is GNU 11.4.0
-- The CXX compiler identification is GNU 11.4.0
-- Detecting C compiler ABI info
-- Detecting C compiler ABI info - done
-- Check for working C compiler: /usr/bin/cc - skipped
-- Detecting C compile features
-- Detecting C compile features - done
-- Detecting CXX compiler ABI info
-- Detecting CXX compiler ABI info - done
-- Check for working CXX compiler: /usr/bin/c++ - skipped
-- Detecting CXX compile features
-- Detecting CXX compile features - done
-- Found ament_cmake: 1.3.12 (/opt/ros/humble/share/ament_cmake/cmake)
-- Found Python3: /usr/bin/python3 (found version "3.10.12") found components: Interpreter 
-- Found rosidl_default_generators: 1.2.0 (/opt/ros/humble/share/rosidl_default_generators/cmake)
-- Using all available rosidl_typesupport_c: rosidl_typesupport_fastrtps_c;rosidl_typesupport_introspection_c
-- Found rosidl_adapter: 3.1.8 (/opt/ros/humble/share/rosidl_adapter/cmake)
-- Using all available rosidl_typesupport_cpp: rosidl_typesupport_fastrtps_cpp;rosidl_typesupport_introspection_cpp
-- Found std_msgs: 4.9.0 (/opt/ros/humble/share/std_msgs/cmake)
-- Found ament_cmake_ros: 0.10.0 (/opt/ros/humble/share/ament_cmake_ros/cmake)
-- Using all available rosidl_typesupport_c: rosidl_typesupport_fastrtps_c;rosidl_typesupport_introspection_c
-- Using all available rosidl_typesupport_cpp: rosidl_typesupport_fastrtps_cpp;rosidl_typesupport_introspection_cpp
-- Found PythonInterp: /usr/bin/python3 (found suitable version "3.10.12", minimum required is "3.6") 
-- Found python_cmake_module: 0.10.0 (/opt/ros/humble/share/python_cmake_module/cmake)
-- Found PythonLibs: /usr/lib/x86_64-linux-gnu/libpython3.10.so (found suitable version "3.10.12", minimum required is "3.5") 
-- Using PYTHON_EXECUTABLE: /usr/bin/python3
-- Using PYTHON_INCLUDE_DIRS: /usr/include/python3.10
-- Using PYTHON_LIBRARIES: /usr/lib/x86_64-linux-gnu/libpython3.10.so
-- Found PythonExtra: .so  
-- Using numpy include directory: /usr/local/lib/python3.10/dist-packages/numpy/core/include
-- Configuring done
-- Generating done
-- Build files have been written to: /root/ros2_ws/src/build/rviz_2d_overlay_msgs
[  3%] [34m[1mGenerating C code for ROS interfaces[0m
[  6%] [34m[1mGenerating C++ code for ROS interfaces[0m
[  6%] Built target ament_cmake_python_copy_rviz_2d_overlay_msgs
[  9%] [32mBuilding C object CMakeFiles/rviz_2d_overlay_msgs__rosidl_generator_c.dir/rosidl_generator_c/rviz_2d_overlay_msgs/msg/detail/overlay_text__functions.c.o[0m
running egg_info
creating rviz_2d_overlay_msgs.egg-info
writing rviz_2d_overlay_msgs.egg-info/PKG-INFO
writing dependency_links to rviz_2d_overlay_msgs.egg-info/dependency_links.txt
writing top-level names to rviz_2d_overlay_msgs.egg-info/top_level.txt
writing manifest file 'rviz_2d_overlay_msgs.egg-info/SOURCES.txt'
[  9%] Built target rviz_2d_overlay_msgs__cpp
[ 12%] [34m[1mGenerating C++ type support dispatch for ROS interfaces[0m
[ 16%] [34m[1mGenerating C++ type support for eProsima Fast-RTPS[0m
[ 19%] [34m[1mGenerating C++ introspection for ROS interfaces[0m
[ 22%] [32m[1mLinking C shared library librviz_2d_overlay_msgs__rosidl_generator_c.so[0m
reading manifest file 'rviz_2d_overlay_msgs.egg-info/SOURCES.txt'
writing manifest file 'rviz_2d_overlay_msgs.egg-info/SOURCES.txt'
[ 22%] Built target rviz_2d_overlay_msgs__rosidl_generator_c
[ 25%] [34m[1mGenerating C type support for eProsima Fast-RTPS[0m
[ 29%] [34m[1mGenerating C introspection for ROS interfaces[0m
[ 32%] [34m[1mGenerating C type support dispatch for ROS interfaces[0m
[ 32%] Built target ament_cmake_python_build_rviz_2d_overlay_msgs_egg
[ 35%] [32mBuilding CXX object CMakeFiles/rviz_2d_overlay_msgs__rosidl_typesupport_introspection_cpp.dir/rosidl_typesupport_introspection_cpp/rviz_2d_overlay_msgs/msg/detail/overlay_text__type_support.cpp.o[0m
[ 38%] [32mBuilding CXX object CMakeFiles/rviz_2d_overlay_msgs__rosidl_typesupport_cpp.dir/rosidl_typesupport_cpp/rviz_2d_overlay_msgs/msg/overlay_text__type_support.cpp.o[0m
[ 41%] [32mBuilding CXX object CMakeFiles/rviz_2d_overlay_msgs__rosidl_typesupport_c.dir/rosidl_typesupport_c/rviz_2d_overlay_msgs/msg/overlay_text__type_support.cpp.o[0m
[ 45%] [32mBuilding CXX object CMakeFiles/rviz_2d_overlay_msgs__rosidl_typesupport_fastrtps_c.dir/rosidl_typesupport_fastrtps_c/rviz_2d_overlay_msgs/msg/detail/overlay_text__type_support_c.cpp.o[0m
[ 48%] [32m[1mLinking CXX shared library librviz_2d_overlay_msgs__rosidl_typesupport_c.so[0m
[ 51%] [32mBuilding CXX object CMakeFiles/rviz_2d_overlay_msgs__rosidl_typesupport_fastrtps_cpp.dir/rosidl_typesupport_fastrtps_cpp/rviz_2d_overlay_msgs/msg/detail/dds_fastrtps/overlay_text__type_support.cpp.o[0m
[ 51%] Built target rviz_2d_overlay_msgs__rosidl_typesupport_c
[ 54%] [32mBuilding C object CMakeFiles/rviz_2d_overlay_msgs__rosidl_typesupport_introspection_c.dir/rosidl_typesupport_introspection_c/rviz_2d_overlay_msgs/msg/detail/overlay_text__type_support.c.o[0m
[ 58%] [32m[1mLinking CXX shared library librviz_2d_overlay_msgs__rosidl_typesupport_cpp.so[0m
[ 61%] [32m[1mLinking C shared library librviz_2d_overlay_msgs__rosidl_typesupport_introspection_c.so[0m
[ 64%] [32m[1mLinking CXX shared library librviz_2d_overlay_msgs__rosidl_typesupport_fastrtps_c.so[0m
[ 64%] Built target rviz_2d_overlay_msgs__rosidl_typesupport_cpp
[ 64%] Built target rviz_2d_overlay_msgs__rosidl_typesupport_introspection_c
[ 67%] [32m[1mLinking CXX shared library librviz_2d_overlay_msgs__rosidl_typesupport_introspection_cpp.so[0m
[ 67%] Built target rviz_2d_overlay_msgs__rosidl_typesupport_fastrtps_c
[ 67%] Built target rviz_2d_overlay_msgs__rosidl_typesupport_introspection_cpp
[ 70%] [32m[1mLinking CXX shared library librviz_2d_overlay_msgs__rosidl_typesupport_fastrtps_cpp.so[0m
[ 70%] Built target rviz_2d_overlay_msgs__rosidl_typesupport_fastrtps_cpp
[ 70%] Built target rviz_2d_overlay_msgs
[ 74%] [34m[1mGenerating Python code for ROS interfaces[0m
[ 74%] Built target rviz_2d_overlay_msgs__py
[ 77%] [32mBuilding C object CMakeFiles/rviz_2d_overlay_msgs__rosidl_generator_py.dir/rosidl_generator_py/rviz_2d_overlay_msgs/msg/_overlay_text_s.c.o[0m
[ 80%] [32m[1mLinking C shared library rosidl_generator_py/rviz_2d_overlay_msgs/librviz_2d_overlay_msgs__rosidl_generator_py.so[0m
[ 80%] Built target rviz_2d_overlay_msgs__rosidl_generator_py
[ 83%] [32mBuilding C object CMakeFiles/rviz_2d_overlay_msgs__rosidl_typesupport_fastrtps_c__pyext.dir/rosidl_generator_py/rviz_2d_overlay_msgs/_rviz_2d_overlay_msgs_s.ep.rosidl_typesupport_fastrtps_c.c.o[0m
[ 87%] [32mBuilding C object CMakeFiles/rviz_2d_overlay_msgs__rosidl_typesupport_introspection_c__pyext.dir/rosidl_generator_py/rviz_2d_overlay_msgs/_rviz_2d_overlay_msgs_s.ep.rosidl_typesupport_introspection_c.c.o[0m
[ 90%] [32mBuilding C object CMakeFiles/rviz_2d_overlay_msgs__rosidl_typesupport_c__pyext.dir/rosidl_generator_py/rviz_2d_overlay_msgs/_rviz_2d_overlay_msgs_s.ep.rosidl_typesupport_c.c.o[0m
[ 93%] [32m[1mLinking C shared library rosidl_generator_py/rviz_2d_overlay_msgs/rviz_2d_overlay_msgs_s__rosidl_typesupport_introspection_c.cpython-310-x86_64-linux-gnu.so[0m
[ 96%] [32m[1mLinking C shared library rosidl_generator_py/rviz_2d_overlay_msgs/rviz_2d_overlay_msgs_s__rosidl_typesupport_c.cpython-310-x86_64-linux-gnu.so[0m
[100%] [32m[1mLinking C shared library rosidl_generator_py/rviz_2d_overlay_msgs/rviz_2d_overlay_msgs_s__rosidl_typesupport_fastrtps_c.cpython-310-x86_64-linux-gnu.so[0m
[100%] Built target rviz_2d_overlay_msgs__rosidl_typesupport_c__pyext
[100%] Built target rviz_2d_overlay_msgs__rosidl_typesupport_introspection_c__pyext
[100%] Built target rviz_2d_overlay_msgs__rosidl_typesupport_fastrtps_c__pyext
-- Install configuration: ""
-- Installing: /root/ros2_ws/src/install/rviz_2d_overlay_msgs/share/ament_index/resource_index/rosidl_interfaces/rviz_2d_overlay_msgs
-- Installing: /root/ros2_ws/src/install/rviz_2d_overlay_msgs/include/rviz_2d_overlay_msgs/rviz_2d_overlay_msgs
-- Installing: /root/ros2_ws/src/install/rviz_2d_overlay_msgs/include/rviz_2d_overlay_msgs/rviz_2d_overlay_msgs/msg
-- Installing: /root/ros2_ws/src/install/rviz_2d_overlay_msgs/include/rviz_2d_overlay_msgs/rviz_2d_overlay_msgs/msg/detail
-- Installing: /root/ros2_ws/src/install/rviz_2d_overlay_msgs/include/rviz_2d_overlay_msgs/rviz_2d_overlay_msgs/msg/detail/overlay_text__struct.h
-- Installing: /root/ros2_ws/src/install/rviz_2d_overlay_msgs/include/rviz_2d_overlay_msgs/rviz_2d_overlay_msgs/msg/detail/overlay_text__type_support.h
-- Installing: /root/ros2_ws/src/install/rviz_2d_overlay_msgs/include/rviz_2d_overlay_msgs/rviz_2d_overlay_msgs/msg/detail/overlay_text__functions.h
-- Installing: /root/ros2_ws/src/install/rviz_2d_overlay_msgs/include/rviz_2d_overlay_msgs/rviz_2d_overlay_msgs/msg/detail/overlay_text__functions.c
-- Installing: /root/ros2_ws/src/install/rviz_2d_overlay_msgs/include/rviz_2d_overlay_msgs/rviz_2d_overlay_msgs/msg/rosidl_generator_c__visibility_control.h
-- Installing: /root/ros2_ws/src/install/rviz_2d_overlay_msgs/include/rviz_2d_overlay_msgs/rviz_2d_overlay_msgs/msg/overlay_text.h
-- Installing: /root/ros2_ws/src/install/rviz_2d_overlay_msgs/share/rviz_2d_overlay_msgs/environment/library_path.sh
-- Installing: /root/ros2_ws/src/install/rviz_2d_overlay_msgs/share/rviz_2d_overlay_msgs/environment/library_path.dsv
-- Installing: /root/ros2_ws/src/install/rviz_2d_overlay_msgs/lib/librviz_2d_overlay_msgs__rosidl_generator_c.so
-- Set runtime path of "/root/ros2_ws/src/install/rviz_2d_overlay_msgs/lib/librviz_2d_overlay_msgs__rosidl_generator_c.so" to ""
-- Up-to-date: /root/ros2_ws/src/install/rviz_2d_overlay_msgs/include/rviz_2d_overlay_msgs/rviz_2d_overlay_msgs
-- Up-to-date: /root/ros2_ws/src/install/rviz_2d_overlay_msgs/include/rviz_2d_overlay_msgs/rviz_2d_overlay_msgs/msg
-- Up-to-date: /root/ros2_ws/src/install/rviz_2d_overlay_msgs/include/rviz_2d_overlay_msgs/rviz_2d_overlay_msgs/msg/detail
-- Installing: /root/ros2_ws/src/install/rviz_2d_overlay_msgs/include/rviz_2d_overlay_msgs/rviz_2d_overlay_msgs/msg/detail/overlay_text__rosidl_typesupport_fastrtps_c.h
-- Installing: /root/ros2_ws/src/install/rviz_2d_overlay_msgs/include/rviz_2d_overlay_msgs/rviz_2d_overlay_msgs/msg/rosidl_typesupport_fastrtps_c__visibility_control.h
-- Installing: /root/ros2_ws/src/install/rviz_2d_overlay_msgs/lib/librviz_2d_overlay_msgs__rosidl_typesupport_fastrtps_c.so
-- Set runtime path of "/root/ros2_ws/src/install/rviz_2d_overlay_msgs/lib/librviz_2d_overlay_msgs__rosidl_typesupport_fastrtps_c.so" to ""
-- Up-to-date: /root/ros2_ws/src/install/rviz_2d_overlay_msgs/include/rviz_2d_overlay_msgs/rviz_2d_overlay_msgs
-- Up-to-date: /root/ros2_ws/src/install/rviz_2d_overlay_msgs/include/rviz_2d_overlay_msgs/rviz_2d_overlay_msgs/msg
-- Installing: /root/ros2_ws/src/install/rviz_2d_overlay_msgs/include/rviz_2d_overlay_msgs/rviz_2d_overlay_msgs/msg/rosidl_typesupport_introspection_c__visibility_control.h
-- Up-to-date: /root/ros2_ws/src/install/rviz_2d_overlay_msgs/include/rviz_2d_overlay_msgs/rviz_2d_overlay_msgs/msg/detail
-- Installing: /root/ros2_ws/src/install/rviz_2d_overlay_msgs/include/rviz_2d_overlay_msgs/rviz_2d_overlay_msgs/msg/detail/overlay_text__rosidl_typesupport_introspection_c.h
-- Installing: /root/ros2_ws/src/install/rviz_2d_overlay_msgs/include/rviz_2d_overlay_msgs/rviz_2d_overlay_msgs/msg/detail/overlay_text__type_support.c
-- Installing: /root/ros2_ws/src/install/rviz_2d_overlay_msgs/lib/librviz_2d_overlay_msgs__rosidl_typesupport_introspection_c.so
-- Set runtime path of "/root/ros2_ws/src/install/rviz_2d_overlay_msgs/lib/librviz_2d_overlay_msgs__rosidl_typesupport_introspection_c.so" to ""
-- Installing: /root/ros2_ws/src/install/rviz_2d_overlay_msgs/lib/librviz_2d_overlay_msgs__rosidl_typesupport_c.so
-- Set runtime path of "/root/ros2_ws/src/install/rviz_2d_overlay_msgs/lib/librviz_2d_overlay_msgs__rosidl_typesupport_c.so" to ""
-- Up-to-date: /root/ros2_ws/src/install/rviz_2d_overlay_msgs/include/rviz_2d_overlay_msgs/rviz_2d_overlay_msgs
-- Up-to-date: /root/ros2_ws/src/install/rviz_2d_overlay_msgs/include/rviz_2d_overlay_msgs/rviz_2d_overlay_msgs/msg
-- Installing: /root/ros2_ws/src/install/rviz_2d_overlay_msgs/include/rviz_2d_overlay_msgs/rviz_2d_overlay_msgs/msg/overlay_text.hpp
-- Up-to-date: /root/ros2_ws/src/install/rviz_2d_overlay_msgs/include/rviz_2d_overlay_msgs/rviz_2d_overlay_msgs/msg/detail
-- Installing: /root/ros2_ws/src/install/rviz_2d_overlay_msgs/include/rviz_2d_overlay_msgs/rviz_2d_overlay_msgs/msg/detail/overlay_text__builder.hpp
-- Installing: /root/ros2_ws/src/install/rviz_2d_overlay_msgs/include/rviz_2d_overlay_msgs/rviz_2d_overlay_msgs/msg/detail/overlay_text__struct.hpp
-- Installing: /root/ros2_ws/src/install/rviz_2d_overlay_msgs/include/rviz_2d_overlay_msgs/rviz_2d_overlay_msgs/msg/detail/overlay_text__type_support.hpp
-- Installing: /root/ros2_ws/src/install/rviz_2d_overlay_msgs/include/rviz_2d_overlay_msgs/rviz_2d_overlay_msgs/msg/detail/overlay_text__traits.hpp
-- Installing: /root/ros2_ws/src/install/rviz_2d_overlay_msgs/include/rviz_2d_overlay_msgs/rviz_2d_overlay_msgs/msg/rosidl_generator_cpp__visibility_control.hpp
-- Up-to-date: /root/ros2_ws/src/install/rviz_2d_overlay_msgs/include/rviz_2d_overlay_msgs/rviz_2d_overlay_msgs
-- Up-to-date: /root/ros2_ws/src/install/rviz_2d_overlay_msgs/include/rviz_2d_overlay_msgs/rviz_2d_overlay_msgs/msg
-- Up-to-date: /root/ros2_ws/src/install/rviz_2d_overlay_msgs/include/rviz_2d_overlay_msgs/rviz_2d_overlay_msgs/msg/detail
-- Installing: /root/ros2_ws/src/install/rviz_2d_overlay_msgs/include/rviz_2d_overlay_msgs/rviz_2d_overlay_msgs/msg/detail/dds_fastrtps
-- Installing: /root/ros2_ws/src/install/rviz_2d_overlay_msgs/include/rviz_2d_overlay_msgs/rviz_2d_overlay_msgs/msg/detail/overlay_text__rosidl_typesupport_fastrtps_cpp.hpp
-- Installing: /root/ros2_ws/src/install/rviz_2d_overlay_msgs/include/rviz_2d_overlay_msgs/rviz_2d_overlay_msgs/msg/rosidl_typesupport_fastrtps_cpp__visibility_control.h
-- Installing: /root/ros2_ws/src/install/rviz_2d_overlay_msgs/lib/librviz_2d_overlay_msgs__rosidl_typesupport_fastrtps_cpp.so
-- Set runtime path of "/root/ros2_ws/src/install/rviz_2d_overlay_msgs/lib/librviz_2d_overlay_msgs__rosidl_typesupport_fastrtps_cpp.so" to ""
-- Up-to-date: /root/ros2_ws/src/install/rviz_2d_overlay_msgs/include/rviz_2d_overlay_msgs/rviz_2d_overlay_msgs
-- Up-to-date: /root/ros2_ws/src/install/rviz_2d_overlay_msgs/include/rviz_2d_overlay_msgs/rviz_2d_overlay_msgs/msg
-- Up-to-date: /root/ros2_ws/src/install/rviz_2d_overlay_msgs/include/rviz_2d_overlay_msgs/rviz_2d_overlay_msgs/msg/detail
-- Installing: /root/ros2_ws/src/install/rviz_2d_overlay_msgs/include/rviz_2d_overlay_msgs/rviz_2d_overlay_msgs/msg/detail/overlay_text__rosidl_typesupport_introspection_cpp.hpp
-- Installing: /root/ros2_ws/src/install/rviz_2d_overlay_msgs/include/rviz_2d_overlay_msgs/rviz_2d_overlay_msgs/msg/detail/overlay_text__type_support.cpp
-- Installing: /root/ros2_ws/src/install/rviz_2d_overlay_msgs/lib/librviz_2d_overlay_msgs__rosidl_typesupport_introspection_cpp.so
-- Set runtime path of "/root/ros2_ws/src/install/rviz_2d_overlay_msgs/lib/librviz_2d_overlay_msgs__rosidl_typesupport_introspection_cpp.so" to ""
-- Installing: /root/ros2_ws/src/install/rviz_2d_overlay_msgs/lib/librviz_2d_overlay_msgs__rosidl_typesupport_cpp.so
-- Set runtime path of "/root/ros2_ws/src/install/rviz_2d_overlay_msgs/lib/librviz_2d_overlay_msgs__rosidl_typesupport_cpp.so" to ""
-- Installing: /root/ros2_ws/src/install/rviz_2d_overlay_msgs/share/rviz_2d_overlay_msgs/environment/pythonpath.sh
-- Installing: /root/ros2_ws/src/install/rviz_2d_overlay_msgs/share/rviz_2d_overlay_msgs/environment/pythonpath.dsv
-- Installing: /root/ros2_ws/src/install/rviz_2d_overlay_msgs/local/lib/python3.10/dist-packages/rviz_2d_overlay_msgs-1.4.0-py3.10.egg-info
-- Installing: /root/ros2_ws/src/install/rviz_2d_overlay_msgs/local/lib/python3.10/dist-packages/rviz_2d_overlay_msgs-1.4.0-py3.10.egg-info/PKG-INFO
-- Installing: /root/ros2_ws/src/install/rviz_2d_overlay_msgs/local/lib/python3.10/dist-packages/rviz_2d_overlay_msgs-1.4.0-py3.10.egg-info/dependency_links.txt
-- Installing: /root/ros2_ws/src/install/rviz_2d_overlay_msgs/local/lib/python3.10/dist-packages/rviz_2d_overlay_msgs-1.4.0-py3.10.egg-info/SOURCES.txt
-- Installing: /root/ros2_ws/src/install/rviz_2d_overlay_msgs/local/lib/python3.10/dist-packages/rviz_2d_overlay_msgs-1.4.0-py3.10.egg-info/top_level.txt
-- Installing: /root/ros2_ws/src/install/rviz_2d_overlay_msgs/local/lib/python3.10/dist-packages/rviz_2d_overlay_msgs
-- Installing: /root/ros2_ws/src/install/rviz_2d_overlay_msgs/local/lib/python3.10/dist-packages/rviz_2d_overlay_msgs/rviz_2d_overlay_msgs_s__rosidl_typesupport_fastrtps_c.cpython-310-x86_64-linux-gnu.so
-- Installing: /root/ros2_ws/src/install/rviz_2d_overlay_msgs/local/lib/python3.10/dist-packages/rviz_2d_overlay_msgs/rviz_2d_overlay_msgs_s__rosidl_typesupport_c.cpython-310-x86_64-linux-gnu.so
-- Installing: /root/ros2_ws/src/install/rviz_2d_overlay_msgs/local/lib/python3.10/dist-packages/rviz_2d_overlay_msgs/librviz_2d_overlay_msgs__rosidl_generator_py.so
-- Installing: /root/ros2_ws/src/install/rviz_2d_overlay_msgs/local/lib/python3.10/dist-packages/rviz_2d_overlay_msgs/rviz_2d_overlay_msgs_s__rosidl_typesupport_introspection_c.cpython-310-x86_64-linux-gnu.so
-- Installing: /root/ros2_ws/src/install/rviz_2d_overlay_msgs/local/lib/python3.10/dist-packages/rviz_2d_overlay_msgs/_rviz_2d_overlay_msgs_s.ep.rosidl_typesupport_fastrtps_c.c
-- Installing: /root/ros2_ws/src/install/rviz_2d_overlay_msgs/local/lib/python3.10/dist-packages/rviz_2d_overlay_msgs/_rviz_2d_overlay_msgs_s.ep.rosidl_typesupport_introspection_c.c
-- Installing: /root/ros2_ws/src/install/rviz_2d_overlay_msgs/local/lib/python3.10/dist-packages/rviz_2d_overlay_msgs/_rviz_2d_overlay_msgs_s.ep.rosidl_typesupport_c.c
-- Installing: /root/ros2_ws/src/install/rviz_2d_overlay_msgs/local/lib/python3.10/dist-packages/rviz_2d_overlay_msgs/__init__.py
-- Installing: /root/ros2_ws/src/install/rviz_2d_overlay_msgs/local/lib/python3.10/dist-packages/rviz_2d_overlay_msgs/msg
-- Installing: /root/ros2_ws/src/install/rviz_2d_overlay_msgs/local/lib/python3.10/dist-packages/rviz_2d_overlay_msgs/msg/_overlay_text.py
-- Installing: /root/ros2_ws/src/install/rviz_2d_overlay_msgs/local/lib/python3.10/dist-packages/rviz_2d_overlay_msgs/msg/__init__.py
-- Installing: /root/ros2_ws/src/install/rviz_2d_overlay_msgs/local/lib/python3.10/dist-packages/rviz_2d_overlay_msgs/msg/_overlay_text_s.c
Listing '/root/ros2_ws/src/install/rviz_2d_overlay_msgs/local/lib/python3.10/dist-packages/rviz_2d_overlay_msgs'...
Compiling '/root/ros2_ws/src/install/rviz_2d_overlay_msgs/local/lib/python3.10/dist-packages/rviz_2d_overlay_msgs/__init__.py'...
Listing '/root/ros2_ws/src/install/rviz_2d_overlay_msgs/local/lib/python3.10/dist-packages/rviz_2d_overlay_msgs/msg'...
Compiling '/root/ros2_ws/src/install/rviz_2d_overlay_msgs/local/lib/python3.10/dist-packages/rviz_2d_overlay_msgs/msg/__init__.py'...
Compiling '/root/ros2_ws/src/install/rviz_2d_overlay_msgs/local/lib/python3.10/dist-packages/rviz_2d_overlay_msgs/msg/_overlay_text.py'...
-- Installing: /root/ros2_ws/src/install/rviz_2d_overlay_msgs/local/lib/python3.10/dist-packages/rviz_2d_overlay_msgs/rviz_2d_overlay_msgs_s__rosidl_typesupport_fastrtps_c.cpython-310-x86_64-linux-gnu.so
-- Set runtime path of "/root/ros2_ws/src/install/rviz_2d_overlay_msgs/local/lib/python3.10/dist-packages/rviz_2d_overlay_msgs/rviz_2d_overlay_msgs_s__rosidl_typesupport_fastrtps_c.cpython-310-x86_64-linux-gnu.so" to ""
-- Installing: /root/ros2_ws/src/install/rviz_2d_overlay_msgs/local/lib/python3.10/dist-packages/rviz_2d_overlay_msgs/rviz_2d_overlay_msgs_s__rosidl_typesupport_introspection_c.cpython-310-x86_64-linux-gnu.so
-- Set runtime path of "/root/ros2_ws/src/install/rviz_2d_overlay_msgs/local/lib/python3.10/dist-packages/rviz_2d_overlay_msgs/rviz_2d_overlay_msgs_s__rosidl_typesupport_introspection_c.cpython-310-x86_64-linux-gnu.so" to ""
-- Installing: /root/ros2_ws/src/install/rviz_2d_overlay_msgs/local/lib/python3.10/dist-packages/rviz_2d_overlay_msgs/rviz_2d_overlay_msgs_s__rosidl_typesupport_c.cpython-310-x86_64-linux-gnu.so
-- Set runtime path of "/root/ros2_ws/src/install/rviz_2d_overlay_msgs/local/lib/python3.10/dist-packages/rviz_2d_overlay_msgs/rviz_2d_overlay_msgs_s__rosidl_typesupport_c.cpython-310-x86_64-linux-gnu.so" to ""
-- Installing: /root/ros2_ws/src/install/rviz_2d_overlay_msgs/lib/librviz_2d_overlay_msgs__rosidl_generator_py.so
-- Set runtime path of "/root/ros2_ws/src/install/rviz_2d_overlay_msgs/lib/librviz_2d_overlay_msgs__rosidl_generator_py.so" to ""
-- Installing: /root/ros2_ws/src/install/rviz_2d_overlay_msgs/share/rviz_2d_overlay_msgs/msg/OverlayText.idl
-- Installing: /root/ros2_ws/src/install/rviz_2d_overlay_msgs/share/rviz_2d_overlay_msgs/msg/OverlayText.msg
-- Installing: /root/ros2_ws/src/install/rviz_2d_overlay_msgs/share/ament_index/resource_index/package_run_dependencies/rviz_2d_overlay_msgs
-- Installing: /root/ros2_ws/src/install/rviz_2d_overlay_msgs/share/ament_index/resource_index/parent_prefix_path/rviz_2d_overlay_msgs
-- Installing: /root/ros2_ws/src/install/rviz_2d_overlay_msgs/share/rviz_2d_overlay_msgs/environment/ament_prefix_path.sh
-- Installing: /root/ros2_ws/src/install/rviz_2d_overlay_msgs/share/rviz_2d_overlay_msgs/environment/ament_prefix_path.dsv
-- Installing: /root/ros2_ws/src/install/rviz_2d_overlay_msgs/share/rviz_2d_overlay_msgs/environment/path.sh
-- Installing: /root/ros2_ws/src/install/rviz_2d_overlay_msgs/share/rviz_2d_overlay_msgs/environment/path.dsv
-- Installing: /root/ros2_ws/src/install/rviz_2d_overlay_msgs/share/rviz_2d_overlay_msgs/local_setup.bash
-- Installing: /root/ros2_ws/src/install/rviz_2d_overlay_msgs/share/rviz_2d_overlay_msgs/local_setup.sh
-- Installing: /root/ros2_ws/src/install/rviz_2d_overlay_msgs/share/rviz_2d_overlay_msgs/local_setup.zsh
-- Installing: /root/ros2_ws/src/install/rviz_2d_overlay_msgs/share/rviz_2d_overlay_msgs/local_setup.dsv
-- Installing: /root/ros2_ws/src/install/rviz_2d_overlay_msgs/share/rviz_2d_overlay_msgs/package.dsv
-- Installing: /root/ros2_ws/src/install/rviz_2d_overlay_msgs/share/ament_index/resource_index/packages/rviz_2d_overlay_msgs
-- Installing: /root/ros2_ws/src/install/rviz_2d_overlay_msgs/share/rviz_2d_overlay_msgs/cmake/export_rviz_2d_overlay_msgs__rosidl_generator_cExport.cmake
-- Installing: /root/ros2_ws/src/install/rviz_2d_overlay_msgs/share/rviz_2d_overlay_msgs/cmake/export_rviz_2d_overlay_msgs__rosidl_generator_cExport-noconfig.cmake
-- Installing: /root/ros2_ws/src/install/rviz_2d_overlay_msgs/share/rviz_2d_overlay_msgs/cmake/export_rviz_2d_overlay_msgs__rosidl_typesupport_fastrtps_cExport.cmake
-- Installing: /root/ros2_ws/src/install/rviz_2d_overlay_msgs/share/rviz_2d_overlay_msgs/cmake/export_rviz_2d_overlay_msgs__rosidl_typesupport_fastrtps_cExport-noconfig.cmake
-- Installing: /root/ros2_ws/src/install/rviz_2d_overlay_msgs/share/rviz_2d_overlay_msgs/cmake/rviz_2d_overlay_msgs__rosidl_typesupport_introspection_cExport.cmake
-- Installing: /root/ros2_ws/src/install/rviz_2d_overlay_msgs/share/rviz_2d_overlay_msgs/cmake/rviz_2d_overlay_msgs__rosidl_typesupport_introspection_cExport-noconfig.cmake
-- Installing: /root/ros2_ws/src/install/rviz_2d_overlay_msgs/share/rviz_2d_overlay_msgs/cmake/rviz_2d_overlay_msgs__rosidl_typesupport_cExport.cmake
-- Installing: /root/ros2_ws/src/install/rviz_2d_overlay_msgs/share/rviz_2d_overlay_msgs/cmake/rviz_2d_overlay_msgs__rosidl_typesupport_cExport-noconfig.cmake
-- Installing: /root/ros2_ws/src/install/rviz_2d_overlay_msgs/share/rviz_2d_overlay_msgs/cmake/export_rviz_2d_overlay_msgs__rosidl_generator_cppExport.cmake
-- Installing: /root/ros2_ws/src/install/rviz_2d_overlay_msgs/share/rviz_2d_overlay_msgs/cmake/export_rviz_2d_overlay_msgs__rosidl_typesupport_fastrtps_cppExport.cmake
-- Installing: /root/ros2_ws/src/install/rviz_2d_overlay_msgs/share/rviz_2d_overlay_msgs/cmake/export_rviz_2d_overlay_msgs__rosidl_typesupport_fastrtps_cppExport-noconfig.cmake
-- Installing: /root/ros2_ws/src/install/rviz_2d_overlay_msgs/share/rviz_2d_overlay_msgs/cmake/rviz_2d_overlay_msgs__rosidl_typesupport_introspection_cppExport.cmake
-- Installing: /root/ros2_ws/src/install/rviz_2d_overlay_msgs/share/rviz_2d_overlay_msgs/cmake/rviz_2d_overlay_msgs__rosidl_typesupport_introspection_cppExport-noconfig.cmake
-- Installing: /root/ros2_ws/src/install/rviz_2d_overlay_msgs/share/rviz_2d_overlay_msgs/cmake/rviz_2d_overlay_msgs__rosidl_typesupport_cppExport.cmake
-- Installing: /root/ros2_ws/src/install/rviz_2d_overlay_msgs/share/rviz_2d_overlay_msgs/cmake/rviz_2d_overlay_msgs__rosidl_typesupport_cppExport-noconfig.cmake
-- Installing: /root/ros2_ws/src/install/rviz_2d_overlay_msgs/share/rviz_2d_overlay_msgs/cmake/export_rviz_2d_overlay_msgs__rosidl_generator_pyExport.cmake
-- Installing: /root/ros2_ws/src/install/rviz_2d_overlay_msgs/share/rviz_2d_overlay_msgs/cmake/export_rviz_2d_overlay_msgs__rosidl_generator_pyExport-noconfig.cmake
-- Installing: /root/ros2_ws/src/install/rviz_2d_overlay_msgs/share/rviz_2d_overlay_msgs/cmake/rosidl_cmake-extras.cmake
-- Installing: /root/ros2_ws/src/install/rviz_2d_overlay_msgs/share/rviz_2d_overlay_msgs/cmake/ament_cmake_export_dependencies-extras.cmake
-- Installing: /root/ros2_ws/src/install/rviz_2d_overlay_msgs/share/rviz_2d_overlay_msgs/cmake/ament_cmake_export_include_directories-extras.cmake
-- Installing: /root/ros2_ws/src/install/rviz_2d_overlay_msgs/share/rviz_2d_overlay_msgs/cmake/ament_cmake_export_libraries-extras.cmake
-- Installing: /root/ros2_ws/src/install/rviz_2d_overlay_msgs/share/rviz_2d_overlay_msgs/cmake/ament_cmake_export_targets-extras.cmake
-- Installing: /root/ros2_ws/src/install/rviz_2d_overlay_msgs/share/rviz_2d_overlay_msgs/cmake/rosidl_cmake_export_typesupport_targets-extras.cmake
-- Installing: /root/ros2_ws/src/install/rviz_2d_overlay_msgs/share/rviz_2d_overlay_msgs/cmake/rosidl_cmake_export_typesupport_libraries-extras.cmake
-- Installing: /root/ros2_ws/src/install/rviz_2d_overlay_msgs/share/rviz_2d_overlay_msgs/cmake/rviz_2d_overlay_msgsConfig.cmake
-- Installing: /root/ros2_ws/src/install/rviz_2d_overlay_msgs/share/rviz_2d_overlay_msgs/cmake/rviz_2d_overlay_msgsConfig-version.cmake
-- Installing: /root/ros2_ws/src/install/rviz_2d_overlay_msgs/share/rviz_2d_overlay_msgs/package.xml
