[0.241s] Invoking command in '/root/ros2_ws/src/build/rviz_2d_overlay_msgs': CMAKE_PREFIX_PATH=/opt/ros/humble /usr/bin/cmake /root/ros2_ws/src/slam/rviz_2d_overlay_plugins/rviz_2d_overlay_msgs -DROS_EDITION=ROS2 -DHUMBLE_ROS=humble -DCMAKE_INSTALL_PREFIX=/root/ros2_ws/src/install/rviz_2d_overlay_msgs
[0.625s] -- The C compiler identification is GNU 11.4.0
[0.625s] -- The CXX compiler identification is GNU 11.4.0
[0.625s] -- Detecting C compiler ABI info
[0.625s] -- Detecting C compiler ABI info - done
[0.625s] -- Check for working C compiler: /usr/bin/cc - skipped
[0.625s] -- Detecting C compile features
[0.625s] -- Detecting C compile features - done
[0.625s] -- Detecting CXX compiler ABI info
[0.625s] -- Detecting CXX compiler ABI info - done
[0.625s] -- Check for working CXX compiler: /usr/bin/c++ - skipped
[0.625s] -- Detecting CXX compile features
[0.625s] -- Detecting CXX compile features - done
[0.625s] -- Found ament_cmake: 1.3.12 (/opt/ros/humble/share/ament_cmake/cmake)
[0.804s] -- Found Python3: /usr/bin/python3 (found version "3.10.12") found components: Interpreter 
[1.082s] -- Found rosidl_default_generators: 1.2.0 (/opt/ros/humble/share/rosidl_default_generators/cmake)
[1.095s] -- Using all available rosidl_typesupport_c: rosidl_typesupport_fastrtps_c;rosidl_typesupport_introspection_c
[1.131s] -- Found rosidl_adapter: 3.1.8 (/opt/ros/humble/share/rosidl_adapter/cmake)
[1.212s] -- Using all available rosidl_typesupport_cpp: rosidl_typesupport_fastrtps_cpp;rosidl_typesupport_introspection_cpp
[1.273s] -- Found std_msgs: 4.9.0 (/opt/ros/humble/share/std_msgs/cmake)
[1.610s] -- Found ament_cmake_ros: 0.10.0 (/opt/ros/humble/share/ament_cmake_ros/cmake)
[1.909s] -- Using all available rosidl_typesupport_c: rosidl_typesupport_fastrtps_c;rosidl_typesupport_introspection_c
[2.268s] -- Using all available rosidl_typesupport_cpp: rosidl_typesupport_fastrtps_cpp;rosidl_typesupport_introspection_cpp
[2.288s] -- Found PythonInterp: /usr/bin/python3 (found suitable version "3.10.12", minimum required is "3.6") 
[2.292s] -- Found python_cmake_module: 0.10.0 (/opt/ros/humble/share/python_cmake_module/cmake)
[2.370s] -- Found PythonLibs: /usr/lib/x86_64-linux-gnu/libpython3.10.so (found suitable version "3.10.12", minimum required is "3.5") 
[2.370s] -- Using PYTHON_EXECUTABLE: /usr/bin/python3
[2.371s] -- Using PYTHON_INCLUDE_DIRS: /usr/include/python3.10
[2.372s] -- Using PYTHON_LIBRARIES: /usr/lib/x86_64-linux-gnu/libpython3.10.so
[2.455s] -- Found PythonExtra: .so  
[2.708s] -- Using numpy include directory: /usr/local/lib/python3.10/dist-packages/numpy/core/include
[2.748s] -- Configuring done
[2.785s] -- Generating done
[2.785s] [33mCMake Warning:
[2.785s]   Manually-specified variables were not used by the project:
[2.785s] 
[2.785s]     HUMBLE_ROS
[2.785s]     ROS_EDITION
[2.785s] 
[2.785s] [0m
[2.794s] -- Build files have been written to: /root/ros2_ws/src/build/rviz_2d_overlay_msgs
[2.840s] Invoked command in '/root/ros2_ws/src/build/rviz_2d_overlay_msgs' returned '0': CMAKE_PREFIX_PATH=/opt/ros/humble /usr/bin/cmake /root/ros2_ws/src/slam/rviz_2d_overlay_plugins/rviz_2d_overlay_msgs -DROS_EDITION=ROS2 -DHUMBLE_ROS=humble -DCMAKE_INSTALL_PREFIX=/root/ros2_ws/src/install/rviz_2d_overlay_msgs
[2.840s] Invoking command in '/root/ros2_ws/src/build/rviz_2d_overlay_msgs': CMAKE_PREFIX_PATH=/opt/ros/humble /usr/bin/cmake --build /root/ros2_ws/src/build/rviz_2d_overlay_msgs -- -j24 -l24
[3.540s] [  3%] [34m[1mGenerating C code for ROS interfaces[0m
[3.540s] [  6%] [34m[1mGenerating C++ code for ROS interfaces[0m
[3.540s] [  6%] Built target ament_cmake_python_copy_rviz_2d_overlay_msgs
[3.540s] [  9%] [32mBuilding C object CMakeFiles/rviz_2d_overlay_msgs__rosidl_generator_c.dir/rosidl_generator_c/rviz_2d_overlay_msgs/msg/detail/overlay_text__functions.c.o[0m
[3.540s] running egg_info
[3.541s] creating rviz_2d_overlay_msgs.egg-info
[3.541s] writing rviz_2d_overlay_msgs.egg-info/PKG-INFO
[3.550s] writing dependency_links to rviz_2d_overlay_msgs.egg-info/dependency_links.txt
[3.556s] writing top-level names to rviz_2d_overlay_msgs.egg-info/top_level.txt
[3.556s] writing manifest file 'rviz_2d_overlay_msgs.egg-info/SOURCES.txt'
[3.556s] [  9%] Built target rviz_2d_overlay_msgs__cpp
[3.557s] [ 12%] [34m[1mGenerating C++ type support dispatch for ROS interfaces[0m
[3.557s] /usr/local/lib/python3.10/dist-packages/setuptools_scm/_integration/setuptools.py:24: RuntimeWarning: 
[3.565s] ERROR: setuptools==59.6.0 is used in combination with setuptools-scm>=8.x
[3.566s] 
[3.566s] Your build configuration is incomplete and previously worked by accident!
[3.566s] setuptools-scm requires setuptools>=61 (recommended: >=80)
[3.566s] 
[3.566s] Suggested workaround if applicable:
[3.566s]  - migrating from the deprecated setup_requires mechanism to pep517/518
[3.566s]    and using a pyproject.toml to declare build dependencies
[3.566s]    which are reliably pre-installed before running the build tools
[3.569s] 
[3.569s]   warnings.warn(
[3.569s] listing git files failed - pretending there aren't any
[3.570s] [ 16%] [34m[1mGenerating C++ type support for eProsima Fast-RTPS[0m
[3.574s] [ 19%] [34m[1mGenerating C++ introspection for ROS interfaces[0m
[3.584s] [ 22%] [32m[1mLinking C shared library librviz_2d_overlay_msgs__rosidl_generator_c.so[0m
[3.686s] reading manifest file 'rviz_2d_overlay_msgs.egg-info/SOURCES.txt'
[3.686s] writing manifest file 'rviz_2d_overlay_msgs.egg-info/SOURCES.txt'
[3.733s] [ 22%] Built target rviz_2d_overlay_msgs__rosidl_generator_c
[3.754s] [ 25%] [34m[1mGenerating C type support for eProsima Fast-RTPS[0m
[3.780s] [ 29%] [34m[1mGenerating C introspection for ROS interfaces[0m
[3.780s] [ 32%] [34m[1mGenerating C type support dispatch for ROS interfaces[0m
[3.825s] [ 32%] Built target ament_cmake_python_build_rviz_2d_overlay_msgs_egg
[4.270s] [ 35%] [32mBuilding CXX object CMakeFiles/rviz_2d_overlay_msgs__rosidl_typesupport_introspection_cpp.dir/rosidl_typesupport_introspection_cpp/rviz_2d_overlay_msgs/msg/detail/overlay_text__type_support.cpp.o[0m
[4.326s] [ 38%] [32mBuilding CXX object CMakeFiles/rviz_2d_overlay_msgs__rosidl_typesupport_cpp.dir/rosidl_typesupport_cpp/rviz_2d_overlay_msgs/msg/overlay_text__type_support.cpp.o[0m
[4.629s] [ 41%] [32mBuilding CXX object CMakeFiles/rviz_2d_overlay_msgs__rosidl_typesupport_c.dir/rosidl_typesupport_c/rviz_2d_overlay_msgs/msg/overlay_text__type_support.cpp.o[0m
[4.650s] [ 45%] [32mBuilding CXX object CMakeFiles/rviz_2d_overlay_msgs__rosidl_typesupport_fastrtps_c.dir/rosidl_typesupport_fastrtps_c/rviz_2d_overlay_msgs/msg/detail/overlay_text__type_support_c.cpp.o[0m
[4.710s] [ 48%] [32m[1mLinking CXX shared library librviz_2d_overlay_msgs__rosidl_typesupport_c.so[0m
[4.780s] [ 51%] [32mBuilding CXX object CMakeFiles/rviz_2d_overlay_msgs__rosidl_typesupport_fastrtps_cpp.dir/rosidl_typesupport_fastrtps_cpp/rviz_2d_overlay_msgs/msg/detail/dds_fastrtps/overlay_text__type_support.cpp.o[0m
[4.819s] [ 51%] Built target rviz_2d_overlay_msgs__rosidl_typesupport_c
[5.228s] [ 54%] [32mBuilding C object CMakeFiles/rviz_2d_overlay_msgs__rosidl_typesupport_introspection_c.dir/rosidl_typesupport_introspection_c/rviz_2d_overlay_msgs/msg/detail/overlay_text__type_support.c.o[0m
[5.309s] [ 58%] [32m[1mLinking CXX shared library librviz_2d_overlay_msgs__rosidl_typesupport_cpp.so[0m
[5.392s] [ 61%] [32m[1mLinking C shared library librviz_2d_overlay_msgs__rosidl_typesupport_introspection_c.so[0m
[5.442s] [ 64%] [32m[1mLinking CXX shared library librviz_2d_overlay_msgs__rosidl_typesupport_fastrtps_c.so[0m
[5.485s] [ 64%] Built target rviz_2d_overlay_msgs__rosidl_typesupport_cpp
[5.530s] [ 64%] Built target rviz_2d_overlay_msgs__rosidl_typesupport_introspection_c
[5.543s] [ 67%] [32m[1mLinking CXX shared library librviz_2d_overlay_msgs__rosidl_typesupport_introspection_cpp.so[0m
[5.762s] [ 67%] Built target rviz_2d_overlay_msgs__rosidl_typesupport_fastrtps_c
[5.849s] [ 67%] Built target rviz_2d_overlay_msgs__rosidl_typesupport_introspection_cpp
[6.717s] [ 70%] [32m[1mLinking CXX shared library librviz_2d_overlay_msgs__rosidl_typesupport_fastrtps_cpp.so[0m
[7.016s] [ 70%] Built target rviz_2d_overlay_msgs__rosidl_typesupport_fastrtps_cpp
[7.113s] [ 70%] Built target rviz_2d_overlay_msgs
[7.263s] [ 74%] [34m[1mGenerating Python code for ROS interfaces[0m
[9.005s] [ 74%] Built target rviz_2d_overlay_msgs__py
[9.089s] [ 77%] [32mBuilding C object CMakeFiles/rviz_2d_overlay_msgs__rosidl_generator_py.dir/rosidl_generator_py/rviz_2d_overlay_msgs/msg/_overlay_text_s.c.o[0m
[9.565s] [ 80%] [32m[1mLinking C shared library rosidl_generator_py/rviz_2d_overlay_msgs/librviz_2d_overlay_msgs__rosidl_generator_py.so[0m
[9.719s] [ 80%] Built target rviz_2d_overlay_msgs__rosidl_generator_py
[9.815s] [ 83%] [32mBuilding C object CMakeFiles/rviz_2d_overlay_msgs__rosidl_typesupport_fastrtps_c__pyext.dir/rosidl_generator_py/rviz_2d_overlay_msgs/_rviz_2d_overlay_msgs_s.ep.rosidl_typesupport_fastrtps_c.c.o[0m
[9.828s] [ 87%] [32mBuilding C object CMakeFiles/rviz_2d_overlay_msgs__rosidl_typesupport_introspection_c__pyext.dir/rosidl_generator_py/rviz_2d_overlay_msgs/_rviz_2d_overlay_msgs_s.ep.rosidl_typesupport_introspection_c.c.o[0m
[9.868s] [ 90%] [32mBuilding C object CMakeFiles/rviz_2d_overlay_msgs__rosidl_typesupport_c__pyext.dir/rosidl_generator_py/rviz_2d_overlay_msgs/_rviz_2d_overlay_msgs_s.ep.rosidl_typesupport_c.c.o[0m
[10.293s] [ 93%] [32m[1mLinking C shared library rosidl_generator_py/rviz_2d_overlay_msgs/rviz_2d_overlay_msgs_s__rosidl_typesupport_introspection_c.cpython-310-x86_64-linux-gnu.so[0m
[10.299s] [ 96%] [32m[1mLinking C shared library rosidl_generator_py/rviz_2d_overlay_msgs/rviz_2d_overlay_msgs_s__rosidl_typesupport_c.cpython-310-x86_64-linux-gnu.so[0m
[10.391s] [100%] [32m[1mLinking C shared library rosidl_generator_py/rviz_2d_overlay_msgs/rviz_2d_overlay_msgs_s__rosidl_typesupport_fastrtps_c.cpython-310-x86_64-linux-gnu.so[0m
[10.404s] [100%] Built target rviz_2d_overlay_msgs__rosidl_typesupport_c__pyext
[10.451s] [100%] Built target rviz_2d_overlay_msgs__rosidl_typesupport_introspection_c__pyext
[10.561s] [100%] Built target rviz_2d_overlay_msgs__rosidl_typesupport_fastrtps_c__pyext
[10.638s] Invoked command in '/root/ros2_ws/src/build/rviz_2d_overlay_msgs' returned '0': CMAKE_PREFIX_PATH=/opt/ros/humble /usr/bin/cmake --build /root/ros2_ws/src/build/rviz_2d_overlay_msgs -- -j24 -l24
[10.648s] Invoking command in '/root/ros2_ws/src/build/rviz_2d_overlay_msgs': CMAKE_PREFIX_PATH=/opt/ros/humble /usr/bin/cmake --install /root/ros2_ws/src/build/rviz_2d_overlay_msgs
[11.103s] -- Install configuration: ""
[11.113s] -- Installing: /root/ros2_ws/src/install/rviz_2d_overlay_msgs/share/ament_index/resource_index/rosidl_interfaces/rviz_2d_overlay_msgs
[11.114s] -- Installing: /root/ros2_ws/src/install/rviz_2d_overlay_msgs/include/rviz_2d_overlay_msgs/rviz_2d_overlay_msgs
[11.114s] -- Installing: /root/ros2_ws/src/install/rviz_2d_overlay_msgs/include/rviz_2d_overlay_msgs/rviz_2d_overlay_msgs/msg
[11.120s] -- Installing: /root/ros2_ws/src/install/rviz_2d_overlay_msgs/include/rviz_2d_overlay_msgs/rviz_2d_overlay_msgs/msg/detail
[11.121s] -- Installing: /root/ros2_ws/src/install/rviz_2d_overlay_msgs/include/rviz_2d_overlay_msgs/rviz_2d_overlay_msgs/msg/detail/overlay_text__struct.h
[11.121s] -- Installing: /root/ros2_ws/src/install/rviz_2d_overlay_msgs/include/rviz_2d_overlay_msgs/rviz_2d_overlay_msgs/msg/detail/overlay_text__type_support.h
[11.121s] -- Installing: /root/ros2_ws/src/install/rviz_2d_overlay_msgs/include/rviz_2d_overlay_msgs/rviz_2d_overlay_msgs/msg/detail/overlay_text__functions.h
[11.121s] -- Installing: /root/ros2_ws/src/install/rviz_2d_overlay_msgs/include/rviz_2d_overlay_msgs/rviz_2d_overlay_msgs/msg/detail/overlay_text__functions.c
[11.121s] -- Installing: /root/ros2_ws/src/install/rviz_2d_overlay_msgs/include/rviz_2d_overlay_msgs/rviz_2d_overlay_msgs/msg/rosidl_generator_c__visibility_control.h
[11.121s] -- Installing: /root/ros2_ws/src/install/rviz_2d_overlay_msgs/include/rviz_2d_overlay_msgs/rviz_2d_overlay_msgs/msg/overlay_text.h
[11.121s] -- Installing: /root/ros2_ws/src/install/rviz_2d_overlay_msgs/share/rviz_2d_overlay_msgs/environment/library_path.sh
[11.122s] -- Installing: /root/ros2_ws/src/install/rviz_2d_overlay_msgs/share/rviz_2d_overlay_msgs/environment/library_path.dsv
[11.122s] -- Installing: /root/ros2_ws/src/install/rviz_2d_overlay_msgs/lib/librviz_2d_overlay_msgs__rosidl_generator_c.so
[11.122s] -- Set runtime path of "/root/ros2_ws/src/install/rviz_2d_overlay_msgs/lib/librviz_2d_overlay_msgs__rosidl_generator_c.so" to ""
[11.122s] -- Up-to-date: /root/ros2_ws/src/install/rviz_2d_overlay_msgs/include/rviz_2d_overlay_msgs/rviz_2d_overlay_msgs
[11.122s] -- Up-to-date: /root/ros2_ws/src/install/rviz_2d_overlay_msgs/include/rviz_2d_overlay_msgs/rviz_2d_overlay_msgs/msg
[11.122s] -- Up-to-date: /root/ros2_ws/src/install/rviz_2d_overlay_msgs/include/rviz_2d_overlay_msgs/rviz_2d_overlay_msgs/msg/detail
[11.122s] -- Installing: /root/ros2_ws/src/install/rviz_2d_overlay_msgs/include/rviz_2d_overlay_msgs/rviz_2d_overlay_msgs/msg/detail/overlay_text__rosidl_typesupport_fastrtps_c.h
[11.122s] -- Installing: /root/ros2_ws/src/install/rviz_2d_overlay_msgs/include/rviz_2d_overlay_msgs/rviz_2d_overlay_msgs/msg/rosidl_typesupport_fastrtps_c__visibility_control.h
[11.122s] -- Installing: /root/ros2_ws/src/install/rviz_2d_overlay_msgs/lib/librviz_2d_overlay_msgs__rosidl_typesupport_fastrtps_c.so
[11.122s] -- Set runtime path of "/root/ros2_ws/src/install/rviz_2d_overlay_msgs/lib/librviz_2d_overlay_msgs__rosidl_typesupport_fastrtps_c.so" to ""
[11.123s] -- Up-to-date: /root/ros2_ws/src/install/rviz_2d_overlay_msgs/include/rviz_2d_overlay_msgs/rviz_2d_overlay_msgs
[11.123s] -- Up-to-date: /root/ros2_ws/src/install/rviz_2d_overlay_msgs/include/rviz_2d_overlay_msgs/rviz_2d_overlay_msgs/msg
[11.123s] -- Installing: /root/ros2_ws/src/install/rviz_2d_overlay_msgs/include/rviz_2d_overlay_msgs/rviz_2d_overlay_msgs/msg/rosidl_typesupport_introspection_c__visibility_control.h
[11.123s] -- Up-to-date: /root/ros2_ws/src/install/rviz_2d_overlay_msgs/include/rviz_2d_overlay_msgs/rviz_2d_overlay_msgs/msg/detail
[11.123s] -- Installing: /root/ros2_ws/src/install/rviz_2d_overlay_msgs/include/rviz_2d_overlay_msgs/rviz_2d_overlay_msgs/msg/detail/overlay_text__rosidl_typesupport_introspection_c.h
[11.123s] -- Installing: /root/ros2_ws/src/install/rviz_2d_overlay_msgs/include/rviz_2d_overlay_msgs/rviz_2d_overlay_msgs/msg/detail/overlay_text__type_support.c
[11.123s] -- Installing: /root/ros2_ws/src/install/rviz_2d_overlay_msgs/lib/librviz_2d_overlay_msgs__rosidl_typesupport_introspection_c.so
[11.123s] -- Set runtime path of "/root/ros2_ws/src/install/rviz_2d_overlay_msgs/lib/librviz_2d_overlay_msgs__rosidl_typesupport_introspection_c.so" to ""
[11.123s] -- Installing: /root/ros2_ws/src/install/rviz_2d_overlay_msgs/lib/librviz_2d_overlay_msgs__rosidl_typesupport_c.so
[11.124s] -- Set runtime path of "/root/ros2_ws/src/install/rviz_2d_overlay_msgs/lib/librviz_2d_overlay_msgs__rosidl_typesupport_c.so" to ""
[11.124s] -- Up-to-date: /root/ros2_ws/src/install/rviz_2d_overlay_msgs/include/rviz_2d_overlay_msgs/rviz_2d_overlay_msgs
[11.124s] -- Up-to-date: /root/ros2_ws/src/install/rviz_2d_overlay_msgs/include/rviz_2d_overlay_msgs/rviz_2d_overlay_msgs/msg
[11.124s] -- Installing: /root/ros2_ws/src/install/rviz_2d_overlay_msgs/include/rviz_2d_overlay_msgs/rviz_2d_overlay_msgs/msg/overlay_text.hpp
[11.132s] -- Up-to-date: /root/ros2_ws/src/install/rviz_2d_overlay_msgs/include/rviz_2d_overlay_msgs/rviz_2d_overlay_msgs/msg/detail
[11.133s] -- Installing: /root/ros2_ws/src/install/rviz_2d_overlay_msgs/include/rviz_2d_overlay_msgs/rviz_2d_overlay_msgs/msg/detail/overlay_text__builder.hpp
[11.133s] -- Installing: /root/ros2_ws/src/install/rviz_2d_overlay_msgs/include/rviz_2d_overlay_msgs/rviz_2d_overlay_msgs/msg/detail/overlay_text__struct.hpp
[11.134s] -- Installing: /root/ros2_ws/src/install/rviz_2d_overlay_msgs/include/rviz_2d_overlay_msgs/rviz_2d_overlay_msgs/msg/detail/overlay_text__type_support.hpp
[11.134s] -- Installing: /root/ros2_ws/src/install/rviz_2d_overlay_msgs/include/rviz_2d_overlay_msgs/rviz_2d_overlay_msgs/msg/detail/overlay_text__traits.hpp
[11.134s] -- Installing: /root/ros2_ws/src/install/rviz_2d_overlay_msgs/include/rviz_2d_overlay_msgs/rviz_2d_overlay_msgs/msg/rosidl_generator_cpp__visibility_control.hpp
[11.134s] -- Up-to-date: /root/ros2_ws/src/install/rviz_2d_overlay_msgs/include/rviz_2d_overlay_msgs/rviz_2d_overlay_msgs
[11.134s] -- Up-to-date: /root/ros2_ws/src/install/rviz_2d_overlay_msgs/include/rviz_2d_overlay_msgs/rviz_2d_overlay_msgs/msg
[11.134s] -- Up-to-date: /root/ros2_ws/src/install/rviz_2d_overlay_msgs/include/rviz_2d_overlay_msgs/rviz_2d_overlay_msgs/msg/detail
[11.134s] -- Installing: /root/ros2_ws/src/install/rviz_2d_overlay_msgs/include/rviz_2d_overlay_msgs/rviz_2d_overlay_msgs/msg/detail/dds_fastrtps
[11.135s] -- Installing: /root/ros2_ws/src/install/rviz_2d_overlay_msgs/include/rviz_2d_overlay_msgs/rviz_2d_overlay_msgs/msg/detail/overlay_text__rosidl_typesupport_fastrtps_cpp.hpp
[11.135s] -- Installing: /root/ros2_ws/src/install/rviz_2d_overlay_msgs/include/rviz_2d_overlay_msgs/rviz_2d_overlay_msgs/msg/rosidl_typesupport_fastrtps_cpp__visibility_control.h
[11.135s] -- Installing: /root/ros2_ws/src/install/rviz_2d_overlay_msgs/lib/librviz_2d_overlay_msgs__rosidl_typesupport_fastrtps_cpp.so
[11.135s] -- Set runtime path of "/root/ros2_ws/src/install/rviz_2d_overlay_msgs/lib/librviz_2d_overlay_msgs__rosidl_typesupport_fastrtps_cpp.so" to ""
[11.135s] -- Up-to-date: /root/ros2_ws/src/install/rviz_2d_overlay_msgs/include/rviz_2d_overlay_msgs/rviz_2d_overlay_msgs
[11.135s] -- Up-to-date: /root/ros2_ws/src/install/rviz_2d_overlay_msgs/include/rviz_2d_overlay_msgs/rviz_2d_overlay_msgs/msg
[11.136s] -- Up-to-date: /root/ros2_ws/src/install/rviz_2d_overlay_msgs/include/rviz_2d_overlay_msgs/rviz_2d_overlay_msgs/msg/detail
[11.136s] -- Installing: /root/ros2_ws/src/install/rviz_2d_overlay_msgs/include/rviz_2d_overlay_msgs/rviz_2d_overlay_msgs/msg/detail/overlay_text__rosidl_typesupport_introspection_cpp.hpp
[11.139s] -- Installing: /root/ros2_ws/src/install/rviz_2d_overlay_msgs/include/rviz_2d_overlay_msgs/rviz_2d_overlay_msgs/msg/detail/overlay_text__type_support.cpp
[11.139s] -- Installing: /root/ros2_ws/src/install/rviz_2d_overlay_msgs/lib/librviz_2d_overlay_msgs__rosidl_typesupport_introspection_cpp.so
[11.139s] -- Set runtime path of "/root/ros2_ws/src/install/rviz_2d_overlay_msgs/lib/librviz_2d_overlay_msgs__rosidl_typesupport_introspection_cpp.so" to ""
[11.139s] -- Installing: /root/ros2_ws/src/install/rviz_2d_overlay_msgs/lib/librviz_2d_overlay_msgs__rosidl_typesupport_cpp.so
[11.139s] -- Set runtime path of "/root/ros2_ws/src/install/rviz_2d_overlay_msgs/lib/librviz_2d_overlay_msgs__rosidl_typesupport_cpp.so" to ""
[11.139s] -- Installing: /root/ros2_ws/src/install/rviz_2d_overlay_msgs/share/rviz_2d_overlay_msgs/environment/pythonpath.sh
[11.139s] -- Installing: /root/ros2_ws/src/install/rviz_2d_overlay_msgs/share/rviz_2d_overlay_msgs/environment/pythonpath.dsv
[11.139s] -- Installing: /root/ros2_ws/src/install/rviz_2d_overlay_msgs/local/lib/python3.10/dist-packages/rviz_2d_overlay_msgs-1.4.0-py3.10.egg-info
[11.140s] -- Installing: /root/ros2_ws/src/install/rviz_2d_overlay_msgs/local/lib/python3.10/dist-packages/rviz_2d_overlay_msgs-1.4.0-py3.10.egg-info/PKG-INFO
[11.140s] -- Installing: /root/ros2_ws/src/install/rviz_2d_overlay_msgs/local/lib/python3.10/dist-packages/rviz_2d_overlay_msgs-1.4.0-py3.10.egg-info/dependency_links.txt
[11.140s] -- Installing: /root/ros2_ws/src/install/rviz_2d_overlay_msgs/local/lib/python3.10/dist-packages/rviz_2d_overlay_msgs-1.4.0-py3.10.egg-info/SOURCES.txt
[11.147s] -- Installing: /root/ros2_ws/src/install/rviz_2d_overlay_msgs/local/lib/python3.10/dist-packages/rviz_2d_overlay_msgs-1.4.0-py3.10.egg-info/top_level.txt
[11.148s] -- Installing: /root/ros2_ws/src/install/rviz_2d_overlay_msgs/local/lib/python3.10/dist-packages/rviz_2d_overlay_msgs
[11.148s] -- Installing: /root/ros2_ws/src/install/rviz_2d_overlay_msgs/local/lib/python3.10/dist-packages/rviz_2d_overlay_msgs/rviz_2d_overlay_msgs_s__rosidl_typesupport_fastrtps_c.cpython-310-x86_64-linux-gnu.so
[11.148s] -- Installing: /root/ros2_ws/src/install/rviz_2d_overlay_msgs/local/lib/python3.10/dist-packages/rviz_2d_overlay_msgs/rviz_2d_overlay_msgs_s__rosidl_typesupport_c.cpython-310-x86_64-linux-gnu.so
[11.151s] -- Installing: /root/ros2_ws/src/install/rviz_2d_overlay_msgs/local/lib/python3.10/dist-packages/rviz_2d_overlay_msgs/librviz_2d_overlay_msgs__rosidl_generator_py.so
[11.151s] -- Installing: /root/ros2_ws/src/install/rviz_2d_overlay_msgs/local/lib/python3.10/dist-packages/rviz_2d_overlay_msgs/rviz_2d_overlay_msgs_s__rosidl_typesupport_introspection_c.cpython-310-x86_64-linux-gnu.so
[11.152s] -- Installing: /root/ros2_ws/src/install/rviz_2d_overlay_msgs/local/lib/python3.10/dist-packages/rviz_2d_overlay_msgs/_rviz_2d_overlay_msgs_s.ep.rosidl_typesupport_fastrtps_c.c
[11.152s] -- Installing: /root/ros2_ws/src/install/rviz_2d_overlay_msgs/local/lib/python3.10/dist-packages/rviz_2d_overlay_msgs/_rviz_2d_overlay_msgs_s.ep.rosidl_typesupport_introspection_c.c
[11.152s] -- Installing: /root/ros2_ws/src/install/rviz_2d_overlay_msgs/local/lib/python3.10/dist-packages/rviz_2d_overlay_msgs/_rviz_2d_overlay_msgs_s.ep.rosidl_typesupport_c.c
[11.152s] -- Installing: /root/ros2_ws/src/install/rviz_2d_overlay_msgs/local/lib/python3.10/dist-packages/rviz_2d_overlay_msgs/__init__.py
[11.152s] -- Installing: /root/ros2_ws/src/install/rviz_2d_overlay_msgs/local/lib/python3.10/dist-packages/rviz_2d_overlay_msgs/msg
[11.152s] -- Installing: /root/ros2_ws/src/install/rviz_2d_overlay_msgs/local/lib/python3.10/dist-packages/rviz_2d_overlay_msgs/msg/_overlay_text.py
[11.152s] -- Installing: /root/ros2_ws/src/install/rviz_2d_overlay_msgs/local/lib/python3.10/dist-packages/rviz_2d_overlay_msgs/msg/__init__.py
[11.152s] -- Installing: /root/ros2_ws/src/install/rviz_2d_overlay_msgs/local/lib/python3.10/dist-packages/rviz_2d_overlay_msgs/msg/_overlay_text_s.c
[11.152s] Listing '/root/ros2_ws/src/install/rviz_2d_overlay_msgs/local/lib/python3.10/dist-packages/rviz_2d_overlay_msgs'...
[11.153s] Compiling '/root/ros2_ws/src/install/rviz_2d_overlay_msgs/local/lib/python3.10/dist-packages/rviz_2d_overlay_msgs/__init__.py'...
[11.153s] Listing '/root/ros2_ws/src/install/rviz_2d_overlay_msgs/local/lib/python3.10/dist-packages/rviz_2d_overlay_msgs/msg'...
[11.153s] Compiling '/root/ros2_ws/src/install/rviz_2d_overlay_msgs/local/lib/python3.10/dist-packages/rviz_2d_overlay_msgs/msg/__init__.py'...
[11.153s] Compiling '/root/ros2_ws/src/install/rviz_2d_overlay_msgs/local/lib/python3.10/dist-packages/rviz_2d_overlay_msgs/msg/_overlay_text.py'...
[11.153s] -- Installing: /root/ros2_ws/src/install/rviz_2d_overlay_msgs/local/lib/python3.10/dist-packages/rviz_2d_overlay_msgs/rviz_2d_overlay_msgs_s__rosidl_typesupport_fastrtps_c.cpython-310-x86_64-linux-gnu.so
[11.164s] -- Set runtime path of "/root/ros2_ws/src/install/rviz_2d_overlay_msgs/local/lib/python3.10/dist-packages/rviz_2d_overlay_msgs/rviz_2d_overlay_msgs_s__rosidl_typesupport_fastrtps_c.cpython-310-x86_64-linux-gnu.so" to ""
[11.164s] -- Installing: /root/ros2_ws/src/install/rviz_2d_overlay_msgs/local/lib/python3.10/dist-packages/rviz_2d_overlay_msgs/rviz_2d_overlay_msgs_s__rosidl_typesupport_introspection_c.cpython-310-x86_64-linux-gnu.so
[11.165s] -- Set runtime path of "/root/ros2_ws/src/install/rviz_2d_overlay_msgs/local/lib/python3.10/dist-packages/rviz_2d_overlay_msgs/rviz_2d_overlay_msgs_s__rosidl_typesupport_introspection_c.cpython-310-x86_64-linux-gnu.so" to ""
[11.165s] -- Installing: /root/ros2_ws/src/install/rviz_2d_overlay_msgs/local/lib/python3.10/dist-packages/rviz_2d_overlay_msgs/rviz_2d_overlay_msgs_s__rosidl_typesupport_c.cpython-310-x86_64-linux-gnu.so
[11.165s] -- Set runtime path of "/root/ros2_ws/src/install/rviz_2d_overlay_msgs/local/lib/python3.10/dist-packages/rviz_2d_overlay_msgs/rviz_2d_overlay_msgs_s__rosidl_typesupport_c.cpython-310-x86_64-linux-gnu.so" to ""
[11.165s] -- Installing: /root/ros2_ws/src/install/rviz_2d_overlay_msgs/lib/librviz_2d_overlay_msgs__rosidl_generator_py.so
[11.165s] -- Set runtime path of "/root/ros2_ws/src/install/rviz_2d_overlay_msgs/lib/librviz_2d_overlay_msgs__rosidl_generator_py.so" to ""
[11.165s] -- Installing: /root/ros2_ws/src/install/rviz_2d_overlay_msgs/share/rviz_2d_overlay_msgs/msg/OverlayText.idl
[11.165s] -- Installing: /root/ros2_ws/src/install/rviz_2d_overlay_msgs/share/rviz_2d_overlay_msgs/msg/OverlayText.msg
[11.165s] -- Installing: /root/ros2_ws/src/install/rviz_2d_overlay_msgs/share/ament_index/resource_index/package_run_dependencies/rviz_2d_overlay_msgs
[11.165s] -- Installing: /root/ros2_ws/src/install/rviz_2d_overlay_msgs/share/ament_index/resource_index/parent_prefix_path/rviz_2d_overlay_msgs
[11.166s] -- Installing: /root/ros2_ws/src/install/rviz_2d_overlay_msgs/share/rviz_2d_overlay_msgs/environment/ament_prefix_path.sh
[11.166s] -- Installing: /root/ros2_ws/src/install/rviz_2d_overlay_msgs/share/rviz_2d_overlay_msgs/environment/ament_prefix_path.dsv
[11.166s] -- Installing: /root/ros2_ws/src/install/rviz_2d_overlay_msgs/share/rviz_2d_overlay_msgs/environment/path.sh
[11.166s] -- Installing: /root/ros2_ws/src/install/rviz_2d_overlay_msgs/share/rviz_2d_overlay_msgs/environment/path.dsv
[11.166s] -- Installing: /root/ros2_ws/src/install/rviz_2d_overlay_msgs/share/rviz_2d_overlay_msgs/local_setup.bash
[11.166s] -- Installing: /root/ros2_ws/src/install/rviz_2d_overlay_msgs/share/rviz_2d_overlay_msgs/local_setup.sh
[11.166s] -- Installing: /root/ros2_ws/src/install/rviz_2d_overlay_msgs/share/rviz_2d_overlay_msgs/local_setup.zsh
[11.166s] -- Installing: /root/ros2_ws/src/install/rviz_2d_overlay_msgs/share/rviz_2d_overlay_msgs/local_setup.dsv
[11.166s] -- Installing: /root/ros2_ws/src/install/rviz_2d_overlay_msgs/share/rviz_2d_overlay_msgs/package.dsv
[11.166s] -- Installing: /root/ros2_ws/src/install/rviz_2d_overlay_msgs/share/ament_index/resource_index/packages/rviz_2d_overlay_msgs
[11.167s] -- Installing: /root/ros2_ws/src/install/rviz_2d_overlay_msgs/share/rviz_2d_overlay_msgs/cmake/export_rviz_2d_overlay_msgs__rosidl_generator_cExport.cmake
[11.167s] -- Installing: /root/ros2_ws/src/install/rviz_2d_overlay_msgs/share/rviz_2d_overlay_msgs/cmake/export_rviz_2d_overlay_msgs__rosidl_generator_cExport-noconfig.cmake
[11.167s] -- Installing: /root/ros2_ws/src/install/rviz_2d_overlay_msgs/share/rviz_2d_overlay_msgs/cmake/export_rviz_2d_overlay_msgs__rosidl_typesupport_fastrtps_cExport.cmake
[11.167s] -- Installing: /root/ros2_ws/src/install/rviz_2d_overlay_msgs/share/rviz_2d_overlay_msgs/cmake/export_rviz_2d_overlay_msgs__rosidl_typesupport_fastrtps_cExport-noconfig.cmake
[11.167s] -- Installing: /root/ros2_ws/src/install/rviz_2d_overlay_msgs/share/rviz_2d_overlay_msgs/cmake/rviz_2d_overlay_msgs__rosidl_typesupport_introspection_cExport.cmake
[11.167s] -- Installing: /root/ros2_ws/src/install/rviz_2d_overlay_msgs/share/rviz_2d_overlay_msgs/cmake/rviz_2d_overlay_msgs__rosidl_typesupport_introspection_cExport-noconfig.cmake
[11.167s] -- Installing: /root/ros2_ws/src/install/rviz_2d_overlay_msgs/share/rviz_2d_overlay_msgs/cmake/rviz_2d_overlay_msgs__rosidl_typesupport_cExport.cmake
[11.167s] -- Installing: /root/ros2_ws/src/install/rviz_2d_overlay_msgs/share/rviz_2d_overlay_msgs/cmake/rviz_2d_overlay_msgs__rosidl_typesupport_cExport-noconfig.cmake
[11.167s] -- Installing: /root/ros2_ws/src/install/rviz_2d_overlay_msgs/share/rviz_2d_overlay_msgs/cmake/export_rviz_2d_overlay_msgs__rosidl_generator_cppExport.cmake
[11.171s] -- Installing: /root/ros2_ws/src/install/rviz_2d_overlay_msgs/share/rviz_2d_overlay_msgs/cmake/export_rviz_2d_overlay_msgs__rosidl_typesupport_fastrtps_cppExport.cmake
[11.172s] -- Installing: /root/ros2_ws/src/install/rviz_2d_overlay_msgs/share/rviz_2d_overlay_msgs/cmake/export_rviz_2d_overlay_msgs__rosidl_typesupport_fastrtps_cppExport-noconfig.cmake
[11.172s] -- Installing: /root/ros2_ws/src/install/rviz_2d_overlay_msgs/share/rviz_2d_overlay_msgs/cmake/rviz_2d_overlay_msgs__rosidl_typesupport_introspection_cppExport.cmake
[11.172s] -- Installing: /root/ros2_ws/src/install/rviz_2d_overlay_msgs/share/rviz_2d_overlay_msgs/cmake/rviz_2d_overlay_msgs__rosidl_typesupport_introspection_cppExport-noconfig.cmake
[11.172s] -- Installing: /root/ros2_ws/src/install/rviz_2d_overlay_msgs/share/rviz_2d_overlay_msgs/cmake/rviz_2d_overlay_msgs__rosidl_typesupport_cppExport.cmake
[11.172s] -- Installing: /root/ros2_ws/src/install/rviz_2d_overlay_msgs/share/rviz_2d_overlay_msgs/cmake/rviz_2d_overlay_msgs__rosidl_typesupport_cppExport-noconfig.cmake
[11.172s] -- Installing: /root/ros2_ws/src/install/rviz_2d_overlay_msgs/share/rviz_2d_overlay_msgs/cmake/export_rviz_2d_overlay_msgs__rosidl_generator_pyExport.cmake
[11.172s] -- Installing: /root/ros2_ws/src/install/rviz_2d_overlay_msgs/share/rviz_2d_overlay_msgs/cmake/export_rviz_2d_overlay_msgs__rosidl_generator_pyExport-noconfig.cmake
[11.172s] -- Installing: /root/ros2_ws/src/install/rviz_2d_overlay_msgs/share/rviz_2d_overlay_msgs/cmake/rosidl_cmake-extras.cmake
[11.173s] -- Installing: /root/ros2_ws/src/install/rviz_2d_overlay_msgs/share/rviz_2d_overlay_msgs/cmake/ament_cmake_export_dependencies-extras.cmake
[11.173s] -- Installing: /root/ros2_ws/src/install/rviz_2d_overlay_msgs/share/rviz_2d_overlay_msgs/cmake/ament_cmake_export_include_directories-extras.cmake
[11.173s] -- Installing: /root/ros2_ws/src/install/rviz_2d_overlay_msgs/share/rviz_2d_overlay_msgs/cmake/ament_cmake_export_libraries-extras.cmake
[11.173s] -- Installing: /root/ros2_ws/src/install/rviz_2d_overlay_msgs/share/rviz_2d_overlay_msgs/cmake/ament_cmake_export_targets-extras.cmake
[11.173s] -- Installing: /root/ros2_ws/src/install/rviz_2d_overlay_msgs/share/rviz_2d_overlay_msgs/cmake/rosidl_cmake_export_typesupport_targets-extras.cmake
[11.173s] -- Installing: /root/ros2_ws/src/install/rviz_2d_overlay_msgs/share/rviz_2d_overlay_msgs/cmake/rosidl_cmake_export_typesupport_libraries-extras.cmake
[11.173s] -- Installing: /root/ros2_ws/src/install/rviz_2d_overlay_msgs/share/rviz_2d_overlay_msgs/cmake/rviz_2d_overlay_msgsConfig.cmake
[11.173s] -- Installing: /root/ros2_ws/src/install/rviz_2d_overlay_msgs/share/rviz_2d_overlay_msgs/cmake/rviz_2d_overlay_msgsConfig-version.cmake
[11.173s] -- Installing: /root/ros2_ws/src/install/rviz_2d_overlay_msgs/share/rviz_2d_overlay_msgs/package.xml
[11.303s] Invoked command in '/root/ros2_ws/src/build/rviz_2d_overlay_msgs' returned '0': CMAKE_PREFIX_PATH=/opt/ros/humble /usr/bin/cmake --install /root/ros2_ws/src/build/rviz_2d_overlay_msgs
