[0.421s] Invoking command in '/root/ros2_ws/src/build/terrain_analysis_ext': CMAKE_PREFIX_PATH=/opt/ros/humble /usr/bin/cmake /root/ros2_ws/src/base_autonomy/terrain_analysis_ext -DCMAKE_BUILD_TYPE=Release -DAMENT_CMAKE_SYMLINK_INSTALL=1 -DCMAKE_INSTALL_PREFIX=/root/ros2_ws/src/install/terrain_analysis_ext
[0.484s] -- The C compiler identification is GNU 11.4.0
[0.536s] -- The CXX compiler identification is GNU 11.4.0
[0.544s] -- Detecting C compiler ABI info
[0.646s] -- Detecting C compiler ABI info - done
[0.661s] -- Check for working C compiler: /usr/bin/cc - skipped
[0.661s] -- Detecting C compile features
[0.662s] -- Detecting C compile features - done
[0.668s] -- Detecting CXX compiler ABI info
[0.776s] -- Detecting CXX compiler ABI info - done
[0.789s] -- Check for working CXX compiler: /usr/bin/c++ - skipped
[0.792s] -- Detecting CXX compile features
[0.793s] -- Detecting CXX compile features - done
[0.803s] -- Found ament_cmake: 1.3.12 (/opt/ros/humble/share/ament_cmake/cmake)
[1.024s] -- Found Python3: /usr/bin/python3 (found version "3.10.12") found components: Interpreter 
[1.131s] -- Override CMake install command with custom implementation using symlinks instead of copying resources
[1.240s] -- Found rclcpp: 16.0.17 (/opt/ros/humble/share/rclcpp/cmake)
[1.425s] -- Found rosidl_generator_c: 3.1.8 (/opt/ros/humble/share/rosidl_generator_c/cmake)
[1.450s] -- Found rosidl_adapter: 3.1.8 (/opt/ros/humble/share/rosidl_adapter/cmake)
[1.463s] -- Found rosidl_generator_cpp: 3.1.8 (/opt/ros/humble/share/rosidl_generator_cpp/cmake)
[1.494s] -- Using all available rosidl_typesupport_c: rosidl_typesupport_fastrtps_c;rosidl_typesupport_introspection_c
[1.521s] -- Using all available rosidl_typesupport_cpp: rosidl_typesupport_fastrtps_cpp;rosidl_typesupport_introspection_cpp
[1.591s] -- Found rmw_implementation_cmake: 6.1.2 (/opt/ros/humble/share/rmw_implementation_cmake/cmake)
[1.598s] -- Found rmw_fastrtps_cpp: 6.2.9 (/opt/ros/humble/share/rmw_fastrtps_cpp/cmake)
[1.703s] -- Found OpenSSL: /usr/lib/x86_64-linux-gnu/libcrypto.so (found version "3.0.2")  
[1.740s] -- Found FastRTPS: /opt/ros/humble/include  
[1.829s] -- Using RMW implementation 'rmw_fastrtps_cpp' as default
[1.842s] -- Looking for pthread.h
[1.983s] -- Looking for pthread.h - found
[1.984s] -- Performing Test CMAKE_HAVE_LIBC_PTHREAD
[2.131s] -- Performing Test CMAKE_HAVE_LIBC_PTHREAD - Success
[2.131s] -- Found Threads: TRUE  
[2.262s] -- Found nav_msgs: 4.9.0 (/opt/ros/humble/share/nav_msgs/cmake)
[2.367s] -- Found sensor_msgs: 4.9.0 (/opt/ros/humble/share/sensor_msgs/cmake)
[2.438s] -- Found tf2_ros: 0.25.18 (/opt/ros/humble/share/tf2_ros/cmake)
[2.634s] -- Found tf2_geometry_msgs: 0.25.18 (/opt/ros/humble/share/tf2_geometry_msgs/cmake)
[2.666s] -- Found eigen3_cmake_module: 0.1.1 (/opt/ros/humble/share/eigen3_cmake_module/cmake)
[2.667s] -- Found Eigen3: TRUE (found version "3.4.0") 
[2.667s] -- Ensuring Eigen3 include directory is part of orocos-kdl CMake target
[2.680s] -- Found pcl_conversions: 2.4.5 (/opt/ros/humble/share/pcl_conversions/cmake)
[2.739s] -- Checking for module 'eigen3'
[2.761s] --   Found eigen3, version 3.4.0
[2.821s] -- Found Eigen: /usr/include/eigen3 (Required is at least version "3.1") 
[2.821s] -- Eigen found (include: /usr/include/eigen3, version: 3.4.0)
[3.089s] -- Checking for module 'flann'
[3.135s] --   Found flann, version 1.9.1
[3.208s] -- Found FLANN: /usr/lib/x86_64-linux-gnu/libflann_cpp.so  
[3.208s] -- FLANN found (include: /usr/include, lib: /usr/lib/x86_64-linux-gnu/libflann_cpp.so)
[7.375s] -- Checking for module 'libusb-1.0'
[7.406s] --   Found libusb-1.0, version 1.0.25
[7.499s] -- Found libusb: /usr/lib/x86_64-linux-gnu/libusb-1.0.so  
[7.504s] -- OpenNI found (version: 1.5.4.0, include: /usr/include/ni, lib: /usr/lib/libOpenNI.so;libusb::libusb)
[7.710s] -- OpenNI2 found (version: 2.2.0.33, include: /usr/include/openni2, lib: /usr/lib/x86_64-linux-gnu/libOpenNI2.so;libusb::libusb)
[8.228s] -- Eigen found (include: /usr/include/eigen3, version: 3.4.0)
[8.247s] -- OpenNI found (version: 1.5.4.0, include: /usr/include/ni, lib: /usr/lib/libOpenNI.so;libusb::libusb)
[8.275s] -- OpenNI2 found (version: 2.2.0.33, include: /usr/include/openni2, lib: /usr/lib/x86_64-linux-gnu/libOpenNI2.so;libusb::libusb)
[8.786s] -- Found Qhull version 8.0.2
[9.211s] -- OpenNI found (version: 1.5.4.0, include: /usr/include/ni, lib: /usr/lib/libOpenNI.so;libusb::libusb)
[9.711s] -- Found PCL_COMMON: /usr/lib/x86_64-linux-gnu/libpcl_common.so  
[9.711s] -- Found PCL_KDTREE: /usr/lib/x86_64-linux-gnu/libpcl_kdtree.so  
[9.726s] -- Found PCL_OCTREE: /usr/lib/x86_64-linux-gnu/libpcl_octree.so  
[9.726s] -- Found PCL_SEARCH: /usr/lib/x86_64-linux-gnu/libpcl_search.so  
[9.726s] -- Found PCL_SAMPLE_CONSENSUS: /usr/lib/x86_64-linux-gnu/libpcl_sample_consensus.so  
[9.726s] -- Found PCL_FILTERS: /usr/lib/x86_64-linux-gnu/libpcl_filters.so  
[9.726s] -- Found PCL_2D: /usr/include/pcl-1.12  
[9.731s] -- Found PCL_GEOMETRY: /usr/include/pcl-1.12  
[9.733s] -- Found PCL_IO: /usr/lib/x86_64-linux-gnu/libpcl_io.so  
[9.742s] -- Found PCL_FEATURES: /usr/lib/x86_64-linux-gnu/libpcl_features.so  
[9.742s] -- Found PCL_ML: /usr/lib/x86_64-linux-gnu/libpcl_ml.so  
[9.747s] -- Found PCL_SEGMENTATION: /usr/lib/x86_64-linux-gnu/libpcl_segmentation.so  
[9.749s] -- Found PCL_VISUALIZATION: /usr/lib/x86_64-linux-gnu/libpcl_visualization.so  
[9.754s] -- Found PCL_SURFACE: /usr/lib/x86_64-linux-gnu/libpcl_surface.so  
[9.760s] -- Found PCL_REGISTRATION: /usr/lib/x86_64-linux-gnu/libpcl_registration.so  
[9.762s] -- Found PCL_KEYPOINTS: /usr/lib/x86_64-linux-gnu/libpcl_keypoints.so  
[9.768s] -- Found PCL_TRACKING: /usr/lib/x86_64-linux-gnu/libpcl_tracking.so  
[9.770s] -- Found PCL_RECOGNITION: /usr/lib/x86_64-linux-gnu/libpcl_recognition.so  
[9.776s] -- Found PCL_STEREO: /usr/lib/x86_64-linux-gnu/libpcl_stereo.so  
[9.782s] -- Found PCL_APPS: /usr/lib/x86_64-linux-gnu/libpcl_apps.so  
[9.783s] -- Found PCL_IN_HAND_SCANNER: /usr/include/pcl-1.12  
[9.783s] -- Found PCL_MODELER: /usr/include/pcl-1.12  
[9.784s] -- Found PCL_POINT_CLOUD_EDITOR: /usr/include/pcl-1.12  
[9.790s] -- Found PCL_OUTOFCORE: /usr/lib/x86_64-linux-gnu/libpcl_outofcore.so  
[9.792s] -- Found PCL_PEOPLE: /usr/lib/x86_64-linux-gnu/libpcl_people.so  
[9.814s] -- Found pcl_ros: 2.4.5 (/opt/ros/humble/share/pcl_ros/cmake)
[9.906s] -- Found ament_lint_auto: 0.12.14 (/opt/ros/humble/share/ament_lint_auto/cmake)
[10.287s] -- Added test 'copyright' to check source files copyright and LICENSE
[10.290s] -- Added test 'cppcheck' to perform static code analysis on C / C++ code
[10.290s] -- Configured cppcheck include dirs: 
[10.290s] -- Configured cppcheck exclude dirs and/or files: 
[10.291s] -- Added test 'cpplint' to check C / C++ code against the Google style
[10.291s] -- Configured cpplint exclude dirs and/or files: 
[10.294s] -- Added test 'lint_cmake' to check CMake code style
[10.294s] -- Added test 'uncrustify' to check C / C++ code style
[10.294s] -- Configured uncrustify additional arguments: 
[10.294s] -- Added test 'xmllint' to check XML markup files
[10.296s] -- Configuring done
[10.409s] -- Generating done
[10.432s] -- Build files have been written to: /root/ros2_ws/src/build/terrain_analysis_ext
[10.487s] Invoked command in '/root/ros2_ws/src/build/terrain_analysis_ext' returned '0': CMAKE_PREFIX_PATH=/opt/ros/humble /usr/bin/cmake /root/ros2_ws/src/base_autonomy/terrain_analysis_ext -DCMAKE_BUILD_TYPE=Release -DAMENT_CMAKE_SYMLINK_INSTALL=1 -DCMAKE_INSTALL_PREFIX=/root/ros2_ws/src/install/terrain_analysis_ext
[10.493s] Invoking command in '/root/ros2_ws/src/build/terrain_analysis_ext': CMAKE_PREFIX_PATH=/opt/ros/humble /usr/bin/cmake --build /root/ros2_ws/src/build/terrain_analysis_ext -- -j24 -l24
[12.440s] [ 50%] [32mBuilding CXX object CMakeFiles/terrainAnalysisExt.dir/src/terrainAnalysisExt.cpp.o[0m
[12.442s] In file included from [01m[K/root/ros2_ws/src/base_autonomy/terrain_analysis_ext/src/terrainAnalysisExt.cpp:20[m[K:
[12.442s] [01m[K/opt/ros/humble/include/tf2_geometry_msgs/tf2_geometry_msgs/tf2_geometry_msgs.h:35:2:[m[K [01;35m[Kwarning: [m[K#warning This header is obsolete, please include tf2_geometry_msgs/tf2_geometry_msgs.hpp instead [[01;35m[K-Wcpp[m[K]
[12.443s]    35 | #[01;35m[Kwarning[m[K This header is obsolete, please include tf2_geometry_msgs/tf2_geometry_msgs.hpp instead
[12.443s]       |  [01;35m[K^~~~~~~[m[K
[29.907s] gmake[2]: *** wait: No child processes.  Stop.
[29.907s] gmake[2]: *** Waiting for unfinished jobs....
[29.907s] gmake[2]: *** wait: No child processes.  Stop.
[29.907s] gmake[1]: *** wait: No child processes.  Stop.
[29.907s] gmake[1]: *** Waiting for unfinished jobs....
[29.907s] gmake[1]: *** wait: No child processes.  Stop.
[29.907s] gmake: *** [Makefile:146: all] Error 2
