[0.023s] Invoking command in '/root/ros2_ws/src/build/calibrate_imu': AMENT_PREFIX_PATH=/root/ros2_ws/src/install/go2_sport_api:/root/ros2_ws/src/install/unitree_go:/root/ros2_ws/src/install/unitree_api:${AMENT_PREFIX_PATH} CMAKE_PREFIX_PATH=/root/ros2_ws/src/install/go2_sport_api:/root/ros2_ws/src/install/unitree_go:/root/ros2_ws/src/install/unitree_api:/opt/ros/humble LD_LIBRARY_PATH=/root/ros2_ws/src/install/go2_sport_api/lib:/root/ros2_ws/src/install/unitree_go/lib:/root/ros2_ws/src/install/unitree_api/lib:${LD_LIBRARY_PATH} PYTHONPATH=/root/ros2_ws/src/install/unitree_go/local/lib/python3.10/dist-packages:/root/ros2_ws/src/install/unitree_api/local/lib/python3.10/dist-packages:${PYTHONPATH} /usr/bin/cmake /root/ros2_ws/src/utilities/calibrate_imu -DROS_EDITION=ROS2 -DHUMBLE_ROS=humble -DCMAKE_INSTALL_PREFIX=/root/ros2_ws/src/install/calibrate_imu
[0.101s] -- The C compiler identification is GNU 11.4.0
[0.186s] -- The CXX compiler identification is GNU 11.4.0
[0.198s] -- Detecting C compiler ABI info
[0.298s] -- Detecting C compiler ABI info - done
[0.311s] -- Check for working C compiler: /usr/bin/cc - skipped
[0.311s] -- Detecting C compile features
[0.312s] -- Detecting C compile features - done
[0.316s] -- Detecting CXX compiler ABI info
[0.437s] -- Detecting CXX compiler ABI info - done
[0.449s] -- Check for working CXX compiler: /usr/bin/c++ - skipped
[0.449s] -- Detecting CXX compile features
[0.451s] -- Detecting CXX compile features - done
[0.454s] -- Found ament_cmake: 1.3.12 (/opt/ros/humble/share/ament_cmake/cmake)
[0.689s] -- Found Python3: /usr/bin/python3 (found version "3.10.12") found components: Interpreter 
[0.819s] -- Found rclcpp: 16.0.17 (/opt/ros/humble/share/rclcpp/cmake)
[0.885s] -- Found rosidl_generator_c: 3.1.8 (/opt/ros/humble/share/rosidl_generator_c/cmake)
[0.891s] -- Found rosidl_adapter: 3.1.8 (/opt/ros/humble/share/rosidl_adapter/cmake)
[0.903s] -- Found rosidl_generator_cpp: 3.1.8 (/opt/ros/humble/share/rosidl_generator_cpp/cmake)
[0.921s] -- Using all available rosidl_typesupport_c: rosidl_typesupport_fastrtps_c;rosidl_typesupport_introspection_c
[0.944s] -- Using all available rosidl_typesupport_cpp: rosidl_typesupport_fastrtps_cpp;rosidl_typesupport_introspection_cpp
[1.009s] -- Found rmw_implementation_cmake: 6.1.2 (/opt/ros/humble/share/rmw_implementation_cmake/cmake)
[1.015s] -- Found rmw_fastrtps_cpp: 6.2.9 (/opt/ros/humble/share/rmw_fastrtps_cpp/cmake)
[1.146s] -- Found OpenSSL: /usr/lib/x86_64-linux-gnu/libcrypto.so (found version "3.0.2")  
[1.192s] -- Found FastRTPS: /opt/ros/humble/include  
[1.262s] -- Using RMW implementation 'rmw_fastrtps_cpp' as default
[1.278s] -- Looking for pthread.h
[1.394s] -- Looking for pthread.h - found
[1.395s] -- Performing Test CMAKE_HAVE_LIBC_PTHREAD
[1.494s] -- Performing Test CMAKE_HAVE_LIBC_PTHREAD - Success
[1.495s] -- Found Threads: TRUE  
[1.565s] -- Found sensor_msgs: 4.9.0 (/opt/ros/humble/share/sensor_msgs/cmake)
[1.603s] -- Found unitree_api: 0.0.0 (/root/ros2_ws/src/install/unitree_api/share/unitree_api/cmake)
[1.619s] -- Found go2_sport_api: 0.0.0 (/root/ros2_ws/src/install/go2_sport_api/share/go2_sport_api/cmake)
[1.647s] -- Found ament_lint_auto: 0.12.14 (/opt/ros/humble/share/ament_lint_auto/cmake)
[1.760s] -- Added test 'copyright' to check source files copyright and LICENSE
[1.766s] -- Added test 'cppcheck' to perform static code analysis on C / C++ code
[1.766s] -- Configured cppcheck include dirs: /root/ros2_ws/src/utilities/calibrate_imu/include;/root/ros2_ws/src/utilities/calibrate_imu/include/nlohmann
[1.766s] -- Configured cppcheck exclude dirs and/or files: 
[1.767s] -- Added test 'cpplint' to check C / C++ code against the Google style
[1.767s] -- Configured cpplint exclude dirs and/or files: 
[1.768s] -- Added test 'lint_cmake' to check CMake code style
[1.771s] -- Added test 'uncrustify' to check C / C++ code style
[1.771s] -- Configured uncrustify additional arguments: 
[1.772s] -- Added test 'xmllint' to check XML markup files
[1.773s] -- Configuring done
[1.786s] -- Generating done
[1.788s] [33mCMake Warning:
[1.788s]   Manually-specified variables were not used by the project:
[1.788s] 
[1.788s]     HUMBLE_ROS
[1.788s]     ROS_EDITION
[1.788s] 
[1.788s] [0m
[1.791s] -- Build files have been written to: /root/ros2_ws/src/build/calibrate_imu
[1.801s] Invoked command in '/root/ros2_ws/src/build/calibrate_imu' returned '0': AMENT_PREFIX_PATH=/root/ros2_ws/src/install/go2_sport_api:/root/ros2_ws/src/install/unitree_go:/root/ros2_ws/src/install/unitree_api:${AMENT_PREFIX_PATH} CMAKE_PREFIX_PATH=/root/ros2_ws/src/install/go2_sport_api:/root/ros2_ws/src/install/unitree_go:/root/ros2_ws/src/install/unitree_api:/opt/ros/humble LD_LIBRARY_PATH=/root/ros2_ws/src/install/go2_sport_api/lib:/root/ros2_ws/src/install/unitree_go/lib:/root/ros2_ws/src/install/unitree_api/lib:${LD_LIBRARY_PATH} PYTHONPATH=/root/ros2_ws/src/install/unitree_go/local/lib/python3.10/dist-packages:/root/ros2_ws/src/install/unitree_api/local/lib/python3.10/dist-packages:${PYTHONPATH} /usr/bin/cmake /root/ros2_ws/src/utilities/calibrate_imu -DROS_EDITION=ROS2 -DHUMBLE_ROS=humble -DCMAKE_INSTALL_PREFIX=/root/ros2_ws/src/install/calibrate_imu
[1.803s] Invoking command in '/root/ros2_ws/src/build/calibrate_imu': AMENT_PREFIX_PATH=/root/ros2_ws/src/install/go2_sport_api:/root/ros2_ws/src/install/unitree_go:/root/ros2_ws/src/install/unitree_api:${AMENT_PREFIX_PATH} CMAKE_PREFIX_PATH=/root/ros2_ws/src/install/go2_sport_api:/root/ros2_ws/src/install/unitree_go:/root/ros2_ws/src/install/unitree_api:/opt/ros/humble LD_LIBRARY_PATH=/root/ros2_ws/src/install/go2_sport_api/lib:/root/ros2_ws/src/install/unitree_go/lib:/root/ros2_ws/src/install/unitree_api/lib:${LD_LIBRARY_PATH} PYTHONPATH=/root/ros2_ws/src/install/unitree_go/local/lib/python3.10/dist-packages:/root/ros2_ws/src/install/unitree_api/local/lib/python3.10/dist-packages:${PYTHONPATH} /usr/bin/cmake --build /root/ros2_ws/src/build/calibrate_imu -- -j24 -l24
[1.867s] [ 50%] [32mBuilding CXX object CMakeFiles/calibrate_imu.dir/src/calibrate_imu.cpp.o[0m
[4.747s] [01m[K/root/ros2_ws/src/utilities/calibrate_imu/src/calibrate_imu.cpp:[m[K In function ‘[01m[Kvoid estimate_bias()[m[K’:
[4.747s] [01m[K/root/ros2_ws/src/utilities/calibrate_imu/src/calibrate_imu.cpp:87:9:[m[K [01;35m[Kwarning: [m[Kunused variable ‘[01m[Knegative_rot_count[m[K’ [[01;35m[K-Wunused-variable[m[K]
[4.747s]    87 |     int [01;35m[Knegative_rot_count[m[K = 0;
[4.747s]       |         [01;35m[K^~~~~~~~~~~~~~~~~~[m[K
[4.747s] [01m[K/root/ros2_ws/src/utilities/calibrate_imu/src/calibrate_imu.cpp:93:12:[m[K [01;35m[Kwarning: [m[Kunused variable ‘[01m[Kang_rot_x_mean_negative[m[K’ [[01;35m[K-Wunused-variable[m[K]
[4.747s]    93 |     double [01;35m[Kang_rot_x_mean_negative[m[K = 0;
[4.747s]       |            [01;35m[K^~~~~~~~~~~~~~~~~~~~~~~[m[K
[4.747s] [01m[K/root/ros2_ws/src/utilities/calibrate_imu/src/calibrate_imu.cpp:94:12:[m[K [01;35m[Kwarning: [m[Kunused variable ‘[01m[Kang_rot_y_mean_negative[m[K’ [[01;35m[K-Wunused-variable[m[K]
[4.747s]    94 |     double [01;35m[Kang_rot_y_mean_negative[m[K = 0;
[4.747s]       |            [01;35m[K^~~~~~~~~~~~~~~~~~~~~~~[m[K
[4.748s] [01m[K/root/ros2_ws/src/utilities/calibrate_imu/src/calibrate_imu.cpp:95:12:[m[K [01;35m[Kwarning: [m[Kunused variable ‘[01m[Kang_rot_z_mean_negative[m[K’ [[01;35m[K-Wunused-variable[m[K]
[4.748s]    95 |     double [01;35m[Kang_rot_z_mean_negative[m[K = 0;
[4.748s]       |            [01;35m[K^~~~~~~~~~~~~~~~~~~~~~~[m[K
[11.949s] [100%] [32m[1mLinking CXX executable calibrate_imu[0m
[12.381s] [100%] Built target calibrate_imu
[12.392s] Invoked command in '/root/ros2_ws/src/build/calibrate_imu' returned '0': AMENT_PREFIX_PATH=/root/ros2_ws/src/install/go2_sport_api:/root/ros2_ws/src/install/unitree_go:/root/ros2_ws/src/install/unitree_api:${AMENT_PREFIX_PATH} CMAKE_PREFIX_PATH=/root/ros2_ws/src/install/go2_sport_api:/root/ros2_ws/src/install/unitree_go:/root/ros2_ws/src/install/unitree_api:/opt/ros/humble LD_LIBRARY_PATH=/root/ros2_ws/src/install/go2_sport_api/lib:/root/ros2_ws/src/install/unitree_go/lib:/root/ros2_ws/src/install/unitree_api/lib:${LD_LIBRARY_PATH} PYTHONPATH=/root/ros2_ws/src/install/unitree_go/local/lib/python3.10/dist-packages:/root/ros2_ws/src/install/unitree_api/local/lib/python3.10/dist-packages:${PYTHONPATH} /usr/bin/cmake --build /root/ros2_ws/src/build/calibrate_imu -- -j24 -l24
[12.393s] Invoking command in '/root/ros2_ws/src/build/calibrate_imu': AMENT_PREFIX_PATH=/root/ros2_ws/src/install/go2_sport_api:/root/ros2_ws/src/install/unitree_go:/root/ros2_ws/src/install/unitree_api:${AMENT_PREFIX_PATH} CMAKE_PREFIX_PATH=/root/ros2_ws/src/install/go2_sport_api:/root/ros2_ws/src/install/unitree_go:/root/ros2_ws/src/install/unitree_api:/opt/ros/humble LD_LIBRARY_PATH=/root/ros2_ws/src/install/go2_sport_api/lib:/root/ros2_ws/src/install/unitree_go/lib:/root/ros2_ws/src/install/unitree_api/lib:${LD_LIBRARY_PATH} PYTHONPATH=/root/ros2_ws/src/install/unitree_go/local/lib/python3.10/dist-packages:/root/ros2_ws/src/install/unitree_api/local/lib/python3.10/dist-packages:${PYTHONPATH} /usr/bin/cmake --install /root/ros2_ws/src/build/calibrate_imu
[12.406s] -- Install configuration: ""
[12.406s] -- Installing: /root/ros2_ws/src/install/calibrate_imu/lib/calibrate_imu/calibrate_imu
[12.406s] -- Set runtime path of "/root/ros2_ws/src/install/calibrate_imu/lib/calibrate_imu/calibrate_imu" to ""
[12.406s] -- Installing: /root/ros2_ws/src/install/calibrate_imu/share/ament_index/resource_index/package_run_dependencies/calibrate_imu
[12.406s] -- Installing: /root/ros2_ws/src/install/calibrate_imu/share/ament_index/resource_index/parent_prefix_path/calibrate_imu
[12.406s] -- Installing: /root/ros2_ws/src/install/calibrate_imu/share/calibrate_imu/environment/ament_prefix_path.sh
[12.406s] -- Installing: /root/ros2_ws/src/install/calibrate_imu/share/calibrate_imu/environment/ament_prefix_path.dsv
[12.406s] -- Installing: /root/ros2_ws/src/install/calibrate_imu/share/calibrate_imu/environment/path.sh
[12.406s] -- Installing: /root/ros2_ws/src/install/calibrate_imu/share/calibrate_imu/environment/path.dsv
[12.406s] -- Installing: /root/ros2_ws/src/install/calibrate_imu/share/calibrate_imu/local_setup.bash
[12.406s] -- Installing: /root/ros2_ws/src/install/calibrate_imu/share/calibrate_imu/local_setup.sh
[12.406s] -- Installing: /root/ros2_ws/src/install/calibrate_imu/share/calibrate_imu/local_setup.zsh
[12.406s] -- Installing: /root/ros2_ws/src/install/calibrate_imu/share/calibrate_imu/local_setup.dsv
[12.406s] -- Installing: /root/ros2_ws/src/install/calibrate_imu/share/calibrate_imu/package.dsv
[12.406s] -- Installing: /root/ros2_ws/src/install/calibrate_imu/share/ament_index/resource_index/packages/calibrate_imu
[12.406s] -- Installing: /root/ros2_ws/src/install/calibrate_imu/share/calibrate_imu/cmake/calibrate_imuConfig.cmake
[12.406s] -- Installing: /root/ros2_ws/src/install/calibrate_imu/share/calibrate_imu/cmake/calibrate_imuConfig-version.cmake
[12.407s] -- Installing: /root/ros2_ws/src/install/calibrate_imu/share/calibrate_imu/package.xml
[12.409s] Invoked command in '/root/ros2_ws/src/build/calibrate_imu' returned '0': AMENT_PREFIX_PATH=/root/ros2_ws/src/install/go2_sport_api:/root/ros2_ws/src/install/unitree_go:/root/ros2_ws/src/install/unitree_api:${AMENT_PREFIX_PATH} CMAKE_PREFIX_PATH=/root/ros2_ws/src/install/go2_sport_api:/root/ros2_ws/src/install/unitree_go:/root/ros2_ws/src/install/unitree_api:/opt/ros/humble LD_LIBRARY_PATH=/root/ros2_ws/src/install/go2_sport_api/lib:/root/ros2_ws/src/install/unitree_go/lib:/root/ros2_ws/src/install/unitree_api/lib:${LD_LIBRARY_PATH} PYTHONPATH=/root/ros2_ws/src/install/unitree_go/local/lib/python3.10/dist-packages:/root/ros2_ws/src/install/unitree_api/local/lib/python3.10/dist-packages:${PYTHONPATH} /usr/bin/cmake --install /root/ros2_ws/src/build/calibrate_imu
