[0.024s] Invoking command in '/root/ros2_ws/src/build/rviz_2d_overlay_plugins': AMENT_PREFIX_PATH=/root/ros2_ws/src/install/rviz_2d_overlay_msgs:${AMENT_PREFIX_PATH} CMAKE_PREFIX_PATH=/root/ros2_ws/src/install/rviz_2d_overlay_msgs:/opt/ros/humble LD_LIBRARY_PATH=/root/ros2_ws/src/install/rviz_2d_overlay_msgs/lib:${LD_LIBRARY_PATH} PYTHONPATH=/root/ros2_ws/src/install/rviz_2d_overlay_msgs/local/lib/python3.10/dist-packages:${PYTHONPATH} /usr/bin/cmake --build /root/ros2_ws/src/build/rviz_2d_overlay_plugins -- -j24 -l24
[0.061s] [35m[1mConsolidate compiler generated dependencies of target string_to_overlay_text[0m
[0.063s] [35m[1mConsolidate compiler generated dependencies of target rviz_2d_overlay_plugins[0m
[0.075s] [ 20%] Built target string_to_overlay_text
[0.096s] [100%] Built target rviz_2d_overlay_plugins
[0.130s] Invoked command in '/root/ros2_ws/src/build/rviz_2d_overlay_plugins' returned '0': AMENT_PREFIX_PATH=/root/ros2_ws/src/install/rviz_2d_overlay_msgs:${AMENT_PREFIX_PATH} CMAKE_PREFIX_PATH=/root/ros2_ws/src/install/rviz_2d_overlay_msgs:/opt/ros/humble LD_LIBRARY_PATH=/root/ros2_ws/src/install/rviz_2d_overlay_msgs/lib:${LD_LIBRARY_PATH} PYTHONPATH=/root/ros2_ws/src/install/rviz_2d_overlay_msgs/local/lib/python3.10/dist-packages:${PYTHONPATH} /usr/bin/cmake --build /root/ros2_ws/src/build/rviz_2d_overlay_plugins -- -j24 -l24
[0.131s] Invoking command in '/root/ros2_ws/src/build/rviz_2d_overlay_plugins': AMENT_PREFIX_PATH=/root/ros2_ws/src/install/rviz_2d_overlay_msgs:${AMENT_PREFIX_PATH} CMAKE_PREFIX_PATH=/root/ros2_ws/src/install/rviz_2d_overlay_msgs:/opt/ros/humble LD_LIBRARY_PATH=/root/ros2_ws/src/install/rviz_2d_overlay_msgs/lib:${LD_LIBRARY_PATH} PYTHONPATH=/root/ros2_ws/src/install/rviz_2d_overlay_msgs/local/lib/python3.10/dist-packages:${PYTHONPATH} /usr/bin/cmake --install /root/ros2_ws/src/build/rviz_2d_overlay_plugins
[0.138s] -- Install configuration: ""
[0.138s] -- Up-to-date: /root/ros2_ws/src/install/rviz_2d_overlay_plugins/share/rviz_2d_overlay_plugins/plugins_description.xml
[0.138s] -- Up-to-date: /root/ros2_ws/src/install/rviz_2d_overlay_plugins/share/rviz_2d_overlay_plugins/environment/library_path.sh
[0.138s] -- Up-to-date: /root/ros2_ws/src/install/rviz_2d_overlay_plugins/share/rviz_2d_overlay_plugins/environment/library_path.dsv
[0.138s] -- Up-to-date: /root/ros2_ws/src/install/rviz_2d_overlay_plugins/lib/librviz_2d_overlay_plugins.so
[0.138s] -- Up-to-date: /root/ros2_ws/src/install/rviz_2d_overlay_plugins/include
[0.138s] -- Up-to-date: /root/ros2_ws/src/install/rviz_2d_overlay_plugins/include/rviz_2d_overlay_plugins
[0.138s] -- Up-to-date: /root/ros2_ws/src/install/rviz_2d_overlay_plugins/include/rviz_2d_overlay_plugins/pie_chart_display.h
[0.139s] -- Up-to-date: /root/ros2_ws/src/install/rviz_2d_overlay_plugins/include/rviz_2d_overlay_plugins/overlay_utils.hpp
[0.139s] -- Up-to-date: /root/ros2_ws/src/install/rviz_2d_overlay_plugins/include/rviz_2d_overlay_plugins/overlay_text_display.hpp
[0.139s] -- Up-to-date: /root/ros2_ws/src/install/rviz_2d_overlay_plugins/lib/rviz_2d_overlay_plugins/string_to_overlay_text
[0.139s] -- Up-to-date: /root/ros2_ws/src/install/rviz_2d_overlay_plugins/share/ament_index/resource_index/package_run_dependencies/rviz_2d_overlay_plugins
[0.139s] -- Up-to-date: /root/ros2_ws/src/install/rviz_2d_overlay_plugins/share/ament_index/resource_index/parent_prefix_path/rviz_2d_overlay_plugins
[0.139s] -- Up-to-date: /root/ros2_ws/src/install/rviz_2d_overlay_plugins/share/rviz_2d_overlay_plugins/environment/ament_prefix_path.sh
[0.139s] -- Up-to-date: /root/ros2_ws/src/install/rviz_2d_overlay_plugins/share/rviz_2d_overlay_plugins/environment/ament_prefix_path.dsv
[0.139s] -- Up-to-date: /root/ros2_ws/src/install/rviz_2d_overlay_plugins/share/rviz_2d_overlay_plugins/environment/path.sh
[0.139s] -- Up-to-date: /root/ros2_ws/src/install/rviz_2d_overlay_plugins/share/rviz_2d_overlay_plugins/environment/path.dsv
[0.139s] -- Up-to-date: /root/ros2_ws/src/install/rviz_2d_overlay_plugins/share/rviz_2d_overlay_plugins/local_setup.bash
[0.139s] -- Up-to-date: /root/ros2_ws/src/install/rviz_2d_overlay_plugins/share/rviz_2d_overlay_plugins/local_setup.sh
[0.140s] -- Up-to-date: /root/ros2_ws/src/install/rviz_2d_overlay_plugins/share/rviz_2d_overlay_plugins/local_setup.zsh
[0.140s] -- Up-to-date: /root/ros2_ws/src/install/rviz_2d_overlay_plugins/share/rviz_2d_overlay_plugins/local_setup.dsv
[0.140s] -- Installing: /root/ros2_ws/src/install/rviz_2d_overlay_plugins/share/rviz_2d_overlay_plugins/package.dsv
[0.140s] -- Up-to-date: /root/ros2_ws/src/install/rviz_2d_overlay_plugins/share/ament_index/resource_index/packages/rviz_2d_overlay_plugins
[0.140s] -- Up-to-date: /root/ros2_ws/src/install/rviz_2d_overlay_plugins/share/ament_index/resource_index/rviz_common__pluginlib__plugin/rviz_2d_overlay_plugins
[0.141s] -- Up-to-date: /root/ros2_ws/src/install/rviz_2d_overlay_plugins/share/rviz_2d_overlay_plugins/cmake/rviz_2d_overlay_pluginsExport.cmake
[0.143s] -- Up-to-date: /root/ros2_ws/src/install/rviz_2d_overlay_plugins/share/rviz_2d_overlay_plugins/cmake/rviz_2d_overlay_pluginsExport-noconfig.cmake
[0.143s] -- Up-to-date: /root/ros2_ws/src/install/rviz_2d_overlay_plugins/share/rviz_2d_overlay_plugins/cmake/rviz_2d_overlay_plugins-extras.cmake
[0.143s] -- Up-to-date: /root/ros2_ws/src/install/rviz_2d_overlay_plugins/share/rviz_2d_overlay_plugins/cmake/ament_cmake_export_include_directories-extras.cmake
[0.143s] -- Up-to-date: /root/ros2_ws/src/install/rviz_2d_overlay_plugins/share/rviz_2d_overlay_plugins/cmake/ament_cmake_export_targets-extras.cmake
[0.143s] -- Up-to-date: /root/ros2_ws/src/install/rviz_2d_overlay_plugins/share/rviz_2d_overlay_plugins/cmake/ament_cmake_export_dependencies-extras.cmake
[0.144s] -- Up-to-date: /root/ros2_ws/src/install/rviz_2d_overlay_plugins/share/rviz_2d_overlay_plugins/cmake/rviz_2d_overlay_pluginsConfig.cmake
[0.144s] -- Up-to-date: /root/ros2_ws/src/install/rviz_2d_overlay_plugins/share/rviz_2d_overlay_plugins/cmake/rviz_2d_overlay_pluginsConfig-version.cmake
[0.145s] -- Up-to-date: /root/ros2_ws/src/install/rviz_2d_overlay_plugins/share/rviz_2d_overlay_plugins/package.xml
[0.146s] Invoked command in '/root/ros2_ws/src/build/rviz_2d_overlay_plugins' returned '0': AMENT_PREFIX_PATH=/root/ros2_ws/src/install/rviz_2d_overlay_msgs:${AMENT_PREFIX_PATH} CMAKE_PREFIX_PATH=/root/ros2_ws/src/install/rviz_2d_overlay_msgs:/opt/ros/humble LD_LIBRARY_PATH=/root/ros2_ws/src/install/rviz_2d_overlay_msgs/lib:${LD_LIBRARY_PATH} PYTHONPATH=/root/ros2_ws/src/install/rviz_2d_overlay_msgs/local/lib/python3.10/dist-packages:${PYTHONPATH} /usr/bin/cmake --install /root/ros2_ws/src/build/rviz_2d_overlay_plugins
