[ 16%] [34m[1mAutomatic MOC for target waypoint_rviz_plugin[0m
[ 16%] Built target waypoint_rviz_plugin_autogen
[ 33%] [32mBuilding CXX object CMakeFiles/waypoint_rviz_plugin.dir/src/waypoint_tool.cpp.o[0m
[01m[K/root/ros2_ws/src/utilities/waypoint_rviz_plugin/src/waypoint_tool.cpp:[m[K In member function ‘[01m[Kvirtual void waypoint_rviz_plugin::WaypointTool::onPoseSet(double, double, double)[m[K’:
[01m[K/root/ros2_ws/src/utilities/waypoint_rviz_plugin/src/waypoint_tool.cpp:52:57:[m[K [01;35m[Kwarning: [m[Kunused parameter ‘[01m[Ktheta[m[K’ [[01;35m[K-Wunused-parameter[m[K]
   52 | void WaypointTool::onPoseSet(double x, double y, [01;35m[Kdouble theta[m[K)
      |                                                  [01;35m[K~~~~~~~^~~~~[m[K
[ 50%] [32m[1mLinking CXX shared library libwaypoint_rviz_plugin.so[0m
[100%] Built target waypoint_rviz_plugin
-- Install configuration: ""
-- Up-to-date: /root/ros2_ws/src/install/waypoint_rviz_plugin/share/waypoint_rviz_plugin/plugin_description.xml
-- Installing: /root/ros2_ws/src/install/waypoint_rviz_plugin/lib/waypoint_rviz_plugin/libwaypoint_rviz_plugin.so
-- Set runtime path of "/root/ros2_ws/src/install/waypoint_rviz_plugin/lib/waypoint_rviz_plugin/libwaypoint_rviz_plugin.so" to ""
-- Up-to-date: /root/ros2_ws/src/install/waypoint_rviz_plugin/share/ament_index/resource_index/package_run_dependencies/waypoint_rviz_plugin
-- Up-to-date: /root/ros2_ws/src/install/waypoint_rviz_plugin/share/ament_index/resource_index/parent_prefix_path/waypoint_rviz_plugin
-- Up-to-date: /root/ros2_ws/src/install/waypoint_rviz_plugin/share/waypoint_rviz_plugin/environment/ament_prefix_path.sh
-- Up-to-date: /root/ros2_ws/src/install/waypoint_rviz_plugin/share/waypoint_rviz_plugin/environment/ament_prefix_path.dsv
-- Up-to-date: /root/ros2_ws/src/install/waypoint_rviz_plugin/share/waypoint_rviz_plugin/environment/path.sh
-- Up-to-date: /root/ros2_ws/src/install/waypoint_rviz_plugin/share/waypoint_rviz_plugin/environment/path.dsv
-- Up-to-date: /root/ros2_ws/src/install/waypoint_rviz_plugin/share/waypoint_rviz_plugin/local_setup.bash
-- Up-to-date: /root/ros2_ws/src/install/waypoint_rviz_plugin/share/waypoint_rviz_plugin/local_setup.sh
-- Up-to-date: /root/ros2_ws/src/install/waypoint_rviz_plugin/share/waypoint_rviz_plugin/local_setup.zsh
-- Up-to-date: /root/ros2_ws/src/install/waypoint_rviz_plugin/share/waypoint_rviz_plugin/local_setup.dsv
-- Installing: /root/ros2_ws/src/install/waypoint_rviz_plugin/share/waypoint_rviz_plugin/package.dsv
-- Up-to-date: /root/ros2_ws/src/install/waypoint_rviz_plugin/share/ament_index/resource_index/packages/waypoint_rviz_plugin
-- Up-to-date: /root/ros2_ws/src/install/waypoint_rviz_plugin/share/ament_index/resource_index/rviz_common__pluginlib__plugin/waypoint_rviz_plugin
-- Up-to-date: /root/ros2_ws/src/install/waypoint_rviz_plugin/share/waypoint_rviz_plugin/cmake/ament_cmake_export_dependencies-extras.cmake
-- Up-to-date: /root/ros2_ws/src/install/waypoint_rviz_plugin/share/waypoint_rviz_plugin/cmake/waypoint_rviz_pluginConfig.cmake
-- Up-to-date: /root/ros2_ws/src/install/waypoint_rviz_plugin/share/waypoint_rviz_plugin/cmake/waypoint_rviz_pluginConfig-version.cmake
-- Up-to-date: /root/ros2_ws/src/install/waypoint_rviz_plugin/share/waypoint_rviz_plugin/package.xml
