[0.615s] Invoking command in '/root/ros2_ws/src/build/waypoint_rviz_plugin': CMAKE_PREFIX_PATH=/opt/ros/humble /usr/bin/cmake --build /root/ros2_ws/src/build/waypoint_rviz_plugin -- -j24 -l24
[0.690s] [ 16%] [34m[1mAutomatic MOC for target waypoint_rviz_plugin[0m
[0.696s] [ 16%] Built target waypoint_rviz_plugin_autogen
[0.724s] [ 33%] [32mBuilding CXX object CMakeFiles/waypoint_rviz_plugin.dir/src/waypoint_tool.cpp.o[0m
[2.788s] [01m[K/root/ros2_ws/src/utilities/waypoint_rviz_plugin/src/waypoint_tool.cpp:[m[K In member function ‘[01m[Kvirtual void waypoint_rviz_plugin::WaypointTool::onPoseSet(double, double, double)[m[K’:
[2.788s] [01m[K/root/ros2_ws/src/utilities/waypoint_rviz_plugin/src/waypoint_tool.cpp:52:57:[m[K [01;35m[Kwarning: [m[Kunused parameter ‘[01m[Ktheta[m[K’ [[01;35m[K-Wunused-parameter[m[K]
[2.788s]    52 | void WaypointTool::onPoseSet(double x, double y, [01;35m[Kdouble theta[m[K)
[2.788s]       |                                                  [01;35m[K~~~~~~~^~~~~[m[K
[6.139s] [ 50%] [32m[1mLinking CXX shared library libwaypoint_rviz_plugin.so[0m
[6.862s] [100%] Built target waypoint_rviz_plugin
[6.870s] Invoked command in '/root/ros2_ws/src/build/waypoint_rviz_plugin' returned '0': CMAKE_PREFIX_PATH=/opt/ros/humble /usr/bin/cmake --build /root/ros2_ws/src/build/waypoint_rviz_plugin -- -j24 -l24
[6.872s] Invoking command in '/root/ros2_ws/src/build/waypoint_rviz_plugin': CMAKE_PREFIX_PATH=/opt/ros/humble /usr/bin/cmake --install /root/ros2_ws/src/build/waypoint_rviz_plugin
[6.875s] -- Install configuration: ""
[6.876s] -- Up-to-date: /root/ros2_ws/src/install/waypoint_rviz_plugin/share/waypoint_rviz_plugin/plugin_description.xml
[6.879s] -- Installing: /root/ros2_ws/src/install/waypoint_rviz_plugin/lib/waypoint_rviz_plugin/libwaypoint_rviz_plugin.so
[6.880s] -- Set runtime path of "/root/ros2_ws/src/install/waypoint_rviz_plugin/lib/waypoint_rviz_plugin/libwaypoint_rviz_plugin.so" to ""
[6.880s] -- Up-to-date: /root/ros2_ws/src/install/waypoint_rviz_plugin/share/ament_index/resource_index/package_run_dependencies/waypoint_rviz_plugin
[6.881s] -- Up-to-date: /root/ros2_ws/src/install/waypoint_rviz_plugin/share/ament_index/resource_index/parent_prefix_path/waypoint_rviz_plugin
[6.881s] -- Up-to-date: /root/ros2_ws/src/install/waypoint_rviz_plugin/share/waypoint_rviz_plugin/environment/ament_prefix_path.sh
[6.881s] -- Up-to-date: /root/ros2_ws/src/install/waypoint_rviz_plugin/share/waypoint_rviz_plugin/environment/ament_prefix_path.dsv
[6.881s] -- Up-to-date: /root/ros2_ws/src/install/waypoint_rviz_plugin/share/waypoint_rviz_plugin/environment/path.sh
[6.882s] -- Up-to-date: /root/ros2_ws/src/install/waypoint_rviz_plugin/share/waypoint_rviz_plugin/environment/path.dsv
[6.882s] -- Up-to-date: /root/ros2_ws/src/install/waypoint_rviz_plugin/share/waypoint_rviz_plugin/local_setup.bash
[6.882s] -- Up-to-date: /root/ros2_ws/src/install/waypoint_rviz_plugin/share/waypoint_rviz_plugin/local_setup.sh
[6.882s] -- Up-to-date: /root/ros2_ws/src/install/waypoint_rviz_plugin/share/waypoint_rviz_plugin/local_setup.zsh
[6.882s] -- Up-to-date: /root/ros2_ws/src/install/waypoint_rviz_plugin/share/waypoint_rviz_plugin/local_setup.dsv
[6.882s] -- Installing: /root/ros2_ws/src/install/waypoint_rviz_plugin/share/waypoint_rviz_plugin/package.dsv
[6.882s] -- Up-to-date: /root/ros2_ws/src/install/waypoint_rviz_plugin/share/ament_index/resource_index/packages/waypoint_rviz_plugin
[6.882s] -- Up-to-date: /root/ros2_ws/src/install/waypoint_rviz_plugin/share/ament_index/resource_index/rviz_common__pluginlib__plugin/waypoint_rviz_plugin
[6.882s] -- Up-to-date: /root/ros2_ws/src/install/waypoint_rviz_plugin/share/waypoint_rviz_plugin/cmake/ament_cmake_export_dependencies-extras.cmake
[6.882s] -- Up-to-date: /root/ros2_ws/src/install/waypoint_rviz_plugin/share/waypoint_rviz_plugin/cmake/waypoint_rviz_pluginConfig.cmake
[6.882s] -- Up-to-date: /root/ros2_ws/src/install/waypoint_rviz_plugin/share/waypoint_rviz_plugin/cmake/waypoint_rviz_pluginConfig-version.cmake
[6.883s] -- Up-to-date: /root/ros2_ws/src/install/waypoint_rviz_plugin/share/waypoint_rviz_plugin/package.xml
[6.883s] Invoked command in '/root/ros2_ws/src/build/waypoint_rviz_plugin' returned '0': CMAKE_PREFIX_PATH=/opt/ros/humble /usr/bin/cmake --install /root/ros2_ws/src/build/waypoint_rviz_plugin
