[0.428s] Invoking command in '/root/ros2_ws/src/build/go2_h264_repub': CMAKE_PREFIX_PATH=/opt/ros/humble /usr/bin/cmake /root/ros2_ws/src/utilities/unitree_pkgs/go2_h264_repub -DROS_EDITION=ROS2 -DHUMBLE_ROS=humble -DCMAKE_INSTALL_PREFIX=/root/ros2_ws/src/install/go2_h264_repub
[0.479s] -- The C compiler identification is GNU 11.4.0
[0.553s] -- The CXX compiler identification is GNU 11.4.0
[0.564s] -- Detecting C compiler ABI info
[0.654s] -- Detecting C compiler ABI info - done
[0.666s] -- Check for working C compiler: /usr/bin/cc - skipped
[0.666s] -- Detecting C compile features
[0.667s] -- Detecting C compile features - done
[0.670s] -- Detecting CXX compiler ABI info
[0.754s] -- Detecting CXX compiler ABI info - done
[0.762s] -- Check for working CXX compiler: /usr/bin/c++ - skipped
[0.762s] -- Detecting CXX compile features
[0.763s] -- Detecting CXX compile features - done
[0.773s] -- Found ament_cmake: 1.3.12 (/opt/ros/humble/share/ament_cmake/cmake)
[0.990s] -- Found Python3: /usr/bin/python3 (found version "3.10.12") found components: Interpreter 
[1.138s] -- Found OpenCV: /usr (found version "4.5.4") 
[1.144s] -- Found rclcpp: 16.0.17 (/opt/ros/humble/share/rclcpp/cmake)
[1.280s] -- Found rosidl_generator_c: 3.1.8 (/opt/ros/humble/share/rosidl_generator_c/cmake)
[1.298s] -- Found rosidl_adapter: 3.1.8 (/opt/ros/humble/share/rosidl_adapter/cmake)
[1.321s] -- Found rosidl_generator_cpp: 3.1.8 (/opt/ros/humble/share/rosidl_generator_cpp/cmake)
[1.350s] -- Using all available rosidl_typesupport_c: rosidl_typesupport_fastrtps_c;rosidl_typesupport_introspection_c
[1.384s] -- Using all available rosidl_typesupport_cpp: rosidl_typesupport_fastrtps_cpp;rosidl_typesupport_introspection_cpp
[1.482s] -- Found rmw_implementation_cmake: 6.1.2 (/opt/ros/humble/share/rmw_implementation_cmake/cmake)
[1.490s] -- Found rmw_fastrtps_cpp: 6.2.9 (/opt/ros/humble/share/rmw_fastrtps_cpp/cmake)
[1.599s] -- Found OpenSSL: /usr/lib/x86_64-linux-gnu/libcrypto.so (found version "3.0.2")  
[1.646s] -- Found FastRTPS: /opt/ros/humble/include  
[1.704s] -- Using RMW implementation 'rmw_fastrtps_cpp' as default
[1.720s] -- Looking for pthread.h
[1.798s] -- Looking for pthread.h - found
[1.801s] -- Performing Test CMAKE_HAVE_LIBC_PTHREAD
[1.879s] -- Performing Test CMAKE_HAVE_LIBC_PTHREAD - Success
[1.882s] -- Found Threads: TRUE  
[2.019s] -- Found sensor_msgs: 4.9.0 (/opt/ros/humble/share/sensor_msgs/cmake)
[2.074s] -- Found cv_bridge: 3.2.1 (/opt/ros/humble/share/cv_bridge/cmake)
[2.083s] -- Found ament_lint_auto: 0.12.14 (/opt/ros/humble/share/ament_lint_auto/cmake)
[2.227s] -- Added test 'copyright' to check source files copyright and LICENSE
[2.230s] -- Added test 'cppcheck' to perform static code analysis on C / C++ code
[2.230s] -- Configured cppcheck include dirs: 
[2.230s] -- Configured cppcheck exclude dirs and/or files: 
[2.233s] -- Added test 'cpplint' to check C / C++ code against the Google style
[2.233s] -- Configured cpplint exclude dirs and/or files: 
[2.234s] -- Added test 'lint_cmake' to check CMake code style
[2.236s] -- Added test 'uncrustify' to check C / C++ code style
[2.236s] -- Configured uncrustify additional arguments: 
[2.237s] -- Added test 'xmllint' to check XML markup files
[2.239s] -- Configuring done
[2.269s] -- Generating done
[2.274s] [33mCMake Warning:
[2.275s]   Manually-specified variables were not used by the project:
[2.275s] 
[2.275s]     HUMBLE_ROS
[2.275s]     ROS_EDITION
[2.275s] 
[2.275s] [0m
[2.279s] -- Build files have been written to: /root/ros2_ws/src/build/go2_h264_repub
[2.316s] Invoked command in '/root/ros2_ws/src/build/go2_h264_repub' returned '0': CMAKE_PREFIX_PATH=/opt/ros/humble /usr/bin/cmake /root/ros2_ws/src/utilities/unitree_pkgs/go2_h264_repub -DROS_EDITION=ROS2 -DHUMBLE_ROS=humble -DCMAKE_INSTALL_PREFIX=/root/ros2_ws/src/install/go2_h264_repub
[2.316s] Invoking command in '/root/ros2_ws/src/build/go2_h264_repub': CMAKE_PREFIX_PATH=/opt/ros/humble /usr/bin/cmake --build /root/ros2_ws/src/build/go2_h264_repub -- -j24 -l24
[2.672s] [ 50%] [32mBuilding CXX object CMakeFiles/go2_h264_repub.dir/src/go2_h264_repub.cpp.o[0m
[16.298s] [100%] [32m[1mLinking CXX executable go2_h264_repub[0m
[17.420s] [100%] Built target go2_h264_repub
[17.491s] Invoked command in '/root/ros2_ws/src/build/go2_h264_repub' returned '0': CMAKE_PREFIX_PATH=/opt/ros/humble /usr/bin/cmake --build /root/ros2_ws/src/build/go2_h264_repub -- -j24 -l24
[17.503s] Invoking command in '/root/ros2_ws/src/build/go2_h264_repub': CMAKE_PREFIX_PATH=/opt/ros/humble /usr/bin/cmake --install /root/ros2_ws/src/build/go2_h264_repub
[23.580s] -- Install configuration: ""
[23.581s] -- Installing: /root/ros2_ws/src/install/go2_h264_repub/lib/go2_h264_repub/go2_h264_repub
[23.581s] -- Set runtime path of "/root/ros2_ws/src/install/go2_h264_repub/lib/go2_h264_repub/go2_h264_repub" to ""
[23.581s] -- Installing: /root/ros2_ws/src/install/go2_h264_repub/share/ament_index/resource_index/package_run_dependencies/go2_h264_repub
[23.581s] -- Installing: /root/ros2_ws/src/install/go2_h264_repub/share/ament_index/resource_index/parent_prefix_path/go2_h264_repub
[23.582s] -- Installing: /root/ros2_ws/src/install/go2_h264_repub/share/go2_h264_repub/environment/ament_prefix_path.sh
[23.582s] -- Installing: /root/ros2_ws/src/install/go2_h264_repub/share/go2_h264_repub/environment/ament_prefix_path.dsv
[23.582s] -- Installing: /root/ros2_ws/src/install/go2_h264_repub/share/go2_h264_repub/environment/path.sh
[23.582s] -- Installing: /root/ros2_ws/src/install/go2_h264_repub/share/go2_h264_repub/environment/path.dsv
[23.582s] -- Installing: /root/ros2_ws/src/install/go2_h264_repub/share/go2_h264_repub/local_setup.bash
[23.585s] -- Installing: /root/ros2_ws/src/install/go2_h264_repub/share/go2_h264_repub/local_setup.sh
[23.585s] -- Installing: /root/ros2_ws/src/install/go2_h264_repub/share/go2_h264_repub/local_setup.zsh
[23.585s] -- Installing: /root/ros2_ws/src/install/go2_h264_repub/share/go2_h264_repub/local_setup.dsv
[23.585s] -- Installing: /root/ros2_ws/src/install/go2_h264_repub/share/go2_h264_repub/package.dsv
[23.585s] -- Installing: /root/ros2_ws/src/install/go2_h264_repub/share/ament_index/resource_index/packages/go2_h264_repub
[23.585s] -- Installing: /root/ros2_ws/src/install/go2_h264_repub/share/go2_h264_repub/cmake/go2_h264_repubConfig.cmake
[23.585s] -- Installing: /root/ros2_ws/src/install/go2_h264_repub/share/go2_h264_repub/cmake/go2_h264_repubConfig-version.cmake
[23.586s] -- Installing: /root/ros2_ws/src/install/go2_h264_repub/share/go2_h264_repub/package.xml
[23.595s] Invoked command in '/root/ros2_ws/src/build/go2_h264_repub' returned '0': CMAKE_PREFIX_PATH=/opt/ros/humble /usr/bin/cmake --install /root/ros2_ws/src/build/go2_h264_repub
