[0.392s] Invoking command in '/root/ros2_ws/src/build/graph_decoder': AMENT_PREFIX_PATH=/root/ros2_ws/src/install/visibility_graph_msg:${AMENT_PREFIX_PATH} CMAKE_PREFIX_PATH=/root/ros2_ws/src/install/visibility_graph_msg:/opt/ros/humble LD_LIBRARY_PATH=/root/ros2_ws/src/install/visibility_graph_msg/lib:${LD_LIBRARY_PATH} PYTHONPATH=/root/ros2_ws/src/install/visibility_graph_msg/local/lib/python3.10/dist-packages:${PYTHONPATH} /usr/bin/cmake /root/ros2_ws/src/route_planner/graph_decoder -DROS_EDITION=ROS2 -DHUMBLE_ROS=humble -DCMAKE_INSTALL_PREFIX=/root/ros2_ws/src/install/graph_decoder
[4.607s] -- The C compiler identification is GNU 11.4.0
[4.607s] -- The CXX compiler identification is GNU 11.4.0
[4.607s] -- Detecting C compiler ABI info
[4.607s] -- Detecting C compiler ABI info - done
[4.608s] -- Check for working C compiler: /usr/bin/cc - skipped
[4.608s] -- Detecting C compile features
[4.608s] -- Detecting C compile features - done
[4.608s] -- Detecting CXX compiler ABI info
[4.608s] -- Detecting CXX compiler ABI info - done
[4.608s] -- Check for working CXX compiler: /usr/bin/c++ - skipped
[4.608s] -- Detecting CXX compile features
[4.608s] -- Detecting CXX compile features - done
[4.608s] -- Found ament_cmake: 1.3.12 (/opt/ros/humble/share/ament_cmake/cmake)
[4.608s] -- Found Python3: /usr/bin/python3 (found version "3.10.12") found components: Interpreter 
[4.609s] -- Found rclcpp: 16.0.17 (/opt/ros/humble/share/rclcpp/cmake)
[4.609s] -- Found rosidl_generator_c: 3.1.8 (/opt/ros/humble/share/rosidl_generator_c/cmake)
[4.613s] -- Found rosidl_adapter: 3.1.8 (/opt/ros/humble/share/rosidl_adapter/cmake)
[4.613s] -- Found rosidl_generator_cpp: 3.1.8 (/opt/ros/humble/share/rosidl_generator_cpp/cmake)
[4.613s] -- Using all available rosidl_typesupport_c: rosidl_typesupport_fastrtps_c;rosidl_typesupport_introspection_c
[4.613s] -- Using all available rosidl_typesupport_cpp: rosidl_typesupport_fastrtps_cpp;rosidl_typesupport_introspection_cpp
[4.613s] -- Found rmw_implementation_cmake: 6.1.2 (/opt/ros/humble/share/rmw_implementation_cmake/cmake)
[4.613s] -- Found rmw_fastrtps_cpp: 6.2.9 (/opt/ros/humble/share/rmw_fastrtps_cpp/cmake)
[4.613s] -- Found OpenSSL: /usr/lib/x86_64-linux-gnu/libcrypto.so (found version "3.0.2")  
[4.613s] -- Found FastRTPS: /opt/ros/humble/include  
[4.829s] -- Using RMW implementation 'rmw_fastrtps_cpp' as default
[4.876s] -- Looking for pthread.h
[5.082s] -- Looking for pthread.h - found
[5.082s] -- Performing Test CMAKE_HAVE_LIBC_PTHREAD
[5.277s] -- Performing Test CMAKE_HAVE_LIBC_PTHREAD - Success
[5.281s] -- Found Threads: TRUE  
[5.452s] -- Found std_srvs: 4.9.0 (/opt/ros/humble/share/std_srvs/cmake)
[5.465s] -- Found visibility_graph_msg: 0.0.1 (/root/ros2_ws/src/install/visibility_graph_msg/share/visibility_graph_msg/cmake)
[5.549s] -- Found pcl_conversions: 2.4.5 (/opt/ros/humble/share/pcl_conversions/cmake)
[5.676s] -- Checking for module 'eigen3'
[5.703s] --   Found eigen3, version 3.4.0
[5.769s] -- Found Eigen: /usr/include/eigen3 (Required is at least version "3.1") 
[5.770s] -- Eigen found (include: /usr/include/eigen3, version: 3.4.0)
[5.985s] -- Checking for module 'flann'
[6.032s] --   Found flann, version 1.9.1
[6.185s] -- Found FLANN: /usr/lib/x86_64-linux-gnu/libflann_cpp.so  
[6.185s] -- FLANN found (include: /usr/include, lib: /usr/lib/x86_64-linux-gnu/libflann_cpp.so)
[9.594s] -- Checking for module 'libusb-1.0'
[9.648s] --   Found libusb-1.0, version 1.0.25
[9.797s] -- Found libusb: /usr/lib/x86_64-linux-gnu/libusb-1.0.so  
[9.799s] -- OpenNI found (version: 1.5.4.0, include: /usr/include/ni, lib: /usr/lib/libOpenNI.so;libusb::libusb)
[9.994s] -- OpenNI2 found (version: 2.2.0.33, include: /usr/include/openni2, lib: /usr/lib/x86_64-linux-gnu/libOpenNI2.so;libusb::libusb)
[10.348s] -- Eigen found (include: /usr/include/eigen3, version: 3.4.0)
[10.379s] -- OpenNI found (version: 1.5.4.0, include: /usr/include/ni, lib: /usr/lib/libOpenNI.so;libusb::libusb)
[10.410s] -- OpenNI2 found (version: 2.2.0.33, include: /usr/include/openni2, lib: /usr/lib/x86_64-linux-gnu/libOpenNI2.so;libusb::libusb)
[10.791s] -- Found Qhull version 8.0.2
[11.338s] -- OpenNI found (version: 1.5.4.0, include: /usr/include/ni, lib: /usr/lib/libOpenNI.so;libusb::libusb)
[11.650s] -- Found PCL_COMMON: /usr/lib/x86_64-linux-gnu/libpcl_common.so  
[11.655s] -- Found PCL_KDTREE: /usr/lib/x86_64-linux-gnu/libpcl_kdtree.so  
[11.655s] -- Found PCL_OCTREE: /usr/lib/x86_64-linux-gnu/libpcl_octree.so  
[11.655s] -- Found PCL_SEARCH: /usr/lib/x86_64-linux-gnu/libpcl_search.so  
[11.657s] -- Found PCL_SAMPLE_CONSENSUS: /usr/lib/x86_64-linux-gnu/libpcl_sample_consensus.so  
[11.659s] -- Found PCL_FILTERS: /usr/lib/x86_64-linux-gnu/libpcl_filters.so  
[11.660s] -- Found PCL_2D: /usr/include/pcl-1.12  
[11.661s] -- Found PCL_GEOMETRY: /usr/include/pcl-1.12  
[11.663s] -- Found PCL_IO: /usr/lib/x86_64-linux-gnu/libpcl_io.so  
[11.665s] -- Found PCL_FEATURES: /usr/lib/x86_64-linux-gnu/libpcl_features.so  
[11.667s] -- Found PCL_ML: /usr/lib/x86_64-linux-gnu/libpcl_ml.so  
[11.669s] -- Found PCL_SEGMENTATION: /usr/lib/x86_64-linux-gnu/libpcl_segmentation.so  
[11.671s] -- Found PCL_VISUALIZATION: /usr/lib/x86_64-linux-gnu/libpcl_visualization.so  
[11.674s] -- Found PCL_SURFACE: /usr/lib/x86_64-linux-gnu/libpcl_surface.so  
[11.676s] -- Found PCL_REGISTRATION: /usr/lib/x86_64-linux-gnu/libpcl_registration.so  
[11.678s] -- Found PCL_KEYPOINTS: /usr/lib/x86_64-linux-gnu/libpcl_keypoints.so  
[11.682s] -- Found PCL_TRACKING: /usr/lib/x86_64-linux-gnu/libpcl_tracking.so  
[11.682s] -- Found PCL_RECOGNITION: /usr/lib/x86_64-linux-gnu/libpcl_recognition.so  
[11.684s] -- Found PCL_STEREO: /usr/lib/x86_64-linux-gnu/libpcl_stereo.so  
[11.686s] -- Found PCL_APPS: /usr/lib/x86_64-linux-gnu/libpcl_apps.so  
[11.688s] -- Found PCL_IN_HAND_SCANNER: /usr/include/pcl-1.12  
[11.688s] -- Found PCL_MODELER: /usr/include/pcl-1.12  
[11.689s] -- Found PCL_POINT_CLOUD_EDITOR: /usr/include/pcl-1.12  
[11.691s] -- Found PCL_OUTOFCORE: /usr/lib/x86_64-linux-gnu/libpcl_outofcore.so  
[11.693s] -- Found PCL_PEOPLE: /usr/lib/x86_64-linux-gnu/libpcl_people.so  
[11.698s] [33mCMake Warning (dev) at CMakeLists.txt:19 (find_package):
[11.698s]   Policy CMP0074 is not set: find_package uses <PackageName>_ROOT variables.
[11.698s]   Run "cmake --help-policy CMP0074" for policy details.  Use the cmake_policy
[11.698s]   command to set the policy and suppress this warning.
[11.698s] 
[11.698s]   CMake variable PCL_ROOT is set to:
[11.698s] 
[11.699s]     /usr
[11.699s] 
[11.699s]   For compatibility, CMake is ignoring the variable.
[11.699s] This warning is for project developers.  Use -Wno-dev to suppress it.
[11.699s] [0m
[11.719s] -- Found visualization_msgs: 4.9.0 (/opt/ros/humble/share/visualization_msgs/cmake)
[12.112s] -- Configuring done
[12.159s] -- Generating done
[12.160s] [33mCMake Warning:
[12.160s]   Manually-specified variables were not used by the project:
[12.160s] 
[12.160s]     HUMBLE_ROS
[12.160s]     ROS_EDITION
[12.161s] 
[12.161s] [0m
[12.183s] -- Build files have been written to: /root/ros2_ws/src/build/graph_decoder
[12.249s] Invoked command in '/root/ros2_ws/src/build/graph_decoder' returned '0': AMENT_PREFIX_PATH=/root/ros2_ws/src/install/visibility_graph_msg:${AMENT_PREFIX_PATH} CMAKE_PREFIX_PATH=/root/ros2_ws/src/install/visibility_graph_msg:/opt/ros/humble LD_LIBRARY_PATH=/root/ros2_ws/src/install/visibility_graph_msg/lib:${LD_LIBRARY_PATH} PYTHONPATH=/root/ros2_ws/src/install/visibility_graph_msg/local/lib/python3.10/dist-packages:${PYTHONPATH} /usr/bin/cmake /root/ros2_ws/src/route_planner/graph_decoder -DROS_EDITION=ROS2 -DHUMBLE_ROS=humble -DCMAKE_INSTALL_PREFIX=/root/ros2_ws/src/install/graph_decoder
[12.250s] Invoking command in '/root/ros2_ws/src/build/graph_decoder': AMENT_PREFIX_PATH=/root/ros2_ws/src/install/visibility_graph_msg:${AMENT_PREFIX_PATH} CMAKE_PREFIX_PATH=/root/ros2_ws/src/install/visibility_graph_msg:/opt/ros/humble LD_LIBRARY_PATH=/root/ros2_ws/src/install/visibility_graph_msg/lib:${LD_LIBRARY_PATH} PYTHONPATH=/root/ros2_ws/src/install/visibility_graph_msg/local/lib/python3.10/dist-packages:${PYTHONPATH} /usr/bin/cmake --build /root/ros2_ws/src/build/graph_decoder -- -j24 -l24
[13.902s] [ 50%] [32mBuilding CXX object CMakeFiles/graph_decoder.dir/src/decoder_node.cpp.o[0m
[42.895s] [100%] [32m[1mLinking CXX executable graph_decoder[0m
[43.663s] [100%] Built target graph_decoder
[43.683s] Invoked command in '/root/ros2_ws/src/build/graph_decoder' returned '0': AMENT_PREFIX_PATH=/root/ros2_ws/src/install/visibility_graph_msg:${AMENT_PREFIX_PATH} CMAKE_PREFIX_PATH=/root/ros2_ws/src/install/visibility_graph_msg:/opt/ros/humble LD_LIBRARY_PATH=/root/ros2_ws/src/install/visibility_graph_msg/lib:${LD_LIBRARY_PATH} PYTHONPATH=/root/ros2_ws/src/install/visibility_graph_msg/local/lib/python3.10/dist-packages:${PYTHONPATH} /usr/bin/cmake --build /root/ros2_ws/src/build/graph_decoder -- -j24 -l24
[43.686s] Invoking command in '/root/ros2_ws/src/build/graph_decoder': AMENT_PREFIX_PATH=/root/ros2_ws/src/install/visibility_graph_msg:${AMENT_PREFIX_PATH} CMAKE_PREFIX_PATH=/root/ros2_ws/src/install/visibility_graph_msg:/opt/ros/humble LD_LIBRARY_PATH=/root/ros2_ws/src/install/visibility_graph_msg/lib:${LD_LIBRARY_PATH} PYTHONPATH=/root/ros2_ws/src/install/visibility_graph_msg/local/lib/python3.10/dist-packages:${PYTHONPATH} /usr/bin/cmake --install /root/ros2_ws/src/build/graph_decoder
[43.700s] -- Install configuration: "Release"
[43.700s] -- Installing: /root/ros2_ws/src/install/graph_decoder/lib/graph_decoder/graph_decoder
[43.701s] -- Set runtime path of "/root/ros2_ws/src/install/graph_decoder/lib/graph_decoder/graph_decoder" to ""
[43.702s] -- Installing: /root/ros2_ws/src/install/graph_decoder/share/graph_decoder/launch
[43.702s] -- Installing: /root/ros2_ws/src/install/graph_decoder/share/graph_decoder/launch/decoder.launch
[43.703s] -- Installing: /root/ros2_ws/src/install/graph_decoder/share/graph_decoder/config
[43.703s] -- Installing: /root/ros2_ws/src/install/graph_decoder/share/graph_decoder/config/default.yaml
[43.703s] -- Installing: /root/ros2_ws/src/install/graph_decoder/share/ament_index/resource_index/package_run_dependencies/graph_decoder
[43.704s] -- Installing: /root/ros2_ws/src/install/graph_decoder/share/ament_index/resource_index/parent_prefix_path/graph_decoder
[43.705s] -- Installing: /root/ros2_ws/src/install/graph_decoder/share/graph_decoder/environment/ament_prefix_path.sh
[43.706s] -- Installing: /root/ros2_ws/src/install/graph_decoder/share/graph_decoder/environment/ament_prefix_path.dsv
[43.706s] -- Installing: /root/ros2_ws/src/install/graph_decoder/share/graph_decoder/environment/path.sh
[43.706s] -- Installing: /root/ros2_ws/src/install/graph_decoder/share/graph_decoder/environment/path.dsv
[43.706s] -- Installing: /root/ros2_ws/src/install/graph_decoder/share/graph_decoder/local_setup.bash
[43.711s] -- Installing: /root/ros2_ws/src/install/graph_decoder/share/graph_decoder/local_setup.sh
[43.712s] -- Installing: /root/ros2_ws/src/install/graph_decoder/share/graph_decoder/local_setup.zsh
[43.713s] -- Installing: /root/ros2_ws/src/install/graph_decoder/share/graph_decoder/local_setup.dsv
[43.714s] -- Installing: /root/ros2_ws/src/install/graph_decoder/share/graph_decoder/package.dsv
[43.714s] -- Installing: /root/ros2_ws/src/install/graph_decoder/share/ament_index/resource_index/packages/graph_decoder
[43.715s] -- Installing: /root/ros2_ws/src/install/graph_decoder/share/graph_decoder/cmake/graph_decoderConfig.cmake
[43.717s] -- Installing: /root/ros2_ws/src/install/graph_decoder/share/graph_decoder/cmake/graph_decoderConfig-version.cmake
[43.719s] -- Installing: /root/ros2_ws/src/install/graph_decoder/share/graph_decoder/package.xml
[43.720s] Invoked command in '/root/ros2_ws/src/build/graph_decoder' returned '0': AMENT_PREFIX_PATH=/root/ros2_ws/src/install/visibility_graph_msg:${AMENT_PREFIX_PATH} CMAKE_PREFIX_PATH=/root/ros2_ws/src/install/visibility_graph_msg:/opt/ros/humble LD_LIBRARY_PATH=/root/ros2_ws/src/install/visibility_graph_msg/lib:${LD_LIBRARY_PATH} PYTHONPATH=/root/ros2_ws/src/install/visibility_graph_msg/local/lib/python3.10/dist-packages:${PYTHONPATH} /usr/bin/cmake --install /root/ros2_ws/src/build/graph_decoder
