[0.218s] Invoking command in '/root/ros2_ws/src/build/super_odometry_msgs': CMAKE_PREFIX_PATH=/opt/ros/humble /usr/bin/cmake /root/ros2_ws/src/slam/SuperOdom/super_odometry_msgs -DROS_EDITION=ROS2 -DHUMBLE_ROS=humble -DCMAKE_INSTALL_PREFIX=/root/ros2_ws/src/install/super_odometry_msgs
[0.460s] -- The C compiler identification is GNU 11.4.0
[0.460s] -- The CXX compiler identification is GNU 11.4.0
[0.460s] -- Detecting C compiler ABI info
[0.460s] -- Detecting C compiler ABI info - done
[0.460s] -- Check for working C compiler: /usr/bin/cc - skipped
[0.460s] -- Detecting C compile features
[0.460s] -- Detecting C compile features - done
[0.461s] -- Detecting CXX compiler ABI info
[0.461s] -- Detecting CXX compiler ABI info - done
[0.461s] -- Check for working CXX compiler: /usr/bin/c++ - skipped
[0.461s] -- Detecting CXX compile features
[0.461s] -- Detecting CXX compile features - done
[0.461s] -- Found ament_cmake: 1.3.12 (/opt/ros/humble/share/ament_cmake/cmake)
[0.646s] -- Found Python3: /usr/bin/python3 (found version "3.10.12") found components: Interpreter 
[0.915s] -- Found builtin_interfaces: 1.2.2 (/opt/ros/humble/share/builtin_interfaces/cmake)
[0.989s] -- Found rosidl_generator_c: 3.1.8 (/opt/ros/humble/share/rosidl_generator_c/cmake)
[1.001s] -- Found rosidl_adapter: 3.1.8 (/opt/ros/humble/share/rosidl_adapter/cmake)
[1.019s] -- Found rosidl_generator_cpp: 3.1.8 (/opt/ros/humble/share/rosidl_generator_cpp/cmake)
[1.040s] -- Using all available rosidl_typesupport_c: rosidl_typesupport_fastrtps_c;rosidl_typesupport_introspection_c
[1.074s] -- Using all available rosidl_typesupport_cpp: rosidl_typesupport_fastrtps_cpp;rosidl_typesupport_introspection_cpp
[1.111s] -- Found rosidl_default_generators: 1.2.0 (/opt/ros/humble/share/rosidl_default_generators/cmake)
[1.132s] -- Found std_msgs: 4.9.0 (/opt/ros/humble/share/std_msgs/cmake)
[1.156s] -- Found geometry_msgs: 4.9.0 (/opt/ros/humble/share/geometry_msgs/cmake)
[1.193s] -- Found nav_msgs: 4.9.0 (/opt/ros/humble/share/nav_msgs/cmake)
[1.217s] -- Found sensor_msgs: 4.9.0 (/opt/ros/humble/share/sensor_msgs/cmake)
[1.556s] -- Found ament_cmake_cppcheck: 0.12.14 (/opt/ros/humble/share/ament_cmake_cppcheck/cmake)
[1.564s] -- Found ament_cmake_cpplint: 0.12.14 (/opt/ros/humble/share/ament_cmake_cpplint/cmake)
[1.570s] -- Found ament_cmake_uncrustify: 0.12.14 (/opt/ros/humble/share/ament_cmake_uncrustify/cmake)
[1.574s] -- Found ament_cmake_ros: 0.10.0 (/opt/ros/humble/share/ament_cmake_ros/cmake)
[2.268s] -- Using all available rosidl_typesupport_c: rosidl_typesupport_fastrtps_c;rosidl_typesupport_introspection_c
[2.565s] -- Using all available rosidl_typesupport_cpp: rosidl_typesupport_fastrtps_cpp;rosidl_typesupport_introspection_cpp
[2.604s] -- Found PythonInterp: /usr/bin/python3 (found suitable version "3.10.12", minimum required is "3.6") 
[2.604s] -- Found python_cmake_module: 0.10.0 (/opt/ros/humble/share/python_cmake_module/cmake)
[2.635s] -- Found PythonLibs: /usr/lib/x86_64-linux-gnu/libpython3.10.so (found suitable version "3.10.12", minimum required is "3.5") 
[2.635s] -- Using PYTHON_EXECUTABLE: /usr/bin/python3
[2.635s] -- Using PYTHON_INCLUDE_DIRS: /usr/include/python3.10
[2.635s] -- Using PYTHON_LIBRARIES: /usr/lib/x86_64-linux-gnu/libpython3.10.so
[2.663s] -- Found PythonExtra: .so  
[2.944s] -- Using numpy include directory: /usr/local/lib/python3.10/dist-packages/numpy/core/include
[2.972s] -- Found ament_cmake_flake8: 0.12.14 (/opt/ros/humble/share/ament_cmake_flake8/cmake)
[2.978s] -- Found ament_cmake_pep257: 0.12.14 (/opt/ros/humble/share/ament_cmake_pep257/cmake)
[2.994s] -- Found ament_lint_auto: 0.12.14 (/opt/ros/humble/share/ament_lint_auto/cmake)
[3.070s] -- Added test 'copyright' to check source files copyright and LICENSE
[3.071s] -- Added test 'lint_cmake' to check CMake code style
[3.075s] -- Added test 'xmllint' to check XML markup files
[3.083s] -- Configuring done
[3.236s] -- Generating done
[3.243s] [33mCMake Warning:
[3.243s]   Manually-specified variables were not used by the project:
[3.243s] 
[3.243s]     HUMBLE_ROS
[3.244s]     ROS_EDITION
[3.244s] 
[3.244s] [0m
[3.267s] -- Build files have been written to: /root/ros2_ws/src/build/super_odometry_msgs
[3.286s] Invoked command in '/root/ros2_ws/src/build/super_odometry_msgs' returned '0': CMAKE_PREFIX_PATH=/opt/ros/humble /usr/bin/cmake /root/ros2_ws/src/slam/SuperOdom/super_odometry_msgs -DROS_EDITION=ROS2 -DHUMBLE_ROS=humble -DCMAKE_INSTALL_PREFIX=/root/ros2_ws/src/install/super_odometry_msgs
[3.287s] Invoking command in '/root/ros2_ws/src/build/super_odometry_msgs': CMAKE_PREFIX_PATH=/opt/ros/humble /usr/bin/cmake --build /root/ros2_ws/src/build/super_odometry_msgs -- -j24 -l24
[5.957s] [  2%] [34m[1mGenerating C code for ROS interfaces[0m
[5.957s] [  4%] [34m[1mGenerating C++ code for ROS interfaces[0m
[5.957s] [  4%] Built target ament_cmake_python_copy_super_odometry_msgs
[5.958s] running egg_info
[5.958s] creating super_odometry_msgs.egg-info
[5.958s] writing super_odometry_msgs.egg-info/PKG-INFO
[5.958s] writing dependency_links to super_odometry_msgs.egg-info/dependency_links.txt
[5.958s] writing top-level names to super_odometry_msgs.egg-info/top_level.txt
[5.958s] writing manifest file 'super_odometry_msgs.egg-info/SOURCES.txt'
[5.958s] [  6%] [32mBuilding C object CMakeFiles/super_odometry_msgs__rosidl_generator_c.dir/rosidl_generator_c/super_odometry_msgs/msg/detail/iteration_stats__functions.c.o[0m
[5.958s] [  8%] [32mBuilding C object CMakeFiles/super_odometry_msgs__rosidl_generator_c.dir/rosidl_generator_c/super_odometry_msgs/msg/detail/optimization_stats__functions.c.o[0m
[5.958s] [ 10%] [32mBuilding C object CMakeFiles/super_odometry_msgs__rosidl_generator_c.dir/rosidl_generator_c/super_odometry_msgs/msg/detail/laser_feature__functions.c.o[0m
[5.958s] [ 12%] [32m[1mLinking C shared library libsuper_odometry_msgs__rosidl_generator_c.so[0m
[5.958s] [ 12%] Built target super_odometry_msgs__cpp
[5.958s] [ 14%] [34m[1mGenerating C++ type support for eProsima Fast-RTPS[0m
[5.958s] [ 17%] [34m[1mGenerating C++ type support dispatch for ROS interfaces[0m
[5.958s] [ 19%] [34m[1mGenerating C++ introspection for ROS interfaces[0m
[5.958s] [ 19%] Built target super_odometry_msgs__rosidl_generator_c
[5.958s] [ 21%] [34m[1mGenerating C type support for eProsima Fast-RTPS[0m
[5.958s] [ 23%] [34m[1mGenerating C type support dispatch for ROS interfaces[0m
[5.958s] [ 25%] [34m[1mGenerating C introspection for ROS interfaces[0m
[5.958s] reading manifest file 'super_odometry_msgs.egg-info/SOURCES.txt'
[5.958s] writing manifest file 'super_odometry_msgs.egg-info/SOURCES.txt'
[5.959s] [ 25%] Built target ament_cmake_python_build_super_odometry_msgs_egg
[5.959s] [ 27%] [32mBuilding CXX object CMakeFiles/super_odometry_msgs__rosidl_typesupport_fastrtps_c.dir/rosidl_typesupport_fastrtps_c/super_odometry_msgs/msg/detail/laser_feature__type_support_c.cpp.o[0m
[5.959s] [ 29%] [32mBuilding CXX object CMakeFiles/super_odometry_msgs__rosidl_typesupport_fastrtps_c.dir/rosidl_typesupport_fastrtps_c/super_odometry_msgs/msg/detail/iteration_stats__type_support_c.cpp.o[0m
[5.959s] [ 31%] [32mBuilding CXX object CMakeFiles/super_odometry_msgs__rosidl_typesupport_fastrtps_c.dir/rosidl_typesupport_fastrtps_c/super_odometry_msgs/msg/detail/optimization_stats__type_support_c.cpp.o[0m
[5.959s] [ 34%] [32mBuilding CXX object CMakeFiles/super_odometry_msgs__rosidl_typesupport_c.dir/rosidl_typesupport_c/super_odometry_msgs/msg/iteration_stats__type_support.cpp.o[0m
[5.959s] [ 36%] [32mBuilding CXX object CMakeFiles/super_odometry_msgs__rosidl_typesupport_c.dir/rosidl_typesupport_c/super_odometry_msgs/msg/laser_feature__type_support.cpp.o[0m
[5.959s] [ 38%] [32mBuilding CXX object CMakeFiles/super_odometry_msgs__rosidl_typesupport_c.dir/rosidl_typesupport_c/super_odometry_msgs/msg/optimization_stats__type_support.cpp.o[0m
[5.975s] /usr/local/lib/python3.10/dist-packages/setuptools_scm/_integration/setuptools.py:24: RuntimeWarning: 
[5.975s] ERROR: setuptools==59.6.0 is used in combination with setuptools-scm>=8.x
[5.975s] 
[5.975s] Your build configuration is incomplete and previously worked by accident!
[5.975s] setuptools-scm requires setuptools>=61 (recommended: >=80)
[5.975s] 
[5.975s] Suggested workaround if applicable:
[5.975s]  - migrating from the deprecated setup_requires mechanism to pep517/518
[5.976s]    and using a pyproject.toml to declare build dependencies
[5.976s]    which are reliably pre-installed before running the build tools
[5.976s] 
[5.976s]   warnings.warn(
[5.976s] listing git files failed - pretending there aren't any
[6.002s] [ 40%] [32mBuilding CXX object CMakeFiles/super_odometry_msgs__rosidl_typesupport_introspection_cpp.dir/rosidl_typesupport_introspection_cpp/super_odometry_msgs/msg/detail/iteration_stats__type_support.cpp.o[0m
[6.048s] [ 42%] [32mBuilding CXX object CMakeFiles/super_odometry_msgs__rosidl_typesupport_introspection_cpp.dir/rosidl_typesupport_introspection_cpp/super_odometry_msgs/msg/detail/optimization_stats__type_support.cpp.o[0m
[6.079s] [ 44%] [32mBuilding CXX object CMakeFiles/super_odometry_msgs__rosidl_typesupport_introspection_cpp.dir/rosidl_typesupport_introspection_cpp/super_odometry_msgs/msg/detail/laser_feature__type_support.cpp.o[0m
[6.205s] [ 46%] [32m[1mLinking CXX shared library libsuper_odometry_msgs__rosidl_typesupport_c.so[0m
[6.409s] [ 46%] Built target super_odometry_msgs__rosidl_typesupport_c
[6.473s] [ 48%] [32mBuilding CXX object CMakeFiles/super_odometry_msgs__rosidl_typesupport_cpp.dir/rosidl_typesupport_cpp/super_odometry_msgs/msg/iteration_stats__type_support.cpp.o[0m
[6.480s] [ 51%] [32mBuilding CXX object CMakeFiles/super_odometry_msgs__rosidl_typesupport_cpp.dir/rosidl_typesupport_cpp/super_odometry_msgs/msg/optimization_stats__type_support.cpp.o[0m
[6.499s] [ 53%] [32mBuilding CXX object CMakeFiles/super_odometry_msgs__rosidl_typesupport_cpp.dir/rosidl_typesupport_cpp/super_odometry_msgs/msg/laser_feature__type_support.cpp.o[0m
[6.758s] [ 55%] [32mBuilding CXX object CMakeFiles/super_odometry_msgs__rosidl_typesupport_fastrtps_cpp.dir/rosidl_typesupport_fastrtps_cpp/super_odometry_msgs/msg/detail/dds_fastrtps/optimization_stats__type_support.cpp.o[0m
[6.765s] [ 57%] [32mBuilding CXX object CMakeFiles/super_odometry_msgs__rosidl_typesupport_fastrtps_cpp.dir/rosidl_typesupport_fastrtps_cpp/super_odometry_msgs/msg/detail/dds_fastrtps/laser_feature__type_support.cpp.o[0m
[6.777s] [ 59%] [32mBuilding CXX object CMakeFiles/super_odometry_msgs__rosidl_typesupport_fastrtps_cpp.dir/rosidl_typesupport_fastrtps_cpp/super_odometry_msgs/msg/detail/dds_fastrtps/iteration_stats__type_support.cpp.o[0m
[7.435s] [ 61%] [32mBuilding C object CMakeFiles/super_odometry_msgs__rosidl_typesupport_introspection_c.dir/rosidl_typesupport_introspection_c/super_odometry_msgs/msg/detail/iteration_stats__type_support.c.o[0m
[7.444s] [ 63%] [32mBuilding C object CMakeFiles/super_odometry_msgs__rosidl_typesupport_introspection_c.dir/rosidl_typesupport_introspection_c/super_odometry_msgs/msg/detail/optimization_stats__type_support.c.o[0m
[7.454s] [ 65%] [32mBuilding C object CMakeFiles/super_odometry_msgs__rosidl_typesupport_introspection_c.dir/rosidl_typesupport_introspection_c/super_odometry_msgs/msg/detail/laser_feature__type_support.c.o[0m
[7.768s] [ 68%] [32m[1mLinking C shared library libsuper_odometry_msgs__rosidl_typesupport_introspection_c.so[0m
[7.857s] [ 68%] Built target super_odometry_msgs__rosidl_typesupport_introspection_c
[7.916s] [ 70%] [32m[1mLinking CXX shared library libsuper_odometry_msgs__rosidl_typesupport_fastrtps_c.so[0m
[7.974s] [ 72%] [32m[1mLinking CXX shared library libsuper_odometry_msgs__rosidl_typesupport_cpp.so[0m
[8.095s] [ 72%] Built target super_odometry_msgs__rosidl_typesupport_cpp
[8.230s] [ 72%] Built target super_odometry_msgs__rosidl_typesupport_fastrtps_c
[8.437s] [ 74%] [32m[1mLinking CXX shared library libsuper_odometry_msgs__rosidl_typesupport_introspection_cpp.so[0m
[8.714s] [ 76%] [32m[1mLinking CXX shared library libsuper_odometry_msgs__rosidl_typesupport_fastrtps_cpp.so[0m
[8.784s] [ 76%] Built target super_odometry_msgs__rosidl_typesupport_introspection_cpp
[8.920s] [ 76%] Built target super_odometry_msgs__rosidl_typesupport_fastrtps_cpp
[8.991s] [ 76%] Built target super_odometry_msgs
[9.089s] [ 78%] [34m[1mGenerating Python code for ROS interfaces[0m
[11.656s] [ 78%] Built target super_odometry_msgs__py
[11.717s] [ 80%] [32mBuilding C object CMakeFiles/super_odometry_msgs__rosidl_generator_py.dir/rosidl_generator_py/super_odometry_msgs/msg/_iteration_stats_s.c.o[0m
[11.731s] [ 82%] [32mBuilding C object CMakeFiles/super_odometry_msgs__rosidl_generator_py.dir/rosidl_generator_py/super_odometry_msgs/msg/_laser_feature_s.c.o[0m
[11.736s] [ 85%] [32mBuilding C object CMakeFiles/super_odometry_msgs__rosidl_generator_py.dir/rosidl_generator_py/super_odometry_msgs/msg/_optimization_stats_s.c.o[0m
[12.264s] [ 87%] [32m[1mLinking C shared library rosidl_generator_py/super_odometry_msgs/libsuper_odometry_msgs__rosidl_generator_py.so[0m
[12.431s] [ 87%] Built target super_odometry_msgs__rosidl_generator_py
[12.500s] [ 89%] [32mBuilding C object CMakeFiles/super_odometry_msgs__rosidl_typesupport_introspection_c__pyext.dir/rosidl_generator_py/super_odometry_msgs/_super_odometry_msgs_s.ep.rosidl_typesupport_introspection_c.c.o[0m
[12.500s] [ 91%] [32mBuilding C object CMakeFiles/super_odometry_msgs__rosidl_typesupport_c__pyext.dir/rosidl_generator_py/super_odometry_msgs/_super_odometry_msgs_s.ep.rosidl_typesupport_c.c.o[0m
[12.533s] [ 93%] [32mBuilding C object CMakeFiles/super_odometry_msgs__rosidl_typesupport_fastrtps_c__pyext.dir/rosidl_generator_py/super_odometry_msgs/_super_odometry_msgs_s.ep.rosidl_typesupport_fastrtps_c.c.o[0m
[12.859s] [ 95%] [32m[1mLinking C shared library rosidl_generator_py/super_odometry_msgs/super_odometry_msgs_s__rosidl_typesupport_c.cpython-310-x86_64-linux-gnu.so[0m
[12.865s] [ 97%] [32m[1mLinking C shared library rosidl_generator_py/super_odometry_msgs/super_odometry_msgs_s__rosidl_typesupport_introspection_c.cpython-310-x86_64-linux-gnu.so[0m
[12.999s] [ 97%] Built target super_odometry_msgs__rosidl_typesupport_c__pyext
[13.085s] [ 97%] Built target super_odometry_msgs__rosidl_typesupport_introspection_c__pyext
[13.109s] [100%] [32m[1mLinking C shared library rosidl_generator_py/super_odometry_msgs/super_odometry_msgs_s__rosidl_typesupport_fastrtps_c.cpython-310-x86_64-linux-gnu.so[0m
[13.291s] [100%] Built target super_odometry_msgs__rosidl_typesupport_fastrtps_c__pyext
[13.341s] Invoked command in '/root/ros2_ws/src/build/super_odometry_msgs' returned '0': CMAKE_PREFIX_PATH=/opt/ros/humble /usr/bin/cmake --build /root/ros2_ws/src/build/super_odometry_msgs -- -j24 -l24
[13.350s] Invoking command in '/root/ros2_ws/src/build/super_odometry_msgs': CMAKE_PREFIX_PATH=/opt/ros/humble /usr/bin/cmake --install /root/ros2_ws/src/build/super_odometry_msgs
[23.304s] -- Install configuration: ""
[23.305s] -- Installing: /root/ros2_ws/src/install/super_odometry_msgs/share/ament_index/resource_index/rosidl_interfaces/super_odometry_msgs
[23.305s] -- Installing: /root/ros2_ws/src/install/super_odometry_msgs/include/super_odometry_msgs/super_odometry_msgs
[23.305s] -- Installing: /root/ros2_ws/src/install/super_odometry_msgs/include/super_odometry_msgs/super_odometry_msgs/msg
[23.305s] -- Installing: /root/ros2_ws/src/install/super_odometry_msgs/include/super_odometry_msgs/super_odometry_msgs/msg/detail
[23.305s] -- Installing: /root/ros2_ws/src/install/super_odometry_msgs/include/super_odometry_msgs/super_odometry_msgs/msg/detail/iteration_stats__functions.c
[23.305s] -- Installing: /root/ros2_ws/src/install/super_odometry_msgs/include/super_odometry_msgs/super_odometry_msgs/msg/detail/optimization_stats__functions.c
[23.305s] -- Installing: /root/ros2_ws/src/install/super_odometry_msgs/include/super_odometry_msgs/super_odometry_msgs/msg/detail/iteration_stats__type_support.h
[23.305s] -- Installing: /root/ros2_ws/src/install/super_odometry_msgs/include/super_odometry_msgs/super_odometry_msgs/msg/detail/optimization_stats__type_support.h
[23.306s] -- Installing: /root/ros2_ws/src/install/super_odometry_msgs/include/super_odometry_msgs/super_odometry_msgs/msg/detail/laser_feature__functions.c
[23.311s] -- Installing: /root/ros2_ws/src/install/super_odometry_msgs/include/super_odometry_msgs/super_odometry_msgs/msg/detail/iteration_stats__struct.h
[23.311s] -- Installing: /root/ros2_ws/src/install/super_odometry_msgs/include/super_odometry_msgs/super_odometry_msgs/msg/detail/optimization_stats__struct.h
[23.311s] -- Installing: /root/ros2_ws/src/install/super_odometry_msgs/include/super_odometry_msgs/super_odometry_msgs/msg/detail/laser_feature__struct.h
[23.311s] -- Installing: /root/ros2_ws/src/install/super_odometry_msgs/include/super_odometry_msgs/super_odometry_msgs/msg/detail/laser_feature__functions.h
[23.312s] -- Installing: /root/ros2_ws/src/install/super_odometry_msgs/include/super_odometry_msgs/super_odometry_msgs/msg/detail/laser_feature__type_support.h
[23.314s] -- Installing: /root/ros2_ws/src/install/super_odometry_msgs/include/super_odometry_msgs/super_odometry_msgs/msg/detail/optimization_stats__functions.h
[23.314s] -- Installing: /root/ros2_ws/src/install/super_odometry_msgs/include/super_odometry_msgs/super_odometry_msgs/msg/detail/iteration_stats__functions.h
[23.314s] -- Installing: /root/ros2_ws/src/install/super_odometry_msgs/include/super_odometry_msgs/super_odometry_msgs/msg/laser_feature.h
[23.314s] -- Installing: /root/ros2_ws/src/install/super_odometry_msgs/include/super_odometry_msgs/super_odometry_msgs/msg/rosidl_generator_c__visibility_control.h
[23.314s] -- Installing: /root/ros2_ws/src/install/super_odometry_msgs/include/super_odometry_msgs/super_odometry_msgs/msg/iteration_stats.h
[23.314s] -- Installing: /root/ros2_ws/src/install/super_odometry_msgs/include/super_odometry_msgs/super_odometry_msgs/msg/optimization_stats.h
[23.315s] -- Installing: /root/ros2_ws/src/install/super_odometry_msgs/share/super_odometry_msgs/environment/library_path.sh
[23.315s] -- Installing: /root/ros2_ws/src/install/super_odometry_msgs/share/super_odometry_msgs/environment/library_path.dsv
[23.315s] -- Installing: /root/ros2_ws/src/install/super_odometry_msgs/lib/libsuper_odometry_msgs__rosidl_generator_c.so
[23.315s] -- Set runtime path of "/root/ros2_ws/src/install/super_odometry_msgs/lib/libsuper_odometry_msgs__rosidl_generator_c.so" to ""
[23.315s] -- Up-to-date: /root/ros2_ws/src/install/super_odometry_msgs/include/super_odometry_msgs/super_odometry_msgs
[23.315s] -- Up-to-date: /root/ros2_ws/src/install/super_odometry_msgs/include/super_odometry_msgs/super_odometry_msgs/msg
[23.315s] -- Up-to-date: /root/ros2_ws/src/install/super_odometry_msgs/include/super_odometry_msgs/super_odometry_msgs/msg/detail
[23.315s] -- Installing: /root/ros2_ws/src/install/super_odometry_msgs/include/super_odometry_msgs/super_odometry_msgs/msg/detail/laser_feature__rosidl_typesupport_fastrtps_c.h
[23.315s] -- Installing: /root/ros2_ws/src/install/super_odometry_msgs/include/super_odometry_msgs/super_odometry_msgs/msg/detail/optimization_stats__rosidl_typesupport_fastrtps_c.h
[23.315s] -- Installing: /root/ros2_ws/src/install/super_odometry_msgs/include/super_odometry_msgs/super_odometry_msgs/msg/detail/iteration_stats__rosidl_typesupport_fastrtps_c.h
[23.316s] -- Installing: /root/ros2_ws/src/install/super_odometry_msgs/include/super_odometry_msgs/super_odometry_msgs/msg/rosidl_typesupport_fastrtps_c__visibility_control.h
[23.316s] -- Installing: /root/ros2_ws/src/install/super_odometry_msgs/lib/libsuper_odometry_msgs__rosidl_typesupport_fastrtps_c.so
[23.316s] -- Set runtime path of "/root/ros2_ws/src/install/super_odometry_msgs/lib/libsuper_odometry_msgs__rosidl_typesupport_fastrtps_c.so" to ""
[23.316s] -- Up-to-date: /root/ros2_ws/src/install/super_odometry_msgs/include/super_odometry_msgs/super_odometry_msgs
[23.316s] -- Up-to-date: /root/ros2_ws/src/install/super_odometry_msgs/include/super_odometry_msgs/super_odometry_msgs/msg
[23.316s] -- Up-to-date: /root/ros2_ws/src/install/super_odometry_msgs/include/super_odometry_msgs/super_odometry_msgs/msg/detail
[23.316s] -- Installing: /root/ros2_ws/src/install/super_odometry_msgs/include/super_odometry_msgs/super_odometry_msgs/msg/detail/laser_feature__type_support.hpp
[23.317s] -- Installing: /root/ros2_ws/src/install/super_odometry_msgs/include/super_odometry_msgs/super_odometry_msgs/msg/detail/iteration_stats__builder.hpp
[23.317s] -- Installing: /root/ros2_ws/src/install/super_odometry_msgs/include/super_odometry_msgs/super_odometry_msgs/msg/detail/laser_feature__builder.hpp
[23.317s] -- Installing: /root/ros2_ws/src/install/super_odometry_msgs/include/super_odometry_msgs/super_odometry_msgs/msg/detail/laser_feature__struct.hpp
[23.317s] -- Installing: /root/ros2_ws/src/install/super_odometry_msgs/include/super_odometry_msgs/super_odometry_msgs/msg/detail/laser_feature__traits.hpp
[23.317s] -- Installing: /root/ros2_ws/src/install/super_odometry_msgs/include/super_odometry_msgs/super_odometry_msgs/msg/detail/iteration_stats__type_support.hpp
[23.317s] -- Installing: /root/ros2_ws/src/install/super_odometry_msgs/include/super_odometry_msgs/super_odometry_msgs/msg/detail/iteration_stats__struct.hpp
[23.317s] -- Installing: /root/ros2_ws/src/install/super_odometry_msgs/include/super_odometry_msgs/super_odometry_msgs/msg/detail/optimization_stats__struct.hpp
[23.318s] -- Installing: /root/ros2_ws/src/install/super_odometry_msgs/include/super_odometry_msgs/super_odometry_msgs/msg/detail/optimization_stats__type_support.hpp
[23.318s] -- Installing: /root/ros2_ws/src/install/super_odometry_msgs/include/super_odometry_msgs/super_odometry_msgs/msg/detail/iteration_stats__traits.hpp
[23.318s] -- Installing: /root/ros2_ws/src/install/super_odometry_msgs/include/super_odometry_msgs/super_odometry_msgs/msg/detail/optimization_stats__builder.hpp
[23.318s] -- Installing: /root/ros2_ws/src/install/super_odometry_msgs/include/super_odometry_msgs/super_odometry_msgs/msg/detail/optimization_stats__traits.hpp
[23.318s] -- Installing: /root/ros2_ws/src/install/super_odometry_msgs/include/super_odometry_msgs/super_odometry_msgs/msg/optimization_stats.hpp
[23.318s] -- Installing: /root/ros2_ws/src/install/super_odometry_msgs/include/super_odometry_msgs/super_odometry_msgs/msg/iteration_stats.hpp
[23.318s] -- Installing: /root/ros2_ws/src/install/super_odometry_msgs/include/super_odometry_msgs/super_odometry_msgs/msg/rosidl_generator_cpp__visibility_control.hpp
[23.318s] -- Installing: /root/ros2_ws/src/install/super_odometry_msgs/include/super_odometry_msgs/super_odometry_msgs/msg/laser_feature.hpp
[23.318s] -- Up-to-date: /root/ros2_ws/src/install/super_odometry_msgs/include/super_odometry_msgs/super_odometry_msgs
[23.318s] -- Up-to-date: /root/ros2_ws/src/install/super_odometry_msgs/include/super_odometry_msgs/super_odometry_msgs/msg
[23.319s] -- Up-to-date: /root/ros2_ws/src/install/super_odometry_msgs/include/super_odometry_msgs/super_odometry_msgs/msg/detail
[23.319s] -- Installing: /root/ros2_ws/src/install/super_odometry_msgs/include/super_odometry_msgs/super_odometry_msgs/msg/detail/laser_feature__rosidl_typesupport_fastrtps_cpp.hpp
[23.319s] -- Installing: /root/ros2_ws/src/install/super_odometry_msgs/include/super_odometry_msgs/super_odometry_msgs/msg/detail/dds_fastrtps
[23.319s] -- Installing: /root/ros2_ws/src/install/super_odometry_msgs/include/super_odometry_msgs/super_odometry_msgs/msg/detail/iteration_stats__rosidl_typesupport_fastrtps_cpp.hpp
[23.319s] -- Installing: /root/ros2_ws/src/install/super_odometry_msgs/include/super_odometry_msgs/super_odometry_msgs/msg/detail/optimization_stats__rosidl_typesupport_fastrtps_cpp.hpp
[23.319s] -- Installing: /root/ros2_ws/src/install/super_odometry_msgs/include/super_odometry_msgs/super_odometry_msgs/msg/rosidl_typesupport_fastrtps_cpp__visibility_control.h
[23.319s] -- Installing: /root/ros2_ws/src/install/super_odometry_msgs/lib/libsuper_odometry_msgs__rosidl_typesupport_fastrtps_cpp.so
[23.319s] -- Set runtime path of "/root/ros2_ws/src/install/super_odometry_msgs/lib/libsuper_odometry_msgs__rosidl_typesupport_fastrtps_cpp.so" to ""
[23.319s] -- Up-to-date: /root/ros2_ws/src/install/super_odometry_msgs/include/super_odometry_msgs/super_odometry_msgs
[23.319s] -- Up-to-date: /root/ros2_ws/src/install/super_odometry_msgs/include/super_odometry_msgs/super_odometry_msgs/msg
[23.320s] -- Installing: /root/ros2_ws/src/install/super_odometry_msgs/include/super_odometry_msgs/super_odometry_msgs/msg/rosidl_typesupport_introspection_c__visibility_control.h
[23.320s] -- Up-to-date: /root/ros2_ws/src/install/super_odometry_msgs/include/super_odometry_msgs/super_odometry_msgs/msg/detail
[23.320s] -- Installing: /root/ros2_ws/src/install/super_odometry_msgs/include/super_odometry_msgs/super_odometry_msgs/msg/detail/laser_feature__rosidl_typesupport_introspection_c.h
[23.320s] -- Installing: /root/ros2_ws/src/install/super_odometry_msgs/include/super_odometry_msgs/super_odometry_msgs/msg/detail/optimization_stats__type_support.c
[23.320s] -- Installing: /root/ros2_ws/src/install/super_odometry_msgs/include/super_odometry_msgs/super_odometry_msgs/msg/detail/iteration_stats__type_support.c
[23.320s] -- Installing: /root/ros2_ws/src/install/super_odometry_msgs/include/super_odometry_msgs/super_odometry_msgs/msg/detail/iteration_stats__rosidl_typesupport_introspection_c.h
[23.320s] -- Installing: /root/ros2_ws/src/install/super_odometry_msgs/include/super_odometry_msgs/super_odometry_msgs/msg/detail/laser_feature__type_support.c
[23.320s] -- Installing: /root/ros2_ws/src/install/super_odometry_msgs/include/super_odometry_msgs/super_odometry_msgs/msg/detail/optimization_stats__rosidl_typesupport_introspection_c.h
[23.320s] -- Installing: /root/ros2_ws/src/install/super_odometry_msgs/lib/libsuper_odometry_msgs__rosidl_typesupport_introspection_c.so
[23.320s] -- Set runtime path of "/root/ros2_ws/src/install/super_odometry_msgs/lib/libsuper_odometry_msgs__rosidl_typesupport_introspection_c.so" to ""
[23.321s] -- Installing: /root/ros2_ws/src/install/super_odometry_msgs/lib/libsuper_odometry_msgs__rosidl_typesupport_c.so
[23.325s] -- Set runtime path of "/root/ros2_ws/src/install/super_odometry_msgs/lib/libsuper_odometry_msgs__rosidl_typesupport_c.so" to ""
[23.325s] -- Up-to-date: /root/ros2_ws/src/install/super_odometry_msgs/include/super_odometry_msgs/super_odometry_msgs
[23.325s] -- Up-to-date: /root/ros2_ws/src/install/super_odometry_msgs/include/super_odometry_msgs/super_odometry_msgs/msg
[23.325s] -- Up-to-date: /root/ros2_ws/src/install/super_odometry_msgs/include/super_odometry_msgs/super_odometry_msgs/msg/detail
[23.326s] -- Installing: /root/ros2_ws/src/install/super_odometry_msgs/include/super_odometry_msgs/super_odometry_msgs/msg/detail/optimization_stats__rosidl_typesupport_introspection_cpp.hpp
[23.326s] -- Installing: /root/ros2_ws/src/install/super_odometry_msgs/include/super_odometry_msgs/super_odometry_msgs/msg/detail/iteration_stats__type_support.cpp
[23.326s] -- Installing: /root/ros2_ws/src/install/super_odometry_msgs/include/super_odometry_msgs/super_odometry_msgs/msg/detail/optimization_stats__type_support.cpp
[23.326s] -- Installing: /root/ros2_ws/src/install/super_odometry_msgs/include/super_odometry_msgs/super_odometry_msgs/msg/detail/laser_feature__rosidl_typesupport_introspection_cpp.hpp
[23.326s] -- Installing: /root/ros2_ws/src/install/super_odometry_msgs/include/super_odometry_msgs/super_odometry_msgs/msg/detail/laser_feature__type_support.cpp
[23.333s] -- Installing: /root/ros2_ws/src/install/super_odometry_msgs/include/super_odometry_msgs/super_odometry_msgs/msg/detail/iteration_stats__rosidl_typesupport_introspection_cpp.hpp
[23.334s] -- Installing: /root/ros2_ws/src/install/super_odometry_msgs/lib/libsuper_odometry_msgs__rosidl_typesupport_introspection_cpp.so
[23.334s] -- Set runtime path of "/root/ros2_ws/src/install/super_odometry_msgs/lib/libsuper_odometry_msgs__rosidl_typesupport_introspection_cpp.so" to ""
[23.334s] -- Installing: /root/ros2_ws/src/install/super_odometry_msgs/lib/libsuper_odometry_msgs__rosidl_typesupport_cpp.so
[23.334s] -- Set runtime path of "/root/ros2_ws/src/install/super_odometry_msgs/lib/libsuper_odometry_msgs__rosidl_typesupport_cpp.so" to ""
[23.335s] -- Installing: /root/ros2_ws/src/install/super_odometry_msgs/share/super_odometry_msgs/environment/pythonpath.sh
[23.336s] -- Installing: /root/ros2_ws/src/install/super_odometry_msgs/share/super_odometry_msgs/environment/pythonpath.dsv
[23.336s] -- Installing: /root/ros2_ws/src/install/super_odometry_msgs/local/lib/python3.10/dist-packages/super_odometry_msgs-0.0.0-py3.10.egg-info
[23.336s] -- Installing: /root/ros2_ws/src/install/super_odometry_msgs/local/lib/python3.10/dist-packages/super_odometry_msgs-0.0.0-py3.10.egg-info/PKG-INFO
[23.336s] -- Installing: /root/ros2_ws/src/install/super_odometry_msgs/local/lib/python3.10/dist-packages/super_odometry_msgs-0.0.0-py3.10.egg-info/dependency_links.txt
[23.336s] -- Installing: /root/ros2_ws/src/install/super_odometry_msgs/local/lib/python3.10/dist-packages/super_odometry_msgs-0.0.0-py3.10.egg-info/SOURCES.txt
[23.336s] -- Installing: /root/ros2_ws/src/install/super_odometry_msgs/local/lib/python3.10/dist-packages/super_odometry_msgs-0.0.0-py3.10.egg-info/top_level.txt
[23.337s] -- Installing: /root/ros2_ws/src/install/super_odometry_msgs/local/lib/python3.10/dist-packages/super_odometry_msgs
[23.337s] -- Installing: /root/ros2_ws/src/install/super_odometry_msgs/local/lib/python3.10/dist-packages/super_odometry_msgs/super_odometry_msgs_s__rosidl_typesupport_introspection_c.cpython-310-x86_64-linux-gnu.so
[23.337s] -- Installing: /root/ros2_ws/src/install/super_odometry_msgs/local/lib/python3.10/dist-packages/super_odometry_msgs/libsuper_odometry_msgs__rosidl_generator_py.so
[23.337s] -- Installing: /root/ros2_ws/src/install/super_odometry_msgs/local/lib/python3.10/dist-packages/super_odometry_msgs/_super_odometry_msgs_s.ep.rosidl_typesupport_fastrtps_c.c
[23.337s] -- Installing: /root/ros2_ws/src/install/super_odometry_msgs/local/lib/python3.10/dist-packages/super_odometry_msgs/_super_odometry_msgs_s.ep.rosidl_typesupport_c.c
[23.337s] -- Installing: /root/ros2_ws/src/install/super_odometry_msgs/local/lib/python3.10/dist-packages/super_odometry_msgs/_super_odometry_msgs_s.ep.rosidl_typesupport_introspection_c.c
[23.337s] -- Installing: /root/ros2_ws/src/install/super_odometry_msgs/local/lib/python3.10/dist-packages/super_odometry_msgs/super_odometry_msgs_s__rosidl_typesupport_fastrtps_c.cpython-310-x86_64-linux-gnu.so
[23.337s] -- Installing: /root/ros2_ws/src/install/super_odometry_msgs/local/lib/python3.10/dist-packages/super_odometry_msgs/__init__.py
[23.337s] -- Installing: /root/ros2_ws/src/install/super_odometry_msgs/local/lib/python3.10/dist-packages/super_odometry_msgs/msg
[23.338s] -- Installing: /root/ros2_ws/src/install/super_odometry_msgs/local/lib/python3.10/dist-packages/super_odometry_msgs/msg/_iteration_stats.py
[23.338s] -- Installing: /root/ros2_ws/src/install/super_odometry_msgs/local/lib/python3.10/dist-packages/super_odometry_msgs/msg/_optimization_stats.py
[23.338s] -- Installing: /root/ros2_ws/src/install/super_odometry_msgs/local/lib/python3.10/dist-packages/super_odometry_msgs/msg/_optimization_stats_s.c
[23.338s] -- Installing: /root/ros2_ws/src/install/super_odometry_msgs/local/lib/python3.10/dist-packages/super_odometry_msgs/msg/_laser_feature.py
[23.340s] -- Installing: /root/ros2_ws/src/install/super_odometry_msgs/local/lib/python3.10/dist-packages/super_odometry_msgs/msg/_laser_feature_s.c
[23.340s] -- Installing: /root/ros2_ws/src/install/super_odometry_msgs/local/lib/python3.10/dist-packages/super_odometry_msgs/msg/_iteration_stats_s.c
[23.340s] -- Installing: /root/ros2_ws/src/install/super_odometry_msgs/local/lib/python3.10/dist-packages/super_odometry_msgs/msg/__init__.py
[23.340s] -- Installing: /root/ros2_ws/src/install/super_odometry_msgs/local/lib/python3.10/dist-packages/super_odometry_msgs/super_odometry_msgs_s__rosidl_typesupport_c.cpython-310-x86_64-linux-gnu.so
[23.340s] Listing '/root/ros2_ws/src/install/super_odometry_msgs/local/lib/python3.10/dist-packages/super_odometry_msgs'...
[23.340s] Compiling '/root/ros2_ws/src/install/super_odometry_msgs/local/lib/python3.10/dist-packages/super_odometry_msgs/__init__.py'...
[23.341s] Listing '/root/ros2_ws/src/install/super_odometry_msgs/local/lib/python3.10/dist-packages/super_odometry_msgs/msg'...
[23.341s] Compiling '/root/ros2_ws/src/install/super_odometry_msgs/local/lib/python3.10/dist-packages/super_odometry_msgs/msg/__init__.py'...
[23.341s] Compiling '/root/ros2_ws/src/install/super_odometry_msgs/local/lib/python3.10/dist-packages/super_odometry_msgs/msg/_iteration_stats.py'...
[23.341s] Compiling '/root/ros2_ws/src/install/super_odometry_msgs/local/lib/python3.10/dist-packages/super_odometry_msgs/msg/_laser_feature.py'...
[23.341s] Compiling '/root/ros2_ws/src/install/super_odometry_msgs/local/lib/python3.10/dist-packages/super_odometry_msgs/msg/_optimization_stats.py'...
[23.341s] -- Installing: /root/ros2_ws/src/install/super_odometry_msgs/local/lib/python3.10/dist-packages/super_odometry_msgs/super_odometry_msgs_s__rosidl_typesupport_fastrtps_c.cpython-310-x86_64-linux-gnu.so
[23.341s] -- Set runtime path of "/root/ros2_ws/src/install/super_odometry_msgs/local/lib/python3.10/dist-packages/super_odometry_msgs/super_odometry_msgs_s__rosidl_typesupport_fastrtps_c.cpython-310-x86_64-linux-gnu.so" to ""
[23.341s] -- Installing: /root/ros2_ws/src/install/super_odometry_msgs/local/lib/python3.10/dist-packages/super_odometry_msgs/super_odometry_msgs_s__rosidl_typesupport_introspection_c.cpython-310-x86_64-linux-gnu.so
[23.341s] -- Set runtime path of "/root/ros2_ws/src/install/super_odometry_msgs/local/lib/python3.10/dist-packages/super_odometry_msgs/super_odometry_msgs_s__rosidl_typesupport_introspection_c.cpython-310-x86_64-linux-gnu.so" to ""
[23.341s] -- Installing: /root/ros2_ws/src/install/super_odometry_msgs/local/lib/python3.10/dist-packages/super_odometry_msgs/super_odometry_msgs_s__rosidl_typesupport_c.cpython-310-x86_64-linux-gnu.so
[23.342s] -- Set runtime path of "/root/ros2_ws/src/install/super_odometry_msgs/local/lib/python3.10/dist-packages/super_odometry_msgs/super_odometry_msgs_s__rosidl_typesupport_c.cpython-310-x86_64-linux-gnu.so" to ""
[23.342s] -- Installing: /root/ros2_ws/src/install/super_odometry_msgs/lib/libsuper_odometry_msgs__rosidl_generator_py.so
[23.342s] -- Set runtime path of "/root/ros2_ws/src/install/super_odometry_msgs/lib/libsuper_odometry_msgs__rosidl_generator_py.so" to ""
[23.342s] -- Installing: /root/ros2_ws/src/install/super_odometry_msgs/share/super_odometry_msgs/msg/IterationStats.idl
[23.343s] -- Installing: /root/ros2_ws/src/install/super_odometry_msgs/share/super_odometry_msgs/msg/OptimizationStats.idl
[23.343s] -- Installing: /root/ros2_ws/src/install/super_odometry_msgs/share/super_odometry_msgs/msg/LaserFeature.idl
[23.343s] -- Installing: /root/ros2_ws/src/install/super_odometry_msgs/share/super_odometry_msgs/msg/IterationStats.msg
[23.343s] -- Installing: /root/ros2_ws/src/install/super_odometry_msgs/share/super_odometry_msgs/msg/OptimizationStats.msg
[23.343s] -- Installing: /root/ros2_ws/src/install/super_odometry_msgs/share/super_odometry_msgs/msg/LaserFeature.msg
[23.343s] -- Installing: /root/ros2_ws/src/install/super_odometry_msgs/share/ament_index/resource_index/package_run_dependencies/super_odometry_msgs
[23.343s] -- Installing: /root/ros2_ws/src/install/super_odometry_msgs/share/ament_index/resource_index/parent_prefix_path/super_odometry_msgs
[23.343s] -- Installing: /root/ros2_ws/src/install/super_odometry_msgs/share/super_odometry_msgs/environment/ament_prefix_path.sh
[23.343s] -- Installing: /root/ros2_ws/src/install/super_odometry_msgs/share/super_odometry_msgs/environment/ament_prefix_path.dsv
[23.343s] -- Installing: /root/ros2_ws/src/install/super_odometry_msgs/share/super_odometry_msgs/environment/path.sh
[23.344s] -- Installing: /root/ros2_ws/src/install/super_odometry_msgs/share/super_odometry_msgs/environment/path.dsv
[23.350s] -- Installing: /root/ros2_ws/src/install/super_odometry_msgs/share/super_odometry_msgs/local_setup.bash
[23.350s] -- Installing: /root/ros2_ws/src/install/super_odometry_msgs/share/super_odometry_msgs/local_setup.sh
[23.351s] -- Installing: /root/ros2_ws/src/install/super_odometry_msgs/share/super_odometry_msgs/local_setup.zsh
[23.351s] -- Installing: /root/ros2_ws/src/install/super_odometry_msgs/share/super_odometry_msgs/local_setup.dsv
[23.351s] -- Installing: /root/ros2_ws/src/install/super_odometry_msgs/share/super_odometry_msgs/package.dsv
[23.351s] -- Installing: /root/ros2_ws/src/install/super_odometry_msgs/share/ament_index/resource_index/packages/super_odometry_msgs
[23.351s] -- Installing: /root/ros2_ws/src/install/super_odometry_msgs/share/super_odometry_msgs/cmake/export_super_odometry_msgs__rosidl_generator_cExport.cmake
[23.351s] -- Installing: /root/ros2_ws/src/install/super_odometry_msgs/share/super_odometry_msgs/cmake/export_super_odometry_msgs__rosidl_generator_cExport-noconfig.cmake
[23.351s] -- Installing: /root/ros2_ws/src/install/super_odometry_msgs/share/super_odometry_msgs/cmake/export_super_odometry_msgs__rosidl_typesupport_fastrtps_cExport.cmake
[23.351s] -- Installing: /root/ros2_ws/src/install/super_odometry_msgs/share/super_odometry_msgs/cmake/export_super_odometry_msgs__rosidl_typesupport_fastrtps_cExport-noconfig.cmake
[23.352s] -- Installing: /root/ros2_ws/src/install/super_odometry_msgs/share/super_odometry_msgs/cmake/export_super_odometry_msgs__rosidl_generator_cppExport.cmake
[23.352s] -- Installing: /root/ros2_ws/src/install/super_odometry_msgs/share/super_odometry_msgs/cmake/export_super_odometry_msgs__rosidl_typesupport_fastrtps_cppExport.cmake
[23.352s] -- Installing: /root/ros2_ws/src/install/super_odometry_msgs/share/super_odometry_msgs/cmake/export_super_odometry_msgs__rosidl_typesupport_fastrtps_cppExport-noconfig.cmake
[23.352s] -- Installing: /root/ros2_ws/src/install/super_odometry_msgs/share/super_odometry_msgs/cmake/super_odometry_msgs__rosidl_typesupport_introspection_cExport.cmake
[23.352s] -- Installing: /root/ros2_ws/src/install/super_odometry_msgs/share/super_odometry_msgs/cmake/super_odometry_msgs__rosidl_typesupport_introspection_cExport-noconfig.cmake
[23.352s] -- Installing: /root/ros2_ws/src/install/super_odometry_msgs/share/super_odometry_msgs/cmake/super_odometry_msgs__rosidl_typesupport_cExport.cmake
[23.352s] -- Installing: /root/ros2_ws/src/install/super_odometry_msgs/share/super_odometry_msgs/cmake/super_odometry_msgs__rosidl_typesupport_cExport-noconfig.cmake
[23.352s] -- Installing: /root/ros2_ws/src/install/super_odometry_msgs/share/super_odometry_msgs/cmake/super_odometry_msgs__rosidl_typesupport_introspection_cppExport.cmake
[23.353s] -- Installing: /root/ros2_ws/src/install/super_odometry_msgs/share/super_odometry_msgs/cmake/super_odometry_msgs__rosidl_typesupport_introspection_cppExport-noconfig.cmake
[23.353s] -- Installing: /root/ros2_ws/src/install/super_odometry_msgs/share/super_odometry_msgs/cmake/super_odometry_msgs__rosidl_typesupport_cppExport.cmake
[23.353s] -- Installing: /root/ros2_ws/src/install/super_odometry_msgs/share/super_odometry_msgs/cmake/super_odometry_msgs__rosidl_typesupport_cppExport-noconfig.cmake
[23.353s] -- Installing: /root/ros2_ws/src/install/super_odometry_msgs/share/super_odometry_msgs/cmake/export_super_odometry_msgs__rosidl_generator_pyExport.cmake
[23.353s] -- Installing: /root/ros2_ws/src/install/super_odometry_msgs/share/super_odometry_msgs/cmake/export_super_odometry_msgs__rosidl_generator_pyExport-noconfig.cmake
[23.353s] -- Installing: /root/ros2_ws/src/install/super_odometry_msgs/share/super_odometry_msgs/cmake/rosidl_cmake-extras.cmake
[23.353s] -- Installing: /root/ros2_ws/src/install/super_odometry_msgs/share/super_odometry_msgs/cmake/ament_cmake_export_dependencies-extras.cmake
[23.353s] -- Installing: /root/ros2_ws/src/install/super_odometry_msgs/share/super_odometry_msgs/cmake/ament_cmake_export_include_directories-extras.cmake
[23.353s] -- Installing: /root/ros2_ws/src/install/super_odometry_msgs/share/super_odometry_msgs/cmake/ament_cmake_export_libraries-extras.cmake
[23.354s] -- Installing: /root/ros2_ws/src/install/super_odometry_msgs/share/super_odometry_msgs/cmake/ament_cmake_export_targets-extras.cmake
[23.354s] -- Installing: /root/ros2_ws/src/install/super_odometry_msgs/share/super_odometry_msgs/cmake/rosidl_cmake_export_typesupport_targets-extras.cmake
[23.357s] -- Installing: /root/ros2_ws/src/install/super_odometry_msgs/share/super_odometry_msgs/cmake/rosidl_cmake_export_typesupport_libraries-extras.cmake
[23.358s] -- Installing: /root/ros2_ws/src/install/super_odometry_msgs/share/super_odometry_msgs/cmake/super_odometry_msgsConfig.cmake
[23.358s] -- Installing: /root/ros2_ws/src/install/super_odometry_msgs/share/super_odometry_msgs/cmake/super_odometry_msgsConfig-version.cmake
[23.359s] -- Installing: /root/ros2_ws/src/install/super_odometry_msgs/share/super_odometry_msgs/package.xml
[23.361s] Invoked command in '/root/ros2_ws/src/build/super_odometry_msgs' returned '0': CMAKE_PREFIX_PATH=/opt/ros/humble /usr/bin/cmake --install /root/ros2_ws/src/build/super_odometry_msgs
