[0.026s] Invoking command in '/root/ros2_ws/src/build/local_planner': AMENT_PREFIX_PATH=/root/ros2_ws/src/install/go2_sport_api:/root/ros2_ws/src/install/unitree_go:/root/ros2_ws/src/install/unitree_api:${AMENT_PREFIX_PATH} CMAKE_PREFIX_PATH=/root/ros2_ws/src/install/go2_sport_api:/root/ros2_ws/src/install/unitree_go:/root/ros2_ws/src/install/unitree_api:/opt/ros/humble LD_LIBRARY_PATH=/root/ros2_ws/src/install/go2_sport_api/lib:/root/ros2_ws/src/install/unitree_go/lib:/root/ros2_ws/src/install/unitree_api/lib:${LD_LIBRARY_PATH} PYTHONPATH=/root/ros2_ws/src/install/unitree_go/local/lib/python3.10/dist-packages:/root/ros2_ws/src/install/unitree_api/local/lib/python3.10/dist-packages:${PYTHONPATH} /usr/bin/cmake /root/ros2_ws/src/base_autonomy/local_planner -DROS_EDITION=ROS2 -DHUMBLE_ROS=humble -DCMAKE_INSTALL_PREFIX=/root/ros2_ws/src/install/local_planner
[0.104s] -- The C compiler identification is GNU 11.4.0
[0.194s] -- The CXX compiler identification is GNU 11.4.0
[0.204s] -- Detecting C compiler ABI info
[0.307s] -- Detecting C compiler ABI info - done
[0.319s] -- Check for working C compiler: /usr/bin/cc - skipped
[0.319s] -- Detecting C compile features
[0.320s] -- Detecting C compile features - done
[0.324s] -- Detecting CXX compiler ABI info
[0.444s] -- Detecting CXX compiler ABI info - done
[0.455s] -- Check for working CXX compiler: /usr/bin/c++ - skipped
[0.455s] -- Detecting CXX compile features
[0.456s] -- Detecting CXX compile features - done
[0.461s] -- Found ament_cmake: 1.3.12 (/opt/ros/humble/share/ament_cmake/cmake)
[0.738s] -- Found Python3: /usr/bin/python3 (found version "3.10.12") found components: Interpreter 
[0.908s] -- Found rclcpp: 16.0.17 (/opt/ros/humble/share/rclcpp/cmake)
[0.991s] -- Found rosidl_generator_c: 3.1.8 (/opt/ros/humble/share/rosidl_generator_c/cmake)
[1.001s] -- Found rosidl_adapter: 3.1.8 (/opt/ros/humble/share/rosidl_adapter/cmake)
[1.018s] -- Found rosidl_generator_cpp: 3.1.8 (/opt/ros/humble/share/rosidl_generator_cpp/cmake)
[1.042s] -- Using all available rosidl_typesupport_c: rosidl_typesupport_fastrtps_c;rosidl_typesupport_introspection_c
[1.073s] -- Using all available rosidl_typesupport_cpp: rosidl_typesupport_fastrtps_cpp;rosidl_typesupport_introspection_cpp
[1.157s] -- Found rmw_implementation_cmake: 6.1.2 (/opt/ros/humble/share/rmw_implementation_cmake/cmake)
[1.162s] -- Found rmw_fastrtps_cpp: 6.2.9 (/opt/ros/humble/share/rmw_fastrtps_cpp/cmake)
[1.311s] -- Found OpenSSL: /usr/lib/x86_64-linux-gnu/libcrypto.so (found version "3.0.2")  
[1.372s] -- Found FastRTPS: /opt/ros/humble/include  
[1.466s] -- Using RMW implementation 'rmw_fastrtps_cpp' as default
[1.484s] -- Looking for pthread.h
[1.587s] -- Looking for pthread.h - found
[1.587s] -- Performing Test CMAKE_HAVE_LIBC_PTHREAD
[1.686s] -- Performing Test CMAKE_HAVE_LIBC_PTHREAD - Success
[1.689s] -- Found Threads: TRUE  
[1.778s] -- Found nav_msgs: 4.9.0 (/opt/ros/humble/share/nav_msgs/cmake)
[1.826s] -- Found sensor_msgs: 4.9.0 (/opt/ros/humble/share/sensor_msgs/cmake)
[1.853s] -- Found tf2_ros: 0.25.18 (/opt/ros/humble/share/tf2_ros/cmake)
[1.999s] -- Found tf2_geometry_msgs: 0.25.18 (/opt/ros/humble/share/tf2_geometry_msgs/cmake)
[2.027s] -- Found eigen3_cmake_module: 0.1.1 (/opt/ros/humble/share/eigen3_cmake_module/cmake)
[2.029s] -- Found Eigen3: TRUE (found version "3.4.0") 
[2.029s] -- Ensuring Eigen3 include directory is part of orocos-kdl CMake target
[2.032s] -- Found pcl_conversions: 2.4.5 (/opt/ros/humble/share/pcl_conversions/cmake)
[2.072s] -- Checking for module 'eigen3'
[2.087s] --   Found eigen3, version 3.4.0
[2.125s] -- Found Eigen: /usr/include/eigen3 (Required is at least version "3.1") 
[2.125s] -- Eigen found (include: /usr/include/eigen3, version: 3.4.0)
[2.184s] -- Checking for module 'flann'
[2.198s] --   Found flann, version 1.9.1
[2.239s] -- Found FLANN: /usr/lib/x86_64-linux-gnu/libflann_cpp.so  
[2.239s] -- FLANN found (include: /usr/include, lib: /usr/lib/x86_64-linux-gnu/libflann_cpp.so)
[3.332s] -- Checking for module 'libusb-1.0'
[3.347s] --   Found libusb-1.0, version 1.0.25
[3.390s] -- Found libusb: /usr/lib/x86_64-linux-gnu/libusb-1.0.so  
[3.391s] -- OpenNI found (version: 1.5.4.0, include: /usr/include/ni, lib: /usr/lib/libOpenNI.so;libusb::libusb)
[3.461s] -- OpenNI2 found (version: 2.2.0.33, include: /usr/include/openni2, lib: /usr/lib/x86_64-linux-gnu/libOpenNI2.so;libusb::libusb)
[3.653s] -- Eigen found (include: /usr/include/eigen3, version: 3.4.0)
[3.662s] -- OpenNI found (version: 1.5.4.0, include: /usr/include/ni, lib: /usr/lib/libOpenNI.so;libusb::libusb)
[3.670s] -- OpenNI2 found (version: 2.2.0.33, include: /usr/include/openni2, lib: /usr/lib/x86_64-linux-gnu/libOpenNI2.so;libusb::libusb)
[3.856s] -- Found Qhull version 8.0.2
[4.044s] -- OpenNI found (version: 1.5.4.0, include: /usr/include/ni, lib: /usr/lib/libOpenNI.so;libusb::libusb)
[4.220s] -- Found PCL_COMMON: /usr/lib/x86_64-linux-gnu/libpcl_common.so  
[4.221s] -- Found PCL_KDTREE: /usr/lib/x86_64-linux-gnu/libpcl_kdtree.so  
[4.222s] -- Found PCL_OCTREE: /usr/lib/x86_64-linux-gnu/libpcl_octree.so  
[4.223s] -- Found PCL_SEARCH: /usr/lib/x86_64-linux-gnu/libpcl_search.so  
[4.225s] -- Found PCL_SAMPLE_CONSENSUS: /usr/lib/x86_64-linux-gnu/libpcl_sample_consensus.so  
[4.226s] -- Found PCL_FILTERS: /usr/lib/x86_64-linux-gnu/libpcl_filters.so  
[4.226s] -- Found PCL_2D: /usr/include/pcl-1.12  
[4.227s] -- Found PCL_GEOMETRY: /usr/include/pcl-1.12  
[4.228s] -- Found PCL_IO: /usr/lib/x86_64-linux-gnu/libpcl_io.so  
[4.229s] -- Found PCL_FEATURES: /usr/lib/x86_64-linux-gnu/libpcl_features.so  
[4.230s] -- Found PCL_ML: /usr/lib/x86_64-linux-gnu/libpcl_ml.so  
[4.232s] -- Found PCL_SEGMENTATION: /usr/lib/x86_64-linux-gnu/libpcl_segmentation.so  
[4.233s] -- Found PCL_VISUALIZATION: /usr/lib/x86_64-linux-gnu/libpcl_visualization.so  
[4.234s] -- Found PCL_SURFACE: /usr/lib/x86_64-linux-gnu/libpcl_surface.so  
[4.235s] -- Found PCL_REGISTRATION: /usr/lib/x86_64-linux-gnu/libpcl_registration.so  
[4.236s] -- Found PCL_KEYPOINTS: /usr/lib/x86_64-linux-gnu/libpcl_keypoints.so  
[4.238s] -- Found PCL_TRACKING: /usr/lib/x86_64-linux-gnu/libpcl_tracking.so  
[4.239s] -- Found PCL_RECOGNITION: /usr/lib/x86_64-linux-gnu/libpcl_recognition.so  
[4.240s] -- Found PCL_STEREO: /usr/lib/x86_64-linux-gnu/libpcl_stereo.so  
[4.242s] -- Found PCL_APPS: /usr/lib/x86_64-linux-gnu/libpcl_apps.so  
[4.243s] -- Found PCL_IN_HAND_SCANNER: /usr/include/pcl-1.12  
[4.243s] -- Found PCL_MODELER: /usr/include/pcl-1.12  
[4.243s] -- Found PCL_POINT_CLOUD_EDITOR: /usr/include/pcl-1.12  
[4.245s] -- Found PCL_OUTOFCORE: /usr/lib/x86_64-linux-gnu/libpcl_outofcore.so  
[4.246s] -- Found PCL_PEOPLE: /usr/lib/x86_64-linux-gnu/libpcl_people.so  
[4.253s] -- Found pcl_ros: 2.4.5 (/opt/ros/humble/share/pcl_ros/cmake)
[4.267s] -- Found unitree_api: 0.0.0 (/root/ros2_ws/src/install/unitree_api/share/unitree_api/cmake)
[4.286s] -- Found go2_sport_api: 0.0.0 (/root/ros2_ws/src/install/go2_sport_api/share/go2_sport_api/cmake)
[4.337s] -- Found ament_lint_auto: 0.12.14 (/opt/ros/humble/share/ament_lint_auto/cmake)
[4.450s] -- Added test 'copyright' to check source files copyright and LICENSE
[4.454s] -- Added test 'cppcheck' to perform static code analysis on C / C++ code
[4.455s] -- Configured cppcheck include dirs: /root/ros2_ws/src/base_autonomy/local_planner/include;/root/ros2_ws/src/base_autonomy/local_planner/include/nlohmann
[4.455s] -- Configured cppcheck exclude dirs and/or files: 
[4.458s] -- Added test 'cpplint' to check C / C++ code against the Google style
[4.458s] -- Configured cpplint exclude dirs and/or files: 
[4.460s] -- Added test 'lint_cmake' to check CMake code style
[4.463s] -- Added test 'uncrustify' to check C / C++ code style
[4.463s] -- Configured uncrustify additional arguments: 
[4.464s] -- Added test 'xmllint' to check XML markup files
[4.466s] -- Configuring done
[4.561s] -- Generating done
[4.563s] [33mCMake Warning:
[4.563s]   Manually-specified variables were not used by the project:
[4.563s] 
[4.563s]     HUMBLE_ROS
[4.563s]     ROS_EDITION
[4.563s] 
[4.563s] [0m
[4.582s] -- Build files have been written to: /root/ros2_ws/src/build/local_planner
[4.609s] Invoked command in '/root/ros2_ws/src/build/local_planner' returned '0': AMENT_PREFIX_PATH=/root/ros2_ws/src/install/go2_sport_api:/root/ros2_ws/src/install/unitree_go:/root/ros2_ws/src/install/unitree_api:${AMENT_PREFIX_PATH} CMAKE_PREFIX_PATH=/root/ros2_ws/src/install/go2_sport_api:/root/ros2_ws/src/install/unitree_go:/root/ros2_ws/src/install/unitree_api:/opt/ros/humble LD_LIBRARY_PATH=/root/ros2_ws/src/install/go2_sport_api/lib:/root/ros2_ws/src/install/unitree_go/lib:/root/ros2_ws/src/install/unitree_api/lib:${LD_LIBRARY_PATH} PYTHONPATH=/root/ros2_ws/src/install/unitree_go/local/lib/python3.10/dist-packages:/root/ros2_ws/src/install/unitree_api/local/lib/python3.10/dist-packages:${PYTHONPATH} /usr/bin/cmake /root/ros2_ws/src/base_autonomy/local_planner -DROS_EDITION=ROS2 -DHUMBLE_ROS=humble -DCMAKE_INSTALL_PREFIX=/root/ros2_ws/src/install/local_planner
[4.609s] Invoking command in '/root/ros2_ws/src/build/local_planner': AMENT_PREFIX_PATH=/root/ros2_ws/src/install/go2_sport_api:/root/ros2_ws/src/install/unitree_go:/root/ros2_ws/src/install/unitree_api:${AMENT_PREFIX_PATH} CMAKE_PREFIX_PATH=/root/ros2_ws/src/install/go2_sport_api:/root/ros2_ws/src/install/unitree_go:/root/ros2_ws/src/install/unitree_api:/opt/ros/humble LD_LIBRARY_PATH=/root/ros2_ws/src/install/go2_sport_api/lib:/root/ros2_ws/src/install/unitree_go/lib:/root/ros2_ws/src/install/unitree_api/lib:${LD_LIBRARY_PATH} PYTHONPATH=/root/ros2_ws/src/install/unitree_go/local/lib/python3.10/dist-packages:/root/ros2_ws/src/install/unitree_api/local/lib/python3.10/dist-packages:${PYTHONPATH} /usr/bin/cmake --build /root/ros2_ws/src/build/local_planner -- -j24 -l24
[4.686s] [ 25%] [32mBuilding CXX object CMakeFiles/pathFollower.dir/src/pathFollower.cpp.o[0m
[4.687s] [ 50%] [32mBuilding CXX object CMakeFiles/localPlanner.dir/src/localPlanner.cpp.o[0m
[5.083s] In file included from [01m[K/root/ros2_ws/src/base_autonomy/local_planner/src/localPlanner.cpp:26[m[K:
[5.084s] [01m[K/opt/ros/humble/include/tf2_geometry_msgs/tf2_geometry_msgs/tf2_geometry_msgs.h:35:2:[m[K [01;35m[Kwarning: [m[K#warning This header is obsolete, please include tf2_geometry_msgs/tf2_geometry_msgs.hpp instead [[01;35m[K-Wcpp[m[K]
[5.084s]    35 | #[01;35m[Kwarning[m[K This header is obsolete, please include tf2_geometry_msgs/tf2_geometry_msgs.hpp instead
[5.084s]       |  [01;35m[K^~~~~~~[m[K
[5.102s] In file included from [01m[K/root/ros2_ws/src/base_autonomy/local_planner/src/pathFollower.cpp:23[m[K:
[5.102s] [01m[K/opt/ros/humble/include/tf2_geometry_msgs/tf2_geometry_msgs/tf2_geometry_msgs.h:35:2:[m[K [01;35m[Kwarning: [m[K#warning This header is obsolete, please include tf2_geometry_msgs/tf2_geometry_msgs.hpp instead [[01;35m[K-Wcpp[m[K]
[5.102s]    35 | #[01;35m[Kwarning[m[K This header is obsolete, please include tf2_geometry_msgs/tf2_geometry_msgs.hpp instead
[5.102s]       |  [01;35m[K^~~~~~~[m[K
[10.440s] [01m[K/root/ros2_ws/src/base_autonomy/local_planner/src/localPlanner.cpp:[m[K In function ‘[01m[Kint main(int, char**)[m[K’:
[10.440s] [01m[K/root/ros2_ws/src/base_autonomy/local_planner/src/localPlanner.cpp:676:13:[m[K [01;35m[Kwarning: [m[Kunused variable ‘[01m[KsinVehicleRoll[m[K’ [[01;35m[K-Wunused-variable[m[K]
[10.440s]   676 |       float [01;35m[KsinVehicleRoll[m[K = sin(vehicleRoll);
[10.440s]       |             [01;35m[K^~~~~~~~~~~~~~[m[K
[10.440s] [01m[K/root/ros2_ws/src/base_autonomy/local_planner/src/localPlanner.cpp:677:13:[m[K [01;35m[Kwarning: [m[Kunused variable ‘[01m[KcosVehicleRoll[m[K’ [[01;35m[K-Wunused-variable[m[K]
[10.440s]   677 |       float [01;35m[KcosVehicleRoll[m[K = cos(vehicleRoll);
[10.440s]       |             [01;35m[K^~~~~~~~~~~~~~[m[K
[10.440s] [01m[K/root/ros2_ws/src/base_autonomy/local_planner/src/localPlanner.cpp:678:13:[m[K [01;35m[Kwarning: [m[Kunused variable ‘[01m[KsinVehiclePitch[m[K’ [[01;35m[K-Wunused-variable[m[K]
[10.440s]   678 |       float [01;35m[KsinVehiclePitch[m[K = sin(vehiclePitch);
[10.440s]       |             [01;35m[K^~~~~~~~~~~~~~~[m[K
[10.440s] [01m[K/root/ros2_ws/src/base_autonomy/local_planner/src/localPlanner.cpp:679:13:[m[K [01;35m[Kwarning: [m[Kunused variable ‘[01m[KcosVehiclePitch[m[K’ [[01;35m[K-Wunused-variable[m[K]
[10.440s]   679 |       float [01;35m[KcosVehiclePitch[m[K = cos(vehiclePitch);
[10.440s]       |             [01;35m[K^~~~~~~~~~~~~~~[m[K
[26.315s] [ 75%] [32m[1mLinking CXX executable pathFollower[0m
[27.822s] [ 75%] Built target pathFollower
[28.243s] [100%] [32m[1mLinking CXX executable localPlanner[0m
[29.985s] [100%] Built target localPlanner
[29.999s] Invoked command in '/root/ros2_ws/src/build/local_planner' returned '0': AMENT_PREFIX_PATH=/root/ros2_ws/src/install/go2_sport_api:/root/ros2_ws/src/install/unitree_go:/root/ros2_ws/src/install/unitree_api:${AMENT_PREFIX_PATH} CMAKE_PREFIX_PATH=/root/ros2_ws/src/install/go2_sport_api:/root/ros2_ws/src/install/unitree_go:/root/ros2_ws/src/install/unitree_api:/opt/ros/humble LD_LIBRARY_PATH=/root/ros2_ws/src/install/go2_sport_api/lib:/root/ros2_ws/src/install/unitree_go/lib:/root/ros2_ws/src/install/unitree_api/lib:${LD_LIBRARY_PATH} PYTHONPATH=/root/ros2_ws/src/install/unitree_go/local/lib/python3.10/dist-packages:/root/ros2_ws/src/install/unitree_api/local/lib/python3.10/dist-packages:${PYTHONPATH} /usr/bin/cmake --build /root/ros2_ws/src/build/local_planner -- -j24 -l24
[30.000s] Invoking command in '/root/ros2_ws/src/build/local_planner': AMENT_PREFIX_PATH=/root/ros2_ws/src/install/go2_sport_api:/root/ros2_ws/src/install/unitree_go:/root/ros2_ws/src/install/unitree_api:${AMENT_PREFIX_PATH} CMAKE_PREFIX_PATH=/root/ros2_ws/src/install/go2_sport_api:/root/ros2_ws/src/install/unitree_go:/root/ros2_ws/src/install/unitree_api:/opt/ros/humble LD_LIBRARY_PATH=/root/ros2_ws/src/install/go2_sport_api/lib:/root/ros2_ws/src/install/unitree_go/lib:/root/ros2_ws/src/install/unitree_api/lib:${LD_LIBRARY_PATH} PYTHONPATH=/root/ros2_ws/src/install/unitree_go/local/lib/python3.10/dist-packages:/root/ros2_ws/src/install/unitree_api/local/lib/python3.10/dist-packages:${PYTHONPATH} /usr/bin/cmake --install /root/ros2_ws/src/build/local_planner
[30.008s] -- Install configuration: ""
[30.008s] -- Installing: /root/ros2_ws/src/install/local_planner/lib/local_planner/localPlanner
[30.012s] -- Set runtime path of "/root/ros2_ws/src/install/local_planner/lib/local_planner/localPlanner" to ""
[30.012s] -- Installing: /root/ros2_ws/src/install/local_planner/lib/local_planner/pathFollower
[30.017s] -- Set runtime path of "/root/ros2_ws/src/install/local_planner/lib/local_planner/pathFollower" to ""
[30.017s] -- Installing: /root/ros2_ws/src/install/local_planner/share/local_planner/launch
[30.017s] -- Installing: /root/ros2_ws/src/install/local_planner/share/local_planner/launch/local_planner.launch
[30.017s] -- Installing: /root/ros2_ws/src/install/local_planner/share/local_planner/paths
[30.017s] -- Installing: /root/ros2_ws/src/install/local_planner/share/local_planner/paths/correspondences.txt
[30.032s] -- Installing: /root/ros2_ws/src/install/local_planner/share/local_planner/paths/startPaths.ply
[30.032s] -- Installing: /root/ros2_ws/src/install/local_planner/share/local_planner/paths/path_generator.m
[30.032s] -- Installing: /root/ros2_ws/src/install/local_planner/share/local_planner/paths/pathList.ply
[30.032s] -- Installing: /root/ros2_ws/src/install/local_planner/share/local_planner/paths/paths.ply
[30.033s] -- Installing: /root/ros2_ws/src/install/local_planner/share/ament_index/resource_index/package_run_dependencies/local_planner
[30.033s] -- Installing: /root/ros2_ws/src/install/local_planner/share/ament_index/resource_index/parent_prefix_path/local_planner
[30.033s] -- Installing: /root/ros2_ws/src/install/local_planner/share/local_planner/environment/ament_prefix_path.sh
[30.034s] -- Installing: /root/ros2_ws/src/install/local_planner/share/local_planner/environment/ament_prefix_path.dsv
[30.034s] -- Installing: /root/ros2_ws/src/install/local_planner/share/local_planner/environment/path.sh
[30.034s] -- Installing: /root/ros2_ws/src/install/local_planner/share/local_planner/environment/path.dsv
[30.034s] -- Installing: /root/ros2_ws/src/install/local_planner/share/local_planner/local_setup.bash
[30.034s] -- Installing: /root/ros2_ws/src/install/local_planner/share/local_planner/local_setup.sh
[30.034s] -- Installing: /root/ros2_ws/src/install/local_planner/share/local_planner/local_setup.zsh
[30.034s] -- Installing: /root/ros2_ws/src/install/local_planner/share/local_planner/local_setup.dsv
[30.034s] -- Installing: /root/ros2_ws/src/install/local_planner/share/local_planner/package.dsv
[30.034s] -- Installing: /root/ros2_ws/src/install/local_planner/share/ament_index/resource_index/packages/local_planner
[30.034s] -- Installing: /root/ros2_ws/src/install/local_planner/share/local_planner/cmake/local_plannerConfig.cmake
[30.034s] -- Installing: /root/ros2_ws/src/install/local_planner/share/local_planner/cmake/local_plannerConfig-version.cmake
[30.034s] -- Installing: /root/ros2_ws/src/install/local_planner/share/local_planner/package.xml
[30.036s] Invoked command in '/root/ros2_ws/src/build/local_planner' returned '0': AMENT_PREFIX_PATH=/root/ros2_ws/src/install/go2_sport_api:/root/ros2_ws/src/install/unitree_go:/root/ros2_ws/src/install/unitree_api:${AMENT_PREFIX_PATH} CMAKE_PREFIX_PATH=/root/ros2_ws/src/install/go2_sport_api:/root/ros2_ws/src/install/unitree_go:/root/ros2_ws/src/install/unitree_api:/opt/ros/humble LD_LIBRARY_PATH=/root/ros2_ws/src/install/go2_sport_api/lib:/root/ros2_ws/src/install/unitree_go/lib:/root/ros2_ws/src/install/unitree_api/lib:${LD_LIBRARY_PATH} PYTHONPATH=/root/ros2_ws/src/install/unitree_go/local/lib/python3.10/dist-packages:/root/ros2_ws/src/install/unitree_api/local/lib/python3.10/dist-packages:${PYTHONPATH} /usr/bin/cmake --install /root/ros2_ws/src/build/local_planner
