[0.033s] Invoking command in '/root/ros2_ws/src/build/visibility_graph_msg': CMAKE_PREFIX_PATH=/opt/ros/humble /usr/bin/cmake /root/ros2_ws/src/route_planner/visibility_graph_msg -DCMAKE_BUILD_TYPE=Release -DAMENT_CMAKE_SYMLINK_INSTALL=1 -DCMAKE_INSTALL_PREFIX=/root/ros2_ws/src/install/visibility_graph_msg
[0.470s] -- The C compiler identification is GNU 11.4.0
[0.470s] -- The CXX compiler identification is GNU 11.4.0
[0.470s] -- Detecting C compiler ABI info
[0.470s] -- Detecting C compiler ABI info - done
[0.470s] -- Check for working C compiler: /usr/bin/cc - skipped
[0.470s] -- Detecting C compile features
[0.470s] -- Detecting C compile features - done
[0.470s] -- Detecting CXX compiler ABI info
[0.470s] -- Detecting CXX compiler ABI info - done
[0.470s] -- Check for working CXX compiler: /usr/bin/c++ - skipped
[0.470s] -- Detecting CXX compile features
[0.470s] -- Detecting CXX compile features - done
[0.470s] -- Found ament_cmake: 1.3.12 (/opt/ros/humble/share/ament_cmake/cmake)
[0.470s] -- Found Python3: /usr/bin/python3 (found version "3.10.12") found components: Interpreter 
[0.470s] -- Override CMake install command with custom implementation using symlinks instead of copying resources
[0.470s] -- Found std_msgs: 4.9.0 (/opt/ros/humble/share/std_msgs/cmake)
[0.493s] -- Found rosidl_generator_c: 3.1.8 (/opt/ros/humble/share/rosidl_generator_c/cmake)
[0.506s] -- Found rosidl_adapter: 3.1.8 (/opt/ros/humble/share/rosidl_adapter/cmake)
[0.528s] -- Found rosidl_generator_cpp: 3.1.8 (/opt/ros/humble/share/rosidl_generator_cpp/cmake)
[0.563s] -- Using all available rosidl_typesupport_c: rosidl_typesupport_fastrtps_c;rosidl_typesupport_introspection_c
[0.596s] -- Using all available rosidl_typesupport_cpp: rosidl_typesupport_fastrtps_cpp;rosidl_typesupport_introspection_cpp
[0.645s] -- Found geometry_msgs: 4.9.0 (/opt/ros/humble/share/geometry_msgs/cmake)
[0.672s] -- Found rosidl_default_generators: 1.2.0 (/opt/ros/humble/share/rosidl_default_generators/cmake)
[1.022s] -- Found ament_cmake_cppcheck: 0.12.14 (/opt/ros/humble/share/ament_cmake_cppcheck/cmake)
[1.024s] -- Found ament_cmake_cpplint: 0.12.14 (/opt/ros/humble/share/ament_cmake_cpplint/cmake)
[1.030s] -- Found ament_cmake_uncrustify: 0.12.14 (/opt/ros/humble/share/ament_cmake_uncrustify/cmake)
[1.038s] -- Found ament_cmake_ros: 0.10.0 (/opt/ros/humble/share/ament_cmake_ros/cmake)
[1.533s] -- Using all available rosidl_typesupport_c: rosidl_typesupport_fastrtps_c;rosidl_typesupport_introspection_c
[1.706s] -- Using all available rosidl_typesupport_cpp: rosidl_typesupport_fastrtps_cpp;rosidl_typesupport_introspection_cpp
[1.733s] -- Found PythonInterp: /usr/bin/python3 (found suitable version "3.10.12", minimum required is "3.6") 
[1.736s] -- Found python_cmake_module: 0.10.0 (/opt/ros/humble/share/python_cmake_module/cmake)
[1.766s] -- Found PythonLibs: /usr/lib/x86_64-linux-gnu/libpython3.10.so (found suitable version "3.10.12", minimum required is "3.5") 
[1.766s] -- Using PYTHON_EXECUTABLE: /usr/bin/python3
[1.766s] -- Using PYTHON_INCLUDE_DIRS: /usr/include/python3.10
[1.766s] -- Using PYTHON_LIBRARIES: /usr/lib/x86_64-linux-gnu/libpython3.10.so
[1.788s] -- Found PythonExtra: .so  
[1.956s] -- Using numpy include directory: /usr/local/lib/python3.10/dist-packages/numpy/core/include
[1.971s] -- Found ament_cmake_flake8: 0.12.14 (/opt/ros/humble/share/ament_cmake_flake8/cmake)
[1.973s] -- Found ament_cmake_pep257: 0.12.14 (/opt/ros/humble/share/ament_cmake_pep257/cmake)
[1.983s] -- Configuring done
[2.044s] -- Generating done
[2.067s] -- Build files have been written to: /root/ros2_ws/src/build/visibility_graph_msg
[2.083s] Invoked command in '/root/ros2_ws/src/build/visibility_graph_msg' returned '0': CMAKE_PREFIX_PATH=/opt/ros/humble /usr/bin/cmake /root/ros2_ws/src/route_planner/visibility_graph_msg -DCMAKE_BUILD_TYPE=Release -DAMENT_CMAKE_SYMLINK_INSTALL=1 -DCMAKE_INSTALL_PREFIX=/root/ros2_ws/src/install/visibility_graph_msg
[2.084s] Invoking command in '/root/ros2_ws/src/build/visibility_graph_msg': CMAKE_PREFIX_PATH=/opt/ros/humble /usr/bin/cmake --build /root/ros2_ws/src/build/visibility_graph_msg -- -j24 -l24
[2.455s] [  2%] [34m[1mGenerating C code for ROS interfaces[0m
[2.455s] [  5%] [34m[1mGenerating C++ code for ROS interfaces[0m
[2.455s] [  5%] Built target ament_cmake_python_symlink_visibility_graph_msg
[2.455s] running egg_info
[2.455s] creating visibility_graph_msg.egg-info
[2.455s] writing visibility_graph_msg.egg-info/PKG-INFO
[2.455s] writing dependency_links to visibility_graph_msg.egg-info/dependency_links.txt
[2.455s] writing top-level names to visibility_graph_msg.egg-info/top_level.txt
[2.455s] writing manifest file 'visibility_graph_msg.egg-info/SOURCES.txt'
[2.456s] /usr/local/lib/python3.10/dist-packages/setuptools_scm/_integration/setuptools.py:24: RuntimeWarning: 
[2.456s] ERROR: setuptools==59.6.0 is used in combination with setuptools-scm>=8.x
[2.456s] 
[2.456s] Your build configuration is incomplete and previously worked by accident!
[2.457s] setuptools-scm requires setuptools>=61 (recommended: >=80)
[2.457s] 
[2.457s] Suggested workaround if applicable:
[2.457s]  - migrating from the deprecated setup_requires mechanism to pep517/518
[2.457s]    and using a pyproject.toml to declare build dependencies
[2.457s]    which are reliably pre-installed before running the build tools
[2.457s] 
[2.457s]   warnings.warn(
[2.465s] listing git files failed - pretending there aren't any
[2.583s] reading manifest file 'visibility_graph_msg.egg-info/SOURCES.txt'
[2.583s] writing manifest file 'visibility_graph_msg.egg-info/SOURCES.txt'
[2.617s] [  7%] [32mBuilding C object CMakeFiles/visibility_graph_msg__rosidl_generator_c.dir/rosidl_generator_c/visibility_graph_msg/msg/detail/graph__functions.c.o[0m
[2.623s] [ 10%] [32mBuilding C object CMakeFiles/visibility_graph_msg__rosidl_generator_c.dir/rosidl_generator_c/visibility_graph_msg/msg/detail/node__functions.c.o[0m
[2.631s] [ 10%] Built target ament_cmake_python_build_visibility_graph_msg_egg
[2.695s] [ 10%] Built target visibility_graph_msg__cpp
[2.714s] [ 12%] [34m[1mGenerating C++ introspection for ROS interfaces[0m
[2.715s] [ 15%] [34m[1mGenerating C++ type support for eProsima Fast-RTPS[0m
[2.715s] [ 17%] [34m[1mGenerating C++ type support dispatch for ROS interfaces[0m
[2.908s] [ 20%] [32m[1mLinking C shared library libvisibility_graph_msg__rosidl_generator_c.so[0m
[3.041s] [ 20%] Built target visibility_graph_msg__rosidl_generator_c
[3.070s] [ 23%] [34m[1mGenerating C type support dispatch for ROS interfaces[0m
[3.070s] [ 25%] [34m[1mGenerating C type support for eProsima Fast-RTPS[0m
[3.080s] [ 28%] [34m[1mGenerating C introspection for ROS interfaces[0m
[3.224s] [ 30%] [32mBuilding CXX object CMakeFiles/visibility_graph_msg__rosidl_typesupport_cpp.dir/rosidl_typesupport_cpp/visibility_graph_msg/msg/graph__type_support.cpp.o[0m
[3.234s] [ 33%] [32mBuilding CXX object CMakeFiles/visibility_graph_msg__rosidl_typesupport_cpp.dir/rosidl_typesupport_cpp/visibility_graph_msg/msg/node__type_support.cpp.o[0m
[3.320s] [ 35%] [32mBuilding CXX object CMakeFiles/visibility_graph_msg__rosidl_typesupport_introspection_cpp.dir/rosidl_typesupport_introspection_cpp/visibility_graph_msg/msg/detail/node__type_support.cpp.o[0m
[3.326s] [ 38%] [32mBuilding CXX object CMakeFiles/visibility_graph_msg__rosidl_typesupport_introspection_cpp.dir/rosidl_typesupport_introspection_cpp/visibility_graph_msg/msg/detail/graph__type_support.cpp.o[0m
[3.332s] [ 41%] [32mBuilding CXX object CMakeFiles/visibility_graph_msg__rosidl_typesupport_fastrtps_cpp.dir/rosidl_typesupport_fastrtps_cpp/visibility_graph_msg/msg/detail/dds_fastrtps/node__type_support.cpp.o[0m
[3.340s] [ 43%] [32mBuilding CXX object CMakeFiles/visibility_graph_msg__rosidl_typesupport_fastrtps_cpp.dir/rosidl_typesupport_fastrtps_cpp/visibility_graph_msg/msg/detail/dds_fastrtps/graph__type_support.cpp.o[0m
[3.693s] [ 46%] [32mBuilding CXX object CMakeFiles/visibility_graph_msg__rosidl_typesupport_c.dir/rosidl_typesupport_c/visibility_graph_msg/msg/node__type_support.cpp.o[0m
[3.701s] [ 48%] [32mBuilding CXX object CMakeFiles/visibility_graph_msg__rosidl_typesupport_c.dir/rosidl_typesupport_c/visibility_graph_msg/msg/graph__type_support.cpp.o[0m
[3.717s] [ 51%] [32mBuilding CXX object CMakeFiles/visibility_graph_msg__rosidl_typesupport_fastrtps_c.dir/rosidl_typesupport_fastrtps_c/visibility_graph_msg/msg/detail/node__type_support_c.cpp.o[0m
[3.736s] [ 53%] [32mBuilding CXX object CMakeFiles/visibility_graph_msg__rosidl_typesupport_fastrtps_c.dir/rosidl_typesupport_fastrtps_c/visibility_graph_msg/msg/detail/graph__type_support_c.cpp.o[0m
[3.905s] [ 56%] [32m[1mLinking CXX shared library libvisibility_graph_msg__rosidl_typesupport_c.so[0m
[3.931s] [ 58%] [32mBuilding C object CMakeFiles/visibility_graph_msg__rosidl_typesupport_introspection_c.dir/rosidl_typesupport_introspection_c/visibility_graph_msg/msg/detail/node__type_support.c.o[0m
[3.932s] [ 61%] [32mBuilding C object CMakeFiles/visibility_graph_msg__rosidl_typesupport_introspection_c.dir/rosidl_typesupport_introspection_c/visibility_graph_msg/msg/detail/graph__type_support.c.o[0m
[3.991s] [ 64%] [32m[1mLinking CXX shared library libvisibility_graph_msg__rosidl_typesupport_cpp.so[0m
[4.087s] [ 64%] Built target visibility_graph_msg__rosidl_typesupport_c
[4.168s] [ 64%] Built target visibility_graph_msg__rosidl_typesupport_cpp
[4.253s] [ 66%] [32m[1mLinking C shared library libvisibility_graph_msg__rosidl_typesupport_introspection_c.so[0m
[4.386s] [ 66%] Built target visibility_graph_msg__rosidl_typesupport_introspection_c
[4.644s] [ 69%] [32m[1mLinking CXX shared library libvisibility_graph_msg__rosidl_typesupport_fastrtps_cpp.so[0m
[4.719s] [ 71%] [32m[1mLinking CXX shared library libvisibility_graph_msg__rosidl_typesupport_introspection_cpp.so[0m
[4.936s] [ 71%] Built target visibility_graph_msg__rosidl_typesupport_fastrtps_cpp
[4.968s] [ 71%] Built target visibility_graph_msg__rosidl_typesupport_introspection_cpp
[5.519s] [ 74%] [32m[1mLinking CXX shared library libvisibility_graph_msg__rosidl_typesupport_fastrtps_c.so[0m
[5.880s] [ 74%] Built target visibility_graph_msg__rosidl_typesupport_fastrtps_c
[6.023s] [ 74%] Built target visibility_graph_msg
[6.156s] [ 76%] [34m[1mGenerating Python code for ROS interfaces[0m
[7.791s] [ 76%] Built target visibility_graph_msg__py
[7.884s] [ 79%] [32mBuilding C object CMakeFiles/visibility_graph_msg__rosidl_generator_py.dir/rosidl_generator_py/visibility_graph_msg/msg/_node_s.c.o[0m
[7.892s] [ 82%] [32mBuilding C object CMakeFiles/visibility_graph_msg__rosidl_generator_py.dir/rosidl_generator_py/visibility_graph_msg/msg/_graph_s.c.o[0m
[9.082s] [ 84%] [32m[1mLinking C shared library rosidl_generator_py/visibility_graph_msg/libvisibility_graph_msg__rosidl_generator_py.so[0m
[9.226s] [ 84%] Built target visibility_graph_msg__rosidl_generator_py
[9.309s] [ 87%] [32mBuilding C object CMakeFiles/visibility_graph_msg__rosidl_typesupport_introspection_c__pyext.dir/rosidl_generator_py/visibility_graph_msg/_visibility_graph_msg_s.ep.rosidl_typesupport_introspection_c.c.o[0m
[9.311s] [ 89%] [32mBuilding C object CMakeFiles/visibility_graph_msg__rosidl_typesupport_fastrtps_c__pyext.dir/rosidl_generator_py/visibility_graph_msg/_visibility_graph_msg_s.ep.rosidl_typesupport_fastrtps_c.c.o[0m
[9.315s] [ 92%] [32mBuilding C object CMakeFiles/visibility_graph_msg__rosidl_typesupport_c__pyext.dir/rosidl_generator_py/visibility_graph_msg/_visibility_graph_msg_s.ep.rosidl_typesupport_c.c.o[0m
[9.771s] [ 94%] [32m[1mLinking C shared library rosidl_generator_py/visibility_graph_msg/visibility_graph_msg_s__rosidl_typesupport_c.cpython-310-x86_64-linux-gnu.so[0m
[9.796s] [ 97%] [32m[1mLinking C shared library rosidl_generator_py/visibility_graph_msg/visibility_graph_msg_s__rosidl_typesupport_fastrtps_c.cpython-310-x86_64-linux-gnu.so[0m
[9.929s] [100%] [32m[1mLinking C shared library rosidl_generator_py/visibility_graph_msg/visibility_graph_msg_s__rosidl_typesupport_introspection_c.cpython-310-x86_64-linux-gnu.so[0m
[9.961s] [100%] Built target visibility_graph_msg__rosidl_typesupport_c__pyext
[9.987s] [100%] Built target visibility_graph_msg__rosidl_typesupport_fastrtps_c__pyext
[10.131s] [100%] Built target visibility_graph_msg__rosidl_typesupport_introspection_c__pyext
[10.165s] Invoked command in '/root/ros2_ws/src/build/visibility_graph_msg' returned '0': CMAKE_PREFIX_PATH=/opt/ros/humble /usr/bin/cmake --build /root/ros2_ws/src/build/visibility_graph_msg -- -j24 -l24
[10.173s] Invoking command in '/root/ros2_ws/src/build/visibility_graph_msg': CMAKE_PREFIX_PATH=/opt/ros/humble /usr/bin/cmake --install /root/ros2_ws/src/build/visibility_graph_msg
[10.892s] -- Install configuration: "Release"
[10.892s] -- Execute custom install script
[10.892s] -- Symlinking: /root/ros2_ws/src/install/visibility_graph_msg/share/ament_index/resource_index/rosidl_interfaces/visibility_graph_msg
[10.893s] -- Symlinking: /root/ros2_ws/src/install/visibility_graph_msg/include/visibility_graph_msg/visibility_graph_msg/msg/detail/graph__functions.h
[10.893s] -- Symlinking: /root/ros2_ws/src/install/visibility_graph_msg/include/visibility_graph_msg/visibility_graph_msg/msg/detail/graph__struct.h
[10.893s] -- Symlinking: /root/ros2_ws/src/install/visibility_graph_msg/include/visibility_graph_msg/visibility_graph_msg/msg/detail/graph__type_support.h
[10.893s] -- Symlinking: /root/ros2_ws/src/install/visibility_graph_msg/include/visibility_graph_msg/visibility_graph_msg/msg/detail/node__functions.h
[10.893s] -- Symlinking: /root/ros2_ws/src/install/visibility_graph_msg/include/visibility_graph_msg/visibility_graph_msg/msg/detail/node__struct.h
[10.893s] -- Symlinking: /root/ros2_ws/src/install/visibility_graph_msg/include/visibility_graph_msg/visibility_graph_msg/msg/detail/node__type_support.h
[10.894s] -- Symlinking: /root/ros2_ws/src/install/visibility_graph_msg/include/visibility_graph_msg/visibility_graph_msg/msg/graph.h
[10.894s] -- Symlinking: /root/ros2_ws/src/install/visibility_graph_msg/include/visibility_graph_msg/visibility_graph_msg/msg/node.h
[10.895s] -- Symlinking: /root/ros2_ws/src/install/visibility_graph_msg/include/visibility_graph_msg/visibility_graph_msg/msg/rosidl_generator_c__visibility_control.h
[10.895s] -- Symlinking: /root/ros2_ws/src/install/visibility_graph_msg/share/visibility_graph_msg/environment/library_path.sh
[10.895s] -- Symlinking: /root/ros2_ws/src/install/visibility_graph_msg/share/visibility_graph_msg/environment/library_path.dsv
[10.896s] -- Symlinking: /root/ros2_ws/src/install/visibility_graph_msg/include/visibility_graph_msg/visibility_graph_msg/msg/detail/graph__rosidl_typesupport_fastrtps_c.h
[10.896s] -- Symlinking: /root/ros2_ws/src/install/visibility_graph_msg/include/visibility_graph_msg/visibility_graph_msg/msg/detail/node__rosidl_typesupport_fastrtps_c.h
[10.897s] -- Symlinking: /root/ros2_ws/src/install/visibility_graph_msg/include/visibility_graph_msg/visibility_graph_msg/msg/rosidl_typesupport_fastrtps_c__visibility_control.h
[10.897s] -- Symlinking: /root/ros2_ws/src/install/visibility_graph_msg/include/visibility_graph_msg/visibility_graph_msg/msg/detail/graph__builder.hpp
[10.897s] -- Symlinking: /root/ros2_ws/src/install/visibility_graph_msg/include/visibility_graph_msg/visibility_graph_msg/msg/detail/graph__struct.hpp
[10.897s] -- Symlinking: /root/ros2_ws/src/install/visibility_graph_msg/include/visibility_graph_msg/visibility_graph_msg/msg/detail/graph__traits.hpp
[10.897s] -- Symlinking: /root/ros2_ws/src/install/visibility_graph_msg/include/visibility_graph_msg/visibility_graph_msg/msg/detail/graph__type_support.hpp
[10.897s] -- Symlinking: /root/ros2_ws/src/install/visibility_graph_msg/include/visibility_graph_msg/visibility_graph_msg/msg/detail/node__builder.hpp
[10.903s] -- Symlinking: /root/ros2_ws/src/install/visibility_graph_msg/include/visibility_graph_msg/visibility_graph_msg/msg/detail/node__struct.hpp
[10.957s] -- Symlinking: /root/ros2_ws/src/install/visibility_graph_msg/include/visibility_graph_msg/visibility_graph_msg/msg/detail/node__traits.hpp
[11.006s] -- Symlinking: /root/ros2_ws/src/install/visibility_graph_msg/include/visibility_graph_msg/visibility_graph_msg/msg/detail/node__type_support.hpp
[11.053s] -- Symlinking: /root/ros2_ws/src/install/visibility_graph_msg/include/visibility_graph_msg/visibility_graph_msg/msg/graph.hpp
[11.096s] -- Symlinking: /root/ros2_ws/src/install/visibility_graph_msg/include/visibility_graph_msg/visibility_graph_msg/msg/node.hpp
[11.139s] -- Symlinking: /root/ros2_ws/src/install/visibility_graph_msg/include/visibility_graph_msg/visibility_graph_msg/msg/rosidl_generator_cpp__visibility_control.hpp
[11.166s] -- Symlinking: /root/ros2_ws/src/install/visibility_graph_msg/include/visibility_graph_msg/visibility_graph_msg/msg/detail/graph__rosidl_typesupport_fastrtps_cpp.hpp
[11.222s] -- Symlinking: /root/ros2_ws/src/install/visibility_graph_msg/include/visibility_graph_msg/visibility_graph_msg/msg/detail/node__rosidl_typesupport_fastrtps_cpp.hpp
[11.266s] -- Symlinking: /root/ros2_ws/src/install/visibility_graph_msg/include/visibility_graph_msg/visibility_graph_msg/msg/rosidl_typesupport_fastrtps_cpp__visibility_control.h
[11.319s] -- Symlinking: /root/ros2_ws/src/install/visibility_graph_msg/include/visibility_graph_msg/visibility_graph_msg/msg/detail/graph__rosidl_typesupport_introspection_c.h
[11.385s] -- Symlinking: /root/ros2_ws/src/install/visibility_graph_msg/include/visibility_graph_msg/visibility_graph_msg/msg/detail/node__rosidl_typesupport_introspection_c.h
[11.421s] -- Symlinking: /root/ros2_ws/src/install/visibility_graph_msg/include/visibility_graph_msg/visibility_graph_msg/msg/rosidl_typesupport_introspection_c__visibility_control.h
[11.449s] -- Symlinking: /root/ros2_ws/src/install/visibility_graph_msg/include/visibility_graph_msg/visibility_graph_msg/msg/detail/graph__rosidl_typesupport_introspection_cpp.hpp
[11.507s] -- Symlinking: /root/ros2_ws/src/install/visibility_graph_msg/include/visibility_graph_msg/visibility_graph_msg/msg/detail/node__rosidl_typesupport_introspection_cpp.hpp
[11.575s] -- Symlinking: /root/ros2_ws/src/install/visibility_graph_msg/share/visibility_graph_msg/environment/pythonpath.sh
[11.632s] -- Symlinking: /root/ros2_ws/src/install/visibility_graph_msg/share/visibility_graph_msg/environment/pythonpath.dsv
[11.660s] -- Symlinking: /root/ros2_ws/src/install/visibility_graph_msg/local/lib/python3.10/dist-packages/visibility_graph_msg-0.0.1-py3.10.egg-info/PKG-INFO
[11.722s] -- Symlinking: /root/ros2_ws/src/install/visibility_graph_msg/local/lib/python3.10/dist-packages/visibility_graph_msg-0.0.1-py3.10.egg-info/SOURCES.txt
[11.767s] -- Symlinking: /root/ros2_ws/src/install/visibility_graph_msg/local/lib/python3.10/dist-packages/visibility_graph_msg-0.0.1-py3.10.egg-info/dependency_links.txt
[11.801s] -- Symlinking: /root/ros2_ws/src/install/visibility_graph_msg/local/lib/python3.10/dist-packages/visibility_graph_msg-0.0.1-py3.10.egg-info/top_level.txt
[11.815s] -- Symlinking: /root/ros2_ws/src/install/visibility_graph_msg/local/lib/python3.10/dist-packages/visibility_graph_msg/__init__.py
[11.868s] -- Symlinking: /root/ros2_ws/src/install/visibility_graph_msg/local/lib/python3.10/dist-packages/visibility_graph_msg/_visibility_graph_msg_s.ep.rosidl_typesupport_c.c
[11.935s] -- Symlinking: /root/ros2_ws/src/install/visibility_graph_msg/local/lib/python3.10/dist-packages/visibility_graph_msg/_visibility_graph_msg_s.ep.rosidl_typesupport_fastrtps_c.c
[11.964s] -- Symlinking: /root/ros2_ws/src/install/visibility_graph_msg/local/lib/python3.10/dist-packages/visibility_graph_msg/_visibility_graph_msg_s.ep.rosidl_typesupport_introspection_c.c
[11.989s] -- Symlinking: /root/ros2_ws/src/install/visibility_graph_msg/local/lib/python3.10/dist-packages/visibility_graph_msg/libvisibility_graph_msg__rosidl_generator_py.so
[12.067s] -- Symlinking: /root/ros2_ws/src/install/visibility_graph_msg/local/lib/python3.10/dist-packages/visibility_graph_msg/msg/__init__.py
[12.117s] -- Symlinking: /root/ros2_ws/src/install/visibility_graph_msg/local/lib/python3.10/dist-packages/visibility_graph_msg/msg/_graph.py
[12.172s] -- Symlinking: /root/ros2_ws/src/install/visibility_graph_msg/local/lib/python3.10/dist-packages/visibility_graph_msg/msg/_graph_s.c
[12.194s] -- Symlinking: /root/ros2_ws/src/install/visibility_graph_msg/local/lib/python3.10/dist-packages/visibility_graph_msg/msg/_node.py
[12.222s] -- Symlinking: /root/ros2_ws/src/install/visibility_graph_msg/local/lib/python3.10/dist-packages/visibility_graph_msg/msg/_node_s.c
[12.241s] -- Symlinking: /root/ros2_ws/src/install/visibility_graph_msg/local/lib/python3.10/dist-packages/visibility_graph_msg/visibility_graph_msg_s__rosidl_typesupport_c.cpython-310-x86_64-linux-gnu.so
[12.265s] -- Symlinking: /root/ros2_ws/src/install/visibility_graph_msg/local/lib/python3.10/dist-packages/visibility_graph_msg/visibility_graph_msg_s__rosidl_typesupport_fastrtps_c.cpython-310-x86_64-linux-gnu.so
[12.322s] -- Symlinking: /root/ros2_ws/src/install/visibility_graph_msg/local/lib/python3.10/dist-packages/visibility_graph_msg/visibility_graph_msg_s__rosidl_typesupport_introspection_c.cpython-310-x86_64-linux-gnu.so
[12.387s] -- Up-to-date symlink: /root/ros2_ws/src/install/visibility_graph_msg/local/lib/python3.10/dist-packages/visibility_graph_msg/visibility_graph_msg_s__rosidl_typesupport_fastrtps_c.cpython-310-x86_64-linux-gnu.so
[12.387s] -- Up-to-date symlink: /root/ros2_ws/src/install/visibility_graph_msg/local/lib/python3.10/dist-packages/visibility_graph_msg/visibility_graph_msg_s__rosidl_typesupport_introspection_c.cpython-310-x86_64-linux-gnu.so
[12.387s] -- Up-to-date symlink: /root/ros2_ws/src/install/visibility_graph_msg/local/lib/python3.10/dist-packages/visibility_graph_msg/visibility_graph_msg_s__rosidl_typesupport_c.cpython-310-x86_64-linux-gnu.so
[12.387s] -- Symlinking: /root/ros2_ws/src/install/visibility_graph_msg/share/visibility_graph_msg/msg/Node.idl
[12.410s] -- Symlinking: /root/ros2_ws/src/install/visibility_graph_msg/share/visibility_graph_msg/msg/Graph.idl
[12.444s] -- Symlinking: /root/ros2_ws/src/install/visibility_graph_msg/share/visibility_graph_msg/msg/Node.msg
[12.472s] -- Symlinking: /root/ros2_ws/src/install/visibility_graph_msg/share/visibility_graph_msg/msg/Graph.msg
[12.495s] -- Symlinking: /root/ros2_ws/src/install/visibility_graph_msg/share/ament_index/resource_index/package_run_dependencies/visibility_graph_msg
[12.547s] -- Symlinking: /root/ros2_ws/src/install/visibility_graph_msg/share/ament_index/resource_index/parent_prefix_path/visibility_graph_msg
[12.593s] -- Symlinking: /root/ros2_ws/src/install/visibility_graph_msg/share/visibility_graph_msg/environment/ament_prefix_path.sh
[12.627s] -- Symlinking: /root/ros2_ws/src/install/visibility_graph_msg/share/visibility_graph_msg/environment/ament_prefix_path.dsv
[12.677s] -- Symlinking: /root/ros2_ws/src/install/visibility_graph_msg/share/visibility_graph_msg/environment/path.sh
[12.716s] -- Symlinking: /root/ros2_ws/src/install/visibility_graph_msg/share/visibility_graph_msg/environment/path.dsv
[12.746s] -- Symlinking: /root/ros2_ws/src/install/visibility_graph_msg/share/visibility_graph_msg/local_setup.bash
[12.803s] -- Symlinking: /root/ros2_ws/src/install/visibility_graph_msg/share/visibility_graph_msg/local_setup.sh
[12.862s] -- Symlinking: /root/ros2_ws/src/install/visibility_graph_msg/share/visibility_graph_msg/local_setup.zsh
[12.923s] -- Symlinking: /root/ros2_ws/src/install/visibility_graph_msg/share/visibility_graph_msg/local_setup.dsv
[12.955s] -- Symlinking: /root/ros2_ws/src/install/visibility_graph_msg/share/visibility_graph_msg/package.dsv
[12.994s] -- Symlinking: /root/ros2_ws/src/install/visibility_graph_msg/share/ament_index/resource_index/packages/visibility_graph_msg
[13.049s] -- Symlinking: /root/ros2_ws/src/install/visibility_graph_msg/share/visibility_graph_msg/cmake/rosidl_cmake-extras.cmake
[13.089s] -- Symlinking: /root/ros2_ws/src/install/visibility_graph_msg/share/visibility_graph_msg/cmake/ament_cmake_export_dependencies-extras.cmake
[13.126s] -- Symlinking: /root/ros2_ws/src/install/visibility_graph_msg/share/visibility_graph_msg/cmake/ament_cmake_export_include_directories-extras.cmake
[13.148s] -- Symlinking: /root/ros2_ws/src/install/visibility_graph_msg/share/visibility_graph_msg/cmake/ament_cmake_export_libraries-extras.cmake
[13.173s] -- Symlinking: /root/ros2_ws/src/install/visibility_graph_msg/share/visibility_graph_msg/cmake/ament_cmake_export_targets-extras.cmake
[13.193s] -- Symlinking: /root/ros2_ws/src/install/visibility_graph_msg/share/visibility_graph_msg/cmake/rosidl_cmake_export_typesupport_targets-extras.cmake
[13.216s] -- Symlinking: /root/ros2_ws/src/install/visibility_graph_msg/share/visibility_graph_msg/cmake/rosidl_cmake_export_typesupport_libraries-extras.cmake
[13.239s] -- Symlinking: /root/ros2_ws/src/install/visibility_graph_msg/share/visibility_graph_msg/cmake/visibility_graph_msgConfig.cmake
[13.269s] -- Symlinking: /root/ros2_ws/src/install/visibility_graph_msg/share/visibility_graph_msg/cmake/visibility_graph_msgConfig-version.cmake
[13.285s] -- Symlinking: /root/ros2_ws/src/install/visibility_graph_msg/share/visibility_graph_msg/package.xml
[13.319s] -- Installing: /root/ros2_ws/src/install/visibility_graph_msg/lib/libvisibility_graph_msg__rosidl_generator_c.so
[13.319s] -- Set runtime path of "/root/ros2_ws/src/install/visibility_graph_msg/lib/libvisibility_graph_msg__rosidl_generator_c.so" to ""
[13.319s] -- Installing: /root/ros2_ws/src/install/visibility_graph_msg/lib/libvisibility_graph_msg__rosidl_typesupport_fastrtps_c.so
[13.319s] -- Set runtime path of "/root/ros2_ws/src/install/visibility_graph_msg/lib/libvisibility_graph_msg__rosidl_typesupport_fastrtps_c.so" to ""
[13.319s] -- Installing: /root/ros2_ws/src/install/visibility_graph_msg/lib/libvisibility_graph_msg__rosidl_typesupport_fastrtps_cpp.so
[13.319s] -- Set runtime path of "/root/ros2_ws/src/install/visibility_graph_msg/lib/libvisibility_graph_msg__rosidl_typesupport_fastrtps_cpp.so" to ""
[13.320s] -- Installing: /root/ros2_ws/src/install/visibility_graph_msg/lib/libvisibility_graph_msg__rosidl_typesupport_introspection_c.so
[13.320s] -- Set runtime path of "/root/ros2_ws/src/install/visibility_graph_msg/lib/libvisibility_graph_msg__rosidl_typesupport_introspection_c.so" to ""
[13.320s] -- Installing: /root/ros2_ws/src/install/visibility_graph_msg/lib/libvisibility_graph_msg__rosidl_typesupport_c.so
[13.320s] -- Set runtime path of "/root/ros2_ws/src/install/visibility_graph_msg/lib/libvisibility_graph_msg__rosidl_typesupport_c.so" to ""
[13.320s] -- Installing: /root/ros2_ws/src/install/visibility_graph_msg/lib/libvisibility_graph_msg__rosidl_typesupport_introspection_cpp.so
[13.320s] -- Set runtime path of "/root/ros2_ws/src/install/visibility_graph_msg/lib/libvisibility_graph_msg__rosidl_typesupport_introspection_cpp.so" to ""
[13.320s] -- Installing: /root/ros2_ws/src/install/visibility_graph_msg/lib/libvisibility_graph_msg__rosidl_typesupport_cpp.so
[13.320s] -- Set runtime path of "/root/ros2_ws/src/install/visibility_graph_msg/lib/libvisibility_graph_msg__rosidl_typesupport_cpp.so" to ""
[13.426s] Listing '/root/ros2_ws/src/install/visibility_graph_msg/local/lib/python3.10/dist-packages/visibility_graph_msg'...
[13.426s] Compiling '/root/ros2_ws/src/install/visibility_graph_msg/local/lib/python3.10/dist-packages/visibility_graph_msg/__init__.py'...
[13.426s] Listing '/root/ros2_ws/src/install/visibility_graph_msg/local/lib/python3.10/dist-packages/visibility_graph_msg/msg'...
[13.426s] Compiling '/root/ros2_ws/src/install/visibility_graph_msg/local/lib/python3.10/dist-packages/visibility_graph_msg/msg/__init__.py'...
[13.426s] Compiling '/root/ros2_ws/src/install/visibility_graph_msg/local/lib/python3.10/dist-packages/visibility_graph_msg/msg/_graph.py'...
[13.426s] Compiling '/root/ros2_ws/src/install/visibility_graph_msg/local/lib/python3.10/dist-packages/visibility_graph_msg/msg/_node.py'...
[13.447s] -- Installing: /root/ros2_ws/src/install/visibility_graph_msg/lib/libvisibility_graph_msg__rosidl_generator_py.so
[13.447s] -- Set runtime path of "/root/ros2_ws/src/install/visibility_graph_msg/lib/libvisibility_graph_msg__rosidl_generator_py.so" to ""
[13.447s] -- Installing: /root/ros2_ws/src/install/visibility_graph_msg/share/visibility_graph_msg/cmake/export_visibility_graph_msg__rosidl_generator_cExport.cmake
[13.447s] -- Installing: /root/ros2_ws/src/install/visibility_graph_msg/share/visibility_graph_msg/cmake/export_visibility_graph_msg__rosidl_generator_cExport-release.cmake
[13.448s] -- Installing: /root/ros2_ws/src/install/visibility_graph_msg/share/visibility_graph_msg/cmake/export_visibility_graph_msg__rosidl_typesupport_fastrtps_cExport.cmake
[13.448s] -- Installing: /root/ros2_ws/src/install/visibility_graph_msg/share/visibility_graph_msg/cmake/export_visibility_graph_msg__rosidl_typesupport_fastrtps_cExport-release.cmake
[13.448s] -- Installing: /root/ros2_ws/src/install/visibility_graph_msg/share/visibility_graph_msg/cmake/export_visibility_graph_msg__rosidl_generator_cppExport.cmake
[13.448s] -- Installing: /root/ros2_ws/src/install/visibility_graph_msg/share/visibility_graph_msg/cmake/export_visibility_graph_msg__rosidl_typesupport_fastrtps_cppExport.cmake
[13.448s] -- Installing: /root/ros2_ws/src/install/visibility_graph_msg/share/visibility_graph_msg/cmake/export_visibility_graph_msg__rosidl_typesupport_fastrtps_cppExport-release.cmake
[13.448s] -- Installing: /root/ros2_ws/src/install/visibility_graph_msg/share/visibility_graph_msg/cmake/visibility_graph_msg__rosidl_typesupport_introspection_cExport.cmake
[13.448s] -- Installing: /root/ros2_ws/src/install/visibility_graph_msg/share/visibility_graph_msg/cmake/visibility_graph_msg__rosidl_typesupport_introspection_cExport-release.cmake
[13.449s] -- Installing: /root/ros2_ws/src/install/visibility_graph_msg/share/visibility_graph_msg/cmake/visibility_graph_msg__rosidl_typesupport_cExport.cmake
[13.449s] -- Installing: /root/ros2_ws/src/install/visibility_graph_msg/share/visibility_graph_msg/cmake/visibility_graph_msg__rosidl_typesupport_cExport-release.cmake
[13.449s] -- Installing: /root/ros2_ws/src/install/visibility_graph_msg/share/visibility_graph_msg/cmake/visibility_graph_msg__rosidl_typesupport_introspection_cppExport.cmake
[13.456s] -- Installing: /root/ros2_ws/src/install/visibility_graph_msg/share/visibility_graph_msg/cmake/visibility_graph_msg__rosidl_typesupport_introspection_cppExport-release.cmake
[13.456s] -- Installing: /root/ros2_ws/src/install/visibility_graph_msg/share/visibility_graph_msg/cmake/visibility_graph_msg__rosidl_typesupport_cppExport.cmake
[13.456s] -- Installing: /root/ros2_ws/src/install/visibility_graph_msg/share/visibility_graph_msg/cmake/visibility_graph_msg__rosidl_typesupport_cppExport-release.cmake
[13.457s] -- Installing: /root/ros2_ws/src/install/visibility_graph_msg/share/visibility_graph_msg/cmake/export_visibility_graph_msg__rosidl_generator_pyExport.cmake
[13.458s] -- Installing: /root/ros2_ws/src/install/visibility_graph_msg/share/visibility_graph_msg/cmake/export_visibility_graph_msg__rosidl_generator_pyExport-release.cmake
