[0.989s] Invoking command in '/root/ros2_ws/src/utilities/transform_sensors': PYTHONPATH=/root/ros2_ws/src/build/transform_sensors/prefix_override:/usr/lib/python3/dist-packages/colcon_core/task/python/colcon_distutils_commands:/root/ros2_ws/src/install/transform_sensors/lib/python3.10/site-packages:${PYTHONPATH} /usr/bin/python3 -W ignore:setup.py install is deprecated -W ignore:easy_install command is deprecated setup.py egg_info --egg-base ../../build/transform_sensors build --build-base /root/ros2_ws/src/build/transform_sensors/build install --record /root/ros2_ws/src/build/transform_sensors/install.log --install-scripts $base/lib/transform_sensors --single-version-externally-managed install_data
[1.620s] running egg_info
[1.621s] writing ../../build/transform_sensors/transform_sensors.egg-info/PKG-INFO
[1.621s] writing dependency_links to ../../build/transform_sensors/transform_sensors.egg-info/dependency_links.txt
[1.621s] writing entry points to ../../build/transform_sensors/transform_sensors.egg-info/entry_points.txt
[1.621s] writing requirements to ../../build/transform_sensors/transform_sensors.egg-info/requires.txt
[1.621s] writing top-level names to ../../build/transform_sensors/transform_sensors.egg-info/top_level.txt
[1.621s] reading manifest file '../../build/transform_sensors/transform_sensors.egg-info/SOURCES.txt'
[1.621s] writing manifest file '../../build/transform_sensors/transform_sensors.egg-info/SOURCES.txt'
[1.621s] running build
[1.621s] running build_py
[1.621s] running install
[1.622s] running install_lib
[1.622s] running install_data
[1.622s] running install_egg_info
[1.622s] removing '/root/ros2_ws/src/install/transform_sensors/lib/python3.10/site-packages/transform_sensors-0.0.0-py3.10.egg-info' (and everything under it)
[1.622s] Copying ../../build/transform_sensors/transform_sensors.egg-info to /root/ros2_ws/src/install/transform_sensors/lib/python3.10/site-packages/transform_sensors-0.0.0-py3.10.egg-info
[1.622s] running install_scripts
[1.622s] /usr/lib/python3/dist-packages/setuptools/dist.py:723: UserWarning: Usage of dash-separated 'script-dir' will not be supported in future versions. Please use the underscore name 'script_dir' instead
[1.622s]   warnings.warn(
[1.622s] /usr/local/lib/python3.10/dist-packages/setuptools_scm/_integration/setuptools.py:24: RuntimeWarning: 
[1.622s] ERROR: setuptools==59.6.0 is used in combination with setuptools-scm>=8.x
[1.622s] 
[1.627s] Your build configuration is incomplete and previously worked by accident!
[1.627s] setuptools-scm requires setuptools>=61 (recommended: >=80)
[1.627s] 
[1.627s] Suggested workaround if applicable:
[1.627s]  - migrating from the deprecated setup_requires mechanism to pep517/518
[1.627s]    and using a pyproject.toml to declare build dependencies
[1.627s]    which are reliably pre-installed before running the build tools
[1.627s] 
[1.628s]   warnings.warn(
[1.628s] listing git files failed - pretending there aren't any
[1.631s] Installing transform_everything script to /root/ros2_ws/src/install/transform_sensors/lib/transform_sensors
[1.631s] writing list of installed files to '/root/ros2_ws/src/build/transform_sensors/install.log'
[1.739s] Invoked command in '/root/ros2_ws/src/utilities/transform_sensors' returned '0': PYTHONPATH=/root/ros2_ws/src/build/transform_sensors/prefix_override:/usr/lib/python3/dist-packages/colcon_core/task/python/colcon_distutils_commands:/root/ros2_ws/src/install/transform_sensors/lib/python3.10/site-packages:${PYTHONPATH} /usr/bin/python3 -W ignore:setup.py install is deprecated -W ignore:easy_install command is deprecated setup.py egg_info --egg-base ../../build/transform_sensors build --build-base /root/ros2_ws/src/build/transform_sensors/build install --record /root/ros2_ws/src/build/transform_sensors/install.log --install-scripts $base/lib/transform_sensors --single-version-externally-managed install_data
