[0.240s] Invoking command in '/root/ros2_ws/src/build/goalpoint_rviz_plugin': CMAKE_PREFIX_PATH=/opt/ros/humble /usr/bin/cmake /root/ros2_ws/src/utilities/goalpoint_rviz_plugin -DROS_EDITION=ROS2 -DHUMBLE_ROS=humble -DCMAKE_INSTALL_PREFIX=/root/ros2_ws/src/install/goalpoint_rviz_plugin
[0.622s] -- The C compiler identification is GNU 11.4.0
[0.622s] -- The CXX compiler identification is GNU 11.4.0
[0.622s] -- Detecting C compiler ABI info
[0.622s] -- Detecting C compiler ABI info - done
[0.622s] -- Check for working C compiler: /usr/bin/cc - skipped
[0.622s] -- Detecting C compile features
[0.622s] -- Detecting C compile features - done
[0.622s] -- Detecting CXX compiler ABI info
[0.622s] -- Detecting CXX compiler ABI info - done
[0.623s] -- Check for working CXX compiler: /usr/bin/c++ - skipped
[0.623s] -- Detecting CXX compile features
[0.623s] -- Detecting CXX compile features - done
[0.623s] -- Found ament_cmake: 1.3.12 (/opt/ros/humble/share/ament_cmake/cmake)
[0.903s] -- Found Python3: /usr/bin/python3 (found version "3.10.12") found components: Interpreter 
[1.171s] -- Found pluginlib: 5.1.3 (/opt/ros/humble/share/pluginlib/cmake)
[1.290s] -- Found rclcpp: 16.0.17 (/opt/ros/humble/share/rclcpp/cmake)
[1.351s] -- Found rosidl_generator_c: 3.1.8 (/opt/ros/humble/share/rosidl_generator_c/cmake)
[1.364s] -- Found rosidl_adapter: 3.1.8 (/opt/ros/humble/share/rosidl_adapter/cmake)
[1.379s] -- Found rosidl_generator_cpp: 3.1.8 (/opt/ros/humble/share/rosidl_generator_cpp/cmake)
[1.410s] -- Using all available rosidl_typesupport_c: rosidl_typesupport_fastrtps_c;rosidl_typesupport_introspection_c
[1.436s] -- Using all available rosidl_typesupport_cpp: rosidl_typesupport_fastrtps_cpp;rosidl_typesupport_introspection_cpp
[1.520s] -- Found rmw_implementation_cmake: 6.1.2 (/opt/ros/humble/share/rmw_implementation_cmake/cmake)
[1.532s] -- Found rmw_fastrtps_cpp: 6.2.9 (/opt/ros/humble/share/rmw_fastrtps_cpp/cmake)
[1.571s] -- Found TinyXML2 via Config file: TinyXML2_DIR-NOTFOUND
[1.639s] -- Found OpenSSL: /usr/lib/x86_64-linux-gnu/libcrypto.so (found version "3.0.2")  
[1.641s] -- Found TinyXML2 via Config file: TinyXML2_DIR-NOTFOUND
[1.660s] -- Found FastRTPS: /opt/ros/humble/include  
[1.664s] -- Found TinyXML2 via Config file: TinyXML2_DIR-NOTFOUND
[1.673s] -- Found TinyXML2 via Config file: TinyXML2_DIR-NOTFOUND
[1.684s] -- Using RMW implementation 'rmw_fastrtps_cpp' as default
[1.705s] -- Looking for pthread.h
[1.790s] -- Looking for pthread.h - found
[1.790s] -- Performing Test CMAKE_HAVE_LIBC_PTHREAD
[1.891s] -- Performing Test CMAKE_HAVE_LIBC_PTHREAD - Success
[1.893s] -- Found Threads: TRUE  
[1.988s] -- Found rviz2: 11.2.25 (/opt/ros/humble/share/rviz2/cmake)
[1.992s] -- Found rviz_common: 11.2.25 (/opt/ros/humble/share/rviz_common/cmake)
[2.008s] -- Setting assimp_DIR to: '/opt/ros/humble/share/rviz_assimp_vendor/cmake/../../../opt/rviz_assimp_vendor/lib/cmake/assimp-4.1'
[2.022s] -- Setting OGRE_DIR to: '/opt/ros/humble/share/rviz_ogre_vendor/cmake/../../../opt/rviz_ogre_vendor/lib/OGRE/cmake'
[2.025s] -- Found OGRE
[2.026s] --   static     : OFF
[2.026s] --   components : HLMS;MeshLodGenerator;Overlay;Paging;Property;RTShaderSystem;Terrain;Volume
[2.026s] --   plugins    : Plugin_BSPSceneManager;Plugin_OctreeSceneManager;Plugin_PCZSceneManager;Plugin_ParticleFX;RenderSystem_GL;RenderSystem_GL3Plus;Codec_STBI
[2.026s] --   media      : /opt/ros/humble/opt/rviz_ogre_vendor/share/OGRE/Media
[2.026s] -- OGRE_LIBRARIES: OgreHLMS;OgreMeshLodGenerator;OgreOverlay;OgrePaging;OgreProperty;OgreRTShaderSystem;OgreTerrain;OgreVolume;OgreMain
[2.026s] -- OGRE_LIBRARY_DIRS: /opt/ros/humble/opt/rviz_ogre_vendor/lib
[2.026s] -- OGRE_PLUGINS: Plugin_BSPSceneManager;Plugin_OctreeSceneManager;Plugin_PCZSceneManager;Plugin_ParticleFX;RenderSystem_GL;RenderSystem_GL3Plus;Codec_STBI
[2.026s] -- OGRE_PLUGIN_DIR: /opt/ros/humble/opt/rviz_ogre_vendor/lib/OGRE
[2.026s] -- rviz_ogre_vendor::OgreOverlay for IMPORTED_LOCATION_RELEASE: /opt/ros/humble/opt/rviz_ogre_vendor/lib/libOgreOverlay.so
[2.026s] -- rviz_ogre_vendor::OgreOverlay for IMPORTED_LOCATION_DEBUG: /opt/ros/humble/opt/rviz_ogre_vendor/lib/libOgreOverlay.so
[2.026s] -- rviz_ogre_vendor::OgreMain for IMPORTED_LOCATION_RELEASE: /opt/ros/humble/opt/rviz_ogre_vendor/lib/libOgreMain.so
[2.026s] -- rviz_ogre_vendor::OgreMain for IMPORTED_LOCATION_DEBUG: /opt/ros/humble/opt/rviz_ogre_vendor/lib/libOgreMain.so
[2.027s] -- Could not find freeimage library
[2.068s] -- Found ZLIB: /usr/lib/x86_64-linux-gnu/libz.so (found version "1.2.11") 
[2.078s] -- Found OpenGL: /usr/lib/x86_64-linux-gnu/libOpenGL.so   
[2.199s] -- Found X11: /usr/include   
[2.199s] -- Looking for XOpenDisplay in /usr/lib/x86_64-linux-gnu/libX11.so;/usr/lib/x86_64-linux-gnu/libXext.so
[2.360s] -- Looking for XOpenDisplay in /usr/lib/x86_64-linux-gnu/libX11.so;/usr/lib/x86_64-linux-gnu/libXext.so - found
[2.360s] -- Looking for gethostbyname
[2.490s] -- Looking for gethostbyname - found
[2.490s] -- Looking for connect
[2.649s] -- Looking for connect - found
[2.651s] -- Looking for remove
[2.780s] -- Looking for remove - found
[2.780s] -- Looking for shmat
[2.877s] -- Looking for shmat - found
[2.877s] -- Looking for IceConnectionNumber in ICE
[3.060s] -- Looking for IceConnectionNumber in ICE - found
[3.428s] -- library: /usr/lib/x86_64-linux-gnu/libcurl.so
[3.620s] -- Found Eigen3: TRUE (found version "3.4.0") 
[3.620s] -- Ensuring Eigen3 include directory is part of orocos-kdl CMake target
[4.387s] -- Found rviz_default_plugins: 11.2.25 (/opt/ros/humble/share/rviz_default_plugins/cmake)
[4.814s] -- Found ament_lint_auto: 0.12.14 (/opt/ros/humble/share/ament_lint_auto/cmake)
[5.047s] -- Added test 'copyright' to check source files copyright and LICENSE
[5.054s] -- Added test 'cppcheck' to perform static code analysis on C / C++ code
[5.054s] -- Configured cppcheck include dirs: /root/ros2_ws/src/utilities/goalpoint_rviz_plugin/include
[5.054s] -- Configured cppcheck exclude dirs and/or files: 
[5.059s] -- Added test 'cpplint' to check C / C++ code against the Google style
[5.059s] -- Configured cpplint exclude dirs and/or files: 
[5.059s] -- Added test 'lint_cmake' to check CMake code style
[5.059s] -- Added test 'uncrustify' to check C / C++ code style
[5.059s] -- Configured uncrustify additional arguments: 
[5.059s] -- Added test 'xmllint' to check XML markup files
[5.064s] -- Configuring done
[5.169s] -- Generating done
[5.182s] [33mCMake Warning:
[5.182s]   Manually-specified variables were not used by the project:
[5.182s] 
[5.182s]     HUMBLE_ROS
[5.182s]     ROS_EDITION
[5.182s] 
[5.182s] [0m
[5.189s] -- Build files have been written to: /root/ros2_ws/src/build/goalpoint_rviz_plugin
[5.243s] Invoked command in '/root/ros2_ws/src/build/goalpoint_rviz_plugin' returned '0': CMAKE_PREFIX_PATH=/opt/ros/humble /usr/bin/cmake /root/ros2_ws/src/utilities/goalpoint_rviz_plugin -DROS_EDITION=ROS2 -DHUMBLE_ROS=humble -DCMAKE_INSTALL_PREFIX=/root/ros2_ws/src/install/goalpoint_rviz_plugin
[5.244s] Invoking command in '/root/ros2_ws/src/build/goalpoint_rviz_plugin': CMAKE_PREFIX_PATH=/opt/ros/humble /usr/bin/cmake --build /root/ros2_ws/src/build/goalpoint_rviz_plugin -- -j24 -l24
[10.013s] [ 16%] [34m[1mAutomatic MOC for target goalpoint_rviz_plugin[0m
[10.013s] [ 16%] Built target goalpoint_rviz_plugin_autogen
[10.013s] [ 33%] [34m[1mGenerating include/moc_goalpoint_tool.cpp[0m
[10.014s] [ 50%] [32mBuilding CXX object CMakeFiles/goalpoint_rviz_plugin.dir/goalpoint_rviz_plugin_autogen/mocs_compilation.cpp.o[0m
[10.014s] [ 66%] [32mBuilding CXX object CMakeFiles/goalpoint_rviz_plugin.dir/src/goalpoint_tool.cpp.o[0m
[10.014s] [ 83%] [32mBuilding CXX object CMakeFiles/goalpoint_rviz_plugin.dir/include/moc_goalpoint_tool.cpp.o[0m
[17.955s] [01m[K/root/ros2_ws/src/utilities/goalpoint_rviz_plugin/src/goalpoint_tool.cpp:[m[K In member function ‘[01m[Kvirtual void goalpoint_rviz_plugin::GoalpointTool::onPoseSet(double, double, double)[m[K’:
[17.955s] [01m[K/root/ros2_ws/src/utilities/goalpoint_rviz_plugin/src/goalpoint_tool.cpp:52:58:[m[K [01;35m[Kwarning: [m[Kunused parameter ‘[01m[Ktheta[m[K’ [[01;35m[K-Wunused-parameter[m[K]
[17.955s]    52 | void GoalpointTool::onPoseSet(double x, double y, [01;35m[Kdouble theta[m[K)
[17.955s]       |                                                   [01;35m[K~~~~~~~^~~~~[m[K
[35.880s] [100%] [32m[1mLinking CXX shared library libgoalpoint_rviz_plugin.so[0m
[40.037s] [100%] Built target goalpoint_rviz_plugin
[40.061s] Invoked command in '/root/ros2_ws/src/build/goalpoint_rviz_plugin' returned '0': CMAKE_PREFIX_PATH=/opt/ros/humble /usr/bin/cmake --build /root/ros2_ws/src/build/goalpoint_rviz_plugin -- -j24 -l24
[40.066s] Invoking command in '/root/ros2_ws/src/build/goalpoint_rviz_plugin': CMAKE_PREFIX_PATH=/opt/ros/humble /usr/bin/cmake --install /root/ros2_ws/src/build/goalpoint_rviz_plugin
[40.081s] -- Install configuration: ""
[40.082s] -- Installing: /root/ros2_ws/src/install/goalpoint_rviz_plugin/share/goalpoint_rviz_plugin/plugin_description.xml
[40.085s] -- Installing: /root/ros2_ws/src/install/goalpoint_rviz_plugin/lib/goalpoint_rviz_plugin/libgoalpoint_rviz_plugin.so
[40.101s] -- Set runtime path of "/root/ros2_ws/src/install/goalpoint_rviz_plugin/lib/goalpoint_rviz_plugin/libgoalpoint_rviz_plugin.so" to ""
[40.101s] -- Installing: /root/ros2_ws/src/install/goalpoint_rviz_plugin/share/ament_index/resource_index/package_run_dependencies/goalpoint_rviz_plugin
[40.102s] -- Installing: /root/ros2_ws/src/install/goalpoint_rviz_plugin/share/ament_index/resource_index/parent_prefix_path/goalpoint_rviz_plugin
[40.108s] -- Installing: /root/ros2_ws/src/install/goalpoint_rviz_plugin/share/goalpoint_rviz_plugin/environment/ament_prefix_path.sh
[40.109s] -- Installing: /root/ros2_ws/src/install/goalpoint_rviz_plugin/share/goalpoint_rviz_plugin/environment/ament_prefix_path.dsv
[40.109s] -- Installing: /root/ros2_ws/src/install/goalpoint_rviz_plugin/share/goalpoint_rviz_plugin/environment/path.sh
[40.109s] -- Installing: /root/ros2_ws/src/install/goalpoint_rviz_plugin/share/goalpoint_rviz_plugin/environment/path.dsv
[40.109s] -- Installing: /root/ros2_ws/src/install/goalpoint_rviz_plugin/share/goalpoint_rviz_plugin/local_setup.bash
[40.109s] -- Installing: /root/ros2_ws/src/install/goalpoint_rviz_plugin/share/goalpoint_rviz_plugin/local_setup.sh
[40.109s] -- Installing: /root/ros2_ws/src/install/goalpoint_rviz_plugin/share/goalpoint_rviz_plugin/local_setup.zsh
[40.109s] -- Installing: /root/ros2_ws/src/install/goalpoint_rviz_plugin/share/goalpoint_rviz_plugin/local_setup.dsv
[40.109s] -- Installing: /root/ros2_ws/src/install/goalpoint_rviz_plugin/share/goalpoint_rviz_plugin/package.dsv
[40.113s] -- Installing: /root/ros2_ws/src/install/goalpoint_rviz_plugin/share/ament_index/resource_index/packages/goalpoint_rviz_plugin
[40.113s] -- Installing: /root/ros2_ws/src/install/goalpoint_rviz_plugin/share/ament_index/resource_index/rviz_common__pluginlib__plugin/goalpoint_rviz_plugin
[40.113s] -- Installing: /root/ros2_ws/src/install/goalpoint_rviz_plugin/share/goalpoint_rviz_plugin/cmake/ament_cmake_export_dependencies-extras.cmake
[40.113s] -- Installing: /root/ros2_ws/src/install/goalpoint_rviz_plugin/share/goalpoint_rviz_plugin/cmake/goalpoint_rviz_pluginConfig.cmake
[40.113s] -- Installing: /root/ros2_ws/src/install/goalpoint_rviz_plugin/share/goalpoint_rviz_plugin/cmake/goalpoint_rviz_pluginConfig-version.cmake
[40.113s] -- Installing: /root/ros2_ws/src/install/goalpoint_rviz_plugin/share/goalpoint_rviz_plugin/package.xml
[40.124s] Invoked command in '/root/ros2_ws/src/build/goalpoint_rviz_plugin' returned '0': CMAKE_PREFIX_PATH=/opt/ros/humble /usr/bin/cmake --install /root/ros2_ws/src/build/goalpoint_rviz_plugin
