[0.432s] Invoking command in '/root/ros2_ws/src/build/visualization_tools': CMAKE_PREFIX_PATH=/opt/ros/humble /usr/bin/cmake /root/ros2_ws/src/base_autonomy/visualization_tools -DROS_EDITION=ROS2 -DHUMBLE_ROS=humble -DCMAKE_INSTALL_PREFIX=/root/ros2_ws/src/install/visualization_tools
[0.490s] -- The C compiler identification is GNU 11.4.0
[0.574s] -- The CXX compiler identification is GNU 11.4.0
[0.591s] -- Detecting C compiler ABI info
[0.695s] -- Detecting C compiler ABI info - done
[0.701s] -- Check for working C compiler: /usr/bin/cc - skipped
[0.701s] -- Detecting C compile features
[0.701s] -- Detecting C compile features - done
[0.704s] -- Detecting CXX compiler ABI info
[0.821s] -- Detecting CXX compiler ABI info - done
[0.837s] -- Check for working CXX compiler: /usr/bin/c++ - skipped
[0.838s] -- Detecting CXX compile features
[0.838s] -- Detecting CXX compile features - done
[0.870s] -- Found ament_cmake: 1.3.12 (/opt/ros/humble/share/ament_cmake/cmake)
[1.094s] -- Found Python3: /usr/bin/python3 (found version "3.10.12") found components: Interpreter 
[1.320s] -- Found rclcpp: 16.0.17 (/opt/ros/humble/share/rclcpp/cmake)
[1.436s] -- Found rosidl_generator_c: 3.1.8 (/opt/ros/humble/share/rosidl_generator_c/cmake)
[1.445s] -- Found rosidl_adapter: 3.1.8 (/opt/ros/humble/share/rosidl_adapter/cmake)
[1.464s] -- Found rosidl_generator_cpp: 3.1.8 (/opt/ros/humble/share/rosidl_generator_cpp/cmake)
[1.485s] -- Using all available rosidl_typesupport_c: rosidl_typesupport_fastrtps_c;rosidl_typesupport_introspection_c
[1.508s] -- Using all available rosidl_typesupport_cpp: rosidl_typesupport_fastrtps_cpp;rosidl_typesupport_introspection_cpp
[1.584s] -- Found rmw_implementation_cmake: 6.1.2 (/opt/ros/humble/share/rmw_implementation_cmake/cmake)
[1.588s] -- Found rmw_fastrtps_cpp: 6.2.9 (/opt/ros/humble/share/rmw_fastrtps_cpp/cmake)
[1.706s] -- Found OpenSSL: /usr/lib/x86_64-linux-gnu/libcrypto.so (found version "3.0.2")  
[1.766s] -- Found FastRTPS: /opt/ros/humble/include  
[1.917s] -- Using RMW implementation 'rmw_fastrtps_cpp' as default
[1.967s] -- Looking for pthread.h
[2.060s] -- Looking for pthread.h - found
[2.060s] -- Performing Test CMAKE_HAVE_LIBC_PTHREAD
[2.146s] -- Performing Test CMAKE_HAVE_LIBC_PTHREAD - Success
[2.148s] -- Found Threads: TRUE  
[2.306s] -- Found rclpy: 3.3.19 (/opt/ros/humble/share/rclpy/cmake)
[2.306s] -- Found nav_msgs: 4.9.0 (/opt/ros/humble/share/nav_msgs/cmake)
[2.358s] -- Found sensor_msgs: 4.9.0 (/opt/ros/humble/share/sensor_msgs/cmake)
[2.380s] -- Found tf2_ros: 0.25.18 (/opt/ros/humble/share/tf2_ros/cmake)
[2.606s] -- Found tf2_geometry_msgs: 0.25.18 (/opt/ros/humble/share/tf2_geometry_msgs/cmake)
[2.648s] -- Found eigen3_cmake_module: 0.1.1 (/opt/ros/humble/share/eigen3_cmake_module/cmake)
[2.648s] -- Found Eigen3: TRUE (found version "3.4.0") 
[2.649s] -- Ensuring Eigen3 include directory is part of orocos-kdl CMake target
[2.661s] -- Found pcl_conversions: 2.4.5 (/opt/ros/humble/share/pcl_conversions/cmake)
[2.725s] -- Checking for module 'eigen3'
[2.746s] --   Found eigen3, version 3.4.0
[2.853s] -- Found Eigen: /usr/include/eigen3 (Required is at least version "3.1") 
[2.854s] -- Eigen found (include: /usr/include/eigen3, version: 3.4.0)
[3.041s] -- Checking for module 'flann'
[3.065s] --   Found flann, version 1.9.1
[3.135s] -- Found FLANN: /usr/lib/x86_64-linux-gnu/libflann_cpp.so  
[3.135s] -- FLANN found (include: /usr/include, lib: /usr/lib/x86_64-linux-gnu/libflann_cpp.so)
[6.644s] -- Checking for module 'libusb-1.0'
[6.715s] --   Found libusb-1.0, version 1.0.25
[6.854s] -- Found libusb: /usr/lib/x86_64-linux-gnu/libusb-1.0.so  
[6.859s] -- OpenNI found (version: 1.5.4.0, include: /usr/include/ni, lib: /usr/lib/libOpenNI.so;libusb::libusb)
[7.134s] -- OpenNI2 found (version: 2.2.0.33, include: /usr/include/openni2, lib: /usr/lib/x86_64-linux-gnu/libOpenNI2.so;libusb::libusb)
[7.968s] -- Eigen found (include: /usr/include/eigen3, version: 3.4.0)
[7.991s] -- OpenNI found (version: 1.5.4.0, include: /usr/include/ni, lib: /usr/lib/libOpenNI.so;libusb::libusb)
[8.005s] -- OpenNI2 found (version: 2.2.0.33, include: /usr/include/openni2, lib: /usr/lib/x86_64-linux-gnu/libOpenNI2.so;libusb::libusb)
[8.362s] -- Found Qhull version 8.0.2
[9.022s] -- OpenNI found (version: 1.5.4.0, include: /usr/include/ni, lib: /usr/lib/libOpenNI.so;libusb::libusb)
[9.631s] -- Found PCL_COMMON: /usr/lib/x86_64-linux-gnu/libpcl_common.so  
[9.639s] -- Found PCL_KDTREE: /usr/lib/x86_64-linux-gnu/libpcl_kdtree.so  
[9.639s] -- Found PCL_OCTREE: /usr/lib/x86_64-linux-gnu/libpcl_octree.so  
[9.644s] -- Found PCL_SEARCH: /usr/lib/x86_64-linux-gnu/libpcl_search.so  
[9.646s] -- Found PCL_SAMPLE_CONSENSUS: /usr/lib/x86_64-linux-gnu/libpcl_sample_consensus.so  
[9.651s] -- Found PCL_FILTERS: /usr/lib/x86_64-linux-gnu/libpcl_filters.so  
[9.652s] -- Found PCL_2D: /usr/include/pcl-1.12  
[9.656s] -- Found PCL_GEOMETRY: /usr/include/pcl-1.12  
[9.658s] -- Found PCL_IO: /usr/lib/x86_64-linux-gnu/libpcl_io.so  
[9.664s] -- Found PCL_FEATURES: /usr/lib/x86_64-linux-gnu/libpcl_features.so  
[9.670s] -- Found PCL_ML: /usr/lib/x86_64-linux-gnu/libpcl_ml.so  
[9.672s] -- Found PCL_SEGMENTATION: /usr/lib/x86_64-linux-gnu/libpcl_segmentation.so  
[9.674s] -- Found PCL_VISUALIZATION: /usr/lib/x86_64-linux-gnu/libpcl_visualization.so  
[9.680s] -- Found PCL_SURFACE: /usr/lib/x86_64-linux-gnu/libpcl_surface.so  
[9.682s] -- Found PCL_REGISTRATION: /usr/lib/x86_64-linux-gnu/libpcl_registration.so  
[9.687s] -- Found PCL_KEYPOINTS: /usr/lib/x86_64-linux-gnu/libpcl_keypoints.so  
[9.693s] -- Found PCL_TRACKING: /usr/lib/x86_64-linux-gnu/libpcl_tracking.so  
[9.696s] -- Found PCL_RECOGNITION: /usr/lib/x86_64-linux-gnu/libpcl_recognition.so  
[9.701s] -- Found PCL_STEREO: /usr/lib/x86_64-linux-gnu/libpcl_stereo.so  
[9.710s] -- Found PCL_APPS: /usr/lib/x86_64-linux-gnu/libpcl_apps.so  
[9.712s] -- Found PCL_IN_HAND_SCANNER: /usr/include/pcl-1.12  
[9.713s] -- Found PCL_MODELER: /usr/include/pcl-1.12  
[9.714s] -- Found PCL_POINT_CLOUD_EDITOR: /usr/include/pcl-1.12  
[9.718s] -- Found PCL_OUTOFCORE: /usr/lib/x86_64-linux-gnu/libpcl_outofcore.so  
[9.721s] -- Found PCL_PEOPLE: /usr/lib/x86_64-linux-gnu/libpcl_people.so  
[9.743s] -- Found pcl_ros: 2.4.5 (/opt/ros/humble/share/pcl_ros/cmake)
[10.214s] -- Found ament_lint_auto: 0.12.14 (/opt/ros/humble/share/ament_lint_auto/cmake)
[10.738s] -- Added test 'copyright' to check source files copyright and LICENSE
[10.753s] -- Added test 'cppcheck' to perform static code analysis on C / C++ code
[10.754s] -- Configured cppcheck include dirs: 
[10.754s] -- Configured cppcheck exclude dirs and/or files: 
[10.761s] -- Added test 'cpplint' to check C / C++ code against the Google style
[10.761s] -- Configured cpplint exclude dirs and/or files: 
[10.765s] -- Added test 'flake8' to check Python code syntax and style conventions
[10.770s] -- Added test 'lint_cmake' to check CMake code style
[10.781s] -- Added test 'pep257' to check Python code against some of the docstring style conventions in PEP 257
[10.787s] -- Added test 'uncrustify' to check C / C++ code style
[10.788s] -- Configured uncrustify additional arguments: 
[10.792s] -- Added test 'xmllint' to check XML markup files
[10.806s] -- Configuring done
[11.196s] -- Generating done
[11.206s] [33mCMake Warning:
[11.206s]   Manually-specified variables were not used by the project:
[11.206s] 
[11.206s]     HUMBLE_ROS
[11.207s]     ROS_EDITION
[11.207s] 
[11.207s] [0m
[11.283s] -- Build files have been written to: /root/ros2_ws/src/build/visualization_tools
[11.431s] Invoked command in '/root/ros2_ws/src/build/visualization_tools' returned '0': CMAKE_PREFIX_PATH=/opt/ros/humble /usr/bin/cmake /root/ros2_ws/src/base_autonomy/visualization_tools -DROS_EDITION=ROS2 -DHUMBLE_ROS=humble -DCMAKE_INSTALL_PREFIX=/root/ros2_ws/src/install/visualization_tools
[11.440s] Invoking command in '/root/ros2_ws/src/build/visualization_tools': CMAKE_PREFIX_PATH=/opt/ros/humble /usr/bin/cmake --build /root/ros2_ws/src/build/visualization_tools -- -j24 -l24
[15.845s] [ 50%] [32mBuilding CXX object CMakeFiles/visualizationTools.dir/src/visualizationTools.cpp.o[0m
[15.846s] [ 50%] Built target ament_cmake_python_copy_visualization_tools
[15.846s] running egg_info
[15.846s] creating visualization_tools.egg-info
[15.846s] writing visualization_tools.egg-info/PKG-INFO
[15.846s] writing dependency_links to visualization_tools.egg-info/dependency_links.txt
[15.846s] writing top-level names to visualization_tools.egg-info/top_level.txt
[15.846s] writing manifest file 'visualization_tools.egg-info/SOURCES.txt'
[15.846s] reading manifest file 'visualization_tools.egg-info/SOURCES.txt'
[15.846s] writing manifest file 'visualization_tools.egg-info/SOURCES.txt'
[15.846s] [ 50%] Built target ament_cmake_python_build_visualization_tools_egg
[15.854s] In file included from [01m[K/root/ros2_ws/src/base_autonomy/visualization_tools/src/visualizationTools.cpp:19[m[K:
[15.854s] [01m[K/opt/ros/humble/include/tf2_geometry_msgs/tf2_geometry_msgs/tf2_geometry_msgs.h:35:2:[m[K [01;35m[Kwarning: [m[K#warning This header is obsolete, please include tf2_geometry_msgs/tf2_geometry_msgs.hpp instead [[01;35m[K-Wcpp[m[K]
[15.855s]    35 | #[01;35m[Kwarning[m[K This header is obsolete, please include tf2_geometry_msgs/tf2_geometry_msgs.hpp instead
[15.855s]       |  [01;35m[K^~~~~~~[m[K
[15.855s] /usr/local/lib/python3.10/dist-packages/setuptools_scm/_integration/setuptools.py:24: RuntimeWarning: 
[15.855s] ERROR: setuptools==59.6.0 is used in combination with setuptools-scm>=8.x
[15.855s] 
[15.855s] Your build configuration is incomplete and previously worked by accident!
[15.855s] setuptools-scm requires setuptools>=61 (recommended: >=80)
[15.855s] 
[15.855s] Suggested workaround if applicable:
[15.855s]  - migrating from the deprecated setup_requires mechanism to pep517/518
[15.855s]    and using a pyproject.toml to declare build dependencies
[15.855s]    which are reliably pre-installed before running the build tools
[15.855s] 
[15.855s]   warnings.warn(
[15.855s] listing git files failed - pretending there aren't any
[52.876s] [100%] [32m[1mLinking CXX executable visualizationTools[0m
[55.086s] [100%] Built target visualizationTools
[55.099s] Invoked command in '/root/ros2_ws/src/build/visualization_tools' returned '0': CMAKE_PREFIX_PATH=/opt/ros/humble /usr/bin/cmake --build /root/ros2_ws/src/build/visualization_tools -- -j24 -l24
[55.101s] Invoking command in '/root/ros2_ws/src/build/visualization_tools': CMAKE_PREFIX_PATH=/opt/ros/humble /usr/bin/cmake --install /root/ros2_ws/src/build/visualization_tools
[55.113s] -- Install configuration: ""
[55.113s] -- Installing: /root/ros2_ws/src/install/visualization_tools/lib/visualization_tools/visualizationTools
[55.121s] -- Set runtime path of "/root/ros2_ws/src/install/visualization_tools/lib/visualization_tools/visualizationTools" to ""
[55.122s] -- Installing: /root/ros2_ws/src/install/visualization_tools/share/visualization_tools/launch
[55.122s] -- Installing: /root/ros2_ws/src/install/visualization_tools/share/visualization_tools/launch/visualization_tools.launch
[55.122s] -- Installing: /root/ros2_ws/src/install/visualization_tools/share/visualization_tools/environment/pythonpath.sh
[55.122s] -- Installing: /root/ros2_ws/src/install/visualization_tools/share/visualization_tools/environment/pythonpath.dsv
[55.122s] -- Installing: /root/ros2_ws/src/install/visualization_tools/local/lib/python3.10/dist-packages/visualization_tools-0.0.1-py3.10.egg-info
[55.123s] -- Installing: /root/ros2_ws/src/install/visualization_tools/local/lib/python3.10/dist-packages/visualization_tools-0.0.1-py3.10.egg-info/PKG-INFO
[55.123s] -- Installing: /root/ros2_ws/src/install/visualization_tools/local/lib/python3.10/dist-packages/visualization_tools-0.0.1-py3.10.egg-info/dependency_links.txt
[55.123s] -- Installing: /root/ros2_ws/src/install/visualization_tools/local/lib/python3.10/dist-packages/visualization_tools-0.0.1-py3.10.egg-info/SOURCES.txt
[55.123s] -- Installing: /root/ros2_ws/src/install/visualization_tools/local/lib/python3.10/dist-packages/visualization_tools-0.0.1-py3.10.egg-info/top_level.txt
[55.123s] -- Installing: /root/ros2_ws/src/install/visualization_tools/local/lib/python3.10/dist-packages/visualization_tools
[55.124s] -- Installing: /root/ros2_ws/src/install/visualization_tools/local/lib/python3.10/dist-packages/visualization_tools/__init__.py
[55.168s] Listing '/root/ros2_ws/src/install/visualization_tools/local/lib/python3.10/dist-packages/visualization_tools'...
[55.168s] Compiling '/root/ros2_ws/src/install/visualization_tools/local/lib/python3.10/dist-packages/visualization_tools/__init__.py'...
[55.174s] -- Installing: /root/ros2_ws/src/install/visualization_tools/lib/visualization_tools/realTimePlot.py
[55.174s] -- Installing: /root/ros2_ws/src/install/visualization_tools/share/ament_index/resource_index/package_run_dependencies/visualization_tools
[55.175s] -- Installing: /root/ros2_ws/src/install/visualization_tools/share/ament_index/resource_index/parent_prefix_path/visualization_tools
[55.175s] -- Installing: /root/ros2_ws/src/install/visualization_tools/share/visualization_tools/environment/ament_prefix_path.sh
[55.175s] -- Installing: /root/ros2_ws/src/install/visualization_tools/share/visualization_tools/environment/ament_prefix_path.dsv
[55.175s] -- Installing: /root/ros2_ws/src/install/visualization_tools/share/visualization_tools/environment/path.sh
[55.175s] -- Installing: /root/ros2_ws/src/install/visualization_tools/share/visualization_tools/environment/path.dsv
[55.175s] -- Installing: /root/ros2_ws/src/install/visualization_tools/share/visualization_tools/local_setup.bash
[55.175s] -- Installing: /root/ros2_ws/src/install/visualization_tools/share/visualization_tools/local_setup.sh
[55.176s] -- Installing: /root/ros2_ws/src/install/visualization_tools/share/visualization_tools/local_setup.zsh
[55.176s] -- Installing: /root/ros2_ws/src/install/visualization_tools/share/visualization_tools/local_setup.dsv
[55.176s] -- Installing: /root/ros2_ws/src/install/visualization_tools/share/visualization_tools/package.dsv
[55.176s] -- Installing: /root/ros2_ws/src/install/visualization_tools/share/ament_index/resource_index/packages/visualization_tools
[55.176s] -- Installing: /root/ros2_ws/src/install/visualization_tools/share/visualization_tools/cmake/visualization_toolsConfig.cmake
[55.176s] -- Installing: /root/ros2_ws/src/install/visualization_tools/share/visualization_tools/cmake/visualization_toolsConfig-version.cmake
[55.177s] -- Installing: /root/ros2_ws/src/install/visualization_tools/share/visualization_tools/package.xml
[55.181s] Invoked command in '/root/ros2_ws/src/build/visualization_tools' returned '0': CMAKE_PREFIX_PATH=/opt/ros/humble /usr/bin/cmake --install /root/ros2_ws/src/build/visualization_tools
