[0.009s] Invoking command in '/root/ros2_ws/src/build/vehicle_simulator': AMENT_PREFIX_PATH=/root/ros2_ws/src/install/ros_tcp_endpoint:${AMENT_PREFIX_PATH} CMAKE_PREFIX_PATH=/opt/ros/humble PYTHONPATH=/root/ros2_ws/src/install/ros_tcp_endpoint/lib/python3.10/site-packages:${PYTHONPATH} /usr/bin/cmake --build /root/ros2_ws/src/build/vehicle_simulator -- -j24 -l24
[0.036s] [35m[1mConsolidate compiler generated dependencies of target sim_image_repub[0m
[0.038s] [35m[1mConsolidate compiler generated dependencies of target vehicleSimulator[0m
[0.048s] [ 50%] Built target sim_image_repub
[0.053s] [100%] Built target vehicleSimulator
[0.060s] Invoked command in '/root/ros2_ws/src/build/vehicle_simulator' returned '0': AMENT_PREFIX_PATH=/root/ros2_ws/src/install/ros_tcp_endpoint:${AMENT_PREFIX_PATH} CMAKE_PREFIX_PATH=/opt/ros/humble PYTHONPATH=/root/ros2_ws/src/install/ros_tcp_endpoint/lib/python3.10/site-packages:${PYTHONPATH} /usr/bin/cmake --build /root/ros2_ws/src/build/vehicle_simulator -- -j24 -l24
[0.061s] Invoking command in '/root/ros2_ws/src/build/vehicle_simulator': AMENT_PREFIX_PATH=/root/ros2_ws/src/install/ros_tcp_endpoint:${AMENT_PREFIX_PATH} CMAKE_PREFIX_PATH=/opt/ros/humble PYTHONPATH=/root/ros2_ws/src/install/ros_tcp_endpoint/lib/python3.10/site-packages:${PYTHONPATH} /usr/bin/cmake --install /root/ros2_ws/src/build/vehicle_simulator
[0.064s] -- Install configuration: ""
[0.064s] -- Up-to-date: /root/ros2_ws/src/install/vehicle_simulator/lib/vehicle_simulator/vehicleSimulator
[0.064s] -- Up-to-date: /root/ros2_ws/src/install/vehicle_simulator/lib/vehicle_simulator/sim_image_repub
[0.064s] -- Up-to-date: /root/ros2_ws/src/install/vehicle_simulator/share/vehicle_simulator/launch
[0.064s] -- Up-to-date: /root/ros2_ws/src/install/vehicle_simulator/share/vehicle_simulator/launch/vehicle_simulator.launch
[0.064s] -- Installing: /root/ros2_ws/src/install/vehicle_simulator/share/vehicle_simulator/launch/system_simulation_superodom.launch.py
[0.065s] -- Installing: /root/ros2_ws/src/install/vehicle_simulator/share/vehicle_simulator/launch/system_real_robot_with_route_planner_superodom.launch.py
[0.065s] -- Up-to-date: /root/ros2_ws/src/install/vehicle_simulator/share/vehicle_simulator/launch/system_real_robot_with_route_planner_superodom.launch
[0.065s] -- Installing: /root/ros2_ws/src/install/vehicle_simulator/share/vehicle_simulator/launch/system_real_robot_superodom.launch.py
[0.065s] -- Installing: /root/ros2_ws/src/install/vehicle_simulator/share/vehicle_simulator/launch/system_simulation_with_route_planner_superodom.launch.py
[0.065s] -- Up-to-date: /root/ros2_ws/src/install/vehicle_simulator/share/vehicle_simulator/launch/system_simulation_with_route_planner_superodom.launch
[0.065s] -- Up-to-date: /root/ros2_ws/src/install/vehicle_simulator/share/vehicle_simulator/launch/system_simulation_with_route_planner.launch
[0.065s] -- Up-to-date: /root/ros2_ws/src/install/vehicle_simulator/share/vehicle_simulator/launch/system_real_robot.launch
[0.065s] -- Up-to-date: /root/ros2_ws/src/install/vehicle_simulator/share/vehicle_simulator/launch/system_simulation_superodom.launch
[0.065s] -- Up-to-date: /root/ros2_ws/src/install/vehicle_simulator/share/vehicle_simulator/launch/system_real_robot_with_route_planner.launch
[0.065s] -- Up-to-date: /root/ros2_ws/src/install/vehicle_simulator/share/vehicle_simulator/launch/system_real_robot_superodom.launch
[0.065s] -- Up-to-date: /root/ros2_ws/src/install/vehicle_simulator/share/vehicle_simulator/launch/system_simulation.launch
[0.065s] -- Up-to-date: /root/ros2_ws/src/install/vehicle_simulator/share/vehicle_simulator/mesh
[0.065s] -- Up-to-date: /root/ros2_ws/src/install/vehicle_simulator/share/vehicle_simulator/mesh/unity
[0.065s] -- Up-to-date: /root/ros2_ws/src/install/vehicle_simulator/share/vehicle_simulator/mesh/unity/readme.txt
[0.065s] -- Up-to-date: /root/ros2_ws/src/install/vehicle_simulator/share/vehicle_simulator/rviz
[0.065s] -- Up-to-date: /root/ros2_ws/src/install/vehicle_simulator/share/vehicle_simulator/rviz/vehicle_simulator.rviz
[0.065s] -- Up-to-date: /root/ros2_ws/src/install/vehicle_simulator/share/vehicle_simulator/log
[0.065s] -- Up-to-date: /root/ros2_ws/src/install/vehicle_simulator/share/vehicle_simulator/log/readme.txt
[0.065s] -- Up-to-date: /root/ros2_ws/src/install/vehicle_simulator/share/ament_index/resource_index/package_run_dependencies/vehicle_simulator
[0.065s] -- Up-to-date: /root/ros2_ws/src/install/vehicle_simulator/share/ament_index/resource_index/parent_prefix_path/vehicle_simulator
[0.065s] -- Up-to-date: /root/ros2_ws/src/install/vehicle_simulator/share/vehicle_simulator/environment/ament_prefix_path.sh
[0.065s] -- Up-to-date: /root/ros2_ws/src/install/vehicle_simulator/share/vehicle_simulator/environment/ament_prefix_path.dsv
[0.065s] -- Up-to-date: /root/ros2_ws/src/install/vehicle_simulator/share/vehicle_simulator/environment/path.sh
[0.065s] -- Up-to-date: /root/ros2_ws/src/install/vehicle_simulator/share/vehicle_simulator/environment/path.dsv
[0.065s] -- Up-to-date: /root/ros2_ws/src/install/vehicle_simulator/share/vehicle_simulator/local_setup.bash
[0.065s] -- Up-to-date: /root/ros2_ws/src/install/vehicle_simulator/share/vehicle_simulator/local_setup.sh
[0.065s] -- Up-to-date: /root/ros2_ws/src/install/vehicle_simulator/share/vehicle_simulator/local_setup.zsh
[0.065s] -- Up-to-date: /root/ros2_ws/src/install/vehicle_simulator/share/vehicle_simulator/local_setup.dsv
[0.065s] -- Installing: /root/ros2_ws/src/install/vehicle_simulator/share/vehicle_simulator/package.dsv
[0.065s] -- Up-to-date: /root/ros2_ws/src/install/vehicle_simulator/share/ament_index/resource_index/packages/vehicle_simulator
[0.065s] -- Up-to-date: /root/ros2_ws/src/install/vehicle_simulator/share/vehicle_simulator/cmake/vehicle_simulatorConfig.cmake
[0.066s] -- Up-to-date: /root/ros2_ws/src/install/vehicle_simulator/share/vehicle_simulator/cmake/vehicle_simulatorConfig-version.cmake
[0.066s] -- Up-to-date: /root/ros2_ws/src/install/vehicle_simulator/share/vehicle_simulator/package.xml
[0.066s] Invoked command in '/root/ros2_ws/src/build/vehicle_simulator' returned '0': AMENT_PREFIX_PATH=/root/ros2_ws/src/install/ros_tcp_endpoint:${AMENT_PREFIX_PATH} CMAKE_PREFIX_PATH=/opt/ros/humble PYTHONPATH=/root/ros2_ws/src/install/ros_tcp_endpoint/lib/python3.10/site-packages:${PYTHONPATH} /usr/bin/cmake --install /root/ros2_ws/src/build/vehicle_simulator
