[0.037s] Invoking command in '/root/ros2_ws/src/build/visibility_graph_msg': CMAKE_PREFIX_PATH=/opt/ros/humble /usr/bin/cmake --build /root/ros2_ws/src/build/visibility_graph_msg -- -j24 -l24
[0.609s] /usr/local/lib/python3.10/dist-packages/setuptools_scm/_integration/setuptools.py:24: RuntimeWarning: 
[0.609s] ERROR: setuptools==59.6.0 is used in combination with setuptools-scm>=8.x
[0.609s] 
[0.609s] Your build configuration is incomplete and previously worked by accident!
[0.609s] setuptools-scm requires setuptools>=61 (recommended: >=80)
[0.609s] 
[0.609s] Suggested workaround if applicable:
[0.609s]  - migrating from the deprecated setup_requires mechanism to pep517/518
[0.609s]    and using a pyproject.toml to declare build dependencies
[0.609s]    which are reliably pre-installed before running the build tools
[0.609s] 
[0.609s]   warnings.warn(
[0.609s] listing git files failed - pretending there aren't any
[0.609s] [  2%] Built target visibility_graph_msg__cpp
[0.610s] [  2%] Built target ament_cmake_python_copy_visibility_graph_msg
[0.610s] [ 12%] Built target visibility_graph_msg__rosidl_generator_c
[0.610s] [ 23%] Built target visibility_graph_msg__rosidl_typesupport_cpp
[0.610s] [ 33%] Built target visibility_graph_msg__rosidl_typesupport_fastrtps_cpp
[0.610s] [ 43%] Built target visibility_graph_msg__rosidl_typesupport_fastrtps_c
[0.610s] [ 53%] Built target visibility_graph_msg__rosidl_typesupport_c
[0.610s] [ 64%] Built target visibility_graph_msg__rosidl_typesupport_introspection_c
[0.610s] [ 74%] Built target visibility_graph_msg__rosidl_typesupport_introspection_cpp
[0.610s] [ 74%] Built target visibility_graph_msg
[0.610s] [ 76%] Built target visibility_graph_msg__py
[0.610s] [ 84%] Built target visibility_graph_msg__rosidl_generator_py
[0.610s] [ 89%] Built target visibility_graph_msg__rosidl_typesupport_fastrtps_c__pyext
[0.610s] [ 94%] Built target visibility_graph_msg__rosidl_typesupport_introspection_c__pyext
[0.610s] [100%] Built target visibility_graph_msg__rosidl_typesupport_c__pyext
[0.610s] running egg_info
[0.610s] writing visibility_graph_msg.egg-info/PKG-INFO
[0.610s] writing dependency_links to visibility_graph_msg.egg-info/dependency_links.txt
[0.610s] writing top-level names to visibility_graph_msg.egg-info/top_level.txt
[0.640s] reading manifest file 'visibility_graph_msg.egg-info/SOURCES.txt'
[0.641s] writing manifest file 'visibility_graph_msg.egg-info/SOURCES.txt'
[0.692s] [100%] Built target ament_cmake_python_build_visibility_graph_msg_egg
[0.844s] Invoked command in '/root/ros2_ws/src/build/visibility_graph_msg' returned '0': CMAKE_PREFIX_PATH=/opt/ros/humble /usr/bin/cmake --build /root/ros2_ws/src/build/visibility_graph_msg -- -j24 -l24
[0.863s] Invoking command in '/root/ros2_ws/src/build/visibility_graph_msg': CMAKE_PREFIX_PATH=/opt/ros/humble /usr/bin/cmake --install /root/ros2_ws/src/build/visibility_graph_msg
[0.932s] -- Install configuration: ""
[0.936s] -- Up-to-date: /root/ros2_ws/src/install/visibility_graph_msg/share/ament_index/resource_index/rosidl_interfaces/visibility_graph_msg
[0.936s] -- Up-to-date: /root/ros2_ws/src/install/visibility_graph_msg/include/visibility_graph_msg/visibility_graph_msg
[0.936s] -- Up-to-date: /root/ros2_ws/src/install/visibility_graph_msg/include/visibility_graph_msg/visibility_graph_msg/msg
[0.936s] -- Up-to-date: /root/ros2_ws/src/install/visibility_graph_msg/include/visibility_graph_msg/visibility_graph_msg/msg/node.h
[0.936s] -- Up-to-date: /root/ros2_ws/src/install/visibility_graph_msg/include/visibility_graph_msg/visibility_graph_msg/msg/detail
[0.936s] -- Up-to-date: /root/ros2_ws/src/install/visibility_graph_msg/include/visibility_graph_msg/visibility_graph_msg/msg/detail/graph__functions.h
[0.937s] -- Up-to-date: /root/ros2_ws/src/install/visibility_graph_msg/include/visibility_graph_msg/visibility_graph_msg/msg/detail/node__functions.c
[0.937s] -- Up-to-date: /root/ros2_ws/src/install/visibility_graph_msg/include/visibility_graph_msg/visibility_graph_msg/msg/detail/node__type_support.h
[0.937s] -- Up-to-date: /root/ros2_ws/src/install/visibility_graph_msg/include/visibility_graph_msg/visibility_graph_msg/msg/detail/graph__type_support.h
[0.937s] -- Up-to-date: /root/ros2_ws/src/install/visibility_graph_msg/include/visibility_graph_msg/visibility_graph_msg/msg/detail/node__functions.h
[0.937s] -- Up-to-date: /root/ros2_ws/src/install/visibility_graph_msg/include/visibility_graph_msg/visibility_graph_msg/msg/detail/graph__struct.h
[0.937s] -- Up-to-date: /root/ros2_ws/src/install/visibility_graph_msg/include/visibility_graph_msg/visibility_graph_msg/msg/detail/node__struct.h
[0.938s] -- Up-to-date: /root/ros2_ws/src/install/visibility_graph_msg/include/visibility_graph_msg/visibility_graph_msg/msg/detail/graph__functions.c
[0.938s] -- Up-to-date: /root/ros2_ws/src/install/visibility_graph_msg/include/visibility_graph_msg/visibility_graph_msg/msg/rosidl_generator_c__visibility_control.h
[0.938s] -- Up-to-date: /root/ros2_ws/src/install/visibility_graph_msg/include/visibility_graph_msg/visibility_graph_msg/msg/graph.h
[0.938s] -- Up-to-date: /root/ros2_ws/src/install/visibility_graph_msg/share/visibility_graph_msg/environment/library_path.sh
[0.938s] -- Up-to-date: /root/ros2_ws/src/install/visibility_graph_msg/share/visibility_graph_msg/environment/library_path.dsv
[0.941s] -- Up-to-date: /root/ros2_ws/src/install/visibility_graph_msg/lib/libvisibility_graph_msg__rosidl_generator_c.so
[0.941s] -- Up-to-date: /root/ros2_ws/src/install/visibility_graph_msg/include/visibility_graph_msg/visibility_graph_msg
[0.941s] -- Up-to-date: /root/ros2_ws/src/install/visibility_graph_msg/include/visibility_graph_msg/visibility_graph_msg/msg
[0.941s] -- Up-to-date: /root/ros2_ws/src/install/visibility_graph_msg/include/visibility_graph_msg/visibility_graph_msg/msg/detail
[0.941s] -- Up-to-date: /root/ros2_ws/src/install/visibility_graph_msg/include/visibility_graph_msg/visibility_graph_msg/msg/detail/graph__rosidl_typesupport_fastrtps_c.h
[0.941s] -- Up-to-date: /root/ros2_ws/src/install/visibility_graph_msg/include/visibility_graph_msg/visibility_graph_msg/msg/detail/node__rosidl_typesupport_fastrtps_c.h
[0.942s] -- Up-to-date: /root/ros2_ws/src/install/visibility_graph_msg/include/visibility_graph_msg/visibility_graph_msg/msg/rosidl_typesupport_fastrtps_c__visibility_control.h
[0.942s] -- Up-to-date: /root/ros2_ws/src/install/visibility_graph_msg/lib/libvisibility_graph_msg__rosidl_typesupport_fastrtps_c.so
[0.942s] -- Up-to-date: /root/ros2_ws/src/install/visibility_graph_msg/include/visibility_graph_msg/visibility_graph_msg
[0.942s] -- Up-to-date: /root/ros2_ws/src/install/visibility_graph_msg/include/visibility_graph_msg/visibility_graph_msg/msg
[0.942s] -- Up-to-date: /root/ros2_ws/src/install/visibility_graph_msg/include/visibility_graph_msg/visibility_graph_msg/msg/detail
[0.942s] -- Up-to-date: /root/ros2_ws/src/install/visibility_graph_msg/include/visibility_graph_msg/visibility_graph_msg/msg/detail/graph__struct.hpp
[0.942s] -- Up-to-date: /root/ros2_ws/src/install/visibility_graph_msg/include/visibility_graph_msg/visibility_graph_msg/msg/detail/graph__builder.hpp
[0.945s] -- Up-to-date: /root/ros2_ws/src/install/visibility_graph_msg/include/visibility_graph_msg/visibility_graph_msg/msg/detail/node__struct.hpp
[0.945s] -- Up-to-date: /root/ros2_ws/src/install/visibility_graph_msg/include/visibility_graph_msg/visibility_graph_msg/msg/detail/graph__type_support.hpp
[0.945s] -- Up-to-date: /root/ros2_ws/src/install/visibility_graph_msg/include/visibility_graph_msg/visibility_graph_msg/msg/detail/node__traits.hpp
[0.945s] -- Up-to-date: /root/ros2_ws/src/install/visibility_graph_msg/include/visibility_graph_msg/visibility_graph_msg/msg/detail/node__type_support.hpp
[0.945s] -- Up-to-date: /root/ros2_ws/src/install/visibility_graph_msg/include/visibility_graph_msg/visibility_graph_msg/msg/detail/node__builder.hpp
[0.945s] -- Up-to-date: /root/ros2_ws/src/install/visibility_graph_msg/include/visibility_graph_msg/visibility_graph_msg/msg/detail/graph__traits.hpp
[0.946s] -- Up-to-date: /root/ros2_ws/src/install/visibility_graph_msg/include/visibility_graph_msg/visibility_graph_msg/msg/graph.hpp
[0.946s] -- Up-to-date: /root/ros2_ws/src/install/visibility_graph_msg/include/visibility_graph_msg/visibility_graph_msg/msg/node.hpp
[0.946s] -- Up-to-date: /root/ros2_ws/src/install/visibility_graph_msg/include/visibility_graph_msg/visibility_graph_msg/msg/rosidl_generator_cpp__visibility_control.hpp
[0.946s] -- Up-to-date: /root/ros2_ws/src/install/visibility_graph_msg/include/visibility_graph_msg/visibility_graph_msg
[0.946s] -- Up-to-date: /root/ros2_ws/src/install/visibility_graph_msg/include/visibility_graph_msg/visibility_graph_msg/msg
[0.946s] -- Up-to-date: /root/ros2_ws/src/install/visibility_graph_msg/include/visibility_graph_msg/visibility_graph_msg/msg/detail
[0.946s] -- Up-to-date: /root/ros2_ws/src/install/visibility_graph_msg/include/visibility_graph_msg/visibility_graph_msg/msg/detail/dds_fastrtps
[0.946s] -- Up-to-date: /root/ros2_ws/src/install/visibility_graph_msg/include/visibility_graph_msg/visibility_graph_msg/msg/detail/graph__rosidl_typesupport_fastrtps_cpp.hpp
[0.947s] -- Up-to-date: /root/ros2_ws/src/install/visibility_graph_msg/include/visibility_graph_msg/visibility_graph_msg/msg/detail/node__rosidl_typesupport_fastrtps_cpp.hpp
[0.947s] -- Up-to-date: /root/ros2_ws/src/install/visibility_graph_msg/include/visibility_graph_msg/visibility_graph_msg/msg/rosidl_typesupport_fastrtps_cpp__visibility_control.h
[0.947s] -- Up-to-date: /root/ros2_ws/src/install/visibility_graph_msg/lib/libvisibility_graph_msg__rosidl_typesupport_fastrtps_cpp.so
[0.947s] -- Up-to-date: /root/ros2_ws/src/install/visibility_graph_msg/include/visibility_graph_msg/visibility_graph_msg
[0.947s] -- Up-to-date: /root/ros2_ws/src/install/visibility_graph_msg/include/visibility_graph_msg/visibility_graph_msg/msg
[0.947s] -- Up-to-date: /root/ros2_ws/src/install/visibility_graph_msg/include/visibility_graph_msg/visibility_graph_msg/msg/rosidl_typesupport_introspection_c__visibility_control.h
[0.947s] -- Up-to-date: /root/ros2_ws/src/install/visibility_graph_msg/include/visibility_graph_msg/visibility_graph_msg/msg/detail
[0.948s] -- Up-to-date: /root/ros2_ws/src/install/visibility_graph_msg/include/visibility_graph_msg/visibility_graph_msg/msg/detail/graph__rosidl_typesupport_introspection_c.h
[0.948s] -- Up-to-date: /root/ros2_ws/src/install/visibility_graph_msg/include/visibility_graph_msg/visibility_graph_msg/msg/detail/node__type_support.c
[0.948s] -- Up-to-date: /root/ros2_ws/src/install/visibility_graph_msg/include/visibility_graph_msg/visibility_graph_msg/msg/detail/node__rosidl_typesupport_introspection_c.h
[0.948s] -- Up-to-date: /root/ros2_ws/src/install/visibility_graph_msg/include/visibility_graph_msg/visibility_graph_msg/msg/detail/graph__type_support.c
[0.948s] -- Up-to-date: /root/ros2_ws/src/install/visibility_graph_msg/lib/libvisibility_graph_msg__rosidl_typesupport_introspection_c.so
[0.948s] -- Up-to-date: /root/ros2_ws/src/install/visibility_graph_msg/lib/libvisibility_graph_msg__rosidl_typesupport_c.so
[0.948s] -- Up-to-date: /root/ros2_ws/src/install/visibility_graph_msg/include/visibility_graph_msg/visibility_graph_msg
[0.948s] -- Up-to-date: /root/ros2_ws/src/install/visibility_graph_msg/include/visibility_graph_msg/visibility_graph_msg/msg
[0.948s] -- Up-to-date: /root/ros2_ws/src/install/visibility_graph_msg/include/visibility_graph_msg/visibility_graph_msg/msg/detail
[0.948s] -- Up-to-date: /root/ros2_ws/src/install/visibility_graph_msg/include/visibility_graph_msg/visibility_graph_msg/msg/detail/graph__type_support.cpp
[0.948s] -- Up-to-date: /root/ros2_ws/src/install/visibility_graph_msg/include/visibility_graph_msg/visibility_graph_msg/msg/detail/node__rosidl_typesupport_introspection_cpp.hpp
[0.948s] -- Up-to-date: /root/ros2_ws/src/install/visibility_graph_msg/include/visibility_graph_msg/visibility_graph_msg/msg/detail/graph__rosidl_typesupport_introspection_cpp.hpp
[0.948s] -- Up-to-date: /root/ros2_ws/src/install/visibility_graph_msg/include/visibility_graph_msg/visibility_graph_msg/msg/detail/node__type_support.cpp
[0.948s] -- Up-to-date: /root/ros2_ws/src/install/visibility_graph_msg/lib/libvisibility_graph_msg__rosidl_typesupport_introspection_cpp.so
[0.948s] -- Up-to-date: /root/ros2_ws/src/install/visibility_graph_msg/lib/libvisibility_graph_msg__rosidl_typesupport_cpp.so
[0.948s] -- Up-to-date: /root/ros2_ws/src/install/visibility_graph_msg/share/visibility_graph_msg/environment/pythonpath.sh
[0.948s] -- Up-to-date: /root/ros2_ws/src/install/visibility_graph_msg/share/visibility_graph_msg/environment/pythonpath.dsv
[0.951s] -- Up-to-date: /root/ros2_ws/src/install/visibility_graph_msg/local/lib/python3.10/dist-packages/visibility_graph_msg-0.0.1-py3.10.egg-info
[0.952s] -- Installing: /root/ros2_ws/src/install/visibility_graph_msg/local/lib/python3.10/dist-packages/visibility_graph_msg-0.0.1-py3.10.egg-info/PKG-INFO
[0.952s] -- Installing: /root/ros2_ws/src/install/visibility_graph_msg/local/lib/python3.10/dist-packages/visibility_graph_msg-0.0.1-py3.10.egg-info/dependency_links.txt
[0.952s] -- Installing: /root/ros2_ws/src/install/visibility_graph_msg/local/lib/python3.10/dist-packages/visibility_graph_msg-0.0.1-py3.10.egg-info/SOURCES.txt
[0.952s] -- Installing: /root/ros2_ws/src/install/visibility_graph_msg/local/lib/python3.10/dist-packages/visibility_graph_msg-0.0.1-py3.10.egg-info/top_level.txt
[0.952s] -- Up-to-date: /root/ros2_ws/src/install/visibility_graph_msg/local/lib/python3.10/dist-packages/visibility_graph_msg
[0.956s] -- Up-to-date: /root/ros2_ws/src/install/visibility_graph_msg/local/lib/python3.10/dist-packages/visibility_graph_msg/visibility_graph_msg_s__rosidl_typesupport_c.cpython-310-x86_64-linux-gnu.so
[0.956s] -- Up-to-date: /root/ros2_ws/src/install/visibility_graph_msg/local/lib/python3.10/dist-packages/visibility_graph_msg/libvisibility_graph_msg__rosidl_generator_py.so
[0.956s] -- Up-to-date: /root/ros2_ws/src/install/visibility_graph_msg/local/lib/python3.10/dist-packages/visibility_graph_msg/_visibility_graph_msg_s.ep.rosidl_typesupport_c.c
[0.956s] -- Up-to-date: /root/ros2_ws/src/install/visibility_graph_msg/local/lib/python3.10/dist-packages/visibility_graph_msg/_visibility_graph_msg_s.ep.rosidl_typesupport_introspection_c.c
[0.956s] -- Up-to-date: /root/ros2_ws/src/install/visibility_graph_msg/local/lib/python3.10/dist-packages/visibility_graph_msg/_visibility_graph_msg_s.ep.rosidl_typesupport_fastrtps_c.c
[0.957s] -- Up-to-date: /root/ros2_ws/src/install/visibility_graph_msg/local/lib/python3.10/dist-packages/visibility_graph_msg/visibility_graph_msg_s__rosidl_typesupport_fastrtps_c.cpython-310-x86_64-linux-gnu.so
[0.957s] -- Up-to-date: /root/ros2_ws/src/install/visibility_graph_msg/local/lib/python3.10/dist-packages/visibility_graph_msg/visibility_graph_msg_s__rosidl_typesupport_introspection_c.cpython-310-x86_64-linux-gnu.so
[0.957s] -- Up-to-date: /root/ros2_ws/src/install/visibility_graph_msg/local/lib/python3.10/dist-packages/visibility_graph_msg/__init__.py
[0.957s] -- Up-to-date: /root/ros2_ws/src/install/visibility_graph_msg/local/lib/python3.10/dist-packages/visibility_graph_msg/msg
[0.957s] -- Up-to-date: /root/ros2_ws/src/install/visibility_graph_msg/local/lib/python3.10/dist-packages/visibility_graph_msg/msg/_node.py
[0.957s] -- Up-to-date: /root/ros2_ws/src/install/visibility_graph_msg/local/lib/python3.10/dist-packages/visibility_graph_msg/msg/_graph_s.c
[0.957s] -- Up-to-date: /root/ros2_ws/src/install/visibility_graph_msg/local/lib/python3.10/dist-packages/visibility_graph_msg/msg/_graph.py
[0.957s] -- Up-to-date: /root/ros2_ws/src/install/visibility_graph_msg/local/lib/python3.10/dist-packages/visibility_graph_msg/msg/__init__.py
[0.957s] -- Up-to-date: /root/ros2_ws/src/install/visibility_graph_msg/local/lib/python3.10/dist-packages/visibility_graph_msg/msg/_node_s.c
[0.964s] Listing '/root/ros2_ws/src/install/visibility_graph_msg/local/lib/python3.10/dist-packages/visibility_graph_msg'...
[0.964s] Listing '/root/ros2_ws/src/install/visibility_graph_msg/local/lib/python3.10/dist-packages/visibility_graph_msg/msg'...
[0.964s] -- Up-to-date: /root/ros2_ws/src/install/visibility_graph_msg/local/lib/python3.10/dist-packages/visibility_graph_msg/visibility_graph_msg_s__rosidl_typesupport_fastrtps_c.cpython-310-x86_64-linux-gnu.so
[0.967s] -- Up-to-date: /root/ros2_ws/src/install/visibility_graph_msg/local/lib/python3.10/dist-packages/visibility_graph_msg/visibility_graph_msg_s__rosidl_typesupport_introspection_c.cpython-310-x86_64-linux-gnu.so
[0.971s] -- Up-to-date: /root/ros2_ws/src/install/visibility_graph_msg/local/lib/python3.10/dist-packages/visibility_graph_msg/visibility_graph_msg_s__rosidl_typesupport_c.cpython-310-x86_64-linux-gnu.so
[0.971s] -- Up-to-date: /root/ros2_ws/src/install/visibility_graph_msg/lib/libvisibility_graph_msg__rosidl_generator_py.so
[0.971s] -- Up-to-date: /root/ros2_ws/src/install/visibility_graph_msg/share/visibility_graph_msg/msg/Node.idl
[0.971s] -- Up-to-date: /root/ros2_ws/src/install/visibility_graph_msg/share/visibility_graph_msg/msg/Graph.idl
[0.971s] -- Up-to-date: /root/ros2_ws/src/install/visibility_graph_msg/share/visibility_graph_msg/msg/Node.msg
[0.971s] -- Up-to-date: /root/ros2_ws/src/install/visibility_graph_msg/share/visibility_graph_msg/msg/Graph.msg
[0.971s] -- Up-to-date: /root/ros2_ws/src/install/visibility_graph_msg/share/ament_index/resource_index/package_run_dependencies/visibility_graph_msg
[0.973s] -- Up-to-date: /root/ros2_ws/src/install/visibility_graph_msg/share/ament_index/resource_index/parent_prefix_path/visibility_graph_msg
[0.973s] -- Up-to-date: /root/ros2_ws/src/install/visibility_graph_msg/share/visibility_graph_msg/environment/ament_prefix_path.sh
[0.973s] -- Up-to-date: /root/ros2_ws/src/install/visibility_graph_msg/share/visibility_graph_msg/environment/ament_prefix_path.dsv
[0.973s] -- Up-to-date: /root/ros2_ws/src/install/visibility_graph_msg/share/visibility_graph_msg/environment/path.sh
[0.973s] -- Up-to-date: /root/ros2_ws/src/install/visibility_graph_msg/share/visibility_graph_msg/environment/path.dsv
[0.973s] -- Up-to-date: /root/ros2_ws/src/install/visibility_graph_msg/share/visibility_graph_msg/local_setup.bash
[0.973s] -- Up-to-date: /root/ros2_ws/src/install/visibility_graph_msg/share/visibility_graph_msg/local_setup.sh
[0.973s] -- Up-to-date: /root/ros2_ws/src/install/visibility_graph_msg/share/visibility_graph_msg/local_setup.zsh
[0.973s] -- Up-to-date: /root/ros2_ws/src/install/visibility_graph_msg/share/visibility_graph_msg/local_setup.dsv
[0.973s] -- Installing: /root/ros2_ws/src/install/visibility_graph_msg/share/visibility_graph_msg/package.dsv
[0.981s] -- Up-to-date: /root/ros2_ws/src/install/visibility_graph_msg/share/ament_index/resource_index/packages/visibility_graph_msg
[0.981s] -- Up-to-date: /root/ros2_ws/src/install/visibility_graph_msg/share/visibility_graph_msg/cmake/export_visibility_graph_msg__rosidl_generator_cExport.cmake
[0.981s] -- Up-to-date: /root/ros2_ws/src/install/visibility_graph_msg/share/visibility_graph_msg/cmake/export_visibility_graph_msg__rosidl_generator_cExport-noconfig.cmake
[0.981s] -- Up-to-date: /root/ros2_ws/src/install/visibility_graph_msg/share/visibility_graph_msg/cmake/export_visibility_graph_msg__rosidl_typesupport_fastrtps_cExport.cmake
[0.981s] -- Up-to-date: /root/ros2_ws/src/install/visibility_graph_msg/share/visibility_graph_msg/cmake/export_visibility_graph_msg__rosidl_typesupport_fastrtps_cExport-noconfig.cmake
[0.981s] -- Up-to-date: /root/ros2_ws/src/install/visibility_graph_msg/share/visibility_graph_msg/cmake/export_visibility_graph_msg__rosidl_generator_cppExport.cmake
[0.981s] -- Up-to-date: /root/ros2_ws/src/install/visibility_graph_msg/share/visibility_graph_msg/cmake/export_visibility_graph_msg__rosidl_typesupport_fastrtps_cppExport.cmake
[0.981s] -- Up-to-date: /root/ros2_ws/src/install/visibility_graph_msg/share/visibility_graph_msg/cmake/export_visibility_graph_msg__rosidl_typesupport_fastrtps_cppExport-noconfig.cmake
[0.981s] -- Up-to-date: /root/ros2_ws/src/install/visibility_graph_msg/share/visibility_graph_msg/cmake/visibility_graph_msg__rosidl_typesupport_introspection_cExport.cmake
[0.981s] -- Up-to-date: /root/ros2_ws/src/install/visibility_graph_msg/share/visibility_graph_msg/cmake/visibility_graph_msg__rosidl_typesupport_introspection_cExport-noconfig.cmake
[0.983s] -- Up-to-date: /root/ros2_ws/src/install/visibility_graph_msg/share/visibility_graph_msg/cmake/visibility_graph_msg__rosidl_typesupport_cExport.cmake
[0.983s] -- Up-to-date: /root/ros2_ws/src/install/visibility_graph_msg/share/visibility_graph_msg/cmake/visibility_graph_msg__rosidl_typesupport_cExport-noconfig.cmake
[0.984s] -- Up-to-date: /root/ros2_ws/src/install/visibility_graph_msg/share/visibility_graph_msg/cmake/visibility_graph_msg__rosidl_typesupport_introspection_cppExport.cmake
[0.984s] -- Up-to-date: /root/ros2_ws/src/install/visibility_graph_msg/share/visibility_graph_msg/cmake/visibility_graph_msg__rosidl_typesupport_introspection_cppExport-noconfig.cmake
[0.985s] -- Up-to-date: /root/ros2_ws/src/install/visibility_graph_msg/share/visibility_graph_msg/cmake/visibility_graph_msg__rosidl_typesupport_cppExport.cmake
[0.985s] -- Up-to-date: /root/ros2_ws/src/install/visibility_graph_msg/share/visibility_graph_msg/cmake/visibility_graph_msg__rosidl_typesupport_cppExport-noconfig.cmake
[0.996s] -- Up-to-date: /root/ros2_ws/src/install/visibility_graph_msg/share/visibility_graph_msg/cmake/export_visibility_graph_msg__rosidl_generator_pyExport.cmake
[0.996s] -- Up-to-date: /root/ros2_ws/src/install/visibility_graph_msg/share/visibility_graph_msg/cmake/export_visibility_graph_msg__rosidl_generator_pyExport-noconfig.cmake
[0.996s] -- Up-to-date: /root/ros2_ws/src/install/visibility_graph_msg/share/visibility_graph_msg/cmake/rosidl_cmake-extras.cmake
[0.996s] -- Up-to-date: /root/ros2_ws/src/install/visibility_graph_msg/share/visibility_graph_msg/cmake/ament_cmake_export_dependencies-extras.cmake
[0.996s] -- Up-to-date: /root/ros2_ws/src/install/visibility_graph_msg/share/visibility_graph_msg/cmake/ament_cmake_export_include_directories-extras.cmake
[0.996s] -- Up-to-date: /root/ros2_ws/src/install/visibility_graph_msg/share/visibility_graph_msg/cmake/ament_cmake_export_libraries-extras.cmake
[0.996s] -- Up-to-date: /root/ros2_ws/src/install/visibility_graph_msg/share/visibility_graph_msg/cmake/ament_cmake_export_targets-extras.cmake
[0.997s] -- Up-to-date: /root/ros2_ws/src/install/visibility_graph_msg/share/visibility_graph_msg/cmake/rosidl_cmake_export_typesupport_targets-extras.cmake
[0.997s] -- Up-to-date: /root/ros2_ws/src/install/visibility_graph_msg/share/visibility_graph_msg/cmake/rosidl_cmake_export_typesupport_libraries-extras.cmake
[0.998s] -- Up-to-date: /root/ros2_ws/src/install/visibility_graph_msg/share/visibility_graph_msg/cmake/visibility_graph_msgConfig.cmake
[0.998s] -- Up-to-date: /root/ros2_ws/src/install/visibility_graph_msg/share/visibility_graph_msg/cmake/visibility_graph_msgConfig-version.cmake
[0.998s] -- Up-to-date: /root/ros2_ws/src/install/visibility_graph_msg/share/visibility_graph_msg/package.xml
[1.002s] Invoked command in '/root/ros2_ws/src/build/visibility_graph_msg' returned '0': CMAKE_PREFIX_PATH=/opt/ros/humble /usr/bin/cmake --install /root/ros2_ws/src/build/visibility_graph_msg
