[0.041s] Invoking command in '/root/ros2_ws/src/build/rviz_2d_overlay_plugins': CMAKE_PREFIX_PATH=/root/ros2_ws/src/install/rviz_2d_overlay_msgs:/root/ros2_ws/src/install/waypoint_rviz_plugin:/root/ros2_ws/src/install/waypoint_example:/root/ros2_ws/src/install/visualization_tools:/root/ros2_ws/src/install/graph_decoder:/root/ros2_ws/src/install/far_planner:/root/ros2_ws/src/install/boundary_handler:/root/ros2_ws/src/install/visibility_graph_msg:/root/ros2_ws/src/install/vehicle_simulator:/root/ros2_ws/src/install/local_planner:/root/ros2_ws/src/install/calibrate_imu:/root/ros2_ws/src/install/go2_sport_api:/root/ros2_ws/src/install/unitree_go:/root/ros2_ws/src/install/unitree_api:/root/ros2_ws/src/install/point_lio_unilidar:/root/ros2_ws/src/install/terrain_analysis_ext:/root/ros2_ws/src/install/terrain_analysis:/root/ros2_ws/src/install/teleop_rviz_plugin_plus:/root/ros2_ws/src/install/teleop_rviz_plugin:/root/ros2_ws/src/install/super_odometry:/root/ros2_ws/src/install/super_odometry_msgs:/root/ros2_ws/src/install/sensor_scan_generation:/root/ros2_ws/src/install/rviz_2d_overlay_plugins:/root/ros2_ws/src/install/livox_ros_driver2:/root/ros2_ws/src/install/goalpoint_rviz_plugin:/root/ros2_ws/src/install/go2_h264_repub:/root/ros2_ws/src/install/transform_sensors:/root/ros2_ws/src/install/ros_tcp_endpoint:/opt/ros/humble LD_LIBRARY_PATH=/root/ros2_ws/src/install/rviz_2d_overlay_msgs/lib:/root/ros2_ws/src/install/visibility_graph_msg/lib:/root/ros2_ws/src/install/go2_sport_api/lib:/root/ros2_ws/src/install/unitree_go/lib:/root/ros2_ws/src/install/unitree_api/lib:/root/ros2_ws/src/install/super_odometry/lib:/root/ros2_ws/src/install/super_odometry_msgs/lib:/root/ros2_ws/src/install/rviz_2d_overlay_plugins/lib:/root/ros2_ws/src/install/livox_ros_driver2/lib:/opt/ros/humble/opt/rviz_ogre_vendor/lib:/opt/ros/humble/lib/x86_64-linux-gnu:/opt/ros/humble/lib /usr/bin/cmake /root/ros2_ws/src/slam/rviz_2d_overlay_plugins/rviz_2d_overlay_plugins -DCMAKE_INSTALL_PREFIX=/root/ros2_ws/src/install/rviz_2d_overlay_plugins
[0.052s] -- Found ament_cmake: 1.3.12 (/opt/ros/humble/share/ament_cmake/cmake)
[0.227s] -- Found rviz_2d_overlay_msgs: 1.4.0 (/root/ros2_ws/src/install/rviz_2d_overlay_msgs/share/rviz_2d_overlay_msgs/cmake)
[0.283s] -- Found rosidl_generator_c: 3.1.8 (/opt/ros/humble/share/rosidl_generator_c/cmake)
[0.286s] -- Found rosidl_adapter: 3.1.8 (/opt/ros/humble/share/rosidl_adapter/cmake)
[0.299s] -- Found rosidl_generator_cpp: 3.1.8 (/opt/ros/humble/share/rosidl_generator_cpp/cmake)
[0.322s] -- Using all available rosidl_typesupport_c: rosidl_typesupport_fastrtps_c;rosidl_typesupport_introspection_c
[0.338s] -- Using all available rosidl_typesupport_cpp: rosidl_typesupport_fastrtps_cpp;rosidl_typesupport_introspection_cpp
[0.368s] -- Found rviz_common: 11.2.25 (/opt/ros/humble/share/rviz_common/cmake)
[0.377s] -- Setting assimp_DIR to: '/opt/ros/humble/share/rviz_assimp_vendor/cmake/../../../opt/rviz_assimp_vendor/lib/cmake/assimp-4.1'
[0.383s] -- Setting OGRE_DIR to: '/opt/ros/humble/share/rviz_ogre_vendor/cmake/../../../opt/rviz_ogre_vendor/lib/OGRE/cmake'
[0.384s] -- Found OGRE
[0.384s] --   static     : OFF
[0.384s] --   components : HLMS;MeshLodGenerator;Overlay;Paging;Property;RTShaderSystem;Terrain;Volume
[0.384s] --   plugins    : Plugin_BSPSceneManager;Plugin_OctreeSceneManager;Plugin_PCZSceneManager;Plugin_ParticleFX;RenderSystem_GL;RenderSystem_GL3Plus;Codec_STBI
[0.384s] --   media      : /opt/ros/humble/opt/rviz_ogre_vendor/share/OGRE/Media
[0.384s] -- OGRE_LIBRARIES: OgreHLMS;OgreMeshLodGenerator;OgreOverlay;OgrePaging;OgreProperty;OgreRTShaderSystem;OgreTerrain;OgreVolume;OgreMain
[0.384s] -- OGRE_LIBRARY_DIRS: /opt/ros/humble/opt/rviz_ogre_vendor/lib
[0.384s] -- OGRE_PLUGINS: Plugin_BSPSceneManager;Plugin_OctreeSceneManager;Plugin_PCZSceneManager;Plugin_ParticleFX;RenderSystem_GL;RenderSystem_GL3Plus;Codec_STBI
[0.384s] -- OGRE_PLUGIN_DIR: /opt/ros/humble/opt/rviz_ogre_vendor/lib/OGRE
[0.384s] -- rviz_ogre_vendor::OgreOverlay for IMPORTED_LOCATION_RELEASE: /opt/ros/humble/opt/rviz_ogre_vendor/lib/libOgreOverlay.so
[0.385s] -- rviz_ogre_vendor::OgreOverlay for IMPORTED_LOCATION_DEBUG: /opt/ros/humble/opt/rviz_ogre_vendor/lib/libOgreOverlay.so
[0.385s] -- rviz_ogre_vendor::OgreMain for IMPORTED_LOCATION_RELEASE: /opt/ros/humble/opt/rviz_ogre_vendor/lib/libOgreMain.so
[0.385s] -- rviz_ogre_vendor::OgreMain for IMPORTED_LOCATION_DEBUG: /opt/ros/humble/opt/rviz_ogre_vendor/lib/libOgreMain.so
[0.389s] -- Could not find freeimage library
[0.460s] -- library: /usr/lib/x86_64-linux-gnu/libcurl.so
[0.521s] -- Found rmw_implementation_cmake: 6.1.2 (/opt/ros/humble/share/rmw_implementation_cmake/cmake)
[0.523s] -- Found rmw_fastrtps_cpp: 6.2.9 (/opt/ros/humble/share/rmw_fastrtps_cpp/cmake)
[0.540s] -- Found TinyXML2 via Config file: TinyXML2_DIR-NOTFOUND
[0.548s] -- Found TinyXML2 via Config file: TinyXML2_DIR-NOTFOUND
[0.560s] -- Found TinyXML2 via Config file: TinyXML2_DIR-NOTFOUND
[0.570s] -- Found TinyXML2 via Config file: TinyXML2_DIR-NOTFOUND
[0.582s] -- Using RMW implementation 'rmw_fastrtps_cpp' as default
[0.650s] -- Ensuring Eigen3 include directory is part of orocos-kdl CMake target
[0.819s] -- Configuring done
[0.842s] -- Generating done
[0.851s] -- Build files have been written to: /root/ros2_ws/src/build/rviz_2d_overlay_plugins
[0.862s] Invoked command in '/root/ros2_ws/src/build/rviz_2d_overlay_plugins' returned '0': CMAKE_PREFIX_PATH=/root/ros2_ws/src/install/rviz_2d_overlay_msgs:/root/ros2_ws/src/install/waypoint_rviz_plugin:/root/ros2_ws/src/install/waypoint_example:/root/ros2_ws/src/install/visualization_tools:/root/ros2_ws/src/install/graph_decoder:/root/ros2_ws/src/install/far_planner:/root/ros2_ws/src/install/boundary_handler:/root/ros2_ws/src/install/visibility_graph_msg:/root/ros2_ws/src/install/vehicle_simulator:/root/ros2_ws/src/install/local_planner:/root/ros2_ws/src/install/calibrate_imu:/root/ros2_ws/src/install/go2_sport_api:/root/ros2_ws/src/install/unitree_go:/root/ros2_ws/src/install/unitree_api:/root/ros2_ws/src/install/point_lio_unilidar:/root/ros2_ws/src/install/terrain_analysis_ext:/root/ros2_ws/src/install/terrain_analysis:/root/ros2_ws/src/install/teleop_rviz_plugin_plus:/root/ros2_ws/src/install/teleop_rviz_plugin:/root/ros2_ws/src/install/super_odometry:/root/ros2_ws/src/install/super_odometry_msgs:/root/ros2_ws/src/install/sensor_scan_generation:/root/ros2_ws/src/install/rviz_2d_overlay_plugins:/root/ros2_ws/src/install/livox_ros_driver2:/root/ros2_ws/src/install/goalpoint_rviz_plugin:/root/ros2_ws/src/install/go2_h264_repub:/root/ros2_ws/src/install/transform_sensors:/root/ros2_ws/src/install/ros_tcp_endpoint:/opt/ros/humble LD_LIBRARY_PATH=/root/ros2_ws/src/install/rviz_2d_overlay_msgs/lib:/root/ros2_ws/src/install/visibility_graph_msg/lib:/root/ros2_ws/src/install/go2_sport_api/lib:/root/ros2_ws/src/install/unitree_go/lib:/root/ros2_ws/src/install/unitree_api/lib:/root/ros2_ws/src/install/super_odometry/lib:/root/ros2_ws/src/install/super_odometry_msgs/lib:/root/ros2_ws/src/install/rviz_2d_overlay_plugins/lib:/root/ros2_ws/src/install/livox_ros_driver2/lib:/opt/ros/humble/opt/rviz_ogre_vendor/lib:/opt/ros/humble/lib/x86_64-linux-gnu:/opt/ros/humble/lib /usr/bin/cmake /root/ros2_ws/src/slam/rviz_2d_overlay_plugins/rviz_2d_overlay_plugins -DCMAKE_INSTALL_PREFIX=/root/ros2_ws/src/install/rviz_2d_overlay_plugins
[0.874s] Invoking command in '/root/ros2_ws/src/build/rviz_2d_overlay_plugins': CMAKE_PREFIX_PATH=/root/ros2_ws/src/install/rviz_2d_overlay_msgs:/root/ros2_ws/src/install/waypoint_rviz_plugin:/root/ros2_ws/src/install/waypoint_example:/root/ros2_ws/src/install/visualization_tools:/root/ros2_ws/src/install/graph_decoder:/root/ros2_ws/src/install/far_planner:/root/ros2_ws/src/install/boundary_handler:/root/ros2_ws/src/install/visibility_graph_msg:/root/ros2_ws/src/install/vehicle_simulator:/root/ros2_ws/src/install/local_planner:/root/ros2_ws/src/install/calibrate_imu:/root/ros2_ws/src/install/go2_sport_api:/root/ros2_ws/src/install/unitree_go:/root/ros2_ws/src/install/unitree_api:/root/ros2_ws/src/install/point_lio_unilidar:/root/ros2_ws/src/install/terrain_analysis_ext:/root/ros2_ws/src/install/terrain_analysis:/root/ros2_ws/src/install/teleop_rviz_plugin_plus:/root/ros2_ws/src/install/teleop_rviz_plugin:/root/ros2_ws/src/install/super_odometry:/root/ros2_ws/src/install/super_odometry_msgs:/root/ros2_ws/src/install/sensor_scan_generation:/root/ros2_ws/src/install/rviz_2d_overlay_plugins:/root/ros2_ws/src/install/livox_ros_driver2:/root/ros2_ws/src/install/goalpoint_rviz_plugin:/root/ros2_ws/src/install/go2_h264_repub:/root/ros2_ws/src/install/transform_sensors:/root/ros2_ws/src/install/ros_tcp_endpoint:/opt/ros/humble LD_LIBRARY_PATH=/root/ros2_ws/src/install/rviz_2d_overlay_msgs/lib:/root/ros2_ws/src/install/visibility_graph_msg/lib:/root/ros2_ws/src/install/go2_sport_api/lib:/root/ros2_ws/src/install/unitree_go/lib:/root/ros2_ws/src/install/unitree_api/lib:/root/ros2_ws/src/install/super_odometry/lib:/root/ros2_ws/src/install/super_odometry_msgs/lib:/root/ros2_ws/src/install/rviz_2d_overlay_plugins/lib:/root/ros2_ws/src/install/livox_ros_driver2/lib:/opt/ros/humble/opt/rviz_ogre_vendor/lib:/opt/ros/humble/lib/x86_64-linux-gnu:/opt/ros/humble/lib /usr/bin/cmake --build /root/ros2_ws/src/build/rviz_2d_overlay_plugins -- -j24 -l24
[0.903s] [35m[1mConsolidate compiler generated dependencies of target string_to_overlay_text[0m
[0.910s] [35m[1mConsolidate compiler generated dependencies of target rviz_2d_overlay_plugins[0m
[0.920s] [ 20%] Built target string_to_overlay_text
[0.940s] [100%] Built target rviz_2d_overlay_plugins
[0.955s] Invoked command in '/root/ros2_ws/src/build/rviz_2d_overlay_plugins' returned '0': CMAKE_PREFIX_PATH=/root/ros2_ws/src/install/rviz_2d_overlay_msgs:/root/ros2_ws/src/install/waypoint_rviz_plugin:/root/ros2_ws/src/install/waypoint_example:/root/ros2_ws/src/install/visualization_tools:/root/ros2_ws/src/install/graph_decoder:/root/ros2_ws/src/install/far_planner:/root/ros2_ws/src/install/boundary_handler:/root/ros2_ws/src/install/visibility_graph_msg:/root/ros2_ws/src/install/vehicle_simulator:/root/ros2_ws/src/install/local_planner:/root/ros2_ws/src/install/calibrate_imu:/root/ros2_ws/src/install/go2_sport_api:/root/ros2_ws/src/install/unitree_go:/root/ros2_ws/src/install/unitree_api:/root/ros2_ws/src/install/point_lio_unilidar:/root/ros2_ws/src/install/terrain_analysis_ext:/root/ros2_ws/src/install/terrain_analysis:/root/ros2_ws/src/install/teleop_rviz_plugin_plus:/root/ros2_ws/src/install/teleop_rviz_plugin:/root/ros2_ws/src/install/super_odometry:/root/ros2_ws/src/install/super_odometry_msgs:/root/ros2_ws/src/install/sensor_scan_generation:/root/ros2_ws/src/install/rviz_2d_overlay_plugins:/root/ros2_ws/src/install/livox_ros_driver2:/root/ros2_ws/src/install/goalpoint_rviz_plugin:/root/ros2_ws/src/install/go2_h264_repub:/root/ros2_ws/src/install/transform_sensors:/root/ros2_ws/src/install/ros_tcp_endpoint:/opt/ros/humble LD_LIBRARY_PATH=/root/ros2_ws/src/install/rviz_2d_overlay_msgs/lib:/root/ros2_ws/src/install/visibility_graph_msg/lib:/root/ros2_ws/src/install/go2_sport_api/lib:/root/ros2_ws/src/install/unitree_go/lib:/root/ros2_ws/src/install/unitree_api/lib:/root/ros2_ws/src/install/super_odometry/lib:/root/ros2_ws/src/install/super_odometry_msgs/lib:/root/ros2_ws/src/install/rviz_2d_overlay_plugins/lib:/root/ros2_ws/src/install/livox_ros_driver2/lib:/opt/ros/humble/opt/rviz_ogre_vendor/lib:/opt/ros/humble/lib/x86_64-linux-gnu:/opt/ros/humble/lib /usr/bin/cmake --build /root/ros2_ws/src/build/rviz_2d_overlay_plugins -- -j24 -l24
[0.957s] Invoking command in '/root/ros2_ws/src/build/rviz_2d_overlay_plugins': CMAKE_PREFIX_PATH=/root/ros2_ws/src/install/rviz_2d_overlay_msgs:/root/ros2_ws/src/install/waypoint_rviz_plugin:/root/ros2_ws/src/install/waypoint_example:/root/ros2_ws/src/install/visualization_tools:/root/ros2_ws/src/install/graph_decoder:/root/ros2_ws/src/install/far_planner:/root/ros2_ws/src/install/boundary_handler:/root/ros2_ws/src/install/visibility_graph_msg:/root/ros2_ws/src/install/vehicle_simulator:/root/ros2_ws/src/install/local_planner:/root/ros2_ws/src/install/calibrate_imu:/root/ros2_ws/src/install/go2_sport_api:/root/ros2_ws/src/install/unitree_go:/root/ros2_ws/src/install/unitree_api:/root/ros2_ws/src/install/point_lio_unilidar:/root/ros2_ws/src/install/terrain_analysis_ext:/root/ros2_ws/src/install/terrain_analysis:/root/ros2_ws/src/install/teleop_rviz_plugin_plus:/root/ros2_ws/src/install/teleop_rviz_plugin:/root/ros2_ws/src/install/super_odometry:/root/ros2_ws/src/install/super_odometry_msgs:/root/ros2_ws/src/install/sensor_scan_generation:/root/ros2_ws/src/install/rviz_2d_overlay_plugins:/root/ros2_ws/src/install/livox_ros_driver2:/root/ros2_ws/src/install/goalpoint_rviz_plugin:/root/ros2_ws/src/install/go2_h264_repub:/root/ros2_ws/src/install/transform_sensors:/root/ros2_ws/src/install/ros_tcp_endpoint:/opt/ros/humble LD_LIBRARY_PATH=/root/ros2_ws/src/install/rviz_2d_overlay_msgs/lib:/root/ros2_ws/src/install/visibility_graph_msg/lib:/root/ros2_ws/src/install/go2_sport_api/lib:/root/ros2_ws/src/install/unitree_go/lib:/root/ros2_ws/src/install/unitree_api/lib:/root/ros2_ws/src/install/super_odometry/lib:/root/ros2_ws/src/install/super_odometry_msgs/lib:/root/ros2_ws/src/install/rviz_2d_overlay_plugins/lib:/root/ros2_ws/src/install/livox_ros_driver2/lib:/opt/ros/humble/opt/rviz_ogre_vendor/lib:/opt/ros/humble/lib/x86_64-linux-gnu:/opt/ros/humble/lib /usr/bin/cmake --install /root/ros2_ws/src/build/rviz_2d_overlay_plugins
[0.963s] -- Install configuration: ""
[0.964s] -- Up-to-date: /root/ros2_ws/src/install/rviz_2d_overlay_plugins/share/rviz_2d_overlay_plugins/plugins_description.xml
[0.964s] -- Up-to-date: /root/ros2_ws/src/install/rviz_2d_overlay_plugins/share/rviz_2d_overlay_plugins/environment/library_path.sh
[0.964s] -- Installing: /root/ros2_ws/src/install/rviz_2d_overlay_plugins/share/rviz_2d_overlay_plugins/environment/library_path.dsv
[0.965s] -- Up-to-date: /root/ros2_ws/src/install/rviz_2d_overlay_plugins/lib/librviz_2d_overlay_plugins.so
[0.965s] -- Up-to-date: /root/ros2_ws/src/install/rviz_2d_overlay_plugins/include
[0.965s] -- Up-to-date: /root/ros2_ws/src/install/rviz_2d_overlay_plugins/include/rviz_2d_overlay_plugins
[0.965s] -- Up-to-date: /root/ros2_ws/src/install/rviz_2d_overlay_plugins/include/rviz_2d_overlay_plugins/pie_chart_display.h
[0.965s] -- Up-to-date: /root/ros2_ws/src/install/rviz_2d_overlay_plugins/include/rviz_2d_overlay_plugins/overlay_utils.hpp
[0.965s] -- Up-to-date: /root/ros2_ws/src/install/rviz_2d_overlay_plugins/include/rviz_2d_overlay_plugins/overlay_text_display.hpp
[0.965s] -- Up-to-date: /root/ros2_ws/src/install/rviz_2d_overlay_plugins/lib/rviz_2d_overlay_plugins/string_to_overlay_text
[0.965s] -- Up-to-date: /root/ros2_ws/src/install/rviz_2d_overlay_plugins/share/ament_index/resource_index/package_run_dependencies/rviz_2d_overlay_plugins
[0.965s] -- Installing: /root/ros2_ws/src/install/rviz_2d_overlay_plugins/share/ament_index/resource_index/parent_prefix_path/rviz_2d_overlay_plugins
[0.965s] -- Up-to-date: /root/ros2_ws/src/install/rviz_2d_overlay_plugins/share/rviz_2d_overlay_plugins/environment/ament_prefix_path.sh
[0.965s] -- Installing: /root/ros2_ws/src/install/rviz_2d_overlay_plugins/share/rviz_2d_overlay_plugins/environment/ament_prefix_path.dsv
[0.965s] -- Up-to-date: /root/ros2_ws/src/install/rviz_2d_overlay_plugins/share/rviz_2d_overlay_plugins/environment/path.sh
[0.965s] -- Installing: /root/ros2_ws/src/install/rviz_2d_overlay_plugins/share/rviz_2d_overlay_plugins/environment/path.dsv
[0.965s] -- Up-to-date: /root/ros2_ws/src/install/rviz_2d_overlay_plugins/share/rviz_2d_overlay_plugins/local_setup.bash
[0.965s] -- Up-to-date: /root/ros2_ws/src/install/rviz_2d_overlay_plugins/share/rviz_2d_overlay_plugins/local_setup.sh
[0.965s] -- Up-to-date: /root/ros2_ws/src/install/rviz_2d_overlay_plugins/share/rviz_2d_overlay_plugins/local_setup.zsh
[0.965s] -- Installing: /root/ros2_ws/src/install/rviz_2d_overlay_plugins/share/rviz_2d_overlay_plugins/local_setup.dsv
[0.967s] -- Installing: /root/ros2_ws/src/install/rviz_2d_overlay_plugins/share/rviz_2d_overlay_plugins/package.dsv
[0.967s] -- Up-to-date: /root/ros2_ws/src/install/rviz_2d_overlay_plugins/share/ament_index/resource_index/packages/rviz_2d_overlay_plugins
[0.967s] -- Up-to-date: /root/ros2_ws/src/install/rviz_2d_overlay_plugins/share/ament_index/resource_index/rviz_common__pluginlib__plugin/rviz_2d_overlay_plugins
[0.967s] -- Up-to-date: /root/ros2_ws/src/install/rviz_2d_overlay_plugins/share/rviz_2d_overlay_plugins/cmake/rviz_2d_overlay_pluginsExport.cmake
[0.967s] -- Up-to-date: /root/ros2_ws/src/install/rviz_2d_overlay_plugins/share/rviz_2d_overlay_plugins/cmake/rviz_2d_overlay_pluginsExport-noconfig.cmake
[0.967s] -- Up-to-date: /root/ros2_ws/src/install/rviz_2d_overlay_plugins/share/rviz_2d_overlay_plugins/cmake/rviz_2d_overlay_plugins-extras.cmake
[0.967s] -- Up-to-date: /root/ros2_ws/src/install/rviz_2d_overlay_plugins/share/rviz_2d_overlay_plugins/cmake/ament_cmake_export_include_directories-extras.cmake
[0.967s] -- Up-to-date: /root/ros2_ws/src/install/rviz_2d_overlay_plugins/share/rviz_2d_overlay_plugins/cmake/ament_cmake_export_targets-extras.cmake
[0.967s] -- Up-to-date: /root/ros2_ws/src/install/rviz_2d_overlay_plugins/share/rviz_2d_overlay_plugins/cmake/ament_cmake_export_dependencies-extras.cmake
[0.967s] -- Up-to-date: /root/ros2_ws/src/install/rviz_2d_overlay_plugins/share/rviz_2d_overlay_plugins/cmake/rviz_2d_overlay_pluginsConfig.cmake
[0.967s] -- Up-to-date: /root/ros2_ws/src/install/rviz_2d_overlay_plugins/share/rviz_2d_overlay_plugins/cmake/rviz_2d_overlay_pluginsConfig-version.cmake
[0.967s] -- Up-to-date: /root/ros2_ws/src/install/rviz_2d_overlay_plugins/share/rviz_2d_overlay_plugins/package.xml
[0.973s] Invoked command in '/root/ros2_ws/src/build/rviz_2d_overlay_plugins' returned '0': CMAKE_PREFIX_PATH=/root/ros2_ws/src/install/rviz_2d_overlay_msgs:/root/ros2_ws/src/install/waypoint_rviz_plugin:/root/ros2_ws/src/install/waypoint_example:/root/ros2_ws/src/install/visualization_tools:/root/ros2_ws/src/install/graph_decoder:/root/ros2_ws/src/install/far_planner:/root/ros2_ws/src/install/boundary_handler:/root/ros2_ws/src/install/visibility_graph_msg:/root/ros2_ws/src/install/vehicle_simulator:/root/ros2_ws/src/install/local_planner:/root/ros2_ws/src/install/calibrate_imu:/root/ros2_ws/src/install/go2_sport_api:/root/ros2_ws/src/install/unitree_go:/root/ros2_ws/src/install/unitree_api:/root/ros2_ws/src/install/point_lio_unilidar:/root/ros2_ws/src/install/terrain_analysis_ext:/root/ros2_ws/src/install/terrain_analysis:/root/ros2_ws/src/install/teleop_rviz_plugin_plus:/root/ros2_ws/src/install/teleop_rviz_plugin:/root/ros2_ws/src/install/super_odometry:/root/ros2_ws/src/install/super_odometry_msgs:/root/ros2_ws/src/install/sensor_scan_generation:/root/ros2_ws/src/install/rviz_2d_overlay_plugins:/root/ros2_ws/src/install/livox_ros_driver2:/root/ros2_ws/src/install/goalpoint_rviz_plugin:/root/ros2_ws/src/install/go2_h264_repub:/root/ros2_ws/src/install/transform_sensors:/root/ros2_ws/src/install/ros_tcp_endpoint:/opt/ros/humble LD_LIBRARY_PATH=/root/ros2_ws/src/install/rviz_2d_overlay_msgs/lib:/root/ros2_ws/src/install/visibility_graph_msg/lib:/root/ros2_ws/src/install/go2_sport_api/lib:/root/ros2_ws/src/install/unitree_go/lib:/root/ros2_ws/src/install/unitree_api/lib:/root/ros2_ws/src/install/super_odometry/lib:/root/ros2_ws/src/install/super_odometry_msgs/lib:/root/ros2_ws/src/install/rviz_2d_overlay_plugins/lib:/root/ros2_ws/src/install/livox_ros_driver2/lib:/opt/ros/humble/opt/rviz_ogre_vendor/lib:/opt/ros/humble/lib/x86_64-linux-gnu:/opt/ros/humble/lib /usr/bin/cmake --install /root/ros2_ws/src/build/rviz_2d_overlay_plugins
