[0.428s] Invoking command in '/root/ros2_ws/src/build/terrain_analysis_ext': CMAKE_PREFIX_PATH=/opt/ros/humble /usr/bin/cmake /root/ros2_ws/src/base_autonomy/terrain_analysis_ext -DROS_EDITION=ROS2 -DHUMBLE_ROS=humble -DCMAKE_INSTALL_PREFIX=/root/ros2_ws/src/install/terrain_analysis_ext
[0.509s] -- The C compiler identification is GNU 11.4.0
[0.587s] -- The CXX compiler identification is GNU 11.4.0
[0.609s] -- Detecting C compiler ABI info
[0.724s] -- Detecting C compiler ABI info - done
[0.739s] -- Check for working C compiler: /usr/bin/cc - skipped
[0.739s] -- Detecting C compile features
[0.739s] -- Detecting C compile features - done
[0.742s] -- Detecting CXX compiler ABI info
[0.850s] -- Detecting CXX compiler ABI info - done
[0.872s] -- Check for working CXX compiler: /usr/bin/c++ - skipped
[0.872s] -- Detecting CXX compile features
[0.872s] -- Detecting CXX compile features - done
[0.876s] -- Found ament_cmake: 1.3.12 (/opt/ros/humble/share/ament_cmake/cmake)
[1.104s] -- Found Python3: /usr/bin/python3 (found version "3.10.12") found components: Interpreter 
[1.288s] -- Found rclcpp: 16.0.17 (/opt/ros/humble/share/rclcpp/cmake)
[1.393s] -- Found rosidl_generator_c: 3.1.8 (/opt/ros/humble/share/rosidl_generator_c/cmake)
[1.401s] -- Found rosidl_adapter: 3.1.8 (/opt/ros/humble/share/rosidl_adapter/cmake)
[1.424s] -- Found rosidl_generator_cpp: 3.1.8 (/opt/ros/humble/share/rosidl_generator_cpp/cmake)
[1.448s] -- Using all available rosidl_typesupport_c: rosidl_typesupport_fastrtps_c;rosidl_typesupport_introspection_c
[1.481s] -- Using all available rosidl_typesupport_cpp: rosidl_typesupport_fastrtps_cpp;rosidl_typesupport_introspection_cpp
[1.559s] -- Found rmw_implementation_cmake: 6.1.2 (/opt/ros/humble/share/rmw_implementation_cmake/cmake)
[1.569s] -- Found rmw_fastrtps_cpp: 6.2.9 (/opt/ros/humble/share/rmw_fastrtps_cpp/cmake)
[1.692s] -- Found OpenSSL: /usr/lib/x86_64-linux-gnu/libcrypto.so (found version "3.0.2")  
[1.727s] -- Found FastRTPS: /opt/ros/humble/include  
[1.824s] -- Using RMW implementation 'rmw_fastrtps_cpp' as default
[1.843s] -- Looking for pthread.h
[1.934s] -- Looking for pthread.h - found
[1.936s] -- Performing Test CMAKE_HAVE_LIBC_PTHREAD
[2.046s] -- Performing Test CMAKE_HAVE_LIBC_PTHREAD - Success
[2.051s] -- Found Threads: TRUE  
[2.156s] -- Found nav_msgs: 4.9.0 (/opt/ros/humble/share/nav_msgs/cmake)
[2.283s] -- Found sensor_msgs: 4.9.0 (/opt/ros/humble/share/sensor_msgs/cmake)
[2.358s] -- Found tf2_ros: 0.25.18 (/opt/ros/humble/share/tf2_ros/cmake)
[2.687s] -- Found tf2_geometry_msgs: 0.25.18 (/opt/ros/humble/share/tf2_geometry_msgs/cmake)
[2.739s] -- Found eigen3_cmake_module: 0.1.1 (/opt/ros/humble/share/eigen3_cmake_module/cmake)
[2.740s] -- Found Eigen3: TRUE (found version "3.4.0") 
[2.742s] -- Ensuring Eigen3 include directory is part of orocos-kdl CMake target
[2.744s] -- Found pcl_conversions: 2.4.5 (/opt/ros/humble/share/pcl_conversions/cmake)
[2.849s] -- Checking for module 'eigen3'
[2.891s] --   Found eigen3, version 3.4.0
[2.974s] -- Found Eigen: /usr/include/eigen3 (Required is at least version "3.1") 
[2.974s] -- Eigen found (include: /usr/include/eigen3, version: 3.4.0)
[3.194s] -- Checking for module 'flann'
[3.244s] --   Found flann, version 1.9.1
[3.329s] -- Found FLANN: /usr/lib/x86_64-linux-gnu/libflann_cpp.so  
[3.329s] -- FLANN found (include: /usr/include, lib: /usr/lib/x86_64-linux-gnu/libflann_cpp.so)
[7.206s] -- Checking for module 'libusb-1.0'
[7.267s] --   Found libusb-1.0, version 1.0.25
[7.423s] -- Found libusb: /usr/lib/x86_64-linux-gnu/libusb-1.0.so  
[7.432s] -- OpenNI found (version: 1.5.4.0, include: /usr/include/ni, lib: /usr/lib/libOpenNI.so;libusb::libusb)
[7.708s] -- OpenNI2 found (version: 2.2.0.33, include: /usr/include/openni2, lib: /usr/lib/x86_64-linux-gnu/libOpenNI2.so;libusb::libusb)
[8.494s] -- Eigen found (include: /usr/include/eigen3, version: 3.4.0)
[8.523s] -- OpenNI found (version: 1.5.4.0, include: /usr/include/ni, lib: /usr/lib/libOpenNI.so;libusb::libusb)
[8.549s] -- OpenNI2 found (version: 2.2.0.33, include: /usr/include/openni2, lib: /usr/lib/x86_64-linux-gnu/libOpenNI2.so;libusb::libusb)
[9.003s] -- Found Qhull version 8.0.2
[9.497s] -- OpenNI found (version: 1.5.4.0, include: /usr/include/ni, lib: /usr/lib/libOpenNI.so;libusb::libusb)
[10.103s] -- Found PCL_COMMON: /usr/lib/x86_64-linux-gnu/libpcl_common.so  
[10.103s] -- Found PCL_KDTREE: /usr/lib/x86_64-linux-gnu/libpcl_kdtree.so  
[10.105s] -- Found PCL_OCTREE: /usr/lib/x86_64-linux-gnu/libpcl_octree.so  
[10.110s] -- Found PCL_SEARCH: /usr/lib/x86_64-linux-gnu/libpcl_search.so  
[10.115s] -- Found PCL_SAMPLE_CONSENSUS: /usr/lib/x86_64-linux-gnu/libpcl_sample_consensus.so  
[10.120s] -- Found PCL_FILTERS: /usr/lib/x86_64-linux-gnu/libpcl_filters.so  
[10.121s] -- Found PCL_2D: /usr/include/pcl-1.12  
[10.121s] -- Found PCL_GEOMETRY: /usr/include/pcl-1.12  
[10.126s] -- Found PCL_IO: /usr/lib/x86_64-linux-gnu/libpcl_io.so  
[10.131s] -- Found PCL_FEATURES: /usr/lib/x86_64-linux-gnu/libpcl_features.so  
[10.140s] -- Found PCL_ML: /usr/lib/x86_64-linux-gnu/libpcl_ml.so  
[10.145s] -- Found PCL_SEGMENTATION: /usr/lib/x86_64-linux-gnu/libpcl_segmentation.so  
[10.145s] -- Found PCL_VISUALIZATION: /usr/lib/x86_64-linux-gnu/libpcl_visualization.so  
[10.148s] -- Found PCL_SURFACE: /usr/lib/x86_64-linux-gnu/libpcl_surface.so  
[10.154s] -- Found PCL_REGISTRATION: /usr/lib/x86_64-linux-gnu/libpcl_registration.so  
[10.155s] -- Found PCL_KEYPOINTS: /usr/lib/x86_64-linux-gnu/libpcl_keypoints.so  
[10.163s] -- Found PCL_TRACKING: /usr/lib/x86_64-linux-gnu/libpcl_tracking.so  
[10.165s] -- Found PCL_RECOGNITION: /usr/lib/x86_64-linux-gnu/libpcl_recognition.so  
[10.169s] -- Found PCL_STEREO: /usr/lib/x86_64-linux-gnu/libpcl_stereo.so  
[10.178s] -- Found PCL_APPS: /usr/lib/x86_64-linux-gnu/libpcl_apps.so  
[10.178s] -- Found PCL_IN_HAND_SCANNER: /usr/include/pcl-1.12  
[10.180s] -- Found PCL_MODELER: /usr/include/pcl-1.12  
[10.184s] -- Found PCL_POINT_CLOUD_EDITOR: /usr/include/pcl-1.12  
[10.186s] -- Found PCL_OUTOFCORE: /usr/lib/x86_64-linux-gnu/libpcl_outofcore.so  
[10.190s] -- Found PCL_PEOPLE: /usr/lib/x86_64-linux-gnu/libpcl_people.so  
[10.216s] -- Found pcl_ros: 2.4.5 (/opt/ros/humble/share/pcl_ros/cmake)
[10.269s] -- Found ament_lint_auto: 0.12.14 (/opt/ros/humble/share/ament_lint_auto/cmake)
[10.586s] -- Added test 'copyright' to check source files copyright and LICENSE
[10.587s] -- Added test 'cppcheck' to perform static code analysis on C / C++ code
[10.587s] -- Configured cppcheck include dirs: 
[10.587s] -- Configured cppcheck exclude dirs and/or files: 
[10.590s] -- Added test 'cpplint' to check C / C++ code against the Google style
[10.590s] -- Configured cpplint exclude dirs and/or files: 
[10.591s] -- Added test 'lint_cmake' to check CMake code style
[10.600s] -- Added test 'uncrustify' to check C / C++ code style
[10.600s] -- Configured uncrustify additional arguments: 
[10.600s] -- Added test 'xmllint' to check XML markup files
[10.602s] -- Configuring done
[10.891s] -- Generating done
[10.904s] [33mCMake Warning:
[10.904s]   Manually-specified variables were not used by the project:
[10.904s] 
[10.904s]     HUMBLE_ROS
[10.904s]     ROS_EDITION
[10.904s] 
[10.904s] [0m
[10.948s] -- Build files have been written to: /root/ros2_ws/src/build/terrain_analysis_ext
[11.043s] Invoked command in '/root/ros2_ws/src/build/terrain_analysis_ext' returned '0': CMAKE_PREFIX_PATH=/opt/ros/humble /usr/bin/cmake /root/ros2_ws/src/base_autonomy/terrain_analysis_ext -DROS_EDITION=ROS2 -DHUMBLE_ROS=humble -DCMAKE_INSTALL_PREFIX=/root/ros2_ws/src/install/terrain_analysis_ext
[11.048s] Invoking command in '/root/ros2_ws/src/build/terrain_analysis_ext': CMAKE_PREFIX_PATH=/opt/ros/humble /usr/bin/cmake --build /root/ros2_ws/src/build/terrain_analysis_ext -- -j24 -l24
[11.973s] [ 50%] [32mBuilding CXX object CMakeFiles/terrainAnalysisExt.dir/src/terrainAnalysisExt.cpp.o[0m
[12.816s] In file included from [01m[K/root/ros2_ws/src/base_autonomy/terrain_analysis_ext/src/terrainAnalysisExt.cpp:20[m[K:
[12.816s] [01m[K/opt/ros/humble/include/tf2_geometry_msgs/tf2_geometry_msgs/tf2_geometry_msgs.h:35:2:[m[K [01;35m[Kwarning: [m[K#warning This header is obsolete, please include tf2_geometry_msgs/tf2_geometry_msgs.hpp instead [[01;35m[K-Wcpp[m[K]
[12.816s]    35 | #[01;35m[Kwarning[m[K This header is obsolete, please include tf2_geometry_msgs/tf2_geometry_msgs.hpp instead
[12.816s]       |  [01;35m[K^~~~~~~[m[K
[51.021s] [100%] [32m[1mLinking CXX executable terrainAnalysisExt[0m
[53.920s] [100%] Built target terrainAnalysisExt
[53.937s] Invoked command in '/root/ros2_ws/src/build/terrain_analysis_ext' returned '0': CMAKE_PREFIX_PATH=/opt/ros/humble /usr/bin/cmake --build /root/ros2_ws/src/build/terrain_analysis_ext -- -j24 -l24
[53.938s] Invoking command in '/root/ros2_ws/src/build/terrain_analysis_ext': CMAKE_PREFIX_PATH=/opt/ros/humble /usr/bin/cmake --install /root/ros2_ws/src/build/terrain_analysis_ext
[53.947s] -- Install configuration: ""
[53.947s] -- Installing: /root/ros2_ws/src/install/terrain_analysis_ext/lib/terrain_analysis_ext/terrainAnalysisExt
[53.956s] -- Set runtime path of "/root/ros2_ws/src/install/terrain_analysis_ext/lib/terrain_analysis_ext/terrainAnalysisExt" to ""
[53.957s] -- Installing: /root/ros2_ws/src/install/terrain_analysis_ext/share/terrain_analysis_ext/launch
[53.957s] -- Installing: /root/ros2_ws/src/install/terrain_analysis_ext/share/terrain_analysis_ext/launch/terrain_analysis_ext.launch
[53.957s] -- Installing: /root/ros2_ws/src/install/terrain_analysis_ext/share/ament_index/resource_index/package_run_dependencies/terrain_analysis_ext
[53.957s] -- Installing: /root/ros2_ws/src/install/terrain_analysis_ext/share/ament_index/resource_index/parent_prefix_path/terrain_analysis_ext
[53.957s] -- Installing: /root/ros2_ws/src/install/terrain_analysis_ext/share/terrain_analysis_ext/environment/ament_prefix_path.sh
[53.957s] -- Installing: /root/ros2_ws/src/install/terrain_analysis_ext/share/terrain_analysis_ext/environment/ament_prefix_path.dsv
[53.958s] -- Installing: /root/ros2_ws/src/install/terrain_analysis_ext/share/terrain_analysis_ext/environment/path.sh
[53.958s] -- Installing: /root/ros2_ws/src/install/terrain_analysis_ext/share/terrain_analysis_ext/environment/path.dsv
[53.958s] -- Installing: /root/ros2_ws/src/install/terrain_analysis_ext/share/terrain_analysis_ext/local_setup.bash
[53.958s] -- Installing: /root/ros2_ws/src/install/terrain_analysis_ext/share/terrain_analysis_ext/local_setup.sh
[53.958s] -- Installing: /root/ros2_ws/src/install/terrain_analysis_ext/share/terrain_analysis_ext/local_setup.zsh
[53.958s] -- Installing: /root/ros2_ws/src/install/terrain_analysis_ext/share/terrain_analysis_ext/local_setup.dsv
[53.958s] -- Installing: /root/ros2_ws/src/install/terrain_analysis_ext/share/terrain_analysis_ext/package.dsv
[53.959s] -- Installing: /root/ros2_ws/src/install/terrain_analysis_ext/share/ament_index/resource_index/packages/terrain_analysis_ext
[53.959s] -- Installing: /root/ros2_ws/src/install/terrain_analysis_ext/share/terrain_analysis_ext/cmake/terrain_analysis_extConfig.cmake
[53.959s] -- Installing: /root/ros2_ws/src/install/terrain_analysis_ext/share/terrain_analysis_ext/cmake/terrain_analysis_extConfig-version.cmake
[53.959s] -- Installing: /root/ros2_ws/src/install/terrain_analysis_ext/share/terrain_analysis_ext/package.xml
[53.962s] Invoked command in '/root/ros2_ws/src/build/terrain_analysis_ext' returned '0': CMAKE_PREFIX_PATH=/opt/ros/humble /usr/bin/cmake --install /root/ros2_ws/src/build/terrain_analysis_ext
