-- The C compiler identification is GNU 11.4.0
-- The CXX compiler identification is GNU 11.4.0
-- Detecting C compiler ABI info
-- Detecting C compiler ABI info - done
-- Check for working C compiler: /usr/bin/cc - skipped
-- Detecting C compile features
-- Detecting C compile features - done
-- Detecting CXX compiler ABI info
-- Detecting CXX compiler ABI info - done
-- Check for working CXX compiler: /usr/bin/c++ - skipped
-- Detecting CXX compile features
-- Detecting CXX compile features - done
-- Found ament_cmake: 1.3.12 (/opt/ros/humble/share/ament_cmake/cmake)
-- Found Python3: /usr/bin/python3 (found version "3.10.12") found components: Interpreter 
-- Found rclcpp: 16.0.17 (/opt/ros/humble/share/rclcpp/cmake)
-- Found rosidl_generator_c: 3.1.8 (/opt/ros/humble/share/rosidl_generator_c/cmake)
-- Found rosidl_adapter: 3.1.8 (/opt/ros/humble/share/rosidl_adapter/cmake)
-- Found rosidl_generator_cpp: 3.1.8 (/opt/ros/humble/share/rosidl_generator_cpp/cmake)
-- Using all available rosidl_typesupport_c: rosidl_typesupport_fastrtps_c;rosidl_typesupport_introspection_c
-- Using all available rosidl_typesupport_cpp: rosidl_typesupport_fastrtps_cpp;rosidl_typesupport_introspection_cpp
-- Found rmw_implementation_cmake: 6.1.2 (/opt/ros/humble/share/rmw_implementation_cmake/cmake)
-- Found rmw_fastrtps_cpp: 6.2.9 (/opt/ros/humble/share/rmw_fastrtps_cpp/cmake)
-- Found OpenSSL: /usr/lib/x86_64-linux-gnu/libcrypto.so (found version "3.0.2")  
-- Found FastRTPS: /opt/ros/humble/include  
-- Using RMW implementation 'rmw_fastrtps_cpp' as default
-- Looking for pthread.h
-- Looking for pthread.h - found
-- Performing Test CMAKE_HAVE_LIBC_PTHREAD
-- Performing Test CMAKE_HAVE_LIBC_PTHREAD - Success
-- Found Threads: TRUE  
-- Found sensor_msgs: 4.9.0 (/opt/ros/humble/share/sensor_msgs/cmake)
-- Found unitree_api: 0.0.0 (/root/ros2_ws/src/install/unitree_api/share/unitree_api/cmake)
-- Found go2_sport_api: 0.0.0 (/root/ros2_ws/src/install/go2_sport_api/share/go2_sport_api/cmake)
-- Found ament_lint_auto: 0.12.14 (/opt/ros/humble/share/ament_lint_auto/cmake)
-- Added test 'copyright' to check source files copyright and LICENSE
-- Added test 'cppcheck' to perform static code analysis on C / C++ code
-- Configured cppcheck include dirs: /root/ros2_ws/src/utilities/calibrate_imu/include;/root/ros2_ws/src/utilities/calibrate_imu/include/nlohmann
-- Configured cppcheck exclude dirs and/or files: 
-- Added test 'cpplint' to check C / C++ code against the Google style
-- Configured cpplint exclude dirs and/or files: 
-- Added test 'lint_cmake' to check CMake code style
-- Added test 'uncrustify' to check C / C++ code style
-- Configured uncrustify additional arguments: 
-- Added test 'xmllint' to check XML markup files
-- Configuring done
[33mCMake Warning:
  Manually-specified variables were not used by the project:

    HUMBLE_ROS
    ROS_EDITION

[0m
-- Generating done
-- Build files have been written to: /root/ros2_ws/src/build/calibrate_imu
[ 50%] [32mBuilding CXX object CMakeFiles/calibrate_imu.dir/src/calibrate_imu.cpp.o[0m
[01m[K/root/ros2_ws/src/utilities/calibrate_imu/src/calibrate_imu.cpp:[m[K In function ‘[01m[Kvoid estimate_bias()[m[K’:
[01m[K/root/ros2_ws/src/utilities/calibrate_imu/src/calibrate_imu.cpp:87:9:[m[K [01;35m[Kwarning: [m[Kunused variable ‘[01m[Knegative_rot_count[m[K’ [[01;35m[K-Wunused-variable[m[K]
   87 |     int [01;35m[Knegative_rot_count[m[K = 0;
      |         [01;35m[K^~~~~~~~~~~~~~~~~~[m[K
[01m[K/root/ros2_ws/src/utilities/calibrate_imu/src/calibrate_imu.cpp:93:12:[m[K [01;35m[Kwarning: [m[Kunused variable ‘[01m[Kang_rot_x_mean_negative[m[K’ [[01;35m[K-Wunused-variable[m[K]
   93 |     double [01;35m[Kang_rot_x_mean_negative[m[K = 0;
      |            [01;35m[K^~~~~~~~~~~~~~~~~~~~~~~[m[K
[01m[K/root/ros2_ws/src/utilities/calibrate_imu/src/calibrate_imu.cpp:94:12:[m[K [01;35m[Kwarning: [m[Kunused variable ‘[01m[Kang_rot_y_mean_negative[m[K’ [[01;35m[K-Wunused-variable[m[K]
   94 |     double [01;35m[Kang_rot_y_mean_negative[m[K = 0;
      |            [01;35m[K^~~~~~~~~~~~~~~~~~~~~~~[m[K
[01m[K/root/ros2_ws/src/utilities/calibrate_imu/src/calibrate_imu.cpp:95:12:[m[K [01;35m[Kwarning: [m[Kunused variable ‘[01m[Kang_rot_z_mean_negative[m[K’ [[01;35m[K-Wunused-variable[m[K]
   95 |     double [01;35m[Kang_rot_z_mean_negative[m[K = 0;
      |            [01;35m[K^~~~~~~~~~~~~~~~~~~~~~~[m[K
[100%] [32m[1mLinking CXX executable calibrate_imu[0m
[100%] Built target calibrate_imu
-- Install configuration: ""
-- Installing: /root/ros2_ws/src/install/calibrate_imu/lib/calibrate_imu/calibrate_imu
-- Set runtime path of "/root/ros2_ws/src/install/calibrate_imu/lib/calibrate_imu/calibrate_imu" to ""
-- Installing: /root/ros2_ws/src/install/calibrate_imu/share/ament_index/resource_index/package_run_dependencies/calibrate_imu
-- Installing: /root/ros2_ws/src/install/calibrate_imu/share/ament_index/resource_index/parent_prefix_path/calibrate_imu
-- Installing: /root/ros2_ws/src/install/calibrate_imu/share/calibrate_imu/environment/ament_prefix_path.sh
-- Installing: /root/ros2_ws/src/install/calibrate_imu/share/calibrate_imu/environment/ament_prefix_path.dsv
-- Installing: /root/ros2_ws/src/install/calibrate_imu/share/calibrate_imu/environment/path.sh
-- Installing: /root/ros2_ws/src/install/calibrate_imu/share/calibrate_imu/environment/path.dsv
-- Installing: /root/ros2_ws/src/install/calibrate_imu/share/calibrate_imu/local_setup.bash
-- Installing: /root/ros2_ws/src/install/calibrate_imu/share/calibrate_imu/local_setup.sh
-- Installing: /root/ros2_ws/src/install/calibrate_imu/share/calibrate_imu/local_setup.zsh
-- Installing: /root/ros2_ws/src/install/calibrate_imu/share/calibrate_imu/local_setup.dsv
-- Installing: /root/ros2_ws/src/install/calibrate_imu/share/calibrate_imu/package.dsv
-- Installing: /root/ros2_ws/src/install/calibrate_imu/share/ament_index/resource_index/packages/calibrate_imu
-- Installing: /root/ros2_ws/src/install/calibrate_imu/share/calibrate_imu/cmake/calibrate_imuConfig.cmake
-- Installing: /root/ros2_ws/src/install/calibrate_imu/share/calibrate_imu/cmake/calibrate_imuConfig-version.cmake
-- Installing: /root/ros2_ws/src/install/calibrate_imu/share/calibrate_imu/package.xml
