[0.025s] Invoking command in '/root/ros2_ws/src/build/local_planner': AMENT_PREFIX_PATH=/root/ros2_ws/src/install/go2_sport_api:/root/ros2_ws/src/install/unitree_go:/root/ros2_ws/src/install/unitree_api:${AMENT_PREFIX_PATH} CMAKE_PREFIX_PATH=/root/ros2_ws/src/install/go2_sport_api:/root/ros2_ws/src/install/unitree_go:/root/ros2_ws/src/install/unitree_api:/opt/ros/humble LD_LIBRARY_PATH=/root/ros2_ws/src/install/go2_sport_api/lib:/root/ros2_ws/src/install/unitree_go/lib:/root/ros2_ws/src/install/unitree_api/lib:${LD_LIBRARY_PATH} PYTHONPATH=/root/ros2_ws/src/install/unitree_go/local/lib/python3.10/dist-packages:/root/ros2_ws/src/install/unitree_api/local/lib/python3.10/dist-packages:${PYTHONPATH} /usr/bin/cmake /root/ros2_ws/src/base_autonomy/local_planner -DROS_EDITION=ROS2 -DHUMBLE_ROS=humble -DCMAKE_INSTALL_PREFIX=/root/ros2_ws/src/install/local_planner
[0.146s] -- The C compiler identification is GNU 11.4.0
[0.247s] -- The CXX compiler identification is GNU 11.4.0
[0.263s] -- Detecting C compiler ABI info
[0.410s] -- Detecting C compiler ABI info - done
[0.424s] -- Check for working C compiler: /usr/bin/cc - skipped
[0.426s] -- Detecting C compile features
[0.427s] -- Detecting C compile features - done
[0.434s] -- Detecting CXX compiler ABI info
[0.561s] -- Detecting CXX compiler ABI info - done
[0.572s] -- Check for working CXX compiler: /usr/bin/c++ - skipped
[0.572s] -- Detecting CXX compile features
[0.572s] -- Detecting CXX compile features - done
[0.577s] -- Found ament_cmake: 1.3.12 (/opt/ros/humble/share/ament_cmake/cmake)
[0.851s] -- Found Python3: /usr/bin/python3 (found version "3.10.12") found components: Interpreter 
[0.999s] -- Found rclcpp: 16.0.17 (/opt/ros/humble/share/rclcpp/cmake)
[1.069s] -- Found rosidl_generator_c: 3.1.8 (/opt/ros/humble/share/rosidl_generator_c/cmake)
[1.077s] -- Found rosidl_adapter: 3.1.8 (/opt/ros/humble/share/rosidl_adapter/cmake)
[1.091s] -- Found rosidl_generator_cpp: 3.1.8 (/opt/ros/humble/share/rosidl_generator_cpp/cmake)
[1.114s] -- Using all available rosidl_typesupport_c: rosidl_typesupport_fastrtps_c;rosidl_typesupport_introspection_c
[1.143s] -- Using all available rosidl_typesupport_cpp: rosidl_typesupport_fastrtps_cpp;rosidl_typesupport_introspection_cpp
[1.226s] -- Found rmw_implementation_cmake: 6.1.2 (/opt/ros/humble/share/rmw_implementation_cmake/cmake)
[1.231s] -- Found rmw_fastrtps_cpp: 6.2.9 (/opt/ros/humble/share/rmw_fastrtps_cpp/cmake)
[1.350s] -- Found OpenSSL: /usr/lib/x86_64-linux-gnu/libcrypto.so (found version "3.0.2")  
[1.397s] -- Found FastRTPS: /opt/ros/humble/include  
[1.466s] -- Using RMW implementation 'rmw_fastrtps_cpp' as default
[1.483s] -- Looking for pthread.h
[1.596s] -- Looking for pthread.h - found
[1.596s] -- Performing Test CMAKE_HAVE_LIBC_PTHREAD
[1.723s] -- Performing Test CMAKE_HAVE_LIBC_PTHREAD - Success
[1.725s] -- Found Threads: TRUE  
[1.834s] -- Found nav_msgs: 4.9.0 (/opt/ros/humble/share/nav_msgs/cmake)
[1.907s] -- Found sensor_msgs: 4.9.0 (/opt/ros/humble/share/sensor_msgs/cmake)
[1.945s] -- Found tf2_ros: 0.25.18 (/opt/ros/humble/share/tf2_ros/cmake)
[2.193s] -- Found tf2_geometry_msgs: 0.25.18 (/opt/ros/humble/share/tf2_geometry_msgs/cmake)
[2.226s] -- Found eigen3_cmake_module: 0.1.1 (/opt/ros/humble/share/eigen3_cmake_module/cmake)
[2.228s] -- Found Eigen3: TRUE (found version "3.4.0") 
[2.229s] -- Ensuring Eigen3 include directory is part of orocos-kdl CMake target
[2.235s] -- Found pcl_conversions: 2.4.5 (/opt/ros/humble/share/pcl_conversions/cmake)
[2.292s] -- Checking for module 'eigen3'
[2.317s] --   Found eigen3, version 3.4.0
[2.391s] -- Found Eigen: /usr/include/eigen3 (Required is at least version "3.1") 
[2.392s] -- Eigen found (include: /usr/include/eigen3, version: 3.4.0)
[2.498s] -- Checking for module 'flann'
[2.527s] --   Found flann, version 1.9.1
[2.598s] -- Found FLANN: /usr/lib/x86_64-linux-gnu/libflann_cpp.so  
[2.599s] -- FLANN found (include: /usr/include, lib: /usr/lib/x86_64-linux-gnu/libflann_cpp.so)
[4.729s] -- Checking for module 'libusb-1.0'
[4.763s] --   Found libusb-1.0, version 1.0.25
[4.836s] -- Found libusb: /usr/lib/x86_64-linux-gnu/libusb-1.0.so  
[4.839s] -- OpenNI found (version: 1.5.4.0, include: /usr/include/ni, lib: /usr/lib/libOpenNI.so;libusb::libusb)
[4.952s] -- OpenNI2 found (version: 2.2.0.33, include: /usr/include/openni2, lib: /usr/lib/x86_64-linux-gnu/libOpenNI2.so;libusb::libusb)
[5.240s] -- Eigen found (include: /usr/include/eigen3, version: 3.4.0)
[5.250s] -- OpenNI found (version: 1.5.4.0, include: /usr/include/ni, lib: /usr/lib/libOpenNI.so;libusb::libusb)
[5.265s] -- OpenNI2 found (version: 2.2.0.33, include: /usr/include/openni2, lib: /usr/lib/x86_64-linux-gnu/libOpenNI2.so;libusb::libusb)
[5.508s] -- Found Qhull version 8.0.2
[5.750s] -- OpenNI found (version: 1.5.4.0, include: /usr/include/ni, lib: /usr/lib/libOpenNI.so;libusb::libusb)
[5.993s] -- Found PCL_COMMON: /usr/lib/x86_64-linux-gnu/libpcl_common.so  
[5.996s] -- Found PCL_KDTREE: /usr/lib/x86_64-linux-gnu/libpcl_kdtree.so  
[5.998s] -- Found PCL_OCTREE: /usr/lib/x86_64-linux-gnu/libpcl_octree.so  
[6.000s] -- Found PCL_SEARCH: /usr/lib/x86_64-linux-gnu/libpcl_search.so  
[6.003s] -- Found PCL_SAMPLE_CONSENSUS: /usr/lib/x86_64-linux-gnu/libpcl_sample_consensus.so  
[6.004s] -- Found PCL_FILTERS: /usr/lib/x86_64-linux-gnu/libpcl_filters.so  
[6.006s] -- Found PCL_2D: /usr/include/pcl-1.12  
[6.007s] -- Found PCL_GEOMETRY: /usr/include/pcl-1.12  
[6.009s] -- Found PCL_IO: /usr/lib/x86_64-linux-gnu/libpcl_io.so  
[6.011s] -- Found PCL_FEATURES: /usr/lib/x86_64-linux-gnu/libpcl_features.so  
[6.013s] -- Found PCL_ML: /usr/lib/x86_64-linux-gnu/libpcl_ml.so  
[6.015s] -- Found PCL_SEGMENTATION: /usr/lib/x86_64-linux-gnu/libpcl_segmentation.so  
[6.017s] -- Found PCL_VISUALIZATION: /usr/lib/x86_64-linux-gnu/libpcl_visualization.so  
[6.018s] -- Found PCL_SURFACE: /usr/lib/x86_64-linux-gnu/libpcl_surface.so  
[6.020s] -- Found PCL_REGISTRATION: /usr/lib/x86_64-linux-gnu/libpcl_registration.so  
[6.022s] -- Found PCL_KEYPOINTS: /usr/lib/x86_64-linux-gnu/libpcl_keypoints.so  
[6.024s] -- Found PCL_TRACKING: /usr/lib/x86_64-linux-gnu/libpcl_tracking.so  
[6.026s] -- Found PCL_RECOGNITION: /usr/lib/x86_64-linux-gnu/libpcl_recognition.so  
[6.028s] -- Found PCL_STEREO: /usr/lib/x86_64-linux-gnu/libpcl_stereo.so  
[6.030s] -- Found PCL_APPS: /usr/lib/x86_64-linux-gnu/libpcl_apps.so  
[6.032s] -- Found PCL_IN_HAND_SCANNER: /usr/include/pcl-1.12  
[6.033s] -- Found PCL_MODELER: /usr/include/pcl-1.12  
[6.034s] -- Found PCL_POINT_CLOUD_EDITOR: /usr/include/pcl-1.12  
[6.039s] -- Found PCL_OUTOFCORE: /usr/lib/x86_64-linux-gnu/libpcl_outofcore.so  
[6.039s] -- Found PCL_PEOPLE: /usr/lib/x86_64-linux-gnu/libpcl_people.so  
[6.046s] -- Found pcl_ros: 2.4.5 (/opt/ros/humble/share/pcl_ros/cmake)
[6.072s] -- Found unitree_api: 0.0.0 (/root/ros2_ws/src/install/unitree_api/share/unitree_api/cmake)
[6.126s] -- Found go2_sport_api: 0.0.0 (/root/ros2_ws/src/install/go2_sport_api/share/go2_sport_api/cmake)
[6.267s] -- Found ament_lint_auto: 0.12.14 (/opt/ros/humble/share/ament_lint_auto/cmake)
[6.432s] -- Added test 'copyright' to check source files copyright and LICENSE
[6.435s] -- Added test 'cppcheck' to perform static code analysis on C / C++ code
[6.437s] -- Configured cppcheck include dirs: /root/ros2_ws/src/base_autonomy/local_planner/include;/root/ros2_ws/src/base_autonomy/local_planner/include/nlohmann
[6.437s] -- Configured cppcheck exclude dirs and/or files: 
[6.442s] -- Added test 'cpplint' to check C / C++ code against the Google style
[6.442s] -- Configured cpplint exclude dirs and/or files: 
[6.444s] -- Added test 'lint_cmake' to check CMake code style
[6.449s] -- Added test 'uncrustify' to check C / C++ code style
[6.449s] -- Configured uncrustify additional arguments: 
[6.450s] -- Added test 'xmllint' to check XML markup files
[6.452s] -- Configuring done
[6.600s] -- Generating done
[6.604s] [33mCMake Warning:
[6.604s]   Manually-specified variables were not used by the project:
[6.604s] 
[6.604s]     HUMBLE_ROS
[6.604s]     ROS_EDITION
[6.604s] 
[6.604s] [0m
[6.637s] -- Build files have been written to: /root/ros2_ws/src/build/local_planner
[6.672s] Invoked command in '/root/ros2_ws/src/build/local_planner' returned '0': AMENT_PREFIX_PATH=/root/ros2_ws/src/install/go2_sport_api:/root/ros2_ws/src/install/unitree_go:/root/ros2_ws/src/install/unitree_api:${AMENT_PREFIX_PATH} CMAKE_PREFIX_PATH=/root/ros2_ws/src/install/go2_sport_api:/root/ros2_ws/src/install/unitree_go:/root/ros2_ws/src/install/unitree_api:/opt/ros/humble LD_LIBRARY_PATH=/root/ros2_ws/src/install/go2_sport_api/lib:/root/ros2_ws/src/install/unitree_go/lib:/root/ros2_ws/src/install/unitree_api/lib:${LD_LIBRARY_PATH} PYTHONPATH=/root/ros2_ws/src/install/unitree_go/local/lib/python3.10/dist-packages:/root/ros2_ws/src/install/unitree_api/local/lib/python3.10/dist-packages:${PYTHONPATH} /usr/bin/cmake /root/ros2_ws/src/base_autonomy/local_planner -DROS_EDITION=ROS2 -DHUMBLE_ROS=humble -DCMAKE_INSTALL_PREFIX=/root/ros2_ws/src/install/local_planner
[6.675s] Invoking command in '/root/ros2_ws/src/build/local_planner': AMENT_PREFIX_PATH=/root/ros2_ws/src/install/go2_sport_api:/root/ros2_ws/src/install/unitree_go:/root/ros2_ws/src/install/unitree_api:${AMENT_PREFIX_PATH} CMAKE_PREFIX_PATH=/root/ros2_ws/src/install/go2_sport_api:/root/ros2_ws/src/install/unitree_go:/root/ros2_ws/src/install/unitree_api:/opt/ros/humble LD_LIBRARY_PATH=/root/ros2_ws/src/install/go2_sport_api/lib:/root/ros2_ws/src/install/unitree_go/lib:/root/ros2_ws/src/install/unitree_api/lib:${LD_LIBRARY_PATH} PYTHONPATH=/root/ros2_ws/src/install/unitree_go/local/lib/python3.10/dist-packages:/root/ros2_ws/src/install/unitree_api/local/lib/python3.10/dist-packages:${PYTHONPATH} /usr/bin/cmake --build /root/ros2_ws/src/build/local_planner -- -j24 -l24
[6.768s] [ 25%] [32mBuilding CXX object CMakeFiles/localPlanner.dir/src/localPlanner.cpp.o[0m
[6.769s] [ 50%] [32mBuilding CXX object CMakeFiles/pathFollower.dir/src/pathFollower.cpp.o[0m
[7.357s] In file included from [01m[K/root/ros2_ws/src/base_autonomy/local_planner/src/pathFollower.cpp:23[m[K:
[7.358s] [01m[K/opt/ros/humble/include/tf2_geometry_msgs/tf2_geometry_msgs/tf2_geometry_msgs.h:35:2:[m[K [01;35m[Kwarning: [m[K#warning This header is obsolete, please include tf2_geometry_msgs/tf2_geometry_msgs.hpp instead [[01;35m[K-Wcpp[m[K]
[7.358s]    35 | #[01;35m[Kwarning[m[K This header is obsolete, please include tf2_geometry_msgs/tf2_geometry_msgs.hpp instead
[7.358s]       |  [01;35m[K^~~~~~~[m[K
[7.400s] In file included from [01m[K/root/ros2_ws/src/base_autonomy/local_planner/src/localPlanner.cpp:26[m[K:
[7.400s] [01m[K/opt/ros/humble/include/tf2_geometry_msgs/tf2_geometry_msgs/tf2_geometry_msgs.h:35:2:[m[K [01;35m[Kwarning: [m[K#warning This header is obsolete, please include tf2_geometry_msgs/tf2_geometry_msgs.hpp instead [[01;35m[K-Wcpp[m[K]
[7.400s]    35 | #[01;35m[Kwarning[m[K This header is obsolete, please include tf2_geometry_msgs/tf2_geometry_msgs.hpp instead
[7.400s]       |  [01;35m[K^~~~~~~[m[K
[12.681s] [01m[K/root/ros2_ws/src/base_autonomy/local_planner/src/localPlanner.cpp:[m[K In function ‘[01m[Kint main(int, char**)[m[K’:
[12.681s] [01m[K/root/ros2_ws/src/base_autonomy/local_planner/src/localPlanner.cpp:676:13:[m[K [01;35m[Kwarning: [m[Kunused variable ‘[01m[KsinVehicleRoll[m[K’ [[01;35m[K-Wunused-variable[m[K]
[12.681s]   676 |       float [01;35m[KsinVehicleRoll[m[K = sin(vehicleRoll);
[12.681s]       |             [01;35m[K^~~~~~~~~~~~~~[m[K
[12.681s] [01m[K/root/ros2_ws/src/base_autonomy/local_planner/src/localPlanner.cpp:677:13:[m[K [01;35m[Kwarning: [m[Kunused variable ‘[01m[KcosVehicleRoll[m[K’ [[01;35m[K-Wunused-variable[m[K]
[12.681s]   677 |       float [01;35m[KcosVehicleRoll[m[K = cos(vehicleRoll);
[12.681s]       |             [01;35m[K^~~~~~~~~~~~~~[m[K
[12.681s] [01m[K/root/ros2_ws/src/base_autonomy/local_planner/src/localPlanner.cpp:678:13:[m[K [01;35m[Kwarning: [m[Kunused variable ‘[01m[KsinVehiclePitch[m[K’ [[01;35m[K-Wunused-variable[m[K]
[12.681s]   678 |       float [01;35m[KsinVehiclePitch[m[K = sin(vehiclePitch);
[12.681s]       |             [01;35m[K^~~~~~~~~~~~~~~[m[K
[12.681s] [01m[K/root/ros2_ws/src/base_autonomy/local_planner/src/localPlanner.cpp:679:13:[m[K [01;35m[Kwarning: [m[Kunused variable ‘[01m[KcosVehiclePitch[m[K’ [[01;35m[K-Wunused-variable[m[K]
[12.681s]   679 |       float [01;35m[KcosVehiclePitch[m[K = cos(vehiclePitch);
[12.681s]       |             [01;35m[K^~~~~~~~~~~~~~~[m[K
[27.310s] [ 75%] [32m[1mLinking CXX executable pathFollower[0m
[28.735s] [ 75%] Built target pathFollower
[29.732s] [100%] [32m[1mLinking CXX executable localPlanner[0m
[31.460s] [100%] Built target localPlanner
[31.473s] Invoked command in '/root/ros2_ws/src/build/local_planner' returned '0': AMENT_PREFIX_PATH=/root/ros2_ws/src/install/go2_sport_api:/root/ros2_ws/src/install/unitree_go:/root/ros2_ws/src/install/unitree_api:${AMENT_PREFIX_PATH} CMAKE_PREFIX_PATH=/root/ros2_ws/src/install/go2_sport_api:/root/ros2_ws/src/install/unitree_go:/root/ros2_ws/src/install/unitree_api:/opt/ros/humble LD_LIBRARY_PATH=/root/ros2_ws/src/install/go2_sport_api/lib:/root/ros2_ws/src/install/unitree_go/lib:/root/ros2_ws/src/install/unitree_api/lib:${LD_LIBRARY_PATH} PYTHONPATH=/root/ros2_ws/src/install/unitree_go/local/lib/python3.10/dist-packages:/root/ros2_ws/src/install/unitree_api/local/lib/python3.10/dist-packages:${PYTHONPATH} /usr/bin/cmake --build /root/ros2_ws/src/build/local_planner -- -j24 -l24
[31.474s] Invoking command in '/root/ros2_ws/src/build/local_planner': AMENT_PREFIX_PATH=/root/ros2_ws/src/install/go2_sport_api:/root/ros2_ws/src/install/unitree_go:/root/ros2_ws/src/install/unitree_api:${AMENT_PREFIX_PATH} CMAKE_PREFIX_PATH=/root/ros2_ws/src/install/go2_sport_api:/root/ros2_ws/src/install/unitree_go:/root/ros2_ws/src/install/unitree_api:/opt/ros/humble LD_LIBRARY_PATH=/root/ros2_ws/src/install/go2_sport_api/lib:/root/ros2_ws/src/install/unitree_go/lib:/root/ros2_ws/src/install/unitree_api/lib:${LD_LIBRARY_PATH} PYTHONPATH=/root/ros2_ws/src/install/unitree_go/local/lib/python3.10/dist-packages:/root/ros2_ws/src/install/unitree_api/local/lib/python3.10/dist-packages:${PYTHONPATH} /usr/bin/cmake --install /root/ros2_ws/src/build/local_planner
[31.479s] -- Install configuration: ""
[31.480s] -- Installing: /root/ros2_ws/src/install/local_planner/lib/local_planner/localPlanner
[31.486s] -- Set runtime path of "/root/ros2_ws/src/install/local_planner/lib/local_planner/localPlanner" to ""
[31.487s] -- Installing: /root/ros2_ws/src/install/local_planner/lib/local_planner/pathFollower
[31.491s] -- Set runtime path of "/root/ros2_ws/src/install/local_planner/lib/local_planner/pathFollower" to ""
[31.491s] -- Installing: /root/ros2_ws/src/install/local_planner/share/local_planner/launch
[31.491s] -- Installing: /root/ros2_ws/src/install/local_planner/share/local_planner/launch/local_planner.launch
[31.491s] -- Installing: /root/ros2_ws/src/install/local_planner/share/local_planner/paths
[31.492s] -- Installing: /root/ros2_ws/src/install/local_planner/share/local_planner/paths/correspondences.txt
[31.506s] -- Installing: /root/ros2_ws/src/install/local_planner/share/local_planner/paths/startPaths.ply
[31.506s] -- Installing: /root/ros2_ws/src/install/local_planner/share/local_planner/paths/path_generator.m
[31.506s] -- Installing: /root/ros2_ws/src/install/local_planner/share/local_planner/paths/pathList.ply
[31.507s] -- Installing: /root/ros2_ws/src/install/local_planner/share/local_planner/paths/paths.ply
[31.508s] -- Installing: /root/ros2_ws/src/install/local_planner/share/ament_index/resource_index/package_run_dependencies/local_planner
[31.508s] -- Installing: /root/ros2_ws/src/install/local_planner/share/ament_index/resource_index/parent_prefix_path/local_planner
[31.508s] -- Installing: /root/ros2_ws/src/install/local_planner/share/local_planner/environment/ament_prefix_path.sh
[31.509s] -- Installing: /root/ros2_ws/src/install/local_planner/share/local_planner/environment/ament_prefix_path.dsv
[31.509s] -- Installing: /root/ros2_ws/src/install/local_planner/share/local_planner/environment/path.sh
[31.509s] -- Installing: /root/ros2_ws/src/install/local_planner/share/local_planner/environment/path.dsv
[31.509s] -- Installing: /root/ros2_ws/src/install/local_planner/share/local_planner/local_setup.bash
[31.509s] -- Installing: /root/ros2_ws/src/install/local_planner/share/local_planner/local_setup.sh
[31.510s] -- Installing: /root/ros2_ws/src/install/local_planner/share/local_planner/local_setup.zsh
[31.510s] -- Installing: /root/ros2_ws/src/install/local_planner/share/local_planner/local_setup.dsv
[31.510s] -- Installing: /root/ros2_ws/src/install/local_planner/share/local_planner/package.dsv
[31.510s] -- Installing: /root/ros2_ws/src/install/local_planner/share/ament_index/resource_index/packages/local_planner
[31.510s] -- Installing: /root/ros2_ws/src/install/local_planner/share/local_planner/cmake/local_plannerConfig.cmake
[31.510s] -- Installing: /root/ros2_ws/src/install/local_planner/share/local_planner/cmake/local_plannerConfig-version.cmake
[31.511s] -- Installing: /root/ros2_ws/src/install/local_planner/share/local_planner/package.xml
[31.511s] Invoked command in '/root/ros2_ws/src/build/local_planner' returned '0': AMENT_PREFIX_PATH=/root/ros2_ws/src/install/go2_sport_api:/root/ros2_ws/src/install/unitree_go:/root/ros2_ws/src/install/unitree_api:${AMENT_PREFIX_PATH} CMAKE_PREFIX_PATH=/root/ros2_ws/src/install/go2_sport_api:/root/ros2_ws/src/install/unitree_go:/root/ros2_ws/src/install/unitree_api:/opt/ros/humble LD_LIBRARY_PATH=/root/ros2_ws/src/install/go2_sport_api/lib:/root/ros2_ws/src/install/unitree_go/lib:/root/ros2_ws/src/install/unitree_api/lib:${LD_LIBRARY_PATH} PYTHONPATH=/root/ros2_ws/src/install/unitree_go/local/lib/python3.10/dist-packages:/root/ros2_ws/src/install/unitree_api/local/lib/python3.10/dist-packages:${PYTHONPATH} /usr/bin/cmake --install /root/ros2_ws/src/build/local_planner
