[0.051s] Invoking command in '/root/ros2_ws/src/build/visibility_graph_msg': CMAKE_PREFIX_PATH=${CMAKE_PREFIX_PATH}:/root/ros2_ws/src/install/transform_sensors:/root/ros2_ws/src/install/ros_tcp_endpoint:/opt/ros/humble /usr/bin/cmake /root/ros2_ws/src/route_planner/visibility_graph_msg -DCMAKE_INSTALL_PREFIX=/root/ros2_ws/src/install/visibility_graph_msg
[0.513s] -- Found ament_cmake: 1.3.12 (/opt/ros/humble/share/ament_cmake/cmake)
[0.514s] -- Found std_msgs: 4.9.0 (/opt/ros/humble/share/std_msgs/cmake)
[0.514s] -- Found rosidl_generator_c: 3.1.8 (/opt/ros/humble/share/rosidl_generator_c/cmake)
[0.514s] -- Found rosidl_adapter: 3.1.8 (/opt/ros/humble/share/rosidl_adapter/cmake)
[0.514s] -- Found rosidl_generator_cpp: 3.1.8 (/opt/ros/humble/share/rosidl_generator_cpp/cmake)
[0.514s] -- Using all available rosidl_typesupport_c: rosidl_typesupport_fastrtps_c;rosidl_typesupport_introspection_c
[0.514s] -- Using all available rosidl_typesupport_cpp: rosidl_typesupport_fastrtps_cpp;rosidl_typesupport_introspection_cpp
[0.514s] -- Found geometry_msgs: 4.9.0 (/opt/ros/humble/share/geometry_msgs/cmake)
[0.515s] -- Found rosidl_default_generators: 1.2.0 (/opt/ros/humble/share/rosidl_default_generators/cmake)
[0.515s] -- Found ament_cmake_cppcheck: 0.12.14 (/opt/ros/humble/share/ament_cmake_cppcheck/cmake)
[0.515s] -- Found ament_cmake_cpplint: 0.12.14 (/opt/ros/humble/share/ament_cmake_cpplint/cmake)
[0.515s] -- Found ament_cmake_uncrustify: 0.12.14 (/opt/ros/humble/share/ament_cmake_uncrustify/cmake)
[0.515s] -- Found ament_cmake_ros: 0.10.0 (/opt/ros/humble/share/ament_cmake_ros/cmake)
[1.159s] -- Using all available rosidl_typesupport_c: rosidl_typesupport_fastrtps_c;rosidl_typesupport_introspection_c
[1.411s] -- Using all available rosidl_typesupport_cpp: rosidl_typesupport_fastrtps_cpp;rosidl_typesupport_introspection_cpp
[1.458s] -- Found python_cmake_module: 0.10.0 (/opt/ros/humble/share/python_cmake_module/cmake)
[1.487s] -- Using PYTHON_EXECUTABLE: /usr/bin/python3
[1.488s] -- Using PYTHON_INCLUDE_DIRS: /usr/include/python3.10
[1.488s] -- Using PYTHON_LIBRARIES: /usr/lib/x86_64-linux-gnu/libpython3.10.so
[1.759s] -- Using numpy include directory: /usr/local/lib/python3.10/dist-packages/numpy/core/include
[1.806s] -- Found ament_cmake_flake8: 0.12.14 (/opt/ros/humble/share/ament_cmake_flake8/cmake)
[1.807s] -- Found ament_cmake_pep257: 0.12.14 (/opt/ros/humble/share/ament_cmake_pep257/cmake)
[1.817s] -- Configuring done
[1.875s] -- Generating done
[1.895s] -- Build files have been written to: /root/ros2_ws/src/build/visibility_graph_msg
[1.906s] Invoked command in '/root/ros2_ws/src/build/visibility_graph_msg' returned '0': CMAKE_PREFIX_PATH=${CMAKE_PREFIX_PATH}:/root/ros2_ws/src/install/transform_sensors:/root/ros2_ws/src/install/ros_tcp_endpoint:/opt/ros/humble /usr/bin/cmake /root/ros2_ws/src/route_planner/visibility_graph_msg -DCMAKE_INSTALL_PREFIX=/root/ros2_ws/src/install/visibility_graph_msg
[1.914s] Invoking command in '/root/ros2_ws/src/build/visibility_graph_msg': CMAKE_PREFIX_PATH=${CMAKE_PREFIX_PATH}:/root/ros2_ws/src/install/transform_sensors:/root/ros2_ws/src/install/ros_tcp_endpoint:/opt/ros/humble /usr/bin/cmake --build /root/ros2_ws/src/build/visibility_graph_msg -- -j24 -l24
[1.961s] [35m[1mConsolidate compiler generated dependencies of target visibility_graph_msg__rosidl_generator_c[0m
[2.001s] [ 10%] Built target visibility_graph_msg__rosidl_generator_c
[2.006s] [ 12%] Built target visibility_graph_msg__cpp
[2.007s] [ 12%] Built target ament_cmake_python_copy_visibility_graph_msg
[2.007s] [35m[1mConsolidate compiler generated dependencies of target visibility_graph_msg__rosidl_typesupport_fastrtps_c[0m
[2.013s] [35m[1mConsolidate compiler generated dependencies of target visibility_graph_msg__rosidl_typesupport_c[0m
[2.013s] [35m[1mConsolidate compiler generated dependencies of target visibility_graph_msg__rosidl_typesupport_introspection_c[0m
[2.016s] [35m[1mConsolidate compiler generated dependencies of target visibility_graph_msg__rosidl_typesupport_fastrtps_cpp[0m
[2.018s] [35m[1mConsolidate compiler generated dependencies of target visibility_graph_msg__rosidl_typesupport_cpp[0m
[2.030s] [35m[1mConsolidate compiler generated dependencies of target visibility_graph_msg__rosidl_typesupport_introspection_cpp[0m
[2.055s] [ 23%] Built target visibility_graph_msg__rosidl_typesupport_fastrtps_c
[2.055s] [ 33%] Built target visibility_graph_msg__rosidl_typesupport_c
[2.055s] [ 43%] Built target visibility_graph_msg__rosidl_typesupport_introspection_c
[2.055s] [ 53%] Built target visibility_graph_msg__rosidl_typesupport_fastrtps_cpp
[2.063s] [ 64%] Built target visibility_graph_msg__rosidl_typesupport_introspection_cpp
[2.065s] [ 74%] Built target visibility_graph_msg__rosidl_typesupport_cpp
[2.107s] [ 74%] Built target visibility_graph_msg
[2.135s] [ 76%] Built target visibility_graph_msg__py
[2.152s] [35m[1mConsolidate compiler generated dependencies of target visibility_graph_msg__rosidl_generator_py[0m
[2.169s] [ 84%] Built target visibility_graph_msg__rosidl_generator_py
[2.182s] [35m[1mConsolidate compiler generated dependencies of target visibility_graph_msg__rosidl_typesupport_fastrtps_c__pyext[0m
[2.183s] [35m[1mConsolidate compiler generated dependencies of target visibility_graph_msg__rosidl_typesupport_introspection_c__pyext[0m
[2.193s] [35m[1mConsolidate compiler generated dependencies of target visibility_graph_msg__rosidl_typesupport_c__pyext[0m
[2.207s] [ 89%] Built target visibility_graph_msg__rosidl_typesupport_introspection_c__pyext
[2.207s] [ 94%] Built target visibility_graph_msg__rosidl_typesupport_fastrtps_c__pyext
[2.211s] [100%] Built target visibility_graph_msg__rosidl_typesupport_c__pyext
[2.490s] /usr/local/lib/python3.10/dist-packages/setuptools_scm/_integration/setuptools.py:24: RuntimeWarning: 
[2.490s] ERROR: setuptools==59.6.0 is used in combination with setuptools-scm>=8.x
[2.490s] 
[2.491s] Your build configuration is incomplete and previously worked by accident!
[2.491s] setuptools-scm requires setuptools>=61 (recommended: >=80)
[2.491s] 
[2.491s] Suggested workaround if applicable:
[2.491s]  - migrating from the deprecated setup_requires mechanism to pep517/518
[2.491s]    and using a pyproject.toml to declare build dependencies
[2.491s]    which are reliably pre-installed before running the build tools
[2.491s] 
[2.491s]   warnings.warn(
[2.497s] running egg_info
[2.497s] writing visibility_graph_msg.egg-info/PKG-INFO
[2.497s] writing dependency_links to visibility_graph_msg.egg-info/dependency_links.txt
[2.498s] writing top-level names to visibility_graph_msg.egg-info/top_level.txt
[2.540s] listing git files failed - pretending there aren't any
[2.690s] reading manifest file 'visibility_graph_msg.egg-info/SOURCES.txt'
[2.695s] writing manifest file 'visibility_graph_msg.egg-info/SOURCES.txt'
[2.741s] [100%] Built target ament_cmake_python_build_visibility_graph_msg_egg
[2.758s] Invoked command in '/root/ros2_ws/src/build/visibility_graph_msg' returned '0': CMAKE_PREFIX_PATH=${CMAKE_PREFIX_PATH}:/root/ros2_ws/src/install/transform_sensors:/root/ros2_ws/src/install/ros_tcp_endpoint:/opt/ros/humble /usr/bin/cmake --build /root/ros2_ws/src/build/visibility_graph_msg -- -j24 -l24
[2.760s] Invoking command in '/root/ros2_ws/src/build/visibility_graph_msg': CMAKE_PREFIX_PATH=${CMAKE_PREFIX_PATH}:/root/ros2_ws/src/install/transform_sensors:/root/ros2_ws/src/install/ros_tcp_endpoint:/opt/ros/humble /usr/bin/cmake --install /root/ros2_ws/src/build/visibility_graph_msg
[2.770s] -- Install configuration: ""
[2.771s] -- Up-to-date: /root/ros2_ws/src/install/visibility_graph_msg/share/ament_index/resource_index/rosidl_interfaces/visibility_graph_msg
[2.771s] -- Up-to-date: /root/ros2_ws/src/install/visibility_graph_msg/include/visibility_graph_msg/visibility_graph_msg
[2.771s] -- Up-to-date: /root/ros2_ws/src/install/visibility_graph_msg/include/visibility_graph_msg/visibility_graph_msg/msg
[2.771s] -- Up-to-date: /root/ros2_ws/src/install/visibility_graph_msg/include/visibility_graph_msg/visibility_graph_msg/msg/node.h
[2.771s] -- Up-to-date: /root/ros2_ws/src/install/visibility_graph_msg/include/visibility_graph_msg/visibility_graph_msg/msg/detail
[2.771s] -- Up-to-date: /root/ros2_ws/src/install/visibility_graph_msg/include/visibility_graph_msg/visibility_graph_msg/msg/detail/graph__functions.h
[2.771s] -- Up-to-date: /root/ros2_ws/src/install/visibility_graph_msg/include/visibility_graph_msg/visibility_graph_msg/msg/detail/node__functions.c
[2.771s] -- Up-to-date: /root/ros2_ws/src/install/visibility_graph_msg/include/visibility_graph_msg/visibility_graph_msg/msg/detail/node__type_support.h
[2.771s] -- Up-to-date: /root/ros2_ws/src/install/visibility_graph_msg/include/visibility_graph_msg/visibility_graph_msg/msg/detail/graph__type_support.h
[2.771s] -- Up-to-date: /root/ros2_ws/src/install/visibility_graph_msg/include/visibility_graph_msg/visibility_graph_msg/msg/detail/node__functions.h
[2.771s] -- Up-to-date: /root/ros2_ws/src/install/visibility_graph_msg/include/visibility_graph_msg/visibility_graph_msg/msg/detail/graph__struct.h
[2.771s] -- Up-to-date: /root/ros2_ws/src/install/visibility_graph_msg/include/visibility_graph_msg/visibility_graph_msg/msg/detail/node__struct.h
[2.772s] -- Up-to-date: /root/ros2_ws/src/install/visibility_graph_msg/include/visibility_graph_msg/visibility_graph_msg/msg/detail/graph__functions.c
[2.772s] -- Up-to-date: /root/ros2_ws/src/install/visibility_graph_msg/include/visibility_graph_msg/visibility_graph_msg/msg/rosidl_generator_c__visibility_control.h
[2.772s] -- Up-to-date: /root/ros2_ws/src/install/visibility_graph_msg/include/visibility_graph_msg/visibility_graph_msg/msg/graph.h
[2.772s] -- Up-to-date: /root/ros2_ws/src/install/visibility_graph_msg/share/visibility_graph_msg/environment/library_path.sh
[2.772s] -- Installing: /root/ros2_ws/src/install/visibility_graph_msg/share/visibility_graph_msg/environment/library_path.dsv
[2.772s] -- Up-to-date: /root/ros2_ws/src/install/visibility_graph_msg/lib/libvisibility_graph_msg__rosidl_generator_c.so
[2.772s] -- Up-to-date: /root/ros2_ws/src/install/visibility_graph_msg/include/visibility_graph_msg/visibility_graph_msg
[2.772s] -- Up-to-date: /root/ros2_ws/src/install/visibility_graph_msg/include/visibility_graph_msg/visibility_graph_msg/msg
[2.772s] -- Up-to-date: /root/ros2_ws/src/install/visibility_graph_msg/include/visibility_graph_msg/visibility_graph_msg/msg/detail
[2.772s] -- Up-to-date: /root/ros2_ws/src/install/visibility_graph_msg/include/visibility_graph_msg/visibility_graph_msg/msg/detail/graph__rosidl_typesupport_fastrtps_c.h
[2.772s] -- Up-to-date: /root/ros2_ws/src/install/visibility_graph_msg/include/visibility_graph_msg/visibility_graph_msg/msg/detail/node__rosidl_typesupport_fastrtps_c.h
[2.773s] -- Up-to-date: /root/ros2_ws/src/install/visibility_graph_msg/include/visibility_graph_msg/visibility_graph_msg/msg/rosidl_typesupport_fastrtps_c__visibility_control.h
[2.773s] -- Up-to-date: /root/ros2_ws/src/install/visibility_graph_msg/lib/libvisibility_graph_msg__rosidl_typesupport_fastrtps_c.so
[2.773s] -- Up-to-date: /root/ros2_ws/src/install/visibility_graph_msg/include/visibility_graph_msg/visibility_graph_msg
[2.773s] -- Up-to-date: /root/ros2_ws/src/install/visibility_graph_msg/include/visibility_graph_msg/visibility_graph_msg/msg
[2.773s] -- Up-to-date: /root/ros2_ws/src/install/visibility_graph_msg/include/visibility_graph_msg/visibility_graph_msg/msg/detail
[2.773s] -- Up-to-date: /root/ros2_ws/src/install/visibility_graph_msg/include/visibility_graph_msg/visibility_graph_msg/msg/detail/graph__struct.hpp
[2.773s] -- Up-to-date: /root/ros2_ws/src/install/visibility_graph_msg/include/visibility_graph_msg/visibility_graph_msg/msg/detail/graph__builder.hpp
[2.773s] -- Up-to-date: /root/ros2_ws/src/install/visibility_graph_msg/include/visibility_graph_msg/visibility_graph_msg/msg/detail/node__struct.hpp
[2.773s] -- Up-to-date: /root/ros2_ws/src/install/visibility_graph_msg/include/visibility_graph_msg/visibility_graph_msg/msg/detail/graph__type_support.hpp
[2.773s] -- Up-to-date: /root/ros2_ws/src/install/visibility_graph_msg/include/visibility_graph_msg/visibility_graph_msg/msg/detail/node__traits.hpp
[2.773s] -- Up-to-date: /root/ros2_ws/src/install/visibility_graph_msg/include/visibility_graph_msg/visibility_graph_msg/msg/detail/node__type_support.hpp
[2.773s] -- Up-to-date: /root/ros2_ws/src/install/visibility_graph_msg/include/visibility_graph_msg/visibility_graph_msg/msg/detail/node__builder.hpp
[2.773s] -- Up-to-date: /root/ros2_ws/src/install/visibility_graph_msg/include/visibility_graph_msg/visibility_graph_msg/msg/detail/graph__traits.hpp
[2.773s] -- Up-to-date: /root/ros2_ws/src/install/visibility_graph_msg/include/visibility_graph_msg/visibility_graph_msg/msg/graph.hpp
[2.773s] -- Up-to-date: /root/ros2_ws/src/install/visibility_graph_msg/include/visibility_graph_msg/visibility_graph_msg/msg/node.hpp
[2.773s] -- Up-to-date: /root/ros2_ws/src/install/visibility_graph_msg/include/visibility_graph_msg/visibility_graph_msg/msg/rosidl_generator_cpp__visibility_control.hpp
[2.774s] -- Up-to-date: /root/ros2_ws/src/install/visibility_graph_msg/include/visibility_graph_msg/visibility_graph_msg
[2.774s] -- Up-to-date: /root/ros2_ws/src/install/visibility_graph_msg/include/visibility_graph_msg/visibility_graph_msg/msg
[2.774s] -- Up-to-date: /root/ros2_ws/src/install/visibility_graph_msg/include/visibility_graph_msg/visibility_graph_msg/msg/detail
[2.774s] -- Up-to-date: /root/ros2_ws/src/install/visibility_graph_msg/include/visibility_graph_msg/visibility_graph_msg/msg/detail/dds_fastrtps
[2.774s] -- Up-to-date: /root/ros2_ws/src/install/visibility_graph_msg/include/visibility_graph_msg/visibility_graph_msg/msg/detail/graph__rosidl_typesupport_fastrtps_cpp.hpp
[2.774s] -- Up-to-date: /root/ros2_ws/src/install/visibility_graph_msg/include/visibility_graph_msg/visibility_graph_msg/msg/detail/node__rosidl_typesupport_fastrtps_cpp.hpp
[2.774s] -- Up-to-date: /root/ros2_ws/src/install/visibility_graph_msg/include/visibility_graph_msg/visibility_graph_msg/msg/rosidl_typesupport_fastrtps_cpp__visibility_control.h
[2.774s] -- Up-to-date: /root/ros2_ws/src/install/visibility_graph_msg/lib/libvisibility_graph_msg__rosidl_typesupport_fastrtps_cpp.so
[2.774s] -- Up-to-date: /root/ros2_ws/src/install/visibility_graph_msg/include/visibility_graph_msg/visibility_graph_msg
[2.774s] -- Up-to-date: /root/ros2_ws/src/install/visibility_graph_msg/include/visibility_graph_msg/visibility_graph_msg/msg
[2.774s] -- Up-to-date: /root/ros2_ws/src/install/visibility_graph_msg/include/visibility_graph_msg/visibility_graph_msg/msg/rosidl_typesupport_introspection_c__visibility_control.h
[2.774s] -- Up-to-date: /root/ros2_ws/src/install/visibility_graph_msg/include/visibility_graph_msg/visibility_graph_msg/msg/detail
[2.774s] -- Up-to-date: /root/ros2_ws/src/install/visibility_graph_msg/include/visibility_graph_msg/visibility_graph_msg/msg/detail/graph__rosidl_typesupport_introspection_c.h
[2.774s] -- Up-to-date: /root/ros2_ws/src/install/visibility_graph_msg/include/visibility_graph_msg/visibility_graph_msg/msg/detail/node__type_support.c
[2.774s] -- Up-to-date: /root/ros2_ws/src/install/visibility_graph_msg/include/visibility_graph_msg/visibility_graph_msg/msg/detail/node__rosidl_typesupport_introspection_c.h
[2.774s] -- Up-to-date: /root/ros2_ws/src/install/visibility_graph_msg/include/visibility_graph_msg/visibility_graph_msg/msg/detail/graph__type_support.c
[2.774s] -- Up-to-date: /root/ros2_ws/src/install/visibility_graph_msg/lib/libvisibility_graph_msg__rosidl_typesupport_introspection_c.so
[2.775s] -- Up-to-date: /root/ros2_ws/src/install/visibility_graph_msg/lib/libvisibility_graph_msg__rosidl_typesupport_c.so
[2.775s] -- Up-to-date: /root/ros2_ws/src/install/visibility_graph_msg/include/visibility_graph_msg/visibility_graph_msg
[2.775s] -- Up-to-date: /root/ros2_ws/src/install/visibility_graph_msg/include/visibility_graph_msg/visibility_graph_msg/msg
[2.775s] -- Up-to-date: /root/ros2_ws/src/install/visibility_graph_msg/include/visibility_graph_msg/visibility_graph_msg/msg/detail
[2.775s] -- Up-to-date: /root/ros2_ws/src/install/visibility_graph_msg/include/visibility_graph_msg/visibility_graph_msg/msg/detail/graph__type_support.cpp
[2.775s] -- Up-to-date: /root/ros2_ws/src/install/visibility_graph_msg/include/visibility_graph_msg/visibility_graph_msg/msg/detail/node__rosidl_typesupport_introspection_cpp.hpp
[2.775s] -- Up-to-date: /root/ros2_ws/src/install/visibility_graph_msg/include/visibility_graph_msg/visibility_graph_msg/msg/detail/graph__rosidl_typesupport_introspection_cpp.hpp
[2.775s] -- Up-to-date: /root/ros2_ws/src/install/visibility_graph_msg/include/visibility_graph_msg/visibility_graph_msg/msg/detail/node__type_support.cpp
[2.775s] -- Up-to-date: /root/ros2_ws/src/install/visibility_graph_msg/lib/libvisibility_graph_msg__rosidl_typesupport_introspection_cpp.so
[2.775s] -- Up-to-date: /root/ros2_ws/src/install/visibility_graph_msg/lib/libvisibility_graph_msg__rosidl_typesupport_cpp.so
[2.775s] -- Up-to-date: /root/ros2_ws/src/install/visibility_graph_msg/share/visibility_graph_msg/environment/pythonpath.sh
[2.775s] -- Installing: /root/ros2_ws/src/install/visibility_graph_msg/share/visibility_graph_msg/environment/pythonpath.dsv
[2.775s] -- Up-to-date: /root/ros2_ws/src/install/visibility_graph_msg/local/lib/python3.10/dist-packages/visibility_graph_msg-0.0.1-py3.10.egg-info
[2.775s] -- Installing: /root/ros2_ws/src/install/visibility_graph_msg/local/lib/python3.10/dist-packages/visibility_graph_msg-0.0.1-py3.10.egg-info/PKG-INFO
[2.775s] -- Installing: /root/ros2_ws/src/install/visibility_graph_msg/local/lib/python3.10/dist-packages/visibility_graph_msg-0.0.1-py3.10.egg-info/dependency_links.txt
[2.775s] -- Installing: /root/ros2_ws/src/install/visibility_graph_msg/local/lib/python3.10/dist-packages/visibility_graph_msg-0.0.1-py3.10.egg-info/SOURCES.txt
[2.776s] -- Installing: /root/ros2_ws/src/install/visibility_graph_msg/local/lib/python3.10/dist-packages/visibility_graph_msg-0.0.1-py3.10.egg-info/top_level.txt
[2.776s] -- Up-to-date: /root/ros2_ws/src/install/visibility_graph_msg/local/lib/python3.10/dist-packages/visibility_graph_msg
[2.776s] -- Up-to-date: /root/ros2_ws/src/install/visibility_graph_msg/local/lib/python3.10/dist-packages/visibility_graph_msg/visibility_graph_msg_s__rosidl_typesupport_c.cpython-310-x86_64-linux-gnu.so
[2.776s] -- Up-to-date: /root/ros2_ws/src/install/visibility_graph_msg/local/lib/python3.10/dist-packages/visibility_graph_msg/libvisibility_graph_msg__rosidl_generator_py.so
[2.776s] -- Up-to-date: /root/ros2_ws/src/install/visibility_graph_msg/local/lib/python3.10/dist-packages/visibility_graph_msg/_visibility_graph_msg_s.ep.rosidl_typesupport_c.c
[2.776s] -- Up-to-date: /root/ros2_ws/src/install/visibility_graph_msg/local/lib/python3.10/dist-packages/visibility_graph_msg/_visibility_graph_msg_s.ep.rosidl_typesupport_introspection_c.c
[2.776s] -- Up-to-date: /root/ros2_ws/src/install/visibility_graph_msg/local/lib/python3.10/dist-packages/visibility_graph_msg/_visibility_graph_msg_s.ep.rosidl_typesupport_fastrtps_c.c
[2.776s] -- Up-to-date: /root/ros2_ws/src/install/visibility_graph_msg/local/lib/python3.10/dist-packages/visibility_graph_msg/visibility_graph_msg_s__rosidl_typesupport_fastrtps_c.cpython-310-x86_64-linux-gnu.so
[2.776s] -- Up-to-date: /root/ros2_ws/src/install/visibility_graph_msg/local/lib/python3.10/dist-packages/visibility_graph_msg/visibility_graph_msg_s__rosidl_typesupport_introspection_c.cpython-310-x86_64-linux-gnu.so
[2.776s] -- Installing: /root/ros2_ws/src/install/visibility_graph_msg/local/lib/python3.10/dist-packages/visibility_graph_msg/__init__.py
[2.776s] -- Up-to-date: /root/ros2_ws/src/install/visibility_graph_msg/local/lib/python3.10/dist-packages/visibility_graph_msg/msg
[2.776s] -- Up-to-date: /root/ros2_ws/src/install/visibility_graph_msg/local/lib/python3.10/dist-packages/visibility_graph_msg/msg/_node.py
[2.776s] -- Up-to-date: /root/ros2_ws/src/install/visibility_graph_msg/local/lib/python3.10/dist-packages/visibility_graph_msg/msg/_graph_s.c
[2.776s] -- Up-to-date: /root/ros2_ws/src/install/visibility_graph_msg/local/lib/python3.10/dist-packages/visibility_graph_msg/msg/_graph.py
[2.776s] -- Up-to-date: /root/ros2_ws/src/install/visibility_graph_msg/local/lib/python3.10/dist-packages/visibility_graph_msg/msg/__init__.py
[2.776s] -- Up-to-date: /root/ros2_ws/src/install/visibility_graph_msg/local/lib/python3.10/dist-packages/visibility_graph_msg/msg/_node_s.c
[2.812s] Listing '/root/ros2_ws/src/install/visibility_graph_msg/local/lib/python3.10/dist-packages/visibility_graph_msg'...
[2.813s] Compiling '/root/ros2_ws/src/install/visibility_graph_msg/local/lib/python3.10/dist-packages/visibility_graph_msg/__init__.py'...
[2.813s] Listing '/root/ros2_ws/src/install/visibility_graph_msg/local/lib/python3.10/dist-packages/visibility_graph_msg/msg'...
[2.817s] -- Up-to-date: /root/ros2_ws/src/install/visibility_graph_msg/local/lib/python3.10/dist-packages/visibility_graph_msg/visibility_graph_msg_s__rosidl_typesupport_fastrtps_c.cpython-310-x86_64-linux-gnu.so
[2.818s] -- Up-to-date: /root/ros2_ws/src/install/visibility_graph_msg/local/lib/python3.10/dist-packages/visibility_graph_msg/visibility_graph_msg_s__rosidl_typesupport_introspection_c.cpython-310-x86_64-linux-gnu.so
[2.818s] -- Up-to-date: /root/ros2_ws/src/install/visibility_graph_msg/local/lib/python3.10/dist-packages/visibility_graph_msg/visibility_graph_msg_s__rosidl_typesupport_c.cpython-310-x86_64-linux-gnu.so
[2.819s] -- Up-to-date: /root/ros2_ws/src/install/visibility_graph_msg/lib/libvisibility_graph_msg__rosidl_generator_py.so
[2.819s] -- Up-to-date: /root/ros2_ws/src/install/visibility_graph_msg/share/visibility_graph_msg/msg/Node.idl
[2.819s] -- Up-to-date: /root/ros2_ws/src/install/visibility_graph_msg/share/visibility_graph_msg/msg/Graph.idl
[2.819s] -- Up-to-date: /root/ros2_ws/src/install/visibility_graph_msg/share/visibility_graph_msg/msg/Node.msg
[2.819s] -- Up-to-date: /root/ros2_ws/src/install/visibility_graph_msg/share/visibility_graph_msg/msg/Graph.msg
[2.819s] -- Up-to-date: /root/ros2_ws/src/install/visibility_graph_msg/share/ament_index/resource_index/package_run_dependencies/visibility_graph_msg
[2.819s] -- Installing: /root/ros2_ws/src/install/visibility_graph_msg/share/ament_index/resource_index/parent_prefix_path/visibility_graph_msg
[2.820s] -- Up-to-date: /root/ros2_ws/src/install/visibility_graph_msg/share/visibility_graph_msg/environment/ament_prefix_path.sh
[2.820s] -- Installing: /root/ros2_ws/src/install/visibility_graph_msg/share/visibility_graph_msg/environment/ament_prefix_path.dsv
[2.820s] -- Up-to-date: /root/ros2_ws/src/install/visibility_graph_msg/share/visibility_graph_msg/environment/path.sh
[2.820s] -- Installing: /root/ros2_ws/src/install/visibility_graph_msg/share/visibility_graph_msg/environment/path.dsv
[2.820s] -- Up-to-date: /root/ros2_ws/src/install/visibility_graph_msg/share/visibility_graph_msg/local_setup.bash
[2.820s] -- Up-to-date: /root/ros2_ws/src/install/visibility_graph_msg/share/visibility_graph_msg/local_setup.sh
[2.820s] -- Up-to-date: /root/ros2_ws/src/install/visibility_graph_msg/share/visibility_graph_msg/local_setup.zsh
[2.820s] -- Installing: /root/ros2_ws/src/install/visibility_graph_msg/share/visibility_graph_msg/local_setup.dsv
[2.821s] -- Installing: /root/ros2_ws/src/install/visibility_graph_msg/share/visibility_graph_msg/package.dsv
[2.821s] -- Up-to-date: /root/ros2_ws/src/install/visibility_graph_msg/share/ament_index/resource_index/packages/visibility_graph_msg
[2.821s] -- Up-to-date: /root/ros2_ws/src/install/visibility_graph_msg/share/visibility_graph_msg/cmake/export_visibility_graph_msg__rosidl_generator_cExport.cmake
[2.821s] -- Up-to-date: /root/ros2_ws/src/install/visibility_graph_msg/share/visibility_graph_msg/cmake/export_visibility_graph_msg__rosidl_generator_cExport-noconfig.cmake
[2.821s] -- Up-to-date: /root/ros2_ws/src/install/visibility_graph_msg/share/visibility_graph_msg/cmake/export_visibility_graph_msg__rosidl_typesupport_fastrtps_cExport.cmake
[2.821s] -- Up-to-date: /root/ros2_ws/src/install/visibility_graph_msg/share/visibility_graph_msg/cmake/export_visibility_graph_msg__rosidl_typesupport_fastrtps_cExport-noconfig.cmake
[2.821s] -- Up-to-date: /root/ros2_ws/src/install/visibility_graph_msg/share/visibility_graph_msg/cmake/export_visibility_graph_msg__rosidl_generator_cppExport.cmake
[2.822s] -- Up-to-date: /root/ros2_ws/src/install/visibility_graph_msg/share/visibility_graph_msg/cmake/export_visibility_graph_msg__rosidl_typesupport_fastrtps_cppExport.cmake
[2.822s] -- Up-to-date: /root/ros2_ws/src/install/visibility_graph_msg/share/visibility_graph_msg/cmake/export_visibility_graph_msg__rosidl_typesupport_fastrtps_cppExport-noconfig.cmake
[2.822s] -- Up-to-date: /root/ros2_ws/src/install/visibility_graph_msg/share/visibility_graph_msg/cmake/visibility_graph_msg__rosidl_typesupport_introspection_cExport.cmake
[2.822s] -- Up-to-date: /root/ros2_ws/src/install/visibility_graph_msg/share/visibility_graph_msg/cmake/visibility_graph_msg__rosidl_typesupport_introspection_cExport-noconfig.cmake
[2.822s] -- Up-to-date: /root/ros2_ws/src/install/visibility_graph_msg/share/visibility_graph_msg/cmake/visibility_graph_msg__rosidl_typesupport_cExport.cmake
[2.822s] -- Up-to-date: /root/ros2_ws/src/install/visibility_graph_msg/share/visibility_graph_msg/cmake/visibility_graph_msg__rosidl_typesupport_cExport-noconfig.cmake
[2.822s] -- Up-to-date: /root/ros2_ws/src/install/visibility_graph_msg/share/visibility_graph_msg/cmake/visibility_graph_msg__rosidl_typesupport_introspection_cppExport.cmake
[2.822s] -- Up-to-date: /root/ros2_ws/src/install/visibility_graph_msg/share/visibility_graph_msg/cmake/visibility_graph_msg__rosidl_typesupport_introspection_cppExport-noconfig.cmake
[2.823s] -- Up-to-date: /root/ros2_ws/src/install/visibility_graph_msg/share/visibility_graph_msg/cmake/visibility_graph_msg__rosidl_typesupport_cppExport.cmake
[2.823s] -- Up-to-date: /root/ros2_ws/src/install/visibility_graph_msg/share/visibility_graph_msg/cmake/visibility_graph_msg__rosidl_typesupport_cppExport-noconfig.cmake
[2.823s] -- Up-to-date: /root/ros2_ws/src/install/visibility_graph_msg/share/visibility_graph_msg/cmake/export_visibility_graph_msg__rosidl_generator_pyExport.cmake
[2.823s] -- Up-to-date: /root/ros2_ws/src/install/visibility_graph_msg/share/visibility_graph_msg/cmake/export_visibility_graph_msg__rosidl_generator_pyExport-noconfig.cmake
[2.823s] -- Up-to-date: /root/ros2_ws/src/install/visibility_graph_msg/share/visibility_graph_msg/cmake/rosidl_cmake-extras.cmake
[2.823s] -- Up-to-date: /root/ros2_ws/src/install/visibility_graph_msg/share/visibility_graph_msg/cmake/ament_cmake_export_dependencies-extras.cmake
[2.823s] -- Up-to-date: /root/ros2_ws/src/install/visibility_graph_msg/share/visibility_graph_msg/cmake/ament_cmake_export_include_directories-extras.cmake
[2.823s] -- Up-to-date: /root/ros2_ws/src/install/visibility_graph_msg/share/visibility_graph_msg/cmake/ament_cmake_export_libraries-extras.cmake
[2.823s] -- Up-to-date: /root/ros2_ws/src/install/visibility_graph_msg/share/visibility_graph_msg/cmake/ament_cmake_export_targets-extras.cmake
[2.823s] -- Up-to-date: /root/ros2_ws/src/install/visibility_graph_msg/share/visibility_graph_msg/cmake/rosidl_cmake_export_typesupport_targets-extras.cmake
[2.823s] -- Up-to-date: /root/ros2_ws/src/install/visibility_graph_msg/share/visibility_graph_msg/cmake/rosidl_cmake_export_typesupport_libraries-extras.cmake
[2.824s] -- Up-to-date: /root/ros2_ws/src/install/visibility_graph_msg/share/visibility_graph_msg/cmake/visibility_graph_msgConfig.cmake
[2.824s] -- Up-to-date: /root/ros2_ws/src/install/visibility_graph_msg/share/visibility_graph_msg/cmake/visibility_graph_msgConfig-version.cmake
[2.824s] -- Up-to-date: /root/ros2_ws/src/install/visibility_graph_msg/share/visibility_graph_msg/package.xml
[2.827s] Invoked command in '/root/ros2_ws/src/build/visibility_graph_msg' returned '0': CMAKE_PREFIX_PATH=${CMAKE_PREFIX_PATH}:/root/ros2_ws/src/install/transform_sensors:/root/ros2_ws/src/install/ros_tcp_endpoint:/opt/ros/humble /usr/bin/cmake --install /root/ros2_ws/src/build/visibility_graph_msg
