[0.244s] Invoking command in '/root/ros2_ws/src/build/teleop_rviz_plugin': CMAKE_PREFIX_PATH=/opt/ros/humble /usr/bin/cmake /root/ros2_ws/src/utilities/teleop_rviz_plugin -DROS_EDITION=ROS2 -DHUMBLE_ROS=humble -DCMAKE_INSTALL_PREFIX=/root/ros2_ws/src/install/teleop_rviz_plugin
[0.621s] -- The C compiler identification is GNU 11.4.0
[0.621s] -- The CXX compiler identification is GNU 11.4.0
[0.622s] -- Detecting C compiler ABI info
[0.622s] -- Detecting C compiler ABI info - done
[0.622s] -- Check for working C compiler: /usr/bin/cc - skipped
[0.622s] -- Detecting C compile features
[0.622s] -- Detecting C compile features - done
[0.622s] -- Detecting CXX compiler ABI info
[0.642s] -- Detecting CXX compiler ABI info - done
[0.648s] -- Check for working CXX compiler: /usr/bin/c++ - skipped
[0.648s] -- Detecting CXX compile features
[0.649s] -- Detecting CXX compile features - done
[0.660s] -- Found ament_cmake: 1.3.12 (/opt/ros/humble/share/ament_cmake/cmake)
[0.919s] -- Found Python3: /usr/bin/python3 (found version "3.10.12") found components: Interpreter 
[1.159s] -- Found pluginlib: 5.1.3 (/opt/ros/humble/share/pluginlib/cmake)
[1.289s] -- Found rclcpp: 16.0.17 (/opt/ros/humble/share/rclcpp/cmake)
[1.359s] -- Found rosidl_generator_c: 3.1.8 (/opt/ros/humble/share/rosidl_generator_c/cmake)
[1.366s] -- Found rosidl_adapter: 3.1.8 (/opt/ros/humble/share/rosidl_adapter/cmake)
[1.389s] -- Found rosidl_generator_cpp: 3.1.8 (/opt/ros/humble/share/rosidl_generator_cpp/cmake)
[1.400s] -- Using all available rosidl_typesupport_c: rosidl_typesupport_fastrtps_c;rosidl_typesupport_introspection_c
[1.422s] -- Using all available rosidl_typesupport_cpp: rosidl_typesupport_fastrtps_cpp;rosidl_typesupport_introspection_cpp
[1.498s] -- Found rmw_implementation_cmake: 6.1.2 (/opt/ros/humble/share/rmw_implementation_cmake/cmake)
[1.505s] -- Found rmw_fastrtps_cpp: 6.2.9 (/opt/ros/humble/share/rmw_fastrtps_cpp/cmake)
[1.542s] -- Found TinyXML2 via Config file: TinyXML2_DIR-NOTFOUND
[1.607s] -- Found OpenSSL: /usr/lib/x86_64-linux-gnu/libcrypto.so (found version "3.0.2")  
[1.611s] -- Found TinyXML2 via Config file: TinyXML2_DIR-NOTFOUND
[1.629s] -- Found FastRTPS: /opt/ros/humble/include  
[1.633s] -- Found TinyXML2 via Config file: TinyXML2_DIR-NOTFOUND
[1.644s] -- Found TinyXML2 via Config file: TinyXML2_DIR-NOTFOUND
[1.655s] -- Using RMW implementation 'rmw_fastrtps_cpp' as default
[1.673s] -- Looking for pthread.h
[1.764s] -- Looking for pthread.h - found
[1.764s] -- Performing Test CMAKE_HAVE_LIBC_PTHREAD
[1.862s] -- Performing Test CMAKE_HAVE_LIBC_PTHREAD - Success
[1.863s] -- Found Threads: TRUE  
[1.929s] -- Found rviz2: 11.2.25 (/opt/ros/humble/share/rviz2/cmake)
[1.931s] -- Found rviz_common: 11.2.25 (/opt/ros/humble/share/rviz_common/cmake)
[1.942s] -- Setting assimp_DIR to: '/opt/ros/humble/share/rviz_assimp_vendor/cmake/../../../opt/rviz_assimp_vendor/lib/cmake/assimp-4.1'
[1.957s] -- Setting OGRE_DIR to: '/opt/ros/humble/share/rviz_ogre_vendor/cmake/../../../opt/rviz_ogre_vendor/lib/OGRE/cmake'
[1.959s] -- Found OGRE
[1.959s] --   static     : OFF
[1.959s] --   components : HLMS;MeshLodGenerator;Overlay;Paging;Property;RTShaderSystem;Terrain;Volume
[1.959s] --   plugins    : Plugin_BSPSceneManager;Plugin_OctreeSceneManager;Plugin_PCZSceneManager;Plugin_ParticleFX;RenderSystem_GL;RenderSystem_GL3Plus;Codec_STBI
[1.960s] --   media      : /opt/ros/humble/opt/rviz_ogre_vendor/share/OGRE/Media
[1.960s] -- OGRE_LIBRARIES: OgreHLMS;OgreMeshLodGenerator;OgreOverlay;OgrePaging;OgreProperty;OgreRTShaderSystem;OgreTerrain;OgreVolume;OgreMain
[1.960s] -- OGRE_LIBRARY_DIRS: /opt/ros/humble/opt/rviz_ogre_vendor/lib
[1.960s] -- OGRE_PLUGINS: Plugin_BSPSceneManager;Plugin_OctreeSceneManager;Plugin_PCZSceneManager;Plugin_ParticleFX;RenderSystem_GL;RenderSystem_GL3Plus;Codec_STBI
[1.960s] -- OGRE_PLUGIN_DIR: /opt/ros/humble/opt/rviz_ogre_vendor/lib/OGRE
[1.960s] -- rviz_ogre_vendor::OgreOverlay for IMPORTED_LOCATION_RELEASE: /opt/ros/humble/opt/rviz_ogre_vendor/lib/libOgreOverlay.so
[1.960s] -- rviz_ogre_vendor::OgreOverlay for IMPORTED_LOCATION_DEBUG: /opt/ros/humble/opt/rviz_ogre_vendor/lib/libOgreOverlay.so
[1.960s] -- rviz_ogre_vendor::OgreMain for IMPORTED_LOCATION_RELEASE: /opt/ros/humble/opt/rviz_ogre_vendor/lib/libOgreMain.so
[1.960s] -- rviz_ogre_vendor::OgreMain for IMPORTED_LOCATION_DEBUG: /opt/ros/humble/opt/rviz_ogre_vendor/lib/libOgreMain.so
[1.960s] -- Could not find freeimage library
[1.974s] -- Found ZLIB: /usr/lib/x86_64-linux-gnu/libz.so (found version "1.2.11") 
[1.977s] -- Found OpenGL: /usr/lib/x86_64-linux-gnu/libOpenGL.so   
[2.074s] -- Found X11: /usr/include   
[2.074s] -- Looking for XOpenDisplay in /usr/lib/x86_64-linux-gnu/libX11.so;/usr/lib/x86_64-linux-gnu/libXext.so
[2.162s] -- Looking for XOpenDisplay in /usr/lib/x86_64-linux-gnu/libX11.so;/usr/lib/x86_64-linux-gnu/libXext.so - found
[2.162s] -- Looking for gethostbyname
[2.262s] -- Looking for gethostbyname - found
[2.262s] -- Looking for connect
[2.474s] -- Looking for connect - found
[2.475s] -- Looking for remove
[2.655s] -- Looking for remove - found
[2.655s] -- Looking for shmat
[2.776s] -- Looking for shmat - found
[2.776s] -- Looking for IceConnectionNumber in ICE
[2.881s] -- Looking for IceConnectionNumber in ICE - found
[3.114s] -- library: /usr/lib/x86_64-linux-gnu/libcurl.so
[3.322s] -- Found Eigen3: TRUE (found version "3.4.0") 
[3.322s] -- Ensuring Eigen3 include directory is part of orocos-kdl CMake target
[3.703s] -- Found rviz_default_plugins: 11.2.25 (/opt/ros/humble/share/rviz_default_plugins/cmake)
[4.248s] -- Found ament_lint_auto: 0.12.14 (/opt/ros/humble/share/ament_lint_auto/cmake)
[4.638s] -- Added test 'copyright' to check source files copyright and LICENSE
[4.638s] -- Added test 'cppcheck' to perform static code analysis on C / C++ code
[4.638s] -- Configured cppcheck include dirs: 
[4.638s] -- Configured cppcheck exclude dirs and/or files: 
[4.640s] -- Added test 'cpplint' to check C / C++ code against the Google style
[4.640s] -- Configured cpplint exclude dirs and/or files: 
[4.641s] -- Added test 'lint_cmake' to check CMake code style
[4.641s] -- Added test 'uncrustify' to check C / C++ code style
[4.641s] -- Configured uncrustify additional arguments: 
[4.641s] -- Added test 'xmllint' to check XML markup files
[4.645s] -- Configuring done
[4.745s] -- Generating done
[4.755s] [33mCMake Warning:
[4.755s]   Manually-specified variables were not used by the project:
[4.755s] 
[4.755s]     HUMBLE_ROS
[4.756s]     ROS_EDITION
[4.756s] 
[4.756s] [0m
[4.757s] -- Build files have been written to: /root/ros2_ws/src/build/teleop_rviz_plugin
[4.780s] Invoked command in '/root/ros2_ws/src/build/teleop_rviz_plugin' returned '0': CMAKE_PREFIX_PATH=/opt/ros/humble /usr/bin/cmake /root/ros2_ws/src/utilities/teleop_rviz_plugin -DROS_EDITION=ROS2 -DHUMBLE_ROS=humble -DCMAKE_INSTALL_PREFIX=/root/ros2_ws/src/install/teleop_rviz_plugin
[4.783s] Invoking command in '/root/ros2_ws/src/build/teleop_rviz_plugin': CMAKE_PREFIX_PATH=/opt/ros/humble /usr/bin/cmake --build /root/ros2_ws/src/build/teleop_rviz_plugin -- -j24 -l24
[9.476s] [ 11%] [34m[1mAutomatic MOC for target teleop_rviz_plugin[0m
[9.477s] [ 11%] Built target teleop_rviz_plugin_autogen
[9.477s] [ 22%] [34m[1mGenerating src/moc_drive_widget.cpp[0m
[9.477s] [ 33%] [34m[1mGenerating src/moc_teleop_panel.cpp[0m
[9.477s] [ 44%] [32mBuilding CXX object CMakeFiles/teleop_rviz_plugin.dir/teleop_rviz_plugin_autogen/mocs_compilation.cpp.o[0m
[9.477s] [ 55%] [32mBuilding CXX object CMakeFiles/teleop_rviz_plugin.dir/src/teleop_panel.cpp.o[0m
[9.477s] [ 77%] [32mBuilding CXX object CMakeFiles/teleop_rviz_plugin.dir/src/drive_widget.cpp.o[0m
[9.477s] [ 66%] [32mBuilding CXX object CMakeFiles/teleop_rviz_plugin.dir/src/moc_drive_widget.cpp.o[0m
[9.477s] [ 88%] [32mBuilding CXX object CMakeFiles/teleop_rviz_plugin.dir/src/moc_teleop_panel.cpp.o[0m
[18.550s] [100%] [32m[1mLinking CXX shared library libteleop_rviz_plugin.so[0m
[25.096s] [100%] Built target teleop_rviz_plugin
[25.135s] Invoked command in '/root/ros2_ws/src/build/teleop_rviz_plugin' returned '0': CMAKE_PREFIX_PATH=/opt/ros/humble /usr/bin/cmake --build /root/ros2_ws/src/build/teleop_rviz_plugin -- -j24 -l24
[25.144s] Invoking command in '/root/ros2_ws/src/build/teleop_rviz_plugin': CMAKE_PREFIX_PATH=/opt/ros/humble /usr/bin/cmake --install /root/ros2_ws/src/build/teleop_rviz_plugin
[29.598s] -- Install configuration: ""
[29.598s] -- Installing: /root/ros2_ws/src/install/teleop_rviz_plugin/share/teleop_rviz_plugin/plugin_description.xml
[29.598s] -- Installing: /root/ros2_ws/src/install/teleop_rviz_plugin/lib/teleop_rviz_plugin/libteleop_rviz_plugin.so
[29.598s] -- Set runtime path of "/root/ros2_ws/src/install/teleop_rviz_plugin/lib/teleop_rviz_plugin/libteleop_rviz_plugin.so" to ""
[29.598s] -- Installing: /root/ros2_ws/src/install/teleop_rviz_plugin/share/ament_index/resource_index/package_run_dependencies/teleop_rviz_plugin
[29.598s] -- Installing: /root/ros2_ws/src/install/teleop_rviz_plugin/share/ament_index/resource_index/parent_prefix_path/teleop_rviz_plugin
[29.598s] -- Installing: /root/ros2_ws/src/install/teleop_rviz_plugin/share/teleop_rviz_plugin/environment/ament_prefix_path.sh
[29.599s] -- Installing: /root/ros2_ws/src/install/teleop_rviz_plugin/share/teleop_rviz_plugin/environment/ament_prefix_path.dsv
[29.599s] -- Installing: /root/ros2_ws/src/install/teleop_rviz_plugin/share/teleop_rviz_plugin/environment/path.sh
[29.601s] -- Installing: /root/ros2_ws/src/install/teleop_rviz_plugin/share/teleop_rviz_plugin/environment/path.dsv
[29.604s] -- Installing: /root/ros2_ws/src/install/teleop_rviz_plugin/share/teleop_rviz_plugin/local_setup.bash
[29.619s] -- Installing: /root/ros2_ws/src/install/teleop_rviz_plugin/share/teleop_rviz_plugin/local_setup.sh
[29.620s] -- Installing: /root/ros2_ws/src/install/teleop_rviz_plugin/share/teleop_rviz_plugin/local_setup.zsh
[29.620s] -- Installing: /root/ros2_ws/src/install/teleop_rviz_plugin/share/teleop_rviz_plugin/local_setup.dsv
[29.620s] -- Installing: /root/ros2_ws/src/install/teleop_rviz_plugin/share/teleop_rviz_plugin/package.dsv
[29.620s] -- Installing: /root/ros2_ws/src/install/teleop_rviz_plugin/share/ament_index/resource_index/packages/teleop_rviz_plugin
[29.620s] -- Installing: /root/ros2_ws/src/install/teleop_rviz_plugin/share/ament_index/resource_index/rviz_common__pluginlib__plugin/teleop_rviz_plugin
[29.620s] -- Installing: /root/ros2_ws/src/install/teleop_rviz_plugin/share/teleop_rviz_plugin/cmake/ament_cmake_export_dependencies-extras.cmake
[29.620s] -- Installing: /root/ros2_ws/src/install/teleop_rviz_plugin/share/teleop_rviz_plugin/cmake/teleop_rviz_pluginConfig.cmake
[29.620s] -- Installing: /root/ros2_ws/src/install/teleop_rviz_plugin/share/teleop_rviz_plugin/cmake/teleop_rviz_pluginConfig-version.cmake
[29.621s] -- Installing: /root/ros2_ws/src/install/teleop_rviz_plugin/share/teleop_rviz_plugin/package.xml
[29.621s] Invoked command in '/root/ros2_ws/src/build/teleop_rviz_plugin' returned '0': CMAKE_PREFIX_PATH=/opt/ros/humble /usr/bin/cmake --install /root/ros2_ws/src/build/teleop_rviz_plugin
