[0.459s] Invoking command in '/root/ros2_ws/src/build/teleop_rviz_plugin_plus': CMAKE_PREFIX_PATH=${CMAKE_PREFIX_PATH}:/root/ros2_ws/src/install/transform_sensors:/root/ros2_ws/src/install/ros_tcp_endpoint:/opt/ros/humble /usr/bin/cmake /root/ros2_ws/src/utilities/teleop_rviz_plugin_plus -DCMAKE_INSTALL_PREFIX=/root/ros2_ws/src/install/teleop_rviz_plugin_plus
[0.496s] -- Found ament_cmake: 1.3.12 (/opt/ros/humble/share/ament_cmake/cmake)
[0.710s] -- Found pluginlib: 5.1.3 (/opt/ros/humble/share/pluginlib/cmake)
[0.780s] -- Found rclcpp: 16.0.17 (/opt/ros/humble/share/rclcpp/cmake)
[0.799s] -- Found rosidl_generator_c: 3.1.8 (/opt/ros/humble/share/rosidl_generator_c/cmake)
[0.801s] -- Found rosidl_adapter: 3.1.8 (/opt/ros/humble/share/rosidl_adapter/cmake)
[0.807s] -- Found rosidl_generator_cpp: 3.1.8 (/opt/ros/humble/share/rosidl_generator_cpp/cmake)
[0.817s] -- Using all available rosidl_typesupport_c: rosidl_typesupport_fastrtps_c;rosidl_typesupport_introspection_c
[0.828s] -- Using all available rosidl_typesupport_cpp: rosidl_typesupport_fastrtps_cpp;rosidl_typesupport_introspection_cpp
[0.861s] -- Found rmw_implementation_cmake: 6.1.2 (/opt/ros/humble/share/rmw_implementation_cmake/cmake)
[0.863s] -- Found rmw_fastrtps_cpp: 6.2.9 (/opt/ros/humble/share/rmw_fastrtps_cpp/cmake)
[0.882s] -- Found TinyXML2 via Config file: TinyXML2_DIR-NOTFOUND
[0.892s] -- Found TinyXML2 via Config file: TinyXML2_DIR-NOTFOUND
[0.928s] -- Found TinyXML2 via Config file: TinyXML2_DIR-NOTFOUND
[0.946s] -- Found TinyXML2 via Config file: TinyXML2_DIR-NOTFOUND
[0.974s] -- Using RMW implementation 'rmw_fastrtps_cpp' as default
[1.016s] -- Found rviz2: 11.2.25 (/opt/ros/humble/share/rviz2/cmake)
[1.017s] -- Found rviz_common: 11.2.25 (/opt/ros/humble/share/rviz_common/cmake)
[1.020s] -- Setting assimp_DIR to: '/opt/ros/humble/share/rviz_assimp_vendor/cmake/../../../opt/rviz_assimp_vendor/lib/cmake/assimp-4.1'
[1.026s] -- Setting OGRE_DIR to: '/opt/ros/humble/share/rviz_ogre_vendor/cmake/../../../opt/rviz_ogre_vendor/lib/OGRE/cmake'
[1.029s] -- Found OGRE
[1.029s] --   static     : OFF
[1.029s] --   components : HLMS;MeshLodGenerator;Overlay;Paging;Property;RTShaderSystem;Terrain;Volume
[1.029s] --   plugins    : Plugin_BSPSceneManager;Plugin_OctreeSceneManager;Plugin_PCZSceneManager;Plugin_ParticleFX;RenderSystem_GL;RenderSystem_GL3Plus;Codec_STBI
[1.029s] --   media      : /opt/ros/humble/opt/rviz_ogre_vendor/share/OGRE/Media
[1.029s] -- OGRE_LIBRARIES: OgreHLMS;OgreMeshLodGenerator;OgreOverlay;OgrePaging;OgreProperty;OgreRTShaderSystem;OgreTerrain;OgreVolume;OgreMain
[1.029s] -- OGRE_LIBRARY_DIRS: /opt/ros/humble/opt/rviz_ogre_vendor/lib
[1.029s] -- OGRE_PLUGINS: Plugin_BSPSceneManager;Plugin_OctreeSceneManager;Plugin_PCZSceneManager;Plugin_ParticleFX;RenderSystem_GL;RenderSystem_GL3Plus;Codec_STBI
[1.030s] -- OGRE_PLUGIN_DIR: /opt/ros/humble/opt/rviz_ogre_vendor/lib/OGRE
[1.030s] -- rviz_ogre_vendor::OgreOverlay for IMPORTED_LOCATION_RELEASE: /opt/ros/humble/opt/rviz_ogre_vendor/lib/libOgreOverlay.so
[1.030s] -- rviz_ogre_vendor::OgreOverlay for IMPORTED_LOCATION_DEBUG: /opt/ros/humble/opt/rviz_ogre_vendor/lib/libOgreOverlay.so
[1.030s] -- rviz_ogre_vendor::OgreMain for IMPORTED_LOCATION_RELEASE: /opt/ros/humble/opt/rviz_ogre_vendor/lib/libOgreMain.so
[1.030s] -- rviz_ogre_vendor::OgreMain for IMPORTED_LOCATION_DEBUG: /opt/ros/humble/opt/rviz_ogre_vendor/lib/libOgreMain.so
[1.030s] -- Could not find freeimage library
[1.122s] -- library: /usr/lib/x86_64-linux-gnu/libcurl.so
[1.195s] -- Ensuring Eigen3 include directory is part of orocos-kdl CMake target
[1.361s] -- Found rviz_default_plugins: 11.2.25 (/opt/ros/humble/share/rviz_default_plugins/cmake)
[1.456s] -- Found ament_lint_auto: 0.12.14 (/opt/ros/humble/share/ament_lint_auto/cmake)
[1.541s] -- Added test 'copyright' to check source files copyright and LICENSE
[1.542s] -- Added test 'cppcheck' to perform static code analysis on C / C++ code
[1.542s] -- Configured cppcheck include dirs: 
[1.542s] -- Configured cppcheck exclude dirs and/or files: 
[1.543s] -- Added test 'cpplint' to check C / C++ code against the Google style
[1.543s] -- Configured cpplint exclude dirs and/or files: 
[1.543s] -- Added test 'lint_cmake' to check CMake code style
[1.547s] -- Added test 'uncrustify' to check C / C++ code style
[1.547s] -- Configured uncrustify additional arguments: 
[1.547s] -- Added test 'xmllint' to check XML markup files
[1.547s] -- Configuring done
[1.583s] -- Generating done
[1.589s] -- Build files have been written to: /root/ros2_ws/src/build/teleop_rviz_plugin_plus
[1.612s] Invoked command in '/root/ros2_ws/src/build/teleop_rviz_plugin_plus' returned '0': CMAKE_PREFIX_PATH=${CMAKE_PREFIX_PATH}:/root/ros2_ws/src/install/transform_sensors:/root/ros2_ws/src/install/ros_tcp_endpoint:/opt/ros/humble /usr/bin/cmake /root/ros2_ws/src/utilities/teleop_rviz_plugin_plus -DCMAKE_INSTALL_PREFIX=/root/ros2_ws/src/install/teleop_rviz_plugin_plus
[1.613s] Invoking command in '/root/ros2_ws/src/build/teleop_rviz_plugin_plus': CMAKE_PREFIX_PATH=${CMAKE_PREFIX_PATH}:/root/ros2_ws/src/install/transform_sensors:/root/ros2_ws/src/install/ros_tcp_endpoint:/opt/ros/humble /usr/bin/cmake --build /root/ros2_ws/src/build/teleop_rviz_plugin_plus -- -j24 -l24
[1.758s] [ 11%] [34m[1mAutomatic MOC for target teleop_rviz_plugin_plus[0m
[1.792s] [ 11%] Built target teleop_rviz_plugin_plus_autogen
[1.847s] [35m[1mConsolidate compiler generated dependencies of target teleop_rviz_plugin_plus[0m
[1.890s] [100%] Built target teleop_rviz_plugin_plus
[1.928s] Invoked command in '/root/ros2_ws/src/build/teleop_rviz_plugin_plus' returned '0': CMAKE_PREFIX_PATH=${CMAKE_PREFIX_PATH}:/root/ros2_ws/src/install/transform_sensors:/root/ros2_ws/src/install/ros_tcp_endpoint:/opt/ros/humble /usr/bin/cmake --build /root/ros2_ws/src/build/teleop_rviz_plugin_plus -- -j24 -l24
[1.936s] Invoking command in '/root/ros2_ws/src/build/teleop_rviz_plugin_plus': CMAKE_PREFIX_PATH=${CMAKE_PREFIX_PATH}:/root/ros2_ws/src/install/transform_sensors:/root/ros2_ws/src/install/ros_tcp_endpoint:/opt/ros/humble /usr/bin/cmake --install /root/ros2_ws/src/build/teleop_rviz_plugin_plus
[1.953s] -- Install configuration: ""
[1.962s] -- Up-to-date: /root/ros2_ws/src/install/teleop_rviz_plugin_plus/share/teleop_rviz_plugin_plus/plugin_description.xml
[1.963s] -- Up-to-date: /root/ros2_ws/src/install/teleop_rviz_plugin_plus/lib/teleop_rviz_plugin_plus/libteleop_rviz_plugin_plus.so
[1.965s] -- Up-to-date: /root/ros2_ws/src/install/teleop_rviz_plugin_plus/share/ament_index/resource_index/package_run_dependencies/teleop_rviz_plugin_plus
[1.965s] -- Installing: /root/ros2_ws/src/install/teleop_rviz_plugin_plus/share/ament_index/resource_index/parent_prefix_path/teleop_rviz_plugin_plus
[1.965s] -- Up-to-date: /root/ros2_ws/src/install/teleop_rviz_plugin_plus/share/teleop_rviz_plugin_plus/environment/ament_prefix_path.sh
[1.965s] -- Installing: /root/ros2_ws/src/install/teleop_rviz_plugin_plus/share/teleop_rviz_plugin_plus/environment/ament_prefix_path.dsv
[1.970s] -- Up-to-date: /root/ros2_ws/src/install/teleop_rviz_plugin_plus/share/teleop_rviz_plugin_plus/environment/path.sh
[1.971s] -- Installing: /root/ros2_ws/src/install/teleop_rviz_plugin_plus/share/teleop_rviz_plugin_plus/environment/path.dsv
[1.971s] -- Up-to-date: /root/ros2_ws/src/install/teleop_rviz_plugin_plus/share/teleop_rviz_plugin_plus/local_setup.bash
[1.972s] -- Up-to-date: /root/ros2_ws/src/install/teleop_rviz_plugin_plus/share/teleop_rviz_plugin_plus/local_setup.sh
[1.972s] -- Up-to-date: /root/ros2_ws/src/install/teleop_rviz_plugin_plus/share/teleop_rviz_plugin_plus/local_setup.zsh
[1.972s] -- Installing: /root/ros2_ws/src/install/teleop_rviz_plugin_plus/share/teleop_rviz_plugin_plus/local_setup.dsv
[1.972s] -- Installing: /root/ros2_ws/src/install/teleop_rviz_plugin_plus/share/teleop_rviz_plugin_plus/package.dsv
[1.972s] -- Up-to-date: /root/ros2_ws/src/install/teleop_rviz_plugin_plus/share/ament_index/resource_index/packages/teleop_rviz_plugin_plus
[1.972s] -- Up-to-date: /root/ros2_ws/src/install/teleop_rviz_plugin_plus/share/ament_index/resource_index/rviz_common__pluginlib__plugin/teleop_rviz_plugin_plus
[1.973s] -- Up-to-date: /root/ros2_ws/src/install/teleop_rviz_plugin_plus/share/teleop_rviz_plugin_plus/cmake/ament_cmake_export_dependencies-extras.cmake
[1.973s] -- Up-to-date: /root/ros2_ws/src/install/teleop_rviz_plugin_plus/share/teleop_rviz_plugin_plus/cmake/teleop_rviz_plugin_plusConfig.cmake
[1.973s] -- Up-to-date: /root/ros2_ws/src/install/teleop_rviz_plugin_plus/share/teleop_rviz_plugin_plus/cmake/teleop_rviz_plugin_plusConfig-version.cmake
[1.973s] -- Up-to-date: /root/ros2_ws/src/install/teleop_rviz_plugin_plus/share/teleop_rviz_plugin_plus/package.xml
[2.012s] Invoked command in '/root/ros2_ws/src/build/teleop_rviz_plugin_plus' returned '0': CMAKE_PREFIX_PATH=${CMAKE_PREFIX_PATH}:/root/ros2_ws/src/install/transform_sensors:/root/ros2_ws/src/install/ros_tcp_endpoint:/opt/ros/humble /usr/bin/cmake --install /root/ros2_ws/src/build/teleop_rviz_plugin_plus
