[0.584s] Invoking command in '/root/ros2_ws/src/build/waypoint_rviz_plugin': CMAKE_PREFIX_PATH=/opt/ros/humble /usr/bin/cmake /root/ros2_ws/src/utilities/waypoint_rviz_plugin -DROS_EDITION=ROS2 -DHUMBLE_ROS=humble -DCMAKE_INSTALL_PREFIX=/root/ros2_ws/src/install/waypoint_rviz_plugin
[1.184s] -- The C compiler identification is GNU 11.4.0
[1.184s] -- The CXX compiler identification is GNU 11.4.0
[1.184s] -- Detecting C compiler ABI info
[1.184s] -- Detecting C compiler ABI info - done
[1.184s] -- Check for working C compiler: /usr/bin/cc - skipped
[1.184s] -- Detecting C compile features
[1.184s] -- Detecting C compile features - done
[1.184s] -- Detecting CXX compiler ABI info
[1.184s] -- Detecting CXX compiler ABI info - done
[1.184s] -- Check for working CXX compiler: /usr/bin/c++ - skipped
[1.184s] -- Detecting CXX compile features
[1.184s] -- Detecting CXX compile features - done
[1.184s] -- Found ament_cmake: 1.3.12 (/opt/ros/humble/share/ament_cmake/cmake)
[1.187s] -- Found Python3: /usr/bin/python3 (found version "3.10.12") found components: Interpreter 
[1.379s] -- Found pluginlib: 5.1.3 (/opt/ros/humble/share/pluginlib/cmake)
[1.503s] -- Found rclcpp: 16.0.17 (/opt/ros/humble/share/rclcpp/cmake)
[1.591s] -- Found rosidl_generator_c: 3.1.8 (/opt/ros/humble/share/rosidl_generator_c/cmake)
[1.611s] -- Found rosidl_adapter: 3.1.8 (/opt/ros/humble/share/rosidl_adapter/cmake)
[1.637s] -- Found rosidl_generator_cpp: 3.1.8 (/opt/ros/humble/share/rosidl_generator_cpp/cmake)
[1.669s] -- Using all available rosidl_typesupport_c: rosidl_typesupport_fastrtps_c;rosidl_typesupport_introspection_c
[1.687s] -- Using all available rosidl_typesupport_cpp: rosidl_typesupport_fastrtps_cpp;rosidl_typesupport_introspection_cpp
[1.756s] -- Found rmw_implementation_cmake: 6.1.2 (/opt/ros/humble/share/rmw_implementation_cmake/cmake)
[1.758s] -- Found rmw_fastrtps_cpp: 6.2.9 (/opt/ros/humble/share/rmw_fastrtps_cpp/cmake)
[1.793s] -- Found TinyXML2 via Config file: TinyXML2_DIR-NOTFOUND
[1.860s] -- Found OpenSSL: /usr/lib/x86_64-linux-gnu/libcrypto.so (found version "3.0.2")  
[1.862s] -- Found TinyXML2 via Config file: TinyXML2_DIR-NOTFOUND
[1.885s] -- Found FastRTPS: /opt/ros/humble/include  
[1.893s] -- Found TinyXML2 via Config file: TinyXML2_DIR-NOTFOUND
[1.912s] -- Found TinyXML2 via Config file: TinyXML2_DIR-NOTFOUND
[1.932s] -- Using RMW implementation 'rmw_fastrtps_cpp' as default
[1.957s] -- Looking for pthread.h
[2.035s] -- Looking for pthread.h - found
[2.036s] -- Performing Test CMAKE_HAVE_LIBC_PTHREAD
[2.108s] -- Performing Test CMAKE_HAVE_LIBC_PTHREAD - Success
[2.109s] -- Found Threads: TRUE  
[2.188s] -- Found rviz2: 11.2.25 (/opt/ros/humble/share/rviz2/cmake)
[2.188s] -- Found rviz_common: 11.2.25 (/opt/ros/humble/share/rviz_common/cmake)
[2.201s] -- Setting assimp_DIR to: '/opt/ros/humble/share/rviz_assimp_vendor/cmake/../../../opt/rviz_assimp_vendor/lib/cmake/assimp-4.1'
[2.224s] -- Setting OGRE_DIR to: '/opt/ros/humble/share/rviz_ogre_vendor/cmake/../../../opt/rviz_ogre_vendor/lib/OGRE/cmake'
[2.225s] -- Found OGRE
[2.225s] --   static     : OFF
[2.225s] --   components : HLMS;MeshLodGenerator;Overlay;Paging;Property;RTShaderSystem;Terrain;Volume
[2.225s] --   plugins    : Plugin_BSPSceneManager;Plugin_OctreeSceneManager;Plugin_PCZSceneManager;Plugin_ParticleFX;RenderSystem_GL;RenderSystem_GL3Plus;Codec_STBI
[2.225s] --   media      : /opt/ros/humble/opt/rviz_ogre_vendor/share/OGRE/Media
[2.225s] -- OGRE_LIBRARIES: OgreHLMS;OgreMeshLodGenerator;OgreOverlay;OgrePaging;OgreProperty;OgreRTShaderSystem;OgreTerrain;OgreVolume;OgreMain
[2.225s] -- OGRE_LIBRARY_DIRS: /opt/ros/humble/opt/rviz_ogre_vendor/lib
[2.225s] -- OGRE_PLUGINS: Plugin_BSPSceneManager;Plugin_OctreeSceneManager;Plugin_PCZSceneManager;Plugin_ParticleFX;RenderSystem_GL;RenderSystem_GL3Plus;Codec_STBI
[2.225s] -- OGRE_PLUGIN_DIR: /opt/ros/humble/opt/rviz_ogre_vendor/lib/OGRE
[2.225s] -- rviz_ogre_vendor::OgreOverlay for IMPORTED_LOCATION_RELEASE: /opt/ros/humble/opt/rviz_ogre_vendor/lib/libOgreOverlay.so
[2.226s] -- rviz_ogre_vendor::OgreOverlay for IMPORTED_LOCATION_DEBUG: /opt/ros/humble/opt/rviz_ogre_vendor/lib/libOgreOverlay.so
[2.226s] -- rviz_ogre_vendor::OgreMain for IMPORTED_LOCATION_RELEASE: /opt/ros/humble/opt/rviz_ogre_vendor/lib/libOgreMain.so
[2.226s] -- rviz_ogre_vendor::OgreMain for IMPORTED_LOCATION_DEBUG: /opt/ros/humble/opt/rviz_ogre_vendor/lib/libOgreMain.so
[2.227s] -- Could not find freeimage library
[2.239s] -- Found ZLIB: /usr/lib/x86_64-linux-gnu/libz.so (found version "1.2.11") 
[2.242s] -- Found OpenGL: /usr/lib/x86_64-linux-gnu/libOpenGL.so   
[2.326s] -- Found X11: /usr/include   
[2.327s] -- Looking for XOpenDisplay in /usr/lib/x86_64-linux-gnu/libX11.so;/usr/lib/x86_64-linux-gnu/libXext.so
[2.401s] -- Looking for XOpenDisplay in /usr/lib/x86_64-linux-gnu/libX11.so;/usr/lib/x86_64-linux-gnu/libXext.so - found
[2.401s] -- Looking for gethostbyname
[2.467s] -- Looking for gethostbyname - found
[2.467s] -- Looking for connect
[2.586s] -- Looking for connect - found
[2.587s] -- Looking for remove
[2.666s] -- Looking for remove - found
[2.666s] -- Looking for shmat
[2.734s] -- Looking for shmat - found
[2.734s] -- Looking for IceConnectionNumber in ICE
[2.808s] -- Looking for IceConnectionNumber in ICE - found
[2.914s] -- library: /usr/lib/x86_64-linux-gnu/libcurl.so
[2.990s] -- Found Eigen3: TRUE (found version "3.4.0") 
[2.990s] -- Ensuring Eigen3 include directory is part of orocos-kdl CMake target
[3.131s] -- Found rviz_default_plugins: 11.2.25 (/opt/ros/humble/share/rviz_default_plugins/cmake)
[3.247s] -- Found ament_lint_auto: 0.12.14 (/opt/ros/humble/share/ament_lint_auto/cmake)
[3.353s] -- Added test 'copyright' to check source files copyright and LICENSE
[3.355s] -- Added test 'cppcheck' to perform static code analysis on C / C++ code
[3.355s] -- Configured cppcheck include dirs: /root/ros2_ws/src/utilities/waypoint_rviz_plugin/include
[3.355s] -- Configured cppcheck exclude dirs and/or files: 
[3.356s] -- Added test 'cpplint' to check C / C++ code against the Google style
[3.356s] -- Configured cpplint exclude dirs and/or files: 
[3.356s] -- Added test 'lint_cmake' to check CMake code style
[3.357s] -- Added test 'uncrustify' to check C / C++ code style
[3.357s] -- Configured uncrustify additional arguments: 
[3.357s] -- Added test 'xmllint' to check XML markup files
[3.359s] -- Configuring done
[3.388s] -- Generating done
[3.389s] [33mCMake Warning:
[3.389s]   Manually-specified variables were not used by the project:
[3.389s] 
[3.389s]     HUMBLE_ROS
[3.389s]     ROS_EDITION
[3.389s] 
[3.389s] [0m
[3.393s] -- Build files have been written to: /root/ros2_ws/src/build/waypoint_rviz_plugin
