[0.245s] Invoking command in '/root/ros2_ws/src/build/sensor_scan_generation': CMAKE_PREFIX_PATH=/opt/ros/humble /usr/bin/cmake /root/ros2_ws/src/base_autonomy/sensor_scan_generation -DROS_EDITION=ROS2 -DHUMBLE_ROS=humble -DCMAKE_INSTALL_PREFIX=/root/ros2_ws/src/install/sensor_scan_generation
[0.621s] -- The C compiler identification is GNU 11.4.0
[0.621s] -- The CXX compiler identification is GNU 11.4.0
[0.621s] -- Detecting C compiler ABI info
[0.621s] -- Detecting C compiler ABI info - done
[0.622s] -- Check for working C compiler: /usr/bin/cc - skipped
[0.622s] -- Detecting C compile features
[0.622s] -- Detecting C compile features - done
[0.622s] -- Detecting CXX compiler ABI info
[0.622s] -- Detecting CXX compiler ABI info - done
[0.622s] -- Check for working CXX compiler: /usr/bin/c++ - skipped
[0.622s] -- Detecting CXX compile features
[0.622s] -- Detecting CXX compile features - done
[0.622s] -- Found ament_cmake: 1.3.12 (/opt/ros/humble/share/ament_cmake/cmake)
[0.844s] -- Found Python3: /usr/bin/python3 (found version "3.10.12") found components: Interpreter 
[1.091s] -- Found rclcpp: 16.0.17 (/opt/ros/humble/share/rclcpp/cmake)
[1.186s] -- Found rosidl_generator_c: 3.1.8 (/opt/ros/humble/share/rosidl_generator_c/cmake)
[1.196s] -- Found rosidl_adapter: 3.1.8 (/opt/ros/humble/share/rosidl_adapter/cmake)
[1.215s] -- Found rosidl_generator_cpp: 3.1.8 (/opt/ros/humble/share/rosidl_generator_cpp/cmake)
[1.238s] -- Using all available rosidl_typesupport_c: rosidl_typesupport_fastrtps_c;rosidl_typesupport_introspection_c
[1.280s] -- Using all available rosidl_typesupport_cpp: rosidl_typesupport_fastrtps_cpp;rosidl_typesupport_introspection_cpp
[1.370s] -- Found rmw_implementation_cmake: 6.1.2 (/opt/ros/humble/share/rmw_implementation_cmake/cmake)
[1.375s] -- Found rmw_fastrtps_cpp: 6.2.9 (/opt/ros/humble/share/rmw_fastrtps_cpp/cmake)
[1.515s] -- Found OpenSSL: /usr/lib/x86_64-linux-gnu/libcrypto.so (found version "3.0.2")  
[1.567s] -- Found FastRTPS: /opt/ros/humble/include  
[1.649s] -- Using RMW implementation 'rmw_fastrtps_cpp' as default
[1.674s] -- Looking for pthread.h
[1.759s] -- Looking for pthread.h - found
[1.760s] -- Performing Test CMAKE_HAVE_LIBC_PTHREAD
[1.844s] -- Performing Test CMAKE_HAVE_LIBC_PTHREAD - Success
[1.845s] -- Found Threads: TRUE  
[1.916s] -- Found nav_msgs: 4.9.0 (/opt/ros/humble/share/nav_msgs/cmake)
[1.953s] -- Found sensor_msgs: 4.9.0 (/opt/ros/humble/share/sensor_msgs/cmake)
[1.977s] -- Found tf2_ros: 0.25.18 (/opt/ros/humble/share/tf2_ros/cmake)
[2.156s] -- Found tf2_geometry_msgs: 0.25.18 (/opt/ros/humble/share/tf2_geometry_msgs/cmake)
[2.213s] -- Found eigen3_cmake_module: 0.1.1 (/opt/ros/humble/share/eigen3_cmake_module/cmake)
[2.214s] -- Found Eigen3: TRUE (found version "3.4.0") 
[2.214s] -- Ensuring Eigen3 include directory is part of orocos-kdl CMake target
[2.219s] -- Found pcl_conversions: 2.4.5 (/opt/ros/humble/share/pcl_conversions/cmake)
[2.273s] -- Checking for module 'eigen3'
[2.301s] --   Found eigen3, version 3.4.0
[2.369s] -- Found Eigen: /usr/include/eigen3 (Required is at least version "3.1") 
[2.369s] -- Eigen found (include: /usr/include/eigen3, version: 3.4.0)
[2.466s] -- Checking for module 'flann'
[2.481s] --   Found flann, version 1.9.1
[2.541s] -- Found FLANN: /usr/lib/x86_64-linux-gnu/libflann_cpp.so  
[2.541s] -- FLANN found (include: /usr/include, lib: /usr/lib/x86_64-linux-gnu/libflann_cpp.so)
[5.831s] -- Checking for module 'libusb-1.0'
[5.892s] --   Found libusb-1.0, version 1.0.25
[6.020s] -- Found libusb: /usr/lib/x86_64-linux-gnu/libusb-1.0.so  
[6.024s] -- OpenNI found (version: 1.5.4.0, include: /usr/include/ni, lib: /usr/lib/libOpenNI.so;libusb::libusb)
[6.247s] -- OpenNI2 found (version: 2.2.0.33, include: /usr/include/openni2, lib: /usr/lib/x86_64-linux-gnu/libOpenNI2.so;libusb::libusb)
[7.124s] -- Eigen found (include: /usr/include/eigen3, version: 3.4.0)
[7.168s] -- OpenNI found (version: 1.5.4.0, include: /usr/include/ni, lib: /usr/lib/libOpenNI.so;libusb::libusb)
[7.207s] -- OpenNI2 found (version: 2.2.0.33, include: /usr/include/openni2, lib: /usr/lib/x86_64-linux-gnu/libOpenNI2.so;libusb::libusb)
[8.092s] -- Found Qhull version 8.0.2
[8.478s] -- OpenNI found (version: 1.5.4.0, include: /usr/include/ni, lib: /usr/lib/libOpenNI.so;libusb::libusb)
[8.938s] -- Found PCL_COMMON: /usr/lib/x86_64-linux-gnu/libpcl_common.so  
[8.939s] -- Found PCL_KDTREE: /usr/lib/x86_64-linux-gnu/libpcl_kdtree.so  
[8.941s] -- Found PCL_OCTREE: /usr/lib/x86_64-linux-gnu/libpcl_octree.so  
[8.943s] -- Found PCL_SEARCH: /usr/lib/x86_64-linux-gnu/libpcl_search.so  
[8.945s] -- Found PCL_SAMPLE_CONSENSUS: /usr/lib/x86_64-linux-gnu/libpcl_sample_consensus.so  
[8.947s] -- Found PCL_FILTERS: /usr/lib/x86_64-linux-gnu/libpcl_filters.so  
[8.949s] -- Found PCL_2D: /usr/include/pcl-1.12  
[8.950s] -- Found PCL_GEOMETRY: /usr/include/pcl-1.12  
[8.952s] -- Found PCL_IO: /usr/lib/x86_64-linux-gnu/libpcl_io.so  
[8.954s] -- Found PCL_FEATURES: /usr/lib/x86_64-linux-gnu/libpcl_features.so  
[8.956s] -- Found PCL_ML: /usr/lib/x86_64-linux-gnu/libpcl_ml.so  
[8.958s] -- Found PCL_SEGMENTATION: /usr/lib/x86_64-linux-gnu/libpcl_segmentation.so  
[8.960s] -- Found PCL_VISUALIZATION: /usr/lib/x86_64-linux-gnu/libpcl_visualization.so  
[8.962s] -- Found PCL_SURFACE: /usr/lib/x86_64-linux-gnu/libpcl_surface.so  
[8.965s] -- Found PCL_REGISTRATION: /usr/lib/x86_64-linux-gnu/libpcl_registration.so  
[8.966s] -- Found PCL_KEYPOINTS: /usr/lib/x86_64-linux-gnu/libpcl_keypoints.so  
[8.968s] -- Found PCL_TRACKING: /usr/lib/x86_64-linux-gnu/libpcl_tracking.so  
[8.970s] -- Found PCL_RECOGNITION: /usr/lib/x86_64-linux-gnu/libpcl_recognition.so  
[8.973s] -- Found PCL_STEREO: /usr/lib/x86_64-linux-gnu/libpcl_stereo.so  
[8.974s] -- Found PCL_APPS: /usr/lib/x86_64-linux-gnu/libpcl_apps.so  
[8.976s] -- Found PCL_IN_HAND_SCANNER: /usr/include/pcl-1.12  
[8.976s] -- Found PCL_MODELER: /usr/include/pcl-1.12  
[8.977s] -- Found PCL_POINT_CLOUD_EDITOR: /usr/include/pcl-1.12  
[8.981s] -- Found PCL_OUTOFCORE: /usr/lib/x86_64-linux-gnu/libpcl_outofcore.so  
[8.982s] -- Found PCL_PEOPLE: /usr/lib/x86_64-linux-gnu/libpcl_people.so  
[8.990s] -- Found pcl_ros: 2.4.5 (/opt/ros/humble/share/pcl_ros/cmake)
[9.041s] -- Found ament_lint_auto: 0.12.14 (/opt/ros/humble/share/ament_lint_auto/cmake)
[9.569s] -- Added test 'copyright' to check source files copyright and LICENSE
[9.572s] -- Added test 'cppcheck' to perform static code analysis on C / C++ code
[9.574s] -- Configured cppcheck include dirs: 
[9.574s] -- Configured cppcheck exclude dirs and/or files: 
[9.579s] -- Added test 'cpplint' to check C / C++ code against the Google style
[9.580s] -- Configured cpplint exclude dirs and/or files: 
[9.584s] -- Added test 'lint_cmake' to check CMake code style
[9.587s] -- Added test 'uncrustify' to check C / C++ code style
[9.588s] -- Configured uncrustify additional arguments: 
[9.590s] -- Added test 'xmllint' to check XML markup files
[9.599s] -- Configuring done
[9.856s] -- Generating done
[9.862s] [33mCMake Warning:
[9.862s]   Manually-specified variables were not used by the project:
[9.863s] 
[9.863s]     HUMBLE_ROS
[9.863s]     ROS_EDITION
[9.863s] 
[9.863s] [0m
[9.917s] -- Build files have been written to: /root/ros2_ws/src/build/sensor_scan_generation
[10.012s] Invoked command in '/root/ros2_ws/src/build/sensor_scan_generation' returned '0': CMAKE_PREFIX_PATH=/opt/ros/humble /usr/bin/cmake /root/ros2_ws/src/base_autonomy/sensor_scan_generation -DROS_EDITION=ROS2 -DHUMBLE_ROS=humble -DCMAKE_INSTALL_PREFIX=/root/ros2_ws/src/install/sensor_scan_generation
[10.012s] Invoking command in '/root/ros2_ws/src/build/sensor_scan_generation': CMAKE_PREFIX_PATH=/opt/ros/humble /usr/bin/cmake --build /root/ros2_ws/src/build/sensor_scan_generation -- -j24 -l24
[10.661s] [ 50%] [32mBuilding CXX object CMakeFiles/sensorScanGeneration.dir/src/sensorScanGeneration.cpp.o[0m
[11.440s] In file included from [01m[K/root/ros2_ws/src/base_autonomy/sensor_scan_generation/src/sensorScanGeneration.cpp:13[m[K:
[11.441s] [01m[K/opt/ros/humble/include/tf2_geometry_msgs/tf2_geometry_msgs/tf2_geometry_msgs.h:35:2:[m[K [01;35m[Kwarning: [m[K#warning This header is obsolete, please include tf2_geometry_msgs/tf2_geometry_msgs.hpp instead [[01;35m[K-Wcpp[m[K]
[11.441s]    35 | #[01;35m[Kwarning[m[K This header is obsolete, please include tf2_geometry_msgs/tf2_geometry_msgs.hpp instead
[11.441s]       |  [01;35m[K^~~~~~~[m[K
[39.601s] [100%] [32m[1mLinking CXX executable sensorScanGeneration[0m
[42.539s] [100%] Built target sensorScanGeneration
[42.565s] Invoked command in '/root/ros2_ws/src/build/sensor_scan_generation' returned '0': CMAKE_PREFIX_PATH=/opt/ros/humble /usr/bin/cmake --build /root/ros2_ws/src/build/sensor_scan_generation -- -j24 -l24
[42.567s] Invoking command in '/root/ros2_ws/src/build/sensor_scan_generation': CMAKE_PREFIX_PATH=/opt/ros/humble /usr/bin/cmake --install /root/ros2_ws/src/build/sensor_scan_generation
[42.583s] -- Install configuration: ""
[42.586s] -- Installing: /root/ros2_ws/src/install/sensor_scan_generation/lib/sensor_scan_generation/sensorScanGeneration
[42.588s] -- Set runtime path of "/root/ros2_ws/src/install/sensor_scan_generation/lib/sensor_scan_generation/sensorScanGeneration" to ""
[42.590s] -- Installing: /root/ros2_ws/src/install/sensor_scan_generation/share/sensor_scan_generation/launch
[42.591s] -- Installing: /root/ros2_ws/src/install/sensor_scan_generation/share/sensor_scan_generation/launch/sensor_scan_generation.launch
[42.591s] -- Installing: /root/ros2_ws/src/install/sensor_scan_generation/share/ament_index/resource_index/package_run_dependencies/sensor_scan_generation
[42.595s] -- Installing: /root/ros2_ws/src/install/sensor_scan_generation/share/ament_index/resource_index/parent_prefix_path/sensor_scan_generation
[42.598s] -- Installing: /root/ros2_ws/src/install/sensor_scan_generation/share/sensor_scan_generation/environment/ament_prefix_path.sh
[42.600s] -- Installing: /root/ros2_ws/src/install/sensor_scan_generation/share/sensor_scan_generation/environment/ament_prefix_path.dsv
[42.603s] -- Installing: /root/ros2_ws/src/install/sensor_scan_generation/share/sensor_scan_generation/environment/path.sh
[42.605s] -- Installing: /root/ros2_ws/src/install/sensor_scan_generation/share/sensor_scan_generation/environment/path.dsv
[42.609s] -- Installing: /root/ros2_ws/src/install/sensor_scan_generation/share/sensor_scan_generation/local_setup.bash
[42.611s] -- Installing: /root/ros2_ws/src/install/sensor_scan_generation/share/sensor_scan_generation/local_setup.sh
[42.613s] -- Installing: /root/ros2_ws/src/install/sensor_scan_generation/share/sensor_scan_generation/local_setup.zsh
[42.618s] -- Installing: /root/ros2_ws/src/install/sensor_scan_generation/share/sensor_scan_generation/local_setup.dsv
[42.620s] -- Installing: /root/ros2_ws/src/install/sensor_scan_generation/share/sensor_scan_generation/package.dsv
[42.622s] -- Installing: /root/ros2_ws/src/install/sensor_scan_generation/share/ament_index/resource_index/packages/sensor_scan_generation
[42.627s] -- Installing: /root/ros2_ws/src/install/sensor_scan_generation/share/sensor_scan_generation/cmake/sensor_scan_generationConfig.cmake
[42.629s] -- Installing: /root/ros2_ws/src/install/sensor_scan_generation/share/sensor_scan_generation/cmake/sensor_scan_generationConfig-version.cmake
[42.630s] -- Installing: /root/ros2_ws/src/install/sensor_scan_generation/share/sensor_scan_generation/package.xml
[42.633s] Invoked command in '/root/ros2_ws/src/build/sensor_scan_generation' returned '0': CMAKE_PREFIX_PATH=/opt/ros/humble /usr/bin/cmake --install /root/ros2_ws/src/build/sensor_scan_generation
