[0.348s] Invoking command in '/root/ros2_ws/src/build/go2_h264_repub': CMAKE_PREFIX_PATH=/opt/ros/humble /usr/bin/cmake --build /root/ros2_ws/src/build/go2_h264_repub -- -j24 -l24
[0.693s] [35m[1mConsolidate compiler generated dependencies of target go2_h264_repub[0m
[0.693s] [100%] Built target go2_h264_repub
[0.718s] Invoked command in '/root/ros2_ws/src/build/go2_h264_repub' returned '0': CMAKE_PREFIX_PATH=/opt/ros/humble /usr/bin/cmake --build /root/ros2_ws/src/build/go2_h264_repub -- -j24 -l24
[0.719s] Invoking command in '/root/ros2_ws/src/build/go2_h264_repub': CMAKE_PREFIX_PATH=/opt/ros/humble /usr/bin/cmake --install /root/ros2_ws/src/build/go2_h264_repub
[0.746s] -- Install configuration: ""
[0.747s] -- Up-to-date: /root/ros2_ws/src/install/go2_h264_repub/lib/go2_h264_repub/go2_h264_repub
[0.747s] -- Up-to-date: /root/ros2_ws/src/install/go2_h264_repub/share/ament_index/resource_index/package_run_dependencies/go2_h264_repub
[0.747s] -- Up-to-date: /root/ros2_ws/src/install/go2_h264_repub/share/ament_index/resource_index/parent_prefix_path/go2_h264_repub
[0.747s] -- Up-to-date: /root/ros2_ws/src/install/go2_h264_repub/share/go2_h264_repub/environment/ament_prefix_path.sh
[0.747s] -- Up-to-date: /root/ros2_ws/src/install/go2_h264_repub/share/go2_h264_repub/environment/ament_prefix_path.dsv
[0.747s] -- Up-to-date: /root/ros2_ws/src/install/go2_h264_repub/share/go2_h264_repub/environment/path.sh
[0.747s] -- Up-to-date: /root/ros2_ws/src/install/go2_h264_repub/share/go2_h264_repub/environment/path.dsv
[0.747s] -- Up-to-date: /root/ros2_ws/src/install/go2_h264_repub/share/go2_h264_repub/local_setup.bash
[0.747s] -- Up-to-date: /root/ros2_ws/src/install/go2_h264_repub/share/go2_h264_repub/local_setup.sh
[0.747s] -- Up-to-date: /root/ros2_ws/src/install/go2_h264_repub/share/go2_h264_repub/local_setup.zsh
[0.747s] -- Up-to-date: /root/ros2_ws/src/install/go2_h264_repub/share/go2_h264_repub/local_setup.dsv
[0.747s] -- Installing: /root/ros2_ws/src/install/go2_h264_repub/share/go2_h264_repub/package.dsv
[0.747s] -- Up-to-date: /root/ros2_ws/src/install/go2_h264_repub/share/ament_index/resource_index/packages/go2_h264_repub
[0.747s] -- Up-to-date: /root/ros2_ws/src/install/go2_h264_repub/share/go2_h264_repub/cmake/go2_h264_repubConfig.cmake
[0.747s] -- Up-to-date: /root/ros2_ws/src/install/go2_h264_repub/share/go2_h264_repub/cmake/go2_h264_repubConfig-version.cmake
[0.747s] -- Up-to-date: /root/ros2_ws/src/install/go2_h264_repub/share/go2_h264_repub/package.xml
[0.895s] Invoked command in '/root/ros2_ws/src/build/go2_h264_repub' returned '0': CMAKE_PREFIX_PATH=/opt/ros/humble /usr/bin/cmake --install /root/ros2_ws/src/build/go2_h264_repub
