[0.421s] Invoking command in '/root/ros2_ws/src/build/terrain_analysis': CMAKE_PREFIX_PATH=/opt/ros/humble /usr/bin/cmake /root/ros2_ws/src/base_autonomy/terrain_analysis -DCMAKE_BUILD_TYPE=Release -DAMENT_CMAKE_SYMLINK_INSTALL=1 -DCMAKE_INSTALL_PREFIX=/root/ros2_ws/src/install/terrain_analysis
[0.475s] -- The C compiler identification is GNU 11.4.0
[0.551s] -- The CXX compiler identification is GNU 11.4.0
[0.559s] -- Detecting C compiler ABI info
[0.650s] -- Detecting C compiler ABI info - done
[0.663s] -- Check for working C compiler: /usr/bin/cc - skipped
[0.663s] -- Detecting C compile features
[0.664s] -- Detecting C compile features - done
[0.670s] -- Detecting CXX compiler ABI info
[0.800s] -- Detecting CXX compiler ABI info - done
[0.813s] -- Check for working CXX compiler: /usr/bin/c++ - skipped
[0.814s] -- Detecting CXX compile features
[0.814s] -- Detecting CXX compile features - done
[0.824s] -- Found ament_cmake: 1.3.12 (/opt/ros/humble/share/ament_cmake/cmake)
[1.039s] -- Found Python3: /usr/bin/python3 (found version "3.10.12") found components: Interpreter 
[1.106s] -- Override CMake install command with custom implementation using symlinks instead of copying resources
[1.167s] -- Found rclcpp: 16.0.17 (/opt/ros/humble/share/rclcpp/cmake)
[1.294s] -- Found rosidl_generator_c: 3.1.8 (/opt/ros/humble/share/rosidl_generator_c/cmake)
[1.327s] -- Found rosidl_adapter: 3.1.8 (/opt/ros/humble/share/rosidl_adapter/cmake)
[1.377s] -- Found rosidl_generator_cpp: 3.1.8 (/opt/ros/humble/share/rosidl_generator_cpp/cmake)
[1.433s] -- Using all available rosidl_typesupport_c: rosidl_typesupport_fastrtps_c;rosidl_typesupport_introspection_c
[1.458s] -- Using all available rosidl_typesupport_cpp: rosidl_typesupport_fastrtps_cpp;rosidl_typesupport_introspection_cpp
[1.552s] -- Found rmw_implementation_cmake: 6.1.2 (/opt/ros/humble/share/rmw_implementation_cmake/cmake)
[1.558s] -- Found rmw_fastrtps_cpp: 6.2.9 (/opt/ros/humble/share/rmw_fastrtps_cpp/cmake)
[1.675s] -- Found OpenSSL: /usr/lib/x86_64-linux-gnu/libcrypto.so (found version "3.0.2")  
[1.719s] -- Found FastRTPS: /opt/ros/humble/include  
[1.782s] -- Using RMW implementation 'rmw_fastrtps_cpp' as default
[1.793s] -- Looking for pthread.h
[1.936s] -- Looking for pthread.h - found
[1.936s] -- Performing Test CMAKE_HAVE_LIBC_PTHREAD
[2.074s] -- Performing Test CMAKE_HAVE_LIBC_PTHREAD - Success
[2.074s] -- Found Threads: TRUE  
[2.230s] -- Found nav_msgs: 4.9.0 (/opt/ros/humble/share/nav_msgs/cmake)
[2.333s] -- Found sensor_msgs: 4.9.0 (/opt/ros/humble/share/sensor_msgs/cmake)
[2.385s] -- Found tf2_ros: 0.25.18 (/opt/ros/humble/share/tf2_ros/cmake)
[2.597s] -- Found tf2_geometry_msgs: 0.25.18 (/opt/ros/humble/share/tf2_geometry_msgs/cmake)
[2.668s] -- Found eigen3_cmake_module: 0.1.1 (/opt/ros/humble/share/eigen3_cmake_module/cmake)
[2.668s] -- Found Eigen3: TRUE (found version "3.4.0") 
[2.668s] -- Ensuring Eigen3 include directory is part of orocos-kdl CMake target
[2.682s] -- Found pcl_conversions: 2.4.5 (/opt/ros/humble/share/pcl_conversions/cmake)
[2.791s] -- Checking for module 'eigen3'
[2.815s] --   Found eigen3, version 3.4.0
[2.860s] -- Found Eigen: /usr/include/eigen3 (Required is at least version "3.1") 
[2.860s] -- Eigen found (include: /usr/include/eigen3, version: 3.4.0)
[3.099s] -- Checking for module 'flann'
[3.152s] --   Found flann, version 1.9.1
[3.232s] -- Found FLANN: /usr/lib/x86_64-linux-gnu/libflann_cpp.so  
[3.232s] -- FLANN found (include: /usr/include, lib: /usr/lib/x86_64-linux-gnu/libflann_cpp.so)
[7.493s] -- Checking for module 'libusb-1.0'
[7.549s] --   Found libusb-1.0, version 1.0.25
[7.717s] -- Found libusb: /usr/lib/x86_64-linux-gnu/libusb-1.0.so  
[7.720s] -- OpenNI found (version: 1.5.4.0, include: /usr/include/ni, lib: /usr/lib/libOpenNI.so;libusb::libusb)
[7.973s] -- OpenNI2 found (version: 2.2.0.33, include: /usr/include/openni2, lib: /usr/lib/x86_64-linux-gnu/libOpenNI2.so;libusb::libusb)
[8.539s] -- Eigen found (include: /usr/include/eigen3, version: 3.4.0)
[8.562s] -- OpenNI found (version: 1.5.4.0, include: /usr/include/ni, lib: /usr/lib/libOpenNI.so;libusb::libusb)
[8.582s] -- OpenNI2 found (version: 2.2.0.33, include: /usr/include/openni2, lib: /usr/lib/x86_64-linux-gnu/libOpenNI2.so;libusb::libusb)
[8.982s] -- Found Qhull version 8.0.2
[9.263s] -- OpenNI found (version: 1.5.4.0, include: /usr/include/ni, lib: /usr/lib/libOpenNI.so;libusb::libusb)
[9.744s] -- Found PCL_COMMON: /usr/lib/x86_64-linux-gnu/libpcl_common.so  
[9.744s] -- Found PCL_KDTREE: /usr/lib/x86_64-linux-gnu/libpcl_kdtree.so  
[9.744s] -- Found PCL_OCTREE: /usr/lib/x86_64-linux-gnu/libpcl_octree.so  
[9.750s] -- Found PCL_SEARCH: /usr/lib/x86_64-linux-gnu/libpcl_search.so  
[9.751s] -- Found PCL_SAMPLE_CONSENSUS: /usr/lib/x86_64-linux-gnu/libpcl_sample_consensus.so  
[9.754s] -- Found PCL_FILTERS: /usr/lib/x86_64-linux-gnu/libpcl_filters.so  
[9.754s] -- Found PCL_2D: /usr/include/pcl-1.12  
[9.755s] -- Found PCL_GEOMETRY: /usr/include/pcl-1.12  
[9.759s] -- Found PCL_IO: /usr/lib/x86_64-linux-gnu/libpcl_io.so  
[9.761s] -- Found PCL_FEATURES: /usr/lib/x86_64-linux-gnu/libpcl_features.so  
[9.762s] -- Found PCL_ML: /usr/lib/x86_64-linux-gnu/libpcl_ml.so  
[9.766s] -- Found PCL_SEGMENTATION: /usr/lib/x86_64-linux-gnu/libpcl_segmentation.so  
[9.768s] -- Found PCL_VISUALIZATION: /usr/lib/x86_64-linux-gnu/libpcl_visualization.so  
[9.774s] -- Found PCL_SURFACE: /usr/lib/x86_64-linux-gnu/libpcl_surface.so  
[9.775s] -- Found PCL_REGISTRATION: /usr/lib/x86_64-linux-gnu/libpcl_registration.so  
[9.781s] -- Found PCL_KEYPOINTS: /usr/lib/x86_64-linux-gnu/libpcl_keypoints.so  
[9.782s] -- Found PCL_TRACKING: /usr/lib/x86_64-linux-gnu/libpcl_tracking.so  
[9.785s] -- Found PCL_RECOGNITION: /usr/lib/x86_64-linux-gnu/libpcl_recognition.so  
[9.786s] -- Found PCL_STEREO: /usr/lib/x86_64-linux-gnu/libpcl_stereo.so  
[9.791s] -- Found PCL_APPS: /usr/lib/x86_64-linux-gnu/libpcl_apps.so  
[9.792s] -- Found PCL_IN_HAND_SCANNER: /usr/include/pcl-1.12  
[9.792s] -- Found PCL_MODELER: /usr/include/pcl-1.12  
[9.793s] -- Found PCL_POINT_CLOUD_EDITOR: /usr/include/pcl-1.12  
[9.798s] -- Found PCL_OUTOFCORE: /usr/lib/x86_64-linux-gnu/libpcl_outofcore.so  
[9.799s] -- Found PCL_PEOPLE: /usr/lib/x86_64-linux-gnu/libpcl_people.so  
[9.816s] -- Found pcl_ros: 2.4.5 (/opt/ros/humble/share/pcl_ros/cmake)
[9.877s] -- Found ament_lint_auto: 0.12.14 (/opt/ros/humble/share/ament_lint_auto/cmake)
[10.301s] -- Added test 'copyright' to check source files copyright and LICENSE
[10.304s] -- Added test 'cppcheck' to perform static code analysis on C / C++ code
[10.305s] -- Configured cppcheck include dirs: 
[10.305s] -- Configured cppcheck exclude dirs and/or files: 
[10.313s] -- Added test 'cpplint' to check C / C++ code against the Google style
[10.313s] -- Configured cpplint exclude dirs and/or files: 
[10.316s] -- Added test 'lint_cmake' to check CMake code style
[10.318s] -- Added test 'uncrustify' to check C / C++ code style
[10.319s] -- Configured uncrustify additional arguments: 
[10.321s] -- Added test 'xmllint' to check XML markup files
[10.327s] -- Configuring done
[10.466s] -- Generating done
[10.498s] -- Build files have been written to: /root/ros2_ws/src/build/terrain_analysis
[10.560s] Invoked command in '/root/ros2_ws/src/build/terrain_analysis' returned '0': CMAKE_PREFIX_PATH=/opt/ros/humble /usr/bin/cmake /root/ros2_ws/src/base_autonomy/terrain_analysis -DCMAKE_BUILD_TYPE=Release -DAMENT_CMAKE_SYMLINK_INSTALL=1 -DCMAKE_INSTALL_PREFIX=/root/ros2_ws/src/install/terrain_analysis
[10.562s] Invoking command in '/root/ros2_ws/src/build/terrain_analysis': CMAKE_PREFIX_PATH=/opt/ros/humble /usr/bin/cmake --build /root/ros2_ws/src/build/terrain_analysis -- -j24 -l24
[12.842s] [ 50%] [32mBuilding CXX object CMakeFiles/terrainAnalysis.dir/src/terrainAnalysis.cpp.o[0m
[12.942s] In file included from [01m[K/root/ros2_ws/src/base_autonomy/terrain_analysis/src/terrainAnalysis.cpp:18[m[K:
[12.942s] [01m[K/opt/ros/humble/include/tf2_geometry_msgs/tf2_geometry_msgs/tf2_geometry_msgs.h:35:2:[m[K [01;35m[Kwarning: [m[K#warning This header is obsolete, please include tf2_geometry_msgs/tf2_geometry_msgs.hpp instead [[01;35m[K-Wcpp[m[K]
[12.942s]    35 | #[01;35m[Kwarning[m[K This header is obsolete, please include tf2_geometry_msgs/tf2_geometry_msgs.hpp instead
[12.943s]       |  [01;35m[K^~~~~~~[m[K
[20.299s] [01m[K/root/ros2_ws/src/base_autonomy/terrain_analysis/src/terrainAnalysis.cpp:[m[K In function ‘[01m[Kint main(int, char**)[m[K’:
[20.299s] [01m[K/root/ros2_ws/src/base_autonomy/terrain_analysis/src/terrainAnalysis.cpp:500:43:[m[K [01;35m[Kwarning: [m[Ksuggest parentheses around ‘[01m[K&&[m[K’ within ‘[01m[K||[m[K’ [[01;35m[K-Wparentheses[m[K]
[20.299s]   500 |                 if ([01;35m[Kangle4 > minDyObsVFOV && angle4 < maxDyObsVFOV[m[K || fabs(pointZ4) < absDyObsRelZThre) {
[20.299s]       |                     [01;35m[K~~~~~~~~~~~~~~~~~~~~~~^~~~~~~~~~~~~~~~~~~~~~~~[m[K
[29.909s] gmake[2]: *** [CMakeFiles/terrainAnalysis.dir/build.make:76: CMakeFiles/terrainAnalysis.dir/src/terrainAnalysis.cpp.o] Interrupt
[29.909s] gmake[1]: *** [CMakeFiles/Makefile2:137: CMakeFiles/terrainAnalysis.dir/all] Interrupt
[29.910s] gmake: *** [Makefile:146: all] Interrupt
