[0.425s] Invoking command in '/root/ros2_ws/src/build/visualization_tools': CMAKE_PREFIX_PATH=/opt/ros/humble /usr/bin/cmake /root/ros2_ws/src/base_autonomy/visualization_tools -DCMAKE_BUILD_TYPE=Release -DAMENT_CMAKE_SYMLINK_INSTALL=1 -DCMAKE_INSTALL_PREFIX=/root/ros2_ws/src/install/visualization_tools
[0.499s] -- The C compiler identification is GNU 11.4.0
[0.585s] -- The CXX compiler identification is GNU 11.4.0
[0.598s] -- Detecting C compiler ABI info
[0.693s] -- Detecting C compiler ABI info - done
[0.707s] -- Check for working C compiler: /usr/bin/cc - skipped
[0.709s] -- Detecting C compile features
[0.709s] -- Detecting C compile features - done
[0.714s] -- Detecting CXX compiler ABI info
[0.832s] -- Detecting CXX compiler ABI info - done
[0.844s] -- Check for working CXX compiler: /usr/bin/c++ - skipped
[0.844s] -- Detecting CXX compile features
[0.844s] -- Detecting CXX compile features - done
[0.853s] -- Found ament_cmake: 1.3.12 (/opt/ros/humble/share/ament_cmake/cmake)
[1.089s] -- Found Python3: /usr/bin/python3 (found version "3.10.12") found components: Interpreter 
[1.173s] -- Override CMake install command with custom implementation using symlinks instead of copying resources
[1.321s] -- Found rclcpp: 16.0.17 (/opt/ros/humble/share/rclcpp/cmake)
[1.484s] -- Found rosidl_generator_c: 3.1.8 (/opt/ros/humble/share/rosidl_generator_c/cmake)
[1.494s] -- Found rosidl_adapter: 3.1.8 (/opt/ros/humble/share/rosidl_adapter/cmake)
[1.507s] -- Found rosidl_generator_cpp: 3.1.8 (/opt/ros/humble/share/rosidl_generator_cpp/cmake)
[1.528s] -- Using all available rosidl_typesupport_c: rosidl_typesupport_fastrtps_c;rosidl_typesupport_introspection_c
[1.552s] -- Using all available rosidl_typesupport_cpp: rosidl_typesupport_fastrtps_cpp;rosidl_typesupport_introspection_cpp
[1.625s] -- Found rmw_implementation_cmake: 6.1.2 (/opt/ros/humble/share/rmw_implementation_cmake/cmake)
[1.629s] -- Found rmw_fastrtps_cpp: 6.2.9 (/opt/ros/humble/share/rmw_fastrtps_cpp/cmake)
[1.732s] -- Found OpenSSL: /usr/lib/x86_64-linux-gnu/libcrypto.so (found version "3.0.2")  
[1.784s] -- Found FastRTPS: /opt/ros/humble/include  
[1.855s] -- Using RMW implementation 'rmw_fastrtps_cpp' as default
[1.875s] -- Looking for pthread.h
[1.979s] -- Looking for pthread.h - found
[1.980s] -- Performing Test CMAKE_HAVE_LIBC_PTHREAD
[2.105s] -- Performing Test CMAKE_HAVE_LIBC_PTHREAD - Success
[2.107s] -- Found Threads: TRUE  
[2.227s] -- Found rclpy: 3.3.19 (/opt/ros/humble/share/rclpy/cmake)
[2.238s] -- Found nav_msgs: 4.9.0 (/opt/ros/humble/share/nav_msgs/cmake)
[2.292s] -- Found sensor_msgs: 4.9.0 (/opt/ros/humble/share/sensor_msgs/cmake)
[2.331s] -- Found tf2_ros: 0.25.18 (/opt/ros/humble/share/tf2_ros/cmake)
[2.533s] -- Found tf2_geometry_msgs: 0.25.18 (/opt/ros/humble/share/tf2_geometry_msgs/cmake)
[2.612s] -- Found eigen3_cmake_module: 0.1.1 (/opt/ros/humble/share/eigen3_cmake_module/cmake)
[2.616s] -- Found Eigen3: TRUE (found version "3.4.0") 
[2.620s] -- Ensuring Eigen3 include directory is part of orocos-kdl CMake target
[2.635s] -- Found pcl_conversions: 2.4.5 (/opt/ros/humble/share/pcl_conversions/cmake)
[2.758s] -- Checking for module 'eigen3'
[2.778s] --   Found eigen3, version 3.4.0
[2.847s] -- Found Eigen: /usr/include/eigen3 (Required is at least version "3.1") 
[2.847s] -- Eigen found (include: /usr/include/eigen3, version: 3.4.0)
[3.056s] -- Checking for module 'flann'
[3.074s] --   Found flann, version 1.9.1
[3.181s] -- Found FLANN: /usr/lib/x86_64-linux-gnu/libflann_cpp.so  
[3.181s] -- FLANN found (include: /usr/include, lib: /usr/lib/x86_64-linux-gnu/libflann_cpp.so)
[6.538s] -- Checking for module 'libusb-1.0'
[6.574s] --   Found libusb-1.0, version 1.0.25
[6.671s] -- Found libusb: /usr/lib/x86_64-linux-gnu/libusb-1.0.so  
[6.676s] -- OpenNI found (version: 1.5.4.0, include: /usr/include/ni, lib: /usr/lib/libOpenNI.so;libusb::libusb)
[6.872s] -- OpenNI2 found (version: 2.2.0.33, include: /usr/include/openni2, lib: /usr/lib/x86_64-linux-gnu/libOpenNI2.so;libusb::libusb)
[7.294s] -- Eigen found (include: /usr/include/eigen3, version: 3.4.0)
[7.315s] -- OpenNI found (version: 1.5.4.0, include: /usr/include/ni, lib: /usr/lib/libOpenNI.so;libusb::libusb)
[7.349s] -- OpenNI2 found (version: 2.2.0.33, include: /usr/include/openni2, lib: /usr/lib/x86_64-linux-gnu/libOpenNI2.so;libusb::libusb)
[8.011s] -- Found Qhull version 8.0.2
[8.451s] -- OpenNI found (version: 1.5.4.0, include: /usr/include/ni, lib: /usr/lib/libOpenNI.so;libusb::libusb)
[8.814s] -- Found PCL_COMMON: /usr/lib/x86_64-linux-gnu/libpcl_common.so  
[8.816s] -- Found PCL_KDTREE: /usr/lib/x86_64-linux-gnu/libpcl_kdtree.so  
[8.818s] -- Found PCL_OCTREE: /usr/lib/x86_64-linux-gnu/libpcl_octree.so  
[8.819s] -- Found PCL_SEARCH: /usr/lib/x86_64-linux-gnu/libpcl_search.so  
[8.821s] -- Found PCL_SAMPLE_CONSENSUS: /usr/lib/x86_64-linux-gnu/libpcl_sample_consensus.so  
[8.824s] -- Found PCL_FILTERS: /usr/lib/x86_64-linux-gnu/libpcl_filters.so  
[8.824s] -- Found PCL_2D: /usr/include/pcl-1.12  
[8.824s] -- Found PCL_GEOMETRY: /usr/include/pcl-1.12  
[8.825s] -- Found PCL_IO: /usr/lib/x86_64-linux-gnu/libpcl_io.so  
[8.827s] -- Found PCL_FEATURES: /usr/lib/x86_64-linux-gnu/libpcl_features.so  
[8.831s] -- Found PCL_ML: /usr/lib/x86_64-linux-gnu/libpcl_ml.so  
[8.832s] -- Found PCL_SEGMENTATION: /usr/lib/x86_64-linux-gnu/libpcl_segmentation.so  
[8.837s] -- Found PCL_VISUALIZATION: /usr/lib/x86_64-linux-gnu/libpcl_visualization.so  
[8.842s] -- Found PCL_SURFACE: /usr/lib/x86_64-linux-gnu/libpcl_surface.so  
[8.844s] -- Found PCL_REGISTRATION: /usr/lib/x86_64-linux-gnu/libpcl_registration.so  
[8.846s] -- Found PCL_KEYPOINTS: /usr/lib/x86_64-linux-gnu/libpcl_keypoints.so  
[8.847s] -- Found PCL_TRACKING: /usr/lib/x86_64-linux-gnu/libpcl_tracking.so  
[8.854s] -- Found PCL_RECOGNITION: /usr/lib/x86_64-linux-gnu/libpcl_recognition.so  
[8.854s] -- Found PCL_STEREO: /usr/lib/x86_64-linux-gnu/libpcl_stereo.so  
[8.858s] -- Found PCL_APPS: /usr/lib/x86_64-linux-gnu/libpcl_apps.so  
[8.860s] -- Found PCL_IN_HAND_SCANNER: /usr/include/pcl-1.12  
[8.864s] -- Found PCL_MODELER: /usr/include/pcl-1.12  
[8.865s] -- Found PCL_POINT_CLOUD_EDITOR: /usr/include/pcl-1.12  
[8.866s] -- Found PCL_OUTOFCORE: /usr/lib/x86_64-linux-gnu/libpcl_outofcore.so  
[8.868s] -- Found PCL_PEOPLE: /usr/lib/x86_64-linux-gnu/libpcl_people.so  
[8.885s] -- Found pcl_ros: 2.4.5 (/opt/ros/humble/share/pcl_ros/cmake)
[9.280s] -- Found ament_lint_auto: 0.12.14 (/opt/ros/humble/share/ament_lint_auto/cmake)
[9.546s] -- Added test 'copyright' to check source files copyright and LICENSE
[9.549s] -- Added test 'cppcheck' to perform static code analysis on C / C++ code
[9.549s] -- Configured cppcheck include dirs: 
[9.550s] -- Configured cppcheck exclude dirs and/or files: 
[9.551s] -- Added test 'cpplint' to check C / C++ code against the Google style
[9.551s] -- Configured cpplint exclude dirs and/or files: 
[9.552s] -- Added test 'flake8' to check Python code syntax and style conventions
[9.558s] -- Added test 'lint_cmake' to check CMake code style
[9.558s] -- Added test 'pep257' to check Python code against some of the docstring style conventions in PEP 257
[9.558s] -- Added test 'uncrustify' to check C / C++ code style
[9.559s] -- Configured uncrustify additional arguments: 
[9.559s] -- Added test 'xmllint' to check XML markup files
[9.565s] -- Configuring done
[9.725s] -- Generating done
[9.752s] -- Build files have been written to: /root/ros2_ws/src/build/visualization_tools
[9.800s] Invoked command in '/root/ros2_ws/src/build/visualization_tools' returned '0': CMAKE_PREFIX_PATH=/opt/ros/humble /usr/bin/cmake /root/ros2_ws/src/base_autonomy/visualization_tools -DCMAKE_BUILD_TYPE=Release -DAMENT_CMAKE_SYMLINK_INSTALL=1 -DCMAKE_INSTALL_PREFIX=/root/ros2_ws/src/install/visualization_tools
[9.812s] Invoking command in '/root/ros2_ws/src/build/visualization_tools': CMAKE_PREFIX_PATH=/opt/ros/humble /usr/bin/cmake --build /root/ros2_ws/src/build/visualization_tools -- -j24 -l24
[10.567s] [ 50%] [32mBuilding CXX object CMakeFiles/visualizationTools.dir/src/visualizationTools.cpp.o[0m
[10.567s] [ 50%] Built target ament_cmake_python_symlink_visualization_tools
[11.038s] In file included from [01m[K/root/ros2_ws/src/base_autonomy/visualization_tools/src/visualizationTools.cpp:19[m[K:
[11.038s] [01m[K/opt/ros/humble/include/tf2_geometry_msgs/tf2_geometry_msgs/tf2_geometry_msgs.h:35:2:[m[K [01;35m[Kwarning: [m[K#warning This header is obsolete, please include tf2_geometry_msgs/tf2_geometry_msgs.hpp instead [[01;35m[K-Wcpp[m[K]
[11.038s]    35 | #[01;35m[Kwarning[m[K This header is obsolete, please include tf2_geometry_msgs/tf2_geometry_msgs.hpp instead
[11.038s]       |  [01;35m[K^~~~~~~[m[K
[11.274s] /usr/local/lib/python3.10/dist-packages/setuptools_scm/_integration/setuptools.py:24: RuntimeWarning: 
[11.275s] ERROR: setuptools==59.6.0 is used in combination with setuptools-scm>=8.x
[11.275s] 
[11.275s] Your build configuration is incomplete and previously worked by accident!
[11.275s] setuptools-scm requires setuptools>=61 (recommended: >=80)
[11.275s] 
[11.275s] Suggested workaround if applicable:
[11.275s]  - migrating from the deprecated setup_requires mechanism to pep517/518
[11.275s]    and using a pyproject.toml to declare build dependencies
[11.275s]    which are reliably pre-installed before running the build tools
[11.275s] 
[11.275s]   warnings.warn(
[11.292s] running egg_info
[11.293s] creating visualization_tools.egg-info
[11.294s] writing visualization_tools.egg-info/PKG-INFO
[11.294s] writing dependency_links to visualization_tools.egg-info/dependency_links.txt
[11.294s] writing top-level names to visualization_tools.egg-info/top_level.txt
[11.294s] writing manifest file 'visualization_tools.egg-info/SOURCES.txt'
[11.501s] listing git files failed - pretending there aren't any
[12.227s] reading manifest file 'visualization_tools.egg-info/SOURCES.txt'
[12.233s] writing manifest file 'visualization_tools.egg-info/SOURCES.txt'
[12.486s] [ 50%] Built target ament_cmake_python_build_visualization_tools_egg
[29.905s] gmake[2]: *** [CMakeFiles/visualizationTools.dir/build.make:76: CMakeFiles/visualizationTools.dir/src/visualizationTools.cpp.o] Interrupt
[29.905s] gmake[1]: *** [CMakeFiles/Makefile2:140: CMakeFiles/visualizationTools.dir/all] Interrupt
[29.906s] gmake: *** [Makefile:146: all] Interrupt
