[0.461s] Invoking command in '/root/ros2_ws/src/build/terrain_analysis_ext': CMAKE_PREFIX_PATH=${CMAKE_PREFIX_PATH}:/root/ros2_ws/src/install/transform_sensors:/root/ros2_ws/src/install/ros_tcp_endpoint:/opt/ros/humble /usr/bin/cmake /root/ros2_ws/src/base_autonomy/terrain_analysis_ext -DCMAKE_INSTALL_PREFIX=/root/ros2_ws/src/install/terrain_analysis_ext
[0.493s] -- Found ament_cmake: 1.3.12 (/opt/ros/humble/share/ament_cmake/cmake)
[0.669s] -- Found rclcpp: 16.0.17 (/opt/ros/humble/share/rclcpp/cmake)
[0.723s] -- Found rosidl_generator_c: 3.1.8 (/opt/ros/humble/share/rosidl_generator_c/cmake)
[0.726s] -- Found rosidl_adapter: 3.1.8 (/opt/ros/humble/share/rosidl_adapter/cmake)
[0.732s] -- Found rosidl_generator_cpp: 3.1.8 (/opt/ros/humble/share/rosidl_generator_cpp/cmake)
[0.749s] -- Using all available rosidl_typesupport_c: rosidl_typesupport_fastrtps_c;rosidl_typesupport_introspection_c
[0.773s] -- Using all available rosidl_typesupport_cpp: rosidl_typesupport_fastrtps_cpp;rosidl_typesupport_introspection_cpp
[0.831s] -- Found rmw_implementation_cmake: 6.1.2 (/opt/ros/humble/share/rmw_implementation_cmake/cmake)
[0.831s] -- Found rmw_fastrtps_cpp: 6.2.9 (/opt/ros/humble/share/rmw_fastrtps_cpp/cmake)
[1.047s] -- Using RMW implementation 'rmw_fastrtps_cpp' as default
[1.128s] -- Found nav_msgs: 4.9.0 (/opt/ros/humble/share/nav_msgs/cmake)
[1.176s] -- Found sensor_msgs: 4.9.0 (/opt/ros/humble/share/sensor_msgs/cmake)
[1.203s] -- Found tf2_ros: 0.25.18 (/opt/ros/humble/share/tf2_ros/cmake)
[1.339s] -- Found tf2_geometry_msgs: 0.25.18 (/opt/ros/humble/share/tf2_geometry_msgs/cmake)
[1.344s] -- Found eigen3_cmake_module: 0.1.1 (/opt/ros/humble/share/eigen3_cmake_module/cmake)
[1.346s] -- Ensuring Eigen3 include directory is part of orocos-kdl CMake target
[1.351s] -- Found pcl_conversions: 2.4.5 (/opt/ros/humble/share/pcl_conversions/cmake)
[1.404s] -- Eigen found (include: /usr/include/eigen3, version: 3.4.0)
[1.469s] -- FLANN found (include: /usr/include, lib: /usr/lib/x86_64-linux-gnu/libflann_cpp.so)
[2.021s] -- OpenNI found (version: 1.5.4.0, include: /usr/include/ni, lib: /usr/lib/libOpenNI.so;libusb::libusb)
[2.022s] -- OpenNI2 found (version: 2.2.0.33, include: /usr/include/openni2, lib: /usr/lib/x86_64-linux-gnu/libOpenNI2.so;libusb::libusb)
[2.275s] -- Eigen found (include: /usr/include/eigen3, version: 3.4.0)
[2.289s] -- OpenNI found (version: 1.5.4.0, include: /usr/include/ni, lib: /usr/lib/libOpenNI.so;libusb::libusb)
[2.303s] -- OpenNI2 found (version: 2.2.0.33, include: /usr/include/openni2, lib: /usr/lib/x86_64-linux-gnu/libOpenNI2.so;libusb::libusb)
[2.532s] -- Found Qhull version 8.0.2
[2.714s] -- OpenNI found (version: 1.5.4.0, include: /usr/include/ni, lib: /usr/lib/libOpenNI.so;libusb::libusb)
[2.944s] -- Found pcl_ros: 2.4.5 (/opt/ros/humble/share/pcl_ros/cmake)
[2.995s] -- Found ament_lint_auto: 0.12.14 (/opt/ros/humble/share/ament_lint_auto/cmake)
[3.077s] -- Added test 'copyright' to check source files copyright and LICENSE
[3.077s] -- Added test 'cppcheck' to perform static code analysis on C / C++ code
[3.078s] -- Configured cppcheck include dirs: 
[3.078s] -- Configured cppcheck exclude dirs and/or files: 
[3.078s] -- Added test 'cpplint' to check C / C++ code against the Google style
[3.078s] -- Configured cpplint exclude dirs and/or files: 
[3.079s] -- Added test 'lint_cmake' to check CMake code style
[3.080s] -- Added test 'uncrustify' to check C / C++ code style
[3.080s] -- Configured uncrustify additional arguments: 
[3.080s] -- Added test 'xmllint' to check XML markup files
[3.081s] -- Configuring done
[3.131s] -- Generating done
[3.145s] -- Build files have been written to: /root/ros2_ws/src/build/terrain_analysis_ext
[3.172s] Invoked command in '/root/ros2_ws/src/build/terrain_analysis_ext' returned '0': CMAKE_PREFIX_PATH=${CMAKE_PREFIX_PATH}:/root/ros2_ws/src/install/transform_sensors:/root/ros2_ws/src/install/ros_tcp_endpoint:/opt/ros/humble /usr/bin/cmake /root/ros2_ws/src/base_autonomy/terrain_analysis_ext -DCMAKE_INSTALL_PREFIX=/root/ros2_ws/src/install/terrain_analysis_ext
[3.177s] Invoking command in '/root/ros2_ws/src/build/terrain_analysis_ext': CMAKE_PREFIX_PATH=${CMAKE_PREFIX_PATH}:/root/ros2_ws/src/install/transform_sensors:/root/ros2_ws/src/install/ros_tcp_endpoint:/opt/ros/humble /usr/bin/cmake --build /root/ros2_ws/src/build/terrain_analysis_ext -- -j24 -l24
[3.250s] [35m[1mConsolidate compiler generated dependencies of target terrainAnalysisExt[0m
[3.281s] [100%] Built target terrainAnalysisExt
[3.298s] Invoked command in '/root/ros2_ws/src/build/terrain_analysis_ext' returned '0': CMAKE_PREFIX_PATH=${CMAKE_PREFIX_PATH}:/root/ros2_ws/src/install/transform_sensors:/root/ros2_ws/src/install/ros_tcp_endpoint:/opt/ros/humble /usr/bin/cmake --build /root/ros2_ws/src/build/terrain_analysis_ext -- -j24 -l24
[3.300s] Invoking command in '/root/ros2_ws/src/build/terrain_analysis_ext': CMAKE_PREFIX_PATH=${CMAKE_PREFIX_PATH}:/root/ros2_ws/src/install/transform_sensors:/root/ros2_ws/src/install/ros_tcp_endpoint:/opt/ros/humble /usr/bin/cmake --install /root/ros2_ws/src/build/terrain_analysis_ext
[3.315s] -- Install configuration: ""
[3.315s] -- Up-to-date: /root/ros2_ws/src/install/terrain_analysis_ext/lib/terrain_analysis_ext/terrainAnalysisExt
[3.315s] -- Up-to-date: /root/ros2_ws/src/install/terrain_analysis_ext/share/terrain_analysis_ext/launch
[3.315s] -- Up-to-date: /root/ros2_ws/src/install/terrain_analysis_ext/share/terrain_analysis_ext/launch/terrain_analysis_ext.launch
[3.315s] -- Up-to-date: /root/ros2_ws/src/install/terrain_analysis_ext/share/ament_index/resource_index/package_run_dependencies/terrain_analysis_ext
[3.315s] -- Installing: /root/ros2_ws/src/install/terrain_analysis_ext/share/ament_index/resource_index/parent_prefix_path/terrain_analysis_ext
[3.315s] -- Up-to-date: /root/ros2_ws/src/install/terrain_analysis_ext/share/terrain_analysis_ext/environment/ament_prefix_path.sh
[3.315s] -- Installing: /root/ros2_ws/src/install/terrain_analysis_ext/share/terrain_analysis_ext/environment/ament_prefix_path.dsv
[3.315s] -- Up-to-date: /root/ros2_ws/src/install/terrain_analysis_ext/share/terrain_analysis_ext/environment/path.sh
[3.315s] -- Installing: /root/ros2_ws/src/install/terrain_analysis_ext/share/terrain_analysis_ext/environment/path.dsv
[3.315s] -- Up-to-date: /root/ros2_ws/src/install/terrain_analysis_ext/share/terrain_analysis_ext/local_setup.bash
[3.315s] -- Up-to-date: /root/ros2_ws/src/install/terrain_analysis_ext/share/terrain_analysis_ext/local_setup.sh
[3.315s] -- Up-to-date: /root/ros2_ws/src/install/terrain_analysis_ext/share/terrain_analysis_ext/local_setup.zsh
[3.315s] -- Installing: /root/ros2_ws/src/install/terrain_analysis_ext/share/terrain_analysis_ext/local_setup.dsv
[3.319s] -- Installing: /root/ros2_ws/src/install/terrain_analysis_ext/share/terrain_analysis_ext/package.dsv
[3.319s] -- Up-to-date: /root/ros2_ws/src/install/terrain_analysis_ext/share/ament_index/resource_index/packages/terrain_analysis_ext
[3.319s] -- Up-to-date: /root/ros2_ws/src/install/terrain_analysis_ext/share/terrain_analysis_ext/cmake/terrain_analysis_extConfig.cmake
[3.319s] -- Up-to-date: /root/ros2_ws/src/install/terrain_analysis_ext/share/terrain_analysis_ext/cmake/terrain_analysis_extConfig-version.cmake
[3.320s] -- Up-to-date: /root/ros2_ws/src/install/terrain_analysis_ext/share/terrain_analysis_ext/package.xml
[3.355s] Invoked command in '/root/ros2_ws/src/build/terrain_analysis_ext' returned '0': CMAKE_PREFIX_PATH=${CMAKE_PREFIX_PATH}:/root/ros2_ws/src/install/transform_sensors:/root/ros2_ws/src/install/ros_tcp_endpoint:/opt/ros/humble /usr/bin/cmake --install /root/ros2_ws/src/build/terrain_analysis_ext
