[0.008s] Invoking command in '/root/ros2_ws/src/slam/SuperOdom/super_odometry/build/super_odometry': CMAKE_PREFIX_PATH=${CMAKE_PREFIX_PATH}:/root/ros2_ws/install/transform_sensors:/root/ros2_ws/install/ros_tcp_endpoint:/opt/ros/humble /usr/bin/cmake /root/ros2_ws/src/slam/SuperOdom/super_odometry -DCMAKE_INSTALL_PREFIX=/root/ros2_ws/src/slam/SuperOdom/super_odometry/install/super_odometry
[0.043s] -- The C compiler identification is GNU 11.4.0
[0.071s] -- The CXX compiler identification is GNU 11.4.0
[0.075s] -- Detecting C compiler ABI info
[0.116s] -- Detecting C compiler ABI info - done
[0.119s] -- Check for working C compiler: /usr/bin/cc - skipped
[0.119s] -- Detecting C compile features
[0.119s] -- Detecting C compile features - done
[0.121s] -- Detecting CXX compiler ABI info
[0.164s] -- Detecting CXX compiler ABI info - done
[0.168s] -- Check for working CXX compiler: /usr/bin/c++ - skipped
[0.168s] -- Detecting CXX compile features
[0.168s] -- Detecting CXX compile features - done
[0.170s] -- Found ament_cmake: 1.3.12 (/opt/ros/humble/share/ament_cmake/cmake)
[0.251s] -- Found Python3: /usr/bin/python3 (found version "3.10.12") found components: Interpreter 
[0.318s] -- Found ament_cmake_auto: 1.3.12 (/opt/ros/humble/share/ament_cmake_auto/cmake)
[0.321s] -- Found rclcpp: 16.0.17 (/opt/ros/humble/share/rclcpp/cmake)
[0.351s] -- Found rosidl_generator_c: 3.1.8 (/opt/ros/humble/share/rosidl_generator_c/cmake)
[0.355s] -- Found rosidl_adapter: 3.1.8 (/opt/ros/humble/share/rosidl_adapter/cmake)
[0.360s] -- Found rosidl_generator_cpp: 3.1.8 (/opt/ros/humble/share/rosidl_generator_cpp/cmake)
[0.368s] -- Using all available rosidl_typesupport_c: rosidl_typesupport_fastrtps_c;rosidl_typesupport_introspection_c
[0.378s] -- Using all available rosidl_typesupport_cpp: rosidl_typesupport_fastrtps_cpp;rosidl_typesupport_introspection_cpp
[0.407s] -- Found rmw_implementation_cmake: 6.1.2 (/opt/ros/humble/share/rmw_implementation_cmake/cmake)
[0.410s] -- Found rmw_fastrtps_cpp: 6.2.9 (/opt/ros/humble/share/rmw_fastrtps_cpp/cmake)
[0.473s] -- Found OpenSSL: /usr/lib/x86_64-linux-gnu/libcrypto.so (found version "3.0.2")  
[0.494s] -- Found FastRTPS: /opt/ros/humble/include  
[0.520s] -- Using RMW implementation 'rmw_fastrtps_cpp' as default
[0.528s] -- Looking for pthread.h
[0.570s] -- Looking for pthread.h - found
[0.570s] -- Performing Test CMAKE_HAVE_LIBC_PTHREAD
[0.614s] -- Performing Test CMAKE_HAVE_LIBC_PTHREAD - Success
[0.614s] -- Found Threads: TRUE  
[0.643s] -- Found geometry_msgs: 4.9.0 (/opt/ros/humble/share/geometry_msgs/cmake)
[0.650s] -- Found nav_msgs: 4.9.0 (/opt/ros/humble/share/nav_msgs/cmake)
[0.659s] -- Found sensor_msgs: 4.9.0 (/opt/ros/humble/share/sensor_msgs/cmake)
[0.667s] -- Found image_transport: 3.1.12 (/opt/ros/humble/share/image_transport/cmake)
[0.694s] -- Found cv_bridge: 3.2.1 (/opt/ros/humble/share/cv_bridge/cmake)
[0.703s] -- Found tf2: 0.25.18 (/opt/ros/humble/share/tf2/cmake)
[0.706s] -- Found tf2_ros: 0.25.18 (/opt/ros/humble/share/tf2_ros/cmake)
[0.752s] -- Found tf2_geometry_msgs: 0.25.18 (/opt/ros/humble/share/tf2_geometry_msgs/cmake)
[0.762s] -- Found eigen3_cmake_module: 0.1.1 (/opt/ros/humble/share/eigen3_cmake_module/cmake)
[0.763s] -- Found Eigen3: TRUE (found version "3.4.0") 
[0.763s] -- Ensuring Eigen3 include directory is part of orocos-kdl CMake target
[0.764s] -- Found super_odometry_msgs: 0.0.0 (/root/ros2_ws/install/super_odometry_msgs/share/super_odometry_msgs/cmake)
[0.774s] -- Found visualization_msgs: 4.9.0 (/opt/ros/humble/share/visualization_msgs/cmake)
[0.793s] -- Found Eigen: /usr/include/eigen3 (found suitable version "3.4.0", minimum required is "3.1") 
[0.810s] -- Found Boost: /usr/lib/x86_64-linux-gnu/cmake/Boost-1.74.0/BoostConfig.cmake (found suitable version "1.74.0", minimum required is "1.65.0") found components: system filesystem date_time iostreams serialization 
[0.820s] -- Checking for module 'flann'
[0.831s] --   Found flann, version 1.9.1
[0.856s] -- Found FLANN: /usr/lib/x86_64-linux-gnu/libflann_cpp.so  
[0.856s] -- FLANN found (include: /usr/include, lib: /usr/lib/x86_64-linux-gnu/libflann_cpp.so)
[0.873s] -- Found GLEW: /usr/lib/x86_64-linux-gnu/libGLEW.so  
[0.875s] -- Found OpenGL: /usr/lib/x86_64-linux-gnu/libOpenGL.so  found components: OpenGL GLX 
[0.958s] -- Found MPI_C: /usr/lib/x86_64-linux-gnu/libmpi.so (found version "3.1") 
[0.958s] -- Found MPI: TRUE (found version "3.1") found components: C 
[0.960s] -- Found JsonCpp: /usr/lib/x86_64-linux-gnu/libjsoncpp.so (found suitable version "1.9.5", minimum required is "0.7.0") 
[0.963s] -- Found ZLIB: /usr/lib/x86_64-linux-gnu/libz.so (found version "1.2.11") 
[0.971s] -- Found PNG: /usr/lib/x86_64-linux-gnu/libpng.so (found version "1.6.37") 
[0.978s] -- Found Eigen3: /usr/include/eigen3 (found version "3.4.0") 
[1.027s] -- Found X11: /usr/include   
[1.027s] -- Looking for XOpenDisplay in /usr/lib/x86_64-linux-gnu/libX11.so;/usr/lib/x86_64-linux-gnu/libXext.so
[1.069s] -- Looking for XOpenDisplay in /usr/lib/x86_64-linux-gnu/libX11.so;/usr/lib/x86_64-linux-gnu/libXext.so - found
[1.069s] -- Looking for gethostbyname
[1.110s] -- Looking for gethostbyname - found
[1.110s] -- Looking for connect
[1.147s] -- Looking for connect - found
[1.147s] -- Looking for remove
[1.187s] -- Looking for remove - found
[1.187s] -- Looking for shmat
[1.227s] -- Looking for shmat - found
[1.227s] -- Looking for IceConnectionNumber in ICE
[1.268s] -- Looking for IceConnectionNumber in ICE - found
[1.321s] -- Found EXPAT: /usr/lib/x86_64-linux-gnu/libexpat.so (found version "2.4.7") 
[1.322s] -- Found double-conversion: /usr/lib/x86_64-linux-gnu/libdouble-conversion.so  
[1.324s] -- Found LZ4: /usr/lib/x86_64-linux-gnu/liblz4.so (found version "1.9.3") 
[1.324s] -- Found LZMA: /usr/lib/x86_64-linux-gnu/liblzma.so (found version "5.2.5") 
[1.330s] -- Found JPEG: /usr/lib/x86_64-linux-gnu/libjpeg.so (found version "80") 
[1.332s] -- Found TIFF: /usr/lib/x86_64-linux-gnu/libtiff.so (found version "4.3.0")  
[1.334s] -- Found Freetype: /usr/lib/x86_64-linux-gnu/libfreetype.so (found version "2.11.1") 
[1.337s] -- Found utf8cpp: /usr/include/utf8cpp  
[1.388s] -- Checking for module 'libusb-1.0'
[1.399s] --   Found libusb-1.0, version 1.0.25
[1.423s] -- Found libusb: /usr/lib/x86_64-linux-gnu/libusb-1.0.so  
[1.423s] -- Found OpenNI: /usr/lib/libOpenNI.so;libusb::libusb (found version "1.5.4.0") 
[1.423s] -- OpenNI found (version: 1.5.4.0, include: /usr/include/ni, lib: /usr/lib/libOpenNI.so;libusb::libusb)
[1.456s] [0m** WARNING ** io features related to pcap will be disabled[0m
[1.456s] -- Found OpenNI2: /usr/lib/x86_64-linux-gnu/libOpenNI2.so;libusb::libusb (found version "2.2.0.33") 
[1.456s] -- OpenNI2 found (version: 2.2.0.33, include: /usr/include/openni2, lib: /usr/lib/x86_64-linux-gnu/libOpenNI2.so;libusb::libusb)
[1.535s] -- OpenNI found (version: 1.5.4.0, include: /usr/include/ni, lib: /usr/lib/libOpenNI.so;libusb::libusb)
[1.538s] -- OpenNI2 found (version: 2.2.0.33, include: /usr/include/openni2, lib: /usr/lib/x86_64-linux-gnu/libOpenNI2.so;libusb::libusb)
[1.607s] -- Found Qhull version 8.0.2
[1.674s] -- OpenNI found (version: 1.5.4.0, include: /usr/include/ni, lib: /usr/lib/libOpenNI.so;libusb::libusb)
[1.745s] -- looking for PCL_COMMON
[1.745s] -- Found PCL_COMMON: /usr/lib/x86_64-linux-gnu/libpcl_common.so  
[1.745s] -- looking for PCL_KDTREE
[1.745s] -- Found PCL_KDTREE: /usr/lib/x86_64-linux-gnu/libpcl_kdtree.so  
[1.745s] -- looking for PCL_OCTREE
[1.746s] -- Found PCL_OCTREE: /usr/lib/x86_64-linux-gnu/libpcl_octree.so  
[1.746s] -- looking for PCL_SEARCH
[1.747s] -- Found PCL_SEARCH: /usr/lib/x86_64-linux-gnu/libpcl_search.so  
[1.747s] -- looking for PCL_SAMPLE_CONSENSUS
[1.747s] -- Found PCL_SAMPLE_CONSENSUS: /usr/lib/x86_64-linux-gnu/libpcl_sample_consensus.so  
[1.747s] -- looking for PCL_FILTERS
[1.747s] -- Found PCL_FILTERS: /usr/lib/x86_64-linux-gnu/libpcl_filters.so  
[1.747s] -- looking for PCL_2D
[1.747s] -- Found PCL_2D: /usr/include/pcl-1.12  
[1.747s] -- looking for PCL_GEOMETRY
[1.747s] -- Found PCL_GEOMETRY: /usr/include/pcl-1.12  
[1.747s] -- looking for PCL_IO
[1.747s] -- Found PCL_IO: /usr/lib/x86_64-linux-gnu/libpcl_io.so  
[1.747s] -- looking for PCL_FEATURES
[1.748s] -- Found PCL_FEATURES: /usr/lib/x86_64-linux-gnu/libpcl_features.so  
[1.748s] -- looking for PCL_ML
[1.749s] -- Found PCL_ML: /usr/lib/x86_64-linux-gnu/libpcl_ml.so  
[1.749s] -- looking for PCL_SEGMENTATION
[1.749s] -- Found PCL_SEGMENTATION: /usr/lib/x86_64-linux-gnu/libpcl_segmentation.so  
[1.749s] -- looking for PCL_VISUALIZATION
[1.749s] -- Found PCL_VISUALIZATION: /usr/lib/x86_64-linux-gnu/libpcl_visualization.so  
[1.749s] -- looking for PCL_SURFACE
[1.750s] -- Found PCL_SURFACE: /usr/lib/x86_64-linux-gnu/libpcl_surface.so  
[1.750s] -- looking for PCL_REGISTRATION
[1.750s] -- Found PCL_REGISTRATION: /usr/lib/x86_64-linux-gnu/libpcl_registration.so  
[1.750s] -- looking for PCL_KEYPOINTS
[1.751s] -- Found PCL_KEYPOINTS: /usr/lib/x86_64-linux-gnu/libpcl_keypoints.so  
[1.751s] -- looking for PCL_TRACKING
[1.751s] -- Found PCL_TRACKING: /usr/lib/x86_64-linux-gnu/libpcl_tracking.so  
[1.751s] -- looking for PCL_RECOGNITION
[1.751s] -- Found PCL_RECOGNITION: /usr/lib/x86_64-linux-gnu/libpcl_recognition.so  
[1.751s] -- looking for PCL_STEREO
[1.751s] -- Found PCL_STEREO: /usr/lib/x86_64-linux-gnu/libpcl_stereo.so  
[1.751s] -- looking for PCL_APPS
[1.752s] -- Found PCL_APPS: /usr/lib/x86_64-linux-gnu/libpcl_apps.so  
[1.752s] -- looking for PCL_IN_HAND_SCANNER
[1.752s] -- Found PCL_IN_HAND_SCANNER: /usr/include/pcl-1.12  
[1.752s] -- looking for PCL_MODELER
[1.752s] -- Found PCL_MODELER: /usr/include/pcl-1.12  
[1.752s] -- looking for PCL_POINT_CLOUD_EDITOR
[1.753s] -- Found PCL_POINT_CLOUD_EDITOR: /usr/include/pcl-1.12  
[1.753s] -- looking for PCL_OUTOFCORE
[1.753s] -- Found PCL_OUTOFCORE: /usr/lib/x86_64-linux-gnu/libpcl_outofcore.so  
[1.753s] -- looking for PCL_PEOPLE
[1.753s] -- Found PCL_PEOPLE: /usr/lib/x86_64-linux-gnu/libpcl_people.so  
[1.754s] -- Found PCL: pcl_common;pcl_kdtree;pcl_octree;pcl_search;pcl_sample_consensus;pcl_filters;pcl_io;pcl_features;pcl_ml;pcl_segmentation;pcl_visualization;pcl_surface;pcl_registration;pcl_keypoints;pcl_tracking;pcl_recognition;pcl_stereo;pcl_apps;pcl_outofcore;pcl_people;Boost::system;Boost::filesystem;Boost::date_time;Boost::iostreams;Boost::serialization;/usr/lib/libOpenNI.so;libusb::libusb;/usr/lib/x86_64-linux-gnu/libOpenNI2.so;libusb::libusb;VTK::ChartsCore;VTK::CommonColor;VTK::CommonComputationalGeometry;VTK::CommonCore;VTK::CommonDataModel;VTK::CommonExecutionModel;VTK::CommonMath;VTK::CommonMisc;VTK::CommonTransforms;VTK::FiltersCore;VTK::FiltersExtraction;VTK::FiltersGeneral;VTK::FiltersGeometry;VTK::FiltersModeling;VTK::FiltersSources;VTK::ImagingCore;VTK::ImagingSources;VTK::InteractionImage;VTK::InteractionStyle;VTK::InteractionWidgets;VTK::IOCore;VTK::IOGeometry;VTK::IOImage;VTK::IOLegacy;VTK::IOPLY;VTK::RenderingAnnotation;VTK::RenderingCore;VTK::RenderingContext2D;VTK::RenderingLOD;VTK::RenderingFreeType;VTK::ViewsCore;VTK::ViewsContext2D;VTK::RenderingOpenGL2;VTK::GUISupportQt;FLANN::FLANN;QHULL::QHULL  
[1.756s] -- Found pcl_conversions: 2.4.5 (/opt/ros/humble/share/pcl_conversions/cmake)
[1.771s] -- Found required Ceres dependency: Eigen version 3.4.0 in /usr/include/eigen3
[1.775s] -- Found required Ceres dependency: glog
[1.775s] -- Found required Ceres dependency: gflags
[1.775s] -- Found Ceres version: 2.0.0 installed in: /usr with components: [EigenSparse, SparseLinearAlgebraLibrary, LAPACK, SuiteSparse, CXSparse, SchurSpecializations, Multithreading]
[1.795s] -- GTSAM include directory:  /usr/local/lib/cmake/GTSAM/../../../include
[1.796s] -- Found livox_ros_driver2: 1.0.0 (/root/ros2_ws/install/livox_ros_driver2/share/livox_ros_driver2/cmake)
[1.853s] -- Configuring done
[1.889s] [0mWARNING: Target "feature_extraction_node" requests linking to directory "/root/ros2_ws/src/slam/SuperOdom/super_odometry/include".  Targets may link only to libraries.  CMake is dropping the item.[0m
[1.909s] -- Generating done
[1.921s] -- Build files have been written to: /root/ros2_ws/src/slam/SuperOdom/super_odometry/build/super_odometry
[1.932s] Invoked command in '/root/ros2_ws/src/slam/SuperOdom/super_odometry/build/super_odometry' returned '0': CMAKE_PREFIX_PATH=${CMAKE_PREFIX_PATH}:/root/ros2_ws/install/transform_sensors:/root/ros2_ws/install/ros_tcp_endpoint:/opt/ros/humble /usr/bin/cmake /root/ros2_ws/src/slam/SuperOdom/super_odometry -DCMAKE_INSTALL_PREFIX=/root/ros2_ws/src/slam/SuperOdom/super_odometry/install/super_odometry
[1.932s] Invoking command in '/root/ros2_ws/src/slam/SuperOdom/super_odometry/build/super_odometry': CMAKE_PREFIX_PATH=${CMAKE_PREFIX_PATH}:/root/ros2_ws/install/transform_sensors:/root/ros2_ws/install/ros_tcp_endpoint:/opt/ros/humble /usr/bin/cmake --build /root/ros2_ws/src/slam/SuperOdom/super_odometry/build/super_odometry -- -j24 -l24
[1.966s] [  5%] [32mBuilding CXX object CMakeFiles/SuperOdomLib.dir/src/FeatureExtraction/featureExtraction.cpp.o[0m
[1.966s] [ 11%] [32mBuilding CXX object CMakeFiles/SuperOdomLib.dir/src/ImuPreintegration/imuPreintegration.cpp.o[0m
[1.967s] [ 17%] [32mBuilding CXX object CMakeFiles/SuperOdomLib.dir/src/LaserMapping/laserMapping.cpp.o[0m
[1.967s] [ 23%] [32mBuilding CXX object CMakeFiles/SuperOdomLib.dir/src/LaserMapping/lidarOptimization.cpp.o[0m
[1.969s] [ 41%] [32mBuilding CXX object CMakeFiles/SuperOdomLib.dir/src/LidarProcess/pose_local_parameterization.cpp.o[0m
[1.969s] [ 41%] [32mBuilding CXX object CMakeFiles/SuperOdomLib.dir/src/LaserMapping/LocalMap.cpp.o[0m
[1.969s] [ 41%] [32mBuilding CXX object CMakeFiles/SuperOdomLib.dir/src/LidarProcess/LidarSlam.cpp.o[0m
[1.969s] [ 47%] [32mBuilding CXX object CMakeFiles/SuperOdomLib.dir/src/LidarProcess/SE3AbsolutatePoseFactor.cpp.o[0m
[1.969s] [ 52%] [32mBuilding CXX object CMakeFiles/SuperOdomLib.dir/src/parameter/parameter.cpp.o[0m
[1.973s] [ 58%] [32mBuilding CXX object CMakeFiles/SuperOdomLib.dir/src/utils/superodom_utils.cpp.o[0m
[3.547s] In file included from [01m[K/root/ros2_ws/src/slam/SuperOdom/super_odometry/include/super_odometry/LidarProcess/factor/pose_local_parameterization.h:11[m[K,
[3.547s]                  from [01m[K/root/ros2_ws/src/slam/SuperOdom/super_odometry/src/LidarProcess/pose_local_parameterization.cpp:5[m[K:
[3.547s] [01m[K/root/ros2_ws/src/slam/SuperOdom/super_odometry/include/super_odometry/LidarProcess/factor/../../utils/utility.h:137:6:[m[K [01;35m[Kwarning: [m[Kextra ‘[01m[K;[m[K’ [[01;35m[K-Wpedantic[m[K]
[3.547s]   137 |     }[01;35m[K;[m[K
[3.547s]       |      [01;35m[K^[m[K
[3.547s]       |      [31m[K-[m[K
[3.685s] [01m[K/root/ros2_ws/src/slam/SuperOdom/super_odometry/src/LidarProcess/pose_local_parameterization.cpp:[m[K In member function ‘[01m[Kvirtual bool PoseLocalParameterization::ComputeJacobian(const double*, double*) const[m[K’:
[3.685s] [01m[K/root/ros2_ws/src/slam/SuperOdom/super_odometry/src/LidarProcess/pose_local_parameterization.cpp:24:63:[m[K [01;35m[Kwarning: [m[Kunused parameter ‘[01m[Kx[m[K’ [[01;35m[K-Wunused-parameter[m[K]
[3.685s]    24 | bool PoseLocalParameterization::ComputeJacobian([01;35m[Kconst double *x[m[K, double *jacobian) const
[3.685s]       |                                                 [01;35m[K~~~~~~~~~~~~~~^[m[K
[3.703s] [01m[K/root/ros2_ws/src/slam/SuperOdom/super_odometry/src/LaserMapping/lidarOptimization.cpp:[m[K In member function ‘[01m[Kvirtual bool PoseSE3Parameterization::ComputeJacobian(const double*, double*) const[m[K’:
[3.703s] [01m[K/root/ros2_ws/src/slam/SuperOdom/super_odometry/src/LaserMapping/lidarOptimization.cpp:102:61:[m[K [01;35m[Kwarning: [m[Kunused parameter ‘[01m[Kx[m[K’ [[01;35m[K-Wunused-parameter[m[K]
[3.703s]   102 | bool PoseSE3Parameterization::ComputeJacobian([01;35m[Kconst double *x[m[K, double *jacobian) const
[3.703s]       |                                               [01;35m[K~~~~~~~~~~~~~~^[m[K
[4.937s] In file included from [01m[K/root/ros2_ws/src/slam/SuperOdom/super_odometry/src/LidarProcess/SE3AbsolutatePoseFactor.cpp:7[m[K:
[4.937s] [01m[K/root/ros2_ws/src/slam/SuperOdom/super_odometry/include/super_odometry/utils/utility.h:137:6:[m[K [01;35m[Kwarning: [m[Kextra ‘[01m[K;[m[K’ [[01;35m[K-Wpedantic[m[K]
[4.937s]   137 |     }[01;35m[K;[m[K
[4.937s]       |      [01;35m[K^[m[K
[4.937s]       |      [31m[K-[m[K
[5.050s] [01m[K/root/ros2_ws/src/slam/SuperOdom/super_odometry/src/LaserMapping/laserMapping.cpp:796:[m[K [01;35m[Kwarning: [m[Kignoring ‘[01m[K#pragma clang diagnostic[m[K’ [[01;35m[K-Wunknown-pragmas[m[K]
[5.050s]   796 | #pragma clang diagnostic pop
[5.050s]       | 
[8.109s] In file included from [01m[K/root/ros2_ws/src/slam/SuperOdom/super_odometry/include/super_odometry/FeatureExtraction/featureExtraction.h:27[m[K,
[8.109s]                  from [01m[K/root/ros2_ws/src/slam/SuperOdom/super_odometry/src/FeatureExtraction/featureExtraction.cpp:5[m[K:
[8.109s] [01m[K/root/ros2_ws/src/slam/SuperOdom/super_odometry/include/super_odometry/sensor_data/imu/imu_data.h:[m[K In member function ‘[01m[Kvoid Imu::imuInit(MapRingBuffer<std::shared_ptr<Imu> >)[m[K’:
[8.109s] [01m[K/root/ros2_ws/src/slam/SuperOdom/super_odometry/include/super_odometry/sensor_data/imu/imu_data.h:82:34:[m[K [01;35m[Kwarning: [m[Kvariable ‘[01m[Krot_first[m[K’ set but not used [[01;35m[K-Wunused-but-set-variable[m[K]
[8.109s]    82 |         const Eigen::Quaterniond [01;35m[Krot_first[m[K = imuBuf.measMap_.begin()->second->q_w_i;
[8.110s]       |                                  [01;35m[K^~~~~~~~~[m[K
[8.173s] In file included from [01m[K/root/ros2_ws/src/slam/SuperOdom/super_odometry/include/super_odometry/FeatureExtraction/featureExtraction.h:27[m[K,
[8.173s]                  from [01m[K/root/ros2_ws/src/slam/SuperOdom/super_odometry/src/FeatureExtraction/featureExtraction.cpp:5[m[K:
[8.173s] [01m[K/root/ros2_ws/src/slam/SuperOdom/super_odometry/include/super_odometry/sensor_data/imu/imu_data.h:101:34:[m[K [01;35m[Kwarning: [m[Kvariable ‘[01m[Krot_cur[m[K’ set but not used [[01;35m[K-Wunused-but-set-variable[m[K]
[8.173s]   101 |         const Eigen::Quaterniond [01;35m[Krot_cur[m[K = itMeas_->second->q_w_i;
[8.173s]       |                                  [01;35m[K^~~~~~~[m[K
[8.523s] In file included from [01m[K/root/ros2_ws/src/slam/SuperOdom/super_odometry/include/super_odometry/LidarProcess/LocalMap.h:31[m[K,
[8.523s]                  from [01m[K/root/ros2_ws/src/slam/SuperOdom/super_odometry/src/LaserMapping/LocalMap.cpp:5[m[K:
[8.523s] [01m[K/root/ros2_ws/src/slam/SuperOdom/super_odometry/include/super_odometry/flann/nanoflann.h:[m[K In member function ‘[01m[Ksize_t nanoflann::KDTreeSingIndexAaptor<Distance, DatasetAdapter, DIM, IndexType>::knnSearch(const ElementType*, size_t, IndexType*, nanoflann::KDTreeSingIndexAaptor<Distance, DatasetAdapter, DIM, IndexType>::DistanceType*, int) const[m[K’:
[8.523s] [01m[K/root/ros2_ws/src/slam/SuperOdom/super_odometry/include/super_odometry/flann/nanoflann.h:871:3:[m[K [01;35m[Kwarning: [m[Kno return statement in function returning non-void [[01;35m[K-Wreturn-type[m[K]
[8.523s]   871 |   [01;35m[K}[m[K
[8.523s]       |   [01;35m[K^[m[K
[8.586s] [01m[K/root/ros2_ws/src/slam/SuperOdom/super_odometry/src/FeatureExtraction/featureExtraction.cpp:[m[K In member function ‘[01m[Kvoid super_odometry::featureExtraction::undistortionAndFeatureExtraction()[m[K’:
[8.586s] [01m[K/root/ros2_ws/src/slam/SuperOdom/super_odometry/src/FeatureExtraction/featureExtraction.cpp:489:20:[m[K [01;35m[Kwarning: [m[Kunused variable ‘[01m[Klidar_end_time[m[K’ [[01;35m[K-Wunused-variable[m[K]
[8.586s]   489 |             double [01;35m[Klidar_end_time[m[K = lidar_start_time + lidar_msg->back().time;
[8.586s]       |                    [01;35m[K^~~~~~~~~~~~~~[m[K
[8.586s] [01m[K/root/ros2_ws/src/slam/SuperOdom/super_odometry/src/FeatureExtraction/featureExtraction.cpp:[m[K In member function ‘[01m[Kvoid super_odometry::featureExtraction::uniformFeatureExtraction(const Ptr&, pcl::PointCloud<pcl::PointXYZI>::Ptr&, int, float)[m[K’:
[8.586s] [01m[K/root/ros2_ws/src/slam/SuperOdom/super_odometry/src/FeatureExtraction/featureExtraction.cpp:507:26:[m[K [01;35m[Kwarning: [m[Kcomparison of integer expressions of different signedness: ‘[01m[Kuint[m[K’ {aka ‘[01m[Kunsigned int[m[K’} and ‘[01m[Kint[m[K’ [[01;35m[K-Wsign-compare[m[K]
[8.586s]   507 |         for (uint i=1; [01;35m[Ki <(int)pc_in->points.size()[m[K; i+=skip_num)
[8.586s]       |                        [01;35m[K~~^~~~~~~~~~~~~~~~~~~~~~~~~~[m[K
[8.586s] [01m[K/root/ros2_ws/src/slam/SuperOdom/super_odometry/src/FeatureExtraction/featureExtraction.cpp:518:17:[m[K [01;35m[Kwarning: [m[Ksuggest parentheses around ‘[01m[K&&[m[K’ within ‘[01m[K||[m[K’ [[01;35m[K-Wparentheses[m[K]
[8.586s]   517 |                 || [01;35m[K(abs(pc_in->points[i].z - pc_in->points[i-1].z) > 1e-7)[m[K
[8.586s]       |                    [01;35m[K~~~~~~~~~~~~~~~~~~~~~~~~~~~~~~~~~~~~~~~~~~~~~~~~~~~~~~~[m[K
[8.586s]   518 | [01;35m[K                && (pc_in->points[i].x * pc_in->points[i].x + pc_in->points[i].y * pc_in->points[i].y + pc_in->points[i].z * pc_in->points[i].z > (block_range * block_range))[m[K)
[8.587s]       |                 [01;35m[K^~~~~~~~~~~~~~~~~~~~~~~~~~~~~~~~~~~~~~~~~~~~~~~~~~~~~~~~~~~~~~~~~~~~~~~~~~~~~~~~~~~~~~~~~~~~~~~~~~~~~~~~~~~~~~~~~~~~~~~~~~~~~~~~~~~~~~~~~~~~~~~~~~~~~~~~~~~~~~[m[K
[8.626s] [01m[K/root/ros2_ws/src/slam/SuperOdom/super_odometry/src/FeatureExtraction/featureExtraction.cpp:[m[K In member function ‘[01m[KImu::Ptr super_odometry::featureExtraction::createImuData(const super_odometry::ImuMeasurement&)[m[K’:
[8.626s] [01m[K/root/ros2_ws/src/slam/SuperOdom/super_odometry/src/FeatureExtraction/featureExtraction.cpp:563:29:[m[K [01;35m[Kwarning: [m[Kvariable ‘[01m[Kgyr[m[K’ set but not used [[01;35m[K-Wunused-but-set-variable[m[K]
[8.626s]   563 |             Eigen::Vector3d [01;35m[Kgyr[m[K = imu_Init->imu_laser_R_Gravity * measurement.gyr;
[8.626s]       |                             [01;35m[K^~~[m[K
[8.912s] /root/ros2_ws/src/slam/SuperOdom/super_odometry/src/FeatureExtraction/featureExtraction.cpp: In instantiation of ‘[01m[Ksensor_msgs::msg::PointCloud2 super_odometry::featureExtraction::publishCloud(rclcpp::Publisher<sensor_msgs::msg::PointCloud2_<std::allocator<void> > >::SharedPtr, typename pcl::PointCloud<PointT>::Ptr, rclcpp::Time, std::string) [with Point = point_os::PointcloudXYZITR; sensor_msgs::msg::PointCloud2 = sensor_msgs::msg::PointCloud2_<std::allocator<void> >; rclcpp::Publisher<sensor_msgs::msg::PointCloud2_<std::allocator<void> > >::SharedPtr = std::shared_ptr<rclcpp::Publisher<sensor_msgs::msg::PointCloud2_<std::allocator<void> > > >; typename pcl::PointCloud<PointT>::Ptr = std::shared_ptr<pcl::PointCloud<point_os::PointcloudXYZITR> >; std::string = std::__cxx11::basic_string<char>][m[K’:
[8.912s] [01m[K/root/ros2_ws/src/slam/SuperOdom/super_odometry/src/FeatureExtraction/featureExtraction.cpp:403:83:[m[K   required from here
[8.912s] [01m[K/root/ros2_ws/src/slam/SuperOdom/super_odometry/src/FeatureExtraction/featureExtraction.cpp:379:97:[m[K [01;35m[Kwarning: [m[Kunused parameter ‘[01m[KthisPub[m[K’ [[01;35m[K-Wunused-parameter[m[K]
[8.912s]   379 |     featureExtraction::publishCloud([01;35m[Krclcpp::Publisher<sensor_msgs::msg::PointCloud2>::SharedPtr thisPub[m[K, typename pcl::PointCloud<Point>::Ptr thisCloud,
[8.912s]       |                                     [01;35m[K~~~~~~~~~~~~~~~~~~~~~~~~~~~~~~~~~~~~~~~~~~~~~~~~~~~~~~~~~~~~^~~~~~~[m[K
[8.912s] /root/ros2_ws/src/slam/SuperOdom/super_odometry/src/FeatureExtraction/featureExtraction.cpp: In instantiation of ‘[01m[Ksensor_msgs::msg::PointCloud2 super_odometry::featureExtraction::publishCloud(rclcpp::Publisher<sensor_msgs::msg::PointCloud2_<std::allocator<void> > >::SharedPtr, typename pcl::PointCloud<PointT>::Ptr, rclcpp::Time, std::string) [with Point = pcl::PointXYZI; sensor_msgs::msg::PointCloud2 = sensor_msgs::msg::PointCloud2_<std::allocator<void> >; rclcpp::Publisher<sensor_msgs::msg::PointCloud2_<std::allocator<void> > >::SharedPtr = std::shared_ptr<rclcpp::Publisher<sensor_msgs::msg::PointCloud2_<std::allocator<void> > > >; typename pcl::PointCloud<PointT>::Ptr = std::shared_ptr<pcl::PointCloud<pcl::PointXYZI> >; std::string = std::__cxx11::basic_string<char>][m[K’:
[8.912s] [01m[K/root/ros2_ws/src/slam/SuperOdom/super_odometry/src/FeatureExtraction/featureExtraction.cpp:404:60:[m[K   required from here
[8.912s] [01m[K/root/ros2_ws/src/slam/SuperOdom/super_odometry/src/FeatureExtraction/featureExtraction.cpp:379:97:[m[K [01;35m[Kwarning: [m[Kunused parameter ‘[01m[KthisPub[m[K’ [[01;35m[K-Wunused-parameter[m[K]
[8.917s] In file included from [01m[K/root/ros2_ws/src/slam/SuperOdom/super_odometry/include/super_odometry/LidarProcess/LocalMap.h:31[m[K,
[8.917s]                  from [01m[K/root/ros2_ws/src/slam/SuperOdom/super_odometry/include/super_odometry/LidarProcess/LidarSlam.h:17[m[K,
[8.917s]                  from [01m[K/root/ros2_ws/src/slam/SuperOdom/super_odometry/include/super_odometry/LaserMapping/laserMapping.h:34[m[K,
[8.917s]                  from [01m[K/root/ros2_ws/src/slam/SuperOdom/super_odometry/src/LaserMapping/laserMapping.cpp:5[m[K:
[8.917s] [01m[K/root/ros2_ws/src/slam/SuperOdom/super_odometry/include/super_odometry/flann/nanoflann.h:[m[K In member function ‘[01m[Ksize_t nanoflann::KDTreeSingIndexAaptor<Distance, DatasetAdapter, DIM, IndexType>::knnSearch(const ElementType*, size_t, IndexType*, nanoflann::KDTreeSingIndexAaptor<Distance, DatasetAdapter, DIM, IndexType>::DistanceType*, int) const[m[K’:
[8.917s] [01m[K/root/ros2_ws/src/slam/SuperOdom/super_odometry/include/super_odometry/flann/nanoflann.h:871:3:[m[K [01;35m[Kwarning: [m[Kno return statement in function returning non-void [[01;35m[K-Wreturn-type[m[K]
[8.917s]   871 |   [01;35m[K}[m[K
[8.917s]       |   [01;35m[K^[m[K
[8.935s] /root/ros2_ws/src/slam/SuperOdom/super_odometry/src/FeatureExtraction/featureExtraction.cpp: In instantiation of ‘[01m[Kvoid super_odometry::featureExtraction::removePointDistortion(double, double, MapRingBuffer<Meas>&, pcl::PointCloud<point_os::PointcloudXYZITR>::Ptr&) [with BufferType = std::shared_ptr<nav_msgs::msg::Odometry_<std::allocator<void> > >; pcl::PointCloud<point_os::PointcloudXYZITR>::Ptr = std::shared_ptr<pcl::PointCloud<point_os::PointcloudXYZITR> >][m[K’:
[8.935s] [01m[K/root/ros2_ws/src/slam/SuperOdom/super_odometry/src/FeatureExtraction/featureExtraction.cpp:462:74:[m[K   required from here
[8.935s] [01m[K/root/ros2_ws/src/slam/SuperOdom/super_odometry/src/FeatureExtraction/featureExtraction.cpp:225:16:[m[K [01;35m[Kwarning: [m[Kunused parameter ‘[01m[Klidar_end_time[m[K’ [[01;35m[K-Wunused-parameter[m[K]
[8.935s]   225 |         [01;35m[Kdouble lidar_end_time[m[K,
[8.935s]       |         [01;35m[K~~~~~~~^~~~~~~~~~~~~~[m[K
[8.936s] /root/ros2_ws/src/slam/SuperOdom/super_odometry/src/FeatureExtraction/featureExtraction.cpp: In instantiation of ‘[01m[Kvoid super_odometry::featureExtraction::removePointDistortion(double, double, MapRingBuffer<Meas>&, pcl::PointCloud<point_os::PointcloudXYZITR>::Ptr&) [with BufferType = std::shared_ptr<Imu>; pcl::PointCloud<point_os::PointcloudXYZITR>::Ptr = std::shared_ptr<pcl::PointCloud<point_os::PointcloudXYZITR> >][m[K’:
[8.936s] [01m[K/root/ros2_ws/src/slam/SuperOdom/super_odometry/src/FeatureExtraction/featureExtraction.cpp:473:48:[m[K   required from here
[8.936s] [01m[K/root/ros2_ws/src/slam/SuperOdom/super_odometry/src/FeatureExtraction/featureExtraction.cpp:225:16:[m[K [01;35m[Kwarning: [m[Kunused parameter ‘[01m[Klidar_end_time[m[K’ [[01;35m[K-Wunused-parameter[m[K]
[9.096s] In file included from [01m[K/root/ros2_ws/src/slam/SuperOdom/super_odometry/include/super_odometry/LidarProcess/LocalMap.h:31[m[K,
[9.096s]                  from [01m[K/root/ros2_ws/src/slam/SuperOdom/super_odometry/include/super_odometry/LidarProcess/LidarSlam.h:17[m[K,
[9.097s]                  from [01m[K/root/ros2_ws/src/slam/SuperOdom/super_odometry/src/LidarProcess/LidarSlam.cpp:3[m[K:
[9.097s] [01m[K/root/ros2_ws/src/slam/SuperOdom/super_odometry/include/super_odometry/flann/nanoflann.h:[m[K In member function ‘[01m[Ksize_t nanoflann::KDTreeSingIndexAaptor<Distance, DatasetAdapter, DIM, IndexType>::knnSearch(const ElementType*, size_t, IndexType*, nanoflann::KDTreeSingIndexAaptor<Distance, DatasetAdapter, DIM, IndexType>::DistanceType*, int) const[m[K’:
[9.097s] [01m[K/root/ros2_ws/src/slam/SuperOdom/super_odometry/include/super_odometry/flann/nanoflann.h:871:3:[m[K [01;35m[Kwarning: [m[Kno return statement in function returning non-void [[01;35m[K-Wreturn-type[m[K]
[9.097s]   871 |   [01;35m[K}[m[K
[9.097s]       |   [01;35m[K^[m[K
[9.127s] In file included from [01m[K/root/ros2_ws/src/slam/SuperOdom/super_odometry/include/super_odometry/LidarProcess/factor/pose_local_parameterization.h:11[m[K,
[9.127s]                  from [01m[K/root/ros2_ws/src/slam/SuperOdom/super_odometry/include/super_odometry/LidarProcess/LidarSlam.h:30[m[K,
[9.127s]                  from [01m[K/root/ros2_ws/src/slam/SuperOdom/super_odometry/include/super_odometry/LaserMapping/laserMapping.h:34[m[K,
[9.127s]                  from [01m[K/root/ros2_ws/src/slam/SuperOdom/super_odometry/src/LaserMapping/laserMapping.cpp:5[m[K:
[9.127s] [01m[K/root/ros2_ws/src/slam/SuperOdom/super_odometry/include/super_odometry/LidarProcess/factor/../../utils/utility.h:[m[K At global scope:
[9.127s] [01m[K/root/ros2_ws/src/slam/SuperOdom/super_odometry/include/super_odometry/LidarProcess/factor/../../utils/utility.h:137:6:[m[K [01;35m[Kwarning: [m[Kextra ‘[01m[K;[m[K’ [[01;35m[K-Wpedantic[m[K]
[9.127s]   137 |     }[01;35m[K;[m[K
[9.127s]       |      [01;35m[K^[m[K
[9.127s]       |      [31m[K-[m[K
[9.438s] In file included from [01m[K/root/ros2_ws/src/slam/SuperOdom/super_odometry/include/super_odometry/LidarProcess/factor/pose_local_parameterization.h:11[m[K,
[9.438s]                  from [01m[K/root/ros2_ws/src/slam/SuperOdom/super_odometry/include/super_odometry/LidarProcess/LidarSlam.h:30[m[K,
[9.438s]                  from [01m[K/root/ros2_ws/src/slam/SuperOdom/super_odometry/src/LidarProcess/LidarSlam.cpp:3[m[K:
[9.438s] [01m[K/root/ros2_ws/src/slam/SuperOdom/super_odometry/include/super_odometry/LidarProcess/factor/../../utils/utility.h:[m[K At global scope:
[9.438s] [01m[K/root/ros2_ws/src/slam/SuperOdom/super_odometry/include/super_odometry/LidarProcess/factor/../../utils/utility.h:137:6:[m[K [01;35m[Kwarning: [m[Kextra ‘[01m[K;[m[K’ [[01;35m[K-Wpedantic[m[K]
[9.438s]   137 |     }[01;35m[K;[m[K
[9.438s]       |      [01;35m[K^[m[K
[9.438s]       |      [31m[K-[m[K
[10.859s] In file included from [01m[K/root/ros2_ws/src/slam/SuperOdom/super_odometry/include/super_odometry/LaserMapping/laserMapping.h:34[m[K,
[10.859s]                  from [01m[K/root/ros2_ws/src/slam/SuperOdom/super_odometry/src/LaserMapping/laserMapping.cpp:5[m[K:
[10.859s] [01m[K/root/ros2_ws/src/slam/SuperOdom/super_odometry/include/super_odometry/LidarProcess/LidarSlam.h:208:80:[m[K [01;35m[Kwarning: [m[Kextra ‘[01m[K;[m[K’ [[01;35m[K-Wpedantic[m[K]
[10.859s]   208 |         rclcpp::Publisher<std_msgs::msg::Float32>::SharedPtr pubUncertaintyYaw;[01;35m[K;[m[K
[10.859s]       |                                                                                [01;35m[K^[m[K
[10.859s]       |                                                                                [31m[K-[m[K
[11.166s] [01m[K/root/ros2_ws/src/slam/SuperOdom/super_odometry/src/LaserMapping/laserMapping.cpp:[m[K In member function ‘[01m[Kvoid super_odometry::laserMapping::adjustVoxelSize()[m[K’:
[11.166s] [01m[K/root/ros2_ws/src/slam/SuperOdom/super_odometry/src/LaserMapping/laserMapping.cpp:603:14:[m[K [01;35m[Kwarning: [m[Kvariable ‘[01m[Kincrease_blind_radius[m[K’ set but not used [[01;35m[K-Wunused-but-set-variable[m[K]
[11.166s]   603 |         bool [01;35m[Kincrease_blind_radius[m[K = false;
[11.166s]       |              [01;35m[K^~~~~~~~~~~~~~~~~~~~~[m[K
[11.288s] In file included from [01m[K/root/ros2_ws/src/slam/SuperOdom/super_odometry/src/LidarProcess/LidarSlam.cpp:3[m[K:
[11.288s] [01m[K/root/ros2_ws/src/slam/SuperOdom/super_odometry/include/super_odometry/LidarProcess/LidarSlam.h:208:80:[m[K [01;35m[Kwarning: [m[Kextra ‘[01m[K;[m[K’ [[01;35m[K-Wpedantic[m[K]
[11.288s]   208 |         rclcpp::Publisher<std_msgs::msg::Float32>::SharedPtr pubUncertaintyYaw;[01;35m[K;[m[K
[11.288s]       |                                                                                [01;35m[K^[m[K
[11.288s]       |                                                                                [31m[K-[m[K
[11.340s] [01m[K/root/ros2_ws/src/slam/SuperOdom/super_odometry/src/LidarProcess/LidarSlam.cpp:[m[K In member function ‘[01m[Kvoid super_odometry::LidarSLAM::initializeState(bool, const Transformd&)[m[K’:
[11.340s] [01m[K/root/ros2_ws/src/slam/SuperOdom/super_odometry/src/LidarProcess/LidarSlam.cpp:53:42:[m[K [01;35m[Kwarning: [m[Kunused parameter ‘[01m[Kinitialization[m[K’ [[01;35m[K-Wunused-parameter[m[K]
[11.340s]    53 |     void LidarSLAM::initializeState([01;35m[Kbool initialization[m[K, const Transformd&position){
[11.340s]       |                                     [01;35m[K~~~~~^~~~~~~~~~~~~~[m[K
[11.363s] [01m[K/root/ros2_ws/src/slam/SuperOdom/super_odometry/src/LidarProcess/LidarSlam.cpp:[m[K In member function ‘[01m[Kdouble super_odometry::LidarSLAM::calculateSamplingRate(size_t)[m[K’:
[11.363s] [01m[K/root/ros2_ws/src/slam/SuperOdom/super_odometry/src/LidarProcess/LidarSlam.cpp:353:22:[m[K [01;35m[Kwarning: [m[Kcomparison of integer expressions of different signedness: ‘[01m[Ksize_t[m[K’ {aka ‘[01m[Klong unsigned int[m[K’} and ‘[01m[Kint[m[K’ [[01;35m[K-Wsign-compare[m[K]
[11.364s]   353 |         if([01;35m[Knum_points>OptSet.max_surface_features[m[K){
[11.364s]       |            [01;35m[K~~~~~~~~~~^~~~~~~~~~~~~~~~~~~~~~~~~~~~[m[K
[11.378s] [01m[K/root/ros2_ws/src/slam/SuperOdom/super_odometry/src/LidarProcess/LidarSlam.cpp:[m[K In member function ‘[01m[Ksuper_odometry::LidarSLAM::OptimizationParameter super_odometry::LidarSLAM::ComputeLineDistanceParameters(LocalMap&, const Point&)[m[K’:
[11.378s] [01m[K/root/ros2_ws/src/slam/SuperOdom/super_odometry/src/LidarProcess/LidarSlam.cpp:424:25:[m[K [01;35m[Kwarning: [m[Knarrowing conversion of ‘[01m[K((Eigen::DenseCoeffsBase<Eigen::Matrix<double, 3, 1>, 1>*)(& pFinal))->Eigen::DenseCoeffsBase<Eigen::Matrix<double, 3, 1>, 1>::x()[m[K’ from ‘[01m[KEigen::DenseCoeffsBase<Eigen::Matrix<double, 3, 1>, 1>::Scalar[m[K’ {aka ‘[01m[Kdouble[m[K’} to ‘[01m[Kfloat[m[K’ [[01;35m[K-Wnarrowing[m[K]
[11.378s]   424 |     Point query{[01;35m[KpFinal.x()[m[K, pFinal.y(), pFinal.z()};
[11.378s]       |                 [01;35m[K~~~~~~~~^~[m[K
[11.378s] [01m[K/root/ros2_ws/src/slam/SuperOdom/super_odometry/src/LidarProcess/LidarSlam.cpp:424:37:[m[K [01;35m[Kwarning: [m[Knarrowing conversion of ‘[01m[K((Eigen::DenseCoeffsBase<Eigen::Matrix<double, 3, 1>, 1>*)(& pFinal))->Eigen::DenseCoeffsBase<Eigen::Matrix<double, 3, 1>, 1>::y()[m[K’ from ‘[01m[KEigen::DenseCoeffsBase<Eigen::Matrix<double, 3, 1>, 1>::Scalar[m[K’ {aka ‘[01m[Kdouble[m[K’} to ‘[01m[Kfloat[m[K’ [[01;35m[K-Wnarrowing[m[K]
[11.378s]   424 |     Point query{pFinal.x(), [01;35m[KpFinal.y()[m[K, pFinal.z()};
[11.378s]       |                             [01;35m[K~~~~~~~~^~[m[K
[11.378s] [01m[K/root/ros2_ws/src/slam/SuperOdom/super_odometry/src/LidarProcess/LidarSlam.cpp:424:49:[m[K [01;35m[Kwarning: [m[Knarrowing conversion of ‘[01m[K((Eigen::DenseCoeffsBase<Eigen::Matrix<double, 3, 1>, 1>*)(& pFinal))->Eigen::DenseCoeffsBase<Eigen::Matrix<double, 3, 1>, 1>::z()[m[K’ from ‘[01m[KEigen::DenseCoeffsBase<Eigen::Matrix<double, 3, 1>, 1>::Scalar[m[K’ {aka ‘[01m[Kdouble[m[K’} to ‘[01m[Kfloat[m[K’ [[01;35m[K-Wnarrowing[m[K]
[11.378s]   424 |     Point query{pFinal.x(), pFinal.y(), [01;35m[KpFinal.z()[m[K};
[11.378s]       |                                         [01;35m[K~~~~~~~~^~[m[K
[11.455s] [01m[K/root/ros2_ws/src/slam/SuperOdom/super_odometry/src/LidarProcess/LidarSlam.cpp:[m[K In member function ‘[01m[Ksuper_odometry::LidarSLAM::OptimizationParameter super_odometry::LidarSLAM::processLineResults(const Vector3d&, const Vector3d&, const Vector3d&, const Matrix3d&, const std::vector<pcl::PointXYZI>&, double)[m[K’:
[11.455s] [01m[K/root/ros2_ws/src/slam/SuperOdom/super_odometry/src/LidarProcess/LidarSlam.cpp:447:58:[m[K [01;35m[Kwarning: [m[Kunused parameter ‘[01m[Keigenvalues[m[K’ [[01;35m[K-Wunused-parameter[m[K]
[11.455s]   447 |                                   [01;35m[Kconst Eigen::Vector3d &eigenvalues[m[K,
[11.455s]       |                                   [01;35m[K~~~~~~~~~~~~~~~~~~~~~~~^~~~~~~~~~~[m[K
[11.455s] [01m[K/root/ros2_ws/src/slam/SuperOdom/super_odometry/src/LidarProcess/LidarSlam.cpp:450:42:[m[K [01;35m[Kwarning: [m[Kunused parameter ‘[01m[Ksquare_max_dist[m[K’ [[01;35m[K-Wunused-parameter[m[K]
[11.455s]   450 |                                   [01;35m[Kdouble square_max_dist[m[K) {
[11.455s]       |                                   [01;35m[K~~~~~~~^~~~~~~~~~~~~~~[m[K
[11.716s] [01m[K/root/ros2_ws/src/slam/SuperOdom/super_odometry/src/LidarProcess/LidarSlam.cpp:[m[K In member function ‘[01m[Ksuper_odometry::LidarSLAM::RegistrationError super_odometry::LidarSLAM::EstimateRegistrationError(ceres::Problem&, double)[m[K’:
[11.716s] [01m[K/root/ros2_ws/src/slam/SuperOdom/super_odometry/src/LidarProcess/LidarSlam.cpp:861:51:[m[K [01;35m[Kwarning: [m[Kunused parameter ‘[01m[Keigen_thresh[m[K’ [[01;35m[K-Wunused-parameter[m[K]
[11.716s]   861 |             ceres::Problem &problem, [01;35m[Kconst double eigen_thresh[m[K) {
[11.716s]       |                                      [01;35m[K~~~~~~~~~~~~~^~~~~~~~~~~~[m[K
[12.250s] In file included from [01m[K/root/ros2_ws/src/slam/SuperOdom/super_odometry/include/super_odometry/ImuPreintegration/imuPreintegration.h:38[m[K,
[12.250s]                  from [01m[K/root/ros2_ws/src/slam/SuperOdom/super_odometry/src/ImuPreintegration/imuPreintegration.cpp:4[m[K:
[12.250s] [01m[K/root/ros2_ws/src/slam/SuperOdom/super_odometry/include/super_odometry/sensor_data/imu/imu_data.h:[m[K In member function ‘[01m[Kvoid Imu::imuInit(MapRingBuffer<std::shared_ptr<Imu> >)[m[K’:
[12.250s] [01m[K/root/ros2_ws/src/slam/SuperOdom/super_odometry/include/super_odometry/sensor_data/imu/imu_data.h:82:34:[m[K [01;35m[Kwarning: [m[Kvariable ‘[01m[Krot_first[m[K’ set but not used [[01;35m[K-Wunused-but-set-variable[m[K]
[12.250s]    82 |         const Eigen::Quaterniond [01;35m[Krot_first[m[K = imuBuf.measMap_.begin()->second->q_w_i;
[12.250s]       |                                  [01;35m[K^~~~~~~~~[m[K
[12.306s] In file included from [01m[K/root/ros2_ws/src/slam/SuperOdom/super_odometry/include/super_odometry/ImuPreintegration/imuPreintegration.h:38[m[K,
[12.306s]                  from [01m[K/root/ros2_ws/src/slam/SuperOdom/super_odometry/src/ImuPreintegration/imuPreintegration.cpp:4[m[K:
[12.306s] [01m[K/root/ros2_ws/src/slam/SuperOdom/super_odometry/include/super_odometry/sensor_data/imu/imu_data.h:101:34:[m[K [01;35m[Kwarning: [m[Kvariable ‘[01m[Krot_cur[m[K’ set but not used [[01;35m[K-Wunused-but-set-variable[m[K]
[12.306s]   101 |         const Eigen::Quaterniond [01;35m[Krot_cur[m[K = itMeas_->second->q_w_i;
[12.306s]       |                                  [01;35m[K^~~~~~~[m[K
[12.493s] [01m[K/root/ros2_ws/src/slam/SuperOdom/super_odometry/src/ImuPreintegration/imuPreintegration.cpp:[m[K In member function ‘[01m[Kbool super_odometry::imuPreintegration::build_graph(gtsam::Pose3, double)[m[K’:
[12.493s] [01m[K/root/ros2_ws/src/slam/SuperOdom/super_odometry/src/ImuPreintegration/imuPreintegration.cpp:289:14:[m[K [01;35m[Kwarning: [m[Kvariable ‘[01m[Kdiff[m[K’ set but not used [[01;35m[K-Wunused-but-set-variable[m[K]
[12.493s]   289 |         auto [01;35m[Kdiff[m[K  = curPose.translation() - propState_.pose().translation();
[12.493s]       |              [01;35m[K^~~~[m[K
[12.493s] [01m[K/root/ros2_ws/src/slam/SuperOdom/super_odometry/src/ImuPreintegration/imuPreintegration.cpp:279:72:[m[K [01;35m[Kwarning: [m[Kunused parameter ‘[01m[KcurLaserodomtimestamp[m[K’ [[01;35m[K-Wunused-parameter[m[K]
[12.493s]   279 |     bool imuPreintegration::build_graph(gtsam::Pose3 lidarPose, [01;35m[Kdouble curLaserodomtimestamp[m[K) {
[12.493s]       |                                                                 [01;35m[K~~~~~~~^~~~~~~~~~~~~~~~~~~~~[m[K
[29.833s] [01m[K/root/ros2_ws/src/slam/SuperOdom/super_odometry/src/FeatureExtraction/featureExtraction.cpp:[m[K In member function ‘[01m[Kvoid super_odometry::featureExtraction::undistortionAndFeatureExtraction()[m[K’:
[29.833s] [01m[K/root/ros2_ws/src/slam/SuperOdom/super_odometry/src/FeatureExtraction/featureExtraction.cpp:495:28:[m[K [01;35m[Kwarning: [m[K‘[01m[Klidar_start_time[m[K’ may be used uninitialized in this function [[01;35m[K-Wmaybe-uninitialized[m[K]
[29.834s]   495 |             [01;35m[KextractFeatures(lidar_start_time, lidar_msg, default_quaternion)[m[K;
[29.834s]       |             [01;35m[K~~~~~~~~~~~~~~~^~~~~~~~~~~~~~~~~~~~~~~~~~~~~~~~~~~~~~~~~~~~~~~~~[m[K
[37.526s] [ 64%] [32m[1mLinking CXX shared library libSuperOdomLib.so[0m
[39.090s] [ 64%] Built target SuperOdomLib
[39.106s] [ 70%] [32mBuilding CXX object CMakeFiles/feature_extraction_node.dir/src/featureExtraction_node.cpp.o[0m
[39.106s] [ 76%] [32mBuilding CXX object CMakeFiles/laser_mapping_node.dir/src/laserMapping_node.cpp.o[0m
[39.106s] [ 82%] [32mBuilding CXX object CMakeFiles/imu_preintegration_node.dir/src/imuPreintegration_node.cpp.o[0m
[43.024s] In file included from [01m[K/root/ros2_ws/src/slam/SuperOdom/super_odometry/include/super_odometry/FeatureExtraction/featureExtraction.h:27[m[K,
[43.024s]                  from [01m[K/root/ros2_ws/src/slam/SuperOdom/super_odometry/src/featureExtraction_node.cpp:5[m[K:
[43.024s] [01m[K/root/ros2_ws/src/slam/SuperOdom/super_odometry/include/super_odometry/sensor_data/imu/imu_data.h:[m[K In member function ‘[01m[Kvoid Imu::imuInit(MapRingBuffer<std::shared_ptr<Imu> >)[m[K’:
[43.024s] [01m[K/root/ros2_ws/src/slam/SuperOdom/super_odometry/include/super_odometry/sensor_data/imu/imu_data.h:82:34:[m[K [01;35m[Kwarning: [m[Kvariable ‘[01m[Krot_first[m[K’ set but not used [[01;35m[K-Wunused-but-set-variable[m[K]
[43.024s]    82 |         const Eigen::Quaterniond [01;35m[Krot_first[m[K = imuBuf.measMap_.begin()->second->q_w_i;
[43.024s]       |                                  [01;35m[K^~~~~~~~~[m[K
[43.073s] In file included from [01m[K/root/ros2_ws/src/slam/SuperOdom/super_odometry/include/super_odometry/FeatureExtraction/featureExtraction.h:27[m[K,
[43.073s]                  from [01m[K/root/ros2_ws/src/slam/SuperOdom/super_odometry/src/featureExtraction_node.cpp:5[m[K:
[43.073s] [01m[K/root/ros2_ws/src/slam/SuperOdom/super_odometry/include/super_odometry/sensor_data/imu/imu_data.h:101:34:[m[K [01;35m[Kwarning: [m[Kvariable ‘[01m[Krot_cur[m[K’ set but not used [[01;35m[K-Wunused-but-set-variable[m[K]
[43.073s]   101 |         const Eigen::Quaterniond [01;35m[Krot_cur[m[K = itMeas_->second->q_w_i;
[43.073s]       |                                  [01;35m[K^~~~~~~[m[K
[43.190s] In file included from [01m[K/root/ros2_ws/src/slam/SuperOdom/super_odometry/include/super_odometry/LidarProcess/LocalMap.h:31[m[K,
[43.190s]                  from [01m[K/root/ros2_ws/src/slam/SuperOdom/super_odometry/include/super_odometry/LidarProcess/LidarSlam.h:17[m[K,
[43.190s]                  from [01m[K/root/ros2_ws/src/slam/SuperOdom/super_odometry/include/super_odometry/LaserMapping/laserMapping.h:34[m[K,
[43.190s]                  from [01m[K/root/ros2_ws/src/slam/SuperOdom/super_odometry/src/laserMapping_node.cpp:5[m[K:
[43.190s] [01m[K/root/ros2_ws/src/slam/SuperOdom/super_odometry/include/super_odometry/flann/nanoflann.h:[m[K In member function ‘[01m[Ksize_t nanoflann::KDTreeSingIndexAaptor<Distance, DatasetAdapter, DIM, IndexType>::knnSearch(const ElementType*, size_t, IndexType*, nanoflann::KDTreeSingIndexAaptor<Distance, DatasetAdapter, DIM, IndexType>::DistanceType*, int) const[m[K’:
[43.190s] [01m[K/root/ros2_ws/src/slam/SuperOdom/super_odometry/include/super_odometry/flann/nanoflann.h:871:3:[m[K [01;35m[Kwarning: [m[Kno return statement in function returning non-void [[01;35m[K-Wreturn-type[m[K]
[43.190s]   871 |   [01;35m[K}[m[K
[43.190s]       |   [01;35m[K^[m[K
[43.345s] In file included from [01m[K/root/ros2_ws/src/slam/SuperOdom/super_odometry/include/super_odometry/LidarProcess/factor/pose_local_parameterization.h:11[m[K,
[43.345s]                  from [01m[K/root/ros2_ws/src/slam/SuperOdom/super_odometry/include/super_odometry/LidarProcess/LidarSlam.h:30[m[K,
[43.345s]                  from [01m[K/root/ros2_ws/src/slam/SuperOdom/super_odometry/include/super_odometry/LaserMapping/laserMapping.h:34[m[K,
[43.345s]                  from [01m[K/root/ros2_ws/src/slam/SuperOdom/super_odometry/src/laserMapping_node.cpp:5[m[K:
[43.345s] [01m[K/root/ros2_ws/src/slam/SuperOdom/super_odometry/include/super_odometry/LidarProcess/factor/../../utils/utility.h:[m[K At global scope:
[43.345s] [01m[K/root/ros2_ws/src/slam/SuperOdom/super_odometry/include/super_odometry/LidarProcess/factor/../../utils/utility.h:137:6:[m[K [01;35m[Kwarning: [m[Kextra ‘[01m[K;[m[K’ [[01;35m[K-Wpedantic[m[K]
[43.345s]   137 |     }[01;35m[K;[m[K
[43.345s]       |      [01;35m[K^[m[K
[43.345s]       |      [31m[K-[m[K
[44.710s] In file included from [01m[K/root/ros2_ws/src/slam/SuperOdom/super_odometry/include/super_odometry/LaserMapping/laserMapping.h:34[m[K,
[44.710s]                  from [01m[K/root/ros2_ws/src/slam/SuperOdom/super_odometry/src/laserMapping_node.cpp:5[m[K:
[44.710s] [01m[K/root/ros2_ws/src/slam/SuperOdom/super_odometry/include/super_odometry/LidarProcess/LidarSlam.h:208:80:[m[K [01;35m[Kwarning: [m[Kextra ‘[01m[K;[m[K’ [[01;35m[K-Wpedantic[m[K]
[44.710s]   208 |         rclcpp::Publisher<std_msgs::msg::Float32>::SharedPtr pubUncertaintyYaw;[01;35m[K;[m[K
[44.710s]       |                                                                                [01;35m[K^[m[K
[44.710s]       |                                                                                [31m[K-[m[K
[45.750s] In file included from [01m[K/root/ros2_ws/src/slam/SuperOdom/super_odometry/include/super_odometry/ImuPreintegration/imuPreintegration.h:38[m[K,
[45.750s]                  from [01m[K/root/ros2_ws/src/slam/SuperOdom/super_odometry/src/imuPreintegration_node.cpp:5[m[K:
[45.750s] [01m[K/root/ros2_ws/src/slam/SuperOdom/super_odometry/include/super_odometry/sensor_data/imu/imu_data.h:[m[K In member function ‘[01m[Kvoid Imu::imuInit(MapRingBuffer<std::shared_ptr<Imu> >)[m[K’:
[45.750s] [01m[K/root/ros2_ws/src/slam/SuperOdom/super_odometry/include/super_odometry/sensor_data/imu/imu_data.h:82:34:[m[K [01;35m[Kwarning: [m[Kvariable ‘[01m[Krot_first[m[K’ set but not used [[01;35m[K-Wunused-but-set-variable[m[K]
[45.750s]    82 |         const Eigen::Quaterniond [01;35m[Krot_first[m[K = imuBuf.measMap_.begin()->second->q_w_i;
[45.750s]       |                                  [01;35m[K^~~~~~~~~[m[K
[45.796s] In file included from [01m[K/root/ros2_ws/src/slam/SuperOdom/super_odometry/include/super_odometry/ImuPreintegration/imuPreintegration.h:38[m[K,
[45.796s]                  from [01m[K/root/ros2_ws/src/slam/SuperOdom/super_odometry/src/imuPreintegration_node.cpp:5[m[K:
[45.796s] [01m[K/root/ros2_ws/src/slam/SuperOdom/super_odometry/include/super_odometry/sensor_data/imu/imu_data.h:101:34:[m[K [01;35m[Kwarning: [m[Kvariable ‘[01m[Krot_cur[m[K’ set but not used [[01;35m[K-Wunused-but-set-variable[m[K]
[45.796s]   101 |         const Eigen::Quaterniond [01;35m[Krot_cur[m[K = itMeas_->second->q_w_i;
[45.796s]       |                                  [01;35m[K^~~~~~~[m[K
[46.139s] [ 88%] [32m[1mLinking CXX executable feature_extraction_node[0m
[46.553s] [ 88%] Built target feature_extraction_node
[48.120s] [ 94%] [32m[1mLinking CXX executable laser_mapping_node[0m
[48.501s] [ 94%] Built target laser_mapping_node
[51.727s] [100%] [32m[1mLinking CXX executable imu_preintegration_node[0m
[52.258s] [100%] Built target imu_preintegration_node
[52.269s] Invoked command in '/root/ros2_ws/src/slam/SuperOdom/super_odometry/build/super_odometry' returned '0': CMAKE_PREFIX_PATH=${CMAKE_PREFIX_PATH}:/root/ros2_ws/install/transform_sensors:/root/ros2_ws/install/ros_tcp_endpoint:/opt/ros/humble /usr/bin/cmake --build /root/ros2_ws/src/slam/SuperOdom/super_odometry/build/super_odometry -- -j24 -l24
[52.274s] Invoking command in '/root/ros2_ws/src/slam/SuperOdom/super_odometry/build/super_odometry': CMAKE_PREFIX_PATH=${CMAKE_PREFIX_PATH}:/root/ros2_ws/install/transform_sensors:/root/ros2_ws/install/ros_tcp_endpoint:/opt/ros/humble /usr/bin/cmake --install /root/ros2_ws/src/slam/SuperOdom/super_odometry/build/super_odometry
[52.277s] -- Install configuration: "Release"
[52.277s] -- Installing: /root/ros2_ws/src/slam/SuperOdom/super_odometry/install/super_odometry/share/super_odometry/environment/library_path.sh
[52.278s] -- Installing: /root/ros2_ws/src/slam/SuperOdom/super_odometry/install/super_odometry/share/super_odometry/environment/library_path.dsv
[52.278s] -- Installing: /root/ros2_ws/src/slam/SuperOdom/super_odometry/install/super_odometry/include
[52.278s] -- Installing: /root/ros2_ws/src/slam/SuperOdom/super_odometry/install/super_odometry/include/super_odometry
[52.278s] -- Installing: /root/ros2_ws/src/slam/SuperOdom/super_odometry/install/super_odometry/include/super_odometry/ImuPreintegration
[52.278s] -- Installing: /root/ros2_ws/src/slam/SuperOdom/super_odometry/install/super_odometry/include/super_odometry/ImuPreintegration/imuPreintegration.h
[52.278s] -- Installing: /root/ros2_ws/src/slam/SuperOdom/super_odometry/install/super_odometry/include/super_odometry/container
[52.278s] -- Installing: /root/ros2_ws/src/slam/SuperOdom/super_odometry/install/super_odometry/include/super_odometry/container/MapRingBuffer.h
[52.279s] -- Installing: /root/ros2_ws/src/slam/SuperOdom/super_odometry/install/super_odometry/include/super_odometry/sensor_data
[52.279s] -- Installing: /root/ros2_ws/src/slam/SuperOdom/super_odometry/install/super_odometry/include/super_odometry/sensor_data/imu
[52.279s] -- Installing: /root/ros2_ws/src/slam/SuperOdom/super_odometry/install/super_odometry/include/super_odometry/sensor_data/imu/imu_data.h
[52.279s] -- Installing: /root/ros2_ws/src/slam/SuperOdom/super_odometry/install/super_odometry/include/super_odometry/sensor_data/pointcloud
[52.279s] -- Installing: /root/ros2_ws/src/slam/SuperOdom/super_odometry/install/super_odometry/include/super_odometry/sensor_data/pointcloud/point_os.h
[52.279s] -- Installing: /root/ros2_ws/src/slam/SuperOdom/super_odometry/install/super_odometry/include/super_odometry/sensor_data/pointcloud/LidarPoint.h
[52.279s] -- Installing: /root/ros2_ws/src/slam/SuperOdom/super_odometry/install/super_odometry/include/super_odometry/tic_toc.h
[52.279s] -- Installing: /root/ros2_ws/src/slam/SuperOdom/super_odometry/install/super_odometry/include/super_odometry/LidarProcess
[52.279s] -- Installing: /root/ros2_ws/src/slam/SuperOdom/super_odometry/install/super_odometry/include/super_odometry/LidarProcess/factor
[52.279s] -- Installing: /root/ros2_ws/src/slam/SuperOdom/super_odometry/install/super_odometry/include/super_odometry/LidarProcess/factor/pose_local_parameterization.h
[52.279s] -- Installing: /root/ros2_ws/src/slam/SuperOdom/super_odometry/install/super_odometry/include/super_odometry/LidarProcess/factor/SE3AbsolutatePoseFactor.h
[52.279s] -- Installing: /root/ros2_ws/src/slam/SuperOdom/super_odometry/install/super_odometry/include/super_odometry/LidarProcess/factor/lidarOptimization.h
[52.279s] -- Installing: /root/ros2_ws/src/slam/SuperOdom/super_odometry/install/super_odometry/include/super_odometry/LidarProcess/LidarSlam.h
[52.279s] -- Installing: /root/ros2_ws/src/slam/SuperOdom/super_odometry/install/super_odometry/include/super_odometry/LidarProcess/LocalMap.h
[52.279s] -- Installing: /root/ros2_ws/src/slam/SuperOdom/super_odometry/install/super_odometry/include/super_odometry/utils
[52.279s] -- Installing: /root/ros2_ws/src/slam/SuperOdom/super_odometry/install/super_odometry/include/super_odometry/utils/EigenTypes.h
[52.279s] -- Installing: /root/ros2_ws/src/slam/SuperOdom/super_odometry/install/super_odometry/include/super_odometry/utils/Twist.h
[52.279s] -- Installing: /root/ros2_ws/src/slam/SuperOdom/super_odometry/install/super_odometry/include/super_odometry/utils/superodom_utils.h
[52.279s] -- Installing: /root/ros2_ws/src/slam/SuperOdom/super_odometry/install/super_odometry/include/super_odometry/utils/sophus_utils.hpp
[52.279s] -- Installing: /root/ros2_ws/src/slam/SuperOdom/super_odometry/install/super_odometry/include/super_odometry/utils/utility.h
[52.279s] -- Installing: /root/ros2_ws/src/slam/SuperOdom/super_odometry/install/super_odometry/include/super_odometry/LaserMapping
[52.279s] -- Installing: /root/ros2_ws/src/slam/SuperOdom/super_odometry/install/super_odometry/include/super_odometry/LaserMapping/laserMapping.h
[52.279s] -- Installing: /root/ros2_ws/src/slam/SuperOdom/super_odometry/install/super_odometry/include/super_odometry/FeatureExtraction
[52.279s] -- Installing: /root/ros2_ws/src/slam/SuperOdom/super_odometry/install/super_odometry/include/super_odometry/FeatureExtraction/featureExtraction.h
[52.279s] -- Installing: /root/ros2_ws/src/slam/SuperOdom/super_odometry/install/super_odometry/include/super_odometry/config
[52.279s] -- Installing: /root/ros2_ws/src/slam/SuperOdom/super_odometry/install/super_odometry/include/super_odometry/config/parameter.h
[52.279s] -- Installing: /root/ros2_ws/src/slam/SuperOdom/super_odometry/install/super_odometry/include/super_odometry/flann
[52.279s] -- Installing: /root/ros2_ws/src/slam/SuperOdom/super_odometry/install/super_odometry/include/super_odometry/flann/nanoflann.h
[52.279s] -- Installing: /root/ros2_ws/src/slam/SuperOdom/super_odometry/install/super_odometry/include/super_odometry/flann/octree.h
[52.279s] -- Installing: /root/ros2_ws/src/slam/SuperOdom/super_odometry/install/super_odometry/include/super_odometry/LocalMap.h
[52.279s] -- Installing: /root/ros2_ws/src/slam/SuperOdom/super_odometry/install/super_odometry/include/utility.h
[52.279s] -- Installing: /root/ros2_ws/src/slam/SuperOdom/super_odometry/install/super_odometry/lib/libSuperOdomLib.so
[52.372s] -- Set runtime path of "/root/ros2_ws/src/slam/SuperOdom/super_odometry/install/super_odometry/lib/libSuperOdomLib.so" to ""
[52.372s] -- Installing: /root/ros2_ws/src/slam/SuperOdom/super_odometry/install/super_odometry/lib/super_odometry/imu_preintegration_node
[52.385s] -- Set runtime path of "/root/ros2_ws/src/slam/SuperOdom/super_odometry/install/super_odometry/lib/super_odometry/imu_preintegration_node" to ""
[52.385s] -- Installing: /root/ros2_ws/src/slam/SuperOdom/super_odometry/install/super_odometry/lib/super_odometry/feature_extraction_node
[52.389s] -- Set runtime path of "/root/ros2_ws/src/slam/SuperOdom/super_odometry/install/super_odometry/lib/super_odometry/feature_extraction_node" to ""
[52.389s] -- Installing: /root/ros2_ws/src/slam/SuperOdom/super_odometry/install/super_odometry/lib/super_odometry/laser_mapping_node
[52.397s] -- Set runtime path of "/root/ros2_ws/src/slam/SuperOdom/super_odometry/install/super_odometry/lib/super_odometry/laser_mapping_node" to ""
[52.398s] -- Installing: /root/ros2_ws/src/slam/SuperOdom/super_odometry/install/super_odometry/share/super_odometry//config
[52.398s] -- Installing: /root/ros2_ws/src/slam/SuperOdom/super_odometry/install/super_odometry/share/super_odometry//config/ouster
[52.398s] -- Installing: /root/ros2_ws/src/slam/SuperOdom/super_odometry/install/super_odometry/share/super_odometry//config/ouster/os1_128_calibration.yaml
[52.398s] -- Installing: /root/ros2_ws/src/slam/SuperOdom/super_odometry/install/super_odometry/share/super_odometry//config/livox
[52.398s] -- Installing: /root/ros2_ws/src/slam/SuperOdom/super_odometry/install/super_odometry/share/super_odometry//config/livox/livox_mid360_calibration.yaml
[52.398s] -- Installing: /root/ros2_ws/src/slam/SuperOdom/super_odometry/install/super_odometry/share/super_odometry//config/os1_128.yaml
[52.398s] -- Installing: /root/ros2_ws/src/slam/SuperOdom/super_odometry/install/super_odometry/share/super_odometry//config/vlp_16.yaml
[52.398s] -- Installing: /root/ros2_ws/src/slam/SuperOdom/super_odometry/install/super_odometry/share/super_odometry//config/velodyne
[52.399s] -- Installing: /root/ros2_ws/src/slam/SuperOdom/super_odometry/install/super_odometry/share/super_odometry//config/velodyne/vlp_16_calibration.yaml
[52.399s] -- Installing: /root/ros2_ws/src/slam/SuperOdom/super_odometry/install/super_odometry/share/super_odometry//config/livox_mid360.yaml
[52.399s] -- Installing: /root/ros2_ws/src/slam/SuperOdom/super_odometry/install/super_odometry/share/super_odometry//launch
[52.399s] -- Installing: /root/ros2_ws/src/slam/SuperOdom/super_odometry/install/super_odometry/share/super_odometry//launch/livox_mid360.launch.py
[52.399s] -- Installing: /root/ros2_ws/src/slam/SuperOdom/super_odometry/install/super_odometry/share/super_odometry//launch/superodom_autonomy_sim.launch.py
[52.399s] -- Installing: /root/ros2_ws/src/slam/SuperOdom/super_odometry/install/super_odometry/share/super_odometry//launch/os1_128.launch.py
[52.399s] -- Installing: /root/ros2_ws/src/slam/SuperOdom/super_odometry/install/super_odometry/share/super_odometry//launch/vlp_16.launch.py
[52.399s] -- Installing: /root/ros2_ws/src/slam/SuperOdom/super_odometry/install/super_odometry/share/super_odometry//launch/superodom_autonomy.launch.py
[52.399s] -- Installing: /root/ros2_ws/src/slam/SuperOdom/super_odometry/install/super_odometry/share/ament_index/resource_index/package_run_dependencies/super_odometry
[52.399s] -- Installing: /root/ros2_ws/src/slam/SuperOdom/super_odometry/install/super_odometry/share/ament_index/resource_index/parent_prefix_path/super_odometry
[52.399s] -- Installing: /root/ros2_ws/src/slam/SuperOdom/super_odometry/install/super_odometry/share/super_odometry/environment/ament_prefix_path.sh
[52.399s] -- Installing: /root/ros2_ws/src/slam/SuperOdom/super_odometry/install/super_odometry/share/super_odometry/environment/ament_prefix_path.dsv
[52.399s] -- Installing: /root/ros2_ws/src/slam/SuperOdom/super_odometry/install/super_odometry/share/super_odometry/environment/path.sh
[52.399s] -- Installing: /root/ros2_ws/src/slam/SuperOdom/super_odometry/install/super_odometry/share/super_odometry/environment/path.dsv
[52.399s] -- Installing: /root/ros2_ws/src/slam/SuperOdom/super_odometry/install/super_odometry/share/super_odometry/local_setup.bash
[52.399s] -- Installing: /root/ros2_ws/src/slam/SuperOdom/super_odometry/install/super_odometry/share/super_odometry/local_setup.sh
[52.399s] -- Installing: /root/ros2_ws/src/slam/SuperOdom/super_odometry/install/super_odometry/share/super_odometry/local_setup.zsh
[52.399s] -- Installing: /root/ros2_ws/src/slam/SuperOdom/super_odometry/install/super_odometry/share/super_odometry/local_setup.dsv
[52.399s] -- Installing: /root/ros2_ws/src/slam/SuperOdom/super_odometry/install/super_odometry/share/super_odometry/package.dsv
[52.399s] -- Installing: /root/ros2_ws/src/slam/SuperOdom/super_odometry/install/super_odometry/share/ament_index/resource_index/packages/super_odometry
[52.399s] -- Installing: /root/ros2_ws/src/slam/SuperOdom/super_odometry/install/super_odometry/share/super_odometry/cmake/export_super_odometryExport.cmake
[52.399s] -- Installing: /root/ros2_ws/src/slam/SuperOdom/super_odometry/install/super_odometry/share/super_odometry/cmake/export_super_odometryExport-release.cmake
[52.399s] -- Installing: /root/ros2_ws/src/slam/SuperOdom/super_odometry/install/super_odometry/share/super_odometry/cmake/ament_cmake_export_targets-extras.cmake
[52.399s] -- Installing: /root/ros2_ws/src/slam/SuperOdom/super_odometry/install/super_odometry/share/super_odometry/cmake/ament_cmake_export_include_directories-extras.cmake
[52.399s] -- Installing: /root/ros2_ws/src/slam/SuperOdom/super_odometry/install/super_odometry/share/super_odometry/cmake/ament_cmake_export_libraries-extras.cmake
[52.400s] -- Installing: /root/ros2_ws/src/slam/SuperOdom/super_odometry/install/super_odometry/share/super_odometry/cmake/super_odometryConfig.cmake
[52.400s] -- Installing: /root/ros2_ws/src/slam/SuperOdom/super_odometry/install/super_odometry/share/super_odometry/cmake/super_odometryConfig-version.cmake
[52.400s] -- Installing: /root/ros2_ws/src/slam/SuperOdom/super_odometry/install/super_odometry/share/super_odometry/package.xml
[52.400s] Invoked command in '/root/ros2_ws/src/slam/SuperOdom/super_odometry/build/super_odometry' returned '0': CMAKE_PREFIX_PATH=${CMAKE_PREFIX_PATH}:/root/ros2_ws/install/transform_sensors:/root/ros2_ws/install/ros_tcp_endpoint:/opt/ros/humble /usr/bin/cmake --install /root/ros2_ws/src/slam/SuperOdom/super_odometry/build/super_odometry
