[0.459s] Invoking command in '/root/ros2_ws/src/build/goalpoint_rviz_plugin': CMAKE_PREFIX_PATH=${CMAKE_PREFIX_PATH}:/root/ros2_ws/src/install/transform_sensors:/root/ros2_ws/src/install/ros_tcp_endpoint:/opt/ros/humble /usr/bin/cmake /root/ros2_ws/src/utilities/goalpoint_rviz_plugin -DCMAKE_INSTALL_PREFIX=/root/ros2_ws/src/install/goalpoint_rviz_plugin
[0.505s] -- Found ament_cmake: 1.3.12 (/opt/ros/humble/share/ament_cmake/cmake)
[0.684s] -- Found pluginlib: 5.1.3 (/opt/ros/humble/share/pluginlib/cmake)
[0.745s] -- Found rclcpp: 16.0.17 (/opt/ros/humble/share/rclcpp/cmake)
[0.765s] -- Found rosidl_generator_c: 3.1.8 (/opt/ros/humble/share/rosidl_generator_c/cmake)
[0.767s] -- Found rosidl_adapter: 3.1.8 (/opt/ros/humble/share/rosidl_adapter/cmake)
[0.774s] -- Found rosidl_generator_cpp: 3.1.8 (/opt/ros/humble/share/rosidl_generator_cpp/cmake)
[0.784s] -- Using all available rosidl_typesupport_c: rosidl_typesupport_fastrtps_c;rosidl_typesupport_introspection_c
[0.795s] -- Using all available rosidl_typesupport_cpp: rosidl_typesupport_fastrtps_cpp;rosidl_typesupport_introspection_cpp
[0.828s] -- Found rmw_implementation_cmake: 6.1.2 (/opt/ros/humble/share/rmw_implementation_cmake/cmake)
[0.831s] -- Found rmw_fastrtps_cpp: 6.2.9 (/opt/ros/humble/share/rmw_fastrtps_cpp/cmake)
[0.850s] -- Found TinyXML2 via Config file: TinyXML2_DIR-NOTFOUND
[0.860s] -- Found TinyXML2 via Config file: TinyXML2_DIR-NOTFOUND
[0.896s] -- Found TinyXML2 via Config file: TinyXML2_DIR-NOTFOUND
[0.916s] -- Found TinyXML2 via Config file: TinyXML2_DIR-NOTFOUND
[0.928s] -- Using RMW implementation 'rmw_fastrtps_cpp' as default
[0.988s] -- Found rviz2: 11.2.25 (/opt/ros/humble/share/rviz2/cmake)
[0.988s] -- Found rviz_common: 11.2.25 (/opt/ros/humble/share/rviz_common/cmake)
[0.993s] -- Setting assimp_DIR to: '/opt/ros/humble/share/rviz_assimp_vendor/cmake/../../../opt/rviz_assimp_vendor/lib/cmake/assimp-4.1'
[1.005s] -- Setting OGRE_DIR to: '/opt/ros/humble/share/rviz_ogre_vendor/cmake/../../../opt/rviz_ogre_vendor/lib/OGRE/cmake'
[1.007s] -- Found OGRE
[1.007s] --   static     : OFF
[1.007s] --   components : HLMS;MeshLodGenerator;Overlay;Paging;Property;RTShaderSystem;Terrain;Volume
[1.007s] --   plugins    : Plugin_BSPSceneManager;Plugin_OctreeSceneManager;Plugin_PCZSceneManager;Plugin_ParticleFX;RenderSystem_GL;RenderSystem_GL3Plus;Codec_STBI
[1.007s] --   media      : /opt/ros/humble/opt/rviz_ogre_vendor/share/OGRE/Media
[1.007s] -- OGRE_LIBRARIES: OgreHLMS;OgreMeshLodGenerator;OgreOverlay;OgrePaging;OgreProperty;OgreRTShaderSystem;OgreTerrain;OgreVolume;OgreMain
[1.007s] -- OGRE_LIBRARY_DIRS: /opt/ros/humble/opt/rviz_ogre_vendor/lib
[1.007s] -- OGRE_PLUGINS: Plugin_BSPSceneManager;Plugin_OctreeSceneManager;Plugin_PCZSceneManager;Plugin_ParticleFX;RenderSystem_GL;RenderSystem_GL3Plus;Codec_STBI
[1.007s] -- OGRE_PLUGIN_DIR: /opt/ros/humble/opt/rviz_ogre_vendor/lib/OGRE
[1.007s] -- rviz_ogre_vendor::OgreOverlay for IMPORTED_LOCATION_RELEASE: /opt/ros/humble/opt/rviz_ogre_vendor/lib/libOgreOverlay.so
[1.007s] -- rviz_ogre_vendor::OgreOverlay for IMPORTED_LOCATION_DEBUG: /opt/ros/humble/opt/rviz_ogre_vendor/lib/libOgreOverlay.so
[1.007s] -- rviz_ogre_vendor::OgreMain for IMPORTED_LOCATION_RELEASE: /opt/ros/humble/opt/rviz_ogre_vendor/lib/libOgreMain.so
[1.007s] -- rviz_ogre_vendor::OgreMain for IMPORTED_LOCATION_DEBUG: /opt/ros/humble/opt/rviz_ogre_vendor/lib/libOgreMain.so
[1.007s] -- Could not find freeimage library
[1.114s] -- library: /usr/lib/x86_64-linux-gnu/libcurl.so
[1.165s] -- Ensuring Eigen3 include directory is part of orocos-kdl CMake target
[1.254s] -- Found rviz_default_plugins: 11.2.25 (/opt/ros/humble/share/rviz_default_plugins/cmake)
[1.346s] -- Found ament_lint_auto: 0.12.14 (/opt/ros/humble/share/ament_lint_auto/cmake)
[1.427s] -- Added test 'copyright' to check source files copyright and LICENSE
[1.427s] -- Added test 'cppcheck' to perform static code analysis on C / C++ code
[1.428s] -- Configured cppcheck include dirs: /root/ros2_ws/src/utilities/goalpoint_rviz_plugin/include
[1.428s] -- Configured cppcheck exclude dirs and/or files: 
[1.428s] -- Added test 'cpplint' to check C / C++ code against the Google style
[1.428s] -- Configured cpplint exclude dirs and/or files: 
[1.429s] -- Added test 'lint_cmake' to check CMake code style
[1.429s] -- Added test 'uncrustify' to check C / C++ code style
[1.430s] -- Configured uncrustify additional arguments: 
[1.430s] -- Added test 'xmllint' to check XML markup files
[1.431s] -- Configuring done
[1.484s] -- Generating done
[1.487s] -- Build files have been written to: /root/ros2_ws/src/build/goalpoint_rviz_plugin
[1.510s] Invoked command in '/root/ros2_ws/src/build/goalpoint_rviz_plugin' returned '0': CMAKE_PREFIX_PATH=${CMAKE_PREFIX_PATH}:/root/ros2_ws/src/install/transform_sensors:/root/ros2_ws/src/install/ros_tcp_endpoint:/opt/ros/humble /usr/bin/cmake /root/ros2_ws/src/utilities/goalpoint_rviz_plugin -DCMAKE_INSTALL_PREFIX=/root/ros2_ws/src/install/goalpoint_rviz_plugin
[1.510s] Invoking command in '/root/ros2_ws/src/build/goalpoint_rviz_plugin': CMAKE_PREFIX_PATH=${CMAKE_PREFIX_PATH}:/root/ros2_ws/src/install/transform_sensors:/root/ros2_ws/src/install/ros_tcp_endpoint:/opt/ros/humble /usr/bin/cmake --build /root/ros2_ws/src/build/goalpoint_rviz_plugin -- -j24 -l24
[1.669s] [ 16%] [34m[1mAutomatic MOC for target goalpoint_rviz_plugin[0m
[1.676s] [ 16%] Built target goalpoint_rviz_plugin_autogen
[1.713s] [35m[1mConsolidate compiler generated dependencies of target goalpoint_rviz_plugin[0m
[1.746s] [100%] Built target goalpoint_rviz_plugin
[1.769s] Invoked command in '/root/ros2_ws/src/build/goalpoint_rviz_plugin' returned '0': CMAKE_PREFIX_PATH=${CMAKE_PREFIX_PATH}:/root/ros2_ws/src/install/transform_sensors:/root/ros2_ws/src/install/ros_tcp_endpoint:/opt/ros/humble /usr/bin/cmake --build /root/ros2_ws/src/build/goalpoint_rviz_plugin -- -j24 -l24
[1.774s] Invoking command in '/root/ros2_ws/src/build/goalpoint_rviz_plugin': CMAKE_PREFIX_PATH=${CMAKE_PREFIX_PATH}:/root/ros2_ws/src/install/transform_sensors:/root/ros2_ws/src/install/ros_tcp_endpoint:/opt/ros/humble /usr/bin/cmake --install /root/ros2_ws/src/build/goalpoint_rviz_plugin
[1.938s] -- Install configuration: ""
[1.939s] -- Up-to-date: /root/ros2_ws/src/install/goalpoint_rviz_plugin/share/goalpoint_rviz_plugin/plugin_description.xml
[1.939s] -- Up-to-date: /root/ros2_ws/src/install/goalpoint_rviz_plugin/lib/goalpoint_rviz_plugin/libgoalpoint_rviz_plugin.so
[1.939s] -- Up-to-date: /root/ros2_ws/src/install/goalpoint_rviz_plugin/share/ament_index/resource_index/package_run_dependencies/goalpoint_rviz_plugin
[1.939s] -- Installing: /root/ros2_ws/src/install/goalpoint_rviz_plugin/share/ament_index/resource_index/parent_prefix_path/goalpoint_rviz_plugin
[1.939s] -- Up-to-date: /root/ros2_ws/src/install/goalpoint_rviz_plugin/share/goalpoint_rviz_plugin/environment/ament_prefix_path.sh
[1.939s] -- Installing: /root/ros2_ws/src/install/goalpoint_rviz_plugin/share/goalpoint_rviz_plugin/environment/ament_prefix_path.dsv
[1.939s] -- Up-to-date: /root/ros2_ws/src/install/goalpoint_rviz_plugin/share/goalpoint_rviz_plugin/environment/path.sh
[1.939s] -- Installing: /root/ros2_ws/src/install/goalpoint_rviz_plugin/share/goalpoint_rviz_plugin/environment/path.dsv
[1.939s] -- Up-to-date: /root/ros2_ws/src/install/goalpoint_rviz_plugin/share/goalpoint_rviz_plugin/local_setup.bash
[1.939s] -- Up-to-date: /root/ros2_ws/src/install/goalpoint_rviz_plugin/share/goalpoint_rviz_plugin/local_setup.sh
[1.939s] -- Up-to-date: /root/ros2_ws/src/install/goalpoint_rviz_plugin/share/goalpoint_rviz_plugin/local_setup.zsh
[1.939s] -- Installing: /root/ros2_ws/src/install/goalpoint_rviz_plugin/share/goalpoint_rviz_plugin/local_setup.dsv
[1.939s] -- Installing: /root/ros2_ws/src/install/goalpoint_rviz_plugin/share/goalpoint_rviz_plugin/package.dsv
[1.939s] -- Up-to-date: /root/ros2_ws/src/install/goalpoint_rviz_plugin/share/ament_index/resource_index/packages/goalpoint_rviz_plugin
[1.939s] -- Up-to-date: /root/ros2_ws/src/install/goalpoint_rviz_plugin/share/ament_index/resource_index/rviz_common__pluginlib__plugin/goalpoint_rviz_plugin
[1.939s] -- Up-to-date: /root/ros2_ws/src/install/goalpoint_rviz_plugin/share/goalpoint_rviz_plugin/cmake/ament_cmake_export_dependencies-extras.cmake
[1.943s] -- Up-to-date: /root/ros2_ws/src/install/goalpoint_rviz_plugin/share/goalpoint_rviz_plugin/cmake/goalpoint_rviz_pluginConfig.cmake
[1.943s] -- Up-to-date: /root/ros2_ws/src/install/goalpoint_rviz_plugin/share/goalpoint_rviz_plugin/cmake/goalpoint_rviz_pluginConfig-version.cmake
[1.943s] -- Up-to-date: /root/ros2_ws/src/install/goalpoint_rviz_plugin/share/goalpoint_rviz_plugin/package.xml
[1.962s] Invoked command in '/root/ros2_ws/src/build/goalpoint_rviz_plugin' returned '0': CMAKE_PREFIX_PATH=${CMAKE_PREFIX_PATH}:/root/ros2_ws/src/install/transform_sensors:/root/ros2_ws/src/install/ros_tcp_endpoint:/opt/ros/humble /usr/bin/cmake --install /root/ros2_ws/src/build/goalpoint_rviz_plugin
