-- Found ament_cmake: 1.3.12 (/opt/ros/humble/share/ament_cmake/cmake)
-- Found geometry_msgs: 4.9.0 (/opt/ros/humble/share/geometry_msgs/cmake)
-- Found rosidl_generator_c: 3.1.8 (/opt/ros/humble/share/rosidl_generator_c/cmake)
-- Found rosidl_adapter: 3.1.8 (/opt/ros/humble/share/rosidl_adapter/cmake)
-- Found rosidl_generator_cpp: 3.1.8 (/opt/ros/humble/share/rosidl_generator_cpp/cmake)
-- Using all available rosidl_typesupport_c: rosidl_typesupport_fastrtps_c;rosidl_typesupport_introspection_c
-- Using all available rosidl_typesupport_cpp: rosidl_typesupport_fastrtps_cpp;rosidl_typesupport_introspection_cpp
-- Found rosidl_default_generators: 1.2.0 (/opt/ros/humble/share/rosidl_default_generators/cmake)
-- Found rosidl_generator_dds_idl: 0.8.1 (/opt/ros/humble/share/rosidl_generator_dds_idl/cmake)
-- Found ament_cmake_ros: 0.10.0 (/opt/ros/humble/share/ament_cmake_ros/cmake)
-- Using all available rosidl_typesupport_c: rosidl_typesupport_fastrtps_c;rosidl_typesupport_introspection_c
-- Using all available rosidl_typesupport_cpp: rosidl_typesupport_fastrtps_cpp;rosidl_typesupport_introspection_cpp
-- Found python_cmake_module: 0.10.0 (/opt/ros/humble/share/python_cmake_module/cmake)
-- Using PYTHON_EXECUTABLE: /usr/bin/python3
-- Using PYTHON_INCLUDE_DIRS: /usr/include/python3.10
-- Using PYTHON_LIBRARIES: /usr/lib/x86_64-linux-gnu/libpython3.10.so
-- Using numpy include directory: /usr/local/lib/python3.10/dist-packages/numpy/core/include
-- Found ament_lint_auto: 0.12.14 (/opt/ros/humble/share/ament_lint_auto/cmake)
-- Added test 'copyright' to check source files copyright and LICENSE
-- Added test 'lint_cmake' to check CMake code style
-- Added test 'xmllint' to check XML markup files
-- Configuring done
-- Generating done
-- Build files have been written to: /root/ros2_ws/src/build/unitree_api
[35m[1mConsolidate compiler generated dependencies of target unitree_api__rosidl_generator_c[0m
[  1%] Built target unitree_api__cpp
[  2%] Built target unitree_api__dds_connext_idl
[ 13%] Built target unitree_api__rosidl_generator_c
[35m[1mConsolidate compiler generated dependencies of target unitree_api__rosidl_typesupport_cpp[0m
[35m[1mConsolidate compiler generated dependencies of target unitree_api__rosidl_typesupport_fastrtps_cpp[0m
[35m[1mConsolidate compiler generated dependencies of target unitree_api__rosidl_typesupport_introspection_cpp[0m
[ 13%] Built target ament_cmake_python_copy_unitree_api
[35m[1mConsolidate compiler generated dependencies of target unitree_api__rosidl_typesupport_c[0m
[35m[1mConsolidate compiler generated dependencies of target unitree_api__rosidl_typesupport_fastrtps_c[0m
[35m[1mConsolidate compiler generated dependencies of target unitree_api__rosidl_typesupport_introspection_c[0m
[ 25%] Built target unitree_api__rosidl_typesupport_fastrtps_cpp
[ 36%] Built target unitree_api__rosidl_typesupport_cpp
[ 47%] Built target unitree_api__rosidl_typesupport_introspection_cpp
[ 59%] Built target unitree_api__rosidl_typesupport_c
[ 70%] Built target unitree_api__rosidl_typesupport_introspection_c
[ 81%] Built target unitree_api__rosidl_typesupport_fastrtps_c
[ 81%] Built target unitree_api
[ 82%] Built target unitree_api__py
[35m[1mConsolidate compiler generated dependencies of target unitree_api__rosidl_generator_py[0m
[ 93%] Built target unitree_api__rosidl_generator_py
[35m[1mConsolidate compiler generated dependencies of target unitree_api__rosidl_typesupport_fastrtps_c__pyext[0m
[35m[1mConsolidate compiler generated dependencies of target unitree_api__rosidl_typesupport_introspection_c__pyext[0m
[35m[1mConsolidate compiler generated dependencies of target unitree_api__rosidl_typesupport_c__pyext[0m
[ 95%] Built target unitree_api__rosidl_typesupport_fastrtps_c__pyext
[ 97%] Built target unitree_api__rosidl_typesupport_introspection_c__pyext
[100%] Built target unitree_api__rosidl_typesupport_c__pyext
/usr/local/lib/python3.10/dist-packages/setuptools_scm/_integration/setuptools.py:24: RuntimeWarning: 
ERROR: setuptools==59.6.0 is used in combination with setuptools-scm>=8.x

Your build configuration is incomplete and previously worked by accident!
setuptools-scm requires setuptools>=61 (recommended: >=80)

Suggested workaround if applicable:
 - migrating from the deprecated setup_requires mechanism to pep517/518
   and using a pyproject.toml to declare build dependencies
   which are reliably pre-installed before running the build tools

  warnings.warn(
running egg_info
writing unitree_api.egg-info/PKG-INFO
writing dependency_links to unitree_api.egg-info/dependency_links.txt
writing top-level names to unitree_api.egg-info/top_level.txt
listing git files failed - pretending there aren't any
reading manifest file 'unitree_api.egg-info/SOURCES.txt'
writing manifest file 'unitree_api.egg-info/SOURCES.txt'
[100%] Built target ament_cmake_python_build_unitree_api_egg
-- Install configuration: ""
-- Up-to-date: /root/ros2_ws/src/install/unitree_api/share/ament_index/resource_index/rosidl_interfaces/unitree_api
-- Up-to-date: /root/ros2_ws/src/install/unitree_api/include/unitree_api/unitree_api
-- Up-to-date: /root/ros2_ws/src/install/unitree_api/include/unitree_api/unitree_api/msg
-- Up-to-date: /root/ros2_ws/src/install/unitree_api/include/unitree_api/unitree_api/msg/response_header.h
-- Up-to-date: /root/ros2_ws/src/install/unitree_api/include/unitree_api/unitree_api/msg/detail
-- Up-to-date: /root/ros2_ws/src/install/unitree_api/include/unitree_api/unitree_api/msg/detail/response_header__functions.c
-- Up-to-date: /root/ros2_ws/src/install/unitree_api/include/unitree_api/unitree_api/msg/detail/request__functions.c
-- Up-to-date: /root/ros2_ws/src/install/unitree_api/include/unitree_api/unitree_api/msg/detail/response_status__type_support.h
-- Up-to-date: /root/ros2_ws/src/install/unitree_api/include/unitree_api/unitree_api/msg/detail/request_identity__struct.h
-- Up-to-date: /root/ros2_ws/src/install/unitree_api/include/unitree_api/unitree_api/msg/detail/request_identity__functions.h
-- Up-to-date: /root/ros2_ws/src/install/unitree_api/include/unitree_api/unitree_api/msg/detail/request__struct.h
-- Up-to-date: /root/ros2_ws/src/install/unitree_api/include/unitree_api/unitree_api/msg/detail/response_header__functions.h
-- Up-to-date: /root/ros2_ws/src/install/unitree_api/include/unitree_api/unitree_api/msg/detail/request_header__functions.h
-- Up-to-date: /root/ros2_ws/src/install/unitree_api/include/unitree_api/unitree_api/msg/detail/request_policy__functions.h
-- Up-to-date: /root/ros2_ws/src/install/unitree_api/include/unitree_api/unitree_api/msg/detail/response_status__struct.h
-- Up-to-date: /root/ros2_ws/src/install/unitree_api/include/unitree_api/unitree_api/msg/detail/request_header__type_support.h
-- Up-to-date: /root/ros2_ws/src/install/unitree_api/include/unitree_api/unitree_api/msg/detail/request_lease__struct.h
-- Up-to-date: /root/ros2_ws/src/install/unitree_api/include/unitree_api/unitree_api/msg/detail/request_policy__functions.c
-- Up-to-date: /root/ros2_ws/src/install/unitree_api/include/unitree_api/unitree_api/msg/detail/response_header__type_support.h
-- Up-to-date: /root/ros2_ws/src/install/unitree_api/include/unitree_api/unitree_api/msg/detail/response__type_support.h
-- Up-to-date: /root/ros2_ws/src/install/unitree_api/include/unitree_api/unitree_api/msg/detail/request__functions.h
-- Up-to-date: /root/ros2_ws/src/install/unitree_api/include/unitree_api/unitree_api/msg/detail/request_policy__type_support.h
-- Up-to-date: /root/ros2_ws/src/install/unitree_api/include/unitree_api/unitree_api/msg/detail/response_header__struct.h
-- Up-to-date: /root/ros2_ws/src/install/unitree_api/include/unitree_api/unitree_api/msg/detail/request_identity__type_support.h
-- Up-to-date: /root/ros2_ws/src/install/unitree_api/include/unitree_api/unitree_api/msg/detail/request__type_support.h
-- Up-to-date: /root/ros2_ws/src/install/unitree_api/include/unitree_api/unitree_api/msg/detail/response__functions.c
-- Up-to-date: /root/ros2_ws/src/install/unitree_api/include/unitree_api/unitree_api/msg/detail/request_lease__functions.c
-- Up-to-date: /root/ros2_ws/src/install/unitree_api/include/unitree_api/unitree_api/msg/detail/response_status__functions.h
-- Up-to-date: /root/ros2_ws/src/install/unitree_api/include/unitree_api/unitree_api/msg/detail/request_identity__functions.c
-- Up-to-date: /root/ros2_ws/src/install/unitree_api/include/unitree_api/unitree_api/msg/detail/request_lease__functions.h
-- Up-to-date: /root/ros2_ws/src/install/unitree_api/include/unitree_api/unitree_api/msg/detail/request_policy__struct.h
-- Up-to-date: /root/ros2_ws/src/install/unitree_api/include/unitree_api/unitree_api/msg/detail/response__struct.h
-- Up-to-date: /root/ros2_ws/src/install/unitree_api/include/unitree_api/unitree_api/msg/detail/response_status__functions.c
-- Up-to-date: /root/ros2_ws/src/install/unitree_api/include/unitree_api/unitree_api/msg/detail/request_header__struct.h
-- Up-to-date: /root/ros2_ws/src/install/unitree_api/include/unitree_api/unitree_api/msg/detail/response__functions.h
-- Up-to-date: /root/ros2_ws/src/install/unitree_api/include/unitree_api/unitree_api/msg/detail/request_lease__type_support.h
-- Up-to-date: /root/ros2_ws/src/install/unitree_api/include/unitree_api/unitree_api/msg/detail/request_header__functions.c
-- Up-to-date: /root/ros2_ws/src/install/unitree_api/include/unitree_api/unitree_api/msg/response_status.h
-- Up-to-date: /root/ros2_ws/src/install/unitree_api/include/unitree_api/unitree_api/msg/response.h
-- Up-to-date: /root/ros2_ws/src/install/unitree_api/include/unitree_api/unitree_api/msg/rosidl_generator_c__visibility_control.h
-- Up-to-date: /root/ros2_ws/src/install/unitree_api/include/unitree_api/unitree_api/msg/request_policy.h
-- Up-to-date: /root/ros2_ws/src/install/unitree_api/include/unitree_api/unitree_api/msg/request_lease.h
-- Up-to-date: /root/ros2_ws/src/install/unitree_api/include/unitree_api/unitree_api/msg/request_header.h
-- Up-to-date: /root/ros2_ws/src/install/unitree_api/include/unitree_api/unitree_api/msg/request.h
-- Up-to-date: /root/ros2_ws/src/install/unitree_api/include/unitree_api/unitree_api/msg/request_identity.h
-- Up-to-date: /root/ros2_ws/src/install/unitree_api/share/unitree_api/environment/library_path.sh
-- Installing: /root/ros2_ws/src/install/unitree_api/share/unitree_api/environment/library_path.dsv
-- Up-to-date: /root/ros2_ws/src/install/unitree_api/lib/libunitree_api__rosidl_generator_c.so
-- Up-to-date: /root/ros2_ws/src/install/unitree_api/include/unitree_api/unitree_api
-- Up-to-date: /root/ros2_ws/src/install/unitree_api/include/unitree_api/unitree_api/msg
-- Up-to-date: /root/ros2_ws/src/install/unitree_api/include/unitree_api/unitree_api/msg/detail
-- Up-to-date: /root/ros2_ws/src/install/unitree_api/include/unitree_api/unitree_api/msg/detail/response_status__rosidl_typesupport_fastrtps_c.h
-- Up-to-date: /root/ros2_ws/src/install/unitree_api/include/unitree_api/unitree_api/msg/detail/request_policy__rosidl_typesupport_fastrtps_c.h
-- Up-to-date: /root/ros2_ws/src/install/unitree_api/include/unitree_api/unitree_api/msg/detail/request__rosidl_typesupport_fastrtps_c.h
-- Up-to-date: /root/ros2_ws/src/install/unitree_api/include/unitree_api/unitree_api/msg/detail/request_header__rosidl_typesupport_fastrtps_c.h
-- Up-to-date: /root/ros2_ws/src/install/unitree_api/include/unitree_api/unitree_api/msg/detail/response_header__rosidl_typesupport_fastrtps_c.h
-- Up-to-date: /root/ros2_ws/src/install/unitree_api/include/unitree_api/unitree_api/msg/detail/request_lease__rosidl_typesupport_fastrtps_c.h
-- Up-to-date: /root/ros2_ws/src/install/unitree_api/include/unitree_api/unitree_api/msg/detail/response__rosidl_typesupport_fastrtps_c.h
-- Up-to-date: /root/ros2_ws/src/install/unitree_api/include/unitree_api/unitree_api/msg/detail/request_identity__rosidl_typesupport_fastrtps_c.h
-- Up-to-date: /root/ros2_ws/src/install/unitree_api/include/unitree_api/unitree_api/msg/rosidl_typesupport_fastrtps_c__visibility_control.h
-- Up-to-date: /root/ros2_ws/src/install/unitree_api/lib/libunitree_api__rosidl_typesupport_fastrtps_c.so
-- Up-to-date: /root/ros2_ws/src/install/unitree_api/include/unitree_api/unitree_api
-- Up-to-date: /root/ros2_ws/src/install/unitree_api/include/unitree_api/unitree_api/msg
-- Up-to-date: /root/ros2_ws/src/install/unitree_api/include/unitree_api/unitree_api/msg/request_policy.hpp
-- Up-to-date: /root/ros2_ws/src/install/unitree_api/include/unitree_api/unitree_api/msg/response_header.hpp
-- Up-to-date: /root/ros2_ws/src/install/unitree_api/include/unitree_api/unitree_api/msg/detail
-- Up-to-date: /root/ros2_ws/src/install/unitree_api/include/unitree_api/unitree_api/msg/detail/request_policy__struct.hpp
-- Up-to-date: /root/ros2_ws/src/install/unitree_api/include/unitree_api/unitree_api/msg/detail/request_policy__builder.hpp
-- Up-to-date: /root/ros2_ws/src/install/unitree_api/include/unitree_api/unitree_api/msg/detail/request_identity__builder.hpp
-- Up-to-date: /root/ros2_ws/src/install/unitree_api/include/unitree_api/unitree_api/msg/detail/response_status__traits.hpp
-- Up-to-date: /root/ros2_ws/src/install/unitree_api/include/unitree_api/unitree_api/msg/detail/response_status__builder.hpp
-- Up-to-date: /root/ros2_ws/src/install/unitree_api/include/unitree_api/unitree_api/msg/detail/request_header__struct.hpp
-- Up-to-date: /root/ros2_ws/src/install/unitree_api/include/unitree_api/unitree_api/msg/detail/response__builder.hpp
-- Up-to-date: /root/ros2_ws/src/install/unitree_api/include/unitree_api/unitree_api/msg/detail/request_policy__type_support.hpp
-- Up-to-date: /root/ros2_ws/src/install/unitree_api/include/unitree_api/unitree_api/msg/detail/response_header__builder.hpp
-- Up-to-date: /root/ros2_ws/src/install/unitree_api/include/unitree_api/unitree_api/msg/detail/request_header__type_support.hpp
-- Up-to-date: /root/ros2_ws/src/install/unitree_api/include/unitree_api/unitree_api/msg/detail/request_header__builder.hpp
-- Up-to-date: /root/ros2_ws/src/install/unitree_api/include/unitree_api/unitree_api/msg/detail/response_status__struct.hpp
-- Up-to-date: /root/ros2_ws/src/install/unitree_api/include/unitree_api/unitree_api/msg/detail/request__builder.hpp
-- Up-to-date: /root/ros2_ws/src/install/unitree_api/include/unitree_api/unitree_api/msg/detail/request__type_support.hpp
-- Up-to-date: /root/ros2_ws/src/install/unitree_api/include/unitree_api/unitree_api/msg/detail/response__traits.hpp
-- Up-to-date: /root/ros2_ws/src/install/unitree_api/include/unitree_api/unitree_api/msg/detail/request__struct.hpp
-- Up-to-date: /root/ros2_ws/src/install/unitree_api/include/unitree_api/unitree_api/msg/detail/request_policy__traits.hpp
-- Up-to-date: /root/ros2_ws/src/install/unitree_api/include/unitree_api/unitree_api/msg/detail/response__type_support.hpp
-- Up-to-date: /root/ros2_ws/src/install/unitree_api/include/unitree_api/unitree_api/msg/detail/request_identity__traits.hpp
-- Up-to-date: /root/ros2_ws/src/install/unitree_api/include/unitree_api/unitree_api/msg/detail/request_lease__builder.hpp
-- Up-to-date: /root/ros2_ws/src/install/unitree_api/include/unitree_api/unitree_api/msg/detail/request_identity__type_support.hpp
-- Up-to-date: /root/ros2_ws/src/install/unitree_api/include/unitree_api/unitree_api/msg/detail/response_status__type_support.hpp
-- Up-to-date: /root/ros2_ws/src/install/unitree_api/include/unitree_api/unitree_api/msg/detail/request_header__traits.hpp
-- Up-to-date: /root/ros2_ws/src/install/unitree_api/include/unitree_api/unitree_api/msg/detail/request_identity__struct.hpp
-- Up-to-date: /root/ros2_ws/src/install/unitree_api/include/unitree_api/unitree_api/msg/detail/response__struct.hpp
-- Up-to-date: /root/ros2_ws/src/install/unitree_api/include/unitree_api/unitree_api/msg/detail/request_lease__type_support.hpp
-- Up-to-date: /root/ros2_ws/src/install/unitree_api/include/unitree_api/unitree_api/msg/detail/response_header__traits.hpp
-- Up-to-date: /root/ros2_ws/src/install/unitree_api/include/unitree_api/unitree_api/msg/detail/request_lease__struct.hpp
-- Up-to-date: /root/ros2_ws/src/install/unitree_api/include/unitree_api/unitree_api/msg/detail/response_header__struct.hpp
-- Up-to-date: /root/ros2_ws/src/install/unitree_api/include/unitree_api/unitree_api/msg/detail/request_lease__traits.hpp
-- Up-to-date: /root/ros2_ws/src/install/unitree_api/include/unitree_api/unitree_api/msg/detail/response_header__type_support.hpp
-- Up-to-date: /root/ros2_ws/src/install/unitree_api/include/unitree_api/unitree_api/msg/detail/request__traits.hpp
-- Up-to-date: /root/ros2_ws/src/install/unitree_api/include/unitree_api/unitree_api/msg/request.hpp
-- Up-to-date: /root/ros2_ws/src/install/unitree_api/include/unitree_api/unitree_api/msg/request_header.hpp
-- Up-to-date: /root/ros2_ws/src/install/unitree_api/include/unitree_api/unitree_api/msg/response_status.hpp
-- Up-to-date: /root/ros2_ws/src/install/unitree_api/include/unitree_api/unitree_api/msg/request_lease.hpp
-- Up-to-date: /root/ros2_ws/src/install/unitree_api/include/unitree_api/unitree_api/msg/request_identity.hpp
-- Up-to-date: /root/ros2_ws/src/install/unitree_api/include/unitree_api/unitree_api/msg/response.hpp
-- Up-to-date: /root/ros2_ws/src/install/unitree_api/include/unitree_api/unitree_api/msg/rosidl_generator_cpp__visibility_control.hpp
-- Up-to-date: /root/ros2_ws/src/install/unitree_api/include/unitree_api/unitree_api
-- Up-to-date: /root/ros2_ws/src/install/unitree_api/include/unitree_api/unitree_api/msg
-- Up-to-date: /root/ros2_ws/src/install/unitree_api/include/unitree_api/unitree_api/msg/detail
-- Up-to-date: /root/ros2_ws/src/install/unitree_api/include/unitree_api/unitree_api/msg/detail/request_policy__rosidl_typesupport_fastrtps_cpp.hpp
-- Up-to-date: /root/ros2_ws/src/install/unitree_api/include/unitree_api/unitree_api/msg/detail/response_header__rosidl_typesupport_fastrtps_cpp.hpp
-- Up-to-date: /root/ros2_ws/src/install/unitree_api/include/unitree_api/unitree_api/msg/detail/dds_fastrtps
-- Up-to-date: /root/ros2_ws/src/install/unitree_api/include/unitree_api/unitree_api/msg/detail/response_status__rosidl_typesupport_fastrtps_cpp.hpp
-- Up-to-date: /root/ros2_ws/src/install/unitree_api/include/unitree_api/unitree_api/msg/detail/response__rosidl_typesupport_fastrtps_cpp.hpp
-- Up-to-date: /root/ros2_ws/src/install/unitree_api/include/unitree_api/unitree_api/msg/detail/request__rosidl_typesupport_fastrtps_cpp.hpp
-- Up-to-date: /root/ros2_ws/src/install/unitree_api/include/unitree_api/unitree_api/msg/detail/request_lease__rosidl_typesupport_fastrtps_cpp.hpp
-- Up-to-date: /root/ros2_ws/src/install/unitree_api/include/unitree_api/unitree_api/msg/detail/request_header__rosidl_typesupport_fastrtps_cpp.hpp
-- Up-to-date: /root/ros2_ws/src/install/unitree_api/include/unitree_api/unitree_api/msg/detail/request_identity__rosidl_typesupport_fastrtps_cpp.hpp
-- Up-to-date: /root/ros2_ws/src/install/unitree_api/include/unitree_api/unitree_api/msg/rosidl_typesupport_fastrtps_cpp__visibility_control.h
-- Up-to-date: /root/ros2_ws/src/install/unitree_api/lib/libunitree_api__rosidl_typesupport_fastrtps_cpp.so
-- Up-to-date: /root/ros2_ws/src/install/unitree_api/include/unitree_api/unitree_api
-- Up-to-date: /root/ros2_ws/src/install/unitree_api/include/unitree_api/unitree_api/msg
-- Up-to-date: /root/ros2_ws/src/install/unitree_api/include/unitree_api/unitree_api/msg/rosidl_typesupport_introspection_c__visibility_control.h
-- Up-to-date: /root/ros2_ws/src/install/unitree_api/include/unitree_api/unitree_api/msg/detail
-- Up-to-date: /root/ros2_ws/src/install/unitree_api/include/unitree_api/unitree_api/msg/detail/request_identity__rosidl_typesupport_introspection_c.h
-- Up-to-date: /root/ros2_ws/src/install/unitree_api/include/unitree_api/unitree_api/msg/detail/response_status__rosidl_typesupport_introspection_c.h
-- Up-to-date: /root/ros2_ws/src/install/unitree_api/include/unitree_api/unitree_api/msg/detail/response_header__rosidl_typesupport_introspection_c.h
-- Up-to-date: /root/ros2_ws/src/install/unitree_api/include/unitree_api/unitree_api/msg/detail/response__rosidl_typesupport_introspection_c.h
-- Up-to-date: /root/ros2_ws/src/install/unitree_api/include/unitree_api/unitree_api/msg/detail/request_identity__type_support.c
-- Up-to-date: /root/ros2_ws/src/install/unitree_api/include/unitree_api/unitree_api/msg/detail/request_lease__rosidl_typesupport_introspection_c.h
-- Up-to-date: /root/ros2_ws/src/install/unitree_api/include/unitree_api/unitree_api/msg/detail/request_lease__type_support.c
-- Up-to-date: /root/ros2_ws/src/install/unitree_api/include/unitree_api/unitree_api/msg/detail/request_policy__type_support.c
-- Up-to-date: /root/ros2_ws/src/install/unitree_api/include/unitree_api/unitree_api/msg/detail/request__type_support.c
-- Up-to-date: /root/ros2_ws/src/install/unitree_api/include/unitree_api/unitree_api/msg/detail/response_header__type_support.c
-- Up-to-date: /root/ros2_ws/src/install/unitree_api/include/unitree_api/unitree_api/msg/detail/response_status__type_support.c
-- Up-to-date: /root/ros2_ws/src/install/unitree_api/include/unitree_api/unitree_api/msg/detail/request_header__type_support.c
-- Up-to-date: /root/ros2_ws/src/install/unitree_api/include/unitree_api/unitree_api/msg/detail/response__type_support.c
-- Up-to-date: /root/ros2_ws/src/install/unitree_api/include/unitree_api/unitree_api/msg/detail/request__rosidl_typesupport_introspection_c.h
-- Up-to-date: /root/ros2_ws/src/install/unitree_api/include/unitree_api/unitree_api/msg/detail/request_policy__rosidl_typesupport_introspection_c.h
-- Up-to-date: /root/ros2_ws/src/install/unitree_api/include/unitree_api/unitree_api/msg/detail/request_header__rosidl_typesupport_introspection_c.h
-- Up-to-date: /root/ros2_ws/src/install/unitree_api/lib/libunitree_api__rosidl_typesupport_introspection_c.so
-- Up-to-date: /root/ros2_ws/src/install/unitree_api/lib/libunitree_api__rosidl_typesupport_c.so
-- Up-to-date: /root/ros2_ws/src/install/unitree_api/include/unitree_api/unitree_api
-- Up-to-date: /root/ros2_ws/src/install/unitree_api/include/unitree_api/unitree_api/msg
-- Up-to-date: /root/ros2_ws/src/install/unitree_api/include/unitree_api/unitree_api/msg/detail
-- Up-to-date: /root/ros2_ws/src/install/unitree_api/include/unitree_api/unitree_api/msg/detail/request_identity__rosidl_typesupport_introspection_cpp.hpp
-- Up-to-date: /root/ros2_ws/src/install/unitree_api/include/unitree_api/unitree_api/msg/detail/response__type_support.cpp
-- Up-to-date: /root/ros2_ws/src/install/unitree_api/include/unitree_api/unitree_api/msg/detail/request_policy__type_support.cpp
-- Up-to-date: /root/ros2_ws/src/install/unitree_api/include/unitree_api/unitree_api/msg/detail/response__rosidl_typesupport_introspection_cpp.hpp
-- Up-to-date: /root/ros2_ws/src/install/unitree_api/include/unitree_api/unitree_api/msg/detail/response_header__rosidl_typesupport_introspection_cpp.hpp
-- Up-to-date: /root/ros2_ws/src/install/unitree_api/include/unitree_api/unitree_api/msg/detail/request__rosidl_typesupport_introspection_cpp.hpp
-- Up-to-date: /root/ros2_ws/src/install/unitree_api/include/unitree_api/unitree_api/msg/detail/response_header__type_support.cpp
-- Up-to-date: /root/ros2_ws/src/install/unitree_api/include/unitree_api/unitree_api/msg/detail/request_header__rosidl_typesupport_introspection_cpp.hpp
-- Up-to-date: /root/ros2_ws/src/install/unitree_api/include/unitree_api/unitree_api/msg/detail/response_status__rosidl_typesupport_introspection_cpp.hpp
-- Up-to-date: /root/ros2_ws/src/install/unitree_api/include/unitree_api/unitree_api/msg/detail/request__type_support.cpp
-- Up-to-date: /root/ros2_ws/src/install/unitree_api/include/unitree_api/unitree_api/msg/detail/response_status__type_support.cpp
-- Up-to-date: /root/ros2_ws/src/install/unitree_api/include/unitree_api/unitree_api/msg/detail/request_policy__rosidl_typesupport_introspection_cpp.hpp
-- Up-to-date: /root/ros2_ws/src/install/unitree_api/include/unitree_api/unitree_api/msg/detail/request_lease__type_support.cpp
-- Up-to-date: /root/ros2_ws/src/install/unitree_api/include/unitree_api/unitree_api/msg/detail/request_header__type_support.cpp
-- Up-to-date: /root/ros2_ws/src/install/unitree_api/include/unitree_api/unitree_api/msg/detail/request_identity__type_support.cpp
-- Up-to-date: /root/ros2_ws/src/install/unitree_api/include/unitree_api/unitree_api/msg/detail/request_lease__rosidl_typesupport_introspection_cpp.hpp
-- Up-to-date: /root/ros2_ws/src/install/unitree_api/lib/libunitree_api__rosidl_typesupport_introspection_cpp.so
-- Up-to-date: /root/ros2_ws/src/install/unitree_api/lib/libunitree_api__rosidl_typesupport_cpp.so
-- Up-to-date: /root/ros2_ws/src/install/unitree_api/share/unitree_api/environment/pythonpath.sh
-- Installing: /root/ros2_ws/src/install/unitree_api/share/unitree_api/environment/pythonpath.dsv
-- Up-to-date: /root/ros2_ws/src/install/unitree_api/local/lib/python3.10/dist-packages/unitree_api-0.0.0-py3.10.egg-info
-- Installing: /root/ros2_ws/src/install/unitree_api/local/lib/python3.10/dist-packages/unitree_api-0.0.0-py3.10.egg-info/PKG-INFO
-- Installing: /root/ros2_ws/src/install/unitree_api/local/lib/python3.10/dist-packages/unitree_api-0.0.0-py3.10.egg-info/dependency_links.txt
-- Installing: /root/ros2_ws/src/install/unitree_api/local/lib/python3.10/dist-packages/unitree_api-0.0.0-py3.10.egg-info/SOURCES.txt
-- Installing: /root/ros2_ws/src/install/unitree_api/local/lib/python3.10/dist-packages/unitree_api-0.0.0-py3.10.egg-info/top_level.txt
-- Up-to-date: /root/ros2_ws/src/install/unitree_api/local/lib/python3.10/dist-packages/unitree_api
-- Up-to-date: /root/ros2_ws/src/install/unitree_api/local/lib/python3.10/dist-packages/unitree_api/_unitree_api_s.ep.rosidl_typesupport_c.c
-- Up-to-date: /root/ros2_ws/src/install/unitree_api/local/lib/python3.10/dist-packages/unitree_api/unitree_api_s__rosidl_typesupport_introspection_c.cpython-310-x86_64-linux-gnu.so
-- Up-to-date: /root/ros2_ws/src/install/unitree_api/local/lib/python3.10/dist-packages/unitree_api/libunitree_api__rosidl_generator_py.so
-- Up-to-date: /root/ros2_ws/src/install/unitree_api/local/lib/python3.10/dist-packages/unitree_api/_unitree_api_s.ep.rosidl_typesupport_fastrtps_c.c
-- Up-to-date: /root/ros2_ws/src/install/unitree_api/local/lib/python3.10/dist-packages/unitree_api/_unitree_api_s.ep.rosidl_typesupport_introspection_c.c
-- Up-to-date: /root/ros2_ws/src/install/unitree_api/local/lib/python3.10/dist-packages/unitree_api/unitree_api_s__rosidl_typesupport_c.cpython-310-x86_64-linux-gnu.so
-- Up-to-date: /root/ros2_ws/src/install/unitree_api/local/lib/python3.10/dist-packages/unitree_api/unitree_api_s__rosidl_typesupport_fastrtps_c.cpython-310-x86_64-linux-gnu.so
-- Installing: /root/ros2_ws/src/install/unitree_api/local/lib/python3.10/dist-packages/unitree_api/__init__.py
-- Up-to-date: /root/ros2_ws/src/install/unitree_api/local/lib/python3.10/dist-packages/unitree_api/msg
-- Up-to-date: /root/ros2_ws/src/install/unitree_api/local/lib/python3.10/dist-packages/unitree_api/msg/_request_policy.py
-- Up-to-date: /root/ros2_ws/src/install/unitree_api/local/lib/python3.10/dist-packages/unitree_api/msg/_request_s.c
-- Up-to-date: /root/ros2_ws/src/install/unitree_api/local/lib/python3.10/dist-packages/unitree_api/msg/_request.py
-- Up-to-date: /root/ros2_ws/src/install/unitree_api/local/lib/python3.10/dist-packages/unitree_api/msg/_response_status_s.c
-- Up-to-date: /root/ros2_ws/src/install/unitree_api/local/lib/python3.10/dist-packages/unitree_api/msg/_response_s.c
-- Up-to-date: /root/ros2_ws/src/install/unitree_api/local/lib/python3.10/dist-packages/unitree_api/msg/_request_header_s.c
-- Up-to-date: /root/ros2_ws/src/install/unitree_api/local/lib/python3.10/dist-packages/unitree_api/msg/_response.py
-- Up-to-date: /root/ros2_ws/src/install/unitree_api/local/lib/python3.10/dist-packages/unitree_api/msg/_request_policy_s.c
-- Up-to-date: /root/ros2_ws/src/install/unitree_api/local/lib/python3.10/dist-packages/unitree_api/msg/_response_header.py
-- Up-to-date: /root/ros2_ws/src/install/unitree_api/local/lib/python3.10/dist-packages/unitree_api/msg/_response_status.py
-- Up-to-date: /root/ros2_ws/src/install/unitree_api/local/lib/python3.10/dist-packages/unitree_api/msg/_request_identity_s.c
-- Up-to-date: /root/ros2_ws/src/install/unitree_api/local/lib/python3.10/dist-packages/unitree_api/msg/__init__.py
-- Up-to-date: /root/ros2_ws/src/install/unitree_api/local/lib/python3.10/dist-packages/unitree_api/msg/_request_identity.py
-- Up-to-date: /root/ros2_ws/src/install/unitree_api/local/lib/python3.10/dist-packages/unitree_api/msg/_request_header.py
-- Up-to-date: /root/ros2_ws/src/install/unitree_api/local/lib/python3.10/dist-packages/unitree_api/msg/_request_lease_s.c
-- Up-to-date: /root/ros2_ws/src/install/unitree_api/local/lib/python3.10/dist-packages/unitree_api/msg/_request_lease.py
-- Up-to-date: /root/ros2_ws/src/install/unitree_api/local/lib/python3.10/dist-packages/unitree_api/msg/_response_header_s.c
Listing '/root/ros2_ws/src/install/unitree_api/local/lib/python3.10/dist-packages/unitree_api'...
Compiling '/root/ros2_ws/src/install/unitree_api/local/lib/python3.10/dist-packages/unitree_api/__init__.py'...
Listing '/root/ros2_ws/src/install/unitree_api/local/lib/python3.10/dist-packages/unitree_api/msg'...
-- Up-to-date: /root/ros2_ws/src/install/unitree_api/local/lib/python3.10/dist-packages/unitree_api/unitree_api_s__rosidl_typesupport_fastrtps_c.cpython-310-x86_64-linux-gnu.so
-- Up-to-date: /root/ros2_ws/src/install/unitree_api/local/lib/python3.10/dist-packages/unitree_api/unitree_api_s__rosidl_typesupport_introspection_c.cpython-310-x86_64-linux-gnu.so
-- Up-to-date: /root/ros2_ws/src/install/unitree_api/local/lib/python3.10/dist-packages/unitree_api/unitree_api_s__rosidl_typesupport_c.cpython-310-x86_64-linux-gnu.so
-- Up-to-date: /root/ros2_ws/src/install/unitree_api/lib/libunitree_api__rosidl_generator_py.so
-- Up-to-date: /root/ros2_ws/src/install/unitree_api/share/unitree_api/msg/Request.idl
-- Up-to-date: /root/ros2_ws/src/install/unitree_api/share/unitree_api/msg/RequestHeader.idl
-- Up-to-date: /root/ros2_ws/src/install/unitree_api/share/unitree_api/msg/RequestIdentity.idl
-- Up-to-date: /root/ros2_ws/src/install/unitree_api/share/unitree_api/msg/RequestLease.idl
-- Up-to-date: /root/ros2_ws/src/install/unitree_api/share/unitree_api/msg/RequestPolicy.idl
-- Up-to-date: /root/ros2_ws/src/install/unitree_api/share/unitree_api/msg/Response.idl
-- Up-to-date: /root/ros2_ws/src/install/unitree_api/share/unitree_api/msg/ResponseHeader.idl
-- Up-to-date: /root/ros2_ws/src/install/unitree_api/share/unitree_api/msg/ResponseStatus.idl
-- Up-to-date: /root/ros2_ws/src/install/unitree_api/share/unitree_api/msg/Request.msg
-- Up-to-date: /root/ros2_ws/src/install/unitree_api/share/unitree_api/msg/RequestHeader.msg
-- Up-to-date: /root/ros2_ws/src/install/unitree_api/share/unitree_api/msg/RequestIdentity.msg
-- Up-to-date: /root/ros2_ws/src/install/unitree_api/share/unitree_api/msg/RequestLease.msg
-- Up-to-date: /root/ros2_ws/src/install/unitree_api/share/unitree_api/msg/RequestPolicy.msg
-- Up-to-date: /root/ros2_ws/src/install/unitree_api/share/unitree_api/msg/Response.msg
-- Up-to-date: /root/ros2_ws/src/install/unitree_api/share/unitree_api/msg/ResponseHeader.msg
-- Up-to-date: /root/ros2_ws/src/install/unitree_api/share/unitree_api/msg/ResponseStatus.msg
-- Up-to-date: /root/ros2_ws/src/install/unitree_api/share/unitree_api/msg/dds_connext
-- Up-to-date: /root/ros2_ws/src/install/unitree_api/share/unitree_api/msg/dds_connext/RequestPolicy_.idl
-- Up-to-date: /root/ros2_ws/src/install/unitree_api/share/unitree_api/msg/dds_connext/RequestLease_.idl
-- Up-to-date: /root/ros2_ws/src/install/unitree_api/share/unitree_api/msg/dds_connext/ResponseHeader_.idl
-- Up-to-date: /root/ros2_ws/src/install/unitree_api/share/unitree_api/msg/dds_connext/Response_.idl
-- Up-to-date: /root/ros2_ws/src/install/unitree_api/share/unitree_api/msg/dds_connext/RequestIdentity_.idl
-- Up-to-date: /root/ros2_ws/src/install/unitree_api/share/unitree_api/msg/dds_connext/ResponseStatus_.idl
-- Up-to-date: /root/ros2_ws/src/install/unitree_api/share/unitree_api/msg/dds_connext/RequestHeader_.idl
-- Up-to-date: /root/ros2_ws/src/install/unitree_api/share/unitree_api/msg/dds_connext/Request_.idl
-- Up-to-date: /root/ros2_ws/src/install/unitree_api/share/ament_index/resource_index/package_run_dependencies/unitree_api
-- Installing: /root/ros2_ws/src/install/unitree_api/share/ament_index/resource_index/parent_prefix_path/unitree_api
-- Up-to-date: /root/ros2_ws/src/install/unitree_api/share/unitree_api/environment/ament_prefix_path.sh
-- Installing: /root/ros2_ws/src/install/unitree_api/share/unitree_api/environment/ament_prefix_path.dsv
-- Up-to-date: /root/ros2_ws/src/install/unitree_api/share/unitree_api/environment/path.sh
-- Installing: /root/ros2_ws/src/install/unitree_api/share/unitree_api/environment/path.dsv
-- Up-to-date: /root/ros2_ws/src/install/unitree_api/share/unitree_api/local_setup.bash
-- Up-to-date: /root/ros2_ws/src/install/unitree_api/share/unitree_api/local_setup.sh
-- Up-to-date: /root/ros2_ws/src/install/unitree_api/share/unitree_api/local_setup.zsh
-- Installing: /root/ros2_ws/src/install/unitree_api/share/unitree_api/local_setup.dsv
-- Installing: /root/ros2_ws/src/install/unitree_api/share/unitree_api/package.dsv
-- Up-to-date: /root/ros2_ws/src/install/unitree_api/share/ament_index/resource_index/packages/unitree_api
-- Up-to-date: /root/ros2_ws/src/install/unitree_api/share/unitree_api/cmake/export_unitree_api__rosidl_generator_cExport.cmake
-- Up-to-date: /root/ros2_ws/src/install/unitree_api/share/unitree_api/cmake/export_unitree_api__rosidl_generator_cExport-noconfig.cmake
-- Up-to-date: /root/ros2_ws/src/install/unitree_api/share/unitree_api/cmake/export_unitree_api__rosidl_typesupport_fastrtps_cExport.cmake
-- Up-to-date: /root/ros2_ws/src/install/unitree_api/share/unitree_api/cmake/export_unitree_api__rosidl_typesupport_fastrtps_cExport-noconfig.cmake
-- Up-to-date: /root/ros2_ws/src/install/unitree_api/share/unitree_api/cmake/export_unitree_api__rosidl_generator_cppExport.cmake
-- Up-to-date: /root/ros2_ws/src/install/unitree_api/share/unitree_api/cmake/export_unitree_api__rosidl_typesupport_fastrtps_cppExport.cmake
-- Up-to-date: /root/ros2_ws/src/install/unitree_api/share/unitree_api/cmake/export_unitree_api__rosidl_typesupport_fastrtps_cppExport-noconfig.cmake
-- Up-to-date: /root/ros2_ws/src/install/unitree_api/share/unitree_api/cmake/unitree_api__rosidl_typesupport_introspection_cExport.cmake
-- Up-to-date: /root/ros2_ws/src/install/unitree_api/share/unitree_api/cmake/unitree_api__rosidl_typesupport_introspection_cExport-noconfig.cmake
-- Up-to-date: /root/ros2_ws/src/install/unitree_api/share/unitree_api/cmake/unitree_api__rosidl_typesupport_cExport.cmake
-- Up-to-date: /root/ros2_ws/src/install/unitree_api/share/unitree_api/cmake/unitree_api__rosidl_typesupport_cExport-noconfig.cmake
-- Up-to-date: /root/ros2_ws/src/install/unitree_api/share/unitree_api/cmake/unitree_api__rosidl_typesupport_introspection_cppExport.cmake
-- Up-to-date: /root/ros2_ws/src/install/unitree_api/share/unitree_api/cmake/unitree_api__rosidl_typesupport_introspection_cppExport-noconfig.cmake
-- Up-to-date: /root/ros2_ws/src/install/unitree_api/share/unitree_api/cmake/unitree_api__rosidl_typesupport_cppExport.cmake
-- Up-to-date: /root/ros2_ws/src/install/unitree_api/share/unitree_api/cmake/unitree_api__rosidl_typesupport_cppExport-noconfig.cmake
-- Up-to-date: /root/ros2_ws/src/install/unitree_api/share/unitree_api/cmake/export_unitree_api__rosidl_generator_pyExport.cmake
-- Up-to-date: /root/ros2_ws/src/install/unitree_api/share/unitree_api/cmake/export_unitree_api__rosidl_generator_pyExport-noconfig.cmake
-- Up-to-date: /root/ros2_ws/src/install/unitree_api/share/unitree_api/cmake/rosidl_cmake-extras.cmake
-- Up-to-date: /root/ros2_ws/src/install/unitree_api/share/unitree_api/cmake/ament_cmake_export_dependencies-extras.cmake
-- Up-to-date: /root/ros2_ws/src/install/unitree_api/share/unitree_api/cmake/ament_cmake_export_include_directories-extras.cmake
-- Up-to-date: /root/ros2_ws/src/install/unitree_api/share/unitree_api/cmake/ament_cmake_export_libraries-extras.cmake
-- Up-to-date: /root/ros2_ws/src/install/unitree_api/share/unitree_api/cmake/ament_cmake_export_targets-extras.cmake
-- Up-to-date: /root/ros2_ws/src/install/unitree_api/share/unitree_api/cmake/rosidl_cmake_export_typesupport_targets-extras.cmake
-- Up-to-date: /root/ros2_ws/src/install/unitree_api/share/unitree_api/cmake/rosidl_cmake_export_typesupport_libraries-extras.cmake
-- Up-to-date: /root/ros2_ws/src/install/unitree_api/share/unitree_api/cmake/unitree_apiConfig.cmake
-- Up-to-date: /root/ros2_ws/src/install/unitree_api/share/unitree_api/cmake/unitree_apiConfig-version.cmake
-- Up-to-date: /root/ros2_ws/src/install/unitree_api/share/unitree_api/package.xml
