[0.052s] Invoking command in '/root/ros2_ws/src/build/unitree_api': CMAKE_PREFIX_PATH=${CMAKE_PREFIX_PATH}:/root/ros2_ws/src/install/transform_sensors:/root/ros2_ws/src/install/ros_tcp_endpoint:/opt/ros/humble /usr/bin/cmake /root/ros2_ws/src/utilities/unitree_pkgs/unitree_api -DCMAKE_INSTALL_PREFIX=/root/ros2_ws/src/install/unitree_api
[0.511s] -- Found ament_cmake: 1.3.12 (/opt/ros/humble/share/ament_cmake/cmake)
[0.512s] -- Found geometry_msgs: 4.9.0 (/opt/ros/humble/share/geometry_msgs/cmake)
[0.512s] -- Found rosidl_generator_c: 3.1.8 (/opt/ros/humble/share/rosidl_generator_c/cmake)
[0.512s] -- Found rosidl_adapter: 3.1.8 (/opt/ros/humble/share/rosidl_adapter/cmake)
[0.512s] -- Found rosidl_generator_cpp: 3.1.8 (/opt/ros/humble/share/rosidl_generator_cpp/cmake)
[0.512s] -- Using all available rosidl_typesupport_c: rosidl_typesupport_fastrtps_c;rosidl_typesupport_introspection_c
[0.512s] -- Using all available rosidl_typesupport_cpp: rosidl_typesupport_fastrtps_cpp;rosidl_typesupport_introspection_cpp
[0.513s] -- Found rosidl_default_generators: 1.2.0 (/opt/ros/humble/share/rosidl_default_generators/cmake)
[0.513s] -- Found rosidl_generator_dds_idl: 0.8.1 (/opt/ros/humble/share/rosidl_generator_dds_idl/cmake)
[0.531s] -- Found ament_cmake_ros: 0.10.0 (/opt/ros/humble/share/ament_cmake_ros/cmake)
[1.184s] -- Using all available rosidl_typesupport_c: rosidl_typesupport_fastrtps_c;rosidl_typesupport_introspection_c
[1.508s] -- Using all available rosidl_typesupport_cpp: rosidl_typesupport_fastrtps_cpp;rosidl_typesupport_introspection_cpp
[1.553s] -- Found python_cmake_module: 0.10.0 (/opt/ros/humble/share/python_cmake_module/cmake)
[1.672s] -- Using PYTHON_EXECUTABLE: /usr/bin/python3
[1.672s] -- Using PYTHON_INCLUDE_DIRS: /usr/include/python3.10
[1.672s] -- Using PYTHON_LIBRARIES: /usr/lib/x86_64-linux-gnu/libpython3.10.so
[1.914s] -- Using numpy include directory: /usr/local/lib/python3.10/dist-packages/numpy/core/include
[2.012s] -- Found ament_lint_auto: 0.12.14 (/opt/ros/humble/share/ament_lint_auto/cmake)
[2.025s] -- Added test 'copyright' to check source files copyright and LICENSE
[2.036s] -- Added test 'lint_cmake' to check CMake code style
[2.046s] -- Added test 'xmllint' to check XML markup files
[2.060s] -- Configuring done
[2.111s] -- Generating done
[2.121s] -- Build files have been written to: /root/ros2_ws/src/build/unitree_api
[2.153s] Invoked command in '/root/ros2_ws/src/build/unitree_api' returned '0': CMAKE_PREFIX_PATH=${CMAKE_PREFIX_PATH}:/root/ros2_ws/src/install/transform_sensors:/root/ros2_ws/src/install/ros_tcp_endpoint:/opt/ros/humble /usr/bin/cmake /root/ros2_ws/src/utilities/unitree_pkgs/unitree_api -DCMAKE_INSTALL_PREFIX=/root/ros2_ws/src/install/unitree_api
[2.155s] Invoking command in '/root/ros2_ws/src/build/unitree_api': CMAKE_PREFIX_PATH=${CMAKE_PREFIX_PATH}:/root/ros2_ws/src/install/transform_sensors:/root/ros2_ws/src/install/ros_tcp_endpoint:/opt/ros/humble /usr/bin/cmake --build /root/ros2_ws/src/build/unitree_api -- -j24 -l24
[2.216s] [35m[1mConsolidate compiler generated dependencies of target unitree_api__rosidl_generator_c[0m
[2.233s] [  1%] Built target unitree_api__cpp
[2.236s] [  2%] Built target unitree_api__dds_connext_idl
[2.242s] [ 13%] Built target unitree_api__rosidl_generator_c
[2.254s] [35m[1mConsolidate compiler generated dependencies of target unitree_api__rosidl_typesupport_cpp[0m
[2.254s] [35m[1mConsolidate compiler generated dependencies of target unitree_api__rosidl_typesupport_fastrtps_cpp[0m
[2.255s] [35m[1mConsolidate compiler generated dependencies of target unitree_api__rosidl_typesupport_introspection_cpp[0m
[2.261s] [ 13%] Built target ament_cmake_python_copy_unitree_api
[2.280s] [35m[1mConsolidate compiler generated dependencies of target unitree_api__rosidl_typesupport_c[0m
[2.286s] [35m[1mConsolidate compiler generated dependencies of target unitree_api__rosidl_typesupport_fastrtps_c[0m
[2.294s] [35m[1mConsolidate compiler generated dependencies of target unitree_api__rosidl_typesupport_introspection_c[0m
[2.301s] [ 25%] Built target unitree_api__rosidl_typesupport_fastrtps_cpp
[2.303s] [ 36%] Built target unitree_api__rosidl_typesupport_cpp
[2.306s] [ 47%] Built target unitree_api__rosidl_typesupport_introspection_cpp
[2.312s] [ 59%] Built target unitree_api__rosidl_typesupport_c
[2.327s] [ 70%] Built target unitree_api__rosidl_typesupport_introspection_c
[2.343s] [ 81%] Built target unitree_api__rosidl_typesupport_fastrtps_c
[2.368s] [ 81%] Built target unitree_api
[2.403s] [ 82%] Built target unitree_api__py
[2.422s] [35m[1mConsolidate compiler generated dependencies of target unitree_api__rosidl_generator_py[0m
[2.450s] [ 93%] Built target unitree_api__rosidl_generator_py
[2.470s] [35m[1mConsolidate compiler generated dependencies of target unitree_api__rosidl_typesupport_fastrtps_c__pyext[0m
[2.473s] [35m[1mConsolidate compiler generated dependencies of target unitree_api__rosidl_typesupport_introspection_c__pyext[0m
[2.474s] [35m[1mConsolidate compiler generated dependencies of target unitree_api__rosidl_typesupport_c__pyext[0m
[2.490s] [ 95%] Built target unitree_api__rosidl_typesupport_fastrtps_c__pyext
[2.493s] [ 97%] Built target unitree_api__rosidl_typesupport_introspection_c__pyext
[2.495s] [100%] Built target unitree_api__rosidl_typesupport_c__pyext
[2.627s] /usr/local/lib/python3.10/dist-packages/setuptools_scm/_integration/setuptools.py:24: RuntimeWarning: 
[2.627s] ERROR: setuptools==59.6.0 is used in combination with setuptools-scm>=8.x
[2.627s] 
[2.627s] Your build configuration is incomplete and previously worked by accident!
[2.627s] setuptools-scm requires setuptools>=61 (recommended: >=80)
[2.627s] 
[2.627s] Suggested workaround if applicable:
[2.627s]  - migrating from the deprecated setup_requires mechanism to pep517/518
[2.627s]    and using a pyproject.toml to declare build dependencies
[2.627s]    which are reliably pre-installed before running the build tools
[2.627s] 
[2.627s]   warnings.warn(
[2.630s] running egg_info
[2.630s] writing unitree_api.egg-info/PKG-INFO
[2.631s] writing dependency_links to unitree_api.egg-info/dependency_links.txt
[2.631s] writing top-level names to unitree_api.egg-info/top_level.txt
[2.670s] listing git files failed - pretending there aren't any
[2.824s] reading manifest file 'unitree_api.egg-info/SOURCES.txt'
[2.825s] writing manifest file 'unitree_api.egg-info/SOURCES.txt'
[2.868s] [100%] Built target ament_cmake_python_build_unitree_api_egg
[2.903s] Invoked command in '/root/ros2_ws/src/build/unitree_api' returned '0': CMAKE_PREFIX_PATH=${CMAKE_PREFIX_PATH}:/root/ros2_ws/src/install/transform_sensors:/root/ros2_ws/src/install/ros_tcp_endpoint:/opt/ros/humble /usr/bin/cmake --build /root/ros2_ws/src/build/unitree_api -- -j24 -l24
[2.904s] Invoking command in '/root/ros2_ws/src/build/unitree_api': CMAKE_PREFIX_PATH=${CMAKE_PREFIX_PATH}:/root/ros2_ws/src/install/transform_sensors:/root/ros2_ws/src/install/ros_tcp_endpoint:/opt/ros/humble /usr/bin/cmake --install /root/ros2_ws/src/build/unitree_api
[2.934s] -- Install configuration: ""
[2.935s] -- Up-to-date: /root/ros2_ws/src/install/unitree_api/share/ament_index/resource_index/rosidl_interfaces/unitree_api
[2.935s] -- Up-to-date: /root/ros2_ws/src/install/unitree_api/include/unitree_api/unitree_api
[2.935s] -- Up-to-date: /root/ros2_ws/src/install/unitree_api/include/unitree_api/unitree_api/msg
[2.936s] -- Up-to-date: /root/ros2_ws/src/install/unitree_api/include/unitree_api/unitree_api/msg/response_header.h
[2.936s] -- Up-to-date: /root/ros2_ws/src/install/unitree_api/include/unitree_api/unitree_api/msg/detail
[2.936s] -- Up-to-date: /root/ros2_ws/src/install/unitree_api/include/unitree_api/unitree_api/msg/detail/response_header__functions.c
[2.936s] -- Up-to-date: /root/ros2_ws/src/install/unitree_api/include/unitree_api/unitree_api/msg/detail/request__functions.c
[2.936s] -- Up-to-date: /root/ros2_ws/src/install/unitree_api/include/unitree_api/unitree_api/msg/detail/response_status__type_support.h
[2.936s] -- Up-to-date: /root/ros2_ws/src/install/unitree_api/include/unitree_api/unitree_api/msg/detail/request_identity__struct.h
[2.936s] -- Up-to-date: /root/ros2_ws/src/install/unitree_api/include/unitree_api/unitree_api/msg/detail/request_identity__functions.h
[2.936s] -- Up-to-date: /root/ros2_ws/src/install/unitree_api/include/unitree_api/unitree_api/msg/detail/request__struct.h
[2.936s] -- Up-to-date: /root/ros2_ws/src/install/unitree_api/include/unitree_api/unitree_api/msg/detail/response_header__functions.h
[2.936s] -- Up-to-date: /root/ros2_ws/src/install/unitree_api/include/unitree_api/unitree_api/msg/detail/request_header__functions.h
[2.936s] -- Up-to-date: /root/ros2_ws/src/install/unitree_api/include/unitree_api/unitree_api/msg/detail/request_policy__functions.h
[2.936s] -- Up-to-date: /root/ros2_ws/src/install/unitree_api/include/unitree_api/unitree_api/msg/detail/response_status__struct.h
[2.936s] -- Up-to-date: /root/ros2_ws/src/install/unitree_api/include/unitree_api/unitree_api/msg/detail/request_header__type_support.h
[2.936s] -- Up-to-date: /root/ros2_ws/src/install/unitree_api/include/unitree_api/unitree_api/msg/detail/request_lease__struct.h
[2.936s] -- Up-to-date: /root/ros2_ws/src/install/unitree_api/include/unitree_api/unitree_api/msg/detail/request_policy__functions.c
[2.936s] -- Up-to-date: /root/ros2_ws/src/install/unitree_api/include/unitree_api/unitree_api/msg/detail/response_header__type_support.h
[2.936s] -- Up-to-date: /root/ros2_ws/src/install/unitree_api/include/unitree_api/unitree_api/msg/detail/response__type_support.h
[2.936s] -- Up-to-date: /root/ros2_ws/src/install/unitree_api/include/unitree_api/unitree_api/msg/detail/request__functions.h
[2.936s] -- Up-to-date: /root/ros2_ws/src/install/unitree_api/include/unitree_api/unitree_api/msg/detail/request_policy__type_support.h
[2.936s] -- Up-to-date: /root/ros2_ws/src/install/unitree_api/include/unitree_api/unitree_api/msg/detail/response_header__struct.h
[2.936s] -- Up-to-date: /root/ros2_ws/src/install/unitree_api/include/unitree_api/unitree_api/msg/detail/request_identity__type_support.h
[2.936s] -- Up-to-date: /root/ros2_ws/src/install/unitree_api/include/unitree_api/unitree_api/msg/detail/request__type_support.h
[2.936s] -- Up-to-date: /root/ros2_ws/src/install/unitree_api/include/unitree_api/unitree_api/msg/detail/response__functions.c
[2.936s] -- Up-to-date: /root/ros2_ws/src/install/unitree_api/include/unitree_api/unitree_api/msg/detail/request_lease__functions.c
[2.936s] -- Up-to-date: /root/ros2_ws/src/install/unitree_api/include/unitree_api/unitree_api/msg/detail/response_status__functions.h
[2.936s] -- Up-to-date: /root/ros2_ws/src/install/unitree_api/include/unitree_api/unitree_api/msg/detail/request_identity__functions.c
[2.936s] -- Up-to-date: /root/ros2_ws/src/install/unitree_api/include/unitree_api/unitree_api/msg/detail/request_lease__functions.h
[2.937s] -- Up-to-date: /root/ros2_ws/src/install/unitree_api/include/unitree_api/unitree_api/msg/detail/request_policy__struct.h
[2.937s] -- Up-to-date: /root/ros2_ws/src/install/unitree_api/include/unitree_api/unitree_api/msg/detail/response__struct.h
[2.937s] -- Up-to-date: /root/ros2_ws/src/install/unitree_api/include/unitree_api/unitree_api/msg/detail/response_status__functions.c
[2.937s] -- Up-to-date: /root/ros2_ws/src/install/unitree_api/include/unitree_api/unitree_api/msg/detail/request_header__struct.h
[2.937s] -- Up-to-date: /root/ros2_ws/src/install/unitree_api/include/unitree_api/unitree_api/msg/detail/response__functions.h
[2.937s] -- Up-to-date: /root/ros2_ws/src/install/unitree_api/include/unitree_api/unitree_api/msg/detail/request_lease__type_support.h
[2.937s] -- Up-to-date: /root/ros2_ws/src/install/unitree_api/include/unitree_api/unitree_api/msg/detail/request_header__functions.c
[2.940s] -- Up-to-date: /root/ros2_ws/src/install/unitree_api/include/unitree_api/unitree_api/msg/response_status.h
[2.940s] -- Up-to-date: /root/ros2_ws/src/install/unitree_api/include/unitree_api/unitree_api/msg/response.h
[2.940s] -- Up-to-date: /root/ros2_ws/src/install/unitree_api/include/unitree_api/unitree_api/msg/rosidl_generator_c__visibility_control.h
[2.940s] -- Up-to-date: /root/ros2_ws/src/install/unitree_api/include/unitree_api/unitree_api/msg/request_policy.h
[2.940s] -- Up-to-date: /root/ros2_ws/src/install/unitree_api/include/unitree_api/unitree_api/msg/request_lease.h
[2.940s] -- Up-to-date: /root/ros2_ws/src/install/unitree_api/include/unitree_api/unitree_api/msg/request_header.h
[2.940s] -- Up-to-date: /root/ros2_ws/src/install/unitree_api/include/unitree_api/unitree_api/msg/request.h
[2.940s] -- Up-to-date: /root/ros2_ws/src/install/unitree_api/include/unitree_api/unitree_api/msg/request_identity.h
[2.940s] -- Up-to-date: /root/ros2_ws/src/install/unitree_api/share/unitree_api/environment/library_path.sh
[2.940s] -- Installing: /root/ros2_ws/src/install/unitree_api/share/unitree_api/environment/library_path.dsv
[2.940s] -- Up-to-date: /root/ros2_ws/src/install/unitree_api/lib/libunitree_api__rosidl_generator_c.so
[2.940s] -- Up-to-date: /root/ros2_ws/src/install/unitree_api/include/unitree_api/unitree_api
[2.940s] -- Up-to-date: /root/ros2_ws/src/install/unitree_api/include/unitree_api/unitree_api/msg
[2.940s] -- Up-to-date: /root/ros2_ws/src/install/unitree_api/include/unitree_api/unitree_api/msg/detail
[2.940s] -- Up-to-date: /root/ros2_ws/src/install/unitree_api/include/unitree_api/unitree_api/msg/detail/response_status__rosidl_typesupport_fastrtps_c.h
[2.941s] -- Up-to-date: /root/ros2_ws/src/install/unitree_api/include/unitree_api/unitree_api/msg/detail/request_policy__rosidl_typesupport_fastrtps_c.h
[2.941s] -- Up-to-date: /root/ros2_ws/src/install/unitree_api/include/unitree_api/unitree_api/msg/detail/request__rosidl_typesupport_fastrtps_c.h
[2.941s] -- Up-to-date: /root/ros2_ws/src/install/unitree_api/include/unitree_api/unitree_api/msg/detail/request_header__rosidl_typesupport_fastrtps_c.h
[2.941s] -- Up-to-date: /root/ros2_ws/src/install/unitree_api/include/unitree_api/unitree_api/msg/detail/response_header__rosidl_typesupport_fastrtps_c.h
[2.941s] -- Up-to-date: /root/ros2_ws/src/install/unitree_api/include/unitree_api/unitree_api/msg/detail/request_lease__rosidl_typesupport_fastrtps_c.h
[2.941s] -- Up-to-date: /root/ros2_ws/src/install/unitree_api/include/unitree_api/unitree_api/msg/detail/response__rosidl_typesupport_fastrtps_c.h
[2.941s] -- Up-to-date: /root/ros2_ws/src/install/unitree_api/include/unitree_api/unitree_api/msg/detail/request_identity__rosidl_typesupport_fastrtps_c.h
[2.941s] -- Up-to-date: /root/ros2_ws/src/install/unitree_api/include/unitree_api/unitree_api/msg/rosidl_typesupport_fastrtps_c__visibility_control.h
[2.941s] -- Up-to-date: /root/ros2_ws/src/install/unitree_api/lib/libunitree_api__rosidl_typesupport_fastrtps_c.so
[2.942s] -- Up-to-date: /root/ros2_ws/src/install/unitree_api/include/unitree_api/unitree_api
[2.942s] -- Up-to-date: /root/ros2_ws/src/install/unitree_api/include/unitree_api/unitree_api/msg
[2.946s] -- Up-to-date: /root/ros2_ws/src/install/unitree_api/include/unitree_api/unitree_api/msg/request_policy.hpp
[2.946s] -- Up-to-date: /root/ros2_ws/src/install/unitree_api/include/unitree_api/unitree_api/msg/response_header.hpp
[2.946s] -- Up-to-date: /root/ros2_ws/src/install/unitree_api/include/unitree_api/unitree_api/msg/detail
[2.946s] -- Up-to-date: /root/ros2_ws/src/install/unitree_api/include/unitree_api/unitree_api/msg/detail/request_policy__struct.hpp
[2.946s] -- Up-to-date: /root/ros2_ws/src/install/unitree_api/include/unitree_api/unitree_api/msg/detail/request_policy__builder.hpp
[2.946s] -- Up-to-date: /root/ros2_ws/src/install/unitree_api/include/unitree_api/unitree_api/msg/detail/request_identity__builder.hpp
[2.946s] -- Up-to-date: /root/ros2_ws/src/install/unitree_api/include/unitree_api/unitree_api/msg/detail/response_status__traits.hpp
[2.946s] -- Up-to-date: /root/ros2_ws/src/install/unitree_api/include/unitree_api/unitree_api/msg/detail/response_status__builder.hpp
[2.946s] -- Up-to-date: /root/ros2_ws/src/install/unitree_api/include/unitree_api/unitree_api/msg/detail/request_header__struct.hpp
[2.946s] -- Up-to-date: /root/ros2_ws/src/install/unitree_api/include/unitree_api/unitree_api/msg/detail/response__builder.hpp
[2.946s] -- Up-to-date: /root/ros2_ws/src/install/unitree_api/include/unitree_api/unitree_api/msg/detail/request_policy__type_support.hpp
[2.947s] -- Up-to-date: /root/ros2_ws/src/install/unitree_api/include/unitree_api/unitree_api/msg/detail/response_header__builder.hpp
[2.947s] -- Up-to-date: /root/ros2_ws/src/install/unitree_api/include/unitree_api/unitree_api/msg/detail/request_header__type_support.hpp
[2.947s] -- Up-to-date: /root/ros2_ws/src/install/unitree_api/include/unitree_api/unitree_api/msg/detail/request_header__builder.hpp
[2.947s] -- Up-to-date: /root/ros2_ws/src/install/unitree_api/include/unitree_api/unitree_api/msg/detail/response_status__struct.hpp
[2.947s] -- Up-to-date: /root/ros2_ws/src/install/unitree_api/include/unitree_api/unitree_api/msg/detail/request__builder.hpp
[2.947s] -- Up-to-date: /root/ros2_ws/src/install/unitree_api/include/unitree_api/unitree_api/msg/detail/request__type_support.hpp
[2.947s] -- Up-to-date: /root/ros2_ws/src/install/unitree_api/include/unitree_api/unitree_api/msg/detail/response__traits.hpp
[2.947s] -- Up-to-date: /root/ros2_ws/src/install/unitree_api/include/unitree_api/unitree_api/msg/detail/request__struct.hpp
[2.947s] -- Up-to-date: /root/ros2_ws/src/install/unitree_api/include/unitree_api/unitree_api/msg/detail/request_policy__traits.hpp
[2.947s] -- Up-to-date: /root/ros2_ws/src/install/unitree_api/include/unitree_api/unitree_api/msg/detail/response__type_support.hpp
[2.947s] -- Up-to-date: /root/ros2_ws/src/install/unitree_api/include/unitree_api/unitree_api/msg/detail/request_identity__traits.hpp
[2.947s] -- Up-to-date: /root/ros2_ws/src/install/unitree_api/include/unitree_api/unitree_api/msg/detail/request_lease__builder.hpp
[2.947s] -- Up-to-date: /root/ros2_ws/src/install/unitree_api/include/unitree_api/unitree_api/msg/detail/request_identity__type_support.hpp
[2.947s] -- Up-to-date: /root/ros2_ws/src/install/unitree_api/include/unitree_api/unitree_api/msg/detail/response_status__type_support.hpp
[2.947s] -- Up-to-date: /root/ros2_ws/src/install/unitree_api/include/unitree_api/unitree_api/msg/detail/request_header__traits.hpp
[2.947s] -- Up-to-date: /root/ros2_ws/src/install/unitree_api/include/unitree_api/unitree_api/msg/detail/request_identity__struct.hpp
[2.947s] -- Up-to-date: /root/ros2_ws/src/install/unitree_api/include/unitree_api/unitree_api/msg/detail/response__struct.hpp
[2.947s] -- Up-to-date: /root/ros2_ws/src/install/unitree_api/include/unitree_api/unitree_api/msg/detail/request_lease__type_support.hpp
[2.948s] -- Up-to-date: /root/ros2_ws/src/install/unitree_api/include/unitree_api/unitree_api/msg/detail/response_header__traits.hpp
[2.948s] -- Up-to-date: /root/ros2_ws/src/install/unitree_api/include/unitree_api/unitree_api/msg/detail/request_lease__struct.hpp
[2.948s] -- Up-to-date: /root/ros2_ws/src/install/unitree_api/include/unitree_api/unitree_api/msg/detail/response_header__struct.hpp
[2.948s] -- Up-to-date: /root/ros2_ws/src/install/unitree_api/include/unitree_api/unitree_api/msg/detail/request_lease__traits.hpp
[2.948s] -- Up-to-date: /root/ros2_ws/src/install/unitree_api/include/unitree_api/unitree_api/msg/detail/response_header__type_support.hpp
[2.948s] -- Up-to-date: /root/ros2_ws/src/install/unitree_api/include/unitree_api/unitree_api/msg/detail/request__traits.hpp
[2.948s] -- Up-to-date: /root/ros2_ws/src/install/unitree_api/include/unitree_api/unitree_api/msg/request.hpp
[2.948s] -- Up-to-date: /root/ros2_ws/src/install/unitree_api/include/unitree_api/unitree_api/msg/request_header.hpp
[2.948s] -- Up-to-date: /root/ros2_ws/src/install/unitree_api/include/unitree_api/unitree_api/msg/response_status.hpp
[2.948s] -- Up-to-date: /root/ros2_ws/src/install/unitree_api/include/unitree_api/unitree_api/msg/request_lease.hpp
[2.948s] -- Up-to-date: /root/ros2_ws/src/install/unitree_api/include/unitree_api/unitree_api/msg/request_identity.hpp
[2.948s] -- Up-to-date: /root/ros2_ws/src/install/unitree_api/include/unitree_api/unitree_api/msg/response.hpp
[2.948s] -- Up-to-date: /root/ros2_ws/src/install/unitree_api/include/unitree_api/unitree_api/msg/rosidl_generator_cpp__visibility_control.hpp
[2.948s] -- Up-to-date: /root/ros2_ws/src/install/unitree_api/include/unitree_api/unitree_api
[2.948s] -- Up-to-date: /root/ros2_ws/src/install/unitree_api/include/unitree_api/unitree_api/msg
[2.948s] -- Up-to-date: /root/ros2_ws/src/install/unitree_api/include/unitree_api/unitree_api/msg/detail
[2.948s] -- Up-to-date: /root/ros2_ws/src/install/unitree_api/include/unitree_api/unitree_api/msg/detail/request_policy__rosidl_typesupport_fastrtps_cpp.hpp
[2.948s] -- Up-to-date: /root/ros2_ws/src/install/unitree_api/include/unitree_api/unitree_api/msg/detail/response_header__rosidl_typesupport_fastrtps_cpp.hpp
[2.948s] -- Up-to-date: /root/ros2_ws/src/install/unitree_api/include/unitree_api/unitree_api/msg/detail/dds_fastrtps
[2.948s] -- Up-to-date: /root/ros2_ws/src/install/unitree_api/include/unitree_api/unitree_api/msg/detail/response_status__rosidl_typesupport_fastrtps_cpp.hpp
[2.948s] -- Up-to-date: /root/ros2_ws/src/install/unitree_api/include/unitree_api/unitree_api/msg/detail/response__rosidl_typesupport_fastrtps_cpp.hpp
[2.948s] -- Up-to-date: /root/ros2_ws/src/install/unitree_api/include/unitree_api/unitree_api/msg/detail/request__rosidl_typesupport_fastrtps_cpp.hpp
[2.949s] -- Up-to-date: /root/ros2_ws/src/install/unitree_api/include/unitree_api/unitree_api/msg/detail/request_lease__rosidl_typesupport_fastrtps_cpp.hpp
[2.949s] -- Up-to-date: /root/ros2_ws/src/install/unitree_api/include/unitree_api/unitree_api/msg/detail/request_header__rosidl_typesupport_fastrtps_cpp.hpp
[2.949s] -- Up-to-date: /root/ros2_ws/src/install/unitree_api/include/unitree_api/unitree_api/msg/detail/request_identity__rosidl_typesupport_fastrtps_cpp.hpp
[2.949s] -- Up-to-date: /root/ros2_ws/src/install/unitree_api/include/unitree_api/unitree_api/msg/rosidl_typesupport_fastrtps_cpp__visibility_control.h
[2.949s] -- Up-to-date: /root/ros2_ws/src/install/unitree_api/lib/libunitree_api__rosidl_typesupport_fastrtps_cpp.so
[2.949s] -- Up-to-date: /root/ros2_ws/src/install/unitree_api/include/unitree_api/unitree_api
[2.949s] -- Up-to-date: /root/ros2_ws/src/install/unitree_api/include/unitree_api/unitree_api/msg
[2.949s] -- Up-to-date: /root/ros2_ws/src/install/unitree_api/include/unitree_api/unitree_api/msg/rosidl_typesupport_introspection_c__visibility_control.h
[2.949s] -- Up-to-date: /root/ros2_ws/src/install/unitree_api/include/unitree_api/unitree_api/msg/detail
[2.949s] -- Up-to-date: /root/ros2_ws/src/install/unitree_api/include/unitree_api/unitree_api/msg/detail/request_identity__rosidl_typesupport_introspection_c.h
[2.949s] -- Up-to-date: /root/ros2_ws/src/install/unitree_api/include/unitree_api/unitree_api/msg/detail/response_status__rosidl_typesupport_introspection_c.h
[2.949s] -- Up-to-date: /root/ros2_ws/src/install/unitree_api/include/unitree_api/unitree_api/msg/detail/response_header__rosidl_typesupport_introspection_c.h
[2.949s] -- Up-to-date: /root/ros2_ws/src/install/unitree_api/include/unitree_api/unitree_api/msg/detail/response__rosidl_typesupport_introspection_c.h
[2.949s] -- Up-to-date: /root/ros2_ws/src/install/unitree_api/include/unitree_api/unitree_api/msg/detail/request_identity__type_support.c
[2.949s] -- Up-to-date: /root/ros2_ws/src/install/unitree_api/include/unitree_api/unitree_api/msg/detail/request_lease__rosidl_typesupport_introspection_c.h
[2.949s] -- Up-to-date: /root/ros2_ws/src/install/unitree_api/include/unitree_api/unitree_api/msg/detail/request_lease__type_support.c
[2.949s] -- Up-to-date: /root/ros2_ws/src/install/unitree_api/include/unitree_api/unitree_api/msg/detail/request_policy__type_support.c
[2.949s] -- Up-to-date: /root/ros2_ws/src/install/unitree_api/include/unitree_api/unitree_api/msg/detail/request__type_support.c
[2.949s] -- Up-to-date: /root/ros2_ws/src/install/unitree_api/include/unitree_api/unitree_api/msg/detail/response_header__type_support.c
[2.949s] -- Up-to-date: /root/ros2_ws/src/install/unitree_api/include/unitree_api/unitree_api/msg/detail/response_status__type_support.c
[2.949s] -- Up-to-date: /root/ros2_ws/src/install/unitree_api/include/unitree_api/unitree_api/msg/detail/request_header__type_support.c
[2.949s] -- Up-to-date: /root/ros2_ws/src/install/unitree_api/include/unitree_api/unitree_api/msg/detail/response__type_support.c
[2.949s] -- Up-to-date: /root/ros2_ws/src/install/unitree_api/include/unitree_api/unitree_api/msg/detail/request__rosidl_typesupport_introspection_c.h
[2.949s] -- Up-to-date: /root/ros2_ws/src/install/unitree_api/include/unitree_api/unitree_api/msg/detail/request_policy__rosidl_typesupport_introspection_c.h
[2.949s] -- Up-to-date: /root/ros2_ws/src/install/unitree_api/include/unitree_api/unitree_api/msg/detail/request_header__rosidl_typesupport_introspection_c.h
[2.949s] -- Up-to-date: /root/ros2_ws/src/install/unitree_api/lib/libunitree_api__rosidl_typesupport_introspection_c.so
[2.949s] -- Up-to-date: /root/ros2_ws/src/install/unitree_api/lib/libunitree_api__rosidl_typesupport_c.so
[2.950s] -- Up-to-date: /root/ros2_ws/src/install/unitree_api/include/unitree_api/unitree_api
[2.950s] -- Up-to-date: /root/ros2_ws/src/install/unitree_api/include/unitree_api/unitree_api/msg
[2.950s] -- Up-to-date: /root/ros2_ws/src/install/unitree_api/include/unitree_api/unitree_api/msg/detail
[2.950s] -- Up-to-date: /root/ros2_ws/src/install/unitree_api/include/unitree_api/unitree_api/msg/detail/request_identity__rosidl_typesupport_introspection_cpp.hpp
[2.950s] -- Up-to-date: /root/ros2_ws/src/install/unitree_api/include/unitree_api/unitree_api/msg/detail/response__type_support.cpp
[2.950s] -- Up-to-date: /root/ros2_ws/src/install/unitree_api/include/unitree_api/unitree_api/msg/detail/request_policy__type_support.cpp
[2.950s] -- Up-to-date: /root/ros2_ws/src/install/unitree_api/include/unitree_api/unitree_api/msg/detail/response__rosidl_typesupport_introspection_cpp.hpp
[2.950s] -- Up-to-date: /root/ros2_ws/src/install/unitree_api/include/unitree_api/unitree_api/msg/detail/response_header__rosidl_typesupport_introspection_cpp.hpp
[2.950s] -- Up-to-date: /root/ros2_ws/src/install/unitree_api/include/unitree_api/unitree_api/msg/detail/request__rosidl_typesupport_introspection_cpp.hpp
[2.953s] -- Up-to-date: /root/ros2_ws/src/install/unitree_api/include/unitree_api/unitree_api/msg/detail/response_header__type_support.cpp
[2.953s] -- Up-to-date: /root/ros2_ws/src/install/unitree_api/include/unitree_api/unitree_api/msg/detail/request_header__rosidl_typesupport_introspection_cpp.hpp
[2.953s] -- Up-to-date: /root/ros2_ws/src/install/unitree_api/include/unitree_api/unitree_api/msg/detail/response_status__rosidl_typesupport_introspection_cpp.hpp
[2.953s] -- Up-to-date: /root/ros2_ws/src/install/unitree_api/include/unitree_api/unitree_api/msg/detail/request__type_support.cpp
[2.953s] -- Up-to-date: /root/ros2_ws/src/install/unitree_api/include/unitree_api/unitree_api/msg/detail/response_status__type_support.cpp
[2.953s] -- Up-to-date: /root/ros2_ws/src/install/unitree_api/include/unitree_api/unitree_api/msg/detail/request_policy__rosidl_typesupport_introspection_cpp.hpp
[2.953s] -- Up-to-date: /root/ros2_ws/src/install/unitree_api/include/unitree_api/unitree_api/msg/detail/request_lease__type_support.cpp
[2.953s] -- Up-to-date: /root/ros2_ws/src/install/unitree_api/include/unitree_api/unitree_api/msg/detail/request_header__type_support.cpp
[2.953s] -- Up-to-date: /root/ros2_ws/src/install/unitree_api/include/unitree_api/unitree_api/msg/detail/request_identity__type_support.cpp
[2.953s] -- Up-to-date: /root/ros2_ws/src/install/unitree_api/include/unitree_api/unitree_api/msg/detail/request_lease__rosidl_typesupport_introspection_cpp.hpp
[2.953s] -- Up-to-date: /root/ros2_ws/src/install/unitree_api/lib/libunitree_api__rosidl_typesupport_introspection_cpp.so
[2.953s] -- Up-to-date: /root/ros2_ws/src/install/unitree_api/lib/libunitree_api__rosidl_typesupport_cpp.so
[2.953s] -- Up-to-date: /root/ros2_ws/src/install/unitree_api/share/unitree_api/environment/pythonpath.sh
[2.953s] -- Installing: /root/ros2_ws/src/install/unitree_api/share/unitree_api/environment/pythonpath.dsv
[2.953s] -- Up-to-date: /root/ros2_ws/src/install/unitree_api/local/lib/python3.10/dist-packages/unitree_api-0.0.0-py3.10.egg-info
[2.953s] -- Installing: /root/ros2_ws/src/install/unitree_api/local/lib/python3.10/dist-packages/unitree_api-0.0.0-py3.10.egg-info/PKG-INFO
[2.954s] -- Installing: /root/ros2_ws/src/install/unitree_api/local/lib/python3.10/dist-packages/unitree_api-0.0.0-py3.10.egg-info/dependency_links.txt
[2.954s] -- Installing: /root/ros2_ws/src/install/unitree_api/local/lib/python3.10/dist-packages/unitree_api-0.0.0-py3.10.egg-info/SOURCES.txt
[2.954s] -- Installing: /root/ros2_ws/src/install/unitree_api/local/lib/python3.10/dist-packages/unitree_api-0.0.0-py3.10.egg-info/top_level.txt
[2.954s] -- Up-to-date: /root/ros2_ws/src/install/unitree_api/local/lib/python3.10/dist-packages/unitree_api
[2.954s] -- Up-to-date: /root/ros2_ws/src/install/unitree_api/local/lib/python3.10/dist-packages/unitree_api/_unitree_api_s.ep.rosidl_typesupport_c.c
[2.954s] -- Up-to-date: /root/ros2_ws/src/install/unitree_api/local/lib/python3.10/dist-packages/unitree_api/unitree_api_s__rosidl_typesupport_introspection_c.cpython-310-x86_64-linux-gnu.so
[2.954s] -- Up-to-date: /root/ros2_ws/src/install/unitree_api/local/lib/python3.10/dist-packages/unitree_api/libunitree_api__rosidl_generator_py.so
[2.954s] -- Up-to-date: /root/ros2_ws/src/install/unitree_api/local/lib/python3.10/dist-packages/unitree_api/_unitree_api_s.ep.rosidl_typesupport_fastrtps_c.c
[2.954s] -- Up-to-date: /root/ros2_ws/src/install/unitree_api/local/lib/python3.10/dist-packages/unitree_api/_unitree_api_s.ep.rosidl_typesupport_introspection_c.c
[2.954s] -- Up-to-date: /root/ros2_ws/src/install/unitree_api/local/lib/python3.10/dist-packages/unitree_api/unitree_api_s__rosidl_typesupport_c.cpython-310-x86_64-linux-gnu.so
[2.954s] -- Up-to-date: /root/ros2_ws/src/install/unitree_api/local/lib/python3.10/dist-packages/unitree_api/unitree_api_s__rosidl_typesupport_fastrtps_c.cpython-310-x86_64-linux-gnu.so
[2.954s] -- Installing: /root/ros2_ws/src/install/unitree_api/local/lib/python3.10/dist-packages/unitree_api/__init__.py
[2.954s] -- Up-to-date: /root/ros2_ws/src/install/unitree_api/local/lib/python3.10/dist-packages/unitree_api/msg
[2.954s] -- Up-to-date: /root/ros2_ws/src/install/unitree_api/local/lib/python3.10/dist-packages/unitree_api/msg/_request_policy.py
[2.954s] -- Up-to-date: /root/ros2_ws/src/install/unitree_api/local/lib/python3.10/dist-packages/unitree_api/msg/_request_s.c
[2.954s] -- Up-to-date: /root/ros2_ws/src/install/unitree_api/local/lib/python3.10/dist-packages/unitree_api/msg/_request.py
[2.954s] -- Up-to-date: /root/ros2_ws/src/install/unitree_api/local/lib/python3.10/dist-packages/unitree_api/msg/_response_status_s.c
[2.954s] -- Up-to-date: /root/ros2_ws/src/install/unitree_api/local/lib/python3.10/dist-packages/unitree_api/msg/_response_s.c
[2.954s] -- Up-to-date: /root/ros2_ws/src/install/unitree_api/local/lib/python3.10/dist-packages/unitree_api/msg/_request_header_s.c
[2.954s] -- Up-to-date: /root/ros2_ws/src/install/unitree_api/local/lib/python3.10/dist-packages/unitree_api/msg/_response.py
[2.954s] -- Up-to-date: /root/ros2_ws/src/install/unitree_api/local/lib/python3.10/dist-packages/unitree_api/msg/_request_policy_s.c
[2.954s] -- Up-to-date: /root/ros2_ws/src/install/unitree_api/local/lib/python3.10/dist-packages/unitree_api/msg/_response_header.py
[2.954s] -- Up-to-date: /root/ros2_ws/src/install/unitree_api/local/lib/python3.10/dist-packages/unitree_api/msg/_response_status.py
[2.954s] -- Up-to-date: /root/ros2_ws/src/install/unitree_api/local/lib/python3.10/dist-packages/unitree_api/msg/_request_identity_s.c
[2.954s] -- Up-to-date: /root/ros2_ws/src/install/unitree_api/local/lib/python3.10/dist-packages/unitree_api/msg/__init__.py
[2.954s] -- Up-to-date: /root/ros2_ws/src/install/unitree_api/local/lib/python3.10/dist-packages/unitree_api/msg/_request_identity.py
[2.954s] -- Up-to-date: /root/ros2_ws/src/install/unitree_api/local/lib/python3.10/dist-packages/unitree_api/msg/_request_header.py
[2.954s] -- Up-to-date: /root/ros2_ws/src/install/unitree_api/local/lib/python3.10/dist-packages/unitree_api/msg/_request_lease_s.c
[2.955s] -- Up-to-date: /root/ros2_ws/src/install/unitree_api/local/lib/python3.10/dist-packages/unitree_api/msg/_request_lease.py
[2.955s] -- Up-to-date: /root/ros2_ws/src/install/unitree_api/local/lib/python3.10/dist-packages/unitree_api/msg/_response_header_s.c
[2.979s] Listing '/root/ros2_ws/src/install/unitree_api/local/lib/python3.10/dist-packages/unitree_api'...
[2.979s] Compiling '/root/ros2_ws/src/install/unitree_api/local/lib/python3.10/dist-packages/unitree_api/__init__.py'...
[2.979s] Listing '/root/ros2_ws/src/install/unitree_api/local/lib/python3.10/dist-packages/unitree_api/msg'...
[2.983s] -- Up-to-date: /root/ros2_ws/src/install/unitree_api/local/lib/python3.10/dist-packages/unitree_api/unitree_api_s__rosidl_typesupport_fastrtps_c.cpython-310-x86_64-linux-gnu.so
[2.983s] -- Up-to-date: /root/ros2_ws/src/install/unitree_api/local/lib/python3.10/dist-packages/unitree_api/unitree_api_s__rosidl_typesupport_introspection_c.cpython-310-x86_64-linux-gnu.so
[2.984s] -- Up-to-date: /root/ros2_ws/src/install/unitree_api/local/lib/python3.10/dist-packages/unitree_api/unitree_api_s__rosidl_typesupport_c.cpython-310-x86_64-linux-gnu.so
[2.984s] -- Up-to-date: /root/ros2_ws/src/install/unitree_api/lib/libunitree_api__rosidl_generator_py.so
[2.984s] -- Up-to-date: /root/ros2_ws/src/install/unitree_api/share/unitree_api/msg/Request.idl
[2.984s] -- Up-to-date: /root/ros2_ws/src/install/unitree_api/share/unitree_api/msg/RequestHeader.idl
[2.984s] -- Up-to-date: /root/ros2_ws/src/install/unitree_api/share/unitree_api/msg/RequestIdentity.idl
[2.985s] -- Up-to-date: /root/ros2_ws/src/install/unitree_api/share/unitree_api/msg/RequestLease.idl
[2.985s] -- Up-to-date: /root/ros2_ws/src/install/unitree_api/share/unitree_api/msg/RequestPolicy.idl
[2.985s] -- Up-to-date: /root/ros2_ws/src/install/unitree_api/share/unitree_api/msg/Response.idl
[2.985s] -- Up-to-date: /root/ros2_ws/src/install/unitree_api/share/unitree_api/msg/ResponseHeader.idl
[2.985s] -- Up-to-date: /root/ros2_ws/src/install/unitree_api/share/unitree_api/msg/ResponseStatus.idl
[2.988s] -- Up-to-date: /root/ros2_ws/src/install/unitree_api/share/unitree_api/msg/Request.msg
[2.988s] -- Up-to-date: /root/ros2_ws/src/install/unitree_api/share/unitree_api/msg/RequestHeader.msg
[2.988s] -- Up-to-date: /root/ros2_ws/src/install/unitree_api/share/unitree_api/msg/RequestIdentity.msg
[2.988s] -- Up-to-date: /root/ros2_ws/src/install/unitree_api/share/unitree_api/msg/RequestLease.msg
[2.988s] -- Up-to-date: /root/ros2_ws/src/install/unitree_api/share/unitree_api/msg/RequestPolicy.msg
[2.988s] -- Up-to-date: /root/ros2_ws/src/install/unitree_api/share/unitree_api/msg/Response.msg
[2.988s] -- Up-to-date: /root/ros2_ws/src/install/unitree_api/share/unitree_api/msg/ResponseHeader.msg
[2.988s] -- Up-to-date: /root/ros2_ws/src/install/unitree_api/share/unitree_api/msg/ResponseStatus.msg
[2.988s] -- Up-to-date: /root/ros2_ws/src/install/unitree_api/share/unitree_api/msg/dds_connext
[2.988s] -- Up-to-date: /root/ros2_ws/src/install/unitree_api/share/unitree_api/msg/dds_connext/RequestPolicy_.idl
[2.988s] -- Up-to-date: /root/ros2_ws/src/install/unitree_api/share/unitree_api/msg/dds_connext/RequestLease_.idl
[2.988s] -- Up-to-date: /root/ros2_ws/src/install/unitree_api/share/unitree_api/msg/dds_connext/ResponseHeader_.idl
[2.988s] -- Up-to-date: /root/ros2_ws/src/install/unitree_api/share/unitree_api/msg/dds_connext/Response_.idl
[2.988s] -- Up-to-date: /root/ros2_ws/src/install/unitree_api/share/unitree_api/msg/dds_connext/RequestIdentity_.idl
[2.989s] -- Up-to-date: /root/ros2_ws/src/install/unitree_api/share/unitree_api/msg/dds_connext/ResponseStatus_.idl
[2.989s] -- Up-to-date: /root/ros2_ws/src/install/unitree_api/share/unitree_api/msg/dds_connext/RequestHeader_.idl
[2.989s] -- Up-to-date: /root/ros2_ws/src/install/unitree_api/share/unitree_api/msg/dds_connext/Request_.idl
[2.989s] -- Up-to-date: /root/ros2_ws/src/install/unitree_api/share/ament_index/resource_index/package_run_dependencies/unitree_api
[2.989s] -- Installing: /root/ros2_ws/src/install/unitree_api/share/ament_index/resource_index/parent_prefix_path/unitree_api
[2.991s] -- Up-to-date: /root/ros2_ws/src/install/unitree_api/share/unitree_api/environment/ament_prefix_path.sh
[2.991s] -- Installing: /root/ros2_ws/src/install/unitree_api/share/unitree_api/environment/ament_prefix_path.dsv
[2.991s] -- Up-to-date: /root/ros2_ws/src/install/unitree_api/share/unitree_api/environment/path.sh
[2.991s] -- Installing: /root/ros2_ws/src/install/unitree_api/share/unitree_api/environment/path.dsv
[2.991s] -- Up-to-date: /root/ros2_ws/src/install/unitree_api/share/unitree_api/local_setup.bash
[2.992s] -- Up-to-date: /root/ros2_ws/src/install/unitree_api/share/unitree_api/local_setup.sh
[2.992s] -- Up-to-date: /root/ros2_ws/src/install/unitree_api/share/unitree_api/local_setup.zsh
[2.992s] -- Installing: /root/ros2_ws/src/install/unitree_api/share/unitree_api/local_setup.dsv
[2.992s] -- Installing: /root/ros2_ws/src/install/unitree_api/share/unitree_api/package.dsv
[2.992s] -- Up-to-date: /root/ros2_ws/src/install/unitree_api/share/ament_index/resource_index/packages/unitree_api
[2.992s] -- Up-to-date: /root/ros2_ws/src/install/unitree_api/share/unitree_api/cmake/export_unitree_api__rosidl_generator_cExport.cmake
[2.992s] -- Up-to-date: /root/ros2_ws/src/install/unitree_api/share/unitree_api/cmake/export_unitree_api__rosidl_generator_cExport-noconfig.cmake
[2.992s] -- Up-to-date: /root/ros2_ws/src/install/unitree_api/share/unitree_api/cmake/export_unitree_api__rosidl_typesupport_fastrtps_cExport.cmake
[2.992s] -- Up-to-date: /root/ros2_ws/src/install/unitree_api/share/unitree_api/cmake/export_unitree_api__rosidl_typesupport_fastrtps_cExport-noconfig.cmake
[2.992s] -- Up-to-date: /root/ros2_ws/src/install/unitree_api/share/unitree_api/cmake/export_unitree_api__rosidl_generator_cppExport.cmake
[2.992s] -- Up-to-date: /root/ros2_ws/src/install/unitree_api/share/unitree_api/cmake/export_unitree_api__rosidl_typesupport_fastrtps_cppExport.cmake
[2.992s] -- Up-to-date: /root/ros2_ws/src/install/unitree_api/share/unitree_api/cmake/export_unitree_api__rosidl_typesupport_fastrtps_cppExport-noconfig.cmake
[2.992s] -- Up-to-date: /root/ros2_ws/src/install/unitree_api/share/unitree_api/cmake/unitree_api__rosidl_typesupport_introspection_cExport.cmake
[2.992s] -- Up-to-date: /root/ros2_ws/src/install/unitree_api/share/unitree_api/cmake/unitree_api__rosidl_typesupport_introspection_cExport-noconfig.cmake
[2.992s] -- Up-to-date: /root/ros2_ws/src/install/unitree_api/share/unitree_api/cmake/unitree_api__rosidl_typesupport_cExport.cmake
[2.992s] -- Up-to-date: /root/ros2_ws/src/install/unitree_api/share/unitree_api/cmake/unitree_api__rosidl_typesupport_cExport-noconfig.cmake
[2.992s] -- Up-to-date: /root/ros2_ws/src/install/unitree_api/share/unitree_api/cmake/unitree_api__rosidl_typesupport_introspection_cppExport.cmake
[2.993s] -- Up-to-date: /root/ros2_ws/src/install/unitree_api/share/unitree_api/cmake/unitree_api__rosidl_typesupport_introspection_cppExport-noconfig.cmake
[2.993s] -- Up-to-date: /root/ros2_ws/src/install/unitree_api/share/unitree_api/cmake/unitree_api__rosidl_typesupport_cppExport.cmake
[2.993s] -- Up-to-date: /root/ros2_ws/src/install/unitree_api/share/unitree_api/cmake/unitree_api__rosidl_typesupport_cppExport-noconfig.cmake
[2.993s] -- Up-to-date: /root/ros2_ws/src/install/unitree_api/share/unitree_api/cmake/export_unitree_api__rosidl_generator_pyExport.cmake
[2.993s] -- Up-to-date: /root/ros2_ws/src/install/unitree_api/share/unitree_api/cmake/export_unitree_api__rosidl_generator_pyExport-noconfig.cmake
[2.993s] -- Up-to-date: /root/ros2_ws/src/install/unitree_api/share/unitree_api/cmake/rosidl_cmake-extras.cmake
[2.993s] -- Up-to-date: /root/ros2_ws/src/install/unitree_api/share/unitree_api/cmake/ament_cmake_export_dependencies-extras.cmake
[2.993s] -- Up-to-date: /root/ros2_ws/src/install/unitree_api/share/unitree_api/cmake/ament_cmake_export_include_directories-extras.cmake
[2.993s] -- Up-to-date: /root/ros2_ws/src/install/unitree_api/share/unitree_api/cmake/ament_cmake_export_libraries-extras.cmake
[2.993s] -- Up-to-date: /root/ros2_ws/src/install/unitree_api/share/unitree_api/cmake/ament_cmake_export_targets-extras.cmake
[2.993s] -- Up-to-date: /root/ros2_ws/src/install/unitree_api/share/unitree_api/cmake/rosidl_cmake_export_typesupport_targets-extras.cmake
[2.993s] -- Up-to-date: /root/ros2_ws/src/install/unitree_api/share/unitree_api/cmake/rosidl_cmake_export_typesupport_libraries-extras.cmake
[2.994s] -- Up-to-date: /root/ros2_ws/src/install/unitree_api/share/unitree_api/cmake/unitree_apiConfig.cmake
[2.994s] -- Up-to-date: /root/ros2_ws/src/install/unitree_api/share/unitree_api/cmake/unitree_apiConfig-version.cmake
[2.994s] -- Up-to-date: /root/ros2_ws/src/install/unitree_api/share/unitree_api/package.xml
[2.998s] Invoked command in '/root/ros2_ws/src/build/unitree_api' returned '0': CMAKE_PREFIX_PATH=${CMAKE_PREFIX_PATH}:/root/ros2_ws/src/install/transform_sensors:/root/ros2_ws/src/install/ros_tcp_endpoint:/opt/ros/humble /usr/bin/cmake --install /root/ros2_ws/src/build/unitree_api
