[0.052s] Invoking command in '/root/ros2_ws/src/build/livox_ros_driver2': CMAKE_PREFIX_PATH=${CMAKE_PREFIX_PATH}:/root/ros2_ws/src/install/transform_sensors:/root/ros2_ws/src/install/ros_tcp_endpoint:/opt/ros/humble /usr/bin/cmake /root/ros2_ws/src/slam/livox_ros_driver2 -DCMAKE_INSTALL_PREFIX=/root/ros2_ws/src/install/livox_ros_driver2
[0.514s] -- livox_ros_driver2 version: 1.2.4
[0.514s] -- Found ament_cmake_auto: 1.3.12 (/opt/ros/humble/share/ament_cmake_auto/cmake)
[0.514s] -- Using all available rosidl_typesupport_c: rosidl_typesupport_fastrtps_c;rosidl_typesupport_introspection_c
[0.514s] -- Found rosidl_adapter: 3.1.8 (/opt/ros/humble/share/rosidl_adapter/cmake)
[0.514s] -- Using all available rosidl_typesupport_cpp: rosidl_typesupport_fastrtps_cpp;rosidl_typesupport_introspection_cpp
[0.514s] -- Found rmw_implementation_cmake: 6.1.2 (/opt/ros/humble/share/rmw_implementation_cmake/cmake)
[0.514s] -- Found rmw_fastrtps_cpp: 6.2.9 (/opt/ros/humble/share/rmw_fastrtps_cpp/cmake)
[0.514s] -- Using RMW implementation 'rmw_fastrtps_cpp' as default
[0.522s] -- Eigen found (include: /usr/include/eigen3, version: 3.4.0)
[0.571s] -- FLANN found (include: /usr/include, lib: /usr/lib/x86_64-linux-gnu/libflann_cpp.so)
[1.048s] -- OpenNI found (version: 1.5.4.0, include: /usr/include/ni, lib: /usr/lib/libOpenNI.so;libusb::libusb)
[1.058s] -- OpenNI2 found (version: 2.2.0.33, include: /usr/include/openni2, lib: /usr/lib/x86_64-linux-gnu/libOpenNI2.so;libusb::libusb)
[1.261s] -- Eigen found (include: /usr/include/eigen3, version: 3.4.0)
[1.270s] -- OpenNI found (version: 1.5.4.0, include: /usr/include/ni, lib: /usr/lib/libOpenNI.so;libusb::libusb)
[1.283s] -- OpenNI2 found (version: 2.2.0.33, include: /usr/include/openni2, lib: /usr/lib/x86_64-linux-gnu/libOpenNI2.so;libusb::libusb)
[1.484s] -- Found Qhull version 8.0.2
[1.763s] -- OpenNI found (version: 1.5.4.0, include: /usr/include/ni, lib: /usr/lib/libOpenNI.so;libusb::libusb)
[2.127s] -- Checking for module 'apr-1'
[2.136s] --   No package 'apr-1' found
[2.507s] -- Found ament_cmake_ros: 0.10.0 (/opt/ros/humble/share/ament_cmake_ros/cmake)
[2.861s] -- Using all available rosidl_typesupport_c: rosidl_typesupport_fastrtps_c;rosidl_typesupport_introspection_c
[3.283s] -- Using all available rosidl_typesupport_cpp: rosidl_typesupport_fastrtps_cpp;rosidl_typesupport_introspection_cpp
[3.314s] -- Found python_cmake_module: 0.10.0 (/opt/ros/humble/share/python_cmake_module/cmake)
[3.346s] -- Using PYTHON_EXECUTABLE: /usr/bin/python3
[3.346s] -- Using PYTHON_INCLUDE_DIRS: /usr/include/python3.10
[3.346s] -- Using PYTHON_LIBRARIES: /usr/lib/x86_64-linux-gnu/libpython3.10.so
[3.505s] -- Using numpy include directory: /usr/local/lib/python3.10/dist-packages/numpy/core/include
[3.550s] -- Found ament_lint_auto: 0.12.14 (/opt/ros/humble/share/ament_lint_auto/cmake)
[3.558s] -- Added test 'copyright' to check source files copyright and LICENSE
[3.576s] -- Added test 'cppcheck' to perform static code analysis on C / C++ code
[3.576s] -- Configured cppcheck include dirs: /root/ros2_ws/src/slam/livox_ros_driver2/3rdparty;/root/ros2_ws/src/slam/livox_ros_driver2/src
[3.577s] -- Configured cppcheck exclude dirs and/or files: 
[3.594s] -- Added test 'cpplint' to check C / C++ code against the Google style
[3.594s] -- Configured cpplint exclude dirs and/or files: 
[3.596s] -- Added test 'flake8' to check Python code syntax and style conventions
[3.601s] -- Added test 'lint_cmake' to check CMake code style
[3.603s] -- Added test 'pep257' to check Python code against some of the docstring style conventions in PEP 257
[3.620s] -- Added test 'uncrustify' to check C / C++ code style
[3.620s] -- Configured uncrustify additional arguments: 
[3.622s] -- Added test 'xmllint' to check XML markup files
[3.623s] -- Configuring done
[3.679s] -- Generating done
[3.697s] -- Build files have been written to: /root/ros2_ws/src/build/livox_ros_driver2
[3.715s] Invoked command in '/root/ros2_ws/src/build/livox_ros_driver2' returned '0': CMAKE_PREFIX_PATH=${CMAKE_PREFIX_PATH}:/root/ros2_ws/src/install/transform_sensors:/root/ros2_ws/src/install/ros_tcp_endpoint:/opt/ros/humble /usr/bin/cmake /root/ros2_ws/src/slam/livox_ros_driver2 -DCMAKE_INSTALL_PREFIX=/root/ros2_ws/src/install/livox_ros_driver2
[3.716s] Invoking command in '/root/ros2_ws/src/build/livox_ros_driver2': CMAKE_PREFIX_PATH=${CMAKE_PREFIX_PATH}:/root/ros2_ws/src/install/transform_sensors:/root/ros2_ws/src/install/ros_tcp_endpoint:/opt/ros/humble /usr/bin/cmake --build /root/ros2_ws/src/build/livox_ros_driver2 -- -j24 -l24
[3.761s] [35m[1mConsolidate compiler generated dependencies of target livox_interfaces2__rosidl_generator_c[0m
[3.761s] [35m[1mConsolidate compiler generated dependencies of target livox_ros_driver2_node[0m
[3.773s] [  1%] Built target livox_interfaces2__cpp
[3.773s] [  8%] Built target livox_interfaces2__rosidl_generator_c
[3.780s] [ 12%] Built target livox_ros_driver2_node
[3.784s] [ 12%] Built target ament_cmake_python_copy_livox_ros_driver2
[3.786s] [35m[1mConsolidate compiler generated dependencies of target livox_interfaces2__rosidl_typesupport_fastrtps_cpp[0m
[3.786s] [35m[1mConsolidate compiler generated dependencies of target livox_interfaces2__rosidl_typesupport_introspection_cpp[0m
[3.787s] [35m[1mConsolidate compiler generated dependencies of target livox_interfaces2__rosidl_typesupport_cpp[0m
[3.787s] [35m[1mConsolidate compiler generated dependencies of target livox_interfaces2__rosidl_typesupport_introspection_c[0m
[3.787s] [35m[1mConsolidate compiler generated dependencies of target livox_interfaces2__rosidl_typesupport_fastrtps_c[0m
[3.791s] [35m[1mConsolidate compiler generated dependencies of target livox_interfaces2__rosidl_typesupport_c[0m
[3.803s] [ 19%] Built target livox_interfaces2__rosidl_typesupport_cpp
[3.806s] [ 26%] Built target livox_interfaces2__rosidl_typesupport_fastrtps_cpp
[3.808s] [ 33%] Built target livox_interfaces2__rosidl_typesupport_fastrtps_c
[3.809s] [ 40%] Built target livox_interfaces2__rosidl_typesupport_introspection_c
[3.811s] [ 47%] Built target livox_interfaces2__rosidl_typesupport_introspection_cpp
[3.811s] [ 54%] Built target livox_interfaces2__rosidl_typesupport_c
[3.828s] [35m[1mConsolidate compiler generated dependencies of target livox_ros_driver2[0m
[3.835s] [ 54%] Built target livox_interfaces2
[3.860s] [ 56%] Built target livox_interfaces2__py
[3.875s] [35m[1mConsolidate compiler generated dependencies of target livox_interfaces2__rosidl_generator_py[0m
[3.876s] [ 84%] Built target livox_ros_driver2
[3.892s] [ 89%] Built target livox_interfaces2__rosidl_generator_py
[3.906s] [35m[1mConsolidate compiler generated dependencies of target livox_ros_driver2__rosidl_typesupport_fastrtps_c__pyext[0m
[3.906s] [35m[1mConsolidate compiler generated dependencies of target livox_ros_driver2__rosidl_typesupport_c__pyext[0m
[3.906s] [35m[1mConsolidate compiler generated dependencies of target livox_ros_driver2__rosidl_typesupport_introspection_c__pyext[0m
[3.918s] [ 92%] Built target livox_ros_driver2__rosidl_typesupport_fastrtps_c__pyext
[3.921s] [ 96%] Built target livox_ros_driver2__rosidl_typesupport_c__pyext
[3.921s] [100%] Built target livox_ros_driver2__rosidl_typesupport_introspection_c__pyext
[4.056s] /usr/local/lib/python3.10/dist-packages/setuptools_scm/_integration/setuptools.py:24: RuntimeWarning: 
[4.056s] ERROR: setuptools==59.6.0 is used in combination with setuptools-scm>=8.x
[4.056s] 
[4.056s] Your build configuration is incomplete and previously worked by accident!
[4.056s] setuptools-scm requires setuptools>=61 (recommended: >=80)
[4.056s] 
[4.056s] Suggested workaround if applicable:
[4.056s]  - migrating from the deprecated setup_requires mechanism to pep517/518
[4.056s]    and using a pyproject.toml to declare build dependencies
[4.056s]    which are reliably pre-installed before running the build tools
[4.056s] 
[4.056s]   warnings.warn(
[4.056s] running egg_info
[4.056s] writing livox_ros_driver2.egg-info/PKG-INFO
[4.056s] writing dependency_links to livox_ros_driver2.egg-info/dependency_links.txt
[4.056s] writing top-level names to livox_ros_driver2.egg-info/top_level.txt
[4.086s] listing git files failed - pretending there aren't any
[4.200s] reading manifest file 'livox_ros_driver2.egg-info/SOURCES.txt'
[4.201s] writing manifest file 'livox_ros_driver2.egg-info/SOURCES.txt'
[4.230s] [100%] Built target ament_cmake_python_build_livox_ros_driver2_egg
[4.246s] Invoked command in '/root/ros2_ws/src/build/livox_ros_driver2' returned '0': CMAKE_PREFIX_PATH=${CMAKE_PREFIX_PATH}:/root/ros2_ws/src/install/transform_sensors:/root/ros2_ws/src/install/ros_tcp_endpoint:/opt/ros/humble /usr/bin/cmake --build /root/ros2_ws/src/build/livox_ros_driver2 -- -j24 -l24
[4.247s] Invoking command in '/root/ros2_ws/src/build/livox_ros_driver2': CMAKE_PREFIX_PATH=${CMAKE_PREFIX_PATH}:/root/ros2_ws/src/install/transform_sensors:/root/ros2_ws/src/install/ros_tcp_endpoint:/opt/ros/humble /usr/bin/cmake --install /root/ros2_ws/src/build/livox_ros_driver2
[4.255s] -- Install configuration: ""
[4.256s] -- Up-to-date: /root/ros2_ws/src/install/livox_ros_driver2/share/ament_index/resource_index/rosidl_interfaces/livox_ros_driver2
[4.256s] -- Up-to-date: /root/ros2_ws/src/install/livox_ros_driver2/include/livox_ros_driver2/livox_ros_driver2
[4.256s] -- Up-to-date: /root/ros2_ws/src/install/livox_ros_driver2/include/livox_ros_driver2/livox_ros_driver2/msg
[4.256s] -- Up-to-date: /root/ros2_ws/src/install/livox_ros_driver2/include/livox_ros_driver2/livox_ros_driver2/msg/detail
[4.256s] -- Up-to-date: /root/ros2_ws/src/install/livox_ros_driver2/include/livox_ros_driver2/livox_ros_driver2/msg/detail/custom_point__struct.h
[4.256s] -- Up-to-date: /root/ros2_ws/src/install/livox_ros_driver2/include/livox_ros_driver2/livox_ros_driver2/msg/detail/custom_msg__functions.c
[4.256s] -- Up-to-date: /root/ros2_ws/src/install/livox_ros_driver2/include/livox_ros_driver2/livox_ros_driver2/msg/detail/custom_msg__type_support.h
[4.256s] -- Up-to-date: /root/ros2_ws/src/install/livox_ros_driver2/include/livox_ros_driver2/livox_ros_driver2/msg/detail/custom_msg__struct.h
[4.256s] -- Up-to-date: /root/ros2_ws/src/install/livox_ros_driver2/include/livox_ros_driver2/livox_ros_driver2/msg/detail/custom_point__type_support.h
[4.256s] -- Up-to-date: /root/ros2_ws/src/install/livox_ros_driver2/include/livox_ros_driver2/livox_ros_driver2/msg/detail/custom_msg__functions.h
[4.256s] -- Up-to-date: /root/ros2_ws/src/install/livox_ros_driver2/include/livox_ros_driver2/livox_ros_driver2/msg/detail/custom_point__functions.c
[4.256s] -- Up-to-date: /root/ros2_ws/src/install/livox_ros_driver2/include/livox_ros_driver2/livox_ros_driver2/msg/detail/custom_point__functions.h
[4.256s] -- Up-to-date: /root/ros2_ws/src/install/livox_ros_driver2/include/livox_ros_driver2/livox_ros_driver2/msg/custom_msg.h
[4.256s] -- Up-to-date: /root/ros2_ws/src/install/livox_ros_driver2/include/livox_ros_driver2/livox_ros_driver2/msg/rosidl_generator_c__visibility_control.h
[4.256s] -- Up-to-date: /root/ros2_ws/src/install/livox_ros_driver2/include/livox_ros_driver2/livox_ros_driver2/msg/custom_point.h
[4.256s] -- Up-to-date: /root/ros2_ws/src/install/livox_ros_driver2/share/livox_ros_driver2/environment/library_path.sh
[4.256s] -- Installing: /root/ros2_ws/src/install/livox_ros_driver2/share/livox_ros_driver2/environment/library_path.dsv
[4.258s] -- Up-to-date: /root/ros2_ws/src/install/livox_ros_driver2/lib/liblivox_ros_driver2__rosidl_generator_c.so
[4.258s] -- Up-to-date: /root/ros2_ws/src/install/livox_ros_driver2/include/livox_ros_driver2/livox_ros_driver2
[4.258s] -- Up-to-date: /root/ros2_ws/src/install/livox_ros_driver2/include/livox_ros_driver2/livox_ros_driver2/msg
[4.258s] -- Up-to-date: /root/ros2_ws/src/install/livox_ros_driver2/include/livox_ros_driver2/livox_ros_driver2/msg/detail
[4.259s] -- Up-to-date: /root/ros2_ws/src/install/livox_ros_driver2/include/livox_ros_driver2/livox_ros_driver2/msg/detail/custom_point__rosidl_typesupport_fastrtps_c.h
[4.259s] -- Up-to-date: /root/ros2_ws/src/install/livox_ros_driver2/include/livox_ros_driver2/livox_ros_driver2/msg/detail/custom_msg__rosidl_typesupport_fastrtps_c.h
[4.259s] -- Up-to-date: /root/ros2_ws/src/install/livox_ros_driver2/include/livox_ros_driver2/livox_ros_driver2/msg/rosidl_typesupport_fastrtps_c__visibility_control.h
[4.259s] -- Up-to-date: /root/ros2_ws/src/install/livox_ros_driver2/lib/liblivox_ros_driver2__rosidl_typesupport_fastrtps_c.so
[4.259s] -- Up-to-date: /root/ros2_ws/src/install/livox_ros_driver2/include/livox_ros_driver2/livox_ros_driver2
[4.259s] -- Up-to-date: /root/ros2_ws/src/install/livox_ros_driver2/include/livox_ros_driver2/livox_ros_driver2/msg
[4.259s] -- Up-to-date: /root/ros2_ws/src/install/livox_ros_driver2/include/livox_ros_driver2/livox_ros_driver2/msg/rosidl_typesupport_introspection_c__visibility_control.h
[4.259s] -- Up-to-date: /root/ros2_ws/src/install/livox_ros_driver2/include/livox_ros_driver2/livox_ros_driver2/msg/detail
[4.259s] -- Up-to-date: /root/ros2_ws/src/install/livox_ros_driver2/include/livox_ros_driver2/livox_ros_driver2/msg/detail/custom_msg__rosidl_typesupport_introspection_c.h
[4.259s] -- Up-to-date: /root/ros2_ws/src/install/livox_ros_driver2/include/livox_ros_driver2/livox_ros_driver2/msg/detail/custom_msg__type_support.c
[4.259s] -- Up-to-date: /root/ros2_ws/src/install/livox_ros_driver2/include/livox_ros_driver2/livox_ros_driver2/msg/detail/custom_point__type_support.c
[4.259s] -- Up-to-date: /root/ros2_ws/src/install/livox_ros_driver2/include/livox_ros_driver2/livox_ros_driver2/msg/detail/custom_point__rosidl_typesupport_introspection_c.h
[4.259s] -- Up-to-date: /root/ros2_ws/src/install/livox_ros_driver2/lib/liblivox_ros_driver2__rosidl_typesupport_introspection_c.so
[4.259s] -- Up-to-date: /root/ros2_ws/src/install/livox_ros_driver2/lib/liblivox_ros_driver2__rosidl_typesupport_c.so
[4.259s] -- Up-to-date: /root/ros2_ws/src/install/livox_ros_driver2/include/livox_ros_driver2/livox_ros_driver2
[4.259s] -- Up-to-date: /root/ros2_ws/src/install/livox_ros_driver2/include/livox_ros_driver2/livox_ros_driver2/msg
[4.259s] -- Up-to-date: /root/ros2_ws/src/install/livox_ros_driver2/include/livox_ros_driver2/livox_ros_driver2/msg/detail
[4.259s] -- Up-to-date: /root/ros2_ws/src/install/livox_ros_driver2/include/livox_ros_driver2/livox_ros_driver2/msg/detail/custom_msg__traits.hpp
[4.259s] -- Up-to-date: /root/ros2_ws/src/install/livox_ros_driver2/include/livox_ros_driver2/livox_ros_driver2/msg/detail/custom_msg__builder.hpp
[4.259s] -- Up-to-date: /root/ros2_ws/src/install/livox_ros_driver2/include/livox_ros_driver2/livox_ros_driver2/msg/detail/custom_msg__type_support.hpp
[4.259s] -- Up-to-date: /root/ros2_ws/src/install/livox_ros_driver2/include/livox_ros_driver2/livox_ros_driver2/msg/detail/custom_point__struct.hpp
[4.259s] -- Up-to-date: /root/ros2_ws/src/install/livox_ros_driver2/include/livox_ros_driver2/livox_ros_driver2/msg/detail/custom_point__builder.hpp
[4.259s] -- Up-to-date: /root/ros2_ws/src/install/livox_ros_driver2/include/livox_ros_driver2/livox_ros_driver2/msg/detail/custom_msg__struct.hpp
[4.259s] -- Up-to-date: /root/ros2_ws/src/install/livox_ros_driver2/include/livox_ros_driver2/livox_ros_driver2/msg/detail/custom_point__traits.hpp
[4.259s] -- Up-to-date: /root/ros2_ws/src/install/livox_ros_driver2/include/livox_ros_driver2/livox_ros_driver2/msg/detail/custom_point__type_support.hpp
[4.259s] -- Up-to-date: /root/ros2_ws/src/install/livox_ros_driver2/include/livox_ros_driver2/livox_ros_driver2/msg/custom_point.hpp
[4.259s] -- Up-to-date: /root/ros2_ws/src/install/livox_ros_driver2/include/livox_ros_driver2/livox_ros_driver2/msg/custom_msg.hpp
[4.259s] -- Up-to-date: /root/ros2_ws/src/install/livox_ros_driver2/include/livox_ros_driver2/livox_ros_driver2/msg/rosidl_generator_cpp__visibility_control.hpp
[4.259s] -- Up-to-date: /root/ros2_ws/src/install/livox_ros_driver2/include/livox_ros_driver2/livox_ros_driver2
[4.259s] -- Up-to-date: /root/ros2_ws/src/install/livox_ros_driver2/include/livox_ros_driver2/livox_ros_driver2/msg
[4.259s] -- Up-to-date: /root/ros2_ws/src/install/livox_ros_driver2/include/livox_ros_driver2/livox_ros_driver2/msg/detail
[4.260s] -- Up-to-date: /root/ros2_ws/src/install/livox_ros_driver2/include/livox_ros_driver2/livox_ros_driver2/msg/detail/dds_fastrtps
[4.260s] -- Up-to-date: /root/ros2_ws/src/install/livox_ros_driver2/include/livox_ros_driver2/livox_ros_driver2/msg/detail/custom_point__rosidl_typesupport_fastrtps_cpp.hpp
[4.260s] -- Up-to-date: /root/ros2_ws/src/install/livox_ros_driver2/include/livox_ros_driver2/livox_ros_driver2/msg/detail/custom_msg__rosidl_typesupport_fastrtps_cpp.hpp
[4.260s] -- Up-to-date: /root/ros2_ws/src/install/livox_ros_driver2/include/livox_ros_driver2/livox_ros_driver2/msg/rosidl_typesupport_fastrtps_cpp__visibility_control.h
[4.260s] -- Up-to-date: /root/ros2_ws/src/install/livox_ros_driver2/lib/liblivox_ros_driver2__rosidl_typesupport_fastrtps_cpp.so
[4.260s] -- Up-to-date: /root/ros2_ws/src/install/livox_ros_driver2/include/livox_ros_driver2/livox_ros_driver2
[4.260s] -- Up-to-date: /root/ros2_ws/src/install/livox_ros_driver2/include/livox_ros_driver2/livox_ros_driver2/msg
[4.260s] -- Up-to-date: /root/ros2_ws/src/install/livox_ros_driver2/include/livox_ros_driver2/livox_ros_driver2/msg/detail
[4.260s] -- Up-to-date: /root/ros2_ws/src/install/livox_ros_driver2/include/livox_ros_driver2/livox_ros_driver2/msg/detail/custom_point__type_support.cpp
[4.260s] -- Up-to-date: /root/ros2_ws/src/install/livox_ros_driver2/include/livox_ros_driver2/livox_ros_driver2/msg/detail/custom_msg__rosidl_typesupport_introspection_cpp.hpp
[4.260s] -- Up-to-date: /root/ros2_ws/src/install/livox_ros_driver2/include/livox_ros_driver2/livox_ros_driver2/msg/detail/custom_msg__type_support.cpp
[4.260s] -- Up-to-date: /root/ros2_ws/src/install/livox_ros_driver2/include/livox_ros_driver2/livox_ros_driver2/msg/detail/custom_point__rosidl_typesupport_introspection_cpp.hpp
[4.260s] -- Up-to-date: /root/ros2_ws/src/install/livox_ros_driver2/lib/liblivox_ros_driver2__rosidl_typesupport_introspection_cpp.so
[4.260s] -- Up-to-date: /root/ros2_ws/src/install/livox_ros_driver2/lib/liblivox_ros_driver2__rosidl_typesupport_cpp.so
[4.260s] -- Up-to-date: /root/ros2_ws/src/install/livox_ros_driver2/share/livox_ros_driver2/environment/pythonpath.sh
[4.260s] -- Installing: /root/ros2_ws/src/install/livox_ros_driver2/share/livox_ros_driver2/environment/pythonpath.dsv
[4.260s] -- Up-to-date: /root/ros2_ws/src/install/livox_ros_driver2/local/lib/python3.10/dist-packages/livox_ros_driver2-1.0.0-py3.10.egg-info
[4.260s] -- Installing: /root/ros2_ws/src/install/livox_ros_driver2/local/lib/python3.10/dist-packages/livox_ros_driver2-1.0.0-py3.10.egg-info/PKG-INFO
[4.260s] -- Installing: /root/ros2_ws/src/install/livox_ros_driver2/local/lib/python3.10/dist-packages/livox_ros_driver2-1.0.0-py3.10.egg-info/dependency_links.txt
[4.260s] -- Installing: /root/ros2_ws/src/install/livox_ros_driver2/local/lib/python3.10/dist-packages/livox_ros_driver2-1.0.0-py3.10.egg-info/SOURCES.txt
[4.260s] -- Installing: /root/ros2_ws/src/install/livox_ros_driver2/local/lib/python3.10/dist-packages/livox_ros_driver2-1.0.0-py3.10.egg-info/top_level.txt
[4.260s] -- Up-to-date: /root/ros2_ws/src/install/livox_ros_driver2/local/lib/python3.10/dist-packages/livox_ros_driver2
[4.260s] -- Up-to-date: /root/ros2_ws/src/install/livox_ros_driver2/local/lib/python3.10/dist-packages/livox_ros_driver2/_livox_ros_driver2_s.ep.rosidl_typesupport_fastrtps_c.c
[4.260s] -- Up-to-date: /root/ros2_ws/src/install/livox_ros_driver2/local/lib/python3.10/dist-packages/livox_ros_driver2/_livox_ros_driver2_s.ep.rosidl_typesupport_introspection_c.c
[4.260s] -- Up-to-date: /root/ros2_ws/src/install/livox_ros_driver2/local/lib/python3.10/dist-packages/livox_ros_driver2/livox_ros_driver2_s__rosidl_typesupport_fastrtps_c.cpython-310-x86_64-linux-gnu.so
[4.260s] -- Up-to-date: /root/ros2_ws/src/install/livox_ros_driver2/local/lib/python3.10/dist-packages/livox_ros_driver2/livox_ros_driver2_s__rosidl_typesupport_c.cpython-310-x86_64-linux-gnu.so
[4.260s] -- Up-to-date: /root/ros2_ws/src/install/livox_ros_driver2/local/lib/python3.10/dist-packages/livox_ros_driver2/_livox_ros_driver2_s.ep.rosidl_typesupport_c.c
[4.260s] -- Up-to-date: /root/ros2_ws/src/install/livox_ros_driver2/local/lib/python3.10/dist-packages/livox_ros_driver2/liblivox_interfaces2__rosidl_generator_py.so
[4.260s] -- Up-to-date: /root/ros2_ws/src/install/livox_ros_driver2/local/lib/python3.10/dist-packages/livox_ros_driver2/livox_ros_driver2_s__rosidl_typesupport_introspection_c.cpython-310-x86_64-linux-gnu.so
[4.260s] -- Installing: /root/ros2_ws/src/install/livox_ros_driver2/local/lib/python3.10/dist-packages/livox_ros_driver2/__init__.py
[4.260s] -- Up-to-date: /root/ros2_ws/src/install/livox_ros_driver2/local/lib/python3.10/dist-packages/livox_ros_driver2/msg
[4.260s] -- Up-to-date: /root/ros2_ws/src/install/livox_ros_driver2/local/lib/python3.10/dist-packages/livox_ros_driver2/msg/_custom_point.py
[4.260s] -- Up-to-date: /root/ros2_ws/src/install/livox_ros_driver2/local/lib/python3.10/dist-packages/livox_ros_driver2/msg/_custom_point_s.c
[4.261s] -- Up-to-date: /root/ros2_ws/src/install/livox_ros_driver2/local/lib/python3.10/dist-packages/livox_ros_driver2/msg/_custom_msg.py
[4.261s] -- Up-to-date: /root/ros2_ws/src/install/livox_ros_driver2/local/lib/python3.10/dist-packages/livox_ros_driver2/msg/__init__.py
[4.261s] -- Up-to-date: /root/ros2_ws/src/install/livox_ros_driver2/local/lib/python3.10/dist-packages/livox_ros_driver2/msg/_custom_msg_s.c
[4.290s] Listing '/root/ros2_ws/src/install/livox_ros_driver2/local/lib/python3.10/dist-packages/livox_ros_driver2'...
[4.291s] Compiling '/root/ros2_ws/src/install/livox_ros_driver2/local/lib/python3.10/dist-packages/livox_ros_driver2/__init__.py'...
[4.291s] Listing '/root/ros2_ws/src/install/livox_ros_driver2/local/lib/python3.10/dist-packages/livox_ros_driver2/msg'...
[4.294s] -- Up-to-date: /root/ros2_ws/src/install/livox_ros_driver2/local/lib/python3.10/dist-packages/livox_ros_driver2/livox_ros_driver2_s__rosidl_typesupport_fastrtps_c.cpython-310-x86_64-linux-gnu.so
[4.294s] -- Up-to-date: /root/ros2_ws/src/install/livox_ros_driver2/local/lib/python3.10/dist-packages/livox_ros_driver2/livox_ros_driver2_s__rosidl_typesupport_introspection_c.cpython-310-x86_64-linux-gnu.so
[4.296s] -- Up-to-date: /root/ros2_ws/src/install/livox_ros_driver2/local/lib/python3.10/dist-packages/livox_ros_driver2/livox_ros_driver2_s__rosidl_typesupport_c.cpython-310-x86_64-linux-gnu.so
[4.297s] -- Up-to-date: /root/ros2_ws/src/install/livox_ros_driver2/lib/liblivox_interfaces2__rosidl_generator_py.so
[4.297s] -- Up-to-date: /root/ros2_ws/src/install/livox_ros_driver2/share/livox_ros_driver2/msg/CustomPoint.idl
[4.297s] -- Up-to-date: /root/ros2_ws/src/install/livox_ros_driver2/share/livox_ros_driver2/msg/CustomMsg.idl
[4.297s] -- Up-to-date: /root/ros2_ws/src/install/livox_ros_driver2/share/livox_ros_driver2/msg/CustomPoint.msg
[4.297s] -- Up-to-date: /root/ros2_ws/src/install/livox_ros_driver2/share/livox_ros_driver2/msg/CustomMsg.msg
[4.297s] -- Up-to-date: /root/ros2_ws/src/install/livox_ros_driver2/lib/livox_ros_driver2/livox_ros_driver2_node
[4.297s] -- Up-to-date: /root/ros2_ws/src/install/livox_ros_driver2/lib/liblivox_ros_driver2.so
[4.297s] -- Up-to-date: /root/ros2_ws/src/install/livox_ros_driver2/share/livox_ros_driver2/config
[4.297s] -- Up-to-date: /root/ros2_ws/src/install/livox_ros_driver2/share/livox_ros_driver2/config/MID360_config.json
[4.297s] -- Up-to-date: /root/ros2_ws/src/install/livox_ros_driver2/share/livox_ros_driver2/config/display_point_cloud_ROS1.rviz
[4.297s] -- Up-to-date: /root/ros2_ws/src/install/livox_ros_driver2/share/livox_ros_driver2/config/HAP_config.json
[4.297s] -- Up-to-date: /root/ros2_ws/src/install/livox_ros_driver2/share/livox_ros_driver2/config/mixed_HAP_MID360_config.json
[4.297s] -- Up-to-date: /root/ros2_ws/src/install/livox_ros_driver2/share/livox_ros_driver2/config/display_point_cloud_ROS2.rviz
[4.297s] -- Up-to-date: /root/ros2_ws/src/install/livox_ros_driver2/share/livox_ros_driver2/launch_ROS2
[4.297s] -- Up-to-date: /root/ros2_ws/src/install/livox_ros_driver2/share/livox_ros_driver2/launch_ROS2/msg_MID360_launch.py
[4.297s] -- Up-to-date: /root/ros2_ws/src/install/livox_ros_driver2/share/livox_ros_driver2/launch_ROS2/rviz_mixed.py
[4.297s] -- Up-to-date: /root/ros2_ws/src/install/livox_ros_driver2/share/livox_ros_driver2/launch_ROS2/rviz_MID360_launch.py
[4.297s] -- Up-to-date: /root/ros2_ws/src/install/livox_ros_driver2/share/livox_ros_driver2/launch_ROS2/rviz_HAP_launch.py
[4.297s] -- Up-to-date: /root/ros2_ws/src/install/livox_ros_driver2/share/livox_ros_driver2/launch_ROS2/msg_HAP_launch.py
[4.297s] -- Up-to-date: /root/ros2_ws/src/install/livox_ros_driver2/share/ament_index/resource_index/package_run_dependencies/livox_ros_driver2
[4.297s] -- Installing: /root/ros2_ws/src/install/livox_ros_driver2/share/ament_index/resource_index/parent_prefix_path/livox_ros_driver2
[4.297s] -- Up-to-date: /root/ros2_ws/src/install/livox_ros_driver2/share/livox_ros_driver2/environment/ament_prefix_path.sh
[4.297s] -- Installing: /root/ros2_ws/src/install/livox_ros_driver2/share/livox_ros_driver2/environment/ament_prefix_path.dsv
[4.297s] -- Up-to-date: /root/ros2_ws/src/install/livox_ros_driver2/share/livox_ros_driver2/environment/path.sh
[4.297s] -- Installing: /root/ros2_ws/src/install/livox_ros_driver2/share/livox_ros_driver2/environment/path.dsv
[4.297s] -- Up-to-date: /root/ros2_ws/src/install/livox_ros_driver2/share/livox_ros_driver2/local_setup.bash
[4.297s] -- Up-to-date: /root/ros2_ws/src/install/livox_ros_driver2/share/livox_ros_driver2/local_setup.sh
[4.297s] -- Up-to-date: /root/ros2_ws/src/install/livox_ros_driver2/share/livox_ros_driver2/local_setup.zsh
[4.297s] -- Installing: /root/ros2_ws/src/install/livox_ros_driver2/share/livox_ros_driver2/local_setup.dsv
[4.297s] -- Installing: /root/ros2_ws/src/install/livox_ros_driver2/share/livox_ros_driver2/package.dsv
[4.297s] -- Up-to-date: /root/ros2_ws/src/install/livox_ros_driver2/share/ament_index/resource_index/packages/livox_ros_driver2
[4.297s] -- Up-to-date: /root/ros2_ws/src/install/livox_ros_driver2/share/livox_ros_driver2/cmake/export_livox_interfaces2__rosidl_generator_cExport.cmake
[4.298s] -- Up-to-date: /root/ros2_ws/src/install/livox_ros_driver2/share/livox_ros_driver2/cmake/export_livox_interfaces2__rosidl_generator_cExport-noconfig.cmake
[4.298s] -- Up-to-date: /root/ros2_ws/src/install/livox_ros_driver2/share/livox_ros_driver2/cmake/export_livox_interfaces2__rosidl_typesupport_fastrtps_cExport.cmake
[4.298s] -- Up-to-date: /root/ros2_ws/src/install/livox_ros_driver2/share/livox_ros_driver2/cmake/export_livox_interfaces2__rosidl_typesupport_fastrtps_cExport-noconfig.cmake
[4.298s] -- Up-to-date: /root/ros2_ws/src/install/livox_ros_driver2/share/livox_ros_driver2/cmake/livox_interfaces2__rosidl_typesupport_introspection_cExport.cmake
[4.298s] -- Up-to-date: /root/ros2_ws/src/install/livox_ros_driver2/share/livox_ros_driver2/cmake/livox_interfaces2__rosidl_typesupport_introspection_cExport-noconfig.cmake
[4.298s] -- Up-to-date: /root/ros2_ws/src/install/livox_ros_driver2/share/livox_ros_driver2/cmake/livox_interfaces2__rosidl_typesupport_cExport.cmake
[4.298s] -- Up-to-date: /root/ros2_ws/src/install/livox_ros_driver2/share/livox_ros_driver2/cmake/livox_interfaces2__rosidl_typesupport_cExport-noconfig.cmake
[4.298s] -- Up-to-date: /root/ros2_ws/src/install/livox_ros_driver2/share/livox_ros_driver2/cmake/export_livox_interfaces2__rosidl_generator_cppExport.cmake
[4.298s] -- Up-to-date: /root/ros2_ws/src/install/livox_ros_driver2/share/livox_ros_driver2/cmake/export_livox_interfaces2__rosidl_typesupport_fastrtps_cppExport.cmake
[4.298s] -- Up-to-date: /root/ros2_ws/src/install/livox_ros_driver2/share/livox_ros_driver2/cmake/export_livox_interfaces2__rosidl_typesupport_fastrtps_cppExport-noconfig.cmake
[4.298s] -- Up-to-date: /root/ros2_ws/src/install/livox_ros_driver2/share/livox_ros_driver2/cmake/livox_interfaces2__rosidl_typesupport_introspection_cppExport.cmake
[4.298s] -- Up-to-date: /root/ros2_ws/src/install/livox_ros_driver2/share/livox_ros_driver2/cmake/livox_interfaces2__rosidl_typesupport_introspection_cppExport-noconfig.cmake
[4.298s] -- Up-to-date: /root/ros2_ws/src/install/livox_ros_driver2/share/livox_ros_driver2/cmake/livox_interfaces2__rosidl_typesupport_cppExport.cmake
[4.298s] -- Up-to-date: /root/ros2_ws/src/install/livox_ros_driver2/share/livox_ros_driver2/cmake/livox_interfaces2__rosidl_typesupport_cppExport-noconfig.cmake
[4.298s] -- Up-to-date: /root/ros2_ws/src/install/livox_ros_driver2/share/livox_ros_driver2/cmake/export_livox_interfaces2__rosidl_generator_pyExport.cmake
[4.298s] -- Up-to-date: /root/ros2_ws/src/install/livox_ros_driver2/share/livox_ros_driver2/cmake/export_livox_interfaces2__rosidl_generator_pyExport-noconfig.cmake
[4.298s] -- Up-to-date: /root/ros2_ws/src/install/livox_ros_driver2/share/ament_index/resource_index/rclcpp_components/livox_ros_driver2
[4.298s] -- Up-to-date: /root/ros2_ws/src/install/livox_ros_driver2/share/livox_ros_driver2/cmake/rosidl_cmake-extras.cmake
[4.298s] -- Up-to-date: /root/ros2_ws/src/install/livox_ros_driver2/share/livox_ros_driver2/cmake/ament_cmake_export_dependencies-extras.cmake
[4.298s] -- Up-to-date: /root/ros2_ws/src/install/livox_ros_driver2/share/livox_ros_driver2/cmake/ament_cmake_export_include_directories-extras.cmake
[4.299s] -- Up-to-date: /root/ros2_ws/src/install/livox_ros_driver2/share/livox_ros_driver2/cmake/ament_cmake_export_libraries-extras.cmake
[4.299s] -- Up-to-date: /root/ros2_ws/src/install/livox_ros_driver2/share/livox_ros_driver2/cmake/ament_cmake_export_targets-extras.cmake
[4.299s] -- Up-to-date: /root/ros2_ws/src/install/livox_ros_driver2/share/livox_ros_driver2/cmake/rosidl_cmake_export_typesupport_targets-extras.cmake
[4.299s] -- Up-to-date: /root/ros2_ws/src/install/livox_ros_driver2/share/livox_ros_driver2/cmake/rosidl_cmake_export_typesupport_libraries-extras.cmake
[4.299s] -- Up-to-date: /root/ros2_ws/src/install/livox_ros_driver2/share/livox_ros_driver2/cmake/livox_ros_driver2Config.cmake
[4.299s] -- Up-to-date: /root/ros2_ws/src/install/livox_ros_driver2/share/livox_ros_driver2/cmake/livox_ros_driver2Config-version.cmake
[4.299s] -- Up-to-date: /root/ros2_ws/src/install/livox_ros_driver2/share/livox_ros_driver2/package.xml
[4.303s] Invoked command in '/root/ros2_ws/src/build/livox_ros_driver2' returned '0': CMAKE_PREFIX_PATH=${CMAKE_PREFIX_PATH}:/root/ros2_ws/src/install/transform_sensors:/root/ros2_ws/src/install/ros_tcp_endpoint:/opt/ros/humble /usr/bin/cmake --install /root/ros2_ws/src/build/livox_ros_driver2
