[0.464s] Invoking command in '/root/ros2_ws/src/build/waypoint_rviz_plugin': CMAKE_PREFIX_PATH=${CMAKE_PREFIX_PATH}:/root/ros2_ws/src/install/transform_sensors:/root/ros2_ws/src/install/ros_tcp_endpoint:/opt/ros/humble /usr/bin/cmake /root/ros2_ws/src/utilities/waypoint_rviz_plugin -DCMAKE_INSTALL_PREFIX=/root/ros2_ws/src/install/waypoint_rviz_plugin
[1.480s] -- Found ament_cmake: 1.3.12 (/opt/ros/humble/share/ament_cmake/cmake)
[1.480s] -- Found pluginlib: 5.1.3 (/opt/ros/humble/share/pluginlib/cmake)
[1.481s] -- Found rclcpp: 16.0.17 (/opt/ros/humble/share/rclcpp/cmake)
[1.481s] -- Found rosidl_generator_c: 3.1.8 (/opt/ros/humble/share/rosidl_generator_c/cmake)
[1.481s] -- Found rosidl_adapter: 3.1.8 (/opt/ros/humble/share/rosidl_adapter/cmake)
[1.481s] -- Found rosidl_generator_cpp: 3.1.8 (/opt/ros/humble/share/rosidl_generator_cpp/cmake)
[1.481s] -- Using all available rosidl_typesupport_c: rosidl_typesupport_fastrtps_c;rosidl_typesupport_introspection_c
[1.481s] -- Using all available rosidl_typesupport_cpp: rosidl_typesupport_fastrtps_cpp;rosidl_typesupport_introspection_cpp
[1.481s] -- Found rmw_implementation_cmake: 6.1.2 (/opt/ros/humble/share/rmw_implementation_cmake/cmake)
[1.481s] -- Found rmw_fastrtps_cpp: 6.2.9 (/opt/ros/humble/share/rmw_fastrtps_cpp/cmake)
[1.482s] -- Found TinyXML2 via Config file: TinyXML2_DIR-NOTFOUND
[1.482s] -- Found TinyXML2 via Config file: TinyXML2_DIR-NOTFOUND
[1.482s] -- Found TinyXML2 via Config file: TinyXML2_DIR-NOTFOUND
[1.482s] -- Found TinyXML2 via Config file: TinyXML2_DIR-NOTFOUND
[1.482s] -- Using RMW implementation 'rmw_fastrtps_cpp' as default
[1.482s] -- Found rviz2: 11.2.25 (/opt/ros/humble/share/rviz2/cmake)
[1.482s] -- Found rviz_common: 11.2.25 (/opt/ros/humble/share/rviz_common/cmake)
[1.483s] -- Setting assimp_DIR to: '/opt/ros/humble/share/rviz_assimp_vendor/cmake/../../../opt/rviz_assimp_vendor/lib/cmake/assimp-4.1'
[1.485s] -- Setting OGRE_DIR to: '/opt/ros/humble/share/rviz_ogre_vendor/cmake/../../../opt/rviz_ogre_vendor/lib/OGRE/cmake'
[1.485s] -- Found OGRE
[1.486s] --   static     : OFF
[1.486s] --   components : HLMS;MeshLodGenerator;Overlay;Paging;Property;RTShaderSystem;Terrain;Volume
[1.486s] --   plugins    : Plugin_BSPSceneManager;Plugin_OctreeSceneManager;Plugin_PCZSceneManager;Plugin_ParticleFX;RenderSystem_GL;RenderSystem_GL3Plus;Codec_STBI
[1.486s] --   media      : /opt/ros/humble/opt/rviz_ogre_vendor/share/OGRE/Media
[1.486s] -- OGRE_LIBRARIES: OgreHLMS;OgreMeshLodGenerator;OgreOverlay;OgrePaging;OgreProperty;OgreRTShaderSystem;OgreTerrain;OgreVolume;OgreMain
[1.486s] -- OGRE_LIBRARY_DIRS: /opt/ros/humble/opt/rviz_ogre_vendor/lib
[1.486s] -- OGRE_PLUGINS: Plugin_BSPSceneManager;Plugin_OctreeSceneManager;Plugin_PCZSceneManager;Plugin_ParticleFX;RenderSystem_GL;RenderSystem_GL3Plus;Codec_STBI
[1.486s] -- OGRE_PLUGIN_DIR: /opt/ros/humble/opt/rviz_ogre_vendor/lib/OGRE
[1.486s] -- rviz_ogre_vendor::OgreOverlay for IMPORTED_LOCATION_RELEASE: /opt/ros/humble/opt/rviz_ogre_vendor/lib/libOgreOverlay.so
[1.487s] -- rviz_ogre_vendor::OgreOverlay for IMPORTED_LOCATION_DEBUG: /opt/ros/humble/opt/rviz_ogre_vendor/lib/libOgreOverlay.so
[1.487s] -- rviz_ogre_vendor::OgreMain for IMPORTED_LOCATION_RELEASE: /opt/ros/humble/opt/rviz_ogre_vendor/lib/libOgreMain.so
[1.487s] -- rviz_ogre_vendor::OgreMain for IMPORTED_LOCATION_DEBUG: /opt/ros/humble/opt/rviz_ogre_vendor/lib/libOgreMain.so
[1.487s] -- Could not find freeimage library
[1.487s] -- library: /usr/lib/x86_64-linux-gnu/libcurl.so
[1.487s] -- Ensuring Eigen3 include directory is part of orocos-kdl CMake target
[1.487s] -- Found rviz_default_plugins: 11.2.25 (/opt/ros/humble/share/rviz_default_plugins/cmake)
[1.631s] -- Found ament_lint_auto: 0.12.14 (/opt/ros/humble/share/ament_lint_auto/cmake)
[1.823s] -- Added test 'copyright' to check source files copyright and LICENSE
[1.827s] -- Added test 'cppcheck' to perform static code analysis on C / C++ code
[1.827s] -- Configured cppcheck include dirs: /root/ros2_ws/src/utilities/waypoint_rviz_plugin/include
[1.827s] -- Configured cppcheck exclude dirs and/or files: 
[1.832s] -- Added test 'cpplint' to check C / C++ code against the Google style
[1.832s] -- Configured cpplint exclude dirs and/or files: 
[1.832s] -- Added test 'lint_cmake' to check CMake code style
[1.833s] -- Added test 'uncrustify' to check C / C++ code style
[1.834s] -- Configured uncrustify additional arguments: 
[1.834s] -- Added test 'xmllint' to check XML markup files
[1.839s] -- Configuring done
[1.889s] -- Generating done
[1.897s] -- Build files have been written to: /root/ros2_ws/src/build/waypoint_rviz_plugin
[1.934s] Invoked command in '/root/ros2_ws/src/build/waypoint_rviz_plugin' returned '0': CMAKE_PREFIX_PATH=${CMAKE_PREFIX_PATH}:/root/ros2_ws/src/install/transform_sensors:/root/ros2_ws/src/install/ros_tcp_endpoint:/opt/ros/humble /usr/bin/cmake /root/ros2_ws/src/utilities/waypoint_rviz_plugin -DCMAKE_INSTALL_PREFIX=/root/ros2_ws/src/install/waypoint_rviz_plugin
[1.937s] Invoking command in '/root/ros2_ws/src/build/waypoint_rviz_plugin': CMAKE_PREFIX_PATH=${CMAKE_PREFIX_PATH}:/root/ros2_ws/src/install/transform_sensors:/root/ros2_ws/src/install/ros_tcp_endpoint:/opt/ros/humble /usr/bin/cmake --build /root/ros2_ws/src/build/waypoint_rviz_plugin -- -j24 -l24
[2.020s] [ 16%] [34m[1mAutomatic MOC for target waypoint_rviz_plugin[0m
[2.059s] [ 16%] Built target waypoint_rviz_plugin_autogen
[2.072s] [35m[1mConsolidate compiler generated dependencies of target waypoint_rviz_plugin[0m
[2.097s] [100%] Built target waypoint_rviz_plugin
[2.120s] Invoked command in '/root/ros2_ws/src/build/waypoint_rviz_plugin' returned '0': CMAKE_PREFIX_PATH=${CMAKE_PREFIX_PATH}:/root/ros2_ws/src/install/transform_sensors:/root/ros2_ws/src/install/ros_tcp_endpoint:/opt/ros/humble /usr/bin/cmake --build /root/ros2_ws/src/build/waypoint_rviz_plugin -- -j24 -l24
[2.121s] Invoking command in '/root/ros2_ws/src/build/waypoint_rviz_plugin': CMAKE_PREFIX_PATH=${CMAKE_PREFIX_PATH}:/root/ros2_ws/src/install/transform_sensors:/root/ros2_ws/src/install/ros_tcp_endpoint:/opt/ros/humble /usr/bin/cmake --install /root/ros2_ws/src/build/waypoint_rviz_plugin
[2.133s] -- Install configuration: ""
[2.133s] -- Up-to-date: /root/ros2_ws/src/install/waypoint_rviz_plugin/share/waypoint_rviz_plugin/plugin_description.xml
[2.133s] -- Up-to-date: /root/ros2_ws/src/install/waypoint_rviz_plugin/lib/waypoint_rviz_plugin/libwaypoint_rviz_plugin.so
[2.134s] -- Up-to-date: /root/ros2_ws/src/install/waypoint_rviz_plugin/share/ament_index/resource_index/package_run_dependencies/waypoint_rviz_plugin
[2.134s] -- Installing: /root/ros2_ws/src/install/waypoint_rviz_plugin/share/ament_index/resource_index/parent_prefix_path/waypoint_rviz_plugin
[2.134s] -- Up-to-date: /root/ros2_ws/src/install/waypoint_rviz_plugin/share/waypoint_rviz_plugin/environment/ament_prefix_path.sh
[2.134s] -- Installing: /root/ros2_ws/src/install/waypoint_rviz_plugin/share/waypoint_rviz_plugin/environment/ament_prefix_path.dsv
[2.134s] -- Up-to-date: /root/ros2_ws/src/install/waypoint_rviz_plugin/share/waypoint_rviz_plugin/environment/path.sh
[2.134s] -- Installing: /root/ros2_ws/src/install/waypoint_rviz_plugin/share/waypoint_rviz_plugin/environment/path.dsv
[2.134s] -- Up-to-date: /root/ros2_ws/src/install/waypoint_rviz_plugin/share/waypoint_rviz_plugin/local_setup.bash
[2.134s] -- Up-to-date: /root/ros2_ws/src/install/waypoint_rviz_plugin/share/waypoint_rviz_plugin/local_setup.sh
[2.134s] -- Up-to-date: /root/ros2_ws/src/install/waypoint_rviz_plugin/share/waypoint_rviz_plugin/local_setup.zsh
[2.134s] -- Installing: /root/ros2_ws/src/install/waypoint_rviz_plugin/share/waypoint_rviz_plugin/local_setup.dsv
[2.137s] -- Installing: /root/ros2_ws/src/install/waypoint_rviz_plugin/share/waypoint_rviz_plugin/package.dsv
[2.137s] -- Up-to-date: /root/ros2_ws/src/install/waypoint_rviz_plugin/share/ament_index/resource_index/packages/waypoint_rviz_plugin
[2.137s] -- Up-to-date: /root/ros2_ws/src/install/waypoint_rviz_plugin/share/ament_index/resource_index/rviz_common__pluginlib__plugin/waypoint_rviz_plugin
[2.137s] -- Up-to-date: /root/ros2_ws/src/install/waypoint_rviz_plugin/share/waypoint_rviz_plugin/cmake/ament_cmake_export_dependencies-extras.cmake
[2.137s] -- Up-to-date: /root/ros2_ws/src/install/waypoint_rviz_plugin/share/waypoint_rviz_plugin/cmake/waypoint_rviz_pluginConfig.cmake
[2.137s] -- Up-to-date: /root/ros2_ws/src/install/waypoint_rviz_plugin/share/waypoint_rviz_plugin/cmake/waypoint_rviz_pluginConfig-version.cmake
[2.137s] -- Up-to-date: /root/ros2_ws/src/install/waypoint_rviz_plugin/share/waypoint_rviz_plugin/package.xml
[2.141s] Invoked command in '/root/ros2_ws/src/build/waypoint_rviz_plugin' returned '0': CMAKE_PREFIX_PATH=${CMAKE_PREFIX_PATH}:/root/ros2_ws/src/install/transform_sensors:/root/ros2_ws/src/install/ros_tcp_endpoint:/opt/ros/humble /usr/bin/cmake --install /root/ros2_ws/src/build/waypoint_rviz_plugin
