[0.027s] Invoking command in '/root/ros2_ws/src/build/super_odometry': AMENT_PREFIX_PATH=/root/ros2_ws/src/install/super_odometry_msgs:/root/ros2_ws/src/install/livox_ros_driver2:${AMENT_PREFIX_PATH} CMAKE_PREFIX_PATH=/root/ros2_ws/src/install/super_odometry_msgs:/root/ros2_ws/src/install/livox_ros_driver2:/opt/ros/humble LD_LIBRARY_PATH=/root/ros2_ws/src/install/super_odometry_msgs/lib:/root/ros2_ws/src/install/livox_ros_driver2/lib:${LD_LIBRARY_PATH} PYTHONPATH=/root/ros2_ws/src/install/super_odometry_msgs/local/lib/python3.10/dist-packages:/root/ros2_ws/src/install/livox_ros_driver2/local/lib/python3.10/dist-packages:${PYTHONPATH} /usr/bin/cmake /root/ros2_ws/src/slam/SuperOdom/super_odometry -DROS_EDITION=ROS2 -DHUMBLE_ROS=humble -DCMAKE_INSTALL_PREFIX=/root/ros2_ws/src/install/super_odometry
[0.150s] -- The C compiler identification is GNU 11.4.0
[0.303s] -- The CXX compiler identification is GNU 11.4.0
[0.326s] -- Detecting C compiler ABI info
[0.547s] -- Detecting C compiler ABI info - done
[0.564s] -- Check for working C compiler: /usr/bin/cc - skipped
[0.567s] -- Detecting C compile features
[0.569s] -- Detecting C compile features - done
[0.644s] -- Detecting CXX compiler ABI info
[0.862s] -- Detecting CXX compiler ABI info - done
[0.894s] -- Check for working CXX compiler: /usr/bin/c++ - skipped
[0.894s] -- Detecting CXX compile features
[0.894s] -- Detecting CXX compile features - done
[0.917s] -- Found ament_cmake: 1.3.12 (/opt/ros/humble/share/ament_cmake/cmake)
[1.372s] -- Found Python3: /usr/bin/python3 (found version "3.10.12") found components: Interpreter 
[1.653s] -- Found ament_cmake_auto: 1.3.12 (/opt/ros/humble/share/ament_cmake_auto/cmake)
[1.673s] -- Found rclcpp: 16.0.17 (/opt/ros/humble/share/rclcpp/cmake)
[1.812s] -- Found rosidl_generator_c: 3.1.8 (/opt/ros/humble/share/rosidl_generator_c/cmake)
[1.828s] -- Found rosidl_adapter: 3.1.8 (/opt/ros/humble/share/rosidl_adapter/cmake)
[1.854s] -- Found rosidl_generator_cpp: 3.1.8 (/opt/ros/humble/share/rosidl_generator_cpp/cmake)
[1.891s] -- Using all available rosidl_typesupport_c: rosidl_typesupport_fastrtps_c;rosidl_typesupport_introspection_c
[1.946s] -- Using all available rosidl_typesupport_cpp: rosidl_typesupport_fastrtps_cpp;rosidl_typesupport_introspection_cpp
[2.152s] -- Found rmw_implementation_cmake: 6.1.2 (/opt/ros/humble/share/rmw_implementation_cmake/cmake)
[2.172s] -- Found rmw_fastrtps_cpp: 6.2.9 (/opt/ros/humble/share/rmw_fastrtps_cpp/cmake)
[2.464s] -- Found OpenSSL: /usr/lib/x86_64-linux-gnu/libcrypto.so (found version "3.0.2")  
[2.652s] -- Found FastRTPS: /opt/ros/humble/include  
[2.770s] -- Using RMW implementation 'rmw_fastrtps_cpp' as default
[2.795s] -- Looking for pthread.h
[2.924s] -- Looking for pthread.h - found
[2.926s] -- Performing Test CMAKE_HAVE_LIBC_PTHREAD
[3.069s] -- Performing Test CMAKE_HAVE_LIBC_PTHREAD - Success
[3.071s] -- Found Threads: TRUE  
[3.174s] -- Found geometry_msgs: 4.9.0 (/opt/ros/humble/share/geometry_msgs/cmake)
[3.203s] -- Found nav_msgs: 4.9.0 (/opt/ros/humble/share/nav_msgs/cmake)
[3.239s] -- Found sensor_msgs: 4.9.0 (/opt/ros/humble/share/sensor_msgs/cmake)
[3.272s] -- Found image_transport: 3.1.12 (/opt/ros/humble/share/image_transport/cmake)
[3.376s] -- Found cv_bridge: 3.2.1 (/opt/ros/humble/share/cv_bridge/cmake)
[3.406s] -- Found tf2: 0.25.18 (/opt/ros/humble/share/tf2/cmake)
[3.418s] -- Found tf2_ros: 0.25.18 (/opt/ros/humble/share/tf2_ros/cmake)
[3.596s] -- Found tf2_geometry_msgs: 0.25.18 (/opt/ros/humble/share/tf2_geometry_msgs/cmake)
[3.637s] -- Found eigen3_cmake_module: 0.1.1 (/opt/ros/humble/share/eigen3_cmake_module/cmake)
[3.640s] -- Found Eigen3: TRUE (found version "3.4.0") 
[3.641s] -- Ensuring Eigen3 include directory is part of orocos-kdl CMake target
[3.644s] -- Found super_odometry_msgs: 0.0.0 (/root/ros2_ws/src/install/super_odometry_msgs/share/super_odometry_msgs/cmake)
[3.685s] -- Found visualization_msgs: 4.9.0 (/opt/ros/humble/share/visualization_msgs/cmake)
[3.753s] -- Found Eigen: /usr/include/eigen3 (found suitable version "3.4.0", minimum required is "3.1") 
[3.812s] -- Found Boost: /usr/lib/x86_64-linux-gnu/cmake/Boost-1.74.0/BoostConfig.cmake (found suitable version "1.74.0", minimum required is "1.65.0") found components: system filesystem date_time iostreams serialization 
[3.859s] -- Checking for module 'flann'
[3.882s] --   Found flann, version 1.9.1
[3.944s] -- Found FLANN: /usr/lib/x86_64-linux-gnu/libflann_cpp.so  
[3.946s] -- FLANN found (include: /usr/include, lib: /usr/lib/x86_64-linux-gnu/libflann_cpp.so)
[4.015s] -- Found GLEW: /usr/lib/x86_64-linux-gnu/libGLEW.so  
[4.029s] -- Found OpenGL: /usr/lib/x86_64-linux-gnu/libOpenGL.so  found components: OpenGL GLX 
[4.309s] -- Found MPI_C: /usr/lib/x86_64-linux-gnu/libmpi.so (found version "3.1") 
[4.310s] -- Found MPI: TRUE (found version "3.1") found components: C 
[4.315s] -- Found JsonCpp: /usr/lib/x86_64-linux-gnu/libjsoncpp.so (found suitable version "1.9.5", minimum required is "0.7.0") 
[4.330s] -- Found ZLIB: /usr/lib/x86_64-linux-gnu/libz.so (found version "1.2.11") 
[4.358s] -- Found PNG: /usr/lib/x86_64-linux-gnu/libpng.so (found version "1.6.37") 
[4.389s] -- Found Eigen3: /usr/include/eigen3 (found version "3.4.0") 
[4.519s] -- Found X11: /usr/include   
[4.521s] -- Looking for XOpenDisplay in /usr/lib/x86_64-linux-gnu/libX11.so;/usr/lib/x86_64-linux-gnu/libXext.so
[4.673s] -- Looking for XOpenDisplay in /usr/lib/x86_64-linux-gnu/libX11.so;/usr/lib/x86_64-linux-gnu/libXext.so - found
[4.674s] -- Looking for gethostbyname
[4.805s] -- Looking for gethostbyname - found
[4.806s] -- Looking for connect
[4.938s] -- Looking for connect - found
[4.939s] -- Looking for remove
[5.084s] -- Looking for remove - found
[5.085s] -- Looking for shmat
[5.222s] -- Looking for shmat - found
[5.222s] -- Looking for IceConnectionNumber in ICE
[5.367s] -- Looking for IceConnectionNumber in ICE - found
[5.518s] -- Found EXPAT: /usr/lib/x86_64-linux-gnu/libexpat.so (found version "2.4.7") 
[5.523s] -- Found double-conversion: /usr/lib/x86_64-linux-gnu/libdouble-conversion.so  
[5.529s] -- Found LZ4: /usr/lib/x86_64-linux-gnu/liblz4.so (found version "1.9.3") 
[5.534s] -- Found LZMA: /usr/lib/x86_64-linux-gnu/liblzma.so (found version "5.2.5") 
[5.581s] -- Found JPEG: /usr/lib/x86_64-linux-gnu/libjpeg.so (found version "80") 
[5.590s] -- Found TIFF: /usr/lib/x86_64-linux-gnu/libtiff.so (found version "4.3.0")  
[5.602s] -- Found Freetype: /usr/lib/x86_64-linux-gnu/libfreetype.so (found version "2.11.1") 
[5.616s] -- Found utf8cpp: /usr/include/utf8cpp  
[5.782s] -- Checking for module 'libusb-1.0'
[5.806s] --   Found libusb-1.0, version 1.0.25
[5.865s] -- Found libusb: /usr/lib/x86_64-linux-gnu/libusb-1.0.so  
[5.868s] -- Found OpenNI: /usr/lib/libOpenNI.so;libusb::libusb (found version "1.5.4.0") 
[5.869s] -- OpenNI found (version: 1.5.4.0, include: /usr/include/ni, lib: /usr/lib/libOpenNI.so;libusb::libusb)
[5.979s] -- Found OpenNI2: /usr/lib/x86_64-linux-gnu/libOpenNI2.so;libusb::libusb (found version "2.2.0.33") 
[5.980s] -- OpenNI2 found (version: 2.2.0.33, include: /usr/include/openni2, lib: /usr/lib/x86_64-linux-gnu/libOpenNI2.so;libusb::libusb)
[5.980s] [0m** WARNING ** io features related to pcap will be disabled[0m
[6.343s] -- OpenNI found (version: 1.5.4.0, include: /usr/include/ni, lib: /usr/lib/libOpenNI.so;libusb::libusb)
[6.357s] -- OpenNI2 found (version: 2.2.0.33, include: /usr/include/openni2, lib: /usr/lib/x86_64-linux-gnu/libOpenNI2.so;libusb::libusb)
[6.646s] -- Found Qhull version 8.0.2
[6.879s] -- OpenNI found (version: 1.5.4.0, include: /usr/include/ni, lib: /usr/lib/libOpenNI.so;libusb::libusb)
[7.097s] -- looking for PCL_COMMON
[7.097s] -- Found PCL_COMMON: /usr/lib/x86_64-linux-gnu/libpcl_common.so  
[7.097s] -- looking for PCL_KDTREE
[7.098s] -- Found PCL_KDTREE: /usr/lib/x86_64-linux-gnu/libpcl_kdtree.so  
[7.100s] -- looking for PCL_OCTREE
[7.100s] -- Found PCL_OCTREE: /usr/lib/x86_64-linux-gnu/libpcl_octree.so  
[7.100s] -- looking for PCL_SEARCH
[7.102s] -- Found PCL_SEARCH: /usr/lib/x86_64-linux-gnu/libpcl_search.so  
[7.102s] -- looking for PCL_SAMPLE_CONSENSUS
[7.103s] -- Found PCL_SAMPLE_CONSENSUS: /usr/lib/x86_64-linux-gnu/libpcl_sample_consensus.so  
[7.104s] -- looking for PCL_FILTERS
[7.105s] -- Found PCL_FILTERS: /usr/lib/x86_64-linux-gnu/libpcl_filters.so  
[7.106s] -- looking for PCL_2D
[7.106s] -- Found PCL_2D: /usr/include/pcl-1.12  
[7.106s] -- looking for PCL_GEOMETRY
[7.107s] -- Found PCL_GEOMETRY: /usr/include/pcl-1.12  
[7.108s] -- looking for PCL_IO
[7.109s] -- Found PCL_IO: /usr/lib/x86_64-linux-gnu/libpcl_io.so  
[7.110s] -- looking for PCL_FEATURES
[7.111s] -- Found PCL_FEATURES: /usr/lib/x86_64-linux-gnu/libpcl_features.so  
[7.112s] -- looking for PCL_ML
[7.113s] -- Found PCL_ML: /usr/lib/x86_64-linux-gnu/libpcl_ml.so  
[7.113s] -- looking for PCL_SEGMENTATION
[7.114s] -- Found PCL_SEGMENTATION: /usr/lib/x86_64-linux-gnu/libpcl_segmentation.so  
[7.117s] -- looking for PCL_VISUALIZATION
[7.118s] -- Found PCL_VISUALIZATION: /usr/lib/x86_64-linux-gnu/libpcl_visualization.so  
[7.118s] -- looking for PCL_SURFACE
[7.120s] -- Found PCL_SURFACE: /usr/lib/x86_64-linux-gnu/libpcl_surface.so  
[7.120s] -- looking for PCL_REGISTRATION
[7.121s] -- Found PCL_REGISTRATION: /usr/lib/x86_64-linux-gnu/libpcl_registration.so  
[7.122s] -- looking for PCL_KEYPOINTS
[7.123s] -- Found PCL_KEYPOINTS: /usr/lib/x86_64-linux-gnu/libpcl_keypoints.so  
[7.123s] -- looking for PCL_TRACKING
[7.125s] -- Found PCL_TRACKING: /usr/lib/x86_64-linux-gnu/libpcl_tracking.so  
[7.126s] -- looking for PCL_RECOGNITION
[7.126s] -- Found PCL_RECOGNITION: /usr/lib/x86_64-linux-gnu/libpcl_recognition.so  
[7.127s] -- looking for PCL_STEREO
[7.128s] -- Found PCL_STEREO: /usr/lib/x86_64-linux-gnu/libpcl_stereo.so  
[7.129s] -- looking for PCL_APPS
[7.130s] -- Found PCL_APPS: /usr/lib/x86_64-linux-gnu/libpcl_apps.so  
[7.131s] -- looking for PCL_IN_HAND_SCANNER
[7.132s] -- Found PCL_IN_HAND_SCANNER: /usr/include/pcl-1.12  
[7.132s] -- looking for PCL_MODELER
[7.132s] -- Found PCL_MODELER: /usr/include/pcl-1.12  
[7.133s] -- looking for PCL_POINT_CLOUD_EDITOR
[7.134s] -- Found PCL_POINT_CLOUD_EDITOR: /usr/include/pcl-1.12  
[7.135s] -- looking for PCL_OUTOFCORE
[7.135s] -- Found PCL_OUTOFCORE: /usr/lib/x86_64-linux-gnu/libpcl_outofcore.so  
[7.136s] -- looking for PCL_PEOPLE
[7.137s] -- Found PCL_PEOPLE: /usr/lib/x86_64-linux-gnu/libpcl_people.so  
[7.139s] -- Found PCL: pcl_common;pcl_kdtree;pcl_octree;pcl_search;pcl_sample_consensus;pcl_filters;pcl_io;pcl_features;pcl_ml;pcl_segmentation;pcl_visualization;pcl_surface;pcl_registration;pcl_keypoints;pcl_tracking;pcl_recognition;pcl_stereo;pcl_apps;pcl_outofcore;pcl_people;Boost::system;Boost::filesystem;Boost::date_time;Boost::iostreams;Boost::serialization;/usr/lib/libOpenNI.so;libusb::libusb;/usr/lib/x86_64-linux-gnu/libOpenNI2.so;libusb::libusb;VTK::ChartsCore;VTK::CommonColor;VTK::CommonComputationalGeometry;VTK::CommonCore;VTK::CommonDataModel;VTK::CommonExecutionModel;VTK::CommonMath;VTK::CommonMisc;VTK::CommonTransforms;VTK::FiltersCore;VTK::FiltersExtraction;VTK::FiltersGeneral;VTK::FiltersGeometry;VTK::FiltersModeling;VTK::FiltersSources;VTK::ImagingCore;VTK::ImagingSources;VTK::InteractionImage;VTK::InteractionStyle;VTK::InteractionWidgets;VTK::IOCore;VTK::IOGeometry;VTK::IOImage;VTK::IOLegacy;VTK::IOPLY;VTK::RenderingAnnotation;VTK::RenderingCore;VTK::RenderingContext2D;VTK::RenderingLOD;VTK::RenderingFreeType;VTK::ViewsCore;VTK::ViewsContext2D;VTK::RenderingOpenGL2;VTK::GUISupportQt;FLANN::FLANN;QHULL::QHULL  
[7.143s] -- Found pcl_conversions: 2.4.5 (/opt/ros/humble/share/pcl_conversions/cmake)
[7.189s] -- Found required Ceres dependency: Eigen version 3.4.0 in /usr/include/eigen3
[7.204s] -- Found required Ceres dependency: glog
[7.205s] -- Found required Ceres dependency: gflags
[7.206s] -- Found Ceres version: 2.0.0 installed in: /usr with components: [EigenSparse, SparseLinearAlgebraLibrary, LAPACK, SuiteSparse, CXSparse, SchurSpecializations, Multithreading]
[7.269s] -- GTSAM include directory:  /usr/local/lib/cmake/GTSAM/../../../include
[7.270s] -- Found livox_ros_driver2: 1.0.0 (/root/ros2_ws/src/install/livox_ros_driver2/share/livox_ros_driver2/cmake)
[7.438s] -- Configuring done
[7.577s] [0mWARNING: Target "feature_extraction_node" requests linking to directory "/root/ros2_ws/src/slam/SuperOdom/super_odometry/include".  Targets may link only to libraries.  CMake is dropping the item.[0m
[7.650s] -- Generating done
[7.653s] [33mCMake Warning:
[7.654s]   Manually-specified variables were not used by the project:
[7.654s] 
[7.654s]     HUMBLE_ROS
[7.654s]     ROS_EDITION
[7.654s] 
[7.654s] [0m
[7.702s] -- Build files have been written to: /root/ros2_ws/src/build/super_odometry
[7.737s] Invoked command in '/root/ros2_ws/src/build/super_odometry' returned '0': AMENT_PREFIX_PATH=/root/ros2_ws/src/install/super_odometry_msgs:/root/ros2_ws/src/install/livox_ros_driver2:${AMENT_PREFIX_PATH} CMAKE_PREFIX_PATH=/root/ros2_ws/src/install/super_odometry_msgs:/root/ros2_ws/src/install/livox_ros_driver2:/opt/ros/humble LD_LIBRARY_PATH=/root/ros2_ws/src/install/super_odometry_msgs/lib:/root/ros2_ws/src/install/livox_ros_driver2/lib:${LD_LIBRARY_PATH} PYTHONPATH=/root/ros2_ws/src/install/super_odometry_msgs/local/lib/python3.10/dist-packages:/root/ros2_ws/src/install/livox_ros_driver2/local/lib/python3.10/dist-packages:${PYTHONPATH} /usr/bin/cmake /root/ros2_ws/src/slam/SuperOdom/super_odometry -DROS_EDITION=ROS2 -DHUMBLE_ROS=humble -DCMAKE_INSTALL_PREFIX=/root/ros2_ws/src/install/super_odometry
[7.739s] Invoking command in '/root/ros2_ws/src/build/super_odometry': AMENT_PREFIX_PATH=/root/ros2_ws/src/install/super_odometry_msgs:/root/ros2_ws/src/install/livox_ros_driver2:${AMENT_PREFIX_PATH} CMAKE_PREFIX_PATH=/root/ros2_ws/src/install/super_odometry_msgs:/root/ros2_ws/src/install/livox_ros_driver2:/opt/ros/humble LD_LIBRARY_PATH=/root/ros2_ws/src/install/super_odometry_msgs/lib:/root/ros2_ws/src/install/livox_ros_driver2/lib:${LD_LIBRARY_PATH} PYTHONPATH=/root/ros2_ws/src/install/super_odometry_msgs/local/lib/python3.10/dist-packages:/root/ros2_ws/src/install/livox_ros_driver2/local/lib/python3.10/dist-packages:${PYTHONPATH} /usr/bin/cmake --build /root/ros2_ws/src/build/super_odometry -- -j24 -l24
[7.833s] [ 11%] [32mBuilding CXX object CMakeFiles/SuperOdomLib.dir/src/FeatureExtraction/featureExtraction.cpp.o[0m
[7.833s] [ 11%] [32mBuilding CXX object CMakeFiles/SuperOdomLib.dir/src/LaserMapping/laserMapping.cpp.o[0m
[7.836s] [ 17%] [32mBuilding CXX object CMakeFiles/SuperOdomLib.dir/src/ImuPreintegration/imuPreintegration.cpp.o[0m
[7.836s] [ 29%] [32mBuilding CXX object CMakeFiles/SuperOdomLib.dir/src/LidarProcess/pose_local_parameterization.cpp.o[0m
[7.836s] [ 29%] [32mBuilding CXX object CMakeFiles/SuperOdomLib.dir/src/LidarProcess/LidarSlam.cpp.o[0m
[7.836s] [ 35%] [32mBuilding CXX object CMakeFiles/SuperOdomLib.dir/src/LaserMapping/lidarOptimization.cpp.o[0m
[7.837s] [ 41%] [32mBuilding CXX object CMakeFiles/SuperOdomLib.dir/src/LaserMapping/LocalMap.cpp.o[0m
[7.841s] [ 52%] [32mBuilding CXX object CMakeFiles/SuperOdomLib.dir/src/utils/superodom_utils.cpp.o[0m
[7.841s] [ 52%] [32mBuilding CXX object CMakeFiles/SuperOdomLib.dir/src/LidarProcess/SE3AbsolutatePoseFactor.cpp.o[0m
[7.846s] [ 58%] [32mBuilding CXX object CMakeFiles/SuperOdomLib.dir/src/parameter/parameter.cpp.o[0m
[9.866s] In file included from [01m[K/root/ros2_ws/src/slam/SuperOdom/super_odometry/include/super_odometry/LidarProcess/factor/pose_local_parameterization.h:11[m[K,
[9.866s]                  from [01m[K/root/ros2_ws/src/slam/SuperOdom/super_odometry/src/LidarProcess/pose_local_parameterization.cpp:5[m[K:
[9.866s] [01m[K/root/ros2_ws/src/slam/SuperOdom/super_odometry/include/super_odometry/LidarProcess/factor/../../utils/utility.h:137:6:[m[K [01;35m[Kwarning: [m[Kextra ‘[01m[K;[m[K’ [[01;35m[K-Wpedantic[m[K]
[9.866s]   137 |     }[01;35m[K;[m[K
[9.866s]       |      [01;35m[K^[m[K
[9.866s]       |      [31m[K-[m[K
[10.062s] [01m[K/root/ros2_ws/src/slam/SuperOdom/super_odometry/src/LidarProcess/pose_local_parameterization.cpp:[m[K In member function ‘[01m[Kvirtual bool PoseLocalParameterization::ComputeJacobian(const double*, double*) const[m[K’:
[10.062s] [01m[K/root/ros2_ws/src/slam/SuperOdom/super_odometry/src/LidarProcess/pose_local_parameterization.cpp:24:63:[m[K [01;35m[Kwarning: [m[Kunused parameter ‘[01m[Kx[m[K’ [[01;35m[K-Wunused-parameter[m[K]
[10.062s]    24 | bool PoseLocalParameterization::ComputeJacobian([01;35m[Kconst double *x[m[K, double *jacobian) const
[10.062s]       |                                                 [01;35m[K~~~~~~~~~~~~~~^[m[K
[11.500s] [01m[K/root/ros2_ws/src/slam/SuperOdom/super_odometry/src/LaserMapping/lidarOptimization.cpp:[m[K In member function ‘[01m[Kvirtual bool PoseSE3Parameterization::ComputeJacobian(const double*, double*) const[m[K’:
[11.501s] [01m[K/root/ros2_ws/src/slam/SuperOdom/super_odometry/src/LaserMapping/lidarOptimization.cpp:102:61:[m[K [01;35m[Kwarning: [m[Kunused parameter ‘[01m[Kx[m[K’ [[01;35m[K-Wunused-parameter[m[K]
[11.501s]   102 | bool PoseSE3Parameterization::ComputeJacobian([01;35m[Kconst double *x[m[K, double *jacobian) const
[11.501s]       |                                               [01;35m[K~~~~~~~~~~~~~~^[m[K
[12.838s] [01m[K/root/ros2_ws/src/slam/SuperOdom/super_odometry/src/LaserMapping/laserMapping.cpp:796:[m[K [01;35m[Kwarning: [m[Kignoring ‘[01m[K#pragma clang diagnostic[m[K’ [[01;35m[K-Wunknown-pragmas[m[K]
[12.838s]   796 | #pragma clang diagnostic pop
[12.838s]       | 
[13.433s] In file included from [01m[K/root/ros2_ws/src/slam/SuperOdom/super_odometry/src/LidarProcess/SE3AbsolutatePoseFactor.cpp:7[m[K:
[13.433s] [01m[K/root/ros2_ws/src/slam/SuperOdom/super_odometry/include/super_odometry/utils/utility.h:137:6:[m[K [01;35m[Kwarning: [m[Kextra ‘[01m[K;[m[K’ [[01;35m[K-Wpedantic[m[K]
[13.433s]   137 |     }[01;35m[K;[m[K
[13.433s]       |      [01;35m[K^[m[K
[13.433s]       |      [31m[K-[m[K
[17.781s] In file included from [01m[K/root/ros2_ws/src/slam/SuperOdom/super_odometry/include/super_odometry/LidarProcess/LocalMap.h:31[m[K,
[17.781s]                  from [01m[K/root/ros2_ws/src/slam/SuperOdom/super_odometry/include/super_odometry/LidarProcess/LidarSlam.h:17[m[K,
[17.781s]                  from [01m[K/root/ros2_ws/src/slam/SuperOdom/super_odometry/include/super_odometry/LaserMapping/laserMapping.h:34[m[K,
[17.781s]                  from [01m[K/root/ros2_ws/src/slam/SuperOdom/super_odometry/src/LaserMapping/laserMapping.cpp:5[m[K:
[17.781s] [01m[K/root/ros2_ws/src/slam/SuperOdom/super_odometry/include/super_odometry/flann/nanoflann.h:[m[K In member function ‘[01m[Ksize_t nanoflann::KDTreeSingIndexAaptor<Distance, DatasetAdapter, DIM, IndexType>::knnSearch(const ElementType*, size_t, IndexType*, nanoflann::KDTreeSingIndexAaptor<Distance, DatasetAdapter, DIM, IndexType>::DistanceType*, int) const[m[K’:
[17.781s] [01m[K/root/ros2_ws/src/slam/SuperOdom/super_odometry/include/super_odometry/flann/nanoflann.h:871:3:[m[K [01;35m[Kwarning: [m[Kno return statement in function returning non-void [[01;35m[K-Wreturn-type[m[K]
[17.781s]   871 |   [01;35m[K}[m[K
[17.781s]       |   [01;35m[K^[m[K
[17.833s] In file included from [01m[K/root/ros2_ws/src/slam/SuperOdom/super_odometry/include/super_odometry/LidarProcess/LocalMap.h:31[m[K,
[17.834s]                  from [01m[K/root/ros2_ws/src/slam/SuperOdom/super_odometry/src/LaserMapping/LocalMap.cpp:5[m[K:
[17.834s] [01m[K/root/ros2_ws/src/slam/SuperOdom/super_odometry/include/super_odometry/flann/nanoflann.h:[m[K In member function ‘[01m[Ksize_t nanoflann::KDTreeSingIndexAaptor<Distance, DatasetAdapter, DIM, IndexType>::knnSearch(const ElementType*, size_t, IndexType*, nanoflann::KDTreeSingIndexAaptor<Distance, DatasetAdapter, DIM, IndexType>::DistanceType*, int) const[m[K’:
[17.835s] [01m[K/root/ros2_ws/src/slam/SuperOdom/super_odometry/include/super_odometry/flann/nanoflann.h:871:3:[m[K [01;35m[Kwarning: [m[Kno return statement in function returning non-void [[01;35m[K-Wreturn-type[m[K]
[17.835s]   871 |   [01;35m[K}[m[K
[17.835s]       |   [01;35m[K^[m[K
[18.019s] In file included from [01m[K/root/ros2_ws/src/slam/SuperOdom/super_odometry/include/super_odometry/LidarProcess/factor/pose_local_parameterization.h:11[m[K,
[18.019s]                  from [01m[K/root/ros2_ws/src/slam/SuperOdom/super_odometry/include/super_odometry/LidarProcess/LidarSlam.h:30[m[K,
[18.019s]                  from [01m[K/root/ros2_ws/src/slam/SuperOdom/super_odometry/include/super_odometry/LaserMapping/laserMapping.h:34[m[K,
[18.019s]                  from [01m[K/root/ros2_ws/src/slam/SuperOdom/super_odometry/src/LaserMapping/laserMapping.cpp:5[m[K:
[18.019s] [01m[K/root/ros2_ws/src/slam/SuperOdom/super_odometry/include/super_odometry/LidarProcess/factor/../../utils/utility.h:[m[K At global scope:
[18.019s] [01m[K/root/ros2_ws/src/slam/SuperOdom/super_odometry/include/super_odometry/LidarProcess/factor/../../utils/utility.h:137:6:[m[K [01;35m[Kwarning: [m[Kextra ‘[01m[K;[m[K’ [[01;35m[K-Wpedantic[m[K]
[18.020s]   137 |     }[01;35m[K;[m[K
[18.020s]       |      [01;35m[K^[m[K
[18.020s]       |      [31m[K-[m[K
[18.063s] In file included from [01m[K/root/ros2_ws/src/slam/SuperOdom/super_odometry/include/super_odometry/FeatureExtraction/featureExtraction.h:27[m[K,
[18.063s]                  from [01m[K/root/ros2_ws/src/slam/SuperOdom/super_odometry/src/FeatureExtraction/featureExtraction.cpp:5[m[K:
[18.063s] [01m[K/root/ros2_ws/src/slam/SuperOdom/super_odometry/include/super_odometry/sensor_data/imu/imu_data.h:[m[K In member function ‘[01m[Kvoid Imu::imuInit(MapRingBuffer<std::shared_ptr<Imu> >)[m[K’:
[18.064s] [01m[K/root/ros2_ws/src/slam/SuperOdom/super_odometry/include/super_odometry/sensor_data/imu/imu_data.h:82:34:[m[K [01;35m[Kwarning: [m[Kvariable ‘[01m[Krot_first[m[K’ set but not used [[01;35m[K-Wunused-but-set-variable[m[K]
[18.064s]    82 |         const Eigen::Quaterniond [01;35m[Krot_first[m[K = imuBuf.measMap_.begin()->second->q_w_i;
[18.064s]       |                                  [01;35m[K^~~~~~~~~[m[K
[18.143s] In file included from [01m[K/root/ros2_ws/src/slam/SuperOdom/super_odometry/include/super_odometry/FeatureExtraction/featureExtraction.h:27[m[K,
[18.143s]                  from [01m[K/root/ros2_ws/src/slam/SuperOdom/super_odometry/src/FeatureExtraction/featureExtraction.cpp:5[m[K:
[18.143s] [01m[K/root/ros2_ws/src/slam/SuperOdom/super_odometry/include/super_odometry/sensor_data/imu/imu_data.h:101:34:[m[K [01;35m[Kwarning: [m[Kvariable ‘[01m[Krot_cur[m[K’ set but not used [[01;35m[K-Wunused-but-set-variable[m[K]
[18.143s]   101 |         const Eigen::Quaterniond [01;35m[Krot_cur[m[K = itMeas_->second->q_w_i;
[18.143s]       |                                  [01;35m[K^~~~~~~[m[K
[18.685s] [01m[K/root/ros2_ws/src/slam/SuperOdom/super_odometry/src/FeatureExtraction/featureExtraction.cpp:[m[K In member function ‘[01m[Kvoid super_odometry::featureExtraction::undistortionAndFeatureExtraction()[m[K’:
[18.685s] [01m[K/root/ros2_ws/src/slam/SuperOdom/super_odometry/src/FeatureExtraction/featureExtraction.cpp:489:20:[m[K [01;35m[Kwarning: [m[Kunused variable ‘[01m[Klidar_end_time[m[K’ [[01;35m[K-Wunused-variable[m[K]
[18.685s]   489 |             double [01;35m[Klidar_end_time[m[K = lidar_start_time + lidar_msg->back().time;
[18.685s]       |                    [01;35m[K^~~~~~~~~~~~~~[m[K
[18.685s] [01m[K/root/ros2_ws/src/slam/SuperOdom/super_odometry/src/FeatureExtraction/featureExtraction.cpp:[m[K In member function ‘[01m[Kvoid super_odometry::featureExtraction::uniformFeatureExtraction(const Ptr&, pcl::PointCloud<pcl::PointXYZI>::Ptr&, int, float)[m[K’:
[18.685s] [01m[K/root/ros2_ws/src/slam/SuperOdom/super_odometry/src/FeatureExtraction/featureExtraction.cpp:507:26:[m[K [01;35m[Kwarning: [m[Kcomparison of integer expressions of different signedness: ‘[01m[Kuint[m[K’ {aka ‘[01m[Kunsigned int[m[K’} and ‘[01m[Kint[m[K’ [[01;35m[K-Wsign-compare[m[K]
[18.685s]   507 |         for (uint i=1; [01;35m[Ki <(int)pc_in->points.size()[m[K; i+=skip_num)
[18.685s]       |                        [01;35m[K~~^~~~~~~~~~~~~~~~~~~~~~~~~~[m[K
[18.685s] [01m[K/root/ros2_ws/src/slam/SuperOdom/super_odometry/src/FeatureExtraction/featureExtraction.cpp:518:17:[m[K [01;35m[Kwarning: [m[Ksuggest parentheses around ‘[01m[K&&[m[K’ within ‘[01m[K||[m[K’ [[01;35m[K-Wparentheses[m[K]
[18.685s]   517 |                 || [01;35m[K(abs(pc_in->points[i].z - pc_in->points[i-1].z) > 1e-7)[m[K
[18.685s]       |                    [01;35m[K~~~~~~~~~~~~~~~~~~~~~~~~~~~~~~~~~~~~~~~~~~~~~~~~~~~~~~~[m[K
[18.686s]   518 | [01;35m[K                && (pc_in->points[i].x * pc_in->points[i].x + pc_in->points[i].y * pc_in->points[i].y + pc_in->points[i].z * pc_in->points[i].z > (block_range * block_range))[m[K)
[18.686s]       |                 [01;35m[K^~~~~~~~~~~~~~~~~~~~~~~~~~~~~~~~~~~~~~~~~~~~~~~~~~~~~~~~~~~~~~~~~~~~~~~~~~~~~~~~~~~~~~~~~~~~~~~~~~~~~~~~~~~~~~~~~~~~~~~~~~~~~~~~~~~~~~~~~~~~~~~~~~~~~~~~~~~~~~[m[K
[18.729s] [01m[K/root/ros2_ws/src/slam/SuperOdom/super_odometry/src/FeatureExtraction/featureExtraction.cpp:[m[K In member function ‘[01m[KImu::Ptr super_odometry::featureExtraction::createImuData(const super_odometry::ImuMeasurement&)[m[K’:
[18.729s] [01m[K/root/ros2_ws/src/slam/SuperOdom/super_odometry/src/FeatureExtraction/featureExtraction.cpp:563:29:[m[K [01;35m[Kwarning: [m[Kvariable ‘[01m[Kgyr[m[K’ set but not used [[01;35m[K-Wunused-but-set-variable[m[K]
[18.729s]   563 |             Eigen::Vector3d [01;35m[Kgyr[m[K = imu_Init->imu_laser_R_Gravity * measurement.gyr;
[18.729s]       |                             [01;35m[K^~~[m[K
[18.736s] In file included from [01m[K/root/ros2_ws/src/slam/SuperOdom/super_odometry/include/super_odometry/LidarProcess/LocalMap.h:31[m[K,
[18.736s]                  from [01m[K/root/ros2_ws/src/slam/SuperOdom/super_odometry/include/super_odometry/LidarProcess/LidarSlam.h:17[m[K,
[18.736s]                  from [01m[K/root/ros2_ws/src/slam/SuperOdom/super_odometry/src/LidarProcess/LidarSlam.cpp:3[m[K:
[18.736s] [01m[K/root/ros2_ws/src/slam/SuperOdom/super_odometry/include/super_odometry/flann/nanoflann.h:[m[K In member function ‘[01m[Ksize_t nanoflann::KDTreeSingIndexAaptor<Distance, DatasetAdapter, DIM, IndexType>::knnSearch(const ElementType*, size_t, IndexType*, nanoflann::KDTreeSingIndexAaptor<Distance, DatasetAdapter, DIM, IndexType>::DistanceType*, int) const[m[K’:
[18.736s] [01m[K/root/ros2_ws/src/slam/SuperOdom/super_odometry/include/super_odometry/flann/nanoflann.h:871:3:[m[K [01;35m[Kwarning: [m[Kno return statement in function returning non-void [[01;35m[K-Wreturn-type[m[K]
[18.736s]   871 |   [01;35m[K}[m[K
[18.736s]       |   [01;35m[K^[m[K
[19.051s] /root/ros2_ws/src/slam/SuperOdom/super_odometry/src/FeatureExtraction/featureExtraction.cpp: In instantiation of ‘[01m[Ksensor_msgs::msg::PointCloud2 super_odometry::featureExtraction::publishCloud(rclcpp::Publisher<sensor_msgs::msg::PointCloud2_<std::allocator<void> > >::SharedPtr, typename pcl::PointCloud<PointT>::Ptr, rclcpp::Time, std::string) [with Point = point_os::PointcloudXYZITR; sensor_msgs::msg::PointCloud2 = sensor_msgs::msg::PointCloud2_<std::allocator<void> >; rclcpp::Publisher<sensor_msgs::msg::PointCloud2_<std::allocator<void> > >::SharedPtr = std::shared_ptr<rclcpp::Publisher<sensor_msgs::msg::PointCloud2_<std::allocator<void> > > >; typename pcl::PointCloud<PointT>::Ptr = std::shared_ptr<pcl::PointCloud<point_os::PointcloudXYZITR> >; std::string = std::__cxx11::basic_string<char>][m[K’:
[19.051s] [01m[K/root/ros2_ws/src/slam/SuperOdom/super_odometry/src/FeatureExtraction/featureExtraction.cpp:403:83:[m[K   required from here
[19.051s] [01m[K/root/ros2_ws/src/slam/SuperOdom/super_odometry/src/FeatureExtraction/featureExtraction.cpp:379:97:[m[K [01;35m[Kwarning: [m[Kunused parameter ‘[01m[KthisPub[m[K’ [[01;35m[K-Wunused-parameter[m[K]
[19.051s]   379 | [01;35m[Krclcpp::Publisher<sensor_msgs::msg::PointCloud2>::SharedPtr thisPub[m[K, typename pcl::PointCloud<Point>::Ptr thisCloud,
[19.051s]       | [01;35m[K~~~~~~~~~~~~~~~~~~~~~~~~~~~~~~~~~~~~~~~~~~~~~~~~~~~~~~~~~~~~^~~~~~~[m[K
[19.052s] 
[19.052s] /root/ros2_ws/src/slam/SuperOdom/super_odometry/src/FeatureExtraction/featureExtraction.cpp: In instantiation of ‘[01m[Ksensor_msgs::msg::PointCloud2 super_odometry::featureExtraction::publishCloud(rclcpp::Publisher<sensor_msgs::msg::PointCloud2_<std::allocator<void> > >::SharedPtr, typename pcl::PointCloud<PointT>::Ptr, rclcpp::Time, std::string) [with Point = pcl::PointXYZI; sensor_msgs::msg::PointCloud2 = sensor_msgs::msg::PointCloud2_<std::allocator<void> >; rclcpp::Publisher<sensor_msgs::msg::PointCloud2_<std::allocator<void> > >::SharedPtr = std::shared_ptr<rclcpp::Publisher<sensor_msgs::msg::PointCloud2_<std::allocator<void> > > >; typename pcl::PointCloud<PointT>::Ptr = std::shared_ptr<pcl::PointCloud<pcl::PointXYZI> >; std::string = std::__cxx11::basic_string<char>][m[K’:
[19.052s] [01m[K/root/ros2_ws/src/slam/SuperOdom/super_odometry/src/FeatureExtraction/featureExtraction.cpp:404:60:[m[K   required from here
[19.052s] [01m[K/root/ros2_ws/src/slam/SuperOdom/super_odometry/src/FeatureExtraction/featureExtraction.cpp:379:97:[m[K [01;35m[Kwarning: [m[Kunused parameter ‘[01m[KthisPub[m[K’ [[01;35m[K-Wunused-parameter[m[K]
[19.076s] /root/ros2_ws/src/slam/SuperOdom/super_odometry/src/FeatureExtraction/featureExtraction.cpp: In instantiation of ‘[01m[Kvoid super_odometry::featureExtraction::removePointDistortion(double, double, MapRingBuffer<Meas>&, pcl::PointCloud<point_os::PointcloudXYZITR>::Ptr&) [with BufferType = std::shared_ptr<nav_msgs::msg::Odometry_<std::allocator<void> > >; pcl::PointCloud<point_os::PointcloudXYZITR>::Ptr = std::shared_ptr<pcl::PointCloud<point_os::PointcloudXYZITR> >][m[K’:
[19.076s] [01m[K/root/ros2_ws/src/slam/SuperOdom/super_odometry/src/FeatureExtraction/featureExtraction.cpp:462:74:[m[K   required from here
[19.076s] [01m[K/root/ros2_ws/src/slam/SuperOdom/super_odometry/src/FeatureExtraction/featureExtraction.cpp:225:16:[m[K [01;35m[Kwarning: [m[Kunused parameter ‘[01m[Klidar_end_time[m[K’ [[01;35m[K-Wunused-parameter[m[K]
[19.076s]   225 |         [01;35m[Kdouble lidar_end_time[m[K,
[19.076s]       |         [01;35m[K~~~~~~~^~~~~~~~~~~~~~[m[K
[19.078s] /root/ros2_ws/src/slam/SuperOdom/super_odometry/src/FeatureExtraction/featureExtraction.cpp: In instantiation of ‘[01m[Kvoid super_odometry::featureExtraction::removePointDistortion(double, double, MapRingBuffer<Meas>&, pcl::PointCloud<point_os::PointcloudXYZITR>::Ptr&) [with BufferType = std::shared_ptr<Imu>; pcl::PointCloud<point_os::PointcloudXYZITR>::Ptr = std::shared_ptr<pcl::PointCloud<point_os::PointcloudXYZITR> >][m[K’:
[19.078s] [01m[K/root/ros2_ws/src/slam/SuperOdom/super_odometry/src/FeatureExtraction/featureExtraction.cpp:473:48:[m[K   required from here
[19.078s] [01m[K/root/ros2_ws/src/slam/SuperOdom/super_odometry/src/FeatureExtraction/featureExtraction.cpp:225:16:[m[K [01;35m[Kwarning: [m[Kunused parameter ‘[01m[Klidar_end_time[m[K’ [[01;35m[K-Wunused-parameter[m[K]
[19.141s] In file included from [01m[K/root/ros2_ws/src/slam/SuperOdom/super_odometry/include/super_odometry/LidarProcess/factor/pose_local_parameterization.h:11[m[K,
[19.141s]                  from [01m[K/root/ros2_ws/src/slam/SuperOdom/super_odometry/include/super_odometry/LidarProcess/LidarSlam.h:30[m[K,
[19.141s]                  from [01m[K/root/ros2_ws/src/slam/SuperOdom/super_odometry/src/LidarProcess/LidarSlam.cpp:3[m[K:
[19.141s] [01m[K/root/ros2_ws/src/slam/SuperOdom/super_odometry/include/super_odometry/LidarProcess/factor/../../utils/utility.h:[m[K At global scope:
[19.142s] [01m[K/root/ros2_ws/src/slam/SuperOdom/super_odometry/include/super_odometry/LidarProcess/factor/../../utils/utility.h:137:6:[m[K [01;35m[Kwarning: [m[Kextra ‘[01m[K;[m[K’ [[01;35m[K-Wpedantic[m[K]
[19.142s]   137 |     }[01;35m[K;[m[K
[19.142s]       |      [01;35m[K^[m[K
[19.142s]       |      [31m[K-[m[K
[20.130s] In file included from [01m[K/root/ros2_ws/src/slam/SuperOdom/super_odometry/include/super_odometry/LaserMapping/laserMapping.h:34[m[K,
[20.130s]                  from [01m[K/root/ros2_ws/src/slam/SuperOdom/super_odometry/src/LaserMapping/laserMapping.cpp:5[m[K:
[20.130s] [01m[K/root/ros2_ws/src/slam/SuperOdom/super_odometry/include/super_odometry/LidarProcess/LidarSlam.h:208:80:[m[K [01;35m[Kwarning: [m[Kextra ‘[01m[K;[m[K’ [[01;35m[K-Wpedantic[m[K]
[20.130s]   208 |         rclcpp::Publisher<std_msgs::msg::Float32>::SharedPtr pubUncertaintyYaw;[01;35m[K;[m[K
[20.130s]       |                                                                                [01;35m[K^[m[K
[20.130s]       |                                                                                [31m[K-[m[K
[20.513s] [01m[K/root/ros2_ws/src/slam/SuperOdom/super_odometry/src/LaserMapping/laserMapping.cpp:[m[K In member function ‘[01m[Kvoid super_odometry::laserMapping::adjustVoxelSize()[m[K’:
[20.513s] [01m[K/root/ros2_ws/src/slam/SuperOdom/super_odometry/src/LaserMapping/laserMapping.cpp:603:14:[m[K [01;35m[Kwarning: [m[Kvariable ‘[01m[Kincrease_blind_radius[m[K’ set but not used [[01;35m[K-Wunused-but-set-variable[m[K]
[20.513s]   603 |         bool [01;35m[Kincrease_blind_radius[m[K = false;
[20.513s]       |              [01;35m[K^~~~~~~~~~~~~~~~~~~~~[m[K
[21.343s] In file included from [01m[K/root/ros2_ws/src/slam/SuperOdom/super_odometry/src/LidarProcess/LidarSlam.cpp:3[m[K:
[21.343s] [01m[K/root/ros2_ws/src/slam/SuperOdom/super_odometry/include/super_odometry/LidarProcess/LidarSlam.h:208:80:[m[K [01;35m[Kwarning: [m[Kextra ‘[01m[K;[m[K’ [[01;35m[K-Wpedantic[m[K]
[21.343s]   208 |         rclcpp::Publisher<std_msgs::msg::Float32>::SharedPtr pubUncertaintyYaw;[01;35m[K;[m[K
[21.343s]       |                                                                                [01;35m[K^[m[K
[21.343s]       |                                                                                [31m[K-[m[K
[21.399s] [01m[K/root/ros2_ws/src/slam/SuperOdom/super_odometry/src/LidarProcess/LidarSlam.cpp:[m[K In member function ‘[01m[Kvoid super_odometry::LidarSLAM::initializeState(bool, const Transformd&)[m[K’:
[21.399s] [01m[K/root/ros2_ws/src/slam/SuperOdom/super_odometry/src/LidarProcess/LidarSlam.cpp:53:42:[m[K [01;35m[Kwarning: [m[Kunused parameter ‘[01m[Kinitialization[m[K’ [[01;35m[K-Wunused-parameter[m[K]
[21.399s]    53 |     void LidarSLAM::initializeState([01;35m[Kbool initialization[m[K, const Transformd&position){
[21.399s]       |                                     [01;35m[K~~~~~^~~~~~~~~~~~~~[m[K
[21.426s] [01m[K/root/ros2_ws/src/slam/SuperOdom/super_odometry/src/LidarProcess/LidarSlam.cpp:[m[K In member function ‘[01m[Kdouble super_odometry::LidarSLAM::calculateSamplingRate(size_t)[m[K’:
[21.426s] [01m[K/root/ros2_ws/src/slam/SuperOdom/super_odometry/src/LidarProcess/LidarSlam.cpp:353:22:[m[K [01;35m[Kwarning: [m[Kcomparison of integer expressions of different signedness: ‘[01m[Ksize_t[m[K’ {aka ‘[01m[Klong unsigned int[m[K’} and ‘[01m[Kint[m[K’ [[01;35m[K-Wsign-compare[m[K]
[21.426s]   353 |         if([01;35m[Knum_points>OptSet.max_surface_features[m[K){
[21.426s]       |            [01;35m[K~~~~~~~~~~^~~~~~~~~~~~~~~~~~~~~~~~~~~~[m[K
[21.442s] [01m[K/root/ros2_ws/src/slam/SuperOdom/super_odometry/src/LidarProcess/LidarSlam.cpp:[m[K In member function ‘[01m[Ksuper_odometry::LidarSLAM::OptimizationParameter super_odometry::LidarSLAM::ComputeLineDistanceParameters(LocalMap&, const Point&)[m[K’:
[21.442s] [01m[K/root/ros2_ws/src/slam/SuperOdom/super_odometry/src/LidarProcess/LidarSlam.cpp:424:25:[m[K [01;35m[Kwarning: [m[Knarrowing conversion of ‘[01m[K((Eigen::DenseCoeffsBase<Eigen::Matrix<double, 3, 1>, 1>*)(& pFinal))->Eigen::DenseCoeffsBase<Eigen::Matrix<double, 3, 1>, 1>::x()[m[K’ from ‘[01m[KEigen::DenseCoeffsBase<Eigen::Matrix<double, 3, 1>, 1>::Scalar[m[K’ {aka ‘[01m[Kdouble[m[K’} to ‘[01m[Kfloat[m[K’ [[01;35m[K-Wnarrowing[m[K]
[21.442s]   424 |     Point query{[01;35m[KpFinal.x()[m[K, pFinal.y(), pFinal.z()};
[21.442s]       |                 [01;35m[K~~~~~~~~^~[m[K
[21.442s] [01m[K/root/ros2_ws/src/slam/SuperOdom/super_odometry/src/LidarProcess/LidarSlam.cpp:424:37:[m[K [01;35m[Kwarning: [m[Knarrowing conversion of ‘[01m[K((Eigen::DenseCoeffsBase<Eigen::Matrix<double, 3, 1>, 1>*)(& pFinal))->Eigen::DenseCoeffsBase<Eigen::Matrix<double, 3, 1>, 1>::y()[m[K’ from ‘[01m[KEigen::DenseCoeffsBase<Eigen::Matrix<double, 3, 1>, 1>::Scalar[m[K’ {aka ‘[01m[Kdouble[m[K’} to ‘[01m[Kfloat[m[K’ [[01;35m[K-Wnarrowing[m[K]
[21.442s]   424 |     Point query{pFinal.x(), [01;35m[KpFinal.y()[m[K, pFinal.z()};
[21.442s]       |                             [01;35m[K~~~~~~~~^~[m[K
[21.442s] [01m[K/root/ros2_ws/src/slam/SuperOdom/super_odometry/src/LidarProcess/LidarSlam.cpp:424:49:[m[K [01;35m[Kwarning: [m[Knarrowing conversion of ‘[01m[K((Eigen::DenseCoeffsBase<Eigen::Matrix<double, 3, 1>, 1>*)(& pFinal))->Eigen::DenseCoeffsBase<Eigen::Matrix<double, 3, 1>, 1>::z()[m[K’ from ‘[01m[KEigen::DenseCoeffsBase<Eigen::Matrix<double, 3, 1>, 1>::Scalar[m[K’ {aka ‘[01m[Kdouble[m[K’} to ‘[01m[Kfloat[m[K’ [[01;35m[K-Wnarrowing[m[K]
[21.442s]   424 |     Point query{pFinal.x(), pFinal.y(), [01;35m[KpFinal.z()[m[K};
[21.442s]       |                                         [01;35m[K~~~~~~~~^~[m[K
[21.531s] [01m[K/root/ros2_ws/src/slam/SuperOdom/super_odometry/src/LidarProcess/LidarSlam.cpp:[m[K In member function ‘[01m[Ksuper_odometry::LidarSLAM::OptimizationParameter super_odometry::LidarSLAM::processLineResults(const Vector3d&, const Vector3d&, const Vector3d&, const Matrix3d&, const std::vector<pcl::PointXYZI>&, double)[m[K’:
[21.531s] [01m[K/root/ros2_ws/src/slam/SuperOdom/super_odometry/src/LidarProcess/LidarSlam.cpp:447:58:[m[K [01;35m[Kwarning: [m[Kunused parameter ‘[01m[Keigenvalues[m[K’ [[01;35m[K-Wunused-parameter[m[K]
[21.531s]   447 |                                   [01;35m[Kconst Eigen::Vector3d &eigenvalues[m[K,
[21.531s]       |                                   [01;35m[K~~~~~~~~~~~~~~~~~~~~~~~^~~~~~~~~~~[m[K
[21.531s] [01m[K/root/ros2_ws/src/slam/SuperOdom/super_odometry/src/LidarProcess/LidarSlam.cpp:450:42:[m[K [01;35m[Kwarning: [m[Kunused parameter ‘[01m[Ksquare_max_dist[m[K’ [[01;35m[K-Wunused-parameter[m[K]
[21.531s]   450 |                                   [01;35m[Kdouble square_max_dist[m[K) {
[21.531s]       |                                   [01;35m[K~~~~~~~^~~~~~~~~~~~~~~[m[K
[21.825s] [01m[K/root/ros2_ws/src/slam/SuperOdom/super_odometry/src/LidarProcess/LidarSlam.cpp:[m[K In member function ‘[01m[Ksuper_odometry::LidarSLAM::RegistrationError super_odometry::LidarSLAM::EstimateRegistrationError(ceres::Problem&, double)[m[K’:
[21.825s] [01m[K/root/ros2_ws/src/slam/SuperOdom/super_odometry/src/LidarProcess/LidarSlam.cpp:861:51:[m[K [01;35m[Kwarning: [m[Kunused parameter ‘[01m[Keigen_thresh[m[K’ [[01;35m[K-Wunused-parameter[m[K]
[21.825s]   861 |             ceres::Problem &problem, [01;35m[Kconst double eigen_thresh[m[K) {
[21.826s]       |                                      [01;35m[K~~~~~~~~~~~~~^~~~~~~~~~~~[m[K
[21.872s] In file included from [01m[K/root/ros2_ws/src/slam/SuperOdom/super_odometry/include/super_odometry/ImuPreintegration/imuPreintegration.h:38[m[K,
[21.872s]                  from [01m[K/root/ros2_ws/src/slam/SuperOdom/super_odometry/src/ImuPreintegration/imuPreintegration.cpp:4[m[K:
[21.872s] [01m[K/root/ros2_ws/src/slam/SuperOdom/super_odometry/include/super_odometry/sensor_data/imu/imu_data.h:[m[K In member function ‘[01m[Kvoid Imu::imuInit(MapRingBuffer<std::shared_ptr<Imu> >)[m[K’:
[21.872s] [01m[K/root/ros2_ws/src/slam/SuperOdom/super_odometry/include/super_odometry/sensor_data/imu/imu_data.h:82:34:[m[K [01;35m[Kwarning: [m[Kvariable ‘[01m[Krot_first[m[K’ set but not used [[01;35m[K-Wunused-but-set-variable[m[K]
[21.872s]    82 |         const Eigen::Quaterniond [01;35m[Krot_first[m[K = imuBuf.measMap_.begin()->second->q_w_i;
[21.872s]       |                                  [01;35m[K^~~~~~~~~[m[K
[21.944s] In file included from [01m[K/root/ros2_ws/src/slam/SuperOdom/super_odometry/include/super_odometry/ImuPreintegration/imuPreintegration.h:38[m[K,
[21.944s]                  from [01m[K/root/ros2_ws/src/slam/SuperOdom/super_odometry/src/ImuPreintegration/imuPreintegration.cpp:4[m[K:
[21.944s] [01m[K/root/ros2_ws/src/slam/SuperOdom/super_odometry/include/super_odometry/sensor_data/imu/imu_data.h:101:34:[m[K [01;35m[Kwarning: [m[Kvariable ‘[01m[Krot_cur[m[K’ set but not used [[01;35m[K-Wunused-but-set-variable[m[K]
[21.944s]   101 |         const Eigen::Quaterniond [01;35m[Krot_cur[m[K = itMeas_->second->q_w_i;
[21.944s]       |                                  [01;35m[K^~~~~~~[m[K
[22.196s] [01m[K/root/ros2_ws/src/slam/SuperOdom/super_odometry/src/ImuPreintegration/imuPreintegration.cpp:[m[K In member function ‘[01m[Kbool super_odometry::imuPreintegration::build_graph(gtsam::Pose3, double)[m[K’:
[22.197s] [01m[K/root/ros2_ws/src/slam/SuperOdom/super_odometry/src/ImuPreintegration/imuPreintegration.cpp:289:14:[m[K [01;35m[Kwarning: [m[Kvariable ‘[01m[Kdiff[m[K’ set but not used [[01;35m[K-Wunused-but-set-variable[m[K]
[22.197s]   289 |         auto [01;35m[Kdiff[m[K  = curPose.translation() - propState_.pose().translation();
[22.197s]       |              [01;35m[K^~~~[m[K
[22.197s] [01m[K/root/ros2_ws/src/slam/SuperOdom/super_odometry/src/ImuPreintegration/imuPreintegration.cpp:279:72:[m[K [01;35m[Kwarning: [m[Kunused parameter ‘[01m[KcurLaserodomtimestamp[m[K’ [[01;35m[K-Wunused-parameter[m[K]
[22.197s]   279 |     bool imuPreintegration::build_graph(gtsam::Pose3 lidarPose, [01;35m[Kdouble curLaserodomtimestamp[m[K) {
[22.197s]       |                                                                 [01;35m[K~~~~~~~^~~~~~~~~~~~~~~~~~~~~[m[K
[43.035s] [01m[K/root/ros2_ws/src/slam/SuperOdom/super_odometry/src/FeatureExtraction/featureExtraction.cpp:[m[K In member function ‘[01m[Kvoid super_odometry::featureExtraction::undistortionAndFeatureExtraction()[m[K’:
[43.035s] [01m[K/root/ros2_ws/src/slam/SuperOdom/super_odometry/src/FeatureExtraction/featureExtraction.cpp:495:28:[m[K [01;35m[Kwarning: [m[K‘[01m[Klidar_start_time[m[K’ may be used uninitialized in this function [[01;35m[K-Wmaybe-uninitialized[m[K]
[43.035s]   495 |             [01;35m[KextractFeatures(lidar_start_time, lidar_msg, default_quaternion)[m[K;
[43.035s]       |             [01;35m[K~~~~~~~~~~~~~~~^~~~~~~~~~~~~~~~~~~~~~~~~~~~~~~~~~~~~~~~~~~~~~~~~[m[K
[49.789s] [ 64%] [32m[1mLinking CXX shared library libSuperOdomLib.so[0m
[51.406s] [ 64%] Built target SuperOdomLib
[51.422s] [ 76%] [32mBuilding CXX object CMakeFiles/feature_extraction_node.dir/src/featureExtraction_node.cpp.o[0m
[51.422s] [ 76%] [32mBuilding CXX object CMakeFiles/laser_mapping_node.dir/src/laserMapping_node.cpp.o[0m
[51.422s] [ 82%] [32mBuilding CXX object CMakeFiles/imu_preintegration_node.dir/src/imuPreintegration_node.cpp.o[0m
[55.172s] In file included from [01m[K/root/ros2_ws/src/slam/SuperOdom/super_odometry/include/super_odometry/FeatureExtraction/featureExtraction.h:27[m[K,
[55.172s]                  from [01m[K/root/ros2_ws/src/slam/SuperOdom/super_odometry/src/featureExtraction_node.cpp:5[m[K:
[55.172s] [01m[K/root/ros2_ws/src/slam/SuperOdom/super_odometry/include/super_odometry/sensor_data/imu/imu_data.h:[m[K In member function ‘[01m[Kvoid Imu::imuInit(MapRingBuffer<std::shared_ptr<Imu> >)[m[K’:
[55.172s] [01m[K/root/ros2_ws/src/slam/SuperOdom/super_odometry/include/super_odometry/sensor_data/imu/imu_data.h:82:34:[m[K [01;35m[Kwarning: [m[Kvariable ‘[01m[Krot_first[m[K’ set but not used [[01;35m[K-Wunused-but-set-variable[m[K]
[55.172s]    82 |         const Eigen::Quaterniond [01;35m[Krot_first[m[K = imuBuf.measMap_.begin()->second->q_w_i;
[55.172s]       |                                  [01;35m[K^~~~~~~~~[m[K
[55.219s] In file included from [01m[K/root/ros2_ws/src/slam/SuperOdom/super_odometry/include/super_odometry/FeatureExtraction/featureExtraction.h:27[m[K,
[55.219s]                  from [01m[K/root/ros2_ws/src/slam/SuperOdom/super_odometry/src/featureExtraction_node.cpp:5[m[K:
[55.219s] [01m[K/root/ros2_ws/src/slam/SuperOdom/super_odometry/include/super_odometry/sensor_data/imu/imu_data.h:101:34:[m[K [01;35m[Kwarning: [m[Kvariable ‘[01m[Krot_cur[m[K’ set but not used [[01;35m[K-Wunused-but-set-variable[m[K]
[55.219s]   101 |         const Eigen::Quaterniond [01;35m[Krot_cur[m[K = itMeas_->second->q_w_i;
[55.220s]       |                                  [01;35m[K^~~~~~~[m[K
[55.604s] In file included from [01m[K/root/ros2_ws/src/slam/SuperOdom/super_odometry/include/super_odometry/LidarProcess/LocalMap.h:31[m[K,
[55.604s]                  from [01m[K/root/ros2_ws/src/slam/SuperOdom/super_odometry/include/super_odometry/LidarProcess/LidarSlam.h:17[m[K,
[55.604s]                  from [01m[K/root/ros2_ws/src/slam/SuperOdom/super_odometry/include/super_odometry/LaserMapping/laserMapping.h:34[m[K,
[55.604s]                  from [01m[K/root/ros2_ws/src/slam/SuperOdom/super_odometry/src/laserMapping_node.cpp:5[m[K:
[55.604s] [01m[K/root/ros2_ws/src/slam/SuperOdom/super_odometry/include/super_odometry/flann/nanoflann.h:[m[K In member function ‘[01m[Ksize_t nanoflann::KDTreeSingIndexAaptor<Distance, DatasetAdapter, DIM, IndexType>::knnSearch(const ElementType*, size_t, IndexType*, nanoflann::KDTreeSingIndexAaptor<Distance, DatasetAdapter, DIM, IndexType>::DistanceType*, int) const[m[K’:
[55.604s] [01m[K/root/ros2_ws/src/slam/SuperOdom/super_odometry/include/super_odometry/flann/nanoflann.h:871:3:[m[K [01;35m[Kwarning: [m[Kno return statement in function returning non-void [[01;35m[K-Wreturn-type[m[K]
[55.604s]   871 |   [01;35m[K}[m[K
[55.604s]       |   [01;35m[K^[m[K
[55.762s] In file included from [01m[K/root/ros2_ws/src/slam/SuperOdom/super_odometry/include/super_odometry/LidarProcess/factor/pose_local_parameterization.h:11[m[K,
[55.762s]                  from [01m[K/root/ros2_ws/src/slam/SuperOdom/super_odometry/include/super_odometry/LidarProcess/LidarSlam.h:30[m[K,
[55.762s]                  from [01m[K/root/ros2_ws/src/slam/SuperOdom/super_odometry/include/super_odometry/LaserMapping/laserMapping.h:34[m[K,
[55.762s]                  from [01m[K/root/ros2_ws/src/slam/SuperOdom/super_odometry/src/laserMapping_node.cpp:5[m[K:
[55.762s] [01m[K/root/ros2_ws/src/slam/SuperOdom/super_odometry/include/super_odometry/LidarProcess/factor/../../utils/utility.h:[m[K At global scope:
[55.762s] [01m[K/root/ros2_ws/src/slam/SuperOdom/super_odometry/include/super_odometry/LidarProcess/factor/../../utils/utility.h:137:6:[m[K [01;35m[Kwarning: [m[Kextra ‘[01m[K;[m[K’ [[01;35m[K-Wpedantic[m[K]
[55.762s]   137 |     }[01;35m[K;[m[K
[55.762s]       |      [01;35m[K^[m[K
[55.762s]       |      [31m[K-[m[K
[57.200s] In file included from [01m[K/root/ros2_ws/src/slam/SuperOdom/super_odometry/include/super_odometry/LaserMapping/laserMapping.h:34[m[K,
[57.200s]                  from [01m[K/root/ros2_ws/src/slam/SuperOdom/super_odometry/src/laserMapping_node.cpp:5[m[K:
[57.200s] [01m[K/root/ros2_ws/src/slam/SuperOdom/super_odometry/include/super_odometry/LidarProcess/LidarSlam.h:208:80:[m[K [01;35m[Kwarning: [m[Kextra ‘[01m[K;[m[K’ [[01;35m[K-Wpedantic[m[K]
[57.200s]   208 |         rclcpp::Publisher<std_msgs::msg::Float32>::SharedPtr pubUncertaintyYaw;[01;35m[K;[m[K
[57.200s]       |                                                                                [01;35m[K^[m[K
[57.200s]       |                                                                                [31m[K-[m[K
[58.161s] [ 88%] [32m[1mLinking CXX executable feature_extraction_node[0m
[58.215s] In file included from [01m[K/root/ros2_ws/src/slam/SuperOdom/super_odometry/include/super_odometry/ImuPreintegration/imuPreintegration.h:38[m[K,
[58.215s]                  from [01m[K/root/ros2_ws/src/slam/SuperOdom/super_odometry/src/imuPreintegration_node.cpp:5[m[K:
[58.215s] [01m[K/root/ros2_ws/src/slam/SuperOdom/super_odometry/include/super_odometry/sensor_data/imu/imu_data.h:[m[K In member function ‘[01m[Kvoid Imu::imuInit(MapRingBuffer<std::shared_ptr<Imu> >)[m[K’:
[58.215s] [01m[K/root/ros2_ws/src/slam/SuperOdom/super_odometry/include/super_odometry/sensor_data/imu/imu_data.h:82:34:[m[K [01;35m[Kwarning: [m[Kvariable ‘[01m[Krot_first[m[K’ set but not used [[01;35m[K-Wunused-but-set-variable[m[K]
[58.215s]    82 |         const Eigen::Quaterniond [01;35m[Krot_first[m[K = imuBuf.measMap_.begin()->second->q_w_i;
[58.215s]       |                                  [01;35m[K^~~~~~~~~[m[K
[58.263s] In file included from [01m[K/root/ros2_ws/src/slam/SuperOdom/super_odometry/include/super_odometry/ImuPreintegration/imuPreintegration.h:38[m[K,
[58.263s]                  from [01m[K/root/ros2_ws/src/slam/SuperOdom/super_odometry/src/imuPreintegration_node.cpp:5[m[K:
[58.263s] [01m[K/root/ros2_ws/src/slam/SuperOdom/super_odometry/include/super_odometry/sensor_data/imu/imu_data.h:101:34:[m[K [01;35m[Kwarning: [m[Kvariable ‘[01m[Krot_cur[m[K’ set but not used [[01;35m[K-Wunused-but-set-variable[m[K]
[58.263s]   101 |         const Eigen::Quaterniond [01;35m[Krot_cur[m[K = itMeas_->second->q_w_i;
[58.263s]       |                                  [01;35m[K^~~~~~~[m[K
[58.581s] [ 88%] Built target feature_extraction_node
[60.661s] [ 94%] [32m[1mLinking CXX executable laser_mapping_node[0m
[61.066s] [ 94%] Built target laser_mapping_node
[64.082s] [100%] [32m[1mLinking CXX executable imu_preintegration_node[0m
[64.609s] [100%] Built target imu_preintegration_node
[64.617s] Invoked command in '/root/ros2_ws/src/build/super_odometry' returned '0': AMENT_PREFIX_PATH=/root/ros2_ws/src/install/super_odometry_msgs:/root/ros2_ws/src/install/livox_ros_driver2:${AMENT_PREFIX_PATH} CMAKE_PREFIX_PATH=/root/ros2_ws/src/install/super_odometry_msgs:/root/ros2_ws/src/install/livox_ros_driver2:/opt/ros/humble LD_LIBRARY_PATH=/root/ros2_ws/src/install/super_odometry_msgs/lib:/root/ros2_ws/src/install/livox_ros_driver2/lib:${LD_LIBRARY_PATH} PYTHONPATH=/root/ros2_ws/src/install/super_odometry_msgs/local/lib/python3.10/dist-packages:/root/ros2_ws/src/install/livox_ros_driver2/local/lib/python3.10/dist-packages:${PYTHONPATH} /usr/bin/cmake --build /root/ros2_ws/src/build/super_odometry -- -j24 -l24
[64.617s] Invoking command in '/root/ros2_ws/src/build/super_odometry': AMENT_PREFIX_PATH=/root/ros2_ws/src/install/super_odometry_msgs:/root/ros2_ws/src/install/livox_ros_driver2:${AMENT_PREFIX_PATH} CMAKE_PREFIX_PATH=/root/ros2_ws/src/install/super_odometry_msgs:/root/ros2_ws/src/install/livox_ros_driver2:/opt/ros/humble LD_LIBRARY_PATH=/root/ros2_ws/src/install/super_odometry_msgs/lib:/root/ros2_ws/src/install/livox_ros_driver2/lib:${LD_LIBRARY_PATH} PYTHONPATH=/root/ros2_ws/src/install/super_odometry_msgs/local/lib/python3.10/dist-packages:/root/ros2_ws/src/install/livox_ros_driver2/local/lib/python3.10/dist-packages:${PYTHONPATH} /usr/bin/cmake --install /root/ros2_ws/src/build/super_odometry
[64.620s] -- Install configuration: "Release"
[64.620s] -- Installing: /root/ros2_ws/src/install/super_odometry/share/super_odometry/environment/library_path.sh
[64.620s] -- Installing: /root/ros2_ws/src/install/super_odometry/share/super_odometry/environment/library_path.dsv
[64.620s] -- Installing: /root/ros2_ws/src/install/super_odometry/include
[64.620s] -- Installing: /root/ros2_ws/src/install/super_odometry/include/super_odometry
[64.621s] -- Installing: /root/ros2_ws/src/install/super_odometry/include/super_odometry/ImuPreintegration
[64.621s] -- Installing: /root/ros2_ws/src/install/super_odometry/include/super_odometry/ImuPreintegration/imuPreintegration.h
[64.621s] -- Installing: /root/ros2_ws/src/install/super_odometry/include/super_odometry/container
[64.621s] -- Installing: /root/ros2_ws/src/install/super_odometry/include/super_odometry/container/MapRingBuffer.h
[64.621s] -- Installing: /root/ros2_ws/src/install/super_odometry/include/super_odometry/sensor_data
[64.621s] -- Installing: /root/ros2_ws/src/install/super_odometry/include/super_odometry/sensor_data/imu
[64.621s] -- Installing: /root/ros2_ws/src/install/super_odometry/include/super_odometry/sensor_data/imu/imu_data.h
[64.622s] -- Installing: /root/ros2_ws/src/install/super_odometry/include/super_odometry/sensor_data/pointcloud
[64.622s] -- Installing: /root/ros2_ws/src/install/super_odometry/include/super_odometry/sensor_data/pointcloud/point_os.h
[64.622s] -- Installing: /root/ros2_ws/src/install/super_odometry/include/super_odometry/sensor_data/pointcloud/LidarPoint.h
[64.622s] -- Installing: /root/ros2_ws/src/install/super_odometry/include/super_odometry/tic_toc.h
[64.622s] -- Installing: /root/ros2_ws/src/install/super_odometry/include/super_odometry/LidarProcess
[64.622s] -- Installing: /root/ros2_ws/src/install/super_odometry/include/super_odometry/LidarProcess/factor
[64.622s] -- Installing: /root/ros2_ws/src/install/super_odometry/include/super_odometry/LidarProcess/factor/pose_local_parameterization.h
[64.622s] -- Installing: /root/ros2_ws/src/install/super_odometry/include/super_odometry/LidarProcess/factor/SE3AbsolutatePoseFactor.h
[64.622s] -- Installing: /root/ros2_ws/src/install/super_odometry/include/super_odometry/LidarProcess/factor/lidarOptimization.h
[64.622s] -- Installing: /root/ros2_ws/src/install/super_odometry/include/super_odometry/LidarProcess/LidarSlam.h
[64.622s] -- Installing: /root/ros2_ws/src/install/super_odometry/include/super_odometry/LidarProcess/LocalMap.h
[64.622s] -- Installing: /root/ros2_ws/src/install/super_odometry/include/super_odometry/utils
[64.622s] -- Installing: /root/ros2_ws/src/install/super_odometry/include/super_odometry/utils/EigenTypes.h
[64.623s] -- Installing: /root/ros2_ws/src/install/super_odometry/include/super_odometry/utils/Twist.h
[64.623s] -- Installing: /root/ros2_ws/src/install/super_odometry/include/super_odometry/utils/superodom_utils.h
[64.623s] -- Installing: /root/ros2_ws/src/install/super_odometry/include/super_odometry/utils/sophus_utils.hpp
[64.623s] -- Installing: /root/ros2_ws/src/install/super_odometry/include/super_odometry/utils/utility.h
[64.623s] -- Installing: /root/ros2_ws/src/install/super_odometry/include/super_odometry/LaserMapping
[64.623s] -- Installing: /root/ros2_ws/src/install/super_odometry/include/super_odometry/LaserMapping/laserMapping.h
[64.623s] -- Installing: /root/ros2_ws/src/install/super_odometry/include/super_odometry/FeatureExtraction
[64.623s] -- Installing: /root/ros2_ws/src/install/super_odometry/include/super_odometry/FeatureExtraction/featureExtraction.h
[64.623s] -- Installing: /root/ros2_ws/src/install/super_odometry/include/super_odometry/config
[64.623s] -- Installing: /root/ros2_ws/src/install/super_odometry/include/super_odometry/config/parameter.h
[64.623s] -- Installing: /root/ros2_ws/src/install/super_odometry/include/super_odometry/flann
[64.624s] -- Installing: /root/ros2_ws/src/install/super_odometry/include/super_odometry/flann/nanoflann.h
[64.624s] -- Installing: /root/ros2_ws/src/install/super_odometry/include/super_odometry/flann/octree.h
[64.624s] -- Installing: /root/ros2_ws/src/install/super_odometry/include/super_odometry/LocalMap.h
[64.624s] -- Installing: /root/ros2_ws/src/install/super_odometry/include/utility.h
[64.624s] -- Installing: /root/ros2_ws/src/install/super_odometry/lib/libSuperOdomLib.so
[64.708s] -- Set runtime path of "/root/ros2_ws/src/install/super_odometry/lib/libSuperOdomLib.so" to ""
[64.709s] -- Installing: /root/ros2_ws/src/install/super_odometry/lib/super_odometry/imu_preintegration_node
[64.720s] -- Set runtime path of "/root/ros2_ws/src/install/super_odometry/lib/super_odometry/imu_preintegration_node" to ""
[64.720s] -- Installing: /root/ros2_ws/src/install/super_odometry/lib/super_odometry/feature_extraction_node
[64.723s] -- Set runtime path of "/root/ros2_ws/src/install/super_odometry/lib/super_odometry/feature_extraction_node" to ""
[64.723s] -- Installing: /root/ros2_ws/src/install/super_odometry/lib/super_odometry/laser_mapping_node
[64.728s] -- Set runtime path of "/root/ros2_ws/src/install/super_odometry/lib/super_odometry/laser_mapping_node" to ""
[64.729s] -- Installing: /root/ros2_ws/src/install/super_odometry/share/super_odometry//config
[64.737s] -- Installing: /root/ros2_ws/src/install/super_odometry/share/super_odometry//config/ouster
[64.737s] -- Installing: /root/ros2_ws/src/install/super_odometry/share/super_odometry//config/ouster/os1_128_calibration.yaml
[64.737s] -- Installing: /root/ros2_ws/src/install/super_odometry/share/super_odometry//config/livox
[64.737s] -- Installing: /root/ros2_ws/src/install/super_odometry/share/super_odometry//config/livox/livox_mid360_calibration.yaml
[64.737s] -- Installing: /root/ros2_ws/src/install/super_odometry/share/super_odometry//config/os1_128.yaml
[64.738s] -- Installing: /root/ros2_ws/src/install/super_odometry/share/super_odometry//config/vlp_16.yaml
[64.738s] -- Installing: /root/ros2_ws/src/install/super_odometry/share/super_odometry//config/velodyne
[64.738s] -- Installing: /root/ros2_ws/src/install/super_odometry/share/super_odometry//config/velodyne/vlp_16_calibration.yaml
[64.738s] -- Installing: /root/ros2_ws/src/install/super_odometry/share/super_odometry//config/livox_mid360.yaml
[64.738s] -- Installing: /root/ros2_ws/src/install/super_odometry/share/super_odometry//launch
[64.738s] -- Installing: /root/ros2_ws/src/install/super_odometry/share/super_odometry//launch/livox_mid360.launch.py
[64.738s] -- Installing: /root/ros2_ws/src/install/super_odometry/share/super_odometry//launch/superodom_autonomy_sim.launch.py
[64.738s] -- Installing: /root/ros2_ws/src/install/super_odometry/share/super_odometry//launch/os1_128.launch.py
[64.738s] -- Installing: /root/ros2_ws/src/install/super_odometry/share/super_odometry//launch/vlp_16.launch.py
[64.739s] -- Installing: /root/ros2_ws/src/install/super_odometry/share/super_odometry//launch/superodom_autonomy.launch.py
[64.739s] -- Installing: /root/ros2_ws/src/install/super_odometry/share/ament_index/resource_index/package_run_dependencies/super_odometry
[64.739s] -- Installing: /root/ros2_ws/src/install/super_odometry/share/ament_index/resource_index/parent_prefix_path/super_odometry
[64.739s] -- Installing: /root/ros2_ws/src/install/super_odometry/share/super_odometry/environment/ament_prefix_path.sh
[64.739s] -- Installing: /root/ros2_ws/src/install/super_odometry/share/super_odometry/environment/ament_prefix_path.dsv
[64.739s] -- Installing: /root/ros2_ws/src/install/super_odometry/share/super_odometry/environment/path.sh
[64.739s] -- Installing: /root/ros2_ws/src/install/super_odometry/share/super_odometry/environment/path.dsv
[64.739s] -- Installing: /root/ros2_ws/src/install/super_odometry/share/super_odometry/local_setup.bash
[64.739s] -- Installing: /root/ros2_ws/src/install/super_odometry/share/super_odometry/local_setup.sh
[64.739s] -- Installing: /root/ros2_ws/src/install/super_odometry/share/super_odometry/local_setup.zsh
[64.740s] -- Installing: /root/ros2_ws/src/install/super_odometry/share/super_odometry/local_setup.dsv
[64.740s] -- Installing: /root/ros2_ws/src/install/super_odometry/share/super_odometry/package.dsv
[64.740s] -- Installing: /root/ros2_ws/src/install/super_odometry/share/ament_index/resource_index/packages/super_odometry
[64.740s] -- Installing: /root/ros2_ws/src/install/super_odometry/share/super_odometry/cmake/export_super_odometryExport.cmake
[64.740s] -- Installing: /root/ros2_ws/src/install/super_odometry/share/super_odometry/cmake/export_super_odometryExport-release.cmake
[64.741s] -- Installing: /root/ros2_ws/src/install/super_odometry/share/super_odometry/cmake/ament_cmake_export_targets-extras.cmake
[64.741s] -- Installing: /root/ros2_ws/src/install/super_odometry/share/super_odometry/cmake/ament_cmake_export_include_directories-extras.cmake
[64.741s] -- Installing: /root/ros2_ws/src/install/super_odometry/share/super_odometry/cmake/ament_cmake_export_libraries-extras.cmake
[64.741s] -- Installing: /root/ros2_ws/src/install/super_odometry/share/super_odometry/cmake/super_odometryConfig.cmake
[64.741s] -- Installing: /root/ros2_ws/src/install/super_odometry/share/super_odometry/cmake/super_odometryConfig-version.cmake
[64.741s] -- Installing: /root/ros2_ws/src/install/super_odometry/share/super_odometry/package.xml
[64.742s] Invoked command in '/root/ros2_ws/src/build/super_odometry' returned '0': AMENT_PREFIX_PATH=/root/ros2_ws/src/install/super_odometry_msgs:/root/ros2_ws/src/install/livox_ros_driver2:${AMENT_PREFIX_PATH} CMAKE_PREFIX_PATH=/root/ros2_ws/src/install/super_odometry_msgs:/root/ros2_ws/src/install/livox_ros_driver2:/opt/ros/humble LD_LIBRARY_PATH=/root/ros2_ws/src/install/super_odometry_msgs/lib:/root/ros2_ws/src/install/livox_ros_driver2/lib:${LD_LIBRARY_PATH} PYTHONPATH=/root/ros2_ws/src/install/super_odometry_msgs/local/lib/python3.10/dist-packages:/root/ros2_ws/src/install/livox_ros_driver2/local/lib/python3.10/dist-packages:${PYTHONPATH} /usr/bin/cmake --install /root/ros2_ws/src/build/super_odometry
