-- Found ament_cmake: 1.3.12 (/opt/ros/humble/share/ament_cmake/cmake)
-- Found rclcpp: 16.0.17 (/opt/ros/humble/share/rclcpp/cmake)
-- Found rosidl_generator_c: 3.1.8 (/opt/ros/humble/share/rosidl_generator_c/cmake)
-- Found rosidl_adapter: 3.1.8 (/opt/ros/humble/share/rosidl_adapter/cmake)
-- Found rosidl_generator_cpp: 3.1.8 (/opt/ros/humble/share/rosidl_generator_cpp/cmake)
-- Using all available rosidl_typesupport_c: rosidl_typesupport_fastrtps_c;rosidl_typesupport_introspection_c
-- Using all available rosidl_typesupport_cpp: rosidl_typesupport_fastrtps_cpp;rosidl_typesupport_introspection_cpp
-- Found rmw_implementation_cmake: 6.1.2 (/opt/ros/humble/share/rmw_implementation_cmake/cmake)
-- Found rmw_fastrtps_cpp: 6.2.9 (/opt/ros/humble/share/rmw_fastrtps_cpp/cmake)
-- Using RMW implementation 'rmw_fastrtps_cpp' as default
-- Found sensor_msgs: 4.9.0 (/opt/ros/humble/share/sensor_msgs/cmake)
-- Found unitree_api: 0.0.0 (/root/ros2_ws/src/install/unitree_api/share/unitree_api/cmake)
-- Found go2_sport_api: 0.0.0 (/root/ros2_ws/src/install/go2_sport_api/share/go2_sport_api/cmake)
-- Found ament_lint_auto: 0.12.14 (/opt/ros/humble/share/ament_lint_auto/cmake)
-- Added test 'copyright' to check source files copyright and LICENSE
-- Added test 'cppcheck' to perform static code analysis on C / C++ code
-- Configured cppcheck include dirs: /root/ros2_ws/src/utilities/calibrate_imu/include;/root/ros2_ws/src/utilities/calibrate_imu/include/nlohmann
-- Configured cppcheck exclude dirs and/or files: 
-- Added test 'cpplint' to check C / C++ code against the Google style
-- Configured cpplint exclude dirs and/or files: 
-- Added test 'lint_cmake' to check CMake code style
-- Added test 'uncrustify' to check C / C++ code style
-- Configured uncrustify additional arguments: 
-- Added test 'xmllint' to check XML markup files
-- Configuring done
-- Generating done
-- Build files have been written to: /root/ros2_ws/src/build/calibrate_imu
[35m[1mConsolidate compiler generated dependencies of target calibrate_imu[0m
[100%] Built target calibrate_imu
-- Install configuration: ""
-- Up-to-date: /root/ros2_ws/src/install/calibrate_imu/lib/calibrate_imu/calibrate_imu
-- Up-to-date: /root/ros2_ws/src/install/calibrate_imu/share/ament_index/resource_index/package_run_dependencies/calibrate_imu
-- Installing: /root/ros2_ws/src/install/calibrate_imu/share/ament_index/resource_index/parent_prefix_path/calibrate_imu
-- Up-to-date: /root/ros2_ws/src/install/calibrate_imu/share/calibrate_imu/environment/ament_prefix_path.sh
-- Installing: /root/ros2_ws/src/install/calibrate_imu/share/calibrate_imu/environment/ament_prefix_path.dsv
-- Up-to-date: /root/ros2_ws/src/install/calibrate_imu/share/calibrate_imu/environment/path.sh
-- Installing: /root/ros2_ws/src/install/calibrate_imu/share/calibrate_imu/environment/path.dsv
-- Up-to-date: /root/ros2_ws/src/install/calibrate_imu/share/calibrate_imu/local_setup.bash
-- Up-to-date: /root/ros2_ws/src/install/calibrate_imu/share/calibrate_imu/local_setup.sh
-- Up-to-date: /root/ros2_ws/src/install/calibrate_imu/share/calibrate_imu/local_setup.zsh
-- Installing: /root/ros2_ws/src/install/calibrate_imu/share/calibrate_imu/local_setup.dsv
-- Installing: /root/ros2_ws/src/install/calibrate_imu/share/calibrate_imu/package.dsv
-- Up-to-date: /root/ros2_ws/src/install/calibrate_imu/share/ament_index/resource_index/packages/calibrate_imu
-- Up-to-date: /root/ros2_ws/src/install/calibrate_imu/share/calibrate_imu/cmake/calibrate_imuConfig.cmake
-- Up-to-date: /root/ros2_ws/src/install/calibrate_imu/share/calibrate_imu/cmake/calibrate_imuConfig-version.cmake
-- Up-to-date: /root/ros2_ws/src/install/calibrate_imu/share/calibrate_imu/package.xml
