-- The C compiler identification is GNU 11.4.0
-- The CXX compiler identification is GNU 11.4.0
-- Detecting C compiler ABI info
-- Detecting C compiler ABI info - done
-- Check for working C compiler: /usr/bin/cc - skipped
-- Detecting C compile features
-- Detecting C compile features - done
-- Detecting CXX compiler ABI info
-- Detecting CXX compiler ABI info - done
-- Check for working CXX compiler: /usr/bin/c++ - skipped
-- Detecting CXX compile features
-- Detecting CXX compile features - done
-- Found ament_cmake: 1.3.12 (/opt/ros/humble/share/ament_cmake/cmake)
-- Found Python3: /usr/bin/python3 (found version "3.10.12") found components: Interpreter 
-- Override CMake install command with custom implementation using symlinks instead of copying resources
-- Found builtin_interfaces: 1.2.2 (/opt/ros/humble/share/builtin_interfaces/cmake)
-- Found rosidl_generator_c: 3.1.8 (/opt/ros/humble/share/rosidl_generator_c/cmake)
-- Found rosidl_adapter: 3.1.8 (/opt/ros/humble/share/rosidl_adapter/cmake)
-- Found rosidl_generator_cpp: 3.1.8 (/opt/ros/humble/share/rosidl_generator_cpp/cmake)
-- Using all available rosidl_typesupport_c: rosidl_typesupport_fastrtps_c;rosidl_typesupport_introspection_c
-- Using all available rosidl_typesupport_cpp: rosidl_typesupport_fastrtps_cpp;rosidl_typesupport_introspection_cpp
-- Found rosidl_default_generators: 1.2.0 (/opt/ros/humble/share/rosidl_default_generators/cmake)
-- Found std_msgs: 4.9.0 (/opt/ros/humble/share/std_msgs/cmake)
-- Found geometry_msgs: 4.9.0 (/opt/ros/humble/share/geometry_msgs/cmake)
-- Found nav_msgs: 4.9.0 (/opt/ros/humble/share/nav_msgs/cmake)
-- Found sensor_msgs: 4.9.0 (/opt/ros/humble/share/sensor_msgs/cmake)
-- Found ament_cmake_cppcheck: 0.12.14 (/opt/ros/humble/share/ament_cmake_cppcheck/cmake)
-- Found ament_cmake_cpplint: 0.12.14 (/opt/ros/humble/share/ament_cmake_cpplint/cmake)
-- Found ament_cmake_uncrustify: 0.12.14 (/opt/ros/humble/share/ament_cmake_uncrustify/cmake)
-- Found ament_cmake_ros: 0.10.0 (/opt/ros/humble/share/ament_cmake_ros/cmake)
-- Using all available rosidl_typesupport_c: rosidl_typesupport_fastrtps_c;rosidl_typesupport_introspection_c
-- Using all available rosidl_typesupport_cpp: rosidl_typesupport_fastrtps_cpp;rosidl_typesupport_introspection_cpp
-- Found PythonInterp: /usr/bin/python3 (found suitable version "3.10.12", minimum required is "3.6") 
-- Found python_cmake_module: 0.10.0 (/opt/ros/humble/share/python_cmake_module/cmake)
-- Found PythonLibs: /usr/lib/x86_64-linux-gnu/libpython3.10.so (found suitable version "3.10.12", minimum required is "3.5") 
-- Using PYTHON_EXECUTABLE: /usr/bin/python3
-- Using PYTHON_INCLUDE_DIRS: /usr/include/python3.10
-- Using PYTHON_LIBRARIES: /usr/lib/x86_64-linux-gnu/libpython3.10.so
-- Found PythonExtra: .so  
-- Using numpy include directory: /usr/local/lib/python3.10/dist-packages/numpy/core/include
-- Found ament_cmake_flake8: 0.12.14 (/opt/ros/humble/share/ament_cmake_flake8/cmake)
-- Found ament_cmake_pep257: 0.12.14 (/opt/ros/humble/share/ament_cmake_pep257/cmake)
-- Found ament_lint_auto: 0.12.14 (/opt/ros/humble/share/ament_lint_auto/cmake)
-- Added test 'copyright' to check source files copyright and LICENSE
-- Added test 'lint_cmake' to check CMake code style
-- Added test 'xmllint' to check XML markup files
-- Configuring done
-- Generating done
-- Build files have been written to: /root/ros2_ws/src/build/super_odometry_msgs
[  2%] [34m[1mGenerating C code for ROS interfaces[0m
[  4%] [34m[1mGenerating C++ code for ROS interfaces[0m
[  4%] Built target ament_cmake_python_symlink_super_odometry_msgs
running egg_info
creating super_odometry_msgs.egg-info
writing super_odometry_msgs.egg-info/PKG-INFO
writing dependency_links to super_odometry_msgs.egg-info/dependency_links.txt
writing top-level names to super_odometry_msgs.egg-info/top_level.txt
writing manifest file 'super_odometry_msgs.egg-info/SOURCES.txt'
[  6%] [32mBuilding C object CMakeFiles/super_odometry_msgs__rosidl_generator_c.dir/rosidl_generator_c/super_odometry_msgs/msg/detail/optimization_stats__functions.c.o[0m
[  8%] [32mBuilding C object CMakeFiles/super_odometry_msgs__rosidl_generator_c.dir/rosidl_generator_c/super_odometry_msgs/msg/detail/laser_feature__functions.c.o[0m
[ 10%] [32mBuilding C object CMakeFiles/super_odometry_msgs__rosidl_generator_c.dir/rosidl_generator_c/super_odometry_msgs/msg/detail/iteration_stats__functions.c.o[0m
[ 10%] Built target super_odometry_msgs__cpp
[ 12%] [34m[1mGenerating C++ type support for eProsima Fast-RTPS[0m
[ 14%] [34m[1mGenerating C++ type support dispatch for ROS interfaces[0m
[ 17%] [34m[1mGenerating C++ introspection for ROS interfaces[0m
reading manifest file 'super_odometry_msgs.egg-info/SOURCES.txt'
writing manifest file 'super_odometry_msgs.egg-info/SOURCES.txt'
[ 17%] Built target ament_cmake_python_build_super_odometry_msgs_egg
[ 19%] [32m[1mLinking C shared library libsuper_odometry_msgs__rosidl_generator_c.so[0m
[ 19%] Built target super_odometry_msgs__rosidl_generator_c
[ 21%] [34m[1mGenerating C type support dispatch for ROS interfaces[0m
[ 23%] [34m[1mGenerating C introspection for ROS interfaces[0m
[ 25%] [34m[1mGenerating C type support for eProsima Fast-RTPS[0m
[ 27%] [32mBuilding CXX object CMakeFiles/super_odometry_msgs__rosidl_typesupport_cpp.dir/rosidl_typesupport_cpp/super_odometry_msgs/msg/laser_feature__type_support.cpp.o[0m
[ 29%] [32mBuilding CXX object CMakeFiles/super_odometry_msgs__rosidl_typesupport_cpp.dir/rosidl_typesupport_cpp/super_odometry_msgs/msg/iteration_stats__type_support.cpp.o[0m
[ 31%] [32mBuilding CXX object CMakeFiles/super_odometry_msgs__rosidl_typesupport_cpp.dir/rosidl_typesupport_cpp/super_odometry_msgs/msg/optimization_stats__type_support.cpp.o[0m
[ 34%] [32mBuilding CXX object CMakeFiles/super_odometry_msgs__rosidl_typesupport_introspection_cpp.dir/rosidl_typesupport_introspection_cpp/super_odometry_msgs/msg/detail/iteration_stats__type_support.cpp.o[0m
[ 36%] [32mBuilding CXX object CMakeFiles/super_odometry_msgs__rosidl_typesupport_introspection_cpp.dir/rosidl_typesupport_introspection_cpp/super_odometry_msgs/msg/detail/optimization_stats__type_support.cpp.o[0m
[ 38%] [32mBuilding CXX object CMakeFiles/super_odometry_msgs__rosidl_typesupport_introspection_cpp.dir/rosidl_typesupport_introspection_cpp/super_odometry_msgs/msg/detail/laser_feature__type_support.cpp.o[0m
[ 40%] [32mBuilding C object CMakeFiles/super_odometry_msgs__rosidl_typesupport_introspection_c.dir/rosidl_typesupport_introspection_c/super_odometry_msgs/msg/detail/iteration_stats__type_support.c.o[0m
[ 42%] [32mBuilding C object CMakeFiles/super_odometry_msgs__rosidl_typesupport_introspection_c.dir/rosidl_typesupport_introspection_c/super_odometry_msgs/msg/detail/optimization_stats__type_support.c.o[0m
[ 44%] [32mBuilding C object CMakeFiles/super_odometry_msgs__rosidl_typesupport_introspection_c.dir/rosidl_typesupport_introspection_c/super_odometry_msgs/msg/detail/laser_feature__type_support.c.o[0m
[ 48%] [32mBuilding CXX object CMakeFiles/super_odometry_msgs__rosidl_typesupport_fastrtps_c.dir/rosidl_typesupport_fastrtps_c/super_odometry_msgs/msg/detail/optimization_stats__type_support_c.cpp.o[0m
[ 48%] [32mBuilding CXX object CMakeFiles/super_odometry_msgs__rosidl_typesupport_fastrtps_c.dir/rosidl_typesupport_fastrtps_c/super_odometry_msgs/msg/detail/laser_feature__type_support_c.cpp.o[0m
[ 51%] [32mBuilding CXX object CMakeFiles/super_odometry_msgs__rosidl_typesupport_fastrtps_c.dir/rosidl_typesupport_fastrtps_c/super_odometry_msgs/msg/detail/iteration_stats__type_support_c.cpp.o[0m
[ 53%] [32m[1mLinking C shared library libsuper_odometry_msgs__rosidl_typesupport_introspection_c.so[0m
[ 53%] Built target super_odometry_msgs__rosidl_typesupport_introspection_c
[ 57%] [32mBuilding CXX object CMakeFiles/super_odometry_msgs__rosidl_typesupport_fastrtps_cpp.dir/rosidl_typesupport_fastrtps_cpp/super_odometry_msgs/msg/detail/dds_fastrtps/laser_feature__type_support.cpp.o[0m
[ 57%] [32mBuilding CXX object CMakeFiles/super_odometry_msgs__rosidl_typesupport_fastrtps_cpp.dir/rosidl_typesupport_fastrtps_cpp/super_odometry_msgs/msg/detail/dds_fastrtps/iteration_stats__type_support.cpp.o[0m
[ 59%] [32mBuilding CXX object CMakeFiles/super_odometry_msgs__rosidl_typesupport_fastrtps_cpp.dir/rosidl_typesupport_fastrtps_cpp/super_odometry_msgs/msg/detail/dds_fastrtps/optimization_stats__type_support.cpp.o[0m
[ 61%] [32mBuilding CXX object CMakeFiles/super_odometry_msgs__rosidl_typesupport_c.dir/rosidl_typesupport_c/super_odometry_msgs/msg/optimization_stats__type_support.cpp.o[0m
[ 63%] [32mBuilding CXX object CMakeFiles/super_odometry_msgs__rosidl_typesupport_c.dir/rosidl_typesupport_c/super_odometry_msgs/msg/laser_feature__type_support.cpp.o[0m
[ 65%] [32mBuilding CXX object CMakeFiles/super_odometry_msgs__rosidl_typesupport_c.dir/rosidl_typesupport_c/super_odometry_msgs/msg/iteration_stats__type_support.cpp.o[0m
[ 68%] [32m[1mLinking CXX shared library libsuper_odometry_msgs__rosidl_typesupport_cpp.so[0m
[ 70%] [32m[1mLinking CXX shared library libsuper_odometry_msgs__rosidl_typesupport_c.so[0m
[ 70%] Built target super_odometry_msgs__rosidl_typesupport_cpp
[ 70%] Built target super_odometry_msgs__rosidl_typesupport_c
[ 72%] [32m[1mLinking CXX shared library libsuper_odometry_msgs__rosidl_typesupport_introspection_cpp.so[0m
[ 72%] Built target super_odometry_msgs__rosidl_typesupport_introspection_cpp
[ 74%] [32m[1mLinking CXX shared library libsuper_odometry_msgs__rosidl_typesupport_fastrtps_cpp.so[0m
[ 76%] [32m[1mLinking CXX shared library libsuper_odometry_msgs__rosidl_typesupport_fastrtps_c.so[0m
[ 76%] Built target super_odometry_msgs__rosidl_typesupport_fastrtps_cpp
[ 76%] Built target super_odometry_msgs__rosidl_typesupport_fastrtps_c
[ 76%] Built target super_odometry_msgs
[ 78%] [34m[1mGenerating Python code for ROS interfaces[0m
[ 78%] Built target super_odometry_msgs__py
[ 80%] [32mBuilding C object CMakeFiles/super_odometry_msgs__rosidl_generator_py.dir/rosidl_generator_py/super_odometry_msgs/msg/_iteration_stats_s.c.o[0m
[ 82%] [32mBuilding C object CMakeFiles/super_odometry_msgs__rosidl_generator_py.dir/rosidl_generator_py/super_odometry_msgs/msg/_optimization_stats_s.c.o[0m
[ 85%] [32mBuilding C object CMakeFiles/super_odometry_msgs__rosidl_generator_py.dir/rosidl_generator_py/super_odometry_msgs/msg/_laser_feature_s.c.o[0m
[ 87%] [32m[1mLinking C shared library rosidl_generator_py/super_odometry_msgs/libsuper_odometry_msgs__rosidl_generator_py.so[0m
[ 87%] Built target super_odometry_msgs__rosidl_generator_py
[ 89%] [32mBuilding C object CMakeFiles/super_odometry_msgs__rosidl_typesupport_c__pyext.dir/rosidl_generator_py/super_odometry_msgs/_super_odometry_msgs_s.ep.rosidl_typesupport_c.c.o[0m
[ 91%] [32mBuilding C object CMakeFiles/super_odometry_msgs__rosidl_typesupport_fastrtps_c__pyext.dir/rosidl_generator_py/super_odometry_msgs/_super_odometry_msgs_s.ep.rosidl_typesupport_fastrtps_c.c.o[0m
[ 93%] [32mBuilding C object CMakeFiles/super_odometry_msgs__rosidl_typesupport_introspection_c__pyext.dir/rosidl_generator_py/super_odometry_msgs/_super_odometry_msgs_s.ep.rosidl_typesupport_introspection_c.c.o[0m
[ 95%] [32m[1mLinking C shared library rosidl_generator_py/super_odometry_msgs/super_odometry_msgs_s__rosidl_typesupport_c.cpython-310-x86_64-linux-gnu.so[0m
[ 95%] Built target super_odometry_msgs__rosidl_typesupport_c__pyext
[ 97%] [32m[1mLinking C shared library rosidl_generator_py/super_odometry_msgs/super_odometry_msgs_s__rosidl_typesupport_fastrtps_c.cpython-310-x86_64-linux-gnu.so[0m
[100%] [32m[1mLinking C shared library rosidl_generator_py/super_odometry_msgs/super_odometry_msgs_s__rosidl_typesupport_introspection_c.cpython-310-x86_64-linux-gnu.so[0m
[100%] Built target super_odometry_msgs__rosidl_typesupport_fastrtps_c__pyext
[100%] Built target super_odometry_msgs__rosidl_typesupport_introspection_c__pyext
