[0.526s] Invoking command in '/root/ros2_ws/src/build/visualization_tools': CMAKE_PREFIX_PATH=/opt/ros/humble /usr/bin/cmake /root/ros2_ws/src/base_autonomy/visualization_tools -DROS_EDITION=ROS2 -DHUMBLE_ROS=humble -DCMAKE_INSTALL_PREFIX=/root/ros2_ws/src/install/visualization_tools
[0.595s] -- The C compiler identification is GNU 11.4.0
[0.663s] -- The CXX compiler identification is GNU 11.4.0
[0.672s] -- Detecting C compiler ABI info
[0.757s] -- Detecting C compiler ABI info - done
[0.776s] -- Check for working C compiler: /usr/bin/cc - skipped
[0.776s] -- Detecting C compile features
[0.777s] -- Detecting C compile features - done
[0.783s] -- Detecting CXX compiler ABI info
[0.906s] -- Detecting CXX compiler ABI info - done
[0.915s] -- Check for working CXX compiler: /usr/bin/c++ - skipped
[0.916s] -- Detecting CXX compile features
[0.916s] -- Detecting CXX compile features - done
[0.922s] -- Found ament_cmake: 1.3.12 (/opt/ros/humble/share/ament_cmake/cmake)
[1.121s] -- Found Python3: /usr/bin/python3 (found version "3.10.12") found components: Interpreter 
[1.362s] -- Found rclcpp: 16.0.17 (/opt/ros/humble/share/rclcpp/cmake)
[1.511s] -- Found rosidl_generator_c: 3.1.8 (/opt/ros/humble/share/rosidl_generator_c/cmake)
[1.550s] -- Found rosidl_adapter: 3.1.8 (/opt/ros/humble/share/rosidl_adapter/cmake)
[1.569s] -- Found rosidl_generator_cpp: 3.1.8 (/opt/ros/humble/share/rosidl_generator_cpp/cmake)
[1.603s] -- Using all available rosidl_typesupport_c: rosidl_typesupport_fastrtps_c;rosidl_typesupport_introspection_c
[1.631s] -- Using all available rosidl_typesupport_cpp: rosidl_typesupport_fastrtps_cpp;rosidl_typesupport_introspection_cpp
[1.747s] -- Found rmw_implementation_cmake: 6.1.2 (/opt/ros/humble/share/rmw_implementation_cmake/cmake)
[1.759s] -- Found rmw_fastrtps_cpp: 6.2.9 (/opt/ros/humble/share/rmw_fastrtps_cpp/cmake)
[1.897s] -- Found OpenSSL: /usr/lib/x86_64-linux-gnu/libcrypto.so (found version "3.0.2")  
[1.965s] -- Found FastRTPS: /opt/ros/humble/include  
[2.064s] -- Using RMW implementation 'rmw_fastrtps_cpp' as default
[2.088s] -- Looking for pthread.h
[2.157s] -- Looking for pthread.h - found
[2.157s] -- Performing Test CMAKE_HAVE_LIBC_PTHREAD
[2.261s] -- Performing Test CMAKE_HAVE_LIBC_PTHREAD - Success
[2.262s] -- Found Threads: TRUE  
[2.361s] -- Found rclpy: 3.3.19 (/opt/ros/humble/share/rclpy/cmake)
[2.364s] -- Found nav_msgs: 4.9.0 (/opt/ros/humble/share/nav_msgs/cmake)
[2.416s] -- Found sensor_msgs: 4.9.0 (/opt/ros/humble/share/sensor_msgs/cmake)
[2.435s] -- Found tf2_ros: 0.25.18 (/opt/ros/humble/share/tf2_ros/cmake)
[2.660s] -- Found tf2_geometry_msgs: 0.25.18 (/opt/ros/humble/share/tf2_geometry_msgs/cmake)
[2.685s] -- Found eigen3_cmake_module: 0.1.1 (/opt/ros/humble/share/eigen3_cmake_module/cmake)
[2.686s] -- Found Eigen3: TRUE (found version "3.4.0") 
[2.686s] -- Ensuring Eigen3 include directory is part of orocos-kdl CMake target
[2.689s] -- Found pcl_conversions: 2.4.5 (/opt/ros/humble/share/pcl_conversions/cmake)
[2.729s] -- Checking for module 'eigen3'
[2.741s] --   Found eigen3, version 3.4.0
[2.772s] -- Found Eigen: /usr/include/eigen3 (Required is at least version "3.1") 
[2.773s] -- Eigen found (include: /usr/include/eigen3, version: 3.4.0)
[2.819s] -- Checking for module 'flann'
[2.834s] --   Found flann, version 1.9.1
[2.872s] -- Found FLANN: /usr/lib/x86_64-linux-gnu/libflann_cpp.so  
[2.873s] -- FLANN found (include: /usr/include, lib: /usr/lib/x86_64-linux-gnu/libflann_cpp.so)
[3.683s] -- Checking for module 'libusb-1.0'
[3.694s] --   Found libusb-1.0, version 1.0.25
[3.718s] -- Found libusb: /usr/lib/x86_64-linux-gnu/libusb-1.0.so  
[3.719s] -- OpenNI found (version: 1.5.4.0, include: /usr/include/ni, lib: /usr/lib/libOpenNI.so;libusb::libusb)
[3.756s] -- OpenNI2 found (version: 2.2.0.33, include: /usr/include/openni2, lib: /usr/lib/x86_64-linux-gnu/libOpenNI2.so;libusb::libusb)
[3.863s] -- Eigen found (include: /usr/include/eigen3, version: 3.4.0)
[3.868s] -- OpenNI found (version: 1.5.4.0, include: /usr/include/ni, lib: /usr/lib/libOpenNI.so;libusb::libusb)
[3.873s] -- OpenNI2 found (version: 2.2.0.33, include: /usr/include/openni2, lib: /usr/lib/x86_64-linux-gnu/libOpenNI2.so;libusb::libusb)
[3.971s] -- Found Qhull version 8.0.2
[4.076s] -- OpenNI found (version: 1.5.4.0, include: /usr/include/ni, lib: /usr/lib/libOpenNI.so;libusb::libusb)
[4.178s] -- Found PCL_COMMON: /usr/lib/x86_64-linux-gnu/libpcl_common.so  
[4.179s] -- Found PCL_KDTREE: /usr/lib/x86_64-linux-gnu/libpcl_kdtree.so  
[4.179s] -- Found PCL_OCTREE: /usr/lib/x86_64-linux-gnu/libpcl_octree.so  
[4.180s] -- Found PCL_SEARCH: /usr/lib/x86_64-linux-gnu/libpcl_search.so  
[4.181s] -- Found PCL_SAMPLE_CONSENSUS: /usr/lib/x86_64-linux-gnu/libpcl_sample_consensus.so  
[4.181s] -- Found PCL_FILTERS: /usr/lib/x86_64-linux-gnu/libpcl_filters.so  
[4.181s] -- Found PCL_2D: /usr/include/pcl-1.12  
[4.182s] -- Found PCL_GEOMETRY: /usr/include/pcl-1.12  
[4.182s] -- Found PCL_IO: /usr/lib/x86_64-linux-gnu/libpcl_io.so  
[4.183s] -- Found PCL_FEATURES: /usr/lib/x86_64-linux-gnu/libpcl_features.so  
[4.184s] -- Found PCL_ML: /usr/lib/x86_64-linux-gnu/libpcl_ml.so  
[4.184s] -- Found PCL_SEGMENTATION: /usr/lib/x86_64-linux-gnu/libpcl_segmentation.so  
[4.185s] -- Found PCL_VISUALIZATION: /usr/lib/x86_64-linux-gnu/libpcl_visualization.so  
[4.185s] -- Found PCL_SURFACE: /usr/lib/x86_64-linux-gnu/libpcl_surface.so  
[4.186s] -- Found PCL_REGISTRATION: /usr/lib/x86_64-linux-gnu/libpcl_registration.so  
[4.187s] -- Found PCL_KEYPOINTS: /usr/lib/x86_64-linux-gnu/libpcl_keypoints.so  
[4.187s] -- Found PCL_TRACKING: /usr/lib/x86_64-linux-gnu/libpcl_tracking.so  
[4.188s] -- Found PCL_RECOGNITION: /usr/lib/x86_64-linux-gnu/libpcl_recognition.so  
[4.189s] -- Found PCL_STEREO: /usr/lib/x86_64-linux-gnu/libpcl_stereo.so  
[4.189s] -- Found PCL_APPS: /usr/lib/x86_64-linux-gnu/libpcl_apps.so  
[4.190s] -- Found PCL_IN_HAND_SCANNER: /usr/include/pcl-1.12  
[4.190s] -- Found PCL_MODELER: /usr/include/pcl-1.12  
[4.191s] -- Found PCL_POINT_CLOUD_EDITOR: /usr/include/pcl-1.12  
[4.191s] -- Found PCL_OUTOFCORE: /usr/lib/x86_64-linux-gnu/libpcl_outofcore.so  
[4.192s] -- Found PCL_PEOPLE: /usr/lib/x86_64-linux-gnu/libpcl_people.so  
[4.195s] -- Found pcl_ros: 2.4.5 (/opt/ros/humble/share/pcl_ros/cmake)
[4.255s] -- Found ament_lint_auto: 0.12.14 (/opt/ros/humble/share/ament_lint_auto/cmake)
[4.299s] -- Added test 'copyright' to check source files copyright and LICENSE
[4.300s] -- Added test 'cppcheck' to perform static code analysis on C / C++ code
[4.301s] -- Configured cppcheck include dirs: 
[4.301s] -- Configured cppcheck exclude dirs and/or files: 
[4.301s] -- Added test 'cpplint' to check C / C++ code against the Google style
[4.301s] -- Configured cpplint exclude dirs and/or files: 
[4.301s] -- Added test 'flake8' to check Python code syntax and style conventions
[4.301s] -- Added test 'lint_cmake' to check CMake code style
[4.301s] -- Added test 'pep257' to check Python code against some of the docstring style conventions in PEP 257
[4.301s] -- Added test 'uncrustify' to check C / C++ code style
[4.301s] -- Configured uncrustify additional arguments: 
[4.301s] -- Added test 'xmllint' to check XML markup files
[4.301s] -- Configuring done
[4.323s] -- Generating done
[4.324s] [33mCMake Warning:
[4.324s]   Manually-specified variables were not used by the project:
[4.324s] 
[4.324s]     HUMBLE_ROS
[4.324s]     ROS_EDITION
[4.324s] 
[4.324s] [0m
[4.328s] -- Build files have been written to: /root/ros2_ws/src/build/visualization_tools
