[0.283s] Invoking command in '/root/ros2_ws/src/build/sensor_scan_generation': CMAKE_PREFIX_PATH=/opt/ros/humble /usr/bin/cmake --build /root/ros2_ws/src/build/sensor_scan_generation -- -j24 -l24
[0.606s] [100%] Built target sensorScanGeneration
[0.622s] Invoked command in '/root/ros2_ws/src/build/sensor_scan_generation' returned '0': CMAKE_PREFIX_PATH=/opt/ros/humble /usr/bin/cmake --build /root/ros2_ws/src/build/sensor_scan_generation -- -j24 -l24
[0.626s] Invoking command in '/root/ros2_ws/src/build/sensor_scan_generation': CMAKE_PREFIX_PATH=/opt/ros/humble /usr/bin/cmake --install /root/ros2_ws/src/build/sensor_scan_generation
[0.675s] -- Install configuration: ""
[0.675s] -- Up-to-date: /root/ros2_ws/src/install/sensor_scan_generation/lib/sensor_scan_generation/sensorScanGeneration
[0.676s] -- Up-to-date: /root/ros2_ws/src/install/sensor_scan_generation/share/sensor_scan_generation/launch
[0.676s] -- Installing: /root/ros2_ws/src/install/sensor_scan_generation/share/sensor_scan_generation/launch/sensor_scan_generation.launch
[0.676s] -- Up-to-date: /root/ros2_ws/src/install/sensor_scan_generation/share/ament_index/resource_index/package_run_dependencies/sensor_scan_generation
[0.676s] -- Up-to-date: /root/ros2_ws/src/install/sensor_scan_generation/share/ament_index/resource_index/parent_prefix_path/sensor_scan_generation
[0.676s] -- Up-to-date: /root/ros2_ws/src/install/sensor_scan_generation/share/sensor_scan_generation/environment/ament_prefix_path.sh
[0.676s] -- Up-to-date: /root/ros2_ws/src/install/sensor_scan_generation/share/sensor_scan_generation/environment/ament_prefix_path.dsv
[0.676s] -- Up-to-date: /root/ros2_ws/src/install/sensor_scan_generation/share/sensor_scan_generation/environment/path.sh
[0.676s] -- Up-to-date: /root/ros2_ws/src/install/sensor_scan_generation/share/sensor_scan_generation/environment/path.dsv
[0.676s] -- Up-to-date: /root/ros2_ws/src/install/sensor_scan_generation/share/sensor_scan_generation/local_setup.bash
[0.676s] -- Up-to-date: /root/ros2_ws/src/install/sensor_scan_generation/share/sensor_scan_generation/local_setup.sh
[0.677s] -- Up-to-date: /root/ros2_ws/src/install/sensor_scan_generation/share/sensor_scan_generation/local_setup.zsh
[0.677s] -- Up-to-date: /root/ros2_ws/src/install/sensor_scan_generation/share/sensor_scan_generation/local_setup.dsv
[0.677s] -- Installing: /root/ros2_ws/src/install/sensor_scan_generation/share/sensor_scan_generation/package.dsv
[0.677s] -- Up-to-date: /root/ros2_ws/src/install/sensor_scan_generation/share/ament_index/resource_index/packages/sensor_scan_generation
[0.677s] -- Up-to-date: /root/ros2_ws/src/install/sensor_scan_generation/share/sensor_scan_generation/cmake/sensor_scan_generationConfig.cmake
[0.677s] -- Up-to-date: /root/ros2_ws/src/install/sensor_scan_generation/share/sensor_scan_generation/cmake/sensor_scan_generationConfig-version.cmake
[0.677s] -- Up-to-date: /root/ros2_ws/src/install/sensor_scan_generation/share/sensor_scan_generation/package.xml
[0.732s] Invoked command in '/root/ros2_ws/src/build/sensor_scan_generation' returned '0': CMAKE_PREFIX_PATH=/opt/ros/humble /usr/bin/cmake --install /root/ros2_ws/src/build/sensor_scan_generation
