-- Found ament_cmake: 1.3.12 (/opt/ros/humble/share/ament_cmake/cmake)
-- Found builtin_interfaces: 1.2.2 (/opt/ros/humble/share/builtin_interfaces/cmake)
-- Found rosidl_generator_c: 3.1.8 (/opt/ros/humble/share/rosidl_generator_c/cmake)
-- Found rosidl_adapter: 3.1.8 (/opt/ros/humble/share/rosidl_adapter/cmake)
-- Found rosidl_generator_cpp: 3.1.8 (/opt/ros/humble/share/rosidl_generator_cpp/cmake)
-- Using all available rosidl_typesupport_c: rosidl_typesupport_fastrtps_c;rosidl_typesupport_introspection_c
-- Using all available rosidl_typesupport_cpp: rosidl_typesupport_fastrtps_cpp;rosidl_typesupport_introspection_cpp
-- Found rosidl_default_generators: 1.2.0 (/opt/ros/humble/share/rosidl_default_generators/cmake)
-- Found std_msgs: 4.9.0 (/opt/ros/humble/share/std_msgs/cmake)
-- Found geometry_msgs: 4.9.0 (/opt/ros/humble/share/geometry_msgs/cmake)
-- Found nav_msgs: 4.9.0 (/opt/ros/humble/share/nav_msgs/cmake)
-- Found sensor_msgs: 4.9.0 (/opt/ros/humble/share/sensor_msgs/cmake)
-- Found ament_cmake_cppcheck: 0.12.14 (/opt/ros/humble/share/ament_cmake_cppcheck/cmake)
-- Found ament_cmake_cpplint: 0.12.14 (/opt/ros/humble/share/ament_cmake_cpplint/cmake)
-- Found ament_cmake_uncrustify: 0.12.14 (/opt/ros/humble/share/ament_cmake_uncrustify/cmake)
-- Found ament_cmake_ros: 0.10.0 (/opt/ros/humble/share/ament_cmake_ros/cmake)
-- Using all available rosidl_typesupport_c: rosidl_typesupport_fastrtps_c;rosidl_typesupport_introspection_c
-- Using all available rosidl_typesupport_cpp: rosidl_typesupport_fastrtps_cpp;rosidl_typesupport_introspection_cpp
-- Found python_cmake_module: 0.10.0 (/opt/ros/humble/share/python_cmake_module/cmake)
-- Using PYTHON_EXECUTABLE: /usr/bin/python3
-- Using PYTHON_INCLUDE_DIRS: /usr/include/python3.10
-- Using PYTHON_LIBRARIES: /usr/lib/x86_64-linux-gnu/libpython3.10.so
-- Using numpy include directory: /usr/local/lib/python3.10/dist-packages/numpy/core/include
-- Found ament_cmake_flake8: 0.12.14 (/opt/ros/humble/share/ament_cmake_flake8/cmake)
-- Found ament_cmake_pep257: 0.12.14 (/opt/ros/humble/share/ament_cmake_pep257/cmake)
-- Found ament_lint_auto: 0.12.14 (/opt/ros/humble/share/ament_lint_auto/cmake)
-- Added test 'copyright' to check source files copyright and LICENSE
-- Added test 'lint_cmake' to check CMake code style
-- Added test 'xmllint' to check XML markup files
-- Configuring done
-- Generating done
-- Build files have been written to: /root/ros2_ws/src/build/super_odometry_msgs
[35m[1mConsolidate compiler generated dependencies of target super_odometry_msgs__rosidl_generator_c[0m
[  2%] Built target super_odometry_msgs__cpp
[ 12%] Built target super_odometry_msgs__rosidl_generator_c
[ 12%] Built target ament_cmake_python_copy_super_odometry_msgs
[35m[1mConsolidate compiler generated dependencies of target super_odometry_msgs__rosidl_typesupport_cpp[0m
[35m[1mConsolidate compiler generated dependencies of target super_odometry_msgs__rosidl_typesupport_introspection_c[0m
[35m[1mConsolidate compiler generated dependencies of target super_odometry_msgs__rosidl_typesupport_c[0m
[35m[1mConsolidate compiler generated dependencies of target super_odometry_msgs__rosidl_typesupport_fastrtps_cpp[0m
[35m[1mConsolidate compiler generated dependencies of target super_odometry_msgs__rosidl_typesupport_introspection_cpp[0m
[35m[1mConsolidate compiler generated dependencies of target super_odometry_msgs__rosidl_typesupport_fastrtps_c[0m
[ 23%] Built target super_odometry_msgs__rosidl_typesupport_c
[ 34%] Built target super_odometry_msgs__rosidl_typesupport_cpp
[ 44%] Built target super_odometry_msgs__rosidl_typesupport_introspection_c
[ 55%] Built target super_odometry_msgs__rosidl_typesupport_fastrtps_cpp
[ 65%] Built target super_odometry_msgs__rosidl_typesupport_fastrtps_c
[ 76%] Built target super_odometry_msgs__rosidl_typesupport_introspection_cpp
[ 76%] Built target super_odometry_msgs
[ 78%] Built target super_odometry_msgs__py
[35m[1mConsolidate compiler generated dependencies of target super_odometry_msgs__rosidl_generator_py[0m
[ 87%] Built target super_odometry_msgs__rosidl_generator_py
[35m[1mConsolidate compiler generated dependencies of target super_odometry_msgs__rosidl_typesupport_introspection_c__pyext[0m
[35m[1mConsolidate compiler generated dependencies of target super_odometry_msgs__rosidl_typesupport_c__pyext[0m
[35m[1mConsolidate compiler generated dependencies of target super_odometry_msgs__rosidl_typesupport_fastrtps_c__pyext[0m
[ 91%] Built target super_odometry_msgs__rosidl_typesupport_introspection_c__pyext
[ 95%] Built target super_odometry_msgs__rosidl_typesupport_c__pyext
[100%] Built target super_odometry_msgs__rosidl_typesupport_fastrtps_c__pyext
running egg_info
writing super_odometry_msgs.egg-info/PKG-INFO
writing dependency_links to super_odometry_msgs.egg-info/dependency_links.txt
writing top-level names to super_odometry_msgs.egg-info/top_level.txt
reading manifest file 'super_odometry_msgs.egg-info/SOURCES.txt'
writing manifest file 'super_odometry_msgs.egg-info/SOURCES.txt'
[100%] Built target ament_cmake_python_build_super_odometry_msgs_egg
-- Install configuration: ""
-- Up-to-date: /root/ros2_ws/src/install/super_odometry_msgs/share/ament_index/resource_index/rosidl_interfaces/super_odometry_msgs
-- Up-to-date: /root/ros2_ws/src/install/super_odometry_msgs/include/super_odometry_msgs/super_odometry_msgs
-- Up-to-date: /root/ros2_ws/src/install/super_odometry_msgs/include/super_odometry_msgs/super_odometry_msgs/msg
-- Up-to-date: /root/ros2_ws/src/install/super_odometry_msgs/include/super_odometry_msgs/super_odometry_msgs/msg/detail
-- Up-to-date: /root/ros2_ws/src/install/super_odometry_msgs/include/super_odometry_msgs/super_odometry_msgs/msg/detail/iteration_stats__functions.c
-- Up-to-date: /root/ros2_ws/src/install/super_odometry_msgs/include/super_odometry_msgs/super_odometry_msgs/msg/detail/optimization_stats__functions.c
-- Up-to-date: /root/ros2_ws/src/install/super_odometry_msgs/include/super_odometry_msgs/super_odometry_msgs/msg/detail/iteration_stats__type_support.h
-- Up-to-date: /root/ros2_ws/src/install/super_odometry_msgs/include/super_odometry_msgs/super_odometry_msgs/msg/detail/optimization_stats__type_support.h
-- Up-to-date: /root/ros2_ws/src/install/super_odometry_msgs/include/super_odometry_msgs/super_odometry_msgs/msg/detail/laser_feature__functions.c
-- Up-to-date: /root/ros2_ws/src/install/super_odometry_msgs/include/super_odometry_msgs/super_odometry_msgs/msg/detail/iteration_stats__struct.h
-- Up-to-date: /root/ros2_ws/src/install/super_odometry_msgs/include/super_odometry_msgs/super_odometry_msgs/msg/detail/optimization_stats__struct.h
-- Up-to-date: /root/ros2_ws/src/install/super_odometry_msgs/include/super_odometry_msgs/super_odometry_msgs/msg/detail/laser_feature__struct.h
-- Up-to-date: /root/ros2_ws/src/install/super_odometry_msgs/include/super_odometry_msgs/super_odometry_msgs/msg/detail/laser_feature__functions.h
-- Up-to-date: /root/ros2_ws/src/install/super_odometry_msgs/include/super_odometry_msgs/super_odometry_msgs/msg/detail/laser_feature__type_support.h
-- Up-to-date: /root/ros2_ws/src/install/super_odometry_msgs/include/super_odometry_msgs/super_odometry_msgs/msg/detail/optimization_stats__functions.h
-- Up-to-date: /root/ros2_ws/src/install/super_odometry_msgs/include/super_odometry_msgs/super_odometry_msgs/msg/detail/iteration_stats__functions.h
-- Up-to-date: /root/ros2_ws/src/install/super_odometry_msgs/include/super_odometry_msgs/super_odometry_msgs/msg/laser_feature.h
-- Up-to-date: /root/ros2_ws/src/install/super_odometry_msgs/include/super_odometry_msgs/super_odometry_msgs/msg/rosidl_generator_c__visibility_control.h
-- Up-to-date: /root/ros2_ws/src/install/super_odometry_msgs/include/super_odometry_msgs/super_odometry_msgs/msg/iteration_stats.h
-- Up-to-date: /root/ros2_ws/src/install/super_odometry_msgs/include/super_odometry_msgs/super_odometry_msgs/msg/optimization_stats.h
-- Up-to-date: /root/ros2_ws/src/install/super_odometry_msgs/share/super_odometry_msgs/environment/library_path.sh
-- Installing: /root/ros2_ws/src/install/super_odometry_msgs/share/super_odometry_msgs/environment/library_path.dsv
-- Up-to-date: /root/ros2_ws/src/install/super_odometry_msgs/lib/libsuper_odometry_msgs__rosidl_generator_c.so
-- Up-to-date: /root/ros2_ws/src/install/super_odometry_msgs/include/super_odometry_msgs/super_odometry_msgs
-- Up-to-date: /root/ros2_ws/src/install/super_odometry_msgs/include/super_odometry_msgs/super_odometry_msgs/msg
-- Up-to-date: /root/ros2_ws/src/install/super_odometry_msgs/include/super_odometry_msgs/super_odometry_msgs/msg/detail
-- Up-to-date: /root/ros2_ws/src/install/super_odometry_msgs/include/super_odometry_msgs/super_odometry_msgs/msg/detail/laser_feature__rosidl_typesupport_fastrtps_c.h
-- Up-to-date: /root/ros2_ws/src/install/super_odometry_msgs/include/super_odometry_msgs/super_odometry_msgs/msg/detail/optimization_stats__rosidl_typesupport_fastrtps_c.h
-- Up-to-date: /root/ros2_ws/src/install/super_odometry_msgs/include/super_odometry_msgs/super_odometry_msgs/msg/detail/iteration_stats__rosidl_typesupport_fastrtps_c.h
-- Up-to-date: /root/ros2_ws/src/install/super_odometry_msgs/include/super_odometry_msgs/super_odometry_msgs/msg/rosidl_typesupport_fastrtps_c__visibility_control.h
-- Up-to-date: /root/ros2_ws/src/install/super_odometry_msgs/lib/libsuper_odometry_msgs__rosidl_typesupport_fastrtps_c.so
-- Up-to-date: /root/ros2_ws/src/install/super_odometry_msgs/include/super_odometry_msgs/super_odometry_msgs
-- Up-to-date: /root/ros2_ws/src/install/super_odometry_msgs/include/super_odometry_msgs/super_odometry_msgs/msg
-- Up-to-date: /root/ros2_ws/src/install/super_odometry_msgs/include/super_odometry_msgs/super_odometry_msgs/msg/detail
-- Up-to-date: /root/ros2_ws/src/install/super_odometry_msgs/include/super_odometry_msgs/super_odometry_msgs/msg/detail/laser_feature__type_support.hpp
-- Up-to-date: /root/ros2_ws/src/install/super_odometry_msgs/include/super_odometry_msgs/super_odometry_msgs/msg/detail/iteration_stats__builder.hpp
-- Up-to-date: /root/ros2_ws/src/install/super_odometry_msgs/include/super_odometry_msgs/super_odometry_msgs/msg/detail/laser_feature__builder.hpp
-- Up-to-date: /root/ros2_ws/src/install/super_odometry_msgs/include/super_odometry_msgs/super_odometry_msgs/msg/detail/laser_feature__struct.hpp
-- Up-to-date: /root/ros2_ws/src/install/super_odometry_msgs/include/super_odometry_msgs/super_odometry_msgs/msg/detail/laser_feature__traits.hpp
-- Up-to-date: /root/ros2_ws/src/install/super_odometry_msgs/include/super_odometry_msgs/super_odometry_msgs/msg/detail/iteration_stats__type_support.hpp
-- Up-to-date: /root/ros2_ws/src/install/super_odometry_msgs/include/super_odometry_msgs/super_odometry_msgs/msg/detail/iteration_stats__struct.hpp
-- Up-to-date: /root/ros2_ws/src/install/super_odometry_msgs/include/super_odometry_msgs/super_odometry_msgs/msg/detail/optimization_stats__struct.hpp
-- Up-to-date: /root/ros2_ws/src/install/super_odometry_msgs/include/super_odometry_msgs/super_odometry_msgs/msg/detail/optimization_stats__type_support.hpp
-- Up-to-date: /root/ros2_ws/src/install/super_odometry_msgs/include/super_odometry_msgs/super_odometry_msgs/msg/detail/iteration_stats__traits.hpp
-- Up-to-date: /root/ros2_ws/src/install/super_odometry_msgs/include/super_odometry_msgs/super_odometry_msgs/msg/detail/optimization_stats__builder.hpp
-- Up-to-date: /root/ros2_ws/src/install/super_odometry_msgs/include/super_odometry_msgs/super_odometry_msgs/msg/detail/optimization_stats__traits.hpp
-- Up-to-date: /root/ros2_ws/src/install/super_odometry_msgs/include/super_odometry_msgs/super_odometry_msgs/msg/optimization_stats.hpp
-- Up-to-date: /root/ros2_ws/src/install/super_odometry_msgs/include/super_odometry_msgs/super_odometry_msgs/msg/iteration_stats.hpp
-- Up-to-date: /root/ros2_ws/src/install/super_odometry_msgs/include/super_odometry_msgs/super_odometry_msgs/msg/rosidl_generator_cpp__visibility_control.hpp
-- Up-to-date: /root/ros2_ws/src/install/super_odometry_msgs/include/super_odometry_msgs/super_odometry_msgs/msg/laser_feature.hpp
-- Up-to-date: /root/ros2_ws/src/install/super_odometry_msgs/include/super_odometry_msgs/super_odometry_msgs
-- Up-to-date: /root/ros2_ws/src/install/super_odometry_msgs/include/super_odometry_msgs/super_odometry_msgs/msg
-- Up-to-date: /root/ros2_ws/src/install/super_odometry_msgs/include/super_odometry_msgs/super_odometry_msgs/msg/detail
-- Up-to-date: /root/ros2_ws/src/install/super_odometry_msgs/include/super_odometry_msgs/super_odometry_msgs/msg/detail/laser_feature__rosidl_typesupport_fastrtps_cpp.hpp
-- Up-to-date: /root/ros2_ws/src/install/super_odometry_msgs/include/super_odometry_msgs/super_odometry_msgs/msg/detail/dds_fastrtps
-- Up-to-date: /root/ros2_ws/src/install/super_odometry_msgs/include/super_odometry_msgs/super_odometry_msgs/msg/detail/iteration_stats__rosidl_typesupport_fastrtps_cpp.hpp
-- Up-to-date: /root/ros2_ws/src/install/super_odometry_msgs/include/super_odometry_msgs/super_odometry_msgs/msg/detail/optimization_stats__rosidl_typesupport_fastrtps_cpp.hpp
-- Up-to-date: /root/ros2_ws/src/install/super_odometry_msgs/include/super_odometry_msgs/super_odometry_msgs/msg/rosidl_typesupport_fastrtps_cpp__visibility_control.h
-- Up-to-date: /root/ros2_ws/src/install/super_odometry_msgs/lib/libsuper_odometry_msgs__rosidl_typesupport_fastrtps_cpp.so
-- Up-to-date: /root/ros2_ws/src/install/super_odometry_msgs/include/super_odometry_msgs/super_odometry_msgs
-- Up-to-date: /root/ros2_ws/src/install/super_odometry_msgs/include/super_odometry_msgs/super_odometry_msgs/msg
-- Up-to-date: /root/ros2_ws/src/install/super_odometry_msgs/include/super_odometry_msgs/super_odometry_msgs/msg/rosidl_typesupport_introspection_c__visibility_control.h
-- Up-to-date: /root/ros2_ws/src/install/super_odometry_msgs/include/super_odometry_msgs/super_odometry_msgs/msg/detail
-- Up-to-date: /root/ros2_ws/src/install/super_odometry_msgs/include/super_odometry_msgs/super_odometry_msgs/msg/detail/laser_feature__rosidl_typesupport_introspection_c.h
-- Up-to-date: /root/ros2_ws/src/install/super_odometry_msgs/include/super_odometry_msgs/super_odometry_msgs/msg/detail/optimization_stats__type_support.c
-- Up-to-date: /root/ros2_ws/src/install/super_odometry_msgs/include/super_odometry_msgs/super_odometry_msgs/msg/detail/iteration_stats__type_support.c
-- Up-to-date: /root/ros2_ws/src/install/super_odometry_msgs/include/super_odometry_msgs/super_odometry_msgs/msg/detail/iteration_stats__rosidl_typesupport_introspection_c.h
-- Up-to-date: /root/ros2_ws/src/install/super_odometry_msgs/include/super_odometry_msgs/super_odometry_msgs/msg/detail/laser_feature__type_support.c
-- Up-to-date: /root/ros2_ws/src/install/super_odometry_msgs/include/super_odometry_msgs/super_odometry_msgs/msg/detail/optimization_stats__rosidl_typesupport_introspection_c.h
-- Up-to-date: /root/ros2_ws/src/install/super_odometry_msgs/lib/libsuper_odometry_msgs__rosidl_typesupport_introspection_c.so
-- Up-to-date: /root/ros2_ws/src/install/super_odometry_msgs/lib/libsuper_odometry_msgs__rosidl_typesupport_c.so
-- Up-to-date: /root/ros2_ws/src/install/super_odometry_msgs/include/super_odometry_msgs/super_odometry_msgs
-- Up-to-date: /root/ros2_ws/src/install/super_odometry_msgs/include/super_odometry_msgs/super_odometry_msgs/msg
-- Up-to-date: /root/ros2_ws/src/install/super_odometry_msgs/include/super_odometry_msgs/super_odometry_msgs/msg/detail
-- Up-to-date: /root/ros2_ws/src/install/super_odometry_msgs/include/super_odometry_msgs/super_odometry_msgs/msg/detail/optimization_stats__rosidl_typesupport_introspection_cpp.hpp
-- Up-to-date: /root/ros2_ws/src/install/super_odometry_msgs/include/super_odometry_msgs/super_odometry_msgs/msg/detail/iteration_stats__type_support.cpp
-- Up-to-date: /root/ros2_ws/src/install/super_odometry_msgs/include/super_odometry_msgs/super_odometry_msgs/msg/detail/optimization_stats__type_support.cpp
-- Up-to-date: /root/ros2_ws/src/install/super_odometry_msgs/include/super_odometry_msgs/super_odometry_msgs/msg/detail/laser_feature__rosidl_typesupport_introspection_cpp.hpp
-- Up-to-date: /root/ros2_ws/src/install/super_odometry_msgs/include/super_odometry_msgs/super_odometry_msgs/msg/detail/laser_feature__type_support.cpp
-- Up-to-date: /root/ros2_ws/src/install/super_odometry_msgs/include/super_odometry_msgs/super_odometry_msgs/msg/detail/iteration_stats__rosidl_typesupport_introspection_cpp.hpp
-- Up-to-date: /root/ros2_ws/src/install/super_odometry_msgs/lib/libsuper_odometry_msgs__rosidl_typesupport_introspection_cpp.so
-- Up-to-date: /root/ros2_ws/src/install/super_odometry_msgs/lib/libsuper_odometry_msgs__rosidl_typesupport_cpp.so
-- Up-to-date: /root/ros2_ws/src/install/super_odometry_msgs/share/super_odometry_msgs/environment/pythonpath.sh
-- Installing: /root/ros2_ws/src/install/super_odometry_msgs/share/super_odometry_msgs/environment/pythonpath.dsv
-- Up-to-date: /root/ros2_ws/src/install/super_odometry_msgs/local/lib/python3.10/dist-packages/super_odometry_msgs-0.0.0-py3.10.egg-info
-- Installing: /root/ros2_ws/src/install/super_odometry_msgs/local/lib/python3.10/dist-packages/super_odometry_msgs-0.0.0-py3.10.egg-info/PKG-INFO
-- Installing: /root/ros2_ws/src/install/super_odometry_msgs/local/lib/python3.10/dist-packages/super_odometry_msgs-0.0.0-py3.10.egg-info/dependency_links.txt
-- Installing: /root/ros2_ws/src/install/super_odometry_msgs/local/lib/python3.10/dist-packages/super_odometry_msgs-0.0.0-py3.10.egg-info/SOURCES.txt
-- Installing: /root/ros2_ws/src/install/super_odometry_msgs/local/lib/python3.10/dist-packages/super_odometry_msgs-0.0.0-py3.10.egg-info/top_level.txt
-- Up-to-date: /root/ros2_ws/src/install/super_odometry_msgs/local/lib/python3.10/dist-packages/super_odometry_msgs
-- Up-to-date: /root/ros2_ws/src/install/super_odometry_msgs/local/lib/python3.10/dist-packages/super_odometry_msgs/super_odometry_msgs_s__rosidl_typesupport_introspection_c.cpython-310-x86_64-linux-gnu.so
-- Up-to-date: /root/ros2_ws/src/install/super_odometry_msgs/local/lib/python3.10/dist-packages/super_odometry_msgs/libsuper_odometry_msgs__rosidl_generator_py.so
-- Up-to-date: /root/ros2_ws/src/install/super_odometry_msgs/local/lib/python3.10/dist-packages/super_odometry_msgs/_super_odometry_msgs_s.ep.rosidl_typesupport_fastrtps_c.c
-- Up-to-date: /root/ros2_ws/src/install/super_odometry_msgs/local/lib/python3.10/dist-packages/super_odometry_msgs/_super_odometry_msgs_s.ep.rosidl_typesupport_c.c
-- Up-to-date: /root/ros2_ws/src/install/super_odometry_msgs/local/lib/python3.10/dist-packages/super_odometry_msgs/_super_odometry_msgs_s.ep.rosidl_typesupport_introspection_c.c
-- Up-to-date: /root/ros2_ws/src/install/super_odometry_msgs/local/lib/python3.10/dist-packages/super_odometry_msgs/super_odometry_msgs_s__rosidl_typesupport_fastrtps_c.cpython-310-x86_64-linux-gnu.so
-- Installing: /root/ros2_ws/src/install/super_odometry_msgs/local/lib/python3.10/dist-packages/super_odometry_msgs/__init__.py
-- Up-to-date: /root/ros2_ws/src/install/super_odometry_msgs/local/lib/python3.10/dist-packages/super_odometry_msgs/msg
-- Up-to-date: /root/ros2_ws/src/install/super_odometry_msgs/local/lib/python3.10/dist-packages/super_odometry_msgs/msg/_iteration_stats.py
-- Up-to-date: /root/ros2_ws/src/install/super_odometry_msgs/local/lib/python3.10/dist-packages/super_odometry_msgs/msg/_optimization_stats.py
-- Up-to-date: /root/ros2_ws/src/install/super_odometry_msgs/local/lib/python3.10/dist-packages/super_odometry_msgs/msg/_optimization_stats_s.c
-- Up-to-date: /root/ros2_ws/src/install/super_odometry_msgs/local/lib/python3.10/dist-packages/super_odometry_msgs/msg/_laser_feature.py
-- Up-to-date: /root/ros2_ws/src/install/super_odometry_msgs/local/lib/python3.10/dist-packages/super_odometry_msgs/msg/_laser_feature_s.c
-- Up-to-date: /root/ros2_ws/src/install/super_odometry_msgs/local/lib/python3.10/dist-packages/super_odometry_msgs/msg/_iteration_stats_s.c
-- Up-to-date: /root/ros2_ws/src/install/super_odometry_msgs/local/lib/python3.10/dist-packages/super_odometry_msgs/msg/__init__.py
-- Up-to-date: /root/ros2_ws/src/install/super_odometry_msgs/local/lib/python3.10/dist-packages/super_odometry_msgs/super_odometry_msgs_s__rosidl_typesupport_c.cpython-310-x86_64-linux-gnu.so
Listing '/root/ros2_ws/src/install/super_odometry_msgs/local/lib/python3.10/dist-packages/super_odometry_msgs'...
Compiling '/root/ros2_ws/src/install/super_odometry_msgs/local/lib/python3.10/dist-packages/super_odometry_msgs/__init__.py'...
Listing '/root/ros2_ws/src/install/super_odometry_msgs/local/lib/python3.10/dist-packages/super_odometry_msgs/msg'...
-- Up-to-date: /root/ros2_ws/src/install/super_odometry_msgs/local/lib/python3.10/dist-packages/super_odometry_msgs/super_odometry_msgs_s__rosidl_typesupport_fastrtps_c.cpython-310-x86_64-linux-gnu.so
-- Up-to-date: /root/ros2_ws/src/install/super_odometry_msgs/local/lib/python3.10/dist-packages/super_odometry_msgs/super_odometry_msgs_s__rosidl_typesupport_introspection_c.cpython-310-x86_64-linux-gnu.so
-- Up-to-date: /root/ros2_ws/src/install/super_odometry_msgs/local/lib/python3.10/dist-packages/super_odometry_msgs/super_odometry_msgs_s__rosidl_typesupport_c.cpython-310-x86_64-linux-gnu.so
-- Up-to-date: /root/ros2_ws/src/install/super_odometry_msgs/lib/libsuper_odometry_msgs__rosidl_generator_py.so
-- Up-to-date: /root/ros2_ws/src/install/super_odometry_msgs/share/super_odometry_msgs/msg/IterationStats.idl
-- Up-to-date: /root/ros2_ws/src/install/super_odometry_msgs/share/super_odometry_msgs/msg/OptimizationStats.idl
-- Up-to-date: /root/ros2_ws/src/install/super_odometry_msgs/share/super_odometry_msgs/msg/LaserFeature.idl
-- Up-to-date: /root/ros2_ws/src/install/super_odometry_msgs/share/super_odometry_msgs/msg/IterationStats.msg
-- Up-to-date: /root/ros2_ws/src/install/super_odometry_msgs/share/super_odometry_msgs/msg/OptimizationStats.msg
-- Up-to-date: /root/ros2_ws/src/install/super_odometry_msgs/share/super_odometry_msgs/msg/LaserFeature.msg
-- Up-to-date: /root/ros2_ws/src/install/super_odometry_msgs/share/ament_index/resource_index/package_run_dependencies/super_odometry_msgs
-- Installing: /root/ros2_ws/src/install/super_odometry_msgs/share/ament_index/resource_index/parent_prefix_path/super_odometry_msgs
-- Up-to-date: /root/ros2_ws/src/install/super_odometry_msgs/share/super_odometry_msgs/environment/ament_prefix_path.sh
-- Installing: /root/ros2_ws/src/install/super_odometry_msgs/share/super_odometry_msgs/environment/ament_prefix_path.dsv
-- Up-to-date: /root/ros2_ws/src/install/super_odometry_msgs/share/super_odometry_msgs/environment/path.sh
-- Installing: /root/ros2_ws/src/install/super_odometry_msgs/share/super_odometry_msgs/environment/path.dsv
-- Up-to-date: /root/ros2_ws/src/install/super_odometry_msgs/share/super_odometry_msgs/local_setup.bash
-- Up-to-date: /root/ros2_ws/src/install/super_odometry_msgs/share/super_odometry_msgs/local_setup.sh
-- Up-to-date: /root/ros2_ws/src/install/super_odometry_msgs/share/super_odometry_msgs/local_setup.zsh
-- Installing: /root/ros2_ws/src/install/super_odometry_msgs/share/super_odometry_msgs/local_setup.dsv
-- Installing: /root/ros2_ws/src/install/super_odometry_msgs/share/super_odometry_msgs/package.dsv
-- Up-to-date: /root/ros2_ws/src/install/super_odometry_msgs/share/ament_index/resource_index/packages/super_odometry_msgs
-- Up-to-date: /root/ros2_ws/src/install/super_odometry_msgs/share/super_odometry_msgs/cmake/export_super_odometry_msgs__rosidl_generator_cExport.cmake
-- Up-to-date: /root/ros2_ws/src/install/super_odometry_msgs/share/super_odometry_msgs/cmake/export_super_odometry_msgs__rosidl_generator_cExport-noconfig.cmake
-- Up-to-date: /root/ros2_ws/src/install/super_odometry_msgs/share/super_odometry_msgs/cmake/export_super_odometry_msgs__rosidl_typesupport_fastrtps_cExport.cmake
-- Up-to-date: /root/ros2_ws/src/install/super_odometry_msgs/share/super_odometry_msgs/cmake/export_super_odometry_msgs__rosidl_typesupport_fastrtps_cExport-noconfig.cmake
-- Up-to-date: /root/ros2_ws/src/install/super_odometry_msgs/share/super_odometry_msgs/cmake/export_super_odometry_msgs__rosidl_generator_cppExport.cmake
-- Up-to-date: /root/ros2_ws/src/install/super_odometry_msgs/share/super_odometry_msgs/cmake/export_super_odometry_msgs__rosidl_typesupport_fastrtps_cppExport.cmake
-- Up-to-date: /root/ros2_ws/src/install/super_odometry_msgs/share/super_odometry_msgs/cmake/export_super_odometry_msgs__rosidl_typesupport_fastrtps_cppExport-noconfig.cmake
-- Up-to-date: /root/ros2_ws/src/install/super_odometry_msgs/share/super_odometry_msgs/cmake/super_odometry_msgs__rosidl_typesupport_introspection_cExport.cmake
-- Up-to-date: /root/ros2_ws/src/install/super_odometry_msgs/share/super_odometry_msgs/cmake/super_odometry_msgs__rosidl_typesupport_introspection_cExport-noconfig.cmake
-- Up-to-date: /root/ros2_ws/src/install/super_odometry_msgs/share/super_odometry_msgs/cmake/super_odometry_msgs__rosidl_typesupport_cExport.cmake
-- Up-to-date: /root/ros2_ws/src/install/super_odometry_msgs/share/super_odometry_msgs/cmake/super_odometry_msgs__rosidl_typesupport_cExport-noconfig.cmake
-- Up-to-date: /root/ros2_ws/src/install/super_odometry_msgs/share/super_odometry_msgs/cmake/super_odometry_msgs__rosidl_typesupport_introspection_cppExport.cmake
-- Up-to-date: /root/ros2_ws/src/install/super_odometry_msgs/share/super_odometry_msgs/cmake/super_odometry_msgs__rosidl_typesupport_introspection_cppExport-noconfig.cmake
-- Up-to-date: /root/ros2_ws/src/install/super_odometry_msgs/share/super_odometry_msgs/cmake/super_odometry_msgs__rosidl_typesupport_cppExport.cmake
-- Up-to-date: /root/ros2_ws/src/install/super_odometry_msgs/share/super_odometry_msgs/cmake/super_odometry_msgs__rosidl_typesupport_cppExport-noconfig.cmake
-- Up-to-date: /root/ros2_ws/src/install/super_odometry_msgs/share/super_odometry_msgs/cmake/export_super_odometry_msgs__rosidl_generator_pyExport.cmake
-- Up-to-date: /root/ros2_ws/src/install/super_odometry_msgs/share/super_odometry_msgs/cmake/export_super_odometry_msgs__rosidl_generator_pyExport-noconfig.cmake
-- Up-to-date: /root/ros2_ws/src/install/super_odometry_msgs/share/super_odometry_msgs/cmake/rosidl_cmake-extras.cmake
-- Up-to-date: /root/ros2_ws/src/install/super_odometry_msgs/share/super_odometry_msgs/cmake/ament_cmake_export_dependencies-extras.cmake
-- Up-to-date: /root/ros2_ws/src/install/super_odometry_msgs/share/super_odometry_msgs/cmake/ament_cmake_export_include_directories-extras.cmake
-- Up-to-date: /root/ros2_ws/src/install/super_odometry_msgs/share/super_odometry_msgs/cmake/ament_cmake_export_libraries-extras.cmake
-- Up-to-date: /root/ros2_ws/src/install/super_odometry_msgs/share/super_odometry_msgs/cmake/ament_cmake_export_targets-extras.cmake
-- Up-to-date: /root/ros2_ws/src/install/super_odometry_msgs/share/super_odometry_msgs/cmake/rosidl_cmake_export_typesupport_targets-extras.cmake
-- Up-to-date: /root/ros2_ws/src/install/super_odometry_msgs/share/super_odometry_msgs/cmake/rosidl_cmake_export_typesupport_libraries-extras.cmake
-- Up-to-date: /root/ros2_ws/src/install/super_odometry_msgs/share/super_odometry_msgs/cmake/super_odometry_msgsConfig.cmake
-- Up-to-date: /root/ros2_ws/src/install/super_odometry_msgs/share/super_odometry_msgs/cmake/super_odometry_msgsConfig-version.cmake
-- Up-to-date: /root/ros2_ws/src/install/super_odometry_msgs/share/super_odometry_msgs/package.xml
