[0.245s] Invoking command in '/root/ros2_ws/src/build/super_odometry_msgs': CMAKE_PREFIX_PATH=${CMAKE_PREFIX_PATH}:/root/ros2_ws/src/install/transform_sensors:/root/ros2_ws/src/install/ros_tcp_endpoint:/opt/ros/humble /usr/bin/cmake /root/ros2_ws/src/slam/SuperOdom/super_odometry_msgs -DCMAKE_INSTALL_PREFIX=/root/ros2_ws/src/install/super_odometry_msgs
[0.508s] -- Found ament_cmake: 1.3.12 (/opt/ros/humble/share/ament_cmake/cmake)
[0.508s] -- Found builtin_interfaces: 1.2.2 (/opt/ros/humble/share/builtin_interfaces/cmake)
[0.508s] -- Found rosidl_generator_c: 3.1.8 (/opt/ros/humble/share/rosidl_generator_c/cmake)
[0.508s] -- Found rosidl_adapter: 3.1.8 (/opt/ros/humble/share/rosidl_adapter/cmake)
[0.508s] -- Found rosidl_generator_cpp: 3.1.8 (/opt/ros/humble/share/rosidl_generator_cpp/cmake)
[0.508s] -- Using all available rosidl_typesupport_c: rosidl_typesupport_fastrtps_c;rosidl_typesupport_introspection_c
[0.508s] -- Using all available rosidl_typesupport_cpp: rosidl_typesupport_fastrtps_cpp;rosidl_typesupport_introspection_cpp
[0.509s] -- Found rosidl_default_generators: 1.2.0 (/opt/ros/humble/share/rosidl_default_generators/cmake)
[0.509s] -- Found std_msgs: 4.9.0 (/opt/ros/humble/share/std_msgs/cmake)
[0.509s] -- Found geometry_msgs: 4.9.0 (/opt/ros/humble/share/geometry_msgs/cmake)
[0.510s] -- Found nav_msgs: 4.9.0 (/opt/ros/humble/share/nav_msgs/cmake)
[0.510s] -- Found sensor_msgs: 4.9.0 (/opt/ros/humble/share/sensor_msgs/cmake)
[0.939s] -- Found ament_cmake_cppcheck: 0.12.14 (/opt/ros/humble/share/ament_cmake_cppcheck/cmake)
[0.940s] -- Found ament_cmake_cpplint: 0.12.14 (/opt/ros/humble/share/ament_cmake_cpplint/cmake)
[0.946s] -- Found ament_cmake_uncrustify: 0.12.14 (/opt/ros/humble/share/ament_cmake_uncrustify/cmake)
[0.946s] -- Found ament_cmake_ros: 0.10.0 (/opt/ros/humble/share/ament_cmake_ros/cmake)
[1.717s] -- Using all available rosidl_typesupport_c: rosidl_typesupport_fastrtps_c;rosidl_typesupport_introspection_c
[2.045s] -- Using all available rosidl_typesupport_cpp: rosidl_typesupport_fastrtps_cpp;rosidl_typesupport_introspection_cpp
[2.095s] -- Found python_cmake_module: 0.10.0 (/opt/ros/humble/share/python_cmake_module/cmake)
[2.127s] -- Using PYTHON_EXECUTABLE: /usr/bin/python3
[2.128s] -- Using PYTHON_INCLUDE_DIRS: /usr/include/python3.10
[2.128s] -- Using PYTHON_LIBRARIES: /usr/lib/x86_64-linux-gnu/libpython3.10.so
[2.380s] -- Using numpy include directory: /usr/local/lib/python3.10/dist-packages/numpy/core/include
[2.432s] -- Found ament_cmake_flake8: 0.12.14 (/opt/ros/humble/share/ament_cmake_flake8/cmake)
[2.435s] -- Found ament_cmake_pep257: 0.12.14 (/opt/ros/humble/share/ament_cmake_pep257/cmake)
[2.436s] -- Found ament_lint_auto: 0.12.14 (/opt/ros/humble/share/ament_lint_auto/cmake)
[2.452s] -- Added test 'copyright' to check source files copyright and LICENSE
[2.455s] -- Added test 'lint_cmake' to check CMake code style
[2.455s] -- Added test 'xmllint' to check XML markup files
[2.456s] -- Configuring done
[2.526s] -- Generating done
[2.550s] -- Build files have been written to: /root/ros2_ws/src/build/super_odometry_msgs
[2.563s] Invoked command in '/root/ros2_ws/src/build/super_odometry_msgs' returned '0': CMAKE_PREFIX_PATH=${CMAKE_PREFIX_PATH}:/root/ros2_ws/src/install/transform_sensors:/root/ros2_ws/src/install/ros_tcp_endpoint:/opt/ros/humble /usr/bin/cmake /root/ros2_ws/src/slam/SuperOdom/super_odometry_msgs -DCMAKE_INSTALL_PREFIX=/root/ros2_ws/src/install/super_odometry_msgs
[2.568s] Invoking command in '/root/ros2_ws/src/build/super_odometry_msgs': CMAKE_PREFIX_PATH=${CMAKE_PREFIX_PATH}:/root/ros2_ws/src/install/transform_sensors:/root/ros2_ws/src/install/ros_tcp_endpoint:/opt/ros/humble /usr/bin/cmake --build /root/ros2_ws/src/build/super_odometry_msgs -- -j24 -l24
[2.643s] [35m[1mConsolidate compiler generated dependencies of target super_odometry_msgs__rosidl_generator_c[0m
[2.655s] [  2%] Built target super_odometry_msgs__cpp
[2.661s] [ 12%] Built target super_odometry_msgs__rosidl_generator_c
[2.672s] [ 12%] Built target ament_cmake_python_copy_super_odometry_msgs
[2.675s] [35m[1mConsolidate compiler generated dependencies of target super_odometry_msgs__rosidl_typesupport_cpp[0m
[2.678s] [35m[1mConsolidate compiler generated dependencies of target super_odometry_msgs__rosidl_typesupport_introspection_c[0m
[2.678s] [35m[1mConsolidate compiler generated dependencies of target super_odometry_msgs__rosidl_typesupport_c[0m
[2.678s] [35m[1mConsolidate compiler generated dependencies of target super_odometry_msgs__rosidl_typesupport_fastrtps_cpp[0m
[2.685s] [35m[1mConsolidate compiler generated dependencies of target super_odometry_msgs__rosidl_typesupport_introspection_cpp[0m
[2.690s] [35m[1mConsolidate compiler generated dependencies of target super_odometry_msgs__rosidl_typesupport_fastrtps_c[0m
[2.694s] [ 23%] Built target super_odometry_msgs__rosidl_typesupport_c
[2.695s] [ 34%] Built target super_odometry_msgs__rosidl_typesupport_cpp
[2.701s] [ 44%] Built target super_odometry_msgs__rosidl_typesupport_introspection_c
[2.704s] [ 55%] Built target super_odometry_msgs__rosidl_typesupport_fastrtps_cpp
[2.709s] [ 65%] Built target super_odometry_msgs__rosidl_typesupport_fastrtps_c
[2.712s] [ 76%] Built target super_odometry_msgs__rosidl_typesupport_introspection_cpp
[2.745s] [ 76%] Built target super_odometry_msgs
[2.776s] [ 78%] Built target super_odometry_msgs__py
[2.793s] [35m[1mConsolidate compiler generated dependencies of target super_odometry_msgs__rosidl_generator_py[0m
[2.820s] [ 87%] Built target super_odometry_msgs__rosidl_generator_py
[2.847s] [35m[1mConsolidate compiler generated dependencies of target super_odometry_msgs__rosidl_typesupport_introspection_c__pyext[0m
[2.848s] [35m[1mConsolidate compiler generated dependencies of target super_odometry_msgs__rosidl_typesupport_c__pyext[0m
[2.848s] [35m[1mConsolidate compiler generated dependencies of target super_odometry_msgs__rosidl_typesupport_fastrtps_c__pyext[0m
[2.853s] [ 91%] Built target super_odometry_msgs__rosidl_typesupport_introspection_c__pyext
[2.853s] [ 95%] Built target super_odometry_msgs__rosidl_typesupport_c__pyext
[2.860s] [100%] Built target super_odometry_msgs__rosidl_typesupport_fastrtps_c__pyext
[3.085s] /usr/local/lib/python3.10/dist-packages/setuptools_scm/_integration/setuptools.py:24: RuntimeWarning: 
[3.085s] ERROR: setuptools==59.6.0 is used in combination with setuptools-scm>=8.x
[3.085s] 
[3.085s] Your build configuration is incomplete and previously worked by accident!
[3.085s] setuptools-scm requires setuptools>=61 (recommended: >=80)
[3.086s] 
[3.086s] Suggested workaround if applicable:
[3.086s]  - migrating from the deprecated setup_requires mechanism to pep517/518
[3.086s]    and using a pyproject.toml to declare build dependencies
[3.086s]    which are reliably pre-installed before running the build tools
[3.086s] 
[3.086s]   warnings.warn(
[3.090s] running egg_info
[3.092s] writing super_odometry_msgs.egg-info/PKG-INFO
[3.092s] writing dependency_links to super_odometry_msgs.egg-info/dependency_links.txt
[3.092s] writing top-level names to super_odometry_msgs.egg-info/top_level.txt
[3.144s] listing git files failed - pretending there aren't any
[3.277s] reading manifest file 'super_odometry_msgs.egg-info/SOURCES.txt'
[3.277s] writing manifest file 'super_odometry_msgs.egg-info/SOURCES.txt'
[3.315s] [100%] Built target ament_cmake_python_build_super_odometry_msgs_egg
[3.376s] Invoked command in '/root/ros2_ws/src/build/super_odometry_msgs' returned '0': CMAKE_PREFIX_PATH=${CMAKE_PREFIX_PATH}:/root/ros2_ws/src/install/transform_sensors:/root/ros2_ws/src/install/ros_tcp_endpoint:/opt/ros/humble /usr/bin/cmake --build /root/ros2_ws/src/build/super_odometry_msgs -- -j24 -l24
[3.376s] Invoking command in '/root/ros2_ws/src/build/super_odometry_msgs': CMAKE_PREFIX_PATH=${CMAKE_PREFIX_PATH}:/root/ros2_ws/src/install/transform_sensors:/root/ros2_ws/src/install/ros_tcp_endpoint:/opt/ros/humble /usr/bin/cmake --install /root/ros2_ws/src/build/super_odometry_msgs
[3.392s] -- Install configuration: ""
[3.392s] -- Up-to-date: /root/ros2_ws/src/install/super_odometry_msgs/share/ament_index/resource_index/rosidl_interfaces/super_odometry_msgs
[3.392s] -- Up-to-date: /root/ros2_ws/src/install/super_odometry_msgs/include/super_odometry_msgs/super_odometry_msgs
[3.392s] -- Up-to-date: /root/ros2_ws/src/install/super_odometry_msgs/include/super_odometry_msgs/super_odometry_msgs/msg
[3.393s] -- Up-to-date: /root/ros2_ws/src/install/super_odometry_msgs/include/super_odometry_msgs/super_odometry_msgs/msg/detail
[3.393s] -- Up-to-date: /root/ros2_ws/src/install/super_odometry_msgs/include/super_odometry_msgs/super_odometry_msgs/msg/detail/iteration_stats__functions.c
[3.393s] -- Up-to-date: /root/ros2_ws/src/install/super_odometry_msgs/include/super_odometry_msgs/super_odometry_msgs/msg/detail/optimization_stats__functions.c
[3.393s] -- Up-to-date: /root/ros2_ws/src/install/super_odometry_msgs/include/super_odometry_msgs/super_odometry_msgs/msg/detail/iteration_stats__type_support.h
[3.393s] -- Up-to-date: /root/ros2_ws/src/install/super_odometry_msgs/include/super_odometry_msgs/super_odometry_msgs/msg/detail/optimization_stats__type_support.h
[3.393s] -- Up-to-date: /root/ros2_ws/src/install/super_odometry_msgs/include/super_odometry_msgs/super_odometry_msgs/msg/detail/laser_feature__functions.c
[3.393s] -- Up-to-date: /root/ros2_ws/src/install/super_odometry_msgs/include/super_odometry_msgs/super_odometry_msgs/msg/detail/iteration_stats__struct.h
[3.393s] -- Up-to-date: /root/ros2_ws/src/install/super_odometry_msgs/include/super_odometry_msgs/super_odometry_msgs/msg/detail/optimization_stats__struct.h
[3.393s] -- Up-to-date: /root/ros2_ws/src/install/super_odometry_msgs/include/super_odometry_msgs/super_odometry_msgs/msg/detail/laser_feature__struct.h
[3.393s] -- Up-to-date: /root/ros2_ws/src/install/super_odometry_msgs/include/super_odometry_msgs/super_odometry_msgs/msg/detail/laser_feature__functions.h
[3.393s] -- Up-to-date: /root/ros2_ws/src/install/super_odometry_msgs/include/super_odometry_msgs/super_odometry_msgs/msg/detail/laser_feature__type_support.h
[3.393s] -- Up-to-date: /root/ros2_ws/src/install/super_odometry_msgs/include/super_odometry_msgs/super_odometry_msgs/msg/detail/optimization_stats__functions.h
[3.393s] -- Up-to-date: /root/ros2_ws/src/install/super_odometry_msgs/include/super_odometry_msgs/super_odometry_msgs/msg/detail/iteration_stats__functions.h
[3.393s] -- Up-to-date: /root/ros2_ws/src/install/super_odometry_msgs/include/super_odometry_msgs/super_odometry_msgs/msg/laser_feature.h
[3.393s] -- Up-to-date: /root/ros2_ws/src/install/super_odometry_msgs/include/super_odometry_msgs/super_odometry_msgs/msg/rosidl_generator_c__visibility_control.h
[3.393s] -- Up-to-date: /root/ros2_ws/src/install/super_odometry_msgs/include/super_odometry_msgs/super_odometry_msgs/msg/iteration_stats.h
[3.393s] -- Up-to-date: /root/ros2_ws/src/install/super_odometry_msgs/include/super_odometry_msgs/super_odometry_msgs/msg/optimization_stats.h
[3.393s] -- Up-to-date: /root/ros2_ws/src/install/super_odometry_msgs/share/super_odometry_msgs/environment/library_path.sh
[3.393s] -- Installing: /root/ros2_ws/src/install/super_odometry_msgs/share/super_odometry_msgs/environment/library_path.dsv
[3.393s] -- Up-to-date: /root/ros2_ws/src/install/super_odometry_msgs/lib/libsuper_odometry_msgs__rosidl_generator_c.so
[3.393s] -- Up-to-date: /root/ros2_ws/src/install/super_odometry_msgs/include/super_odometry_msgs/super_odometry_msgs
[3.393s] -- Up-to-date: /root/ros2_ws/src/install/super_odometry_msgs/include/super_odometry_msgs/super_odometry_msgs/msg
[3.393s] -- Up-to-date: /root/ros2_ws/src/install/super_odometry_msgs/include/super_odometry_msgs/super_odometry_msgs/msg/detail
[3.393s] -- Up-to-date: /root/ros2_ws/src/install/super_odometry_msgs/include/super_odometry_msgs/super_odometry_msgs/msg/detail/laser_feature__rosidl_typesupport_fastrtps_c.h
[3.393s] -- Up-to-date: /root/ros2_ws/src/install/super_odometry_msgs/include/super_odometry_msgs/super_odometry_msgs/msg/detail/optimization_stats__rosidl_typesupport_fastrtps_c.h
[3.393s] -- Up-to-date: /root/ros2_ws/src/install/super_odometry_msgs/include/super_odometry_msgs/super_odometry_msgs/msg/detail/iteration_stats__rosidl_typesupport_fastrtps_c.h
[3.395s] -- Up-to-date: /root/ros2_ws/src/install/super_odometry_msgs/include/super_odometry_msgs/super_odometry_msgs/msg/rosidl_typesupport_fastrtps_c__visibility_control.h
[3.395s] -- Up-to-date: /root/ros2_ws/src/install/super_odometry_msgs/lib/libsuper_odometry_msgs__rosidl_typesupport_fastrtps_c.so
[3.395s] -- Up-to-date: /root/ros2_ws/src/install/super_odometry_msgs/include/super_odometry_msgs/super_odometry_msgs
[3.395s] -- Up-to-date: /root/ros2_ws/src/install/super_odometry_msgs/include/super_odometry_msgs/super_odometry_msgs/msg
[3.395s] -- Up-to-date: /root/ros2_ws/src/install/super_odometry_msgs/include/super_odometry_msgs/super_odometry_msgs/msg/detail
[3.395s] -- Up-to-date: /root/ros2_ws/src/install/super_odometry_msgs/include/super_odometry_msgs/super_odometry_msgs/msg/detail/laser_feature__type_support.hpp
[3.395s] -- Up-to-date: /root/ros2_ws/src/install/super_odometry_msgs/include/super_odometry_msgs/super_odometry_msgs/msg/detail/iteration_stats__builder.hpp
[3.395s] -- Up-to-date: /root/ros2_ws/src/install/super_odometry_msgs/include/super_odometry_msgs/super_odometry_msgs/msg/detail/laser_feature__builder.hpp
[3.395s] -- Up-to-date: /root/ros2_ws/src/install/super_odometry_msgs/include/super_odometry_msgs/super_odometry_msgs/msg/detail/laser_feature__struct.hpp
[3.395s] -- Up-to-date: /root/ros2_ws/src/install/super_odometry_msgs/include/super_odometry_msgs/super_odometry_msgs/msg/detail/laser_feature__traits.hpp
[3.395s] -- Up-to-date: /root/ros2_ws/src/install/super_odometry_msgs/include/super_odometry_msgs/super_odometry_msgs/msg/detail/iteration_stats__type_support.hpp
[3.395s] -- Up-to-date: /root/ros2_ws/src/install/super_odometry_msgs/include/super_odometry_msgs/super_odometry_msgs/msg/detail/iteration_stats__struct.hpp
[3.395s] -- Up-to-date: /root/ros2_ws/src/install/super_odometry_msgs/include/super_odometry_msgs/super_odometry_msgs/msg/detail/optimization_stats__struct.hpp
[3.395s] -- Up-to-date: /root/ros2_ws/src/install/super_odometry_msgs/include/super_odometry_msgs/super_odometry_msgs/msg/detail/optimization_stats__type_support.hpp
[3.395s] -- Up-to-date: /root/ros2_ws/src/install/super_odometry_msgs/include/super_odometry_msgs/super_odometry_msgs/msg/detail/iteration_stats__traits.hpp
[3.395s] -- Up-to-date: /root/ros2_ws/src/install/super_odometry_msgs/include/super_odometry_msgs/super_odometry_msgs/msg/detail/optimization_stats__builder.hpp
[3.395s] -- Up-to-date: /root/ros2_ws/src/install/super_odometry_msgs/include/super_odometry_msgs/super_odometry_msgs/msg/detail/optimization_stats__traits.hpp
[3.395s] -- Up-to-date: /root/ros2_ws/src/install/super_odometry_msgs/include/super_odometry_msgs/super_odometry_msgs/msg/optimization_stats.hpp
[3.395s] -- Up-to-date: /root/ros2_ws/src/install/super_odometry_msgs/include/super_odometry_msgs/super_odometry_msgs/msg/iteration_stats.hpp
[3.395s] -- Up-to-date: /root/ros2_ws/src/install/super_odometry_msgs/include/super_odometry_msgs/super_odometry_msgs/msg/rosidl_generator_cpp__visibility_control.hpp
[3.395s] -- Up-to-date: /root/ros2_ws/src/install/super_odometry_msgs/include/super_odometry_msgs/super_odometry_msgs/msg/laser_feature.hpp
[3.395s] -- Up-to-date: /root/ros2_ws/src/install/super_odometry_msgs/include/super_odometry_msgs/super_odometry_msgs
[3.395s] -- Up-to-date: /root/ros2_ws/src/install/super_odometry_msgs/include/super_odometry_msgs/super_odometry_msgs/msg
[3.396s] -- Up-to-date: /root/ros2_ws/src/install/super_odometry_msgs/include/super_odometry_msgs/super_odometry_msgs/msg/detail
[3.396s] -- Up-to-date: /root/ros2_ws/src/install/super_odometry_msgs/include/super_odometry_msgs/super_odometry_msgs/msg/detail/laser_feature__rosidl_typesupport_fastrtps_cpp.hpp
[3.396s] -- Up-to-date: /root/ros2_ws/src/install/super_odometry_msgs/include/super_odometry_msgs/super_odometry_msgs/msg/detail/dds_fastrtps
[3.396s] -- Up-to-date: /root/ros2_ws/src/install/super_odometry_msgs/include/super_odometry_msgs/super_odometry_msgs/msg/detail/iteration_stats__rosidl_typesupport_fastrtps_cpp.hpp
[3.396s] -- Up-to-date: /root/ros2_ws/src/install/super_odometry_msgs/include/super_odometry_msgs/super_odometry_msgs/msg/detail/optimization_stats__rosidl_typesupport_fastrtps_cpp.hpp
[3.396s] -- Up-to-date: /root/ros2_ws/src/install/super_odometry_msgs/include/super_odometry_msgs/super_odometry_msgs/msg/rosidl_typesupport_fastrtps_cpp__visibility_control.h
[3.396s] -- Up-to-date: /root/ros2_ws/src/install/super_odometry_msgs/lib/libsuper_odometry_msgs__rosidl_typesupport_fastrtps_cpp.so
[3.396s] -- Up-to-date: /root/ros2_ws/src/install/super_odometry_msgs/include/super_odometry_msgs/super_odometry_msgs
[3.398s] -- Up-to-date: /root/ros2_ws/src/install/super_odometry_msgs/include/super_odometry_msgs/super_odometry_msgs/msg
[3.398s] -- Up-to-date: /root/ros2_ws/src/install/super_odometry_msgs/include/super_odometry_msgs/super_odometry_msgs/msg/rosidl_typesupport_introspection_c__visibility_control.h
[3.398s] -- Up-to-date: /root/ros2_ws/src/install/super_odometry_msgs/include/super_odometry_msgs/super_odometry_msgs/msg/detail
[3.398s] -- Up-to-date: /root/ros2_ws/src/install/super_odometry_msgs/include/super_odometry_msgs/super_odometry_msgs/msg/detail/laser_feature__rosidl_typesupport_introspection_c.h
[3.398s] -- Up-to-date: /root/ros2_ws/src/install/super_odometry_msgs/include/super_odometry_msgs/super_odometry_msgs/msg/detail/optimization_stats__type_support.c
[3.398s] -- Up-to-date: /root/ros2_ws/src/install/super_odometry_msgs/include/super_odometry_msgs/super_odometry_msgs/msg/detail/iteration_stats__type_support.c
[3.398s] -- Up-to-date: /root/ros2_ws/src/install/super_odometry_msgs/include/super_odometry_msgs/super_odometry_msgs/msg/detail/iteration_stats__rosidl_typesupport_introspection_c.h
[3.398s] -- Up-to-date: /root/ros2_ws/src/install/super_odometry_msgs/include/super_odometry_msgs/super_odometry_msgs/msg/detail/laser_feature__type_support.c
[3.398s] -- Up-to-date: /root/ros2_ws/src/install/super_odometry_msgs/include/super_odometry_msgs/super_odometry_msgs/msg/detail/optimization_stats__rosidl_typesupport_introspection_c.h
[3.398s] -- Up-to-date: /root/ros2_ws/src/install/super_odometry_msgs/lib/libsuper_odometry_msgs__rosidl_typesupport_introspection_c.so
[3.398s] -- Up-to-date: /root/ros2_ws/src/install/super_odometry_msgs/lib/libsuper_odometry_msgs__rosidl_typesupport_c.so
[3.398s] -- Up-to-date: /root/ros2_ws/src/install/super_odometry_msgs/include/super_odometry_msgs/super_odometry_msgs
[3.398s] -- Up-to-date: /root/ros2_ws/src/install/super_odometry_msgs/include/super_odometry_msgs/super_odometry_msgs/msg
[3.398s] -- Up-to-date: /root/ros2_ws/src/install/super_odometry_msgs/include/super_odometry_msgs/super_odometry_msgs/msg/detail
[3.398s] -- Up-to-date: /root/ros2_ws/src/install/super_odometry_msgs/include/super_odometry_msgs/super_odometry_msgs/msg/detail/optimization_stats__rosidl_typesupport_introspection_cpp.hpp
[3.398s] -- Up-to-date: /root/ros2_ws/src/install/super_odometry_msgs/include/super_odometry_msgs/super_odometry_msgs/msg/detail/iteration_stats__type_support.cpp
[3.398s] -- Up-to-date: /root/ros2_ws/src/install/super_odometry_msgs/include/super_odometry_msgs/super_odometry_msgs/msg/detail/optimization_stats__type_support.cpp
[3.398s] -- Up-to-date: /root/ros2_ws/src/install/super_odometry_msgs/include/super_odometry_msgs/super_odometry_msgs/msg/detail/laser_feature__rosidl_typesupport_introspection_cpp.hpp
[3.398s] -- Up-to-date: /root/ros2_ws/src/install/super_odometry_msgs/include/super_odometry_msgs/super_odometry_msgs/msg/detail/laser_feature__type_support.cpp
[3.398s] -- Up-to-date: /root/ros2_ws/src/install/super_odometry_msgs/include/super_odometry_msgs/super_odometry_msgs/msg/detail/iteration_stats__rosidl_typesupport_introspection_cpp.hpp
[3.398s] -- Up-to-date: /root/ros2_ws/src/install/super_odometry_msgs/lib/libsuper_odometry_msgs__rosidl_typesupport_introspection_cpp.so
[3.398s] -- Up-to-date: /root/ros2_ws/src/install/super_odometry_msgs/lib/libsuper_odometry_msgs__rosidl_typesupport_cpp.so
[3.398s] -- Up-to-date: /root/ros2_ws/src/install/super_odometry_msgs/share/super_odometry_msgs/environment/pythonpath.sh
[3.398s] -- Installing: /root/ros2_ws/src/install/super_odometry_msgs/share/super_odometry_msgs/environment/pythonpath.dsv
[3.398s] -- Up-to-date: /root/ros2_ws/src/install/super_odometry_msgs/local/lib/python3.10/dist-packages/super_odometry_msgs-0.0.0-py3.10.egg-info
[3.399s] -- Installing: /root/ros2_ws/src/install/super_odometry_msgs/local/lib/python3.10/dist-packages/super_odometry_msgs-0.0.0-py3.10.egg-info/PKG-INFO
[3.399s] -- Installing: /root/ros2_ws/src/install/super_odometry_msgs/local/lib/python3.10/dist-packages/super_odometry_msgs-0.0.0-py3.10.egg-info/dependency_links.txt
[3.399s] -- Installing: /root/ros2_ws/src/install/super_odometry_msgs/local/lib/python3.10/dist-packages/super_odometry_msgs-0.0.0-py3.10.egg-info/SOURCES.txt
[3.399s] -- Installing: /root/ros2_ws/src/install/super_odometry_msgs/local/lib/python3.10/dist-packages/super_odometry_msgs-0.0.0-py3.10.egg-info/top_level.txt
[3.399s] -- Up-to-date: /root/ros2_ws/src/install/super_odometry_msgs/local/lib/python3.10/dist-packages/super_odometry_msgs
[3.399s] -- Up-to-date: /root/ros2_ws/src/install/super_odometry_msgs/local/lib/python3.10/dist-packages/super_odometry_msgs/super_odometry_msgs_s__rosidl_typesupport_introspection_c.cpython-310-x86_64-linux-gnu.so
[3.399s] -- Up-to-date: /root/ros2_ws/src/install/super_odometry_msgs/local/lib/python3.10/dist-packages/super_odometry_msgs/libsuper_odometry_msgs__rosidl_generator_py.so
[3.399s] -- Up-to-date: /root/ros2_ws/src/install/super_odometry_msgs/local/lib/python3.10/dist-packages/super_odometry_msgs/_super_odometry_msgs_s.ep.rosidl_typesupport_fastrtps_c.c
[3.399s] -- Up-to-date: /root/ros2_ws/src/install/super_odometry_msgs/local/lib/python3.10/dist-packages/super_odometry_msgs/_super_odometry_msgs_s.ep.rosidl_typesupport_c.c
[3.399s] -- Up-to-date: /root/ros2_ws/src/install/super_odometry_msgs/local/lib/python3.10/dist-packages/super_odometry_msgs/_super_odometry_msgs_s.ep.rosidl_typesupport_introspection_c.c
[3.399s] -- Up-to-date: /root/ros2_ws/src/install/super_odometry_msgs/local/lib/python3.10/dist-packages/super_odometry_msgs/super_odometry_msgs_s__rosidl_typesupport_fastrtps_c.cpython-310-x86_64-linux-gnu.so
[3.399s] -- Installing: /root/ros2_ws/src/install/super_odometry_msgs/local/lib/python3.10/dist-packages/super_odometry_msgs/__init__.py
[3.399s] -- Up-to-date: /root/ros2_ws/src/install/super_odometry_msgs/local/lib/python3.10/dist-packages/super_odometry_msgs/msg
[3.399s] -- Up-to-date: /root/ros2_ws/src/install/super_odometry_msgs/local/lib/python3.10/dist-packages/super_odometry_msgs/msg/_iteration_stats.py
[3.399s] -- Up-to-date: /root/ros2_ws/src/install/super_odometry_msgs/local/lib/python3.10/dist-packages/super_odometry_msgs/msg/_optimization_stats.py
[3.399s] -- Up-to-date: /root/ros2_ws/src/install/super_odometry_msgs/local/lib/python3.10/dist-packages/super_odometry_msgs/msg/_optimization_stats_s.c
[3.399s] -- Up-to-date: /root/ros2_ws/src/install/super_odometry_msgs/local/lib/python3.10/dist-packages/super_odometry_msgs/msg/_laser_feature.py
[3.399s] -- Up-to-date: /root/ros2_ws/src/install/super_odometry_msgs/local/lib/python3.10/dist-packages/super_odometry_msgs/msg/_laser_feature_s.c
[3.399s] -- Up-to-date: /root/ros2_ws/src/install/super_odometry_msgs/local/lib/python3.10/dist-packages/super_odometry_msgs/msg/_iteration_stats_s.c
[3.399s] -- Up-to-date: /root/ros2_ws/src/install/super_odometry_msgs/local/lib/python3.10/dist-packages/super_odometry_msgs/msg/__init__.py
[3.399s] -- Up-to-date: /root/ros2_ws/src/install/super_odometry_msgs/local/lib/python3.10/dist-packages/super_odometry_msgs/super_odometry_msgs_s__rosidl_typesupport_c.cpython-310-x86_64-linux-gnu.so
[3.427s] Listing '/root/ros2_ws/src/install/super_odometry_msgs/local/lib/python3.10/dist-packages/super_odometry_msgs'...
[3.427s] Compiling '/root/ros2_ws/src/install/super_odometry_msgs/local/lib/python3.10/dist-packages/super_odometry_msgs/__init__.py'...
[3.427s] Listing '/root/ros2_ws/src/install/super_odometry_msgs/local/lib/python3.10/dist-packages/super_odometry_msgs/msg'...
[3.433s] -- Up-to-date: /root/ros2_ws/src/install/super_odometry_msgs/local/lib/python3.10/dist-packages/super_odometry_msgs/super_odometry_msgs_s__rosidl_typesupport_fastrtps_c.cpython-310-x86_64-linux-gnu.so
[3.433s] -- Up-to-date: /root/ros2_ws/src/install/super_odometry_msgs/local/lib/python3.10/dist-packages/super_odometry_msgs/super_odometry_msgs_s__rosidl_typesupport_introspection_c.cpython-310-x86_64-linux-gnu.so
[3.433s] -- Up-to-date: /root/ros2_ws/src/install/super_odometry_msgs/local/lib/python3.10/dist-packages/super_odometry_msgs/super_odometry_msgs_s__rosidl_typesupport_c.cpython-310-x86_64-linux-gnu.so
[3.434s] -- Up-to-date: /root/ros2_ws/src/install/super_odometry_msgs/lib/libsuper_odometry_msgs__rosidl_generator_py.so
[3.434s] -- Up-to-date: /root/ros2_ws/src/install/super_odometry_msgs/share/super_odometry_msgs/msg/IterationStats.idl
[3.434s] -- Up-to-date: /root/ros2_ws/src/install/super_odometry_msgs/share/super_odometry_msgs/msg/OptimizationStats.idl
[3.434s] -- Up-to-date: /root/ros2_ws/src/install/super_odometry_msgs/share/super_odometry_msgs/msg/LaserFeature.idl
[3.437s] -- Up-to-date: /root/ros2_ws/src/install/super_odometry_msgs/share/super_odometry_msgs/msg/IterationStats.msg
[3.437s] -- Up-to-date: /root/ros2_ws/src/install/super_odometry_msgs/share/super_odometry_msgs/msg/OptimizationStats.msg
[3.437s] -- Up-to-date: /root/ros2_ws/src/install/super_odometry_msgs/share/super_odometry_msgs/msg/LaserFeature.msg
[3.437s] -- Up-to-date: /root/ros2_ws/src/install/super_odometry_msgs/share/ament_index/resource_index/package_run_dependencies/super_odometry_msgs
[3.437s] -- Installing: /root/ros2_ws/src/install/super_odometry_msgs/share/ament_index/resource_index/parent_prefix_path/super_odometry_msgs
[3.437s] -- Up-to-date: /root/ros2_ws/src/install/super_odometry_msgs/share/super_odometry_msgs/environment/ament_prefix_path.sh
[3.437s] -- Installing: /root/ros2_ws/src/install/super_odometry_msgs/share/super_odometry_msgs/environment/ament_prefix_path.dsv
[3.437s] -- Up-to-date: /root/ros2_ws/src/install/super_odometry_msgs/share/super_odometry_msgs/environment/path.sh
[3.437s] -- Installing: /root/ros2_ws/src/install/super_odometry_msgs/share/super_odometry_msgs/environment/path.dsv
[3.437s] -- Up-to-date: /root/ros2_ws/src/install/super_odometry_msgs/share/super_odometry_msgs/local_setup.bash
[3.438s] -- Up-to-date: /root/ros2_ws/src/install/super_odometry_msgs/share/super_odometry_msgs/local_setup.sh
[3.438s] -- Up-to-date: /root/ros2_ws/src/install/super_odometry_msgs/share/super_odometry_msgs/local_setup.zsh
[3.438s] -- Installing: /root/ros2_ws/src/install/super_odometry_msgs/share/super_odometry_msgs/local_setup.dsv
[3.438s] -- Installing: /root/ros2_ws/src/install/super_odometry_msgs/share/super_odometry_msgs/package.dsv
[3.439s] -- Up-to-date: /root/ros2_ws/src/install/super_odometry_msgs/share/ament_index/resource_index/packages/super_odometry_msgs
[3.439s] -- Up-to-date: /root/ros2_ws/src/install/super_odometry_msgs/share/super_odometry_msgs/cmake/export_super_odometry_msgs__rosidl_generator_cExport.cmake
[3.440s] -- Up-to-date: /root/ros2_ws/src/install/super_odometry_msgs/share/super_odometry_msgs/cmake/export_super_odometry_msgs__rosidl_generator_cExport-noconfig.cmake
[3.440s] -- Up-to-date: /root/ros2_ws/src/install/super_odometry_msgs/share/super_odometry_msgs/cmake/export_super_odometry_msgs__rosidl_typesupport_fastrtps_cExport.cmake
[3.440s] -- Up-to-date: /root/ros2_ws/src/install/super_odometry_msgs/share/super_odometry_msgs/cmake/export_super_odometry_msgs__rosidl_typesupport_fastrtps_cExport-noconfig.cmake
[3.440s] -- Up-to-date: /root/ros2_ws/src/install/super_odometry_msgs/share/super_odometry_msgs/cmake/export_super_odometry_msgs__rosidl_generator_cppExport.cmake
[3.441s] -- Up-to-date: /root/ros2_ws/src/install/super_odometry_msgs/share/super_odometry_msgs/cmake/export_super_odometry_msgs__rosidl_typesupport_fastrtps_cppExport.cmake
[3.441s] -- Up-to-date: /root/ros2_ws/src/install/super_odometry_msgs/share/super_odometry_msgs/cmake/export_super_odometry_msgs__rosidl_typesupport_fastrtps_cppExport-noconfig.cmake
[3.441s] -- Up-to-date: /root/ros2_ws/src/install/super_odometry_msgs/share/super_odometry_msgs/cmake/super_odometry_msgs__rosidl_typesupport_introspection_cExport.cmake
[3.441s] -- Up-to-date: /root/ros2_ws/src/install/super_odometry_msgs/share/super_odometry_msgs/cmake/super_odometry_msgs__rosidl_typesupport_introspection_cExport-noconfig.cmake
[3.442s] -- Up-to-date: /root/ros2_ws/src/install/super_odometry_msgs/share/super_odometry_msgs/cmake/super_odometry_msgs__rosidl_typesupport_cExport.cmake
[3.446s] -- Up-to-date: /root/ros2_ws/src/install/super_odometry_msgs/share/super_odometry_msgs/cmake/super_odometry_msgs__rosidl_typesupport_cExport-noconfig.cmake
[3.446s] -- Up-to-date: /root/ros2_ws/src/install/super_odometry_msgs/share/super_odometry_msgs/cmake/super_odometry_msgs__rosidl_typesupport_introspection_cppExport.cmake
[3.446s] -- Up-to-date: /root/ros2_ws/src/install/super_odometry_msgs/share/super_odometry_msgs/cmake/super_odometry_msgs__rosidl_typesupport_introspection_cppExport-noconfig.cmake
[3.446s] -- Up-to-date: /root/ros2_ws/src/install/super_odometry_msgs/share/super_odometry_msgs/cmake/super_odometry_msgs__rosidl_typesupport_cppExport.cmake
[3.446s] -- Up-to-date: /root/ros2_ws/src/install/super_odometry_msgs/share/super_odometry_msgs/cmake/super_odometry_msgs__rosidl_typesupport_cppExport-noconfig.cmake
[3.446s] -- Up-to-date: /root/ros2_ws/src/install/super_odometry_msgs/share/super_odometry_msgs/cmake/export_super_odometry_msgs__rosidl_generator_pyExport.cmake
[3.446s] -- Up-to-date: /root/ros2_ws/src/install/super_odometry_msgs/share/super_odometry_msgs/cmake/export_super_odometry_msgs__rosidl_generator_pyExport-noconfig.cmake
[3.446s] -- Up-to-date: /root/ros2_ws/src/install/super_odometry_msgs/share/super_odometry_msgs/cmake/rosidl_cmake-extras.cmake
[3.446s] -- Up-to-date: /root/ros2_ws/src/install/super_odometry_msgs/share/super_odometry_msgs/cmake/ament_cmake_export_dependencies-extras.cmake
[3.446s] -- Up-to-date: /root/ros2_ws/src/install/super_odometry_msgs/share/super_odometry_msgs/cmake/ament_cmake_export_include_directories-extras.cmake
[3.446s] -- Up-to-date: /root/ros2_ws/src/install/super_odometry_msgs/share/super_odometry_msgs/cmake/ament_cmake_export_libraries-extras.cmake
[3.446s] -- Up-to-date: /root/ros2_ws/src/install/super_odometry_msgs/share/super_odometry_msgs/cmake/ament_cmake_export_targets-extras.cmake
[3.446s] -- Up-to-date: /root/ros2_ws/src/install/super_odometry_msgs/share/super_odometry_msgs/cmake/rosidl_cmake_export_typesupport_targets-extras.cmake
[3.446s] -- Up-to-date: /root/ros2_ws/src/install/super_odometry_msgs/share/super_odometry_msgs/cmake/rosidl_cmake_export_typesupport_libraries-extras.cmake
[3.446s] -- Up-to-date: /root/ros2_ws/src/install/super_odometry_msgs/share/super_odometry_msgs/cmake/super_odometry_msgsConfig.cmake
[3.446s] -- Up-to-date: /root/ros2_ws/src/install/super_odometry_msgs/share/super_odometry_msgs/cmake/super_odometry_msgsConfig-version.cmake
[3.446s] -- Up-to-date: /root/ros2_ws/src/install/super_odometry_msgs/share/super_odometry_msgs/package.xml
[3.452s] Invoked command in '/root/ros2_ws/src/build/super_odometry_msgs' returned '0': CMAKE_PREFIX_PATH=${CMAKE_PREFIX_PATH}:/root/ros2_ws/src/install/transform_sensors:/root/ros2_ws/src/install/ros_tcp_endpoint:/opt/ros/humble /usr/bin/cmake --install /root/ros2_ws/src/build/super_odometry_msgs
