[0.287s] Invoking command in '/root/ros2_ws/src/build/terrain_analysis_ext': CMAKE_PREFIX_PATH=/opt/ros/humble /usr/bin/cmake --build /root/ros2_ws/src/build/terrain_analysis_ext -- -j24 -l24
[0.600s] [100%] Built target terrainAnalysisExt
[0.631s] Invoked command in '/root/ros2_ws/src/build/terrain_analysis_ext' returned '0': CMAKE_PREFIX_PATH=/opt/ros/humble /usr/bin/cmake --build /root/ros2_ws/src/build/terrain_analysis_ext -- -j24 -l24
[0.641s] Invoking command in '/root/ros2_ws/src/build/terrain_analysis_ext': CMAKE_PREFIX_PATH=/opt/ros/humble /usr/bin/cmake --install /root/ros2_ws/src/build/terrain_analysis_ext
[0.695s] -- Install configuration: ""
[0.695s] -- Up-to-date: /root/ros2_ws/src/install/terrain_analysis_ext/lib/terrain_analysis_ext/terrainAnalysisExt
[0.695s] -- Up-to-date: /root/ros2_ws/src/install/terrain_analysis_ext/share/terrain_analysis_ext/launch
[0.695s] -- Installing: /root/ros2_ws/src/install/terrain_analysis_ext/share/terrain_analysis_ext/launch/terrain_analysis_ext.launch
[0.695s] -- Up-to-date: /root/ros2_ws/src/install/terrain_analysis_ext/share/ament_index/resource_index/package_run_dependencies/terrain_analysis_ext
[0.695s] -- Up-to-date: /root/ros2_ws/src/install/terrain_analysis_ext/share/ament_index/resource_index/parent_prefix_path/terrain_analysis_ext
[0.695s] -- Up-to-date: /root/ros2_ws/src/install/terrain_analysis_ext/share/terrain_analysis_ext/environment/ament_prefix_path.sh
[0.695s] -- Up-to-date: /root/ros2_ws/src/install/terrain_analysis_ext/share/terrain_analysis_ext/environment/ament_prefix_path.dsv
[0.695s] -- Up-to-date: /root/ros2_ws/src/install/terrain_analysis_ext/share/terrain_analysis_ext/environment/path.sh
[0.695s] -- Up-to-date: /root/ros2_ws/src/install/terrain_analysis_ext/share/terrain_analysis_ext/environment/path.dsv
[0.695s] -- Up-to-date: /root/ros2_ws/src/install/terrain_analysis_ext/share/terrain_analysis_ext/local_setup.bash
[0.695s] -- Up-to-date: /root/ros2_ws/src/install/terrain_analysis_ext/share/terrain_analysis_ext/local_setup.sh
[0.695s] -- Up-to-date: /root/ros2_ws/src/install/terrain_analysis_ext/share/terrain_analysis_ext/local_setup.zsh
[0.695s] -- Up-to-date: /root/ros2_ws/src/install/terrain_analysis_ext/share/terrain_analysis_ext/local_setup.dsv
[0.695s] -- Installing: /root/ros2_ws/src/install/terrain_analysis_ext/share/terrain_analysis_ext/package.dsv
[0.695s] -- Up-to-date: /root/ros2_ws/src/install/terrain_analysis_ext/share/ament_index/resource_index/packages/terrain_analysis_ext
[0.695s] -- Up-to-date: /root/ros2_ws/src/install/terrain_analysis_ext/share/terrain_analysis_ext/cmake/terrain_analysis_extConfig.cmake
[0.695s] -- Up-to-date: /root/ros2_ws/src/install/terrain_analysis_ext/share/terrain_analysis_ext/cmake/terrain_analysis_extConfig-version.cmake
[0.695s] -- Up-to-date: /root/ros2_ws/src/install/terrain_analysis_ext/share/terrain_analysis_ext/package.xml
[0.795s] Invoked command in '/root/ros2_ws/src/build/terrain_analysis_ext' returned '0': CMAKE_PREFIX_PATH=/opt/ros/humble /usr/bin/cmake --install /root/ros2_ws/src/build/terrain_analysis_ext
