[0.242s] Invoking command in '/root/ros2_ws/src/build/go2_h264_repub': CMAKE_PREFIX_PATH=/opt/ros/humble /usr/bin/cmake /root/ros2_ws/src/utilities/unitree_pkgs/go2_h264_repub -DROS_EDITION=ROS2 -DHUMBLE_ROS=humble -DCMAKE_INSTALL_PREFIX=/root/ros2_ws/src/install/go2_h264_repub
[0.562s] -- The C compiler identification is GNU 11.4.0
[0.562s] -- The CXX compiler identification is GNU 11.4.0
[0.562s] -- Detecting C compiler ABI info
[0.562s] -- Detecting C compiler ABI info - done
[0.562s] -- Check for working C compiler: /usr/bin/cc - skipped
[0.562s] -- Detecting C compile features
[0.563s] -- Detecting C compile features - done
[0.563s] -- Detecting CXX compiler ABI info
[0.574s] -- Detecting CXX compiler ABI info - done
[0.595s] -- Check for working CXX compiler: /usr/bin/c++ - skipped
[0.595s] -- Detecting CXX compile features
[0.595s] -- Detecting CXX compile features - done
[0.595s] -- Found ament_cmake: 1.3.12 (/opt/ros/humble/share/ament_cmake/cmake)
[0.808s] -- Found Python3: /usr/bin/python3 (found version "3.10.12") found components: Interpreter 
[1.093s] -- Found OpenCV: /usr (found version "4.5.4") 
[1.108s] -- Found rclcpp: 16.0.17 (/opt/ros/humble/share/rclcpp/cmake)
[1.235s] -- Found rosidl_generator_c: 3.1.8 (/opt/ros/humble/share/rosidl_generator_c/cmake)
[1.258s] -- Found rosidl_adapter: 3.1.8 (/opt/ros/humble/share/rosidl_adapter/cmake)
[1.280s] -- Found rosidl_generator_cpp: 3.1.8 (/opt/ros/humble/share/rosidl_generator_cpp/cmake)
[1.309s] -- Using all available rosidl_typesupport_c: rosidl_typesupport_fastrtps_c;rosidl_typesupport_introspection_c
[1.345s] -- Using all available rosidl_typesupport_cpp: rosidl_typesupport_fastrtps_cpp;rosidl_typesupport_introspection_cpp
[1.519s] -- Found rmw_implementation_cmake: 6.1.2 (/opt/ros/humble/share/rmw_implementation_cmake/cmake)
[1.526s] -- Found rmw_fastrtps_cpp: 6.2.9 (/opt/ros/humble/share/rmw_fastrtps_cpp/cmake)
[1.654s] -- Found OpenSSL: /usr/lib/x86_64-linux-gnu/libcrypto.so (found version "3.0.2")  
[1.696s] -- Found FastRTPS: /opt/ros/humble/include  
[1.781s] -- Using RMW implementation 'rmw_fastrtps_cpp' as default
[1.799s] -- Looking for pthread.h
[1.887s] -- Looking for pthread.h - found
[1.887s] -- Performing Test CMAKE_HAVE_LIBC_PTHREAD
[1.973s] -- Performing Test CMAKE_HAVE_LIBC_PTHREAD - Success
[1.979s] -- Found Threads: TRUE  
[2.084s] -- Found sensor_msgs: 4.9.0 (/opt/ros/humble/share/sensor_msgs/cmake)
[2.133s] -- Found cv_bridge: 3.2.1 (/opt/ros/humble/share/cv_bridge/cmake)
[2.145s] -- Found ament_lint_auto: 0.12.14 (/opt/ros/humble/share/ament_lint_auto/cmake)
[2.284s] -- Added test 'copyright' to check source files copyright and LICENSE
[2.289s] -- Added test 'cppcheck' to perform static code analysis on C / C++ code
[2.289s] -- Configured cppcheck include dirs: 
[2.289s] -- Configured cppcheck exclude dirs and/or files: 
[2.289s] -- Added test 'cpplint' to check C / C++ code against the Google style
[2.289s] -- Configured cpplint exclude dirs and/or files: 
[2.290s] -- Added test 'lint_cmake' to check CMake code style
[2.291s] -- Added test 'uncrustify' to check C / C++ code style
[2.291s] -- Configured uncrustify additional arguments: 
[2.292s] -- Added test 'xmllint' to check XML markup files
[2.294s] -- Configuring done
[2.312s] -- Generating done
[2.313s] [33mCMake Warning:
[2.314s]   Manually-specified variables were not used by the project:
[2.314s] 
[2.314s]     HUMBLE_ROS
[2.314s]     ROS_EDITION
[2.314s] 
[2.314s] [0m
[2.314s] -- Build files have been written to: /root/ros2_ws/src/build/go2_h264_repub
