[0.037s] Invoking command in '/root/ros2_ws/src/build/unitree_api': CMAKE_PREFIX_PATH=/opt/ros/humble /usr/bin/cmake /root/ros2_ws/src/utilities/unitree_pkgs/unitree_api -DROS_EDITION=ROS2 -DHUMBLE_ROS=humble -DCMAKE_INSTALL_PREFIX=/root/ros2_ws/src/install/unitree_api
[0.627s] -- The C compiler identification is GNU 11.4.0
[0.627s] -- The CXX compiler identification is GNU 11.4.0
[0.627s] -- Detecting C compiler ABI info
[0.627s] -- Detecting C compiler ABI info - done
[0.627s] -- Check for working C compiler: /usr/bin/cc - skipped
[0.627s] -- Detecting C compile features
[0.627s] -- Detecting C compile features - done
[0.628s] -- Detecting CXX compiler ABI info
[0.628s] -- Detecting CXX compiler ABI info - done
[0.628s] -- Check for working CXX compiler: /usr/bin/c++ - skipped
[0.628s] -- Detecting CXX compile features
[0.628s] -- Detecting CXX compile features - done
[0.629s] -- Found ament_cmake: 1.3.12 (/opt/ros/humble/share/ament_cmake/cmake)
[0.630s] -- Found Python3: /usr/bin/python3 (found version "3.10.12") found components: Interpreter 
[0.720s] -- Found geometry_msgs: 4.9.0 (/opt/ros/humble/share/geometry_msgs/cmake)
[0.796s] -- Found rosidl_generator_c: 3.1.8 (/opt/ros/humble/share/rosidl_generator_c/cmake)
[0.809s] -- Found rosidl_adapter: 3.1.8 (/opt/ros/humble/share/rosidl_adapter/cmake)
[0.835s] -- Found rosidl_generator_cpp: 3.1.8 (/opt/ros/humble/share/rosidl_generator_cpp/cmake)
[0.861s] -- Using all available rosidl_typesupport_c: rosidl_typesupport_fastrtps_c;rosidl_typesupport_introspection_c
[0.910s] -- Using all available rosidl_typesupport_cpp: rosidl_typesupport_fastrtps_cpp;rosidl_typesupport_introspection_cpp
[0.962s] -- Found rosidl_default_generators: 1.2.0 (/opt/ros/humble/share/rosidl_default_generators/cmake)
[1.000s] -- Found rosidl_generator_dds_idl: 0.8.1 (/opt/ros/humble/share/rosidl_generator_dds_idl/cmake)
[1.339s] -- Found ament_cmake_ros: 0.10.0 (/opt/ros/humble/share/ament_cmake_ros/cmake)
[1.815s] -- Using all available rosidl_typesupport_c: rosidl_typesupport_fastrtps_c;rosidl_typesupport_introspection_c
[2.002s] -- Using all available rosidl_typesupport_cpp: rosidl_typesupport_fastrtps_cpp;rosidl_typesupport_introspection_cpp
[2.031s] -- Found PythonInterp: /usr/bin/python3 (found suitable version "3.10.12", minimum required is "3.6") 
[2.039s] -- Found python_cmake_module: 0.10.0 (/opt/ros/humble/share/python_cmake_module/cmake)
[2.088s] -- Found PythonLibs: /usr/lib/x86_64-linux-gnu/libpython3.10.so (found suitable version "3.10.12", minimum required is "3.5") 
[2.090s] -- Using PYTHON_EXECUTABLE: /usr/bin/python3
[2.090s] -- Using PYTHON_INCLUDE_DIRS: /usr/include/python3.10
[2.090s] -- Using PYTHON_LIBRARIES: /usr/lib/x86_64-linux-gnu/libpython3.10.so
[2.121s] -- Found PythonExtra: .so  
[2.434s] -- Using numpy include directory: /usr/local/lib/python3.10/dist-packages/numpy/core/include
[2.499s] -- Found ament_lint_auto: 0.12.14 (/opt/ros/humble/share/ament_lint_auto/cmake)
[2.614s] -- Added test 'copyright' to check source files copyright and LICENSE
[2.625s] -- Added test 'lint_cmake' to check CMake code style
[2.632s] -- Added test 'xmllint' to check XML markup files
[2.636s] -- Configuring done
[2.708s] [33mCMake Warning:
[2.708s]   Manually-specified variables were not used by the project:
[2.708s] 
[2.708s]     HUMBLE_ROS
[2.708s]     ROS_EDITION
[2.708s] 
[2.708s] [0m
[2.708s] -- Generating done
[2.719s] -- Build files have been written to: /root/ros2_ws/src/build/unitree_api
[2.804s] Invoked command in '/root/ros2_ws/src/build/unitree_api' returned '0': CMAKE_PREFIX_PATH=/opt/ros/humble /usr/bin/cmake /root/ros2_ws/src/utilities/unitree_pkgs/unitree_api -DROS_EDITION=ROS2 -DHUMBLE_ROS=humble -DCMAKE_INSTALL_PREFIX=/root/ros2_ws/src/install/unitree_api
[2.805s] Invoking command in '/root/ros2_ws/src/build/unitree_api': CMAKE_PREFIX_PATH=/opt/ros/humble /usr/bin/cmake --build /root/ros2_ws/src/build/unitree_api -- -j24 -l24
[2.885s] [  1%] [34m[1mGenerating C code for ROS interfaces[0m
[2.885s] [  2%] [34m[1mGenerating C++ code for ROS interfaces[0m
[2.885s] [  3%] [34m[1mGenerating DDS interfaces[0m
[2.885s] [  3%] Built target ament_cmake_python_copy_unitree_api
[3.286s] /usr/local/lib/python3.10/dist-packages/setuptools_scm/_integration/setuptools.py:24: RuntimeWarning: 
[3.286s] ERROR: setuptools==59.6.0 is used in combination with setuptools-scm>=8.x
[3.286s] 
[3.286s] Your build configuration is incomplete and previously worked by accident!
[3.286s] setuptools-scm requires setuptools>=61 (recommended: >=80)
[3.286s] 
[3.287s] Suggested workaround if applicable:
[3.287s]  - migrating from the deprecated setup_requires mechanism to pep517/518
[3.287s]    and using a pyproject.toml to declare build dependencies
[3.287s]    which are reliably pre-installed before running the build tools
[3.287s] 
[3.287s]   warnings.warn(
[3.297s] running egg_info
[3.297s] creating unitree_api.egg-info
[3.297s] writing unitree_api.egg-info/PKG-INFO
[3.297s] writing dependency_links to unitree_api.egg-info/dependency_links.txt
[3.297s] writing top-level names to unitree_api.egg-info/top_level.txt
[3.297s] writing manifest file 'unitree_api.egg-info/SOURCES.txt'
[3.307s] [  3%] Built target unitree_api__dds_connext_idl
[3.378s] listing git files failed - pretending there aren't any
[3.712s] reading manifest file 'unitree_api.egg-info/SOURCES.txt'
[3.718s] writing manifest file 'unitree_api.egg-info/SOURCES.txt'
[3.884s] [  3%] Built target ament_cmake_python_build_unitree_api_egg
[4.236s] [  3%] Built target unitree_api__cpp
[4.279s] [  4%] [34m[1mGenerating C++ introspection for ROS interfaces[0m
[4.290s] [  5%] [34m[1mGenerating C++ type support for eProsima Fast-RTPS[0m
[4.290s] [  6%] [34m[1mGenerating C++ type support dispatch for ROS interfaces[0m
[4.367s] [  7%] [32mBuilding C object CMakeFiles/unitree_api__rosidl_generator_c.dir/rosidl_generator_c/unitree_api/msg/detail/request__functions.c.o[0m
[4.375s] [  9%] [32mBuilding C object CMakeFiles/unitree_api__rosidl_generator_c.dir/rosidl_generator_c/unitree_api/msg/detail/request_identity__functions.c.o[0m
[4.376s] [ 10%] [32mBuilding C object CMakeFiles/unitree_api__rosidl_generator_c.dir/rosidl_generator_c/unitree_api/msg/detail/request_header__functions.c.o[0m
[4.376s] [ 11%] [32mBuilding C object CMakeFiles/unitree_api__rosidl_generator_c.dir/rosidl_generator_c/unitree_api/msg/detail/response__functions.c.o[0m
[4.376s] [ 12%] [32mBuilding C object CMakeFiles/unitree_api__rosidl_generator_c.dir/rosidl_generator_c/unitree_api/msg/detail/request_policy__functions.c.o[0m
[4.389s] [ 13%] [32mBuilding C object CMakeFiles/unitree_api__rosidl_generator_c.dir/rosidl_generator_c/unitree_api/msg/detail/request_lease__functions.c.o[0m
[4.394s] [ 14%] [32mBuilding C object CMakeFiles/unitree_api__rosidl_generator_c.dir/rosidl_generator_c/unitree_api/msg/detail/response_header__functions.c.o[0m
[4.401s] [ 15%] [32mBuilding C object CMakeFiles/unitree_api__rosidl_generator_c.dir/rosidl_generator_c/unitree_api/msg/detail/response_status__functions.c.o[0m
[4.677s] [ 17%] [32m[1mLinking C shared library libunitree_api__rosidl_generator_c.so[0m
[4.796s] [ 17%] Built target unitree_api__rosidl_generator_c
[4.822s] [ 18%] [34m[1mGenerating C type support for eProsima Fast-RTPS[0m
[4.830s] [ 19%] [34m[1mGenerating C introspection for ROS interfaces[0m
[4.845s] [ 20%] [34m[1mGenerating C type support dispatch for ROS interfaces[0m
[5.070s] [ 21%] [32mBuilding CXX object CMakeFiles/unitree_api__rosidl_typesupport_cpp.dir/rosidl_typesupport_cpp/unitree_api/msg/request_lease__type_support.cpp.o[0m
[5.075s] [ 22%] [32mBuilding CXX object CMakeFiles/unitree_api__rosidl_typesupport_cpp.dir/rosidl_typesupport_cpp/unitree_api/msg/request__type_support.cpp.o[0m
[5.084s] [ 23%] [32mBuilding CXX object CMakeFiles/unitree_api__rosidl_typesupport_cpp.dir/rosidl_typesupport_cpp/unitree_api/msg/request_policy__type_support.cpp.o[0m
[5.087s] [ 27%] [32mBuilding CXX object CMakeFiles/unitree_api__rosidl_typesupport_cpp.dir/rosidl_typesupport_cpp/unitree_api/msg/request_identity__type_support.cpp.o[0m
[5.087s] [ 27%] [32mBuilding CXX object CMakeFiles/unitree_api__rosidl_typesupport_cpp.dir/rosidl_typesupport_cpp/unitree_api/msg/response__type_support.cpp.o[0m
[5.088s] [ 27%] [32mBuilding CXX object CMakeFiles/unitree_api__rosidl_typesupport_cpp.dir/rosidl_typesupport_cpp/unitree_api/msg/response_header__type_support.cpp.o[0m
[5.091s] [ 28%] [32mBuilding CXX object CMakeFiles/unitree_api__rosidl_typesupport_cpp.dir/rosidl_typesupport_cpp/unitree_api/msg/request_header__type_support.cpp.o[0m
[5.098s] [ 29%] [32mBuilding CXX object CMakeFiles/unitree_api__rosidl_typesupport_cpp.dir/rosidl_typesupport_cpp/unitree_api/msg/response_status__type_support.cpp.o[0m
[6.019s] [ 30%] [32mBuilding CXX object CMakeFiles/unitree_api__rosidl_typesupport_fastrtps_cpp.dir/rosidl_typesupport_fastrtps_cpp/unitree_api/msg/detail/dds_fastrtps/request__type_support.cpp.o[0m
[6.019s] [ 31%] [32mBuilding CXX object CMakeFiles/unitree_api__rosidl_typesupport_fastrtps_cpp.dir/rosidl_typesupport_fastrtps_cpp/unitree_api/msg/detail/dds_fastrtps/request_header__type_support.cpp.o[0m
[6.030s] [ 32%] [32mBuilding CXX object CMakeFiles/unitree_api__rosidl_typesupport_fastrtps_cpp.dir/rosidl_typesupport_fastrtps_cpp/unitree_api/msg/detail/dds_fastrtps/request_identity__type_support.cpp.o[0m
[6.032s] [ 34%] [32mBuilding CXX object CMakeFiles/unitree_api__rosidl_typesupport_fastrtps_cpp.dir/rosidl_typesupport_fastrtps_cpp/unitree_api/msg/detail/dds_fastrtps/request_lease__type_support.cpp.o[0m
[6.039s] [ 35%] [32mBuilding CXX object CMakeFiles/unitree_api__rosidl_typesupport_fastrtps_cpp.dir/rosidl_typesupport_fastrtps_cpp/unitree_api/msg/detail/dds_fastrtps/response__type_support.cpp.o[0m
[6.039s] [ 36%] [32mBuilding CXX object CMakeFiles/unitree_api__rosidl_typesupport_fastrtps_c.dir/rosidl_typesupport_fastrtps_c/unitree_api/msg/detail/request_header__type_support_c.cpp.o[0m
[6.048s] [ 37%] [32mBuilding CXX object CMakeFiles/unitree_api__rosidl_typesupport_fastrtps_cpp.dir/rosidl_typesupport_fastrtps_cpp/unitree_api/msg/detail/dds_fastrtps/request_policy__type_support.cpp.o[0m
[6.049s] [ 38%] [32mBuilding CXX object CMakeFiles/unitree_api__rosidl_typesupport_fastrtps_cpp.dir/rosidl_typesupport_fastrtps_cpp/unitree_api/msg/detail/dds_fastrtps/response_status__type_support.cpp.o[0m
[6.057s] [ 39%] [32mBuilding CXX object CMakeFiles/unitree_api__rosidl_typesupport_fastrtps_c.dir/rosidl_typesupport_fastrtps_c/unitree_api/msg/detail/request__type_support_c.cpp.o[0m
[6.060s] [ 40%] [32mBuilding CXX object CMakeFiles/unitree_api__rosidl_typesupport_fastrtps_c.dir/rosidl_typesupport_fastrtps_c/unitree_api/msg/detail/response__type_support_c.cpp.o[0m
[6.074s] [ 42%] [32mBuilding CXX object CMakeFiles/unitree_api__rosidl_typesupport_fastrtps_cpp.dir/rosidl_typesupport_fastrtps_cpp/unitree_api/msg/detail/dds_fastrtps/response_header__type_support.cpp.o[0m
[6.075s] [ 43%] [32mBuilding CXX object CMakeFiles/unitree_api__rosidl_typesupport_fastrtps_c.dir/rosidl_typesupport_fastrtps_c/unitree_api/msg/detail/request_lease__type_support_c.cpp.o[0m
[6.077s] [ 45%] [32mBuilding CXX object CMakeFiles/unitree_api__rosidl_typesupport_fastrtps_c.dir/rosidl_typesupport_fastrtps_c/unitree_api/msg/detail/response_header__type_support_c.cpp.o[0m
[6.085s] [ 45%] [32mBuilding CXX object CMakeFiles/unitree_api__rosidl_typesupport_fastrtps_c.dir/rosidl_typesupport_fastrtps_c/unitree_api/msg/detail/response_status__type_support_c.cpp.o[0m
[6.086s] [ 46%] [32mBuilding C object CMakeFiles/unitree_api__rosidl_typesupport_introspection_c.dir/rosidl_typesupport_introspection_c/unitree_api/msg/detail/request__type_support.c.o[0m
[6.090s] [ 47%] [32mBuilding CXX object CMakeFiles/unitree_api__rosidl_typesupport_fastrtps_c.dir/rosidl_typesupport_fastrtps_c/unitree_api/msg/detail/request_identity__type_support_c.cpp.o[0m
[6.090s] [ 48%] [32mBuilding CXX object CMakeFiles/unitree_api__rosidl_typesupport_fastrtps_c.dir/rosidl_typesupport_fastrtps_c/unitree_api/msg/detail/request_policy__type_support_c.cpp.o[0m
[6.306s] [ 50%] [32mBuilding C object CMakeFiles/unitree_api__rosidl_typesupport_introspection_c.dir/rosidl_typesupport_introspection_c/unitree_api/msg/detail/request_header__type_support.c.o[0m
[6.340s] [ 51%] [32mBuilding C object CMakeFiles/unitree_api__rosidl_typesupport_introspection_c.dir/rosidl_typesupport_introspection_c/unitree_api/msg/detail/request_lease__type_support.c.o[0m
[6.366s] [ 52%] [32mBuilding C object CMakeFiles/unitree_api__rosidl_typesupport_introspection_c.dir/rosidl_typesupport_introspection_c/unitree_api/msg/detail/request_identity__type_support.c.o[0m
[6.414s] [ 53%] [32mBuilding CXX object CMakeFiles/unitree_api__rosidl_typesupport_c.dir/rosidl_typesupport_c/unitree_api/msg/request__type_support.cpp.o[0m
[6.426s] [ 54%] [32mBuilding C object CMakeFiles/unitree_api__rosidl_typesupport_introspection_c.dir/rosidl_typesupport_introspection_c/unitree_api/msg/detail/response__type_support.c.o[0m
[6.445s] [ 55%] [32mBuilding C object CMakeFiles/unitree_api__rosidl_typesupport_introspection_c.dir/rosidl_typesupport_introspection_c/unitree_api/msg/detail/response_header__type_support.c.o[0m
[6.472s] [ 56%] [32mBuilding C object CMakeFiles/unitree_api__rosidl_typesupport_introspection_c.dir/rosidl_typesupport_introspection_c/unitree_api/msg/detail/request_policy__type_support.c.o[0m
[6.515s] [ 57%] [32mBuilding C object CMakeFiles/unitree_api__rosidl_typesupport_introspection_c.dir/rosidl_typesupport_introspection_c/unitree_api/msg/detail/response_status__type_support.c.o[0m
[6.535s] [ 59%] [32m[1mLinking CXX shared library libunitree_api__rosidl_typesupport_cpp.so[0m
[6.550s] [ 60%] [32mBuilding CXX object CMakeFiles/unitree_api__rosidl_typesupport_c.dir/rosidl_typesupport_c/unitree_api/msg/request_header__type_support.cpp.o[0m
[6.578s] [ 61%] [32mBuilding CXX object CMakeFiles/unitree_api__rosidl_typesupport_c.dir/rosidl_typesupport_c/unitree_api/msg/request_identity__type_support.cpp.o[0m
[6.579s] [ 62%] [32mBuilding CXX object CMakeFiles/unitree_api__rosidl_typesupport_introspection_cpp.dir/rosidl_typesupport_introspection_cpp/unitree_api/msg/detail/request__type_support.cpp.o[0m
[6.621s] [ 63%] [32mBuilding CXX object CMakeFiles/unitree_api__rosidl_typesupport_c.dir/rosidl_typesupport_c/unitree_api/msg/request_lease__type_support.cpp.o[0m
[6.673s] [ 64%] [32mBuilding CXX object CMakeFiles/unitree_api__rosidl_typesupport_c.dir/rosidl_typesupport_c/unitree_api/msg/request_policy__type_support.cpp.o[0m
[6.696s] [ 65%] [32mBuilding CXX object CMakeFiles/unitree_api__rosidl_typesupport_introspection_cpp.dir/rosidl_typesupport_introspection_cpp/unitree_api/msg/detail/request_header__type_support.cpp.o[0m
[6.699s] [ 67%] [32mBuilding CXX object CMakeFiles/unitree_api__rosidl_typesupport_c.dir/rosidl_typesupport_c/unitree_api/msg/response__type_support.cpp.o[0m
[6.745s] [ 68%] [32m[1mLinking C shared library libunitree_api__rosidl_typesupport_introspection_c.so[0m
[6.774s] [ 69%] [32mBuilding CXX object CMakeFiles/unitree_api__rosidl_typesupport_c.dir/rosidl_typesupport_c/unitree_api/msg/response_header__type_support.cpp.o[0m
[6.774s] [ 70%] [32mBuilding CXX object CMakeFiles/unitree_api__rosidl_typesupport_introspection_cpp.dir/rosidl_typesupport_introspection_cpp/unitree_api/msg/detail/request_identity__type_support.cpp.o[0m
[6.829s] [ 70%] Built target unitree_api__rosidl_typesupport_cpp
[6.841s] [ 71%] [32mBuilding CXX object CMakeFiles/unitree_api__rosidl_typesupport_c.dir/rosidl_typesupport_c/unitree_api/msg/response_status__type_support.cpp.o[0m
[6.858s] [ 72%] [32mBuilding CXX object CMakeFiles/unitree_api__rosidl_typesupport_introspection_cpp.dir/rosidl_typesupport_introspection_cpp/unitree_api/msg/detail/request_lease__type_support.cpp.o[0m
[6.871s] [ 73%] [32mBuilding CXX object CMakeFiles/unitree_api__rosidl_typesupport_introspection_cpp.dir/rosidl_typesupport_introspection_cpp/unitree_api/msg/detail/request_policy__type_support.cpp.o[0m
[6.888s] [ 73%] Built target unitree_api__rosidl_typesupport_introspection_c
[6.924s] [ 75%] [32mBuilding CXX object CMakeFiles/unitree_api__rosidl_typesupport_introspection_cpp.dir/rosidl_typesupport_introspection_cpp/unitree_api/msg/detail/response__type_support.cpp.o[0m
[6.936s] [ 76%] [32mBuilding CXX object CMakeFiles/unitree_api__rosidl_typesupport_introspection_cpp.dir/rosidl_typesupport_introspection_cpp/unitree_api/msg/detail/response_header__type_support.cpp.o[0m
[7.060s] [ 77%] [32m[1mLinking CXX shared library libunitree_api__rosidl_typesupport_c.so[0m
[7.215s] [ 77%] Built target unitree_api__rosidl_typesupport_c
[7.263s] [ 78%] [32mBuilding CXX object CMakeFiles/unitree_api__rosidl_typesupport_introspection_cpp.dir/rosidl_typesupport_introspection_cpp/unitree_api/msg/detail/response_status__type_support.cpp.o[0m
[8.378s] [ 79%] [32m[1mLinking CXX shared library libunitree_api__rosidl_typesupport_fastrtps_c.so[0m
[8.621s] [ 80%] [32m[1mLinking CXX shared library libunitree_api__rosidl_typesupport_fastrtps_cpp.so[0m
[8.704s] [ 80%] Built target unitree_api__rosidl_typesupport_fastrtps_c
[8.788s] [ 80%] Built target unitree_api__rosidl_typesupport_fastrtps_cpp
[8.903s] [ 81%] [32m[1mLinking CXX shared library libunitree_api__rosidl_typesupport_introspection_cpp.so[0m
[9.289s] [ 81%] Built target unitree_api__rosidl_typesupport_introspection_cpp
[9.383s] [ 81%] Built target unitree_api
[9.482s] [ 82%] [34m[1mGenerating Python code for ROS interfaces[0m
[11.510s] [ 82%] Built target unitree_api__py
[11.644s] [ 84%] [32mBuilding C object CMakeFiles/unitree_api__rosidl_generator_py.dir/rosidl_generator_py/unitree_api/msg/_request_s.c.o[0m
[11.644s] [ 86%] [32mBuilding C object CMakeFiles/unitree_api__rosidl_generator_py.dir/rosidl_generator_py/unitree_api/msg/_response_s.c.o[0m
[11.644s] [ 87%] [32mBuilding C object CMakeFiles/unitree_api__rosidl_generator_py.dir/rosidl_generator_py/unitree_api/msg/_request_identity_s.c.o[0m
[11.644s] [ 86%] [32mBuilding C object CMakeFiles/unitree_api__rosidl_generator_py.dir/rosidl_generator_py/unitree_api/msg/_request_lease_s.c.o[0m
[11.644s] [ 88%] [32mBuilding C object CMakeFiles/unitree_api__rosidl_generator_py.dir/rosidl_generator_py/unitree_api/msg/_request_header_s.c.o[0m
[11.644s] [ 89%] [32mBuilding C object CMakeFiles/unitree_api__rosidl_generator_py.dir/rosidl_generator_py/unitree_api/msg/_request_policy_s.c.o[0m
[11.644s] [ 90%] [32mBuilding C object CMakeFiles/unitree_api__rosidl_generator_py.dir/rosidl_generator_py/unitree_api/msg/_response_status_s.c.o[0m
[11.661s] [ 92%] [32mBuilding C object CMakeFiles/unitree_api__rosidl_generator_py.dir/rosidl_generator_py/unitree_api/msg/_response_header_s.c.o[0m
[12.230s] [ 93%] [32m[1mLinking C shared library rosidl_generator_py/unitree_api/libunitree_api__rosidl_generator_py.so[0m
[12.478s] [ 93%] Built target unitree_api__rosidl_generator_py
[12.547s] [ 94%] [32mBuilding C object CMakeFiles/unitree_api__rosidl_typesupport_introspection_c__pyext.dir/rosidl_generator_py/unitree_api/_unitree_api_s.ep.rosidl_typesupport_introspection_c.c.o[0m
[12.564s] [ 95%] [32mBuilding C object CMakeFiles/unitree_api__rosidl_typesupport_fastrtps_c__pyext.dir/rosidl_generator_py/unitree_api/_unitree_api_s.ep.rosidl_typesupport_fastrtps_c.c.o[0m
[12.618s] [ 96%] [32mBuilding C object CMakeFiles/unitree_api__rosidl_typesupport_c__pyext.dir/rosidl_generator_py/unitree_api/_unitree_api_s.ep.rosidl_typesupport_c.c.o[0m
[13.024s] [ 97%] [32m[1mLinking C shared library rosidl_generator_py/unitree_api/unitree_api_s__rosidl_typesupport_c.cpython-310-x86_64-linux-gnu.so[0m
[13.209s] [ 97%] Built target unitree_api__rosidl_typesupport_c__pyext
[13.394s] [ 98%] [32m[1mLinking C shared library rosidl_generator_py/unitree_api/unitree_api_s__rosidl_typesupport_fastrtps_c.cpython-310-x86_64-linux-gnu.so[0m
[13.407s] [100%] [32m[1mLinking C shared library rosidl_generator_py/unitree_api/unitree_api_s__rosidl_typesupport_introspection_c.cpython-310-x86_64-linux-gnu.so[0m
[13.539s] [100%] Built target unitree_api__rosidl_typesupport_introspection_c__pyext
[13.624s] [100%] Built target unitree_api__rosidl_typesupport_fastrtps_c__pyext
[13.693s] Invoked command in '/root/ros2_ws/src/build/unitree_api' returned '0': CMAKE_PREFIX_PATH=/opt/ros/humble /usr/bin/cmake --build /root/ros2_ws/src/build/unitree_api -- -j24 -l24
[13.694s] Invoking command in '/root/ros2_ws/src/build/unitree_api': CMAKE_PREFIX_PATH=/opt/ros/humble /usr/bin/cmake --install /root/ros2_ws/src/build/unitree_api
[22.248s] -- Install configuration: ""
[22.255s] -- Installing: /root/ros2_ws/src/install/unitree_api/share/ament_index/resource_index/rosidl_interfaces/unitree_api
[22.255s] -- Installing: /root/ros2_ws/src/install/unitree_api/include/unitree_api/unitree_api
[22.255s] -- Installing: /root/ros2_ws/src/install/unitree_api/include/unitree_api/unitree_api/msg
[22.256s] -- Installing: /root/ros2_ws/src/install/unitree_api/include/unitree_api/unitree_api/msg/response_header.h
[22.256s] -- Installing: /root/ros2_ws/src/install/unitree_api/include/unitree_api/unitree_api/msg/detail
[22.257s] -- Installing: /root/ros2_ws/src/install/unitree_api/include/unitree_api/unitree_api/msg/detail/response_header__functions.c
[22.257s] -- Installing: /root/ros2_ws/src/install/unitree_api/include/unitree_api/unitree_api/msg/detail/request__functions.c
[22.257s] -- Installing: /root/ros2_ws/src/install/unitree_api/include/unitree_api/unitree_api/msg/detail/response_status__type_support.h
[22.257s] -- Installing: /root/ros2_ws/src/install/unitree_api/include/unitree_api/unitree_api/msg/detail/request_identity__struct.h
[22.257s] -- Installing: /root/ros2_ws/src/install/unitree_api/include/unitree_api/unitree_api/msg/detail/request_identity__functions.h
[22.257s] -- Installing: /root/ros2_ws/src/install/unitree_api/include/unitree_api/unitree_api/msg/detail/request__struct.h
[22.257s] -- Installing: /root/ros2_ws/src/install/unitree_api/include/unitree_api/unitree_api/msg/detail/response_header__functions.h
[22.257s] -- Installing: /root/ros2_ws/src/install/unitree_api/include/unitree_api/unitree_api/msg/detail/request_header__functions.h
[22.258s] -- Installing: /root/ros2_ws/src/install/unitree_api/include/unitree_api/unitree_api/msg/detail/request_policy__functions.h
[22.258s] -- Installing: /root/ros2_ws/src/install/unitree_api/include/unitree_api/unitree_api/msg/detail/response_status__struct.h
[22.258s] -- Installing: /root/ros2_ws/src/install/unitree_api/include/unitree_api/unitree_api/msg/detail/request_header__type_support.h
[22.258s] -- Installing: /root/ros2_ws/src/install/unitree_api/include/unitree_api/unitree_api/msg/detail/request_lease__struct.h
[22.258s] -- Installing: /root/ros2_ws/src/install/unitree_api/include/unitree_api/unitree_api/msg/detail/request_policy__functions.c
[22.258s] -- Installing: /root/ros2_ws/src/install/unitree_api/include/unitree_api/unitree_api/msg/detail/response_header__type_support.h
[22.262s] -- Installing: /root/ros2_ws/src/install/unitree_api/include/unitree_api/unitree_api/msg/detail/response__type_support.h
[22.263s] -- Installing: /root/ros2_ws/src/install/unitree_api/include/unitree_api/unitree_api/msg/detail/request__functions.h
[22.263s] -- Installing: /root/ros2_ws/src/install/unitree_api/include/unitree_api/unitree_api/msg/detail/request_policy__type_support.h
[22.263s] -- Installing: /root/ros2_ws/src/install/unitree_api/include/unitree_api/unitree_api/msg/detail/response_header__struct.h
[22.263s] -- Installing: /root/ros2_ws/src/install/unitree_api/include/unitree_api/unitree_api/msg/detail/request_identity__type_support.h
[22.263s] -- Installing: /root/ros2_ws/src/install/unitree_api/include/unitree_api/unitree_api/msg/detail/request__type_support.h
[22.263s] -- Installing: /root/ros2_ws/src/install/unitree_api/include/unitree_api/unitree_api/msg/detail/response__functions.c
[22.264s] -- Installing: /root/ros2_ws/src/install/unitree_api/include/unitree_api/unitree_api/msg/detail/request_lease__functions.c
[22.264s] -- Installing: /root/ros2_ws/src/install/unitree_api/include/unitree_api/unitree_api/msg/detail/response_status__functions.h
[22.264s] -- Installing: /root/ros2_ws/src/install/unitree_api/include/unitree_api/unitree_api/msg/detail/request_identity__functions.c
[22.264s] -- Installing: /root/ros2_ws/src/install/unitree_api/include/unitree_api/unitree_api/msg/detail/request_lease__functions.h
[22.265s] -- Installing: /root/ros2_ws/src/install/unitree_api/include/unitree_api/unitree_api/msg/detail/request_policy__struct.h
[22.265s] -- Installing: /root/ros2_ws/src/install/unitree_api/include/unitree_api/unitree_api/msg/detail/response__struct.h
[22.265s] -- Installing: /root/ros2_ws/src/install/unitree_api/include/unitree_api/unitree_api/msg/detail/response_status__functions.c
[22.265s] -- Installing: /root/ros2_ws/src/install/unitree_api/include/unitree_api/unitree_api/msg/detail/request_header__struct.h
[22.265s] -- Installing: /root/ros2_ws/src/install/unitree_api/include/unitree_api/unitree_api/msg/detail/response__functions.h
[22.265s] -- Installing: /root/ros2_ws/src/install/unitree_api/include/unitree_api/unitree_api/msg/detail/request_lease__type_support.h
[22.265s] -- Installing: /root/ros2_ws/src/install/unitree_api/include/unitree_api/unitree_api/msg/detail/request_header__functions.c
[22.265s] -- Installing: /root/ros2_ws/src/install/unitree_api/include/unitree_api/unitree_api/msg/response_status.h
[22.266s] -- Installing: /root/ros2_ws/src/install/unitree_api/include/unitree_api/unitree_api/msg/response.h
[22.266s] -- Installing: /root/ros2_ws/src/install/unitree_api/include/unitree_api/unitree_api/msg/rosidl_generator_c__visibility_control.h
[22.266s] -- Installing: /root/ros2_ws/src/install/unitree_api/include/unitree_api/unitree_api/msg/request_policy.h
[22.266s] -- Installing: /root/ros2_ws/src/install/unitree_api/include/unitree_api/unitree_api/msg/request_lease.h
[22.266s] -- Installing: /root/ros2_ws/src/install/unitree_api/include/unitree_api/unitree_api/msg/request_header.h
[22.266s] -- Installing: /root/ros2_ws/src/install/unitree_api/include/unitree_api/unitree_api/msg/request.h
[22.266s] -- Installing: /root/ros2_ws/src/install/unitree_api/include/unitree_api/unitree_api/msg/request_identity.h
[22.266s] -- Installing: /root/ros2_ws/src/install/unitree_api/share/unitree_api/environment/library_path.sh
[22.266s] -- Installing: /root/ros2_ws/src/install/unitree_api/share/unitree_api/environment/library_path.dsv
[22.267s] -- Installing: /root/ros2_ws/src/install/unitree_api/lib/libunitree_api__rosidl_generator_c.so
[22.267s] -- Set runtime path of "/root/ros2_ws/src/install/unitree_api/lib/libunitree_api__rosidl_generator_c.so" to ""
[22.267s] -- Up-to-date: /root/ros2_ws/src/install/unitree_api/include/unitree_api/unitree_api
[22.267s] -- Up-to-date: /root/ros2_ws/src/install/unitree_api/include/unitree_api/unitree_api/msg
[22.270s] -- Up-to-date: /root/ros2_ws/src/install/unitree_api/include/unitree_api/unitree_api/msg/detail
[22.270s] -- Installing: /root/ros2_ws/src/install/unitree_api/include/unitree_api/unitree_api/msg/detail/response_status__rosidl_typesupport_fastrtps_c.h
[22.270s] -- Installing: /root/ros2_ws/src/install/unitree_api/include/unitree_api/unitree_api/msg/detail/request_policy__rosidl_typesupport_fastrtps_c.h
[22.271s] -- Installing: /root/ros2_ws/src/install/unitree_api/include/unitree_api/unitree_api/msg/detail/request__rosidl_typesupport_fastrtps_c.h
[22.271s] -- Installing: /root/ros2_ws/src/install/unitree_api/include/unitree_api/unitree_api/msg/detail/request_header__rosidl_typesupport_fastrtps_c.h
[22.271s] -- Installing: /root/ros2_ws/src/install/unitree_api/include/unitree_api/unitree_api/msg/detail/response_header__rosidl_typesupport_fastrtps_c.h
[22.271s] -- Installing: /root/ros2_ws/src/install/unitree_api/include/unitree_api/unitree_api/msg/detail/request_lease__rosidl_typesupport_fastrtps_c.h
[22.271s] -- Installing: /root/ros2_ws/src/install/unitree_api/include/unitree_api/unitree_api/msg/detail/response__rosidl_typesupport_fastrtps_c.h
[22.271s] -- Installing: /root/ros2_ws/src/install/unitree_api/include/unitree_api/unitree_api/msg/detail/request_identity__rosidl_typesupport_fastrtps_c.h
[22.271s] -- Installing: /root/ros2_ws/src/install/unitree_api/include/unitree_api/unitree_api/msg/rosidl_typesupport_fastrtps_c__visibility_control.h
[22.271s] -- Installing: /root/ros2_ws/src/install/unitree_api/lib/libunitree_api__rosidl_typesupport_fastrtps_c.so
[22.272s] -- Set runtime path of "/root/ros2_ws/src/install/unitree_api/lib/libunitree_api__rosidl_typesupport_fastrtps_c.so" to ""
[22.272s] -- Up-to-date: /root/ros2_ws/src/install/unitree_api/include/unitree_api/unitree_api
[22.272s] -- Up-to-date: /root/ros2_ws/src/install/unitree_api/include/unitree_api/unitree_api/msg
[22.272s] -- Installing: /root/ros2_ws/src/install/unitree_api/include/unitree_api/unitree_api/msg/request_policy.hpp
[22.272s] -- Installing: /root/ros2_ws/src/install/unitree_api/include/unitree_api/unitree_api/msg/response_header.hpp
[22.272s] -- Up-to-date: /root/ros2_ws/src/install/unitree_api/include/unitree_api/unitree_api/msg/detail
[22.272s] -- Installing: /root/ros2_ws/src/install/unitree_api/include/unitree_api/unitree_api/msg/detail/request_policy__struct.hpp
[22.276s] -- Installing: /root/ros2_ws/src/install/unitree_api/include/unitree_api/unitree_api/msg/detail/request_policy__builder.hpp
[22.276s] -- Installing: /root/ros2_ws/src/install/unitree_api/include/unitree_api/unitree_api/msg/detail/request_identity__builder.hpp
[22.276s] -- Installing: /root/ros2_ws/src/install/unitree_api/include/unitree_api/unitree_api/msg/detail/response_status__traits.hpp
[22.277s] -- Installing: /root/ros2_ws/src/install/unitree_api/include/unitree_api/unitree_api/msg/detail/response_status__builder.hpp
[22.277s] -- Installing: /root/ros2_ws/src/install/unitree_api/include/unitree_api/unitree_api/msg/detail/request_header__struct.hpp
[22.277s] -- Installing: /root/ros2_ws/src/install/unitree_api/include/unitree_api/unitree_api/msg/detail/response__builder.hpp
[22.277s] -- Installing: /root/ros2_ws/src/install/unitree_api/include/unitree_api/unitree_api/msg/detail/request_policy__type_support.hpp
[22.277s] -- Installing: /root/ros2_ws/src/install/unitree_api/include/unitree_api/unitree_api/msg/detail/response_header__builder.hpp
[22.277s] -- Installing: /root/ros2_ws/src/install/unitree_api/include/unitree_api/unitree_api/msg/detail/request_header__type_support.hpp
[22.277s] -- Installing: /root/ros2_ws/src/install/unitree_api/include/unitree_api/unitree_api/msg/detail/request_header__builder.hpp
[22.277s] -- Installing: /root/ros2_ws/src/install/unitree_api/include/unitree_api/unitree_api/msg/detail/response_status__struct.hpp
[22.277s] -- Installing: /root/ros2_ws/src/install/unitree_api/include/unitree_api/unitree_api/msg/detail/request__builder.hpp
[22.277s] -- Installing: /root/ros2_ws/src/install/unitree_api/include/unitree_api/unitree_api/msg/detail/request__type_support.hpp
[22.278s] -- Installing: /root/ros2_ws/src/install/unitree_api/include/unitree_api/unitree_api/msg/detail/response__traits.hpp
[22.278s] -- Installing: /root/ros2_ws/src/install/unitree_api/include/unitree_api/unitree_api/msg/detail/request__struct.hpp
[22.278s] -- Installing: /root/ros2_ws/src/install/unitree_api/include/unitree_api/unitree_api/msg/detail/request_policy__traits.hpp
[22.278s] -- Installing: /root/ros2_ws/src/install/unitree_api/include/unitree_api/unitree_api/msg/detail/response__type_support.hpp
[22.278s] -- Installing: /root/ros2_ws/src/install/unitree_api/include/unitree_api/unitree_api/msg/detail/request_identity__traits.hpp
[22.278s] -- Installing: /root/ros2_ws/src/install/unitree_api/include/unitree_api/unitree_api/msg/detail/request_lease__builder.hpp
[22.278s] -- Installing: /root/ros2_ws/src/install/unitree_api/include/unitree_api/unitree_api/msg/detail/request_identity__type_support.hpp
[22.278s] -- Installing: /root/ros2_ws/src/install/unitree_api/include/unitree_api/unitree_api/msg/detail/response_status__type_support.hpp
[22.278s] -- Installing: /root/ros2_ws/src/install/unitree_api/include/unitree_api/unitree_api/msg/detail/request_header__traits.hpp
[22.278s] -- Installing: /root/ros2_ws/src/install/unitree_api/include/unitree_api/unitree_api/msg/detail/request_identity__struct.hpp
[22.279s] -- Installing: /root/ros2_ws/src/install/unitree_api/include/unitree_api/unitree_api/msg/detail/response__struct.hpp
[22.279s] -- Installing: /root/ros2_ws/src/install/unitree_api/include/unitree_api/unitree_api/msg/detail/request_lease__type_support.hpp
[22.279s] -- Installing: /root/ros2_ws/src/install/unitree_api/include/unitree_api/unitree_api/msg/detail/response_header__traits.hpp
[22.279s] -- Installing: /root/ros2_ws/src/install/unitree_api/include/unitree_api/unitree_api/msg/detail/request_lease__struct.hpp
[22.279s] -- Installing: /root/ros2_ws/src/install/unitree_api/include/unitree_api/unitree_api/msg/detail/response_header__struct.hpp
[22.279s] -- Installing: /root/ros2_ws/src/install/unitree_api/include/unitree_api/unitree_api/msg/detail/request_lease__traits.hpp
[22.279s] -- Installing: /root/ros2_ws/src/install/unitree_api/include/unitree_api/unitree_api/msg/detail/response_header__type_support.hpp
[22.279s] -- Installing: /root/ros2_ws/src/install/unitree_api/include/unitree_api/unitree_api/msg/detail/request__traits.hpp
[22.279s] -- Installing: /root/ros2_ws/src/install/unitree_api/include/unitree_api/unitree_api/msg/request.hpp
[22.279s] -- Installing: /root/ros2_ws/src/install/unitree_api/include/unitree_api/unitree_api/msg/request_header.hpp
[22.280s] -- Installing: /root/ros2_ws/src/install/unitree_api/include/unitree_api/unitree_api/msg/response_status.hpp
[22.280s] -- Installing: /root/ros2_ws/src/install/unitree_api/include/unitree_api/unitree_api/msg/request_lease.hpp
[22.280s] -- Installing: /root/ros2_ws/src/install/unitree_api/include/unitree_api/unitree_api/msg/request_identity.hpp
[22.280s] -- Installing: /root/ros2_ws/src/install/unitree_api/include/unitree_api/unitree_api/msg/response.hpp
[22.280s] -- Installing: /root/ros2_ws/src/install/unitree_api/include/unitree_api/unitree_api/msg/rosidl_generator_cpp__visibility_control.hpp
[22.284s] -- Up-to-date: /root/ros2_ws/src/install/unitree_api/include/unitree_api/unitree_api
[22.284s] -- Up-to-date: /root/ros2_ws/src/install/unitree_api/include/unitree_api/unitree_api/msg
[22.284s] -- Up-to-date: /root/ros2_ws/src/install/unitree_api/include/unitree_api/unitree_api/msg/detail
[22.285s] -- Installing: /root/ros2_ws/src/install/unitree_api/include/unitree_api/unitree_api/msg/detail/request_policy__rosidl_typesupport_fastrtps_cpp.hpp
[22.285s] -- Installing: /root/ros2_ws/src/install/unitree_api/include/unitree_api/unitree_api/msg/detail/response_header__rosidl_typesupport_fastrtps_cpp.hpp
[22.285s] -- Installing: /root/ros2_ws/src/install/unitree_api/include/unitree_api/unitree_api/msg/detail/dds_fastrtps
[22.285s] -- Installing: /root/ros2_ws/src/install/unitree_api/include/unitree_api/unitree_api/msg/detail/response_status__rosidl_typesupport_fastrtps_cpp.hpp
[22.285s] -- Installing: /root/ros2_ws/src/install/unitree_api/include/unitree_api/unitree_api/msg/detail/response__rosidl_typesupport_fastrtps_cpp.hpp
[22.285s] -- Installing: /root/ros2_ws/src/install/unitree_api/include/unitree_api/unitree_api/msg/detail/request__rosidl_typesupport_fastrtps_cpp.hpp
[22.285s] -- Installing: /root/ros2_ws/src/install/unitree_api/include/unitree_api/unitree_api/msg/detail/request_lease__rosidl_typesupport_fastrtps_cpp.hpp
[22.285s] -- Installing: /root/ros2_ws/src/install/unitree_api/include/unitree_api/unitree_api/msg/detail/request_header__rosidl_typesupport_fastrtps_cpp.hpp
[22.285s] -- Installing: /root/ros2_ws/src/install/unitree_api/include/unitree_api/unitree_api/msg/detail/request_identity__rosidl_typesupport_fastrtps_cpp.hpp
[22.285s] -- Installing: /root/ros2_ws/src/install/unitree_api/include/unitree_api/unitree_api/msg/rosidl_typesupport_fastrtps_cpp__visibility_control.h
[22.286s] -- Installing: /root/ros2_ws/src/install/unitree_api/lib/libunitree_api__rosidl_typesupport_fastrtps_cpp.so
[22.286s] -- Set runtime path of "/root/ros2_ws/src/install/unitree_api/lib/libunitree_api__rosidl_typesupport_fastrtps_cpp.so" to ""
[22.286s] -- Up-to-date: /root/ros2_ws/src/install/unitree_api/include/unitree_api/unitree_api
[22.286s] -- Up-to-date: /root/ros2_ws/src/install/unitree_api/include/unitree_api/unitree_api/msg
[22.286s] -- Installing: /root/ros2_ws/src/install/unitree_api/include/unitree_api/unitree_api/msg/rosidl_typesupport_introspection_c__visibility_control.h
[22.286s] -- Up-to-date: /root/ros2_ws/src/install/unitree_api/include/unitree_api/unitree_api/msg/detail
[22.286s] -- Installing: /root/ros2_ws/src/install/unitree_api/include/unitree_api/unitree_api/msg/detail/request_identity__rosidl_typesupport_introspection_c.h
[22.286s] -- Installing: /root/ros2_ws/src/install/unitree_api/include/unitree_api/unitree_api/msg/detail/response_status__rosidl_typesupport_introspection_c.h
[22.286s] -- Installing: /root/ros2_ws/src/install/unitree_api/include/unitree_api/unitree_api/msg/detail/response_header__rosidl_typesupport_introspection_c.h
[22.286s] -- Installing: /root/ros2_ws/src/install/unitree_api/include/unitree_api/unitree_api/msg/detail/response__rosidl_typesupport_introspection_c.h
[22.287s] -- Installing: /root/ros2_ws/src/install/unitree_api/include/unitree_api/unitree_api/msg/detail/request_identity__type_support.c
[22.287s] -- Installing: /root/ros2_ws/src/install/unitree_api/include/unitree_api/unitree_api/msg/detail/request_lease__rosidl_typesupport_introspection_c.h
[22.287s] -- Installing: /root/ros2_ws/src/install/unitree_api/include/unitree_api/unitree_api/msg/detail/request_lease__type_support.c
[22.287s] -- Installing: /root/ros2_ws/src/install/unitree_api/include/unitree_api/unitree_api/msg/detail/request_policy__type_support.c
[22.287s] -- Installing: /root/ros2_ws/src/install/unitree_api/include/unitree_api/unitree_api/msg/detail/request__type_support.c
[22.287s] -- Installing: /root/ros2_ws/src/install/unitree_api/include/unitree_api/unitree_api/msg/detail/response_header__type_support.c
[22.287s] -- Installing: /root/ros2_ws/src/install/unitree_api/include/unitree_api/unitree_api/msg/detail/response_status__type_support.c
[22.287s] -- Installing: /root/ros2_ws/src/install/unitree_api/include/unitree_api/unitree_api/msg/detail/request_header__type_support.c
[22.287s] -- Installing: /root/ros2_ws/src/install/unitree_api/include/unitree_api/unitree_api/msg/detail/response__type_support.c
[22.288s] -- Installing: /root/ros2_ws/src/install/unitree_api/include/unitree_api/unitree_api/msg/detail/request__rosidl_typesupport_introspection_c.h
[22.288s] -- Installing: /root/ros2_ws/src/install/unitree_api/include/unitree_api/unitree_api/msg/detail/request_policy__rosidl_typesupport_introspection_c.h
[22.288s] -- Installing: /root/ros2_ws/src/install/unitree_api/include/unitree_api/unitree_api/msg/detail/request_header__rosidl_typesupport_introspection_c.h
[22.288s] -- Installing: /root/ros2_ws/src/install/unitree_api/lib/libunitree_api__rosidl_typesupport_introspection_c.so
[22.288s] -- Set runtime path of "/root/ros2_ws/src/install/unitree_api/lib/libunitree_api__rosidl_typesupport_introspection_c.so" to ""
[22.291s] -- Installing: /root/ros2_ws/src/install/unitree_api/lib/libunitree_api__rosidl_typesupport_c.so
[22.291s] -- Set runtime path of "/root/ros2_ws/src/install/unitree_api/lib/libunitree_api__rosidl_typesupport_c.so" to ""
[22.291s] -- Up-to-date: /root/ros2_ws/src/install/unitree_api/include/unitree_api/unitree_api
[22.292s] -- Up-to-date: /root/ros2_ws/src/install/unitree_api/include/unitree_api/unitree_api/msg
[22.292s] -- Up-to-date: /root/ros2_ws/src/install/unitree_api/include/unitree_api/unitree_api/msg/detail
[22.292s] -- Installing: /root/ros2_ws/src/install/unitree_api/include/unitree_api/unitree_api/msg/detail/request_identity__rosidl_typesupport_introspection_cpp.hpp
[22.292s] -- Installing: /root/ros2_ws/src/install/unitree_api/include/unitree_api/unitree_api/msg/detail/response__type_support.cpp
[22.292s] -- Installing: /root/ros2_ws/src/install/unitree_api/include/unitree_api/unitree_api/msg/detail/request_policy__type_support.cpp
[22.292s] -- Installing: /root/ros2_ws/src/install/unitree_api/include/unitree_api/unitree_api/msg/detail/response__rosidl_typesupport_introspection_cpp.hpp
[22.292s] -- Installing: /root/ros2_ws/src/install/unitree_api/include/unitree_api/unitree_api/msg/detail/response_header__rosidl_typesupport_introspection_cpp.hpp
[22.292s] -- Installing: /root/ros2_ws/src/install/unitree_api/include/unitree_api/unitree_api/msg/detail/request__rosidl_typesupport_introspection_cpp.hpp
[22.292s] -- Installing: /root/ros2_ws/src/install/unitree_api/include/unitree_api/unitree_api/msg/detail/response_header__type_support.cpp
[22.292s] -- Installing: /root/ros2_ws/src/install/unitree_api/include/unitree_api/unitree_api/msg/detail/request_header__rosidl_typesupport_introspection_cpp.hpp
[22.293s] -- Installing: /root/ros2_ws/src/install/unitree_api/include/unitree_api/unitree_api/msg/detail/response_status__rosidl_typesupport_introspection_cpp.hpp
[22.293s] -- Installing: /root/ros2_ws/src/install/unitree_api/include/unitree_api/unitree_api/msg/detail/request__type_support.cpp
[22.293s] -- Installing: /root/ros2_ws/src/install/unitree_api/include/unitree_api/unitree_api/msg/detail/response_status__type_support.cpp
[22.293s] -- Installing: /root/ros2_ws/src/install/unitree_api/include/unitree_api/unitree_api/msg/detail/request_policy__rosidl_typesupport_introspection_cpp.hpp
[22.293s] -- Installing: /root/ros2_ws/src/install/unitree_api/include/unitree_api/unitree_api/msg/detail/request_lease__type_support.cpp
[22.293s] -- Installing: /root/ros2_ws/src/install/unitree_api/include/unitree_api/unitree_api/msg/detail/request_header__type_support.cpp
[22.294s] -- Installing: /root/ros2_ws/src/install/unitree_api/include/unitree_api/unitree_api/msg/detail/request_identity__type_support.cpp
[22.294s] -- Installing: /root/ros2_ws/src/install/unitree_api/include/unitree_api/unitree_api/msg/detail/request_lease__rosidl_typesupport_introspection_cpp.hpp
[22.294s] -- Installing: /root/ros2_ws/src/install/unitree_api/lib/libunitree_api__rosidl_typesupport_introspection_cpp.so
[22.296s] -- Set runtime path of "/root/ros2_ws/src/install/unitree_api/lib/libunitree_api__rosidl_typesupport_introspection_cpp.so" to ""
[22.296s] -- Installing: /root/ros2_ws/src/install/unitree_api/lib/libunitree_api__rosidl_typesupport_cpp.so
[22.297s] -- Set runtime path of "/root/ros2_ws/src/install/unitree_api/lib/libunitree_api__rosidl_typesupport_cpp.so" to ""
[22.297s] -- Installing: /root/ros2_ws/src/install/unitree_api/share/unitree_api/environment/pythonpath.sh
[22.297s] -- Installing: /root/ros2_ws/src/install/unitree_api/share/unitree_api/environment/pythonpath.dsv
[22.297s] -- Installing: /root/ros2_ws/src/install/unitree_api/local/lib/python3.10/dist-packages/unitree_api-0.0.0-py3.10.egg-info
[22.297s] -- Installing: /root/ros2_ws/src/install/unitree_api/local/lib/python3.10/dist-packages/unitree_api-0.0.0-py3.10.egg-info/PKG-INFO
[22.297s] -- Installing: /root/ros2_ws/src/install/unitree_api/local/lib/python3.10/dist-packages/unitree_api-0.0.0-py3.10.egg-info/dependency_links.txt
[22.297s] -- Installing: /root/ros2_ws/src/install/unitree_api/local/lib/python3.10/dist-packages/unitree_api-0.0.0-py3.10.egg-info/SOURCES.txt
[22.297s] -- Installing: /root/ros2_ws/src/install/unitree_api/local/lib/python3.10/dist-packages/unitree_api-0.0.0-py3.10.egg-info/top_level.txt
[22.297s] -- Installing: /root/ros2_ws/src/install/unitree_api/local/lib/python3.10/dist-packages/unitree_api
[22.298s] -- Installing: /root/ros2_ws/src/install/unitree_api/local/lib/python3.10/dist-packages/unitree_api/_unitree_api_s.ep.rosidl_typesupport_c.c
[22.298s] -- Installing: /root/ros2_ws/src/install/unitree_api/local/lib/python3.10/dist-packages/unitree_api/unitree_api_s__rosidl_typesupport_introspection_c.cpython-310-x86_64-linux-gnu.so
[22.298s] -- Installing: /root/ros2_ws/src/install/unitree_api/local/lib/python3.10/dist-packages/unitree_api/libunitree_api__rosidl_generator_py.so
[22.298s] -- Installing: /root/ros2_ws/src/install/unitree_api/local/lib/python3.10/dist-packages/unitree_api/_unitree_api_s.ep.rosidl_typesupport_fastrtps_c.c
[22.298s] -- Installing: /root/ros2_ws/src/install/unitree_api/local/lib/python3.10/dist-packages/unitree_api/_unitree_api_s.ep.rosidl_typesupport_introspection_c.c
[22.298s] -- Installing: /root/ros2_ws/src/install/unitree_api/local/lib/python3.10/dist-packages/unitree_api/unitree_api_s__rosidl_typesupport_c.cpython-310-x86_64-linux-gnu.so
[22.298s] -- Installing: /root/ros2_ws/src/install/unitree_api/local/lib/python3.10/dist-packages/unitree_api/unitree_api_s__rosidl_typesupport_fastrtps_c.cpython-310-x86_64-linux-gnu.so
[22.298s] -- Installing: /root/ros2_ws/src/install/unitree_api/local/lib/python3.10/dist-packages/unitree_api/__init__.py
[22.298s] -- Installing: /root/ros2_ws/src/install/unitree_api/local/lib/python3.10/dist-packages/unitree_api/msg
[22.298s] -- Installing: /root/ros2_ws/src/install/unitree_api/local/lib/python3.10/dist-packages/unitree_api/msg/_request_policy.py
[22.299s] -- Installing: /root/ros2_ws/src/install/unitree_api/local/lib/python3.10/dist-packages/unitree_api/msg/_request_s.c
[22.299s] -- Installing: /root/ros2_ws/src/install/unitree_api/local/lib/python3.10/dist-packages/unitree_api/msg/_request.py
[22.299s] -- Installing: /root/ros2_ws/src/install/unitree_api/local/lib/python3.10/dist-packages/unitree_api/msg/_response_status_s.c
[22.299s] -- Installing: /root/ros2_ws/src/install/unitree_api/local/lib/python3.10/dist-packages/unitree_api/msg/_response_s.c
[22.299s] -- Installing: /root/ros2_ws/src/install/unitree_api/local/lib/python3.10/dist-packages/unitree_api/msg/_request_header_s.c
[22.305s] -- Installing: /root/ros2_ws/src/install/unitree_api/local/lib/python3.10/dist-packages/unitree_api/msg/_response.py
[22.305s] -- Installing: /root/ros2_ws/src/install/unitree_api/local/lib/python3.10/dist-packages/unitree_api/msg/_request_policy_s.c
[22.306s] -- Installing: /root/ros2_ws/src/install/unitree_api/local/lib/python3.10/dist-packages/unitree_api/msg/_response_header.py
[22.306s] -- Installing: /root/ros2_ws/src/install/unitree_api/local/lib/python3.10/dist-packages/unitree_api/msg/_response_status.py
[22.306s] -- Installing: /root/ros2_ws/src/install/unitree_api/local/lib/python3.10/dist-packages/unitree_api/msg/_request_identity_s.c
[22.306s] -- Installing: /root/ros2_ws/src/install/unitree_api/local/lib/python3.10/dist-packages/unitree_api/msg/__init__.py
[22.306s] -- Installing: /root/ros2_ws/src/install/unitree_api/local/lib/python3.10/dist-packages/unitree_api/msg/_request_identity.py
[22.306s] -- Installing: /root/ros2_ws/src/install/unitree_api/local/lib/python3.10/dist-packages/unitree_api/msg/_request_header.py
[22.306s] -- Installing: /root/ros2_ws/src/install/unitree_api/local/lib/python3.10/dist-packages/unitree_api/msg/_request_lease_s.c
[22.306s] -- Installing: /root/ros2_ws/src/install/unitree_api/local/lib/python3.10/dist-packages/unitree_api/msg/_request_lease.py
[22.306s] -- Installing: /root/ros2_ws/src/install/unitree_api/local/lib/python3.10/dist-packages/unitree_api/msg/_response_header_s.c
[22.367s] Listing '/root/ros2_ws/src/install/unitree_api/local/lib/python3.10/dist-packages/unitree_api'...
[22.367s] Compiling '/root/ros2_ws/src/install/unitree_api/local/lib/python3.10/dist-packages/unitree_api/__init__.py'...
[22.367s] Listing '/root/ros2_ws/src/install/unitree_api/local/lib/python3.10/dist-packages/unitree_api/msg'...
[22.368s] Compiling '/root/ros2_ws/src/install/unitree_api/local/lib/python3.10/dist-packages/unitree_api/msg/__init__.py'...
[22.368s] Compiling '/root/ros2_ws/src/install/unitree_api/local/lib/python3.10/dist-packages/unitree_api/msg/_request.py'...
[22.368s] Compiling '/root/ros2_ws/src/install/unitree_api/local/lib/python3.10/dist-packages/unitree_api/msg/_request_header.py'...
[22.368s] Compiling '/root/ros2_ws/src/install/unitree_api/local/lib/python3.10/dist-packages/unitree_api/msg/_request_identity.py'...
[22.368s] Compiling '/root/ros2_ws/src/install/unitree_api/local/lib/python3.10/dist-packages/unitree_api/msg/_request_lease.py'...
[22.368s] Compiling '/root/ros2_ws/src/install/unitree_api/local/lib/python3.10/dist-packages/unitree_api/msg/_request_policy.py'...
[22.368s] Compiling '/root/ros2_ws/src/install/unitree_api/local/lib/python3.10/dist-packages/unitree_api/msg/_response.py'...
[22.368s] Compiling '/root/ros2_ws/src/install/unitree_api/local/lib/python3.10/dist-packages/unitree_api/msg/_response_header.py'...
[22.369s] Compiling '/root/ros2_ws/src/install/unitree_api/local/lib/python3.10/dist-packages/unitree_api/msg/_response_status.py'...
[22.377s] -- Installing: /root/ros2_ws/src/install/unitree_api/local/lib/python3.10/dist-packages/unitree_api/unitree_api_s__rosidl_typesupport_fastrtps_c.cpython-310-x86_64-linux-gnu.so
[22.378s] -- Set runtime path of "/root/ros2_ws/src/install/unitree_api/local/lib/python3.10/dist-packages/unitree_api/unitree_api_s__rosidl_typesupport_fastrtps_c.cpython-310-x86_64-linux-gnu.so" to ""
[22.378s] -- Installing: /root/ros2_ws/src/install/unitree_api/local/lib/python3.10/dist-packages/unitree_api/unitree_api_s__rosidl_typesupport_introspection_c.cpython-310-x86_64-linux-gnu.so
[22.379s] -- Set runtime path of "/root/ros2_ws/src/install/unitree_api/local/lib/python3.10/dist-packages/unitree_api/unitree_api_s__rosidl_typesupport_introspection_c.cpython-310-x86_64-linux-gnu.so" to ""
[22.380s] -- Installing: /root/ros2_ws/src/install/unitree_api/local/lib/python3.10/dist-packages/unitree_api/unitree_api_s__rosidl_typesupport_c.cpython-310-x86_64-linux-gnu.so
[22.380s] -- Set runtime path of "/root/ros2_ws/src/install/unitree_api/local/lib/python3.10/dist-packages/unitree_api/unitree_api_s__rosidl_typesupport_c.cpython-310-x86_64-linux-gnu.so" to ""
[22.381s] -- Installing: /root/ros2_ws/src/install/unitree_api/lib/libunitree_api__rosidl_generator_py.so
[22.381s] -- Set runtime path of "/root/ros2_ws/src/install/unitree_api/lib/libunitree_api__rosidl_generator_py.so" to ""
[22.382s] -- Installing: /root/ros2_ws/src/install/unitree_api/share/unitree_api/msg/Request.idl
[22.382s] -- Installing: /root/ros2_ws/src/install/unitree_api/share/unitree_api/msg/RequestHeader.idl
[22.382s] -- Installing: /root/ros2_ws/src/install/unitree_api/share/unitree_api/msg/RequestIdentity.idl
[22.382s] -- Installing: /root/ros2_ws/src/install/unitree_api/share/unitree_api/msg/RequestLease.idl
[22.384s] -- Installing: /root/ros2_ws/src/install/unitree_api/share/unitree_api/msg/RequestPolicy.idl
[22.385s] -- Installing: /root/ros2_ws/src/install/unitree_api/share/unitree_api/msg/Response.idl
[22.385s] -- Installing: /root/ros2_ws/src/install/unitree_api/share/unitree_api/msg/ResponseHeader.idl
[22.385s] -- Installing: /root/ros2_ws/src/install/unitree_api/share/unitree_api/msg/ResponseStatus.idl
[22.385s] -- Installing: /root/ros2_ws/src/install/unitree_api/share/unitree_api/msg/Request.msg
[22.385s] -- Installing: /root/ros2_ws/src/install/unitree_api/share/unitree_api/msg/RequestHeader.msg
[22.385s] -- Installing: /root/ros2_ws/src/install/unitree_api/share/unitree_api/msg/RequestIdentity.msg
[22.385s] -- Installing: /root/ros2_ws/src/install/unitree_api/share/unitree_api/msg/RequestLease.msg
[22.386s] -- Installing: /root/ros2_ws/src/install/unitree_api/share/unitree_api/msg/RequestPolicy.msg
[22.386s] -- Installing: /root/ros2_ws/src/install/unitree_api/share/unitree_api/msg/Response.msg
[22.386s] -- Installing: /root/ros2_ws/src/install/unitree_api/share/unitree_api/msg/ResponseHeader.msg
[22.386s] -- Installing: /root/ros2_ws/src/install/unitree_api/share/unitree_api/msg/ResponseStatus.msg
[22.386s] -- Installing: /root/ros2_ws/src/install/unitree_api/share/unitree_api/msg/dds_connext
[22.386s] -- Installing: /root/ros2_ws/src/install/unitree_api/share/unitree_api/msg/dds_connext/RequestPolicy_.idl
[22.388s] -- Installing: /root/ros2_ws/src/install/unitree_api/share/unitree_api/msg/dds_connext/RequestLease_.idl
[22.388s] -- Installing: /root/ros2_ws/src/install/unitree_api/share/unitree_api/msg/dds_connext/ResponseHeader_.idl
[22.388s] -- Installing: /root/ros2_ws/src/install/unitree_api/share/unitree_api/msg/dds_connext/Response_.idl
[22.389s] -- Installing: /root/ros2_ws/src/install/unitree_api/share/unitree_api/msg/dds_connext/RequestIdentity_.idl
[22.389s] -- Installing: /root/ros2_ws/src/install/unitree_api/share/unitree_api/msg/dds_connext/ResponseStatus_.idl
[22.389s] -- Installing: /root/ros2_ws/src/install/unitree_api/share/unitree_api/msg/dds_connext/RequestHeader_.idl
[22.389s] -- Installing: /root/ros2_ws/src/install/unitree_api/share/unitree_api/msg/dds_connext/Request_.idl
[22.389s] -- Installing: /root/ros2_ws/src/install/unitree_api/share/ament_index/resource_index/package_run_dependencies/unitree_api
[22.390s] -- Installing: /root/ros2_ws/src/install/unitree_api/share/ament_index/resource_index/parent_prefix_path/unitree_api
[22.390s] -- Installing: /root/ros2_ws/src/install/unitree_api/share/unitree_api/environment/ament_prefix_path.sh
[22.390s] -- Installing: /root/ros2_ws/src/install/unitree_api/share/unitree_api/environment/ament_prefix_path.dsv
[22.390s] -- Installing: /root/ros2_ws/src/install/unitree_api/share/unitree_api/environment/path.sh
[22.391s] -- Installing: /root/ros2_ws/src/install/unitree_api/share/unitree_api/environment/path.dsv
[22.392s] -- Installing: /root/ros2_ws/src/install/unitree_api/share/unitree_api/local_setup.bash
[22.393s] -- Installing: /root/ros2_ws/src/install/unitree_api/share/unitree_api/local_setup.sh
[22.393s] -- Installing: /root/ros2_ws/src/install/unitree_api/share/unitree_api/local_setup.zsh
[22.393s] -- Installing: /root/ros2_ws/src/install/unitree_api/share/unitree_api/local_setup.dsv
[22.393s] -- Installing: /root/ros2_ws/src/install/unitree_api/share/unitree_api/package.dsv
[22.394s] -- Installing: /root/ros2_ws/src/install/unitree_api/share/ament_index/resource_index/packages/unitree_api
[22.394s] -- Installing: /root/ros2_ws/src/install/unitree_api/share/unitree_api/cmake/export_unitree_api__rosidl_generator_cExport.cmake
[22.394s] -- Installing: /root/ros2_ws/src/install/unitree_api/share/unitree_api/cmake/export_unitree_api__rosidl_generator_cExport-noconfig.cmake
[22.394s] -- Installing: /root/ros2_ws/src/install/unitree_api/share/unitree_api/cmake/export_unitree_api__rosidl_typesupport_fastrtps_cExport.cmake
[22.395s] -- Installing: /root/ros2_ws/src/install/unitree_api/share/unitree_api/cmake/export_unitree_api__rosidl_typesupport_fastrtps_cExport-noconfig.cmake
[22.395s] -- Installing: /root/ros2_ws/src/install/unitree_api/share/unitree_api/cmake/export_unitree_api__rosidl_generator_cppExport.cmake
[22.395s] -- Installing: /root/ros2_ws/src/install/unitree_api/share/unitree_api/cmake/export_unitree_api__rosidl_typesupport_fastrtps_cppExport.cmake
[22.396s] -- Installing: /root/ros2_ws/src/install/unitree_api/share/unitree_api/cmake/export_unitree_api__rosidl_typesupport_fastrtps_cppExport-noconfig.cmake
[22.396s] -- Installing: /root/ros2_ws/src/install/unitree_api/share/unitree_api/cmake/unitree_api__rosidl_typesupport_introspection_cExport.cmake
[22.396s] -- Installing: /root/ros2_ws/src/install/unitree_api/share/unitree_api/cmake/unitree_api__rosidl_typesupport_introspection_cExport-noconfig.cmake
[22.396s] -- Installing: /root/ros2_ws/src/install/unitree_api/share/unitree_api/cmake/unitree_api__rosidl_typesupport_cExport.cmake
[22.397s] -- Installing: /root/ros2_ws/src/install/unitree_api/share/unitree_api/cmake/unitree_api__rosidl_typesupport_cExport-noconfig.cmake
[22.397s] -- Installing: /root/ros2_ws/src/install/unitree_api/share/unitree_api/cmake/unitree_api__rosidl_typesupport_introspection_cppExport.cmake
[22.399s] -- Installing: /root/ros2_ws/src/install/unitree_api/share/unitree_api/cmake/unitree_api__rosidl_typesupport_introspection_cppExport-noconfig.cmake
[22.399s] -- Installing: /root/ros2_ws/src/install/unitree_api/share/unitree_api/cmake/unitree_api__rosidl_typesupport_cppExport.cmake
[22.400s] -- Installing: /root/ros2_ws/src/install/unitree_api/share/unitree_api/cmake/unitree_api__rosidl_typesupport_cppExport-noconfig.cmake
[22.400s] -- Installing: /root/ros2_ws/src/install/unitree_api/share/unitree_api/cmake/export_unitree_api__rosidl_generator_pyExport.cmake
[22.400s] -- Installing: /root/ros2_ws/src/install/unitree_api/share/unitree_api/cmake/export_unitree_api__rosidl_generator_pyExport-noconfig.cmake
[22.400s] -- Installing: /root/ros2_ws/src/install/unitree_api/share/unitree_api/cmake/rosidl_cmake-extras.cmake
[22.400s] -- Installing: /root/ros2_ws/src/install/unitree_api/share/unitree_api/cmake/ament_cmake_export_dependencies-extras.cmake
[22.400s] -- Installing: /root/ros2_ws/src/install/unitree_api/share/unitree_api/cmake/ament_cmake_export_include_directories-extras.cmake
[22.400s] -- Installing: /root/ros2_ws/src/install/unitree_api/share/unitree_api/cmake/ament_cmake_export_libraries-extras.cmake
[22.401s] -- Installing: /root/ros2_ws/src/install/unitree_api/share/unitree_api/cmake/ament_cmake_export_targets-extras.cmake
[22.401s] -- Installing: /root/ros2_ws/src/install/unitree_api/share/unitree_api/cmake/rosidl_cmake_export_typesupport_targets-extras.cmake
[22.401s] -- Installing: /root/ros2_ws/src/install/unitree_api/share/unitree_api/cmake/rosidl_cmake_export_typesupport_libraries-extras.cmake
[22.401s] -- Installing: /root/ros2_ws/src/install/unitree_api/share/unitree_api/cmake/unitree_apiConfig.cmake
[22.402s] -- Installing: /root/ros2_ws/src/install/unitree_api/share/unitree_api/cmake/unitree_apiConfig-version.cmake
[22.402s] -- Installing: /root/ros2_ws/src/install/unitree_api/share/unitree_api/package.xml
[22.420s] Invoked command in '/root/ros2_ws/src/build/unitree_api' returned '0': CMAKE_PREFIX_PATH=/opt/ros/humble /usr/bin/cmake --install /root/ros2_ws/src/build/unitree_api
