[0.051s] Invoking command in '/root/ros2_ws/src/build/rviz_2d_overlay_plugins': AMENT_PREFIX_PATH=/root/ros2_ws/src/install/rviz_2d_overlay_msgs:${AMENT_PREFIX_PATH} CMAKE_PREFIX_PATH=/root/ros2_ws/src/install/rviz_2d_overlay_msgs:/opt/ros/humble LD_LIBRARY_PATH=/root/ros2_ws/src/install/rviz_2d_overlay_msgs/lib:${LD_LIBRARY_PATH} PYTHONPATH=/root/ros2_ws/src/install/rviz_2d_overlay_msgs/local/lib/python3.10/dist-packages:${PYTHONPATH} /usr/bin/cmake /root/ros2_ws/src/slam/rviz_2d_overlay_plugins/rviz_2d_overlay_plugins -DCMAKE_BUILD_TYPE=Release -DAMENT_CMAKE_SYMLINK_INSTALL=1 -DCMAKE_INSTALL_PREFIX=/root/ros2_ws/src/install/rviz_2d_overlay_plugins
[1.522s] -- The C compiler identification is GNU 11.4.0
[1.523s] -- The CXX compiler identification is GNU 11.4.0
[1.523s] -- Detecting C compiler ABI info
[1.523s] -- Detecting C compiler ABI info - done
[1.523s] -- Check for working C compiler: /usr/bin/cc - skipped
[1.523s] -- Detecting C compile features
[1.523s] -- Detecting C compile features - done
[1.523s] -- Detecting CXX compiler ABI info
[1.523s] -- Detecting CXX compiler ABI info - done
[1.524s] -- Check for working CXX compiler: /usr/bin/c++ - skipped
[1.524s] -- Detecting CXX compile features
[1.524s] -- Detecting CXX compile features - done
[1.524s] -- Found ament_cmake: 1.3.12 (/opt/ros/humble/share/ament_cmake/cmake)
[2.036s] -- Found Python3: /usr/bin/python3 (found version "3.10.12") found components: Interpreter 
[2.356s] -- Override CMake install command with custom implementation using symlinks instead of copying resources
[2.515s] -- Found rviz_2d_overlay_msgs: 1.4.0 (/root/ros2_ws/src/install/rviz_2d_overlay_msgs/share/rviz_2d_overlay_msgs/cmake)
[2.726s] -- Found rosidl_generator_c: 3.1.8 (/opt/ros/humble/share/rosidl_generator_c/cmake)
[2.760s] -- Found rosidl_adapter: 3.1.8 (/opt/ros/humble/share/rosidl_adapter/cmake)
[2.804s] -- Found rosidl_generator_cpp: 3.1.8 (/opt/ros/humble/share/rosidl_generator_cpp/cmake)
[2.860s] -- Using all available rosidl_typesupport_c: rosidl_typesupport_fastrtps_c;rosidl_typesupport_introspection_c
[2.947s] -- Using all available rosidl_typesupport_cpp: rosidl_typesupport_fastrtps_cpp;rosidl_typesupport_introspection_cpp
[3.053s] -- Found rviz_common: 11.2.25 (/opt/ros/humble/share/rviz_common/cmake)
[3.083s] -- Setting assimp_DIR to: '/opt/ros/humble/share/rviz_assimp_vendor/cmake/../../../opt/rviz_assimp_vendor/lib/cmake/assimp-4.1'
[3.122s] -- Setting OGRE_DIR to: '/opt/ros/humble/share/rviz_ogre_vendor/cmake/../../../opt/rviz_ogre_vendor/lib/OGRE/cmake'
[3.129s] -- Found OGRE
[3.129s] --   static     : OFF
[3.129s] --   components : HLMS;MeshLodGenerator;Overlay;Paging;Property;RTShaderSystem;Terrain;Volume
[3.129s] --   plugins    : Plugin_BSPSceneManager;Plugin_OctreeSceneManager;Plugin_PCZSceneManager;Plugin_ParticleFX;RenderSystem_GL;RenderSystem_GL3Plus;Codec_STBI
[3.129s] --   media      : /opt/ros/humble/opt/rviz_ogre_vendor/share/OGRE/Media
[3.131s] -- OGRE_LIBRARIES: OgreHLMS;OgreMeshLodGenerator;OgreOverlay;OgrePaging;OgreProperty;OgreRTShaderSystem;OgreTerrain;OgreVolume;OgreMain
[3.131s] -- OGRE_LIBRARY_DIRS: /opt/ros/humble/opt/rviz_ogre_vendor/lib
[3.131s] -- OGRE_PLUGINS: Plugin_BSPSceneManager;Plugin_OctreeSceneManager;Plugin_PCZSceneManager;Plugin_ParticleFX;RenderSystem_GL;RenderSystem_GL3Plus;Codec_STBI
[3.131s] -- OGRE_PLUGIN_DIR: /opt/ros/humble/opt/rviz_ogre_vendor/lib/OGRE
[3.131s] -- rviz_ogre_vendor::OgreOverlay for IMPORTED_LOCATION_RELEASE: /opt/ros/humble/opt/rviz_ogre_vendor/lib/libOgreOverlay.so
[3.131s] -- rviz_ogre_vendor::OgreOverlay for IMPORTED_LOCATION_DEBUG: /opt/ros/humble/opt/rviz_ogre_vendor/lib/libOgreOverlay.so
[3.138s] -- rviz_ogre_vendor::OgreMain for IMPORTED_LOCATION_RELEASE: /opt/ros/humble/opt/rviz_ogre_vendor/lib/libOgreMain.so
[3.139s] -- rviz_ogre_vendor::OgreMain for IMPORTED_LOCATION_DEBUG: /opt/ros/humble/opt/rviz_ogre_vendor/lib/libOgreMain.so
[3.164s] -- Could not find freeimage library
[3.203s] -- Found ZLIB: /usr/lib/x86_64-linux-gnu/libz.so (found version "1.2.11") 
[3.211s] -- Found OpenGL: /usr/lib/x86_64-linux-gnu/libOpenGL.so   
[3.348s] -- Found X11: /usr/include   
[3.351s] -- Looking for XOpenDisplay in /usr/lib/x86_64-linux-gnu/libX11.so;/usr/lib/x86_64-linux-gnu/libXext.so
[3.482s] -- Looking for XOpenDisplay in /usr/lib/x86_64-linux-gnu/libX11.so;/usr/lib/x86_64-linux-gnu/libXext.so - found
[3.482s] -- Looking for gethostbyname
[3.585s] -- Looking for gethostbyname - found
[3.585s] -- Looking for connect
[3.684s] -- Looking for connect - found
[3.684s] -- Looking for remove
[3.784s] -- Looking for remove - found
[3.785s] -- Looking for shmat
[3.887s] -- Looking for shmat - found
[3.887s] -- Looking for IceConnectionNumber in ICE
[3.992s] -- Looking for IceConnectionNumber in ICE - found
[4.137s] -- library: /usr/lib/x86_64-linux-gnu/libcurl.so
[4.269s] -- Found rmw_implementation_cmake: 6.1.2 (/opt/ros/humble/share/rmw_implementation_cmake/cmake)
[4.274s] -- Found rmw_fastrtps_cpp: 6.2.9 (/opt/ros/humble/share/rmw_fastrtps_cpp/cmake)
[4.311s] -- Found TinyXML2 via Config file: TinyXML2_DIR-NOTFOUND
[4.382s] -- Found OpenSSL: /usr/lib/x86_64-linux-gnu/libcrypto.so (found version "3.0.2")  
[4.386s] -- Found TinyXML2 via Config file: TinyXML2_DIR-NOTFOUND
[4.400s] -- Found FastRTPS: /opt/ros/humble/include  
[4.405s] -- Found TinyXML2 via Config file: TinyXML2_DIR-NOTFOUND
[4.416s] -- Found TinyXML2 via Config file: TinyXML2_DIR-NOTFOUND
[4.429s] -- Using RMW implementation 'rmw_fastrtps_cpp' as default
[4.443s] -- Looking for pthread.h
[4.551s] -- Looking for pthread.h - found
[4.552s] -- Performing Test CMAKE_HAVE_LIBC_PTHREAD
[4.646s] -- Performing Test CMAKE_HAVE_LIBC_PTHREAD - Success
[4.647s] -- Found Threads: TRUE  
[4.748s] -- Found Eigen3: TRUE (found version "3.4.0") 
[4.748s] -- Ensuring Eigen3 include directory is part of orocos-kdl CMake target
[4.981s] -- Configuring done
[5.008s] -- Generating done
[5.016s] -- Build files have been written to: /root/ros2_ws/src/build/rviz_2d_overlay_plugins
