[0.463s] Invoking command in '/root/ros2_ws/src/build/terrain_analysis': CMAKE_PREFIX_PATH=${CMAKE_PREFIX_PATH}:/root/ros2_ws/src/install/transform_sensors:/root/ros2_ws/src/install/ros_tcp_endpoint:/opt/ros/humble /usr/bin/cmake /root/ros2_ws/src/base_autonomy/terrain_analysis -DCMAKE_INSTALL_PREFIX=/root/ros2_ws/src/install/terrain_analysis
[0.496s] -- Found ament_cmake: 1.3.12 (/opt/ros/humble/share/ament_cmake/cmake)
[0.673s] -- Found rclcpp: 16.0.17 (/opt/ros/humble/share/rclcpp/cmake)
[0.728s] -- Found rosidl_generator_c: 3.1.8 (/opt/ros/humble/share/rosidl_generator_c/cmake)
[0.728s] -- Found rosidl_adapter: 3.1.8 (/opt/ros/humble/share/rosidl_adapter/cmake)
[0.737s] -- Found rosidl_generator_cpp: 3.1.8 (/opt/ros/humble/share/rosidl_generator_cpp/cmake)
[0.754s] -- Using all available rosidl_typesupport_c: rosidl_typesupport_fastrtps_c;rosidl_typesupport_introspection_c
[0.776s] -- Using all available rosidl_typesupport_cpp: rosidl_typesupport_fastrtps_cpp;rosidl_typesupport_introspection_cpp
[0.829s] -- Found rmw_implementation_cmake: 6.1.2 (/opt/ros/humble/share/rmw_implementation_cmake/cmake)
[0.832s] -- Found rmw_fastrtps_cpp: 6.2.9 (/opt/ros/humble/share/rmw_fastrtps_cpp/cmake)
[1.024s] -- Using RMW implementation 'rmw_fastrtps_cpp' as default
[1.106s] -- Found nav_msgs: 4.9.0 (/opt/ros/humble/share/nav_msgs/cmake)
[1.154s] -- Found sensor_msgs: 4.9.0 (/opt/ros/humble/share/sensor_msgs/cmake)
[1.185s] -- Found tf2_ros: 0.25.18 (/opt/ros/humble/share/tf2_ros/cmake)
[1.320s] -- Found tf2_geometry_msgs: 0.25.18 (/opt/ros/humble/share/tf2_geometry_msgs/cmake)
[1.325s] -- Found eigen3_cmake_module: 0.1.1 (/opt/ros/humble/share/eigen3_cmake_module/cmake)
[1.326s] -- Ensuring Eigen3 include directory is part of orocos-kdl CMake target
[1.334s] -- Found pcl_conversions: 2.4.5 (/opt/ros/humble/share/pcl_conversions/cmake)
[1.392s] -- Eigen found (include: /usr/include/eigen3, version: 3.4.0)
[1.454s] -- FLANN found (include: /usr/include, lib: /usr/lib/x86_64-linux-gnu/libflann_cpp.so)
[2.076s] -- OpenNI found (version: 1.5.4.0, include: /usr/include/ni, lib: /usr/lib/libOpenNI.so;libusb::libusb)
[2.086s] -- OpenNI2 found (version: 2.2.0.33, include: /usr/include/openni2, lib: /usr/lib/x86_64-linux-gnu/libOpenNI2.so;libusb::libusb)
[2.324s] -- Eigen found (include: /usr/include/eigen3, version: 3.4.0)
[2.330s] -- OpenNI found (version: 1.5.4.0, include: /usr/include/ni, lib: /usr/lib/libOpenNI.so;libusb::libusb)
[2.337s] -- OpenNI2 found (version: 2.2.0.33, include: /usr/include/openni2, lib: /usr/lib/x86_64-linux-gnu/libOpenNI2.so;libusb::libusb)
[2.581s] -- Found Qhull version 8.0.2
[2.768s] -- OpenNI found (version: 1.5.4.0, include: /usr/include/ni, lib: /usr/lib/libOpenNI.so;libusb::libusb)
[2.963s] -- Found pcl_ros: 2.4.5 (/opt/ros/humble/share/pcl_ros/cmake)
[3.002s] -- Found ament_lint_auto: 0.12.14 (/opt/ros/humble/share/ament_lint_auto/cmake)
[3.093s] -- Added test 'copyright' to check source files copyright and LICENSE
[3.093s] -- Added test 'cppcheck' to perform static code analysis on C / C++ code
[3.093s] -- Configured cppcheck include dirs: 
[3.093s] -- Configured cppcheck exclude dirs and/or files: 
[3.095s] -- Added test 'cpplint' to check C / C++ code against the Google style
[3.095s] -- Configured cpplint exclude dirs and/or files: 
[3.095s] -- Added test 'lint_cmake' to check CMake code style
[3.095s] -- Added test 'uncrustify' to check C / C++ code style
[3.096s] -- Configured uncrustify additional arguments: 
[3.096s] -- Added test 'xmllint' to check XML markup files
[3.096s] -- Configuring done
[3.154s] -- Generating done
[3.168s] -- Build files have been written to: /root/ros2_ws/src/build/terrain_analysis
[3.195s] Invoked command in '/root/ros2_ws/src/build/terrain_analysis' returned '0': CMAKE_PREFIX_PATH=${CMAKE_PREFIX_PATH}:/root/ros2_ws/src/install/transform_sensors:/root/ros2_ws/src/install/ros_tcp_endpoint:/opt/ros/humble /usr/bin/cmake /root/ros2_ws/src/base_autonomy/terrain_analysis -DCMAKE_INSTALL_PREFIX=/root/ros2_ws/src/install/terrain_analysis
[3.195s] Invoking command in '/root/ros2_ws/src/build/terrain_analysis': CMAKE_PREFIX_PATH=${CMAKE_PREFIX_PATH}:/root/ros2_ws/src/install/transform_sensors:/root/ros2_ws/src/install/ros_tcp_endpoint:/opt/ros/humble /usr/bin/cmake --build /root/ros2_ws/src/build/terrain_analysis -- -j24 -l24
[3.250s] [35m[1mConsolidate compiler generated dependencies of target terrainAnalysis[0m
[3.283s] [100%] Built target terrainAnalysis
[3.295s] Invoked command in '/root/ros2_ws/src/build/terrain_analysis' returned '0': CMAKE_PREFIX_PATH=${CMAKE_PREFIX_PATH}:/root/ros2_ws/src/install/transform_sensors:/root/ros2_ws/src/install/ros_tcp_endpoint:/opt/ros/humble /usr/bin/cmake --build /root/ros2_ws/src/build/terrain_analysis -- -j24 -l24
[3.296s] Invoking command in '/root/ros2_ws/src/build/terrain_analysis': CMAKE_PREFIX_PATH=${CMAKE_PREFIX_PATH}:/root/ros2_ws/src/install/transform_sensors:/root/ros2_ws/src/install/ros_tcp_endpoint:/opt/ros/humble /usr/bin/cmake --install /root/ros2_ws/src/build/terrain_analysis
[3.305s] -- Install configuration: ""
[3.306s] -- Up-to-date: /root/ros2_ws/src/install/terrain_analysis/lib/terrain_analysis/terrainAnalysis
[3.306s] -- Up-to-date: /root/ros2_ws/src/install/terrain_analysis/share/terrain_analysis/launch
[3.306s] -- Up-to-date: /root/ros2_ws/src/install/terrain_analysis/share/terrain_analysis/launch/terrain_analysis.launch
[3.306s] -- Up-to-date: /root/ros2_ws/src/install/terrain_analysis/share/ament_index/resource_index/package_run_dependencies/terrain_analysis
[3.306s] -- Installing: /root/ros2_ws/src/install/terrain_analysis/share/ament_index/resource_index/parent_prefix_path/terrain_analysis
[3.306s] -- Up-to-date: /root/ros2_ws/src/install/terrain_analysis/share/terrain_analysis/environment/ament_prefix_path.sh
[3.306s] -- Installing: /root/ros2_ws/src/install/terrain_analysis/share/terrain_analysis/environment/ament_prefix_path.dsv
[3.306s] -- Up-to-date: /root/ros2_ws/src/install/terrain_analysis/share/terrain_analysis/environment/path.sh
[3.307s] -- Installing: /root/ros2_ws/src/install/terrain_analysis/share/terrain_analysis/environment/path.dsv
[3.307s] -- Up-to-date: /root/ros2_ws/src/install/terrain_analysis/share/terrain_analysis/local_setup.bash
[3.307s] -- Up-to-date: /root/ros2_ws/src/install/terrain_analysis/share/terrain_analysis/local_setup.sh
[3.307s] -- Up-to-date: /root/ros2_ws/src/install/terrain_analysis/share/terrain_analysis/local_setup.zsh
[3.307s] -- Installing: /root/ros2_ws/src/install/terrain_analysis/share/terrain_analysis/local_setup.dsv
[3.307s] -- Installing: /root/ros2_ws/src/install/terrain_analysis/share/terrain_analysis/package.dsv
[3.307s] -- Up-to-date: /root/ros2_ws/src/install/terrain_analysis/share/ament_index/resource_index/packages/terrain_analysis
[3.307s] -- Up-to-date: /root/ros2_ws/src/install/terrain_analysis/share/terrain_analysis/cmake/terrain_analysisConfig.cmake
[3.307s] -- Up-to-date: /root/ros2_ws/src/install/terrain_analysis/share/terrain_analysis/cmake/terrain_analysisConfig-version.cmake
[3.307s] -- Up-to-date: /root/ros2_ws/src/install/terrain_analysis/share/terrain_analysis/package.xml
[3.333s] Invoked command in '/root/ros2_ws/src/build/terrain_analysis' returned '0': CMAKE_PREFIX_PATH=${CMAKE_PREFIX_PATH}:/root/ros2_ws/src/install/transform_sensors:/root/ros2_ws/src/install/ros_tcp_endpoint:/opt/ros/humble /usr/bin/cmake --install /root/ros2_ws/src/build/terrain_analysis
