[0.349s] Invoking command in '/root/ros2_ws/src/build/rviz_2d_overlay_msgs': CMAKE_PREFIX_PATH=/opt/ros/humble /usr/bin/cmake --build /root/ros2_ws/src/build/rviz_2d_overlay_msgs -- -j24 -l24
[0.692s] [35m[1mConsolidate compiler generated dependencies of target rviz_2d_overlay_msgs__rosidl_generator_c[0m
[0.692s] [  3%] Built target rviz_2d_overlay_msgs__cpp
[0.692s] [ 12%] Built target rviz_2d_overlay_msgs__rosidl_generator_c
[0.692s] [35m[1mConsolidate compiler generated dependencies of target rviz_2d_overlay_msgs__rosidl_typesupport_fastrtps_cpp[0m
[0.692s] [ 12%] Built target ament_cmake_python_copy_rviz_2d_overlay_msgs
[0.692s] [35m[1mConsolidate compiler generated dependencies of target rviz_2d_overlay_msgs__rosidl_typesupport_introspection_cpp[0m
[0.692s] [35m[1mConsolidate compiler generated dependencies of target rviz_2d_overlay_msgs__rosidl_typesupport_cpp[0m
[0.692s] [35m[1mConsolidate compiler generated dependencies of target rviz_2d_overlay_msgs__rosidl_typesupport_c[0m
[0.692s] [35m[1mConsolidate compiler generated dependencies of target rviz_2d_overlay_msgs__rosidl_typesupport_fastrtps_c[0m
[0.692s] [35m[1mConsolidate compiler generated dependencies of target rviz_2d_overlay_msgs__rosidl_typesupport_introspection_c[0m
[0.693s] [ 22%] Built target rviz_2d_overlay_msgs__rosidl_typesupport_cpp
[0.693s] [ 32%] Built target rviz_2d_overlay_msgs__rosidl_typesupport_fastrtps_cpp
[0.693s] [ 41%] Built target rviz_2d_overlay_msgs__rosidl_typesupport_c
[0.693s] [ 51%] Built target rviz_2d_overlay_msgs__rosidl_typesupport_fastrtps_c
[0.693s] [ 61%] Built target rviz_2d_overlay_msgs__rosidl_typesupport_introspection_cpp
[0.693s] [ 70%] Built target rviz_2d_overlay_msgs__rosidl_typesupport_introspection_c
[0.693s] [ 70%] Built target rviz_2d_overlay_msgs
[0.693s] [ 74%] Built target rviz_2d_overlay_msgs__py
[0.693s] [35m[1mConsolidate compiler generated dependencies of target rviz_2d_overlay_msgs__rosidl_generator_py[0m
[0.693s] [ 80%] Built target rviz_2d_overlay_msgs__rosidl_generator_py
[0.693s] [35m[1mConsolidate compiler generated dependencies of target rviz_2d_overlay_msgs__rosidl_typesupport_fastrtps_c__pyext[0m
[0.693s] [35m[1mConsolidate compiler generated dependencies of target rviz_2d_overlay_msgs__rosidl_typesupport_c__pyext[0m
[0.693s] [35m[1mConsolidate compiler generated dependencies of target rviz_2d_overlay_msgs__rosidl_typesupport_introspection_c__pyext[0m
[0.693s] [ 87%] Built target rviz_2d_overlay_msgs__rosidl_typesupport_fastrtps_c__pyext
[0.693s] [ 93%] Built target rviz_2d_overlay_msgs__rosidl_typesupport_c__pyext
[0.693s] [100%] Built target rviz_2d_overlay_msgs__rosidl_typesupport_introspection_c__pyext
[0.693s] running egg_info
[0.693s] writing rviz_2d_overlay_msgs.egg-info/PKG-INFO
[0.693s] writing dependency_links to rviz_2d_overlay_msgs.egg-info/dependency_links.txt
[0.693s] writing top-level names to rviz_2d_overlay_msgs.egg-info/top_level.txt
[0.694s] /usr/local/lib/python3.10/dist-packages/setuptools_scm/_integration/setuptools.py:24: RuntimeWarning: 
[0.694s] ERROR: setuptools==59.6.0 is used in combination with setuptools-scm>=8.x
[0.694s] 
[0.694s] Your build configuration is incomplete and previously worked by accident!
[0.694s] setuptools-scm requires setuptools>=61 (recommended: >=80)
[0.694s] 
[0.694s] Suggested workaround if applicable:
[0.694s]  - migrating from the deprecated setup_requires mechanism to pep517/518
[0.694s]    and using a pyproject.toml to declare build dependencies
[0.694s]    which are reliably pre-installed before running the build tools
[0.694s] 
[0.694s]   warnings.warn(
[0.708s] listing git files failed - pretending there aren't any
[0.838s] reading manifest file 'rviz_2d_overlay_msgs.egg-info/SOURCES.txt'
[0.838s] writing manifest file 'rviz_2d_overlay_msgs.egg-info/SOURCES.txt'
[0.844s] [100%] Built target ament_cmake_python_build_rviz_2d_overlay_msgs_egg
[0.958s] Invoked command in '/root/ros2_ws/src/build/rviz_2d_overlay_msgs' returned '0': CMAKE_PREFIX_PATH=/opt/ros/humble /usr/bin/cmake --build /root/ros2_ws/src/build/rviz_2d_overlay_msgs -- -j24 -l24
[0.960s] Invoking command in '/root/ros2_ws/src/build/rviz_2d_overlay_msgs': CMAKE_PREFIX_PATH=/opt/ros/humble /usr/bin/cmake --install /root/ros2_ws/src/build/rviz_2d_overlay_msgs
[0.997s] -- Install configuration: ""
[0.997s] -- Up-to-date: /root/ros2_ws/src/install/rviz_2d_overlay_msgs/share/ament_index/resource_index/rosidl_interfaces/rviz_2d_overlay_msgs
[0.997s] -- Up-to-date: /root/ros2_ws/src/install/rviz_2d_overlay_msgs/include/rviz_2d_overlay_msgs/rviz_2d_overlay_msgs
[0.998s] -- Up-to-date: /root/ros2_ws/src/install/rviz_2d_overlay_msgs/include/rviz_2d_overlay_msgs/rviz_2d_overlay_msgs/msg
[0.998s] -- Up-to-date: /root/ros2_ws/src/install/rviz_2d_overlay_msgs/include/rviz_2d_overlay_msgs/rviz_2d_overlay_msgs/msg/detail
[0.998s] -- Up-to-date: /root/ros2_ws/src/install/rviz_2d_overlay_msgs/include/rviz_2d_overlay_msgs/rviz_2d_overlay_msgs/msg/detail/overlay_text__struct.h
[0.998s] -- Up-to-date: /root/ros2_ws/src/install/rviz_2d_overlay_msgs/include/rviz_2d_overlay_msgs/rviz_2d_overlay_msgs/msg/detail/overlay_text__type_support.h
[0.998s] -- Up-to-date: /root/ros2_ws/src/install/rviz_2d_overlay_msgs/include/rviz_2d_overlay_msgs/rviz_2d_overlay_msgs/msg/detail/overlay_text__functions.h
[0.998s] -- Up-to-date: /root/ros2_ws/src/install/rviz_2d_overlay_msgs/include/rviz_2d_overlay_msgs/rviz_2d_overlay_msgs/msg/detail/overlay_text__functions.c
[0.998s] -- Up-to-date: /root/ros2_ws/src/install/rviz_2d_overlay_msgs/include/rviz_2d_overlay_msgs/rviz_2d_overlay_msgs/msg/rosidl_generator_c__visibility_control.h
[0.998s] -- Up-to-date: /root/ros2_ws/src/install/rviz_2d_overlay_msgs/include/rviz_2d_overlay_msgs/rviz_2d_overlay_msgs/msg/overlay_text.h
[0.998s] -- Up-to-date: /root/ros2_ws/src/install/rviz_2d_overlay_msgs/share/rviz_2d_overlay_msgs/environment/library_path.sh
[0.998s] -- Up-to-date: /root/ros2_ws/src/install/rviz_2d_overlay_msgs/share/rviz_2d_overlay_msgs/environment/library_path.dsv
[0.998s] -- Up-to-date: /root/ros2_ws/src/install/rviz_2d_overlay_msgs/lib/librviz_2d_overlay_msgs__rosidl_generator_c.so
[0.998s] -- Up-to-date: /root/ros2_ws/src/install/rviz_2d_overlay_msgs/include/rviz_2d_overlay_msgs/rviz_2d_overlay_msgs
[0.999s] -- Up-to-date: /root/ros2_ws/src/install/rviz_2d_overlay_msgs/include/rviz_2d_overlay_msgs/rviz_2d_overlay_msgs/msg
[0.999s] -- Up-to-date: /root/ros2_ws/src/install/rviz_2d_overlay_msgs/include/rviz_2d_overlay_msgs/rviz_2d_overlay_msgs/msg/detail
[0.999s] -- Up-to-date: /root/ros2_ws/src/install/rviz_2d_overlay_msgs/include/rviz_2d_overlay_msgs/rviz_2d_overlay_msgs/msg/detail/overlay_text__rosidl_typesupport_fastrtps_c.h
[0.999s] -- Up-to-date: /root/ros2_ws/src/install/rviz_2d_overlay_msgs/include/rviz_2d_overlay_msgs/rviz_2d_overlay_msgs/msg/rosidl_typesupport_fastrtps_c__visibility_control.h
[0.999s] -- Up-to-date: /root/ros2_ws/src/install/rviz_2d_overlay_msgs/lib/librviz_2d_overlay_msgs__rosidl_typesupport_fastrtps_c.so
[0.999s] -- Up-to-date: /root/ros2_ws/src/install/rviz_2d_overlay_msgs/include/rviz_2d_overlay_msgs/rviz_2d_overlay_msgs
[0.999s] -- Up-to-date: /root/ros2_ws/src/install/rviz_2d_overlay_msgs/include/rviz_2d_overlay_msgs/rviz_2d_overlay_msgs/msg
[0.999s] -- Up-to-date: /root/ros2_ws/src/install/rviz_2d_overlay_msgs/include/rviz_2d_overlay_msgs/rviz_2d_overlay_msgs/msg/rosidl_typesupport_introspection_c__visibility_control.h
[0.999s] -- Up-to-date: /root/ros2_ws/src/install/rviz_2d_overlay_msgs/include/rviz_2d_overlay_msgs/rviz_2d_overlay_msgs/msg/detail
[0.999s] -- Up-to-date: /root/ros2_ws/src/install/rviz_2d_overlay_msgs/include/rviz_2d_overlay_msgs/rviz_2d_overlay_msgs/msg/detail/overlay_text__rosidl_typesupport_introspection_c.h
[0.999s] -- Up-to-date: /root/ros2_ws/src/install/rviz_2d_overlay_msgs/include/rviz_2d_overlay_msgs/rviz_2d_overlay_msgs/msg/detail/overlay_text__type_support.c
[0.999s] -- Up-to-date: /root/ros2_ws/src/install/rviz_2d_overlay_msgs/lib/librviz_2d_overlay_msgs__rosidl_typesupport_introspection_c.so
[0.999s] -- Up-to-date: /root/ros2_ws/src/install/rviz_2d_overlay_msgs/lib/librviz_2d_overlay_msgs__rosidl_typesupport_c.so
[0.999s] -- Up-to-date: /root/ros2_ws/src/install/rviz_2d_overlay_msgs/include/rviz_2d_overlay_msgs/rviz_2d_overlay_msgs
[0.999s] -- Up-to-date: /root/ros2_ws/src/install/rviz_2d_overlay_msgs/include/rviz_2d_overlay_msgs/rviz_2d_overlay_msgs/msg
[0.999s] -- Up-to-date: /root/ros2_ws/src/install/rviz_2d_overlay_msgs/include/rviz_2d_overlay_msgs/rviz_2d_overlay_msgs/msg/overlay_text.hpp
[1.006s] -- Up-to-date: /root/ros2_ws/src/install/rviz_2d_overlay_msgs/include/rviz_2d_overlay_msgs/rviz_2d_overlay_msgs/msg/detail
[1.006s] -- Up-to-date: /root/ros2_ws/src/install/rviz_2d_overlay_msgs/include/rviz_2d_overlay_msgs/rviz_2d_overlay_msgs/msg/detail/overlay_text__builder.hpp
[1.006s] -- Up-to-date: /root/ros2_ws/src/install/rviz_2d_overlay_msgs/include/rviz_2d_overlay_msgs/rviz_2d_overlay_msgs/msg/detail/overlay_text__struct.hpp
[1.006s] -- Up-to-date: /root/ros2_ws/src/install/rviz_2d_overlay_msgs/include/rviz_2d_overlay_msgs/rviz_2d_overlay_msgs/msg/detail/overlay_text__type_support.hpp
[1.006s] -- Up-to-date: /root/ros2_ws/src/install/rviz_2d_overlay_msgs/include/rviz_2d_overlay_msgs/rviz_2d_overlay_msgs/msg/detail/overlay_text__traits.hpp
[1.006s] -- Up-to-date: /root/ros2_ws/src/install/rviz_2d_overlay_msgs/include/rviz_2d_overlay_msgs/rviz_2d_overlay_msgs/msg/rosidl_generator_cpp__visibility_control.hpp
[1.006s] -- Up-to-date: /root/ros2_ws/src/install/rviz_2d_overlay_msgs/include/rviz_2d_overlay_msgs/rviz_2d_overlay_msgs
[1.006s] -- Up-to-date: /root/ros2_ws/src/install/rviz_2d_overlay_msgs/include/rviz_2d_overlay_msgs/rviz_2d_overlay_msgs/msg
[1.006s] -- Up-to-date: /root/ros2_ws/src/install/rviz_2d_overlay_msgs/include/rviz_2d_overlay_msgs/rviz_2d_overlay_msgs/msg/detail
[1.006s] -- Up-to-date: /root/ros2_ws/src/install/rviz_2d_overlay_msgs/include/rviz_2d_overlay_msgs/rviz_2d_overlay_msgs/msg/detail/dds_fastrtps
[1.006s] -- Up-to-date: /root/ros2_ws/src/install/rviz_2d_overlay_msgs/include/rviz_2d_overlay_msgs/rviz_2d_overlay_msgs/msg/detail/overlay_text__rosidl_typesupport_fastrtps_cpp.hpp
[1.006s] -- Up-to-date: /root/ros2_ws/src/install/rviz_2d_overlay_msgs/include/rviz_2d_overlay_msgs/rviz_2d_overlay_msgs/msg/rosidl_typesupport_fastrtps_cpp__visibility_control.h
[1.006s] -- Up-to-date: /root/ros2_ws/src/install/rviz_2d_overlay_msgs/lib/librviz_2d_overlay_msgs__rosidl_typesupport_fastrtps_cpp.so
[1.006s] -- Up-to-date: /root/ros2_ws/src/install/rviz_2d_overlay_msgs/include/rviz_2d_overlay_msgs/rviz_2d_overlay_msgs
[1.006s] -- Up-to-date: /root/ros2_ws/src/install/rviz_2d_overlay_msgs/include/rviz_2d_overlay_msgs/rviz_2d_overlay_msgs/msg
[1.006s] -- Up-to-date: /root/ros2_ws/src/install/rviz_2d_overlay_msgs/include/rviz_2d_overlay_msgs/rviz_2d_overlay_msgs/msg/detail
[1.006s] -- Up-to-date: /root/ros2_ws/src/install/rviz_2d_overlay_msgs/include/rviz_2d_overlay_msgs/rviz_2d_overlay_msgs/msg/detail/overlay_text__rosidl_typesupport_introspection_cpp.hpp
[1.006s] -- Up-to-date: /root/ros2_ws/src/install/rviz_2d_overlay_msgs/include/rviz_2d_overlay_msgs/rviz_2d_overlay_msgs/msg/detail/overlay_text__type_support.cpp
[1.006s] -- Up-to-date: /root/ros2_ws/src/install/rviz_2d_overlay_msgs/lib/librviz_2d_overlay_msgs__rosidl_typesupport_introspection_cpp.so
[1.006s] -- Up-to-date: /root/ros2_ws/src/install/rviz_2d_overlay_msgs/lib/librviz_2d_overlay_msgs__rosidl_typesupport_cpp.so
[1.006s] -- Up-to-date: /root/ros2_ws/src/install/rviz_2d_overlay_msgs/share/rviz_2d_overlay_msgs/environment/pythonpath.sh
[1.006s] -- Up-to-date: /root/ros2_ws/src/install/rviz_2d_overlay_msgs/share/rviz_2d_overlay_msgs/environment/pythonpath.dsv
[1.006s] -- Up-to-date: /root/ros2_ws/src/install/rviz_2d_overlay_msgs/local/lib/python3.10/dist-packages/rviz_2d_overlay_msgs-1.4.0-py3.10.egg-info
[1.006s] -- Installing: /root/ros2_ws/src/install/rviz_2d_overlay_msgs/local/lib/python3.10/dist-packages/rviz_2d_overlay_msgs-1.4.0-py3.10.egg-info/PKG-INFO
[1.006s] -- Installing: /root/ros2_ws/src/install/rviz_2d_overlay_msgs/local/lib/python3.10/dist-packages/rviz_2d_overlay_msgs-1.4.0-py3.10.egg-info/dependency_links.txt
[1.006s] -- Installing: /root/ros2_ws/src/install/rviz_2d_overlay_msgs/local/lib/python3.10/dist-packages/rviz_2d_overlay_msgs-1.4.0-py3.10.egg-info/SOURCES.txt
[1.006s] -- Installing: /root/ros2_ws/src/install/rviz_2d_overlay_msgs/local/lib/python3.10/dist-packages/rviz_2d_overlay_msgs-1.4.0-py3.10.egg-info/top_level.txt
[1.006s] -- Up-to-date: /root/ros2_ws/src/install/rviz_2d_overlay_msgs/local/lib/python3.10/dist-packages/rviz_2d_overlay_msgs
[1.006s] -- Up-to-date: /root/ros2_ws/src/install/rviz_2d_overlay_msgs/local/lib/python3.10/dist-packages/rviz_2d_overlay_msgs/rviz_2d_overlay_msgs_s__rosidl_typesupport_fastrtps_c.cpython-310-x86_64-linux-gnu.so
[1.008s] -- Up-to-date: /root/ros2_ws/src/install/rviz_2d_overlay_msgs/local/lib/python3.10/dist-packages/rviz_2d_overlay_msgs/rviz_2d_overlay_msgs_s__rosidl_typesupport_c.cpython-310-x86_64-linux-gnu.so
[1.008s] -- Up-to-date: /root/ros2_ws/src/install/rviz_2d_overlay_msgs/local/lib/python3.10/dist-packages/rviz_2d_overlay_msgs/librviz_2d_overlay_msgs__rosidl_generator_py.so
[1.008s] -- Up-to-date: /root/ros2_ws/src/install/rviz_2d_overlay_msgs/local/lib/python3.10/dist-packages/rviz_2d_overlay_msgs/rviz_2d_overlay_msgs_s__rosidl_typesupport_introspection_c.cpython-310-x86_64-linux-gnu.so
[1.008s] -- Up-to-date: /root/ros2_ws/src/install/rviz_2d_overlay_msgs/local/lib/python3.10/dist-packages/rviz_2d_overlay_msgs/_rviz_2d_overlay_msgs_s.ep.rosidl_typesupport_fastrtps_c.c
[1.008s] -- Up-to-date: /root/ros2_ws/src/install/rviz_2d_overlay_msgs/local/lib/python3.10/dist-packages/rviz_2d_overlay_msgs/_rviz_2d_overlay_msgs_s.ep.rosidl_typesupport_introspection_c.c
[1.008s] -- Up-to-date: /root/ros2_ws/src/install/rviz_2d_overlay_msgs/local/lib/python3.10/dist-packages/rviz_2d_overlay_msgs/_rviz_2d_overlay_msgs_s.ep.rosidl_typesupport_c.c
[1.008s] -- Up-to-date: /root/ros2_ws/src/install/rviz_2d_overlay_msgs/local/lib/python3.10/dist-packages/rviz_2d_overlay_msgs/__init__.py
[1.008s] -- Up-to-date: /root/ros2_ws/src/install/rviz_2d_overlay_msgs/local/lib/python3.10/dist-packages/rviz_2d_overlay_msgs/msg
[1.010s] -- Up-to-date: /root/ros2_ws/src/install/rviz_2d_overlay_msgs/local/lib/python3.10/dist-packages/rviz_2d_overlay_msgs/msg/_overlay_text.py
[1.010s] -- Up-to-date: /root/ros2_ws/src/install/rviz_2d_overlay_msgs/local/lib/python3.10/dist-packages/rviz_2d_overlay_msgs/msg/__init__.py
[1.010s] -- Up-to-date: /root/ros2_ws/src/install/rviz_2d_overlay_msgs/local/lib/python3.10/dist-packages/rviz_2d_overlay_msgs/msg/_overlay_text_s.c
[1.011s] Listing '/root/ros2_ws/src/install/rviz_2d_overlay_msgs/local/lib/python3.10/dist-packages/rviz_2d_overlay_msgs'...
[1.011s] Listing '/root/ros2_ws/src/install/rviz_2d_overlay_msgs/local/lib/python3.10/dist-packages/rviz_2d_overlay_msgs/msg'...
[1.015s] -- Up-to-date: /root/ros2_ws/src/install/rviz_2d_overlay_msgs/local/lib/python3.10/dist-packages/rviz_2d_overlay_msgs/rviz_2d_overlay_msgs_s__rosidl_typesupport_fastrtps_c.cpython-310-x86_64-linux-gnu.so
[1.015s] -- Up-to-date: /root/ros2_ws/src/install/rviz_2d_overlay_msgs/local/lib/python3.10/dist-packages/rviz_2d_overlay_msgs/rviz_2d_overlay_msgs_s__rosidl_typesupport_introspection_c.cpython-310-x86_64-linux-gnu.so
[1.015s] -- Up-to-date: /root/ros2_ws/src/install/rviz_2d_overlay_msgs/local/lib/python3.10/dist-packages/rviz_2d_overlay_msgs/rviz_2d_overlay_msgs_s__rosidl_typesupport_c.cpython-310-x86_64-linux-gnu.so
[1.015s] -- Up-to-date: /root/ros2_ws/src/install/rviz_2d_overlay_msgs/lib/librviz_2d_overlay_msgs__rosidl_generator_py.so
[1.015s] -- Up-to-date: /root/ros2_ws/src/install/rviz_2d_overlay_msgs/share/rviz_2d_overlay_msgs/msg/OverlayText.idl
[1.015s] -- Up-to-date: /root/ros2_ws/src/install/rviz_2d_overlay_msgs/share/rviz_2d_overlay_msgs/msg/OverlayText.msg
[1.015s] -- Up-to-date: /root/ros2_ws/src/install/rviz_2d_overlay_msgs/share/ament_index/resource_index/package_run_dependencies/rviz_2d_overlay_msgs
[1.015s] -- Up-to-date: /root/ros2_ws/src/install/rviz_2d_overlay_msgs/share/ament_index/resource_index/parent_prefix_path/rviz_2d_overlay_msgs
[1.015s] -- Up-to-date: /root/ros2_ws/src/install/rviz_2d_overlay_msgs/share/rviz_2d_overlay_msgs/environment/ament_prefix_path.sh
[1.015s] -- Up-to-date: /root/ros2_ws/src/install/rviz_2d_overlay_msgs/share/rviz_2d_overlay_msgs/environment/ament_prefix_path.dsv
[1.015s] -- Up-to-date: /root/ros2_ws/src/install/rviz_2d_overlay_msgs/share/rviz_2d_overlay_msgs/environment/path.sh
[1.015s] -- Up-to-date: /root/ros2_ws/src/install/rviz_2d_overlay_msgs/share/rviz_2d_overlay_msgs/environment/path.dsv
[1.015s] -- Up-to-date: /root/ros2_ws/src/install/rviz_2d_overlay_msgs/share/rviz_2d_overlay_msgs/local_setup.bash
[1.015s] -- Up-to-date: /root/ros2_ws/src/install/rviz_2d_overlay_msgs/share/rviz_2d_overlay_msgs/local_setup.sh
[1.016s] -- Up-to-date: /root/ros2_ws/src/install/rviz_2d_overlay_msgs/share/rviz_2d_overlay_msgs/local_setup.zsh
[1.016s] -- Up-to-date: /root/ros2_ws/src/install/rviz_2d_overlay_msgs/share/rviz_2d_overlay_msgs/local_setup.dsv
[1.016s] -- Installing: /root/ros2_ws/src/install/rviz_2d_overlay_msgs/share/rviz_2d_overlay_msgs/package.dsv
[1.016s] -- Up-to-date: /root/ros2_ws/src/install/rviz_2d_overlay_msgs/share/ament_index/resource_index/packages/rviz_2d_overlay_msgs
[1.016s] -- Up-to-date: /root/ros2_ws/src/install/rviz_2d_overlay_msgs/share/rviz_2d_overlay_msgs/cmake/export_rviz_2d_overlay_msgs__rosidl_generator_cExport.cmake
[1.016s] -- Up-to-date: /root/ros2_ws/src/install/rviz_2d_overlay_msgs/share/rviz_2d_overlay_msgs/cmake/export_rviz_2d_overlay_msgs__rosidl_generator_cExport-noconfig.cmake
[1.016s] -- Up-to-date: /root/ros2_ws/src/install/rviz_2d_overlay_msgs/share/rviz_2d_overlay_msgs/cmake/export_rviz_2d_overlay_msgs__rosidl_typesupport_fastrtps_cExport.cmake
[1.016s] -- Up-to-date: /root/ros2_ws/src/install/rviz_2d_overlay_msgs/share/rviz_2d_overlay_msgs/cmake/export_rviz_2d_overlay_msgs__rosidl_typesupport_fastrtps_cExport-noconfig.cmake
[1.016s] -- Up-to-date: /root/ros2_ws/src/install/rviz_2d_overlay_msgs/share/rviz_2d_overlay_msgs/cmake/rviz_2d_overlay_msgs__rosidl_typesupport_introspection_cExport.cmake
[1.016s] -- Up-to-date: /root/ros2_ws/src/install/rviz_2d_overlay_msgs/share/rviz_2d_overlay_msgs/cmake/rviz_2d_overlay_msgs__rosidl_typesupport_introspection_cExport-noconfig.cmake
[1.016s] -- Up-to-date: /root/ros2_ws/src/install/rviz_2d_overlay_msgs/share/rviz_2d_overlay_msgs/cmake/rviz_2d_overlay_msgs__rosidl_typesupport_cExport.cmake
[1.016s] -- Up-to-date: /root/ros2_ws/src/install/rviz_2d_overlay_msgs/share/rviz_2d_overlay_msgs/cmake/rviz_2d_overlay_msgs__rosidl_typesupport_cExport-noconfig.cmake
[1.016s] -- Up-to-date: /root/ros2_ws/src/install/rviz_2d_overlay_msgs/share/rviz_2d_overlay_msgs/cmake/export_rviz_2d_overlay_msgs__rosidl_generator_cppExport.cmake
[1.016s] -- Up-to-date: /root/ros2_ws/src/install/rviz_2d_overlay_msgs/share/rviz_2d_overlay_msgs/cmake/export_rviz_2d_overlay_msgs__rosidl_typesupport_fastrtps_cppExport.cmake
[1.016s] -- Up-to-date: /root/ros2_ws/src/install/rviz_2d_overlay_msgs/share/rviz_2d_overlay_msgs/cmake/export_rviz_2d_overlay_msgs__rosidl_typesupport_fastrtps_cppExport-noconfig.cmake
[1.016s] -- Up-to-date: /root/ros2_ws/src/install/rviz_2d_overlay_msgs/share/rviz_2d_overlay_msgs/cmake/rviz_2d_overlay_msgs__rosidl_typesupport_introspection_cppExport.cmake
[1.016s] -- Up-to-date: /root/ros2_ws/src/install/rviz_2d_overlay_msgs/share/rviz_2d_overlay_msgs/cmake/rviz_2d_overlay_msgs__rosidl_typesupport_introspection_cppExport-noconfig.cmake
[1.016s] -- Up-to-date: /root/ros2_ws/src/install/rviz_2d_overlay_msgs/share/rviz_2d_overlay_msgs/cmake/rviz_2d_overlay_msgs__rosidl_typesupport_cppExport.cmake
[1.016s] -- Up-to-date: /root/ros2_ws/src/install/rviz_2d_overlay_msgs/share/rviz_2d_overlay_msgs/cmake/rviz_2d_overlay_msgs__rosidl_typesupport_cppExport-noconfig.cmake
[1.016s] -- Up-to-date: /root/ros2_ws/src/install/rviz_2d_overlay_msgs/share/rviz_2d_overlay_msgs/cmake/export_rviz_2d_overlay_msgs__rosidl_generator_pyExport.cmake
[1.016s] -- Up-to-date: /root/ros2_ws/src/install/rviz_2d_overlay_msgs/share/rviz_2d_overlay_msgs/cmake/export_rviz_2d_overlay_msgs__rosidl_generator_pyExport-noconfig.cmake
[1.016s] -- Up-to-date: /root/ros2_ws/src/install/rviz_2d_overlay_msgs/share/rviz_2d_overlay_msgs/cmake/rosidl_cmake-extras.cmake
[1.016s] -- Up-to-date: /root/ros2_ws/src/install/rviz_2d_overlay_msgs/share/rviz_2d_overlay_msgs/cmake/ament_cmake_export_dependencies-extras.cmake
[1.016s] -- Up-to-date: /root/ros2_ws/src/install/rviz_2d_overlay_msgs/share/rviz_2d_overlay_msgs/cmake/ament_cmake_export_include_directories-extras.cmake
[1.016s] -- Up-to-date: /root/ros2_ws/src/install/rviz_2d_overlay_msgs/share/rviz_2d_overlay_msgs/cmake/ament_cmake_export_libraries-extras.cmake
[1.016s] -- Up-to-date: /root/ros2_ws/src/install/rviz_2d_overlay_msgs/share/rviz_2d_overlay_msgs/cmake/ament_cmake_export_targets-extras.cmake
[1.016s] -- Up-to-date: /root/ros2_ws/src/install/rviz_2d_overlay_msgs/share/rviz_2d_overlay_msgs/cmake/rosidl_cmake_export_typesupport_targets-extras.cmake
[1.016s] -- Up-to-date: /root/ros2_ws/src/install/rviz_2d_overlay_msgs/share/rviz_2d_overlay_msgs/cmake/rosidl_cmake_export_typesupport_libraries-extras.cmake
[1.017s] -- Up-to-date: /root/ros2_ws/src/install/rviz_2d_overlay_msgs/share/rviz_2d_overlay_msgs/cmake/rviz_2d_overlay_msgsConfig.cmake
[1.017s] -- Up-to-date: /root/ros2_ws/src/install/rviz_2d_overlay_msgs/share/rviz_2d_overlay_msgs/cmake/rviz_2d_overlay_msgsConfig-version.cmake
[1.017s] -- Up-to-date: /root/ros2_ws/src/install/rviz_2d_overlay_msgs/share/rviz_2d_overlay_msgs/package.xml
[1.034s] Invoked command in '/root/ros2_ws/src/build/rviz_2d_overlay_msgs' returned '0': CMAKE_PREFIX_PATH=/opt/ros/humble /usr/bin/cmake --install /root/ros2_ws/src/build/rviz_2d_overlay_msgs
