[0.034s] Invoking command in '/root/ros2_ws/src/build/calibrate_imu': AMENT_PREFIX_PATH=/root/ros2_ws/src/install/go2_sport_api:/root/ros2_ws/src/install/unitree_go:/root/ros2_ws/src/install/unitree_api:${AMENT_PREFIX_PATH} CMAKE_PREFIX_PATH=/root/ros2_ws/src/install/go2_sport_api:/root/ros2_ws/src/install/unitree_go:/root/ros2_ws/src/install/unitree_api:/opt/ros/humble LD_LIBRARY_PATH=/root/ros2_ws/src/install/go2_sport_api/lib:/root/ros2_ws/src/install/unitree_go/lib:/root/ros2_ws/src/install/unitree_api/lib:${LD_LIBRARY_PATH} PYTHONPATH=/root/ros2_ws/src/install/unitree_go/local/lib/python3.10/dist-packages:/root/ros2_ws/src/install/unitree_api/local/lib/python3.10/dist-packages:${PYTHONPATH} /usr/bin/cmake --build /root/ros2_ws/src/build/calibrate_imu -- -j24 -l24
[0.086s] [100%] Built target calibrate_imu
[0.098s] Invoked command in '/root/ros2_ws/src/build/calibrate_imu' returned '0': AMENT_PREFIX_PATH=/root/ros2_ws/src/install/go2_sport_api:/root/ros2_ws/src/install/unitree_go:/root/ros2_ws/src/install/unitree_api:${AMENT_PREFIX_PATH} CMAKE_PREFIX_PATH=/root/ros2_ws/src/install/go2_sport_api:/root/ros2_ws/src/install/unitree_go:/root/ros2_ws/src/install/unitree_api:/opt/ros/humble LD_LIBRARY_PATH=/root/ros2_ws/src/install/go2_sport_api/lib:/root/ros2_ws/src/install/unitree_go/lib:/root/ros2_ws/src/install/unitree_api/lib:${LD_LIBRARY_PATH} PYTHONPATH=/root/ros2_ws/src/install/unitree_go/local/lib/python3.10/dist-packages:/root/ros2_ws/src/install/unitree_api/local/lib/python3.10/dist-packages:${PYTHONPATH} /usr/bin/cmake --build /root/ros2_ws/src/build/calibrate_imu -- -j24 -l24
[0.101s] Invoking command in '/root/ros2_ws/src/build/calibrate_imu': AMENT_PREFIX_PATH=/root/ros2_ws/src/install/go2_sport_api:/root/ros2_ws/src/install/unitree_go:/root/ros2_ws/src/install/unitree_api:${AMENT_PREFIX_PATH} CMAKE_PREFIX_PATH=/root/ros2_ws/src/install/go2_sport_api:/root/ros2_ws/src/install/unitree_go:/root/ros2_ws/src/install/unitree_api:/opt/ros/humble LD_LIBRARY_PATH=/root/ros2_ws/src/install/go2_sport_api/lib:/root/ros2_ws/src/install/unitree_go/lib:/root/ros2_ws/src/install/unitree_api/lib:${LD_LIBRARY_PATH} PYTHONPATH=/root/ros2_ws/src/install/unitree_go/local/lib/python3.10/dist-packages:/root/ros2_ws/src/install/unitree_api/local/lib/python3.10/dist-packages:${PYTHONPATH} /usr/bin/cmake --install /root/ros2_ws/src/build/calibrate_imu
[0.106s] -- Install configuration: ""
[0.107s] -- Up-to-date: /root/ros2_ws/src/install/calibrate_imu/lib/calibrate_imu/calibrate_imu
[0.108s] -- Up-to-date: /root/ros2_ws/src/install/calibrate_imu/share/ament_index/resource_index/package_run_dependencies/calibrate_imu
[0.108s] -- Up-to-date: /root/ros2_ws/src/install/calibrate_imu/share/ament_index/resource_index/parent_prefix_path/calibrate_imu
[0.108s] -- Up-to-date: /root/ros2_ws/src/install/calibrate_imu/share/calibrate_imu/environment/ament_prefix_path.sh
[0.108s] -- Up-to-date: /root/ros2_ws/src/install/calibrate_imu/share/calibrate_imu/environment/ament_prefix_path.dsv
[0.108s] -- Up-to-date: /root/ros2_ws/src/install/calibrate_imu/share/calibrate_imu/environment/path.sh
[0.108s] -- Up-to-date: /root/ros2_ws/src/install/calibrate_imu/share/calibrate_imu/environment/path.dsv
[0.109s] -- Up-to-date: /root/ros2_ws/src/install/calibrate_imu/share/calibrate_imu/local_setup.bash
[0.109s] -- Up-to-date: /root/ros2_ws/src/install/calibrate_imu/share/calibrate_imu/local_setup.sh
[0.109s] -- Up-to-date: /root/ros2_ws/src/install/calibrate_imu/share/calibrate_imu/local_setup.zsh
[0.109s] -- Up-to-date: /root/ros2_ws/src/install/calibrate_imu/share/calibrate_imu/local_setup.dsv
[0.109s] -- Installing: /root/ros2_ws/src/install/calibrate_imu/share/calibrate_imu/package.dsv
[0.109s] -- Up-to-date: /root/ros2_ws/src/install/calibrate_imu/share/ament_index/resource_index/packages/calibrate_imu
[0.109s] -- Up-to-date: /root/ros2_ws/src/install/calibrate_imu/share/calibrate_imu/cmake/calibrate_imuConfig.cmake
[0.110s] -- Up-to-date: /root/ros2_ws/src/install/calibrate_imu/share/calibrate_imu/cmake/calibrate_imuConfig-version.cmake
[0.111s] -- Up-to-date: /root/ros2_ws/src/install/calibrate_imu/share/calibrate_imu/package.xml
[0.113s] Invoked command in '/root/ros2_ws/src/build/calibrate_imu' returned '0': AMENT_PREFIX_PATH=/root/ros2_ws/src/install/go2_sport_api:/root/ros2_ws/src/install/unitree_go:/root/ros2_ws/src/install/unitree_api:${AMENT_PREFIX_PATH} CMAKE_PREFIX_PATH=/root/ros2_ws/src/install/go2_sport_api:/root/ros2_ws/src/install/unitree_go:/root/ros2_ws/src/install/unitree_api:/opt/ros/humble LD_LIBRARY_PATH=/root/ros2_ws/src/install/go2_sport_api/lib:/root/ros2_ws/src/install/unitree_go/lib:/root/ros2_ws/src/install/unitree_api/lib:${LD_LIBRARY_PATH} PYTHONPATH=/root/ros2_ws/src/install/unitree_go/local/lib/python3.10/dist-packages:/root/ros2_ws/src/install/unitree_api/local/lib/python3.10/dist-packages:${PYTHONPATH} /usr/bin/cmake --install /root/ros2_ws/src/build/calibrate_imu
