[0.033s] Invoking command in '/root/ros2_ws/src/build/local_planner': AMENT_PREFIX_PATH=/root/ros2_ws/src/install/go2_sport_api:/root/ros2_ws/src/install/unitree_go:/root/ros2_ws/src/install/unitree_api:${AMENT_PREFIX_PATH} CMAKE_PREFIX_PATH=/root/ros2_ws/src/install/go2_sport_api:/root/ros2_ws/src/install/unitree_go:/root/ros2_ws/src/install/unitree_api:/opt/ros/humble LD_LIBRARY_PATH=/root/ros2_ws/src/install/go2_sport_api/lib:/root/ros2_ws/src/install/unitree_go/lib:/root/ros2_ws/src/install/unitree_api/lib:${LD_LIBRARY_PATH} PYTHONPATH=/root/ros2_ws/src/install/unitree_go/local/lib/python3.10/dist-packages:/root/ros2_ws/src/install/unitree_api/local/lib/python3.10/dist-packages:${PYTHONPATH} /usr/bin/cmake --build /root/ros2_ws/src/build/local_planner -- -j24 -l24
[0.108s] [ 50%] Built target pathFollower
[0.114s] [100%] Built target localPlanner
[0.120s] Invoked command in '/root/ros2_ws/src/build/local_planner' returned '0': AMENT_PREFIX_PATH=/root/ros2_ws/src/install/go2_sport_api:/root/ros2_ws/src/install/unitree_go:/root/ros2_ws/src/install/unitree_api:${AMENT_PREFIX_PATH} CMAKE_PREFIX_PATH=/root/ros2_ws/src/install/go2_sport_api:/root/ros2_ws/src/install/unitree_go:/root/ros2_ws/src/install/unitree_api:/opt/ros/humble LD_LIBRARY_PATH=/root/ros2_ws/src/install/go2_sport_api/lib:/root/ros2_ws/src/install/unitree_go/lib:/root/ros2_ws/src/install/unitree_api/lib:${LD_LIBRARY_PATH} PYTHONPATH=/root/ros2_ws/src/install/unitree_go/local/lib/python3.10/dist-packages:/root/ros2_ws/src/install/unitree_api/local/lib/python3.10/dist-packages:${PYTHONPATH} /usr/bin/cmake --build /root/ros2_ws/src/build/local_planner -- -j24 -l24
[0.126s] Invoking command in '/root/ros2_ws/src/build/local_planner': AMENT_PREFIX_PATH=/root/ros2_ws/src/install/go2_sport_api:/root/ros2_ws/src/install/unitree_go:/root/ros2_ws/src/install/unitree_api:${AMENT_PREFIX_PATH} CMAKE_PREFIX_PATH=/root/ros2_ws/src/install/go2_sport_api:/root/ros2_ws/src/install/unitree_go:/root/ros2_ws/src/install/unitree_api:/opt/ros/humble LD_LIBRARY_PATH=/root/ros2_ws/src/install/go2_sport_api/lib:/root/ros2_ws/src/install/unitree_go/lib:/root/ros2_ws/src/install/unitree_api/lib:${LD_LIBRARY_PATH} PYTHONPATH=/root/ros2_ws/src/install/unitree_go/local/lib/python3.10/dist-packages:/root/ros2_ws/src/install/unitree_api/local/lib/python3.10/dist-packages:${PYTHONPATH} /usr/bin/cmake --install /root/ros2_ws/src/build/local_planner
[0.129s] -- Install configuration: ""
[0.129s] -- Up-to-date: /root/ros2_ws/src/install/local_planner/lib/local_planner/localPlanner
[0.129s] -- Up-to-date: /root/ros2_ws/src/install/local_planner/lib/local_planner/pathFollower
[0.130s] -- Up-to-date: /root/ros2_ws/src/install/local_planner/share/local_planner/launch
[0.130s] -- Installing: /root/ros2_ws/src/install/local_planner/share/local_planner/launch/local_planner.launch
[0.130s] -- Up-to-date: /root/ros2_ws/src/install/local_planner/share/local_planner/paths
[0.131s] -- Up-to-date: /root/ros2_ws/src/install/local_planner/share/local_planner/paths/correspondences.txt
[0.131s] -- Up-to-date: /root/ros2_ws/src/install/local_planner/share/local_planner/paths/startPaths.ply
[0.131s] -- Up-to-date: /root/ros2_ws/src/install/local_planner/share/local_planner/paths/path_generator.m
[0.131s] -- Up-to-date: /root/ros2_ws/src/install/local_planner/share/local_planner/paths/pathList.ply
[0.132s] -- Up-to-date: /root/ros2_ws/src/install/local_planner/share/local_planner/paths/paths.ply
[0.132s] -- Up-to-date: /root/ros2_ws/src/install/local_planner/share/ament_index/resource_index/package_run_dependencies/local_planner
[0.132s] -- Up-to-date: /root/ros2_ws/src/install/local_planner/share/ament_index/resource_index/parent_prefix_path/local_planner
[0.132s] -- Up-to-date: /root/ros2_ws/src/install/local_planner/share/local_planner/environment/ament_prefix_path.sh
[0.132s] -- Up-to-date: /root/ros2_ws/src/install/local_planner/share/local_planner/environment/ament_prefix_path.dsv
[0.133s] -- Up-to-date: /root/ros2_ws/src/install/local_planner/share/local_planner/environment/path.sh
[0.133s] -- Up-to-date: /root/ros2_ws/src/install/local_planner/share/local_planner/environment/path.dsv
[0.133s] -- Up-to-date: /root/ros2_ws/src/install/local_planner/share/local_planner/local_setup.bash
[0.133s] -- Up-to-date: /root/ros2_ws/src/install/local_planner/share/local_planner/local_setup.sh
[0.134s] -- Up-to-date: /root/ros2_ws/src/install/local_planner/share/local_planner/local_setup.zsh
[0.134s] -- Up-to-date: /root/ros2_ws/src/install/local_planner/share/local_planner/local_setup.dsv
[0.134s] -- Installing: /root/ros2_ws/src/install/local_planner/share/local_planner/package.dsv
[0.135s] -- Up-to-date: /root/ros2_ws/src/install/local_planner/share/ament_index/resource_index/packages/local_planner
[0.135s] -- Up-to-date: /root/ros2_ws/src/install/local_planner/share/local_planner/cmake/local_plannerConfig.cmake
[0.135s] -- Up-to-date: /root/ros2_ws/src/install/local_planner/share/local_planner/cmake/local_plannerConfig-version.cmake
[0.135s] -- Up-to-date: /root/ros2_ws/src/install/local_planner/share/local_planner/package.xml
[0.136s] Invoked command in '/root/ros2_ws/src/build/local_planner' returned '0': AMENT_PREFIX_PATH=/root/ros2_ws/src/install/go2_sport_api:/root/ros2_ws/src/install/unitree_go:/root/ros2_ws/src/install/unitree_api:${AMENT_PREFIX_PATH} CMAKE_PREFIX_PATH=/root/ros2_ws/src/install/go2_sport_api:/root/ros2_ws/src/install/unitree_go:/root/ros2_ws/src/install/unitree_api:/opt/ros/humble LD_LIBRARY_PATH=/root/ros2_ws/src/install/go2_sport_api/lib:/root/ros2_ws/src/install/unitree_go/lib:/root/ros2_ws/src/install/unitree_api/lib:${LD_LIBRARY_PATH} PYTHONPATH=/root/ros2_ws/src/install/unitree_go/local/lib/python3.10/dist-packages:/root/ros2_ws/src/install/unitree_api/local/lib/python3.10/dist-packages:${PYTHONPATH} /usr/bin/cmake --install /root/ros2_ws/src/build/local_planner
