[35m[1mConsolidate compiler generated dependencies of target visualizationTools[0m
[  0%] Built target ament_cmake_python_copy_visualization_tools
[100%] Built target visualizationTools
/usr/local/lib/python3.10/dist-packages/setuptools_scm/_integration/setuptools.py:24: RuntimeWarning: 
ERROR: setuptools==59.6.0 is used in combination with setuptools-scm>=8.x

Your build configuration is incomplete and previously worked by accident!
setuptools-scm requires setuptools>=61 (recommended: >=80)

Suggested workaround if applicable:
 - migrating from the deprecated setup_requires mechanism to pep517/518
   and using a pyproject.toml to declare build dependencies
   which are reliably pre-installed before running the build tools

  warnings.warn(
running egg_info
writing visualization_tools.egg-info/PKG-INFO
writing dependency_links to visualization_tools.egg-info/dependency_links.txt
writing top-level names to visualization_tools.egg-info/top_level.txt
listing git files failed - pretending there aren't any
reading manifest file 'visualization_tools.egg-info/SOURCES.txt'
writing manifest file 'visualization_tools.egg-info/SOURCES.txt'
[100%] Built target ament_cmake_python_build_visualization_tools_egg
-- Install configuration: ""
-- Up-to-date: /root/ros2_ws/src/install/visualization_tools/lib/visualization_tools/visualizationTools
-- Up-to-date: /root/ros2_ws/src/install/visualization_tools/share/visualization_tools/launch
-- Up-to-date: /root/ros2_ws/src/install/visualization_tools/share/visualization_tools/launch/visualization_tools.launch
-- Up-to-date: /root/ros2_ws/src/install/visualization_tools/share/visualization_tools/environment/pythonpath.sh
-- Up-to-date: /root/ros2_ws/src/install/visualization_tools/share/visualization_tools/environment/pythonpath.dsv
-- Up-to-date: /root/ros2_ws/src/install/visualization_tools/local/lib/python3.10/dist-packages/visualization_tools-0.0.1-py3.10.egg-info
-- Installing: /root/ros2_ws/src/install/visualization_tools/local/lib/python3.10/dist-packages/visualization_tools-0.0.1-py3.10.egg-info/PKG-INFO
-- Installing: /root/ros2_ws/src/install/visualization_tools/local/lib/python3.10/dist-packages/visualization_tools-0.0.1-py3.10.egg-info/dependency_links.txt
-- Installing: /root/ros2_ws/src/install/visualization_tools/local/lib/python3.10/dist-packages/visualization_tools-0.0.1-py3.10.egg-info/SOURCES.txt
-- Installing: /root/ros2_ws/src/install/visualization_tools/local/lib/python3.10/dist-packages/visualization_tools-0.0.1-py3.10.egg-info/top_level.txt
-- Up-to-date: /root/ros2_ws/src/install/visualization_tools/local/lib/python3.10/dist-packages/visualization_tools
-- Up-to-date: /root/ros2_ws/src/install/visualization_tools/local/lib/python3.10/dist-packages/visualization_tools/__init__.py
Listing '/root/ros2_ws/src/install/visualization_tools/local/lib/python3.10/dist-packages/visualization_tools'...
-- Up-to-date: /root/ros2_ws/src/install/visualization_tools/lib/visualization_tools/realTimePlot.py
-- Up-to-date: /root/ros2_ws/src/install/visualization_tools/share/ament_index/resource_index/package_run_dependencies/visualization_tools
-- Up-to-date: /root/ros2_ws/src/install/visualization_tools/share/ament_index/resource_index/parent_prefix_path/visualization_tools
-- Up-to-date: /root/ros2_ws/src/install/visualization_tools/share/visualization_tools/environment/ament_prefix_path.sh
-- Up-to-date: /root/ros2_ws/src/install/visualization_tools/share/visualization_tools/environment/ament_prefix_path.dsv
-- Up-to-date: /root/ros2_ws/src/install/visualization_tools/share/visualization_tools/environment/path.sh
-- Up-to-date: /root/ros2_ws/src/install/visualization_tools/share/visualization_tools/environment/path.dsv
-- Up-to-date: /root/ros2_ws/src/install/visualization_tools/share/visualization_tools/local_setup.bash
-- Up-to-date: /root/ros2_ws/src/install/visualization_tools/share/visualization_tools/local_setup.sh
-- Up-to-date: /root/ros2_ws/src/install/visualization_tools/share/visualization_tools/local_setup.zsh
-- Up-to-date: /root/ros2_ws/src/install/visualization_tools/share/visualization_tools/local_setup.dsv
-- Installing: /root/ros2_ws/src/install/visualization_tools/share/visualization_tools/package.dsv
-- Up-to-date: /root/ros2_ws/src/install/visualization_tools/share/ament_index/resource_index/packages/visualization_tools
-- Up-to-date: /root/ros2_ws/src/install/visualization_tools/share/visualization_tools/cmake/visualization_toolsConfig.cmake
-- Up-to-date: /root/ros2_ws/src/install/visualization_tools/share/visualization_tools/cmake/visualization_toolsConfig-version.cmake
-- Up-to-date: /root/ros2_ws/src/install/visualization_tools/share/visualization_tools/package.xml
