[33mCMake Warning (dev) at CMakeLists.txt:24 (find_package):
  Policy CMP0074 is not set: find_package uses <PackageName>_ROOT variables.
  Run "cmake --help-policy CMP0074" for policy details.  Use the cmake_policy
  command to set the policy and suppress this warning.

  CMake variable PCL_ROOT is set to:

    /usr

  For compatibility, CMake is ignoring the variable.
This warning is for project developers.  Use -Wno-dev to suppress it.
[0m
[33mCMake Warning:
  Manually-specified variables were not used by the project:

    HUMBLE_ROS
    ROS_EDITION

[0m
In file included from [01m[K/root/ros2_ws/src/route_planner/far_planner/include/far_planner/utility.h:23[m[K,
                 from [01m[K/root/ros2_ws/src/route_planner/far_planner/include/far_planner/terrain_planner.h:4[m[K,
                 from [01m[K/root/ros2_ws/src/route_planner/far_planner/src/terrain_planner.cpp:8[m[K:
[01m[K/opt/ros/humble/include/tf2_geometry_msgs/tf2_geometry_msgs/tf2_geometry_msgs.h:35:2:[m[K [01;35m[Kwarning: [m[K#warning This header is obsolete, please include tf2_geometry_msgs/tf2_geometry_msgs.hpp instead [[01;35m[K-Wcpp[m[K]
   35 | #[01;35m[Kwarning[m[K This header is obsolete, please include tf2_geometry_msgs/tf2_geometry_msgs.hpp instead
      |  [01;35m[K^~~~~~~[m[K
In file included from [01m[K/root/ros2_ws/src/route_planner/far_planner/include/far_planner/utility.h:23[m[K,
                 from [01m[K/root/ros2_ws/src/route_planner/far_planner/include/far_planner/map_handler.h:4[m[K,
                 from [01m[K/root/ros2_ws/src/route_planner/far_planner/src/map_handler.cpp:9[m[K:
[01m[K/opt/ros/humble/include/tf2_geometry_msgs/tf2_geometry_msgs/tf2_geometry_msgs.h:35:2:[m[K [01;35m[Kwarning: [m[K#warning This header is obsolete, please include tf2_geometry_msgs/tf2_geometry_msgs.hpp instead [[01;35m[K-Wcpp[m[K]
   35 | #[01;35m[Kwarning[m[K This header is obsolete, please include tf2_geometry_msgs/tf2_geometry_msgs.hpp instead
      |  [01;35m[K^~~~~~~[m[K
In file included from [01m[K/root/ros2_ws/src/route_planner/far_planner/include/far_planner/utility.h:23[m[K,
                 from [01m[K/root/ros2_ws/src/route_planner/far_planner/include/far_planner/dynamic_graph.h:4[m[K,
                 from [01m[K/root/ros2_ws/src/route_planner/far_planner/src/dynamic_graph.cpp:9[m[K:
[01m[K/opt/ros/humble/include/tf2_geometry_msgs/tf2_geometry_msgs/tf2_geometry_msgs.h:35:2:[m[K [01;35m[Kwarning: [m[K#warning This header is obsolete, please include tf2_geometry_msgs/tf2_geometry_msgs.hpp instead [[01;35m[K-Wcpp[m[K]
   35 | #[01;35m[Kwarning[m[K This header is obsolete, please include tf2_geometry_msgs/tf2_geometry_msgs.hpp instead
      |  [01;35m[K^~~~~~~[m[K
In file included from [01m[K/root/ros2_ws/src/route_planner/far_planner/include/far_planner/utility.h:23[m[K,
                 from [01m[K/root/ros2_ws/src/route_planner/far_planner/include/far_planner/contour_graph.h:4[m[K,
                 from [01m[K/root/ros2_ws/src/route_planner/far_planner/src/contour_graph.cpp:9[m[K:
[01m[K/opt/ros/humble/include/tf2_geometry_msgs/tf2_geometry_msgs/tf2_geometry_msgs.h:35:2:[m[K [01;35m[Kwarning: [m[K#warning This header is obsolete, please include tf2_geometry_msgs/tf2_geometry_msgs.hpp instead [[01;35m[K-Wcpp[m[K]
   35 | #[01;35m[Kwarning[m[K This header is obsolete, please include tf2_geometry_msgs/tf2_geometry_msgs.hpp instead
      |  [01;35m[K^~~~~~~[m[K
In file included from [01m[K/root/ros2_ws/src/route_planner/far_planner/include/far_planner/utility.h:23[m[K,
                 from [01m[K/root/ros2_ws/src/route_planner/far_planner/src/utility.cpp:9[m[K:
[01m[K/opt/ros/humble/include/tf2_geometry_msgs/tf2_geometry_msgs/tf2_geometry_msgs.h:35:2:[m[K [01;35m[Kwarning: [m[K#warning This header is obsolete, please include tf2_geometry_msgs/tf2_geometry_msgs.hpp instead [[01;35m[K-Wcpp[m[K]
   35 | #[01;35m[Kwarning[m[K This header is obsolete, please include tf2_geometry_msgs/tf2_geometry_msgs.hpp instead
      |  [01;35m[K^~~~~~~[m[K
In file included from [01m[K/root/ros2_ws/src/route_planner/far_planner/include/far_planner/utility.h:58[m[K,
                 from [01m[K/root/ros2_ws/src/route_planner/far_planner/include/far_planner/terrain_planner.h:4[m[K,
                 from [01m[K/root/ros2_ws/src/route_planner/far_planner/src/terrain_planner.cpp:8[m[K:
[01m[K/opt/ros/humble/include/tf2_sensor_msgs/tf2_sensor_msgs.h:32:2:[m[K [01;35m[Kwarning: [m[K#warning is a GCC extension
   32 | #[01;35m[Kwarning[m[K This header is obsolete, please include tf2_sensor_msgs/tf2_sensor_msgs.hpp instead
      |  [01;35m[K^~~~~~~[m[K
[01m[K/opt/ros/humble/include/tf2_sensor_msgs/tf2_sensor_msgs.h:32:2:[m[K [01;35m[Kwarning: [m[K#warning This header is obsolete, please include tf2_sensor_msgs/tf2_sensor_msgs.hpp instead [[01;35m[K-Wcpp[m[K]
In file included from [01m[K/root/ros2_ws/src/route_planner/far_planner/include/far_planner/utility.h:23[m[K,
                 from [01m[K/root/ros2_ws/src/route_planner/far_planner/include/far_planner/graph_msger.h:4[m[K,
                 from [01m[K/root/ros2_ws/src/route_planner/far_planner/src/graph_msger.cpp:9[m[K:
[01m[K/opt/ros/humble/include/tf2_geometry_msgs/tf2_geometry_msgs/tf2_geometry_msgs.h:35:2:[m[K [01;35m[Kwarning: [m[K#warning This header is obsolete, please include tf2_geometry_msgs/tf2_geometry_msgs.hpp instead [[01;35m[K-Wcpp[m[K]
   35 | #[01;35m[Kwarning[m[K This header is obsolete, please include tf2_geometry_msgs/tf2_geometry_msgs.hpp instead
      |  [01;35m[K^~~~~~~[m[K
In file included from [01m[K/root/ros2_ws/src/route_planner/far_planner/include/far_planner/utility.h:58[m[K,
                 from [01m[K/root/ros2_ws/src/route_planner/far_planner/include/far_planner/contour_graph.h:4[m[K,
                 from [01m[K/root/ros2_ws/src/route_planner/far_planner/src/contour_graph.cpp:9[m[K:
[01m[K/opt/ros/humble/include/tf2_sensor_msgs/tf2_sensor_msgs.h:32:2:[m[K [01;35m[Kwarning: [m[K#warning is a GCC extension
   32 | #[01;35m[Kwarning[m[K This header is obsolete, please include tf2_sensor_msgs/tf2_sensor_msgs.hpp instead
      |  [01;35m[K^~~~~~~[m[K
[01m[K/opt/ros/humble/include/tf2_sensor_msgs/tf2_sensor_msgs.h:32:2:[m[K [01;35m[Kwarning: [m[K#warning This header is obsolete, please include tf2_sensor_msgs/tf2_sensor_msgs.hpp instead [[01;35m[K-Wcpp[m[K]
In file included from [01m[K/root/ros2_ws/src/route_planner/far_planner/include/far_planner/utility.h:23[m[K,
                 from [01m[K/root/ros2_ws/src/route_planner/far_planner/include/far_planner/contour_detector.h:4[m[K,
                 from [01m[K/root/ros2_ws/src/route_planner/far_planner/src/contour_detector.cpp:7[m[K:
[01m[K/opt/ros/humble/include/tf2_geometry_msgs/tf2_geometry_msgs/tf2_geometry_msgs.h:35:2:[m[K [01;35m[Kwarning: [m[K#warning This header is obsolete, please include tf2_geometry_msgs/tf2_geometry_msgs.hpp instead [[01;35m[K-Wcpp[m[K]
   35 | #[01;35m[Kwarning[m[K This header is obsolete, please include tf2_geometry_msgs/tf2_geometry_msgs.hpp instead
      |  [01;35m[K^~~~~~~[m[K
In file included from [01m[K/root/ros2_ws/src/route_planner/far_planner/include/far_planner/utility.h:23[m[K,
                 from [01m[K/root/ros2_ws/src/route_planner/far_planner/include/far_planner/planner_visualizer.h:4[m[K,
                 from [01m[K/root/ros2_ws/src/route_planner/far_planner/src/planner_visualizer.cpp:9[m[K:
[01m[K/opt/ros/humble/include/tf2_geometry_msgs/tf2_geometry_msgs/tf2_geometry_msgs.h:35:2:[m[K [01;35m[Kwarning: [m[K#warning This header is obsolete, please include tf2_geometry_msgs/tf2_geometry_msgs.hpp instead [[01;35m[K-Wcpp[m[K]
   35 | #[01;35m[Kwarning[m[K This header is obsolete, please include tf2_geometry_msgs/tf2_geometry_msgs.hpp instead
      |  [01;35m[K^~~~~~~[m[K
In file included from [01m[K/root/ros2_ws/src/route_planner/far_planner/include/far_planner/utility.h:58[m[K,
                 from [01m[K/root/ros2_ws/src/route_planner/far_planner/include/far_planner/dynamic_graph.h:4[m[K,
                 from [01m[K/root/ros2_ws/src/route_planner/far_planner/src/dynamic_graph.cpp:9[m[K:
[01m[K/opt/ros/humble/include/tf2_sensor_msgs/tf2_sensor_msgs.h:32:2:[m[K [01;35m[Kwarning: [m[K#warning is a GCC extension
   32 | #[01;35m[Kwarning[m[K This header is obsolete, please include tf2_sensor_msgs/tf2_sensor_msgs.hpp instead
      |  [01;35m[K^~~~~~~[m[K
[01m[K/opt/ros/humble/include/tf2_sensor_msgs/tf2_sensor_msgs.h:32:2:[m[K [01;35m[Kwarning: [m[K#warning This header is obsolete, please include tf2_sensor_msgs/tf2_sensor_msgs.hpp instead [[01;35m[K-Wcpp[m[K]
In file included from [01m[K/root/ros2_ws/src/route_planner/far_planner/include/far_planner/utility.h:58[m[K,
                 from [01m[K/root/ros2_ws/src/route_planner/far_planner/include/far_planner/map_handler.h:4[m[K,
                 from [01m[K/root/ros2_ws/src/route_planner/far_planner/src/map_handler.cpp:9[m[K:
[01m[K/opt/ros/humble/include/tf2_sensor_msgs/tf2_sensor_msgs.h:32:2:[m[K [01;35m[Kwarning: [m[K#warning is a GCC extension
   32 | #[01;35m[Kwarning[m[K This header is obsolete, please include tf2_sensor_msgs/tf2_sensor_msgs.hpp instead
      |  [01;35m[K^~~~~~~[m[K
[01m[K/opt/ros/humble/include/tf2_sensor_msgs/tf2_sensor_msgs.h:32:2:[m[K [01;35m[Kwarning: [m[K#warning This header is obsolete, please include tf2_sensor_msgs/tf2_sensor_msgs.hpp instead [[01;35m[K-Wcpp[m[K]
In file included from [01m[K/root/ros2_ws/src/route_planner/far_planner/include/far_planner/utility.h:23[m[K,
                 from [01m[K/root/ros2_ws/src/route_planner/far_planner/include/far_planner/scan_handler.h:4[m[K,
                 from [01m[K/root/ros2_ws/src/route_planner/far_planner/src/scan_handler.cpp:8[m[K:
[01m[K/opt/ros/humble/include/tf2_geometry_msgs/tf2_geometry_msgs/tf2_geometry_msgs.h:35:2:[m[K [01;35m[Kwarning: [m[K#warning This header is obsolete, please include tf2_geometry_msgs/tf2_geometry_msgs.hpp instead [[01;35m[K-Wcpp[m[K]
   35 | #[01;35m[Kwarning[m[K This header is obsolete, please include tf2_geometry_msgs/tf2_geometry_msgs.hpp instead
      |  [01;35m[K^~~~~~~[m[K
In file included from [01m[K/root/ros2_ws/src/route_planner/far_planner/include/far_planner/utility.h:58[m[K,
                 from [01m[K/root/ros2_ws/src/route_planner/far_planner/src/utility.cpp:9[m[K:
[01m[K/opt/ros/humble/include/tf2_sensor_msgs/tf2_sensor_msgs.h:32:2:[m[K [01;35m[Kwarning: [m[K#warning is a GCC extension
   32 | #[01;35m[Kwarning[m[K This header is obsolete, please include tf2_sensor_msgs/tf2_sensor_msgs.hpp instead
      |  [01;35m[K^~~~~~~[m[K
[01m[K/opt/ros/humble/include/tf2_sensor_msgs/tf2_sensor_msgs.h:32:2:[m[K [01;35m[Kwarning: [m[K#warning This header is obsolete, please include tf2_sensor_msgs/tf2_sensor_msgs.hpp instead [[01;35m[K-Wcpp[m[K]
In file included from [01m[K/root/ros2_ws/src/route_planner/far_planner/include/far_planner/utility.h:23[m[K,
                 from [01m[K/root/ros2_ws/src/route_planner/far_planner/include/far_planner/graph_planner.h:4[m[K,
                 from [01m[K/root/ros2_ws/src/route_planner/far_planner/src/graph_planner.cpp:9[m[K:
[01m[K/opt/ros/humble/include/tf2_geometry_msgs/tf2_geometry_msgs/tf2_geometry_msgs.h:35:2:[m[K [01;35m[Kwarning: [m[K#warning This header is obsolete, please include tf2_geometry_msgs/tf2_geometry_msgs.hpp instead [[01;35m[K-Wcpp[m[K]
   35 | #[01;35m[Kwarning[m[K This header is obsolete, please include tf2_geometry_msgs/tf2_geometry_msgs.hpp instead
      |  [01;35m[K^~~~~~~[m[K
In file included from [01m[K/root/ros2_ws/src/route_planner/far_planner/include/far_planner/utility.h:23[m[K,
                 from [01m[K/root/ros2_ws/src/route_planner/far_planner/include/far_planner/far_planner.h:4[m[K,
                 from [01m[K/root/ros2_ws/src/route_planner/far_planner/src/far_planner.cpp:9[m[K:
[01m[K/opt/ros/humble/include/tf2_geometry_msgs/tf2_geometry_msgs/tf2_geometry_msgs.h:35:2:[m[K [01;35m[Kwarning: [m[K#warning This header is obsolete, please include tf2_geometry_msgs/tf2_geometry_msgs.hpp instead [[01;35m[K-Wcpp[m[K]
   35 | #[01;35m[Kwarning[m[K This header is obsolete, please include tf2_geometry_msgs/tf2_geometry_msgs.hpp instead
      |  [01;35m[K^~~~~~~[m[K
In file included from [01m[K/root/ros2_ws/src/route_planner/far_planner/include/far_planner/utility.h:58[m[K,
                 from [01m[K/root/ros2_ws/src/route_planner/far_planner/include/far_planner/graph_msger.h:4[m[K,
                 from [01m[K/root/ros2_ws/src/route_planner/far_planner/src/graph_msger.cpp:9[m[K:
[01m[K/opt/ros/humble/include/tf2_sensor_msgs/tf2_sensor_msgs.h:32:2:[m[K [01;35m[Kwarning: [m[K#warning is a GCC extension
   32 | #[01;35m[Kwarning[m[K This header is obsolete, please include tf2_sensor_msgs/tf2_sensor_msgs.hpp instead
      |  [01;35m[K^~~~~~~[m[K
[01m[K/opt/ros/humble/include/tf2_sensor_msgs/tf2_sensor_msgs.h:32:2:[m[K [01;35m[Kwarning: [m[K#warning This header is obsolete, please include tf2_sensor_msgs/tf2_sensor_msgs.hpp instead [[01;35m[K-Wcpp[m[K]
In file included from [01m[K/root/ros2_ws/src/route_planner/far_planner/include/far_planner/utility.h:58[m[K,
                 from [01m[K/root/ros2_ws/src/route_planner/far_planner/include/far_planner/planner_visualizer.h:4[m[K,
                 from [01m[K/root/ros2_ws/src/route_planner/far_planner/src/planner_visualizer.cpp:9[m[K:
[01m[K/opt/ros/humble/include/tf2_sensor_msgs/tf2_sensor_msgs.h:32:2:[m[K [01;35m[Kwarning: [m[K#warning is a GCC extension
   32 | #[01;35m[Kwarning[m[K This header is obsolete, please include tf2_sensor_msgs/tf2_sensor_msgs.hpp instead
      |  [01;35m[K^~~~~~~[m[K
[01m[K/opt/ros/humble/include/tf2_sensor_msgs/tf2_sensor_msgs.h:32:2:[m[K [01;35m[Kwarning: [m[K#warning This header is obsolete, please include tf2_sensor_msgs/tf2_sensor_msgs.hpp instead [[01;35m[K-Wcpp[m[K]
In file included from [01m[K/root/ros2_ws/src/route_planner/far_planner/include/far_planner/utility.h:58[m[K,
                 from [01m[K/root/ros2_ws/src/route_planner/far_planner/include/far_planner/scan_handler.h:4[m[K,
                 from [01m[K/root/ros2_ws/src/route_planner/far_planner/src/scan_handler.cpp:8[m[K:
[01m[K/opt/ros/humble/include/tf2_sensor_msgs/tf2_sensor_msgs.h:32:2:[m[K [01;35m[Kwarning: [m[K#warning is a GCC extension
   32 | #[01;35m[Kwarning[m[K This header is obsolete, please include tf2_sensor_msgs/tf2_sensor_msgs.hpp instead
      |  [01;35m[K^~~~~~~[m[K
[01m[K/opt/ros/humble/include/tf2_sensor_msgs/tf2_sensor_msgs.h:32:2:[m[K [01;35m[Kwarning: [m[K#warning This header is obsolete, please include tf2_sensor_msgs/tf2_sensor_msgs.hpp instead [[01;35m[K-Wcpp[m[K]
In file included from [01m[K/root/ros2_ws/src/route_planner/far_planner/include/far_planner/utility.h:58[m[K,
                 from [01m[K/root/ros2_ws/src/route_planner/far_planner/include/far_planner/graph_planner.h:4[m[K,
                 from [01m[K/root/ros2_ws/src/route_planner/far_planner/src/graph_planner.cpp:9[m[K:
[01m[K/opt/ros/humble/include/tf2_sensor_msgs/tf2_sensor_msgs.h:32:2:[m[K [01;35m[Kwarning: [m[K#warning is a GCC extension
   32 | #[01;35m[Kwarning[m[K This header is obsolete, please include tf2_sensor_msgs/tf2_sensor_msgs.hpp instead
      |  [01;35m[K^~~~~~~[m[K
[01m[K/opt/ros/humble/include/tf2_sensor_msgs/tf2_sensor_msgs.h:32:2:[m[K [01;35m[Kwarning: [m[K#warning This header is obsolete, please include tf2_sensor_msgs/tf2_sensor_msgs.hpp instead [[01;35m[K-Wcpp[m[K]
In file included from [01m[K/root/ros2_ws/src/route_planner/far_planner/include/far_planner/utility.h:58[m[K,
                 from [01m[K/root/ros2_ws/src/route_planner/far_planner/include/far_planner/contour_detector.h:4[m[K,
                 from [01m[K/root/ros2_ws/src/route_planner/far_planner/src/contour_detector.cpp:7[m[K:
[01m[K/opt/ros/humble/include/tf2_sensor_msgs/tf2_sensor_msgs.h:32:2:[m[K [01;35m[Kwarning: [m[K#warning is a GCC extension
   32 | #[01;35m[Kwarning[m[K This header is obsolete, please include tf2_sensor_msgs/tf2_sensor_msgs.hpp instead
      |  [01;35m[K^~~~~~~[m[K
[01m[K/opt/ros/humble/include/tf2_sensor_msgs/tf2_sensor_msgs.h:32:2:[m[K [01;35m[Kwarning: [m[K#warning This header is obsolete, please include tf2_sensor_msgs/tf2_sensor_msgs.hpp instead [[01;35m[K-Wcpp[m[K]
In file included from [01m[K/root/ros2_ws/src/route_planner/far_planner/include/far_planner/utility.h:58[m[K,
                 from [01m[K/root/ros2_ws/src/route_planner/far_planner/include/far_planner/far_planner.h:4[m[K,
                 from [01m[K/root/ros2_ws/src/route_planner/far_planner/src/far_planner.cpp:9[m[K:
[01m[K/opt/ros/humble/include/tf2_sensor_msgs/tf2_sensor_msgs.h:32:2:[m[K [01;35m[Kwarning: [m[K#warning is a GCC extension
   32 | #[01;35m[Kwarning[m[K This header is obsolete, please include tf2_sensor_msgs/tf2_sensor_msgs.hpp instead
      |  [01;35m[K^~~~~~~[m[K
[01m[K/opt/ros/humble/include/tf2_sensor_msgs/tf2_sensor_msgs.h:32:2:[m[K [01;35m[Kwarning: [m[K#warning This header is obsolete, please include tf2_sensor_msgs/tf2_sensor_msgs.hpp instead [[01;35m[K-Wcpp[m[K]
In file included from [01m[K/root/ros2_ws/src/route_planner/far_planner/src/far_planner.cpp:9[m[K:
[01m[K/root/ros2_ws/src/route_planner/far_planner/include/far_planner/far_planner.h:[m[K In member function ‘[01m[Kvoid FARMaster::ResetGraphCallBack(std_msgs::msg::Empty_<std::allocator<void> >::SharedPtr)[m[K’:
[01m[K/root/ros2_ws/src/route_planner/far_planner/include/far_planner/far_planner.h:154:74:[m[K [01;35m[Kwarning: [m[Kunused parameter ‘[01m[Kmsg[m[K’ [[01;35m[K-Wunused-parameter[m[K]
  154 |     inline void ResetGraphCallBack([01;35m[Kconst std_msgs::msg::Empty::SharedPtr msg[m[K) {
      |                                    [01;35m[K~~~~~~~~~~~~~~~~~~~~~~~~~~~~~~~~~~~~~~^~~[m[K
[01m[K/root/ros2_ws/src/route_planner/far_planner/include/far_planner/far_planner.h:[m[K In member function ‘[01m[Kvoid FARMaster::ReadFileCommand(std_msgs::msg::String_<std::allocator<void> >::SharedPtr)[m[K’:
[01m[K/root/ros2_ws/src/route_planner/far_planner/include/far_planner/far_planner.h:193:72:[m[K [01;35m[Kwarning: [m[Kunused parameter ‘[01m[Kmsg[m[K’ [[01;35m[K-Wunused-parameter[m[K]
  193 |     inline void ReadFileCommand([01;35m[Kconst std_msgs::msg::String::SharedPtr msg[m[K) {
      |                                 [01;35m[K~~~~~~~~~~~~~~~~~~~~~~~~~~~~~~~~~~~~~~~^~~[m[K
[01m[K/root/ros2_ws/src/route_planner/far_planner/include/far_planner/far_planner.h:[m[K In member function ‘[01m[Kvoid FARMaster::SaveFileCommand(std_msgs::msg::String_<std::allocator<void> >::SharedPtr)[m[K’:
[01m[K/root/ros2_ws/src/route_planner/far_planner/include/far_planner/far_planner.h:200:72:[m[K [01;35m[Kwarning: [m[Kunused parameter ‘[01m[Kmsg[m[K’ [[01;35m[K-Wunused-parameter[m[K]
  200 |     inline void SaveFileCommand([01;35m[Kconst std_msgs::msg::String::SharedPtr msg[m[K) {
      |                                 [01;35m[K~~~~~~~~~~~~~~~~~~~~~~~~~~~~~~~~~~~~~~~^~~[m[K
[01m[K/root/ros2_ws/src/route_planner/far_planner/src/contour_detector.cpp:[m[K In member function ‘[01m[Kvoid ContourDetector::ShowCornerImage(const cv::Mat&, const PointCloudPtr&)[m[K’:
[01m[K/root/ros2_ws/src/route_planner/far_planner/src/contour_detector.cpp:94:54:[m[K [01;35m[Kwarning: [m[Kunused parameter ‘[01m[Kimg_mat[m[K’ [[01;35m[K-Wunused-parameter[m[K]
   94 | void ContourDetector::ShowCornerImage([01;35m[Kconst cv::Mat& img_mat[m[K, const PointCloudPtr& pc) {
      |                                       [01;35m[K~~~~~~~~~~~~~~~^~~~~~~[m[K
