[0.399s] Invoking command in '/root/ros2_ws/src/build/far_planner': AMENT_PREFIX_PATH=/root/ros2_ws/src/install/visibility_graph_msg:${AMENT_PREFIX_PATH} CMAKE_PREFIX_PATH=/root/ros2_ws/src/install/visibility_graph_msg:/opt/ros/humble LD_LIBRARY_PATH=/root/ros2_ws/src/install/visibility_graph_msg/lib:${LD_LIBRARY_PATH} PYTHONPATH=/root/ros2_ws/src/install/visibility_graph_msg/local/lib/python3.10/dist-packages:${PYTHONPATH} /usr/bin/cmake /root/ros2_ws/src/route_planner/far_planner -DROS_EDITION=ROS2 -DHUMBLE_ROS=humble -DCMAKE_INSTALL_PREFIX=/root/ros2_ws/src/install/far_planner
[3.087s] -- The C compiler identification is GNU 11.4.0
[3.087s] -- The CXX compiler identification is GNU 11.4.0
[3.088s] -- Detecting C compiler ABI info
[3.088s] -- Detecting C compiler ABI info - done
[3.088s] -- Check for working C compiler: /usr/bin/cc - skipped
[3.088s] -- Detecting C compile features
[3.088s] -- Detecting C compile features - done
[3.089s] -- Detecting CXX compiler ABI info
[3.089s] -- Detecting CXX compiler ABI info - done
[3.089s] -- Check for working CXX compiler: /usr/bin/c++ - skipped
[3.089s] -- Detecting CXX compile features
[3.089s] -- Detecting CXX compile features - done
[3.089s] -- Found ament_cmake: 1.3.12 (/opt/ros/humble/share/ament_cmake/cmake)
[3.089s] -- Found Python3: /usr/bin/python3 (found version "3.10.12") found components: Interpreter 
[3.089s] -- Found rclcpp: 16.0.17 (/opt/ros/humble/share/rclcpp/cmake)
[3.089s] -- Found rosidl_generator_c: 3.1.8 (/opt/ros/humble/share/rosidl_generator_c/cmake)
[3.090s] -- Found rosidl_adapter: 3.1.8 (/opt/ros/humble/share/rosidl_adapter/cmake)
[3.090s] -- Found rosidl_generator_cpp: 3.1.8 (/opt/ros/humble/share/rosidl_generator_cpp/cmake)
[3.100s] -- Using all available rosidl_typesupport_c: rosidl_typesupport_fastrtps_c;rosidl_typesupport_introspection_c
[3.100s] -- Using all available rosidl_typesupport_cpp: rosidl_typesupport_fastrtps_cpp;rosidl_typesupport_introspection_cpp
[3.192s] -- Found rmw_implementation_cmake: 6.1.2 (/opt/ros/humble/share/rmw_implementation_cmake/cmake)
[3.212s] -- Found rmw_fastrtps_cpp: 6.2.9 (/opt/ros/humble/share/rmw_fastrtps_cpp/cmake)
[3.581s] -- Found OpenSSL: /usr/lib/x86_64-linux-gnu/libcrypto.so (found version "3.0.2")  
[3.726s] -- Found FastRTPS: /opt/ros/humble/include  
[4.000s] -- Using RMW implementation 'rmw_fastrtps_cpp' as default
[4.054s] -- Looking for pthread.h
[4.380s] -- Looking for pthread.h - found
[4.383s] -- Performing Test CMAKE_HAVE_LIBC_PTHREAD
[4.729s] -- Performing Test CMAKE_HAVE_LIBC_PTHREAD - Success
[4.734s] -- Found Threads: TRUE  
[5.014s] -- Found std_srvs: 4.9.0 (/opt/ros/humble/share/std_srvs/cmake)
[5.066s] -- Found sensor_msgs: 4.9.0 (/opt/ros/humble/share/sensor_msgs/cmake)
[5.164s] -- Found nav_msgs: 4.9.0 (/opt/ros/humble/share/nav_msgs/cmake)
[5.209s] -- Found pcl_conversions: 2.4.5 (/opt/ros/humble/share/pcl_conversions/cmake)
[5.314s] -- Checking for module 'eigen3'
[5.337s] --   Found eigen3, version 3.4.0
[5.399s] -- Found Eigen: /usr/include/eigen3 (Required is at least version "3.1") 
[5.399s] -- Eigen found (include: /usr/include/eigen3, version: 3.4.0)
[5.545s] -- Checking for module 'flann'
[5.566s] --   Found flann, version 1.9.1
[5.618s] -- Found FLANN: /usr/lib/x86_64-linux-gnu/libflann_cpp.so  
[5.618s] -- FLANN found (include: /usr/include, lib: /usr/lib/x86_64-linux-gnu/libflann_cpp.so)
[8.882s] -- Checking for module 'libusb-1.0'
[8.929s] --   Found libusb-1.0, version 1.0.25
[9.052s] -- Found libusb: /usr/lib/x86_64-linux-gnu/libusb-1.0.so  
[9.064s] -- OpenNI found (version: 1.5.4.0, include: /usr/include/ni, lib: /usr/lib/libOpenNI.so;libusb::libusb)
[9.293s] -- OpenNI2 found (version: 2.2.0.33, include: /usr/include/openni2, lib: /usr/lib/x86_64-linux-gnu/libOpenNI2.so;libusb::libusb)
[9.871s] -- Eigen found (include: /usr/include/eigen3, version: 3.4.0)
[9.887s] -- OpenNI found (version: 1.5.4.0, include: /usr/include/ni, lib: /usr/lib/libOpenNI.so;libusb::libusb)
[9.904s] -- OpenNI2 found (version: 2.2.0.33, include: /usr/include/openni2, lib: /usr/lib/x86_64-linux-gnu/libOpenNI2.so;libusb::libusb)
[10.252s] -- Found Qhull version 8.0.2
[10.827s] -- OpenNI found (version: 1.5.4.0, include: /usr/include/ni, lib: /usr/lib/libOpenNI.so;libusb::libusb)
[11.119s] -- Found PCL_COMMON: /usr/lib/x86_64-linux-gnu/libpcl_common.so  
[11.121s] -- Found PCL_KDTREE: /usr/lib/x86_64-linux-gnu/libpcl_kdtree.so  
[11.124s] -- Found PCL_OCTREE: /usr/lib/x86_64-linux-gnu/libpcl_octree.so  
[11.126s] -- Found PCL_SEARCH: /usr/lib/x86_64-linux-gnu/libpcl_search.so  
[11.128s] -- Found PCL_SAMPLE_CONSENSUS: /usr/lib/x86_64-linux-gnu/libpcl_sample_consensus.so  
[11.131s] -- Found PCL_FILTERS: /usr/lib/x86_64-linux-gnu/libpcl_filters.so  
[11.131s] -- Found PCL_2D: /usr/include/pcl-1.12  
[11.132s] -- Found PCL_GEOMETRY: /usr/include/pcl-1.12  
[11.134s] -- Found PCL_IO: /usr/lib/x86_64-linux-gnu/libpcl_io.so  
[11.137s] -- Found PCL_FEATURES: /usr/lib/x86_64-linux-gnu/libpcl_features.so  
[11.141s] -- Found PCL_ML: /usr/lib/x86_64-linux-gnu/libpcl_ml.so  
[11.143s] -- Found PCL_SEGMENTATION: /usr/lib/x86_64-linux-gnu/libpcl_segmentation.so  
[11.147s] -- Found PCL_VISUALIZATION: /usr/lib/x86_64-linux-gnu/libpcl_visualization.so  
[11.148s] -- Found PCL_SURFACE: /usr/lib/x86_64-linux-gnu/libpcl_surface.so  
[11.150s] -- Found PCL_REGISTRATION: /usr/lib/x86_64-linux-gnu/libpcl_registration.so  
[11.154s] -- Found PCL_KEYPOINTS: /usr/lib/x86_64-linux-gnu/libpcl_keypoints.so  
[11.157s] -- Found PCL_TRACKING: /usr/lib/x86_64-linux-gnu/libpcl_tracking.so  
[11.161s] -- Found PCL_RECOGNITION: /usr/lib/x86_64-linux-gnu/libpcl_recognition.so  
[11.166s] -- Found PCL_STEREO: /usr/lib/x86_64-linux-gnu/libpcl_stereo.so  
[11.169s] -- Found PCL_APPS: /usr/lib/x86_64-linux-gnu/libpcl_apps.so  
[11.172s] -- Found PCL_IN_HAND_SCANNER: /usr/include/pcl-1.12  
[11.174s] -- Found PCL_MODELER: /usr/include/pcl-1.12  
[11.177s] -- Found PCL_POINT_CLOUD_EDITOR: /usr/include/pcl-1.12  
[11.178s] -- Found PCL_OUTOFCORE: /usr/lib/x86_64-linux-gnu/libpcl_outofcore.so  
[11.193s] -- Found PCL_PEOPLE: /usr/lib/x86_64-linux-gnu/libpcl_people.so  
[11.242s] [33mCMake Warning (dev) at CMakeLists.txt:24 (find_package):
[11.242s]   Policy CMP0074 is not set: find_package uses <PackageName>_ROOT variables.
[11.242s]   Run "cmake --help-policy CMP0074" for policy details.  Use the cmake_policy
[11.242s]   command to set the policy and suppress this warning.
[11.242s] 
[11.242s]   CMake variable PCL_ROOT is set to:
[11.242s] 
[11.242s]     /usr
[11.243s] 
[11.243s]   For compatibility, CMake is ignoring the variable.
[11.243s] This warning is for project developers.  Use -Wno-dev to suppress it.
[11.243s] [0m
[11.313s] -- Found OpenCV: /usr (found version "4.5.4") 
[11.315s] -- Found visualization_msgs: 4.9.0 (/opt/ros/humble/share/visualization_msgs/cmake)
[11.362s] -- Found tf2: 0.25.18 (/opt/ros/humble/share/tf2/cmake)
[11.394s] -- Found tf2_ros: 0.25.18 (/opt/ros/humble/share/tf2_ros/cmake)
[11.606s] -- Found tf2_geometry_msgs: 0.25.18 (/opt/ros/humble/share/tf2_geometry_msgs/cmake)
[11.632s] -- Found eigen3_cmake_module: 0.1.1 (/opt/ros/humble/share/eigen3_cmake_module/cmake)
[11.635s] -- Found Eigen3: TRUE (found version "3.4.0") 
[11.635s] -- Ensuring Eigen3 include directory is part of orocos-kdl CMake target
[11.644s] -- Found tf2_sensor_msgs: 0.25.18 (/opt/ros/humble/share/tf2_sensor_msgs/cmake)
[11.656s] -- Found visibility_graph_msg: 0.0.1 (/root/ros2_ws/src/install/visibility_graph_msg/share/visibility_graph_msg/cmake)
[11.873s] -- Configuring done
[11.971s] -- Generating done
[11.972s] [33mCMake Warning:
[11.972s]   Manually-specified variables were not used by the project:
[11.972s] 
[11.973s]     HUMBLE_ROS
[11.973s]     ROS_EDITION
[11.973s] 
[11.973s] [0m
[11.995s] -- Build files have been written to: /root/ros2_ws/src/build/far_planner
[12.041s] Invoked command in '/root/ros2_ws/src/build/far_planner' returned '0': AMENT_PREFIX_PATH=/root/ros2_ws/src/install/visibility_graph_msg:${AMENT_PREFIX_PATH} CMAKE_PREFIX_PATH=/root/ros2_ws/src/install/visibility_graph_msg:/opt/ros/humble LD_LIBRARY_PATH=/root/ros2_ws/src/install/visibility_graph_msg/lib:${LD_LIBRARY_PATH} PYTHONPATH=/root/ros2_ws/src/install/visibility_graph_msg/local/lib/python3.10/dist-packages:${PYTHONPATH} /usr/bin/cmake /root/ros2_ws/src/route_planner/far_planner -DROS_EDITION=ROS2 -DHUMBLE_ROS=humble -DCMAKE_INSTALL_PREFIX=/root/ros2_ws/src/install/far_planner
[12.088s] Invoking command in '/root/ros2_ws/src/build/far_planner': AMENT_PREFIX_PATH=/root/ros2_ws/src/install/visibility_graph_msg:${AMENT_PREFIX_PATH} CMAKE_PREFIX_PATH=/root/ros2_ws/src/install/visibility_graph_msg:/opt/ros/humble LD_LIBRARY_PATH=/root/ros2_ws/src/install/visibility_graph_msg/lib:${LD_LIBRARY_PATH} PYTHONPATH=/root/ros2_ws/src/install/visibility_graph_msg/local/lib/python3.10/dist-packages:${PYTHONPATH} /usr/bin/cmake --build /root/ros2_ws/src/build/far_planner -- -j24 -l24
[12.500s] [  8%] [32mBuilding CXX object CMakeFiles/far_planner.dir/src/far_planner.cpp.o[0m
[12.500s] [ 16%] [32mBuilding CXX object CMakeFiles/far_planner.dir/src/dynamic_graph.cpp.o[0m
[12.500s] [ 25%] [32mBuilding CXX object CMakeFiles/far_planner.dir/src/map_handler.cpp.o[0m
[12.501s] [ 33%] [32mBuilding CXX object CMakeFiles/far_planner.dir/src/graph_planner.cpp.o[0m
[12.501s] [ 41%] [32mBuilding CXX object CMakeFiles/far_planner.dir/src/scan_handler.cpp.o[0m
[12.501s] [ 50%] [32mBuilding CXX object CMakeFiles/far_planner.dir/src/contour_graph.cpp.o[0m
[12.501s] [ 58%] [32mBuilding CXX object CMakeFiles/far_planner.dir/src/graph_msger.cpp.o[0m
[12.501s] [ 66%] [32mBuilding CXX object CMakeFiles/far_planner.dir/src/planner_visualizer.cpp.o[0m
[12.501s] [ 75%] [32mBuilding CXX object CMakeFiles/far_planner.dir/src/utility.cpp.o[0m
[12.501s] [ 83%] [32mBuilding CXX object CMakeFiles/far_planner.dir/src/contour_detector.cpp.o[0m
[12.501s] [ 91%] [32mBuilding CXX object CMakeFiles/far_planner.dir/src/terrain_planner.cpp.o[0m
[14.625s] In file included from [01m[K/root/ros2_ws/src/route_planner/far_planner/include/far_planner/utility.h:23[m[K,
[14.625s]                  from [01m[K/root/ros2_ws/src/route_planner/far_planner/include/far_planner/scan_handler.h:4[m[K,
[14.625s]                  from [01m[K/root/ros2_ws/src/route_planner/far_planner/src/scan_handler.cpp:8[m[K:
[14.625s] [01m[K/opt/ros/humble/include/tf2_geometry_msgs/tf2_geometry_msgs/tf2_geometry_msgs.h:35:2:[m[K [01;35m[Kwarning: [m[K#warning This header is obsolete, please include tf2_geometry_msgs/tf2_geometry_msgs.hpp instead [[01;35m[K-Wcpp[m[K]
[14.626s]    35 | #[01;35m[Kwarning[m[K This header is obsolete, please include tf2_geometry_msgs/tf2_geometry_msgs.hpp instead
[14.626s]       |  [01;35m[K^~~~~~~[m[K
[14.956s] In file included from [01m[K/root/ros2_ws/src/route_planner/far_planner/include/far_planner/utility.h:23[m[K,
[14.956s]                  from [01m[K/root/ros2_ws/src/route_planner/far_planner/include/far_planner/contour_detector.h:4[m[K,
[14.956s]                  from [01m[K/root/ros2_ws/src/route_planner/far_planner/src/contour_detector.cpp:7[m[K:
[14.957s] [01m[K/opt/ros/humble/include/tf2_geometry_msgs/tf2_geometry_msgs/tf2_geometry_msgs.h:35:2:[m[K [01;35m[Kwarning: [m[K#warning This header is obsolete, please include tf2_geometry_msgs/tf2_geometry_msgs.hpp instead [[01;35m[K-Wcpp[m[K]
[14.957s]    35 | #[01;35m[Kwarning[m[K This header is obsolete, please include tf2_geometry_msgs/tf2_geometry_msgs.hpp instead
[14.957s]       |  [01;35m[K^~~~~~~[m[K
[15.222s] In file included from [01m[K/root/ros2_ws/src/route_planner/far_planner/include/far_planner/utility.h:23[m[K,
[15.222s]                  from [01m[K/root/ros2_ws/src/route_planner/far_planner/include/far_planner/map_handler.h:4[m[K,
[15.222s]                  from [01m[K/root/ros2_ws/src/route_planner/far_planner/src/map_handler.cpp:9[m[K:
[15.222s] [01m[K/opt/ros/humble/include/tf2_geometry_msgs/tf2_geometry_msgs/tf2_geometry_msgs.h:35:2:[m[K [01;35m[Kwarning: [m[K#warning This header is obsolete, please include tf2_geometry_msgs/tf2_geometry_msgs.hpp instead [[01;35m[K-Wcpp[m[K]
[15.222s]    35 | #[01;35m[Kwarning[m[K This header is obsolete, please include tf2_geometry_msgs/tf2_geometry_msgs.hpp instead
[15.222s]       |  [01;35m[K^~~~~~~[m[K
[15.529s] In file included from [01m[K/root/ros2_ws/src/route_planner/far_planner/include/far_planner/utility.h:23[m[K,
[15.529s]                  from [01m[K/root/ros2_ws/src/route_planner/far_planner/include/far_planner/terrain_planner.h:4[m[K,
[15.529s]                  from [01m[K/root/ros2_ws/src/route_planner/far_planner/src/terrain_planner.cpp:8[m[K:
[15.529s] [01m[K/opt/ros/humble/include/tf2_geometry_msgs/tf2_geometry_msgs/tf2_geometry_msgs.h:35:2:[m[K [01;35m[Kwarning: [m[K#warning This header is obsolete, please include tf2_geometry_msgs/tf2_geometry_msgs.hpp instead [[01;35m[K-Wcpp[m[K]
[15.529s]    35 | #[01;35m[Kwarning[m[K This header is obsolete, please include tf2_geometry_msgs/tf2_geometry_msgs.hpp instead
[15.530s]       |  [01;35m[K^~~~~~~[m[K
[15.711s] In file included from [01m[K/root/ros2_ws/src/route_planner/far_planner/include/far_planner/utility.h:23[m[K,
[15.711s]                  from [01m[K/root/ros2_ws/src/route_planner/far_planner/include/far_planner/far_planner.h:4[m[K,
[15.711s]                  from [01m[K/root/ros2_ws/src/route_planner/far_planner/src/far_planner.cpp:9[m[K:
[15.712s] [01m[K/opt/ros/humble/include/tf2_geometry_msgs/tf2_geometry_msgs/tf2_geometry_msgs.h:35:2:[m[K [01;35m[Kwarning: [m[K#warning This header is obsolete, please include tf2_geometry_msgs/tf2_geometry_msgs.hpp instead [[01;35m[K-Wcpp[m[K]
[15.712s]    35 | #[01;35m[Kwarning[m[K This header is obsolete, please include tf2_geometry_msgs/tf2_geometry_msgs.hpp instead
[15.712s]       |  [01;35m[K^~~~~~~[m[K
[16.249s] In file included from [01m[K/root/ros2_ws/src/route_planner/far_planner/include/far_planner/utility.h:23[m[K,
[16.250s]                  from [01m[K/root/ros2_ws/src/route_planner/far_planner/include/far_planner/dynamic_graph.h:4[m[K,
[16.250s]                  from [01m[K/root/ros2_ws/src/route_planner/far_planner/src/dynamic_graph.cpp:9[m[K:
[16.250s] [01m[K/opt/ros/humble/include/tf2_geometry_msgs/tf2_geometry_msgs/tf2_geometry_msgs.h:35:2:[m[K [01;35m[Kwarning: [m[K#warning This header is obsolete, please include tf2_geometry_msgs/tf2_geometry_msgs.hpp instead [[01;35m[K-Wcpp[m[K]
[16.250s]    35 | #[01;35m[Kwarning[m[K This header is obsolete, please include tf2_geometry_msgs/tf2_geometry_msgs.hpp instead
[16.250s]       |  [01;35m[K^~~~~~~[m[K
[16.478s] In file included from [01m[K/root/ros2_ws/src/route_planner/far_planner/include/far_planner/utility.h:23[m[K,
[16.478s]                  from [01m[K/root/ros2_ws/src/route_planner/far_planner/include/far_planner/graph_planner.h:4[m[K,
[16.478s]                  from [01m[K/root/ros2_ws/src/route_planner/far_planner/src/graph_planner.cpp:9[m[K:
[16.479s] [01m[K/opt/ros/humble/include/tf2_geometry_msgs/tf2_geometry_msgs/tf2_geometry_msgs.h:35:2:[m[K [01;35m[Kwarning: [m[K#warning This header is obsolete, please include tf2_geometry_msgs/tf2_geometry_msgs.hpp instead [[01;35m[K-Wcpp[m[K]
[16.479s]    35 | #[01;35m[Kwarning[m[K This header is obsolete, please include tf2_geometry_msgs/tf2_geometry_msgs.hpp instead
[16.479s]       |  [01;35m[K^~~~~~~[m[K
[16.716s] In file included from [01m[K/root/ros2_ws/src/route_planner/far_planner/include/far_planner/utility.h:23[m[K,
[16.716s]                  from [01m[K/root/ros2_ws/src/route_planner/far_planner/src/utility.cpp:9[m[K:
[16.716s] [01m[K/opt/ros/humble/include/tf2_geometry_msgs/tf2_geometry_msgs/tf2_geometry_msgs.h:35:2:[m[K [01;35m[Kwarning: [m[K#warning This header is obsolete, please include tf2_geometry_msgs/tf2_geometry_msgs.hpp instead [[01;35m[K-Wcpp[m[K]
[16.716s]    35 | #[01;35m[Kwarning[m[K This header is obsolete, please include tf2_geometry_msgs/tf2_geometry_msgs.hpp instead
[16.716s]       |  [01;35m[K^~~~~~~[m[K
[16.794s] In file included from [01m[K/root/ros2_ws/src/route_planner/far_planner/include/far_planner/utility.h:58[m[K,
[16.795s]                  from [01m[K/root/ros2_ws/src/route_planner/far_planner/include/far_planner/terrain_planner.h:4[m[K,
[16.795s]                  from [01m[K/root/ros2_ws/src/route_planner/far_planner/src/terrain_planner.cpp:8[m[K:
[16.795s] [01m[K/opt/ros/humble/include/tf2_sensor_msgs/tf2_sensor_msgs.h:32:2:[m[K [01;35m[Kwarning: [m[K#warning is a GCC extension
[16.795s]    32 | #[01;35m[Kwarning[m[K This header is obsolete, please include tf2_sensor_msgs/tf2_sensor_msgs.hpp instead
[16.795s]       |  [01;35m[K^~~~~~~[m[K
[16.795s] [01m[K/opt/ros/humble/include/tf2_sensor_msgs/tf2_sensor_msgs.h:32:2:[m[K [01;35m[Kwarning: [m[K#warning This header is obsolete, please include tf2_sensor_msgs/tf2_sensor_msgs.hpp instead [[01;35m[K-Wcpp[m[K]
[16.810s] In file included from [01m[K/root/ros2_ws/src/route_planner/far_planner/include/far_planner/utility.h:58[m[K,
[16.810s]                  from [01m[K/root/ros2_ws/src/route_planner/far_planner/include/far_planner/far_planner.h:4[m[K,
[16.810s]                  from [01m[K/root/ros2_ws/src/route_planner/far_planner/src/far_planner.cpp:9[m[K:
[16.810s] [01m[K/opt/ros/humble/include/tf2_sensor_msgs/tf2_sensor_msgs.h:32:2:[m[K [01;35m[Kwarning: [m[K#warning is a GCC extension
[16.811s]    32 | #[01;35m[Kwarning[m[K This header is obsolete, please include tf2_sensor_msgs/tf2_sensor_msgs.hpp instead
[16.811s]       |  [01;35m[K^~~~~~~[m[K
[16.811s] [01m[K/opt/ros/humble/include/tf2_sensor_msgs/tf2_sensor_msgs.h:32:2:[m[K [01;35m[Kwarning: [m[K#warning This header is obsolete, please include tf2_sensor_msgs/tf2_sensor_msgs.hpp instead [[01;35m[K-Wcpp[m[K]
[17.012s] In file included from [01m[K/root/ros2_ws/src/route_planner/far_planner/include/far_planner/utility.h:58[m[K,
[17.012s]                  from [01m[K/root/ros2_ws/src/route_planner/far_planner/include/far_planner/contour_detector.h:4[m[K,
[17.012s]                  from [01m[K/root/ros2_ws/src/route_planner/far_planner/src/contour_detector.cpp:7[m[K:
[17.012s] [01m[K/opt/ros/humble/include/tf2_sensor_msgs/tf2_sensor_msgs.h:32:2:[m[K [01;35m[Kwarning: [m[K#warning is a GCC extension
[17.012s]    32 | #[01;35m[Kwarning[m[K This header is obsolete, please include tf2_sensor_msgs/tf2_sensor_msgs.hpp instead
[17.012s]       |  [01;35m[K^~~~~~~[m[K
[17.013s] [01m[K/opt/ros/humble/include/tf2_sensor_msgs/tf2_sensor_msgs.h:32:2:[m[K [01;35m[Kwarning: [m[K#warning This header is obsolete, please include tf2_sensor_msgs/tf2_sensor_msgs.hpp instead [[01;35m[K-Wcpp[m[K]
[17.086s] In file included from [01m[K/root/ros2_ws/src/route_planner/far_planner/include/far_planner/utility.h:58[m[K,
[17.086s]                  from [01m[K/root/ros2_ws/src/route_planner/far_planner/include/far_planner/scan_handler.h:4[m[K,
[17.086s]                  from [01m[K/root/ros2_ws/src/route_planner/far_planner/src/scan_handler.cpp:8[m[K:
[17.086s] [01m[K/opt/ros/humble/include/tf2_sensor_msgs/tf2_sensor_msgs.h:32:2:[m[K [01;35m[Kwarning: [m[K#warning is a GCC extension
[17.086s]    32 | #[01;35m[Kwarning[m[K This header is obsolete, please include tf2_sensor_msgs/tf2_sensor_msgs.hpp instead
[17.087s]       |  [01;35m[K^~~~~~~[m[K
[17.087s] [01m[K/opt/ros/humble/include/tf2_sensor_msgs/tf2_sensor_msgs.h:32:2:[m[K [01;35m[Kwarning: [m[K#warning This header is obsolete, please include tf2_sensor_msgs/tf2_sensor_msgs.hpp instead [[01;35m[K-Wcpp[m[K]
[17.329s] In file included from [01m[K/root/ros2_ws/src/route_planner/far_planner/include/far_planner/utility.h:23[m[K,
[17.329s]                  from [01m[K/root/ros2_ws/src/route_planner/far_planner/include/far_planner/contour_graph.h:4[m[K,
[17.329s]                  from [01m[K/root/ros2_ws/src/route_planner/far_planner/src/contour_graph.cpp:9[m[K:
[17.330s] [01m[K/opt/ros/humble/include/tf2_geometry_msgs/tf2_geometry_msgs/tf2_geometry_msgs.h:35:2:[m[K [01;35m[Kwarning: [m[K#warning This header is obsolete, please include tf2_geometry_msgs/tf2_geometry_msgs.hpp instead [[01;35m[K-Wcpp[m[K]
[17.330s]    35 | #[01;35m[Kwarning[m[K This header is obsolete, please include tf2_geometry_msgs/tf2_geometry_msgs.hpp instead
[17.330s]       |  [01;35m[K^~~~~~~[m[K
[17.558s] In file included from [01m[K/root/ros2_ws/src/route_planner/far_planner/include/far_planner/utility.h:58[m[K,
[17.558s]                  from [01m[K/root/ros2_ws/src/route_planner/far_planner/include/far_planner/map_handler.h:4[m[K,
[17.558s]                  from [01m[K/root/ros2_ws/src/route_planner/far_planner/src/map_handler.cpp:9[m[K:
[17.559s] [01m[K/opt/ros/humble/include/tf2_sensor_msgs/tf2_sensor_msgs.h:32:2:[m[K [01;35m[Kwarning: [m[K#warning is a GCC extension
[17.559s]    32 | #[01;35m[Kwarning[m[K This header is obsolete, please include tf2_sensor_msgs/tf2_sensor_msgs.hpp instead
[17.559s]       |  [01;35m[K^~~~~~~[m[K
[17.559s] [01m[K/opt/ros/humble/include/tf2_sensor_msgs/tf2_sensor_msgs.h:32:2:[m[K [01;35m[Kwarning: [m[K#warning This header is obsolete, please include tf2_sensor_msgs/tf2_sensor_msgs.hpp instead [[01;35m[K-Wcpp[m[K]
[17.707s] In file included from [01m[K/root/ros2_ws/src/route_planner/far_planner/include/far_planner/utility.h:23[m[K,
[17.707s]                  from [01m[K/root/ros2_ws/src/route_planner/far_planner/include/far_planner/planner_visualizer.h:4[m[K,
[17.707s]                  from [01m[K/root/ros2_ws/src/route_planner/far_planner/src/planner_visualizer.cpp:9[m[K:
[17.707s] [01m[K/opt/ros/humble/include/tf2_geometry_msgs/tf2_geometry_msgs/tf2_geometry_msgs.h:35:2:[m[K [01;35m[Kwarning: [m[K#warning This header is obsolete, please include tf2_geometry_msgs/tf2_geometry_msgs.hpp instead [[01;35m[K-Wcpp[m[K]
[17.707s]    35 | #[01;35m[Kwarning[m[K This header is obsolete, please include tf2_geometry_msgs/tf2_geometry_msgs.hpp instead
[17.707s]       |  [01;35m[K^~~~~~~[m[K
[17.733s] In file included from [01m[K/root/ros2_ws/src/route_planner/far_planner/include/far_planner/utility.h:58[m[K,
[17.733s]                  from [01m[K/root/ros2_ws/src/route_planner/far_planner/include/far_planner/graph_planner.h:4[m[K,
[17.734s]                  from [01m[K/root/ros2_ws/src/route_planner/far_planner/src/graph_planner.cpp:9[m[K:
[17.734s] [01m[K/opt/ros/humble/include/tf2_sensor_msgs/tf2_sensor_msgs.h:32:2:[m[K [01;35m[Kwarning: [m[K#warning is a GCC extension
[17.734s]    32 | #[01;35m[Kwarning[m[K This header is obsolete, please include tf2_sensor_msgs/tf2_sensor_msgs.hpp instead
[17.734s]       |  [01;35m[K^~~~~~~[m[K
[17.734s] [01m[K/opt/ros/humble/include/tf2_sensor_msgs/tf2_sensor_msgs.h:32:2:[m[K [01;35m[Kwarning: [m[K#warning This header is obsolete, please include tf2_sensor_msgs/tf2_sensor_msgs.hpp instead [[01;35m[K-Wcpp[m[K]
[18.363s] In file included from [01m[K/root/ros2_ws/src/route_planner/far_planner/include/far_planner/utility.h:58[m[K,
[18.364s]                  from [01m[K/root/ros2_ws/src/route_planner/far_planner/include/far_planner/dynamic_graph.h:4[m[K,
[18.364s]                  from [01m[K/root/ros2_ws/src/route_planner/far_planner/src/dynamic_graph.cpp:9[m[K:
[18.364s] [01m[K/opt/ros/humble/include/tf2_sensor_msgs/tf2_sensor_msgs.h:32:2:[m[K [01;35m[Kwarning: [m[K#warning is a GCC extension
[18.364s]    32 | #[01;35m[Kwarning[m[K This header is obsolete, please include tf2_sensor_msgs/tf2_sensor_msgs.hpp instead
[18.364s]       |  [01;35m[K^~~~~~~[m[K
[18.364s] [01m[K/opt/ros/humble/include/tf2_sensor_msgs/tf2_sensor_msgs.h:32:2:[m[K [01;35m[Kwarning: [m[K#warning This header is obsolete, please include tf2_sensor_msgs/tf2_sensor_msgs.hpp instead [[01;35m[K-Wcpp[m[K]
[18.467s] In file included from [01m[K/root/ros2_ws/src/route_planner/far_planner/include/far_planner/utility.h:23[m[K,
[18.467s]                  from [01m[K/root/ros2_ws/src/route_planner/far_planner/include/far_planner/graph_msger.h:4[m[K,
[18.467s]                  from [01m[K/root/ros2_ws/src/route_planner/far_planner/src/graph_msger.cpp:9[m[K:
[18.467s] [01m[K/opt/ros/humble/include/tf2_geometry_msgs/tf2_geometry_msgs/tf2_geometry_msgs.h:35:2:[m[K [01;35m[Kwarning: [m[K#warning This header is obsolete, please include tf2_geometry_msgs/tf2_geometry_msgs.hpp instead [[01;35m[K-Wcpp[m[K]
[18.467s]    35 | #[01;35m[Kwarning[m[K This header is obsolete, please include tf2_geometry_msgs/tf2_geometry_msgs.hpp instead
[18.467s]       |  [01;35m[K^~~~~~~[m[K
[18.512s] In file included from [01m[K/root/ros2_ws/src/route_planner/far_planner/include/far_planner/utility.h:58[m[K,
[18.512s]                  from [01m[K/root/ros2_ws/src/route_planner/far_planner/src/utility.cpp:9[m[K:
[18.512s] [01m[K/opt/ros/humble/include/tf2_sensor_msgs/tf2_sensor_msgs.h:32:2:[m[K [01;35m[Kwarning: [m[K#warning is a GCC extension
[18.512s]    32 | #[01;35m[Kwarning[m[K This header is obsolete, please include tf2_sensor_msgs/tf2_sensor_msgs.hpp instead
[18.512s]       |  [01;35m[K^~~~~~~[m[K
[18.512s] [01m[K/opt/ros/humble/include/tf2_sensor_msgs/tf2_sensor_msgs.h:32:2:[m[K [01;35m[Kwarning: [m[K#warning This header is obsolete, please include tf2_sensor_msgs/tf2_sensor_msgs.hpp instead [[01;35m[K-Wcpp[m[K]
[19.090s] In file included from [01m[K/root/ros2_ws/src/route_planner/far_planner/include/far_planner/utility.h:58[m[K,
[19.091s]                  from [01m[K/root/ros2_ws/src/route_planner/far_planner/include/far_planner/planner_visualizer.h:4[m[K,
[19.091s]                  from [01m[K/root/ros2_ws/src/route_planner/far_planner/src/planner_visualizer.cpp:9[m[K:
[19.091s] [01m[K/opt/ros/humble/include/tf2_sensor_msgs/tf2_sensor_msgs.h:32:2:[m[K [01;35m[Kwarning: [m[K#warning is a GCC extension
[19.091s]    32 | #[01;35m[Kwarning[m[K This header is obsolete, please include tf2_sensor_msgs/tf2_sensor_msgs.hpp instead
[19.091s]       |  [01;35m[K^~~~~~~[m[K
[19.091s] [01m[K/opt/ros/humble/include/tf2_sensor_msgs/tf2_sensor_msgs.h:32:2:[m[K [01;35m[Kwarning: [m[K#warning This header is obsolete, please include tf2_sensor_msgs/tf2_sensor_msgs.hpp instead [[01;35m[K-Wcpp[m[K]
[19.423s] In file included from [01m[K/root/ros2_ws/src/route_planner/far_planner/include/far_planner/utility.h:58[m[K,
[19.423s]                  from [01m[K/root/ros2_ws/src/route_planner/far_planner/include/far_planner/contour_graph.h:4[m[K,
[19.424s]                  from [01m[K/root/ros2_ws/src/route_planner/far_planner/src/contour_graph.cpp:9[m[K:
[19.424s] [01m[K/opt/ros/humble/include/tf2_sensor_msgs/tf2_sensor_msgs.h:32:2:[m[K [01;35m[Kwarning: [m[K#warning is a GCC extension
[19.424s]    32 | #[01;35m[Kwarning[m[K This header is obsolete, please include tf2_sensor_msgs/tf2_sensor_msgs.hpp instead
[19.424s]       |  [01;35m[K^~~~~~~[m[K
[19.424s] [01m[K/opt/ros/humble/include/tf2_sensor_msgs/tf2_sensor_msgs.h:32:2:[m[K [01;35m[Kwarning: [m[K#warning This header is obsolete, please include tf2_sensor_msgs/tf2_sensor_msgs.hpp instead [[01;35m[K-Wcpp[m[K]
[20.958s] In file included from [01m[K/root/ros2_ws/src/route_planner/far_planner/include/far_planner/utility.h:58[m[K,
[20.958s]                  from [01m[K/root/ros2_ws/src/route_planner/far_planner/include/far_planner/graph_msger.h:4[m[K,
[20.959s]                  from [01m[K/root/ros2_ws/src/route_planner/far_planner/src/graph_msger.cpp:9[m[K:
[20.959s] [01m[K/opt/ros/humble/include/tf2_sensor_msgs/tf2_sensor_msgs.h:32:2:[m[K [01;35m[Kwarning: [m[K#warning is a GCC extension
[20.959s]    32 | #[01;35m[Kwarning[m[K This header is obsolete, please include tf2_sensor_msgs/tf2_sensor_msgs.hpp instead
[20.959s]       |  [01;35m[K^~~~~~~[m[K
[20.959s] [01m[K/opt/ros/humble/include/tf2_sensor_msgs/tf2_sensor_msgs.h:32:2:[m[K [01;35m[Kwarning: [m[K#warning This header is obsolete, please include tf2_sensor_msgs/tf2_sensor_msgs.hpp instead [[01;35m[K-Wcpp[m[K]
[26.131s] In file included from [01m[K/root/ros2_ws/src/route_planner/far_planner/src/far_planner.cpp:9[m[K:
[26.131s] [01m[K/root/ros2_ws/src/route_planner/far_planner/include/far_planner/far_planner.h:[m[K In member function ‘[01m[Kvoid FARMaster::ResetGraphCallBack(std_msgs::msg::Empty_<std::allocator<void> >::SharedPtr)[m[K’:
[26.131s] [01m[K/root/ros2_ws/src/route_planner/far_planner/include/far_planner/far_planner.h:154:74:[m[K [01;35m[Kwarning: [m[Kunused parameter ‘[01m[Kmsg[m[K’ [[01;35m[K-Wunused-parameter[m[K]
[26.131s]   154 | ne void ResetGraphCallBack([01;35m[Kconst std_msgs::msg::Empty::SharedPtr msg[m[K) {
[26.131s]       |                            [01;35m[K~~~~~~~~~~~~~~~~~~~~~~~~~~~~~~~~~~~~~~^~~[m[K
[26.131s] 
[26.159s] [01m[K/root/ros2_ws/src/route_planner/far_planner/include/far_planner/far_planner.h:[m[K In member function ‘[01m[Kvoid FARMaster::ReadFileCommand(std_msgs::msg::String_<std::allocator<void> >::SharedPtr)[m[K’:
[26.159s] [01m[K/root/ros2_ws/src/route_planner/far_planner/include/far_planner/far_planner.h:193:72:[m[K [01;35m[Kwarning: [m[Kunused parameter ‘[01m[Kmsg[m[K’ [[01;35m[K-Wunused-parameter[m[K]
[26.159s]   193 | line void ReadFileCommand([01;35m[Kconst std_msgs::msg::String::SharedPtr msg[m[K) {
[26.159s]       |                           [01;35m[K~~~~~~~~~~~~~~~~~~~~~~~~~~~~~~~~~~~~~~~^~~[m[K
[26.160s] 
[26.160s] [01m[K/root/ros2_ws/src/route_planner/far_planner/include/far_planner/far_planner.h:[m[K In member function ‘[01m[Kvoid FARMaster::SaveFileCommand(std_msgs::msg::String_<std::allocator<void> >::SharedPtr)[m[K’:
[26.160s] [01m[K/root/ros2_ws/src/route_planner/far_planner/include/far_planner/far_planner.h:200:72:[m[K [01;35m[Kwarning: [m[Kunused parameter ‘[01m[Kmsg[m[K’ [[01;35m[K-Wunused-parameter[m[K]
[26.160s]   200 | line void SaveFileCommand([01;35m[Kconst std_msgs::msg::String::SharedPtr msg[m[K) {
[26.160s]       |                           [01;35m[K~~~~~~~~~~~~~~~~~~~~~~~~~~~~~~~~~~~~~~~^~~[m[K
[26.160s] 
[27.390s] [01m[K/root/ros2_ws/src/route_planner/far_planner/src/contour_detector.cpp:[m[K In member function ‘[01m[Kvoid ContourDetector::ShowCornerImage(const cv::Mat&, const PointCloudPtr&)[m[K’:
[27.390s] [01m[K/root/ros2_ws/src/route_planner/far_planner/src/contour_detector.cpp:94:54:[m[K [01;35m[Kwarning: [m[Kunused parameter ‘[01m[Kimg_mat[m[K’ [[01;35m[K-Wunused-parameter[m[K]
[27.391s]    94 | void ContourDetector::ShowCornerImage([01;35m[Kconst cv::Mat& img_mat[m[K, const PointCloudPtr& pc) {
[27.391s]       |                                       [01;35m[K~~~~~~~~~~~~~~~^~~~~~~[m[K
[61.914s] [100%] [32m[1mLinking CXX executable far_planner[0m
[63.088s] [100%] Built target far_planner
[63.105s] Invoked command in '/root/ros2_ws/src/build/far_planner' returned '0': AMENT_PREFIX_PATH=/root/ros2_ws/src/install/visibility_graph_msg:${AMENT_PREFIX_PATH} CMAKE_PREFIX_PATH=/root/ros2_ws/src/install/visibility_graph_msg:/opt/ros/humble LD_LIBRARY_PATH=/root/ros2_ws/src/install/visibility_graph_msg/lib:${LD_LIBRARY_PATH} PYTHONPATH=/root/ros2_ws/src/install/visibility_graph_msg/local/lib/python3.10/dist-packages:${PYTHONPATH} /usr/bin/cmake --build /root/ros2_ws/src/build/far_planner -- -j24 -l24
[63.106s] Invoking command in '/root/ros2_ws/src/build/far_planner': AMENT_PREFIX_PATH=/root/ros2_ws/src/install/visibility_graph_msg:${AMENT_PREFIX_PATH} CMAKE_PREFIX_PATH=/root/ros2_ws/src/install/visibility_graph_msg:/opt/ros/humble LD_LIBRARY_PATH=/root/ros2_ws/src/install/visibility_graph_msg/lib:${LD_LIBRARY_PATH} PYTHONPATH=/root/ros2_ws/src/install/visibility_graph_msg/local/lib/python3.10/dist-packages:${PYTHONPATH} /usr/bin/cmake --install /root/ros2_ws/src/build/far_planner
[63.112s] -- Install configuration: "Release"
[63.112s] -- Installing: /root/ros2_ws/src/install/far_planner/lib/far_planner/far_planner
[63.114s] -- Set runtime path of "/root/ros2_ws/src/install/far_planner/lib/far_planner/far_planner" to ""
[63.115s] -- Installing: /root/ros2_ws/src/install/far_planner/share/far_planner/launch
[63.115s] -- Installing: /root/ros2_ws/src/install/far_planner/share/far_planner/launch/far_planner.launch
[63.115s] -- Installing: /root/ros2_ws/src/install/far_planner/share/far_planner/rviz
[63.116s] -- Installing: /root/ros2_ws/src/install/far_planner/share/far_planner/rviz/matterport.rviz
[63.116s] -- Installing: /root/ros2_ws/src/install/far_planner/share/far_planner/rviz/default.rviz
[63.116s] -- Installing: /root/ros2_ws/src/install/far_planner/share/far_planner/config
[63.117s] -- Installing: /root/ros2_ws/src/install/far_planner/share/far_planner/config/default.yaml
[63.117s] -- Installing: /root/ros2_ws/src/install/far_planner/share/far_planner/config/matterport.yaml
[63.117s] -- Installing: /root/ros2_ws/src/install/far_planner/share/far_planner/data
[63.117s] -- Installing: /root/ros2_ws/src/install/far_planner/share/far_planner/data/boundary_graph.vgh
[63.117s] -- Installing: /root/ros2_ws/src/install/far_planner/share/far_planner/data/indoor.vgh
[63.117s] -- Installing: /root/ros2_ws/src/install/far_planner/share/far_planner/data/trajectory.txt
[63.117s] -- Installing: /root/ros2_ws/src/install/far_planner/share/far_planner/data/boundary.ply
[63.117s] -- Installing: /root/ros2_ws/src/install/far_planner/share/ament_index/resource_index/package_run_dependencies/far_planner
[63.117s] -- Installing: /root/ros2_ws/src/install/far_planner/share/ament_index/resource_index/parent_prefix_path/far_planner
[63.117s] -- Installing: /root/ros2_ws/src/install/far_planner/share/far_planner/environment/ament_prefix_path.sh
[63.117s] -- Installing: /root/ros2_ws/src/install/far_planner/share/far_planner/environment/ament_prefix_path.dsv
[63.117s] -- Installing: /root/ros2_ws/src/install/far_planner/share/far_planner/environment/path.sh
[63.117s] -- Installing: /root/ros2_ws/src/install/far_planner/share/far_planner/environment/path.dsv
[63.117s] -- Installing: /root/ros2_ws/src/install/far_planner/share/far_planner/local_setup.bash
[63.117s] -- Installing: /root/ros2_ws/src/install/far_planner/share/far_planner/local_setup.sh
[63.117s] -- Installing: /root/ros2_ws/src/install/far_planner/share/far_planner/local_setup.zsh
[63.118s] -- Installing: /root/ros2_ws/src/install/far_planner/share/far_planner/local_setup.dsv
[63.118s] -- Installing: /root/ros2_ws/src/install/far_planner/share/far_planner/package.dsv
[63.118s] -- Installing: /root/ros2_ws/src/install/far_planner/share/ament_index/resource_index/packages/far_planner
[63.118s] -- Installing: /root/ros2_ws/src/install/far_planner/share/far_planner/cmake/far_plannerConfig.cmake
[63.118s] -- Installing: /root/ros2_ws/src/install/far_planner/share/far_planner/cmake/far_plannerConfig-version.cmake
[63.123s] -- Installing: /root/ros2_ws/src/install/far_planner/share/far_planner/package.xml
[63.123s] Invoked command in '/root/ros2_ws/src/build/far_planner' returned '0': AMENT_PREFIX_PATH=/root/ros2_ws/src/install/visibility_graph_msg:${AMENT_PREFIX_PATH} CMAKE_PREFIX_PATH=/root/ros2_ws/src/install/visibility_graph_msg:/opt/ros/humble LD_LIBRARY_PATH=/root/ros2_ws/src/install/visibility_graph_msg/lib:${LD_LIBRARY_PATH} PYTHONPATH=/root/ros2_ws/src/install/visibility_graph_msg/local/lib/python3.10/dist-packages:${PYTHONPATH} /usr/bin/cmake --install /root/ros2_ws/src/build/far_planner
