[0.349s] Invoking command in '/root/ros2_ws/src/build/super_odometry_msgs': CMAKE_PREFIX_PATH=/opt/ros/humble /usr/bin/cmake --build /root/ros2_ws/src/build/super_odometry_msgs -- -j24 -l24
[0.693s] [35m[1mConsolidate compiler generated dependencies of target super_odometry_msgs__rosidl_generator_c[0m
[0.693s] [  2%] Built target super_odometry_msgs__cpp
[0.694s] [ 12%] Built target super_odometry_msgs__rosidl_generator_c
[0.694s] [35m[1mConsolidate compiler generated dependencies of target super_odometry_msgs__rosidl_typesupport_introspection_cpp[0m
[0.694s] [35m[1mConsolidate compiler generated dependencies of target super_odometry_msgs__rosidl_typesupport_cpp[0m
[0.694s] [35m[1mConsolidate compiler generated dependencies of target super_odometry_msgs__rosidl_typesupport_fastrtps_cpp[0m
[0.694s] [35m[1mConsolidate compiler generated dependencies of target super_odometry_msgs__rosidl_typesupport_fastrtps_c[0m
[0.694s] [35m[1mConsolidate compiler generated dependencies of target super_odometry_msgs__rosidl_typesupport_c[0m
[0.694s] [ 12%] Built target ament_cmake_python_copy_super_odometry_msgs
[0.694s] [35m[1mConsolidate compiler generated dependencies of target super_odometry_msgs__rosidl_typesupport_introspection_c[0m
[0.694s] [ 23%] Built target super_odometry_msgs__rosidl_typesupport_introspection_cpp
[0.694s] [ 34%] Built target super_odometry_msgs__rosidl_typesupport_fastrtps_c
[0.694s] [ 44%] Built target super_odometry_msgs__rosidl_typesupport_fastrtps_cpp
[0.694s] [ 55%] Built target super_odometry_msgs__rosidl_typesupport_cpp
[0.694s] [ 65%] Built target super_odometry_msgs__rosidl_typesupport_introspection_c
[0.694s] [ 76%] Built target super_odometry_msgs__rosidl_typesupport_c
[0.694s] [ 76%] Built target super_odometry_msgs
[0.694s] [ 78%] Built target super_odometry_msgs__py
[0.694s] [35m[1mConsolidate compiler generated dependencies of target super_odometry_msgs__rosidl_generator_py[0m
[0.694s] [ 87%] Built target super_odometry_msgs__rosidl_generator_py
[0.694s] [35m[1mConsolidate compiler generated dependencies of target super_odometry_msgs__rosidl_typesupport_introspection_c__pyext[0m
[0.694s] [35m[1mConsolidate compiler generated dependencies of target super_odometry_msgs__rosidl_typesupport_fastrtps_c__pyext[0m
[0.694s] [35m[1mConsolidate compiler generated dependencies of target super_odometry_msgs__rosidl_typesupport_c__pyext[0m
[0.694s] [ 91%] Built target super_odometry_msgs__rosidl_typesupport_introspection_c__pyext
[0.694s] [ 97%] Built target super_odometry_msgs__rosidl_typesupport_fastrtps_c__pyext
[0.695s] [100%] Built target super_odometry_msgs__rosidl_typesupport_c__pyext
[0.695s] running egg_info
[0.695s] writing super_odometry_msgs.egg-info/PKG-INFO
[0.695s] writing dependency_links to super_odometry_msgs.egg-info/dependency_links.txt
[0.695s] writing top-level names to super_odometry_msgs.egg-info/top_level.txt
[0.695s] /usr/local/lib/python3.10/dist-packages/setuptools_scm/_integration/setuptools.py:24: RuntimeWarning: 
[0.695s] ERROR: setuptools==59.6.0 is used in combination with setuptools-scm>=8.x
[0.695s] 
[0.695s] Your build configuration is incomplete and previously worked by accident!
[0.695s] setuptools-scm requires setuptools>=61 (recommended: >=80)
[0.695s] 
[0.695s] Suggested workaround if applicable:
[0.695s]  - migrating from the deprecated setup_requires mechanism to pep517/518
[0.695s]    and using a pyproject.toml to declare build dependencies
[0.695s]    which are reliably pre-installed before running the build tools
[0.696s] 
[0.696s]   warnings.warn(
[0.701s] listing git files failed - pretending there aren't any
[0.843s] reading manifest file 'super_odometry_msgs.egg-info/SOURCES.txt'
[0.843s] writing manifest file 'super_odometry_msgs.egg-info/SOURCES.txt'
[0.844s] [100%] Built target ament_cmake_python_build_super_odometry_msgs_egg
[0.953s] Invoked command in '/root/ros2_ws/src/build/super_odometry_msgs' returned '0': CMAKE_PREFIX_PATH=/opt/ros/humble /usr/bin/cmake --build /root/ros2_ws/src/build/super_odometry_msgs -- -j24 -l24
[0.955s] Invoking command in '/root/ros2_ws/src/build/super_odometry_msgs': CMAKE_PREFIX_PATH=/opt/ros/humble /usr/bin/cmake --install /root/ros2_ws/src/build/super_odometry_msgs
[0.998s] -- Install configuration: ""
[0.998s] -- Up-to-date: /root/ros2_ws/src/install/super_odometry_msgs/share/ament_index/resource_index/rosidl_interfaces/super_odometry_msgs
[0.998s] -- Up-to-date: /root/ros2_ws/src/install/super_odometry_msgs/include/super_odometry_msgs/super_odometry_msgs
[0.998s] -- Up-to-date: /root/ros2_ws/src/install/super_odometry_msgs/include/super_odometry_msgs/super_odometry_msgs/msg
[0.998s] -- Up-to-date: /root/ros2_ws/src/install/super_odometry_msgs/include/super_odometry_msgs/super_odometry_msgs/msg/detail
[0.998s] -- Up-to-date: /root/ros2_ws/src/install/super_odometry_msgs/include/super_odometry_msgs/super_odometry_msgs/msg/detail/iteration_stats__functions.c
[0.998s] -- Up-to-date: /root/ros2_ws/src/install/super_odometry_msgs/include/super_odometry_msgs/super_odometry_msgs/msg/detail/optimization_stats__functions.c
[0.998s] -- Up-to-date: /root/ros2_ws/src/install/super_odometry_msgs/include/super_odometry_msgs/super_odometry_msgs/msg/detail/iteration_stats__type_support.h
[0.998s] -- Up-to-date: /root/ros2_ws/src/install/super_odometry_msgs/include/super_odometry_msgs/super_odometry_msgs/msg/detail/optimization_stats__type_support.h
[0.998s] -- Up-to-date: /root/ros2_ws/src/install/super_odometry_msgs/include/super_odometry_msgs/super_odometry_msgs/msg/detail/laser_feature__functions.c
[0.998s] -- Up-to-date: /root/ros2_ws/src/install/super_odometry_msgs/include/super_odometry_msgs/super_odometry_msgs/msg/detail/iteration_stats__struct.h
[0.998s] -- Up-to-date: /root/ros2_ws/src/install/super_odometry_msgs/include/super_odometry_msgs/super_odometry_msgs/msg/detail/optimization_stats__struct.h
[0.998s] -- Up-to-date: /root/ros2_ws/src/install/super_odometry_msgs/include/super_odometry_msgs/super_odometry_msgs/msg/detail/laser_feature__struct.h
[0.998s] -- Up-to-date: /root/ros2_ws/src/install/super_odometry_msgs/include/super_odometry_msgs/super_odometry_msgs/msg/detail/laser_feature__functions.h
[0.998s] -- Up-to-date: /root/ros2_ws/src/install/super_odometry_msgs/include/super_odometry_msgs/super_odometry_msgs/msg/detail/laser_feature__type_support.h
[0.998s] -- Up-to-date: /root/ros2_ws/src/install/super_odometry_msgs/include/super_odometry_msgs/super_odometry_msgs/msg/detail/optimization_stats__functions.h
[0.998s] -- Up-to-date: /root/ros2_ws/src/install/super_odometry_msgs/include/super_odometry_msgs/super_odometry_msgs/msg/detail/iteration_stats__functions.h
[0.999s] -- Up-to-date: /root/ros2_ws/src/install/super_odometry_msgs/include/super_odometry_msgs/super_odometry_msgs/msg/laser_feature.h
[1.000s] -- Up-to-date: /root/ros2_ws/src/install/super_odometry_msgs/include/super_odometry_msgs/super_odometry_msgs/msg/rosidl_generator_c__visibility_control.h
[1.000s] -- Up-to-date: /root/ros2_ws/src/install/super_odometry_msgs/include/super_odometry_msgs/super_odometry_msgs/msg/iteration_stats.h
[1.000s] -- Up-to-date: /root/ros2_ws/src/install/super_odometry_msgs/include/super_odometry_msgs/super_odometry_msgs/msg/optimization_stats.h
[1.000s] -- Up-to-date: /root/ros2_ws/src/install/super_odometry_msgs/share/super_odometry_msgs/environment/library_path.sh
[1.000s] -- Up-to-date: /root/ros2_ws/src/install/super_odometry_msgs/share/super_odometry_msgs/environment/library_path.dsv
[1.001s] -- Up-to-date: /root/ros2_ws/src/install/super_odometry_msgs/lib/libsuper_odometry_msgs__rosidl_generator_c.so
[1.001s] -- Up-to-date: /root/ros2_ws/src/install/super_odometry_msgs/include/super_odometry_msgs/super_odometry_msgs
[1.001s] -- Up-to-date: /root/ros2_ws/src/install/super_odometry_msgs/include/super_odometry_msgs/super_odometry_msgs/msg
[1.001s] -- Up-to-date: /root/ros2_ws/src/install/super_odometry_msgs/include/super_odometry_msgs/super_odometry_msgs/msg/detail
[1.002s] -- Up-to-date: /root/ros2_ws/src/install/super_odometry_msgs/include/super_odometry_msgs/super_odometry_msgs/msg/detail/laser_feature__rosidl_typesupport_fastrtps_c.h
[1.002s] -- Up-to-date: /root/ros2_ws/src/install/super_odometry_msgs/include/super_odometry_msgs/super_odometry_msgs/msg/detail/optimization_stats__rosidl_typesupport_fastrtps_c.h
[1.002s] -- Up-to-date: /root/ros2_ws/src/install/super_odometry_msgs/include/super_odometry_msgs/super_odometry_msgs/msg/detail/iteration_stats__rosidl_typesupport_fastrtps_c.h
[1.005s] -- Up-to-date: /root/ros2_ws/src/install/super_odometry_msgs/include/super_odometry_msgs/super_odometry_msgs/msg/rosidl_typesupport_fastrtps_c__visibility_control.h
[1.005s] -- Up-to-date: /root/ros2_ws/src/install/super_odometry_msgs/lib/libsuper_odometry_msgs__rosidl_typesupport_fastrtps_c.so
[1.005s] -- Up-to-date: /root/ros2_ws/src/install/super_odometry_msgs/include/super_odometry_msgs/super_odometry_msgs
[1.005s] -- Up-to-date: /root/ros2_ws/src/install/super_odometry_msgs/include/super_odometry_msgs/super_odometry_msgs/msg
[1.005s] -- Up-to-date: /root/ros2_ws/src/install/super_odometry_msgs/include/super_odometry_msgs/super_odometry_msgs/msg/detail
[1.005s] -- Up-to-date: /root/ros2_ws/src/install/super_odometry_msgs/include/super_odometry_msgs/super_odometry_msgs/msg/detail/laser_feature__type_support.hpp
[1.005s] -- Up-to-date: /root/ros2_ws/src/install/super_odometry_msgs/include/super_odometry_msgs/super_odometry_msgs/msg/detail/iteration_stats__builder.hpp
[1.005s] -- Up-to-date: /root/ros2_ws/src/install/super_odometry_msgs/include/super_odometry_msgs/super_odometry_msgs/msg/detail/laser_feature__builder.hpp
[1.005s] -- Up-to-date: /root/ros2_ws/src/install/super_odometry_msgs/include/super_odometry_msgs/super_odometry_msgs/msg/detail/laser_feature__struct.hpp
[1.005s] -- Up-to-date: /root/ros2_ws/src/install/super_odometry_msgs/include/super_odometry_msgs/super_odometry_msgs/msg/detail/laser_feature__traits.hpp
[1.005s] -- Up-to-date: /root/ros2_ws/src/install/super_odometry_msgs/include/super_odometry_msgs/super_odometry_msgs/msg/detail/iteration_stats__type_support.hpp
[1.005s] -- Up-to-date: /root/ros2_ws/src/install/super_odometry_msgs/include/super_odometry_msgs/super_odometry_msgs/msg/detail/iteration_stats__struct.hpp
[1.006s] -- Up-to-date: /root/ros2_ws/src/install/super_odometry_msgs/include/super_odometry_msgs/super_odometry_msgs/msg/detail/optimization_stats__struct.hpp
[1.006s] -- Up-to-date: /root/ros2_ws/src/install/super_odometry_msgs/include/super_odometry_msgs/super_odometry_msgs/msg/detail/optimization_stats__type_support.hpp
[1.006s] -- Up-to-date: /root/ros2_ws/src/install/super_odometry_msgs/include/super_odometry_msgs/super_odometry_msgs/msg/detail/iteration_stats__traits.hpp
[1.006s] -- Up-to-date: /root/ros2_ws/src/install/super_odometry_msgs/include/super_odometry_msgs/super_odometry_msgs/msg/detail/optimization_stats__builder.hpp
[1.006s] -- Up-to-date: /root/ros2_ws/src/install/super_odometry_msgs/include/super_odometry_msgs/super_odometry_msgs/msg/detail/optimization_stats__traits.hpp
[1.006s] -- Up-to-date: /root/ros2_ws/src/install/super_odometry_msgs/include/super_odometry_msgs/super_odometry_msgs/msg/optimization_stats.hpp
[1.006s] -- Up-to-date: /root/ros2_ws/src/install/super_odometry_msgs/include/super_odometry_msgs/super_odometry_msgs/msg/iteration_stats.hpp
[1.006s] -- Up-to-date: /root/ros2_ws/src/install/super_odometry_msgs/include/super_odometry_msgs/super_odometry_msgs/msg/rosidl_generator_cpp__visibility_control.hpp
[1.006s] -- Up-to-date: /root/ros2_ws/src/install/super_odometry_msgs/include/super_odometry_msgs/super_odometry_msgs/msg/laser_feature.hpp
[1.006s] -- Up-to-date: /root/ros2_ws/src/install/super_odometry_msgs/include/super_odometry_msgs/super_odometry_msgs
[1.007s] -- Up-to-date: /root/ros2_ws/src/install/super_odometry_msgs/include/super_odometry_msgs/super_odometry_msgs/msg
[1.007s] -- Up-to-date: /root/ros2_ws/src/install/super_odometry_msgs/include/super_odometry_msgs/super_odometry_msgs/msg/detail
[1.007s] -- Up-to-date: /root/ros2_ws/src/install/super_odometry_msgs/include/super_odometry_msgs/super_odometry_msgs/msg/detail/laser_feature__rosidl_typesupport_fastrtps_cpp.hpp
[1.007s] -- Up-to-date: /root/ros2_ws/src/install/super_odometry_msgs/include/super_odometry_msgs/super_odometry_msgs/msg/detail/dds_fastrtps
[1.007s] -- Up-to-date: /root/ros2_ws/src/install/super_odometry_msgs/include/super_odometry_msgs/super_odometry_msgs/msg/detail/iteration_stats__rosidl_typesupport_fastrtps_cpp.hpp
[1.007s] -- Up-to-date: /root/ros2_ws/src/install/super_odometry_msgs/include/super_odometry_msgs/super_odometry_msgs/msg/detail/optimization_stats__rosidl_typesupport_fastrtps_cpp.hpp
[1.009s] -- Up-to-date: /root/ros2_ws/src/install/super_odometry_msgs/include/super_odometry_msgs/super_odometry_msgs/msg/rosidl_typesupport_fastrtps_cpp__visibility_control.h
[1.009s] -- Up-to-date: /root/ros2_ws/src/install/super_odometry_msgs/lib/libsuper_odometry_msgs__rosidl_typesupport_fastrtps_cpp.so
[1.009s] -- Up-to-date: /root/ros2_ws/src/install/super_odometry_msgs/include/super_odometry_msgs/super_odometry_msgs
[1.009s] -- Up-to-date: /root/ros2_ws/src/install/super_odometry_msgs/include/super_odometry_msgs/super_odometry_msgs/msg
[1.009s] -- Up-to-date: /root/ros2_ws/src/install/super_odometry_msgs/include/super_odometry_msgs/super_odometry_msgs/msg/rosidl_typesupport_introspection_c__visibility_control.h
[1.009s] -- Up-to-date: /root/ros2_ws/src/install/super_odometry_msgs/include/super_odometry_msgs/super_odometry_msgs/msg/detail
[1.009s] -- Up-to-date: /root/ros2_ws/src/install/super_odometry_msgs/include/super_odometry_msgs/super_odometry_msgs/msg/detail/laser_feature__rosidl_typesupport_introspection_c.h
[1.009s] -- Up-to-date: /root/ros2_ws/src/install/super_odometry_msgs/include/super_odometry_msgs/super_odometry_msgs/msg/detail/optimization_stats__type_support.c
[1.009s] -- Up-to-date: /root/ros2_ws/src/install/super_odometry_msgs/include/super_odometry_msgs/super_odometry_msgs/msg/detail/iteration_stats__type_support.c
[1.009s] -- Up-to-date: /root/ros2_ws/src/install/super_odometry_msgs/include/super_odometry_msgs/super_odometry_msgs/msg/detail/iteration_stats__rosidl_typesupport_introspection_c.h
[1.009s] -- Up-to-date: /root/ros2_ws/src/install/super_odometry_msgs/include/super_odometry_msgs/super_odometry_msgs/msg/detail/laser_feature__type_support.c
[1.009s] -- Up-to-date: /root/ros2_ws/src/install/super_odometry_msgs/include/super_odometry_msgs/super_odometry_msgs/msg/detail/optimization_stats__rosidl_typesupport_introspection_c.h
[1.009s] -- Up-to-date: /root/ros2_ws/src/install/super_odometry_msgs/lib/libsuper_odometry_msgs__rosidl_typesupport_introspection_c.so
[1.009s] -- Up-to-date: /root/ros2_ws/src/install/super_odometry_msgs/lib/libsuper_odometry_msgs__rosidl_typesupport_c.so
[1.009s] -- Up-to-date: /root/ros2_ws/src/install/super_odometry_msgs/include/super_odometry_msgs/super_odometry_msgs
[1.009s] -- Up-to-date: /root/ros2_ws/src/install/super_odometry_msgs/include/super_odometry_msgs/super_odometry_msgs/msg
[1.009s] -- Up-to-date: /root/ros2_ws/src/install/super_odometry_msgs/include/super_odometry_msgs/super_odometry_msgs/msg/detail
[1.009s] -- Up-to-date: /root/ros2_ws/src/install/super_odometry_msgs/include/super_odometry_msgs/super_odometry_msgs/msg/detail/optimization_stats__rosidl_typesupport_introspection_cpp.hpp
[1.009s] -- Up-to-date: /root/ros2_ws/src/install/super_odometry_msgs/include/super_odometry_msgs/super_odometry_msgs/msg/detail/iteration_stats__type_support.cpp
[1.009s] -- Up-to-date: /root/ros2_ws/src/install/super_odometry_msgs/include/super_odometry_msgs/super_odometry_msgs/msg/detail/optimization_stats__type_support.cpp
[1.009s] -- Up-to-date: /root/ros2_ws/src/install/super_odometry_msgs/include/super_odometry_msgs/super_odometry_msgs/msg/detail/laser_feature__rosidl_typesupport_introspection_cpp.hpp
[1.009s] -- Up-to-date: /root/ros2_ws/src/install/super_odometry_msgs/include/super_odometry_msgs/super_odometry_msgs/msg/detail/laser_feature__type_support.cpp
[1.009s] -- Up-to-date: /root/ros2_ws/src/install/super_odometry_msgs/include/super_odometry_msgs/super_odometry_msgs/msg/detail/iteration_stats__rosidl_typesupport_introspection_cpp.hpp
[1.009s] -- Up-to-date: /root/ros2_ws/src/install/super_odometry_msgs/lib/libsuper_odometry_msgs__rosidl_typesupport_introspection_cpp.so
[1.009s] -- Up-to-date: /root/ros2_ws/src/install/super_odometry_msgs/lib/libsuper_odometry_msgs__rosidl_typesupport_cpp.so
[1.009s] -- Up-to-date: /root/ros2_ws/src/install/super_odometry_msgs/share/super_odometry_msgs/environment/pythonpath.sh
[1.009s] -- Up-to-date: /root/ros2_ws/src/install/super_odometry_msgs/share/super_odometry_msgs/environment/pythonpath.dsv
[1.009s] -- Up-to-date: /root/ros2_ws/src/install/super_odometry_msgs/local/lib/python3.10/dist-packages/super_odometry_msgs-0.0.0-py3.10.egg-info
[1.009s] -- Installing: /root/ros2_ws/src/install/super_odometry_msgs/local/lib/python3.10/dist-packages/super_odometry_msgs-0.0.0-py3.10.egg-info/PKG-INFO
[1.009s] -- Installing: /root/ros2_ws/src/install/super_odometry_msgs/local/lib/python3.10/dist-packages/super_odometry_msgs-0.0.0-py3.10.egg-info/dependency_links.txt
[1.009s] -- Installing: /root/ros2_ws/src/install/super_odometry_msgs/local/lib/python3.10/dist-packages/super_odometry_msgs-0.0.0-py3.10.egg-info/SOURCES.txt
[1.009s] -- Installing: /root/ros2_ws/src/install/super_odometry_msgs/local/lib/python3.10/dist-packages/super_odometry_msgs-0.0.0-py3.10.egg-info/top_level.txt
[1.010s] -- Up-to-date: /root/ros2_ws/src/install/super_odometry_msgs/local/lib/python3.10/dist-packages/super_odometry_msgs
[1.010s] -- Up-to-date: /root/ros2_ws/src/install/super_odometry_msgs/local/lib/python3.10/dist-packages/super_odometry_msgs/super_odometry_msgs_s__rosidl_typesupport_introspection_c.cpython-310-x86_64-linux-gnu.so
[1.010s] -- Up-to-date: /root/ros2_ws/src/install/super_odometry_msgs/local/lib/python3.10/dist-packages/super_odometry_msgs/libsuper_odometry_msgs__rosidl_generator_py.so
[1.010s] -- Up-to-date: /root/ros2_ws/src/install/super_odometry_msgs/local/lib/python3.10/dist-packages/super_odometry_msgs/_super_odometry_msgs_s.ep.rosidl_typesupport_fastrtps_c.c
[1.010s] -- Up-to-date: /root/ros2_ws/src/install/super_odometry_msgs/local/lib/python3.10/dist-packages/super_odometry_msgs/_super_odometry_msgs_s.ep.rosidl_typesupport_c.c
[1.010s] -- Up-to-date: /root/ros2_ws/src/install/super_odometry_msgs/local/lib/python3.10/dist-packages/super_odometry_msgs/_super_odometry_msgs_s.ep.rosidl_typesupport_introspection_c.c
[1.010s] -- Up-to-date: /root/ros2_ws/src/install/super_odometry_msgs/local/lib/python3.10/dist-packages/super_odometry_msgs/super_odometry_msgs_s__rosidl_typesupport_fastrtps_c.cpython-310-x86_64-linux-gnu.so
[1.010s] -- Up-to-date: /root/ros2_ws/src/install/super_odometry_msgs/local/lib/python3.10/dist-packages/super_odometry_msgs/__init__.py
[1.010s] -- Up-to-date: /root/ros2_ws/src/install/super_odometry_msgs/local/lib/python3.10/dist-packages/super_odometry_msgs/msg
[1.010s] -- Up-to-date: /root/ros2_ws/src/install/super_odometry_msgs/local/lib/python3.10/dist-packages/super_odometry_msgs/msg/_iteration_stats.py
[1.010s] -- Up-to-date: /root/ros2_ws/src/install/super_odometry_msgs/local/lib/python3.10/dist-packages/super_odometry_msgs/msg/_optimization_stats.py
[1.010s] -- Up-to-date: /root/ros2_ws/src/install/super_odometry_msgs/local/lib/python3.10/dist-packages/super_odometry_msgs/msg/_optimization_stats_s.c
[1.010s] -- Up-to-date: /root/ros2_ws/src/install/super_odometry_msgs/local/lib/python3.10/dist-packages/super_odometry_msgs/msg/_laser_feature.py
[1.010s] -- Up-to-date: /root/ros2_ws/src/install/super_odometry_msgs/local/lib/python3.10/dist-packages/super_odometry_msgs/msg/_laser_feature_s.c
[1.010s] -- Up-to-date: /root/ros2_ws/src/install/super_odometry_msgs/local/lib/python3.10/dist-packages/super_odometry_msgs/msg/_iteration_stats_s.c
[1.010s] -- Up-to-date: /root/ros2_ws/src/install/super_odometry_msgs/local/lib/python3.10/dist-packages/super_odometry_msgs/msg/__init__.py
[1.010s] -- Up-to-date: /root/ros2_ws/src/install/super_odometry_msgs/local/lib/python3.10/dist-packages/super_odometry_msgs/super_odometry_msgs_s__rosidl_typesupport_c.cpython-310-x86_64-linux-gnu.so
[1.014s] Listing '/root/ros2_ws/src/install/super_odometry_msgs/local/lib/python3.10/dist-packages/super_odometry_msgs'...
[1.014s] Listing '/root/ros2_ws/src/install/super_odometry_msgs/local/lib/python3.10/dist-packages/super_odometry_msgs/msg'...
[1.014s] -- Up-to-date: /root/ros2_ws/src/install/super_odometry_msgs/local/lib/python3.10/dist-packages/super_odometry_msgs/super_odometry_msgs_s__rosidl_typesupport_fastrtps_c.cpython-310-x86_64-linux-gnu.so
[1.014s] -- Up-to-date: /root/ros2_ws/src/install/super_odometry_msgs/local/lib/python3.10/dist-packages/super_odometry_msgs/super_odometry_msgs_s__rosidl_typesupport_introspection_c.cpython-310-x86_64-linux-gnu.so
[1.014s] -- Up-to-date: /root/ros2_ws/src/install/super_odometry_msgs/local/lib/python3.10/dist-packages/super_odometry_msgs/super_odometry_msgs_s__rosidl_typesupport_c.cpython-310-x86_64-linux-gnu.so
[1.014s] -- Up-to-date: /root/ros2_ws/src/install/super_odometry_msgs/lib/libsuper_odometry_msgs__rosidl_generator_py.so
[1.015s] -- Up-to-date: /root/ros2_ws/src/install/super_odometry_msgs/share/super_odometry_msgs/msg/IterationStats.idl
[1.015s] -- Up-to-date: /root/ros2_ws/src/install/super_odometry_msgs/share/super_odometry_msgs/msg/OptimizationStats.idl
[1.015s] -- Up-to-date: /root/ros2_ws/src/install/super_odometry_msgs/share/super_odometry_msgs/msg/LaserFeature.idl
[1.015s] -- Up-to-date: /root/ros2_ws/src/install/super_odometry_msgs/share/super_odometry_msgs/msg/IterationStats.msg
[1.015s] -- Up-to-date: /root/ros2_ws/src/install/super_odometry_msgs/share/super_odometry_msgs/msg/OptimizationStats.msg
[1.015s] -- Up-to-date: /root/ros2_ws/src/install/super_odometry_msgs/share/super_odometry_msgs/msg/LaserFeature.msg
[1.015s] -- Up-to-date: /root/ros2_ws/src/install/super_odometry_msgs/share/ament_index/resource_index/package_run_dependencies/super_odometry_msgs
[1.015s] -- Up-to-date: /root/ros2_ws/src/install/super_odometry_msgs/share/ament_index/resource_index/parent_prefix_path/super_odometry_msgs
[1.015s] -- Up-to-date: /root/ros2_ws/src/install/super_odometry_msgs/share/super_odometry_msgs/environment/ament_prefix_path.sh
[1.015s] -- Up-to-date: /root/ros2_ws/src/install/super_odometry_msgs/share/super_odometry_msgs/environment/ament_prefix_path.dsv
[1.015s] -- Up-to-date: /root/ros2_ws/src/install/super_odometry_msgs/share/super_odometry_msgs/environment/path.sh
[1.015s] -- Up-to-date: /root/ros2_ws/src/install/super_odometry_msgs/share/super_odometry_msgs/environment/path.dsv
[1.015s] -- Up-to-date: /root/ros2_ws/src/install/super_odometry_msgs/share/super_odometry_msgs/local_setup.bash
[1.015s] -- Up-to-date: /root/ros2_ws/src/install/super_odometry_msgs/share/super_odometry_msgs/local_setup.sh
[1.015s] -- Up-to-date: /root/ros2_ws/src/install/super_odometry_msgs/share/super_odometry_msgs/local_setup.zsh
[1.015s] -- Up-to-date: /root/ros2_ws/src/install/super_odometry_msgs/share/super_odometry_msgs/local_setup.dsv
[1.015s] -- Installing: /root/ros2_ws/src/install/super_odometry_msgs/share/super_odometry_msgs/package.dsv
[1.015s] -- Up-to-date: /root/ros2_ws/src/install/super_odometry_msgs/share/ament_index/resource_index/packages/super_odometry_msgs
[1.015s] -- Up-to-date: /root/ros2_ws/src/install/super_odometry_msgs/share/super_odometry_msgs/cmake/export_super_odometry_msgs__rosidl_generator_cExport.cmake
[1.016s] -- Up-to-date: /root/ros2_ws/src/install/super_odometry_msgs/share/super_odometry_msgs/cmake/export_super_odometry_msgs__rosidl_generator_cExport-noconfig.cmake
[1.016s] -- Up-to-date: /root/ros2_ws/src/install/super_odometry_msgs/share/super_odometry_msgs/cmake/export_super_odometry_msgs__rosidl_typesupport_fastrtps_cExport.cmake
[1.016s] -- Up-to-date: /root/ros2_ws/src/install/super_odometry_msgs/share/super_odometry_msgs/cmake/export_super_odometry_msgs__rosidl_typesupport_fastrtps_cExport-noconfig.cmake
[1.016s] -- Up-to-date: /root/ros2_ws/src/install/super_odometry_msgs/share/super_odometry_msgs/cmake/export_super_odometry_msgs__rosidl_generator_cppExport.cmake
[1.016s] -- Up-to-date: /root/ros2_ws/src/install/super_odometry_msgs/share/super_odometry_msgs/cmake/export_super_odometry_msgs__rosidl_typesupport_fastrtps_cppExport.cmake
[1.016s] -- Up-to-date: /root/ros2_ws/src/install/super_odometry_msgs/share/super_odometry_msgs/cmake/export_super_odometry_msgs__rosidl_typesupport_fastrtps_cppExport-noconfig.cmake
[1.016s] -- Up-to-date: /root/ros2_ws/src/install/super_odometry_msgs/share/super_odometry_msgs/cmake/super_odometry_msgs__rosidl_typesupport_introspection_cExport.cmake
[1.016s] -- Up-to-date: /root/ros2_ws/src/install/super_odometry_msgs/share/super_odometry_msgs/cmake/super_odometry_msgs__rosidl_typesupport_introspection_cExport-noconfig.cmake
[1.016s] -- Up-to-date: /root/ros2_ws/src/install/super_odometry_msgs/share/super_odometry_msgs/cmake/super_odometry_msgs__rosidl_typesupport_cExport.cmake
[1.016s] -- Up-to-date: /root/ros2_ws/src/install/super_odometry_msgs/share/super_odometry_msgs/cmake/super_odometry_msgs__rosidl_typesupport_cExport-noconfig.cmake
[1.016s] -- Up-to-date: /root/ros2_ws/src/install/super_odometry_msgs/share/super_odometry_msgs/cmake/super_odometry_msgs__rosidl_typesupport_introspection_cppExport.cmake
[1.016s] -- Up-to-date: /root/ros2_ws/src/install/super_odometry_msgs/share/super_odometry_msgs/cmake/super_odometry_msgs__rosidl_typesupport_introspection_cppExport-noconfig.cmake
[1.016s] -- Up-to-date: /root/ros2_ws/src/install/super_odometry_msgs/share/super_odometry_msgs/cmake/super_odometry_msgs__rosidl_typesupport_cppExport.cmake
[1.016s] -- Up-to-date: /root/ros2_ws/src/install/super_odometry_msgs/share/super_odometry_msgs/cmake/super_odometry_msgs__rosidl_typesupport_cppExport-noconfig.cmake
[1.016s] -- Up-to-date: /root/ros2_ws/src/install/super_odometry_msgs/share/super_odometry_msgs/cmake/export_super_odometry_msgs__rosidl_generator_pyExport.cmake
[1.016s] -- Up-to-date: /root/ros2_ws/src/install/super_odometry_msgs/share/super_odometry_msgs/cmake/export_super_odometry_msgs__rosidl_generator_pyExport-noconfig.cmake
[1.016s] -- Up-to-date: /root/ros2_ws/src/install/super_odometry_msgs/share/super_odometry_msgs/cmake/rosidl_cmake-extras.cmake
[1.016s] -- Up-to-date: /root/ros2_ws/src/install/super_odometry_msgs/share/super_odometry_msgs/cmake/ament_cmake_export_dependencies-extras.cmake
[1.016s] -- Up-to-date: /root/ros2_ws/src/install/super_odometry_msgs/share/super_odometry_msgs/cmake/ament_cmake_export_include_directories-extras.cmake
[1.016s] -- Up-to-date: /root/ros2_ws/src/install/super_odometry_msgs/share/super_odometry_msgs/cmake/ament_cmake_export_libraries-extras.cmake
[1.016s] -- Up-to-date: /root/ros2_ws/src/install/super_odometry_msgs/share/super_odometry_msgs/cmake/ament_cmake_export_targets-extras.cmake
[1.016s] -- Up-to-date: /root/ros2_ws/src/install/super_odometry_msgs/share/super_odometry_msgs/cmake/rosidl_cmake_export_typesupport_targets-extras.cmake
[1.016s] -- Up-to-date: /root/ros2_ws/src/install/super_odometry_msgs/share/super_odometry_msgs/cmake/rosidl_cmake_export_typesupport_libraries-extras.cmake
[1.016s] -- Up-to-date: /root/ros2_ws/src/install/super_odometry_msgs/share/super_odometry_msgs/cmake/super_odometry_msgsConfig.cmake
[1.016s] -- Up-to-date: /root/ros2_ws/src/install/super_odometry_msgs/share/super_odometry_msgs/cmake/super_odometry_msgsConfig-version.cmake
[1.016s] -- Up-to-date: /root/ros2_ws/src/install/super_odometry_msgs/share/super_odometry_msgs/package.xml
[1.046s] Invoked command in '/root/ros2_ws/src/build/super_odometry_msgs' returned '0': CMAKE_PREFIX_PATH=/opt/ros/humble /usr/bin/cmake --install /root/ros2_ws/src/build/super_odometry_msgs
