[0.218s] Invoking command in '/root/ros2_ws/src/build/rviz_2d_overlay_msgs': CMAKE_PREFIX_PATH=/opt/ros/humble /usr/bin/cmake /root/ros2_ws/src/slam/rviz_2d_overlay_plugins/rviz_2d_overlay_msgs -DROS_EDITION=ROS2 -DHUMBLE_ROS=humble -DCMAKE_INSTALL_PREFIX=/root/ros2_ws/src/install/rviz_2d_overlay_msgs
[0.459s] -- The C compiler identification is GNU 11.4.0
[0.459s] -- The CXX compiler identification is GNU 11.4.0
[0.460s] -- Detecting C compiler ABI info
[0.460s] -- Detecting C compiler ABI info - done
[0.460s] -- Check for working C compiler: /usr/bin/cc - skipped
[0.460s] -- Detecting C compile features
[0.460s] -- Detecting C compile features - done
[0.460s] -- Detecting CXX compiler ABI info
[0.460s] -- Detecting CXX compiler ABI info - done
[0.460s] -- Check for working CXX compiler: /usr/bin/c++ - skipped
[0.460s] -- Detecting CXX compile features
[0.460s] -- Detecting CXX compile features - done
[0.460s] -- Found ament_cmake: 1.3.12 (/opt/ros/humble/share/ament_cmake/cmake)
[0.701s] -- Found Python3: /usr/bin/python3 (found version "3.10.12") found components: Interpreter 
[0.854s] -- Found rosidl_default_generators: 1.2.0 (/opt/ros/humble/share/rosidl_default_generators/cmake)
[0.870s] -- Using all available rosidl_typesupport_c: rosidl_typesupport_fastrtps_c;rosidl_typesupport_introspection_c
[0.901s] -- Found rosidl_adapter: 3.1.8 (/opt/ros/humble/share/rosidl_adapter/cmake)
[0.994s] -- Using all available rosidl_typesupport_cpp: rosidl_typesupport_fastrtps_cpp;rosidl_typesupport_introspection_cpp
[1.067s] -- Found std_msgs: 4.9.0 (/opt/ros/humble/share/std_msgs/cmake)
[1.372s] -- Found ament_cmake_ros: 0.10.0 (/opt/ros/humble/share/ament_cmake_ros/cmake)
[1.629s] -- Using all available rosidl_typesupport_c: rosidl_typesupport_fastrtps_c;rosidl_typesupport_introspection_c
[2.003s] -- Using all available rosidl_typesupport_cpp: rosidl_typesupport_fastrtps_cpp;rosidl_typesupport_introspection_cpp
[2.041s] -- Found PythonInterp: /usr/bin/python3 (found suitable version "3.10.12", minimum required is "3.6") 
[2.054s] -- Found python_cmake_module: 0.10.0 (/opt/ros/humble/share/python_cmake_module/cmake)
[2.088s] -- Found PythonLibs: /usr/lib/x86_64-linux-gnu/libpython3.10.so (found suitable version "3.10.12", minimum required is "3.5") 
[2.088s] -- Using PYTHON_EXECUTABLE: /usr/bin/python3
[2.088s] -- Using PYTHON_INCLUDE_DIRS: /usr/include/python3.10
[2.088s] -- Using PYTHON_LIBRARIES: /usr/lib/x86_64-linux-gnu/libpython3.10.so
[2.115s] -- Found PythonExtra: .so  
[2.458s] -- Using numpy include directory: /usr/local/lib/python3.10/dist-packages/numpy/core/include
[2.482s] -- Configuring done
[2.536s] -- Generating done
[2.539s] [33mCMake Warning:
[2.540s]   Manually-specified variables were not used by the project:
[2.540s] 
[2.540s]     HUMBLE_ROS
[2.540s]     ROS_EDITION
[2.540s] 
[2.540s] [0m
[2.557s] -- Build files have been written to: /root/ros2_ws/src/build/rviz_2d_overlay_msgs
[2.641s] Invoked command in '/root/ros2_ws/src/build/rviz_2d_overlay_msgs' returned '0': CMAKE_PREFIX_PATH=/opt/ros/humble /usr/bin/cmake /root/ros2_ws/src/slam/rviz_2d_overlay_plugins/rviz_2d_overlay_msgs -DROS_EDITION=ROS2 -DHUMBLE_ROS=humble -DCMAKE_INSTALL_PREFIX=/root/ros2_ws/src/install/rviz_2d_overlay_msgs
[2.643s] Invoking command in '/root/ros2_ws/src/build/rviz_2d_overlay_msgs': CMAKE_PREFIX_PATH=/opt/ros/humble /usr/bin/cmake --build /root/ros2_ws/src/build/rviz_2d_overlay_msgs -- -j24 -l24
[2.700s] [  3%] [34m[1mGenerating C code for ROS interfaces[0m
[2.721s] [  6%] [34m[1mGenerating C++ code for ROS interfaces[0m
[2.734s] [  6%] Built target ament_cmake_python_copy_rviz_2d_overlay_msgs
[3.263s] [  9%] [32mBuilding C object CMakeFiles/rviz_2d_overlay_msgs__rosidl_generator_c.dir/rosidl_generator_c/rviz_2d_overlay_msgs/msg/detail/overlay_text__functions.c.o[0m
[3.319s] [  9%] Built target rviz_2d_overlay_msgs__cpp
[3.354s] [ 12%] [34m[1mGenerating C++ type support for eProsima Fast-RTPS[0m
[3.357s] [ 16%] [34m[1mGenerating C++ introspection for ROS interfaces[0m
[3.359s] [ 19%] [34m[1mGenerating C++ type support dispatch for ROS interfaces[0m
[3.413s] /usr/local/lib/python3.10/dist-packages/setuptools_scm/_integration/setuptools.py:24: RuntimeWarning: 
[3.413s] ERROR: setuptools==59.6.0 is used in combination with setuptools-scm>=8.x
[3.413s] 
[3.413s] Your build configuration is incomplete and previously worked by accident!
[3.413s] setuptools-scm requires setuptools>=61 (recommended: >=80)
[3.413s] 
[3.413s] Suggested workaround if applicable:
[3.413s]  - migrating from the deprecated setup_requires mechanism to pep517/518
[3.414s]    and using a pyproject.toml to declare build dependencies
[3.414s]    which are reliably pre-installed before running the build tools
[3.414s] 
[3.414s]   warnings.warn(
[3.421s] running egg_info
[3.422s] creating rviz_2d_overlay_msgs.egg-info
[3.423s] writing rviz_2d_overlay_msgs.egg-info/PKG-INFO
[3.423s] writing dependency_links to rviz_2d_overlay_msgs.egg-info/dependency_links.txt
[3.423s] writing top-level names to rviz_2d_overlay_msgs.egg-info/top_level.txt
[3.423s] writing manifest file 'rviz_2d_overlay_msgs.egg-info/SOURCES.txt'
[3.455s] [ 22%] [32m[1mLinking C shared library librviz_2d_overlay_msgs__rosidl_generator_c.so[0m
[3.503s] listing git files failed - pretending there aren't any
[3.622s] [ 22%] Built target rviz_2d_overlay_msgs__rosidl_generator_c
[3.655s] [ 25%] [34m[1mGenerating C introspection for ROS interfaces[0m
[3.669s] [ 29%] [34m[1mGenerating C type support dispatch for ROS interfaces[0m
[3.670s] [ 32%] [34m[1mGenerating C type support for eProsima Fast-RTPS[0m
[3.988s] reading manifest file 'rviz_2d_overlay_msgs.egg-info/SOURCES.txt'
[3.989s] writing manifest file 'rviz_2d_overlay_msgs.egg-info/SOURCES.txt'
[4.087s] [ 32%] Built target ament_cmake_python_build_rviz_2d_overlay_msgs_egg
[4.096s] [ 35%] [32mBuilding CXX object CMakeFiles/rviz_2d_overlay_msgs__rosidl_typesupport_cpp.dir/rosidl_typesupport_cpp/rviz_2d_overlay_msgs/msg/overlay_text__type_support.cpp.o[0m
[4.226s] [ 38%] [32mBuilding CXX object CMakeFiles/rviz_2d_overlay_msgs__rosidl_typesupport_fastrtps_cpp.dir/rosidl_typesupport_fastrtps_cpp/rviz_2d_overlay_msgs/msg/detail/dds_fastrtps/overlay_text__type_support.cpp.o[0m
[4.323s] [ 41%] [32mBuilding CXX object CMakeFiles/rviz_2d_overlay_msgs__rosidl_typesupport_introspection_cpp.dir/rosidl_typesupport_introspection_cpp/rviz_2d_overlay_msgs/msg/detail/overlay_text__type_support.cpp.o[0m
[4.483s] [ 45%] [32mBuilding CXX object CMakeFiles/rviz_2d_overlay_msgs__rosidl_typesupport_c.dir/rosidl_typesupport_c/rviz_2d_overlay_msgs/msg/overlay_text__type_support.cpp.o[0m
[4.576s] [ 48%] [32m[1mLinking CXX shared library librviz_2d_overlay_msgs__rosidl_typesupport_c.so[0m
[4.630s] [ 51%] [32mBuilding C object CMakeFiles/rviz_2d_overlay_msgs__rosidl_typesupport_introspection_c.dir/rosidl_typesupport_introspection_c/rviz_2d_overlay_msgs/msg/detail/overlay_text__type_support.c.o[0m
[4.631s] [ 54%] [32mBuilding CXX object CMakeFiles/rviz_2d_overlay_msgs__rosidl_typesupport_fastrtps_c.dir/rosidl_typesupport_fastrtps_c/rviz_2d_overlay_msgs/msg/detail/overlay_text__type_support_c.cpp.o[0m
[4.702s] [ 54%] Built target rviz_2d_overlay_msgs__rosidl_typesupport_c
[4.769s] [ 58%] [32m[1mLinking C shared library librviz_2d_overlay_msgs__rosidl_typesupport_introspection_c.so[0m
[4.785s] [ 61%] [32m[1mLinking CXX shared library librviz_2d_overlay_msgs__rosidl_typesupport_cpp.so[0m
[4.835s] [ 61%] Built target rviz_2d_overlay_msgs__rosidl_typesupport_introspection_c
[4.864s] [ 61%] Built target rviz_2d_overlay_msgs__rosidl_typesupport_cpp
[5.243s] [ 64%] [32m[1mLinking CXX shared library librviz_2d_overlay_msgs__rosidl_typesupport_introspection_cpp.so[0m
[5.283s] [ 67%] [32m[1mLinking CXX shared library librviz_2d_overlay_msgs__rosidl_typesupport_fastrtps_c.so[0m
[5.298s] [ 70%] [32m[1mLinking CXX shared library librviz_2d_overlay_msgs__rosidl_typesupport_fastrtps_cpp.so[0m
[5.522s] [ 70%] Built target rviz_2d_overlay_msgs__rosidl_typesupport_introspection_cpp
[5.695s] [ 70%] Built target rviz_2d_overlay_msgs__rosidl_typesupport_fastrtps_c
[5.746s] [ 70%] Built target rviz_2d_overlay_msgs__rosidl_typesupport_fastrtps_cpp
[5.858s] [ 70%] Built target rviz_2d_overlay_msgs
[5.946s] [ 74%] [34m[1mGenerating Python code for ROS interfaces[0m
[8.762s] [ 74%] Built target rviz_2d_overlay_msgs__py
[8.832s] [ 77%] [32mBuilding C object CMakeFiles/rviz_2d_overlay_msgs__rosidl_generator_py.dir/rosidl_generator_py/rviz_2d_overlay_msgs/msg/_overlay_text_s.c.o[0m
[9.053s] [ 80%] [32m[1mLinking C shared library rosidl_generator_py/rviz_2d_overlay_msgs/librviz_2d_overlay_msgs__rosidl_generator_py.so[0m
[9.222s] [ 80%] Built target rviz_2d_overlay_msgs__rosidl_generator_py
[9.276s] [ 83%] [32mBuilding C object CMakeFiles/rviz_2d_overlay_msgs__rosidl_typesupport_introspection_c__pyext.dir/rosidl_generator_py/rviz_2d_overlay_msgs/_rviz_2d_overlay_msgs_s.ep.rosidl_typesupport_introspection_c.c.o[0m
[9.306s] [ 87%] [32mBuilding C object CMakeFiles/rviz_2d_overlay_msgs__rosidl_typesupport_fastrtps_c__pyext.dir/rosidl_generator_py/rviz_2d_overlay_msgs/_rviz_2d_overlay_msgs_s.ep.rosidl_typesupport_fastrtps_c.c.o[0m
[9.337s] [ 90%] [32mBuilding C object CMakeFiles/rviz_2d_overlay_msgs__rosidl_typesupport_c__pyext.dir/rosidl_generator_py/rviz_2d_overlay_msgs/_rviz_2d_overlay_msgs_s.ep.rosidl_typesupport_c.c.o[0m
[9.601s] [ 93%] [32m[1mLinking C shared library rosidl_generator_py/rviz_2d_overlay_msgs/rviz_2d_overlay_msgs_s__rosidl_typesupport_c.cpython-310-x86_64-linux-gnu.so[0m
[9.747s] [ 93%] Built target rviz_2d_overlay_msgs__rosidl_typesupport_c__pyext
[9.759s] [ 96%] [32m[1mLinking C shared library rosidl_generator_py/rviz_2d_overlay_msgs/rviz_2d_overlay_msgs_s__rosidl_typesupport_introspection_c.cpython-310-x86_64-linux-gnu.so[0m
[9.794s] [100%] [32m[1mLinking C shared library rosidl_generator_py/rviz_2d_overlay_msgs/rviz_2d_overlay_msgs_s__rosidl_typesupport_fastrtps_c.cpython-310-x86_64-linux-gnu.so[0m
[9.907s] [100%] Built target rviz_2d_overlay_msgs__rosidl_typesupport_introspection_c__pyext
[9.925s] [100%] Built target rviz_2d_overlay_msgs__rosidl_typesupport_fastrtps_c__pyext
[9.994s] Invoked command in '/root/ros2_ws/src/build/rviz_2d_overlay_msgs' returned '0': CMAKE_PREFIX_PATH=/opt/ros/humble /usr/bin/cmake --build /root/ros2_ws/src/build/rviz_2d_overlay_msgs -- -j24 -l24
[9.996s] Invoking command in '/root/ros2_ws/src/build/rviz_2d_overlay_msgs': CMAKE_PREFIX_PATH=/opt/ros/humble /usr/bin/cmake --install /root/ros2_ws/src/build/rviz_2d_overlay_msgs
[11.406s] -- Install configuration: ""
[11.406s] -- Installing: /root/ros2_ws/src/install/rviz_2d_overlay_msgs/share/ament_index/resource_index/rosidl_interfaces/rviz_2d_overlay_msgs
[11.407s] -- Installing: /root/ros2_ws/src/install/rviz_2d_overlay_msgs/include/rviz_2d_overlay_msgs/rviz_2d_overlay_msgs
[11.407s] -- Installing: /root/ros2_ws/src/install/rviz_2d_overlay_msgs/include/rviz_2d_overlay_msgs/rviz_2d_overlay_msgs/msg
[11.407s] -- Installing: /root/ros2_ws/src/install/rviz_2d_overlay_msgs/include/rviz_2d_overlay_msgs/rviz_2d_overlay_msgs/msg/detail
[11.407s] -- Installing: /root/ros2_ws/src/install/rviz_2d_overlay_msgs/include/rviz_2d_overlay_msgs/rviz_2d_overlay_msgs/msg/detail/overlay_text__struct.h
[11.407s] -- Installing: /root/ros2_ws/src/install/rviz_2d_overlay_msgs/include/rviz_2d_overlay_msgs/rviz_2d_overlay_msgs/msg/detail/overlay_text__type_support.h
[11.407s] -- Installing: /root/ros2_ws/src/install/rviz_2d_overlay_msgs/include/rviz_2d_overlay_msgs/rviz_2d_overlay_msgs/msg/detail/overlay_text__functions.h
[11.407s] -- Installing: /root/ros2_ws/src/install/rviz_2d_overlay_msgs/include/rviz_2d_overlay_msgs/rviz_2d_overlay_msgs/msg/detail/overlay_text__functions.c
[11.407s] -- Installing: /root/ros2_ws/src/install/rviz_2d_overlay_msgs/include/rviz_2d_overlay_msgs/rviz_2d_overlay_msgs/msg/rosidl_generator_c__visibility_control.h
[11.408s] -- Installing: /root/ros2_ws/src/install/rviz_2d_overlay_msgs/include/rviz_2d_overlay_msgs/rviz_2d_overlay_msgs/msg/overlay_text.h
[11.408s] -- Installing: /root/ros2_ws/src/install/rviz_2d_overlay_msgs/share/rviz_2d_overlay_msgs/environment/library_path.sh
[11.408s] -- Installing: /root/ros2_ws/src/install/rviz_2d_overlay_msgs/share/rviz_2d_overlay_msgs/environment/library_path.dsv
[11.408s] -- Installing: /root/ros2_ws/src/install/rviz_2d_overlay_msgs/lib/librviz_2d_overlay_msgs__rosidl_generator_c.so
[11.408s] -- Set runtime path of "/root/ros2_ws/src/install/rviz_2d_overlay_msgs/lib/librviz_2d_overlay_msgs__rosidl_generator_c.so" to ""
[11.408s] -- Up-to-date: /root/ros2_ws/src/install/rviz_2d_overlay_msgs/include/rviz_2d_overlay_msgs/rviz_2d_overlay_msgs
[11.408s] -- Up-to-date: /root/ros2_ws/src/install/rviz_2d_overlay_msgs/include/rviz_2d_overlay_msgs/rviz_2d_overlay_msgs/msg
[11.408s] -- Up-to-date: /root/ros2_ws/src/install/rviz_2d_overlay_msgs/include/rviz_2d_overlay_msgs/rviz_2d_overlay_msgs/msg/detail
[11.408s] -- Installing: /root/ros2_ws/src/install/rviz_2d_overlay_msgs/include/rviz_2d_overlay_msgs/rviz_2d_overlay_msgs/msg/detail/overlay_text__rosidl_typesupport_fastrtps_c.h
[11.408s] -- Installing: /root/ros2_ws/src/install/rviz_2d_overlay_msgs/include/rviz_2d_overlay_msgs/rviz_2d_overlay_msgs/msg/rosidl_typesupport_fastrtps_c__visibility_control.h
[11.408s] -- Installing: /root/ros2_ws/src/install/rviz_2d_overlay_msgs/lib/librviz_2d_overlay_msgs__rosidl_typesupport_fastrtps_c.so
[11.408s] -- Set runtime path of "/root/ros2_ws/src/install/rviz_2d_overlay_msgs/lib/librviz_2d_overlay_msgs__rosidl_typesupport_fastrtps_c.so" to ""
[11.408s] -- Up-to-date: /root/ros2_ws/src/install/rviz_2d_overlay_msgs/include/rviz_2d_overlay_msgs/rviz_2d_overlay_msgs
[11.408s] -- Up-to-date: /root/ros2_ws/src/install/rviz_2d_overlay_msgs/include/rviz_2d_overlay_msgs/rviz_2d_overlay_msgs/msg
[11.408s] -- Installing: /root/ros2_ws/src/install/rviz_2d_overlay_msgs/include/rviz_2d_overlay_msgs/rviz_2d_overlay_msgs/msg/rosidl_typesupport_introspection_c__visibility_control.h
[11.408s] -- Up-to-date: /root/ros2_ws/src/install/rviz_2d_overlay_msgs/include/rviz_2d_overlay_msgs/rviz_2d_overlay_msgs/msg/detail
[11.408s] -- Installing: /root/ros2_ws/src/install/rviz_2d_overlay_msgs/include/rviz_2d_overlay_msgs/rviz_2d_overlay_msgs/msg/detail/overlay_text__rosidl_typesupport_introspection_c.h
[11.408s] -- Installing: /root/ros2_ws/src/install/rviz_2d_overlay_msgs/include/rviz_2d_overlay_msgs/rviz_2d_overlay_msgs/msg/detail/overlay_text__type_support.c
[11.408s] -- Installing: /root/ros2_ws/src/install/rviz_2d_overlay_msgs/lib/librviz_2d_overlay_msgs__rosidl_typesupport_introspection_c.so
[11.408s] -- Set runtime path of "/root/ros2_ws/src/install/rviz_2d_overlay_msgs/lib/librviz_2d_overlay_msgs__rosidl_typesupport_introspection_c.so" to ""
[11.408s] -- Installing: /root/ros2_ws/src/install/rviz_2d_overlay_msgs/lib/librviz_2d_overlay_msgs__rosidl_typesupport_c.so
[11.408s] -- Set runtime path of "/root/ros2_ws/src/install/rviz_2d_overlay_msgs/lib/librviz_2d_overlay_msgs__rosidl_typesupport_c.so" to ""
[11.409s] -- Up-to-date: /root/ros2_ws/src/install/rviz_2d_overlay_msgs/include/rviz_2d_overlay_msgs/rviz_2d_overlay_msgs
[11.409s] -- Up-to-date: /root/ros2_ws/src/install/rviz_2d_overlay_msgs/include/rviz_2d_overlay_msgs/rviz_2d_overlay_msgs/msg
[11.409s] -- Installing: /root/ros2_ws/src/install/rviz_2d_overlay_msgs/include/rviz_2d_overlay_msgs/rviz_2d_overlay_msgs/msg/overlay_text.hpp
[11.409s] -- Up-to-date: /root/ros2_ws/src/install/rviz_2d_overlay_msgs/include/rviz_2d_overlay_msgs/rviz_2d_overlay_msgs/msg/detail
[11.409s] -- Installing: /root/ros2_ws/src/install/rviz_2d_overlay_msgs/include/rviz_2d_overlay_msgs/rviz_2d_overlay_msgs/msg/detail/overlay_text__builder.hpp
[11.409s] -- Installing: /root/ros2_ws/src/install/rviz_2d_overlay_msgs/include/rviz_2d_overlay_msgs/rviz_2d_overlay_msgs/msg/detail/overlay_text__struct.hpp
[11.409s] -- Installing: /root/ros2_ws/src/install/rviz_2d_overlay_msgs/include/rviz_2d_overlay_msgs/rviz_2d_overlay_msgs/msg/detail/overlay_text__type_support.hpp
[11.409s] -- Installing: /root/ros2_ws/src/install/rviz_2d_overlay_msgs/include/rviz_2d_overlay_msgs/rviz_2d_overlay_msgs/msg/detail/overlay_text__traits.hpp
[11.409s] -- Installing: /root/ros2_ws/src/install/rviz_2d_overlay_msgs/include/rviz_2d_overlay_msgs/rviz_2d_overlay_msgs/msg/rosidl_generator_cpp__visibility_control.hpp
[11.409s] -- Up-to-date: /root/ros2_ws/src/install/rviz_2d_overlay_msgs/include/rviz_2d_overlay_msgs/rviz_2d_overlay_msgs
[11.409s] -- Up-to-date: /root/ros2_ws/src/install/rviz_2d_overlay_msgs/include/rviz_2d_overlay_msgs/rviz_2d_overlay_msgs/msg
[11.409s] -- Up-to-date: /root/ros2_ws/src/install/rviz_2d_overlay_msgs/include/rviz_2d_overlay_msgs/rviz_2d_overlay_msgs/msg/detail
[11.409s] -- Installing: /root/ros2_ws/src/install/rviz_2d_overlay_msgs/include/rviz_2d_overlay_msgs/rviz_2d_overlay_msgs/msg/detail/dds_fastrtps
[11.409s] -- Installing: /root/ros2_ws/src/install/rviz_2d_overlay_msgs/include/rviz_2d_overlay_msgs/rviz_2d_overlay_msgs/msg/detail/overlay_text__rosidl_typesupport_fastrtps_cpp.hpp
[11.409s] -- Installing: /root/ros2_ws/src/install/rviz_2d_overlay_msgs/include/rviz_2d_overlay_msgs/rviz_2d_overlay_msgs/msg/rosidl_typesupport_fastrtps_cpp__visibility_control.h
[11.410s] -- Installing: /root/ros2_ws/src/install/rviz_2d_overlay_msgs/lib/librviz_2d_overlay_msgs__rosidl_typesupport_fastrtps_cpp.so
[11.410s] -- Set runtime path of "/root/ros2_ws/src/install/rviz_2d_overlay_msgs/lib/librviz_2d_overlay_msgs__rosidl_typesupport_fastrtps_cpp.so" to ""
[11.415s] -- Up-to-date: /root/ros2_ws/src/install/rviz_2d_overlay_msgs/include/rviz_2d_overlay_msgs/rviz_2d_overlay_msgs
[11.415s] -- Up-to-date: /root/ros2_ws/src/install/rviz_2d_overlay_msgs/include/rviz_2d_overlay_msgs/rviz_2d_overlay_msgs/msg
[11.415s] -- Up-to-date: /root/ros2_ws/src/install/rviz_2d_overlay_msgs/include/rviz_2d_overlay_msgs/rviz_2d_overlay_msgs/msg/detail
[11.415s] -- Installing: /root/ros2_ws/src/install/rviz_2d_overlay_msgs/include/rviz_2d_overlay_msgs/rviz_2d_overlay_msgs/msg/detail/overlay_text__rosidl_typesupport_introspection_cpp.hpp
[11.415s] -- Installing: /root/ros2_ws/src/install/rviz_2d_overlay_msgs/include/rviz_2d_overlay_msgs/rviz_2d_overlay_msgs/msg/detail/overlay_text__type_support.cpp
[11.415s] -- Installing: /root/ros2_ws/src/install/rviz_2d_overlay_msgs/lib/librviz_2d_overlay_msgs__rosidl_typesupport_introspection_cpp.so
[11.416s] -- Set runtime path of "/root/ros2_ws/src/install/rviz_2d_overlay_msgs/lib/librviz_2d_overlay_msgs__rosidl_typesupport_introspection_cpp.so" to ""
[11.416s] -- Installing: /root/ros2_ws/src/install/rviz_2d_overlay_msgs/lib/librviz_2d_overlay_msgs__rosidl_typesupport_cpp.so
[11.416s] -- Set runtime path of "/root/ros2_ws/src/install/rviz_2d_overlay_msgs/lib/librviz_2d_overlay_msgs__rosidl_typesupport_cpp.so" to ""
[11.416s] -- Installing: /root/ros2_ws/src/install/rviz_2d_overlay_msgs/share/rviz_2d_overlay_msgs/environment/pythonpath.sh
[11.416s] -- Installing: /root/ros2_ws/src/install/rviz_2d_overlay_msgs/share/rviz_2d_overlay_msgs/environment/pythonpath.dsv
[11.416s] -- Installing: /root/ros2_ws/src/install/rviz_2d_overlay_msgs/local/lib/python3.10/dist-packages/rviz_2d_overlay_msgs-1.4.0-py3.10.egg-info
[11.416s] -- Installing: /root/ros2_ws/src/install/rviz_2d_overlay_msgs/local/lib/python3.10/dist-packages/rviz_2d_overlay_msgs-1.4.0-py3.10.egg-info/PKG-INFO
[11.416s] -- Installing: /root/ros2_ws/src/install/rviz_2d_overlay_msgs/local/lib/python3.10/dist-packages/rviz_2d_overlay_msgs-1.4.0-py3.10.egg-info/dependency_links.txt
[11.416s] -- Installing: /root/ros2_ws/src/install/rviz_2d_overlay_msgs/local/lib/python3.10/dist-packages/rviz_2d_overlay_msgs-1.4.0-py3.10.egg-info/SOURCES.txt
[11.416s] -- Installing: /root/ros2_ws/src/install/rviz_2d_overlay_msgs/local/lib/python3.10/dist-packages/rviz_2d_overlay_msgs-1.4.0-py3.10.egg-info/top_level.txt
[11.416s] -- Installing: /root/ros2_ws/src/install/rviz_2d_overlay_msgs/local/lib/python3.10/dist-packages/rviz_2d_overlay_msgs
[11.416s] -- Installing: /root/ros2_ws/src/install/rviz_2d_overlay_msgs/local/lib/python3.10/dist-packages/rviz_2d_overlay_msgs/rviz_2d_overlay_msgs_s__rosidl_typesupport_fastrtps_c.cpython-310-x86_64-linux-gnu.so
[11.416s] -- Installing: /root/ros2_ws/src/install/rviz_2d_overlay_msgs/local/lib/python3.10/dist-packages/rviz_2d_overlay_msgs/rviz_2d_overlay_msgs_s__rosidl_typesupport_c.cpython-310-x86_64-linux-gnu.so
[11.416s] -- Installing: /root/ros2_ws/src/install/rviz_2d_overlay_msgs/local/lib/python3.10/dist-packages/rviz_2d_overlay_msgs/librviz_2d_overlay_msgs__rosidl_generator_py.so
[11.416s] -- Installing: /root/ros2_ws/src/install/rviz_2d_overlay_msgs/local/lib/python3.10/dist-packages/rviz_2d_overlay_msgs/rviz_2d_overlay_msgs_s__rosidl_typesupport_introspection_c.cpython-310-x86_64-linux-gnu.so
[11.416s] -- Installing: /root/ros2_ws/src/install/rviz_2d_overlay_msgs/local/lib/python3.10/dist-packages/rviz_2d_overlay_msgs/_rviz_2d_overlay_msgs_s.ep.rosidl_typesupport_fastrtps_c.c
[11.416s] -- Installing: /root/ros2_ws/src/install/rviz_2d_overlay_msgs/local/lib/python3.10/dist-packages/rviz_2d_overlay_msgs/_rviz_2d_overlay_msgs_s.ep.rosidl_typesupport_introspection_c.c
[11.416s] -- Installing: /root/ros2_ws/src/install/rviz_2d_overlay_msgs/local/lib/python3.10/dist-packages/rviz_2d_overlay_msgs/_rviz_2d_overlay_msgs_s.ep.rosidl_typesupport_c.c
[11.416s] -- Installing: /root/ros2_ws/src/install/rviz_2d_overlay_msgs/local/lib/python3.10/dist-packages/rviz_2d_overlay_msgs/__init__.py
[11.416s] -- Installing: /root/ros2_ws/src/install/rviz_2d_overlay_msgs/local/lib/python3.10/dist-packages/rviz_2d_overlay_msgs/msg
[11.416s] -- Installing: /root/ros2_ws/src/install/rviz_2d_overlay_msgs/local/lib/python3.10/dist-packages/rviz_2d_overlay_msgs/msg/_overlay_text.py
[11.417s] -- Installing: /root/ros2_ws/src/install/rviz_2d_overlay_msgs/local/lib/python3.10/dist-packages/rviz_2d_overlay_msgs/msg/__init__.py
[11.417s] -- Installing: /root/ros2_ws/src/install/rviz_2d_overlay_msgs/local/lib/python3.10/dist-packages/rviz_2d_overlay_msgs/msg/_overlay_text_s.c
[11.417s] Listing '/root/ros2_ws/src/install/rviz_2d_overlay_msgs/local/lib/python3.10/dist-packages/rviz_2d_overlay_msgs'...
[11.417s] Compiling '/root/ros2_ws/src/install/rviz_2d_overlay_msgs/local/lib/python3.10/dist-packages/rviz_2d_overlay_msgs/__init__.py'...
[11.417s] Listing '/root/ros2_ws/src/install/rviz_2d_overlay_msgs/local/lib/python3.10/dist-packages/rviz_2d_overlay_msgs/msg'...
[11.417s] Compiling '/root/ros2_ws/src/install/rviz_2d_overlay_msgs/local/lib/python3.10/dist-packages/rviz_2d_overlay_msgs/msg/__init__.py'...
[11.417s] Compiling '/root/ros2_ws/src/install/rviz_2d_overlay_msgs/local/lib/python3.10/dist-packages/rviz_2d_overlay_msgs/msg/_overlay_text.py'...
[11.417s] -- Installing: /root/ros2_ws/src/install/rviz_2d_overlay_msgs/local/lib/python3.10/dist-packages/rviz_2d_overlay_msgs/rviz_2d_overlay_msgs_s__rosidl_typesupport_fastrtps_c.cpython-310-x86_64-linux-gnu.so
[11.417s] -- Set runtime path of "/root/ros2_ws/src/install/rviz_2d_overlay_msgs/local/lib/python3.10/dist-packages/rviz_2d_overlay_msgs/rviz_2d_overlay_msgs_s__rosidl_typesupport_fastrtps_c.cpython-310-x86_64-linux-gnu.so" to ""
[11.417s] -- Installing: /root/ros2_ws/src/install/rviz_2d_overlay_msgs/local/lib/python3.10/dist-packages/rviz_2d_overlay_msgs/rviz_2d_overlay_msgs_s__rosidl_typesupport_introspection_c.cpython-310-x86_64-linux-gnu.so
[11.417s] -- Set runtime path of "/root/ros2_ws/src/install/rviz_2d_overlay_msgs/local/lib/python3.10/dist-packages/rviz_2d_overlay_msgs/rviz_2d_overlay_msgs_s__rosidl_typesupport_introspection_c.cpython-310-x86_64-linux-gnu.so" to ""
[11.417s] -- Installing: /root/ros2_ws/src/install/rviz_2d_overlay_msgs/local/lib/python3.10/dist-packages/rviz_2d_overlay_msgs/rviz_2d_overlay_msgs_s__rosidl_typesupport_c.cpython-310-x86_64-linux-gnu.so
[11.417s] -- Set runtime path of "/root/ros2_ws/src/install/rviz_2d_overlay_msgs/local/lib/python3.10/dist-packages/rviz_2d_overlay_msgs/rviz_2d_overlay_msgs_s__rosidl_typesupport_c.cpython-310-x86_64-linux-gnu.so" to ""
[11.417s] -- Installing: /root/ros2_ws/src/install/rviz_2d_overlay_msgs/lib/librviz_2d_overlay_msgs__rosidl_generator_py.so
[11.417s] -- Set runtime path of "/root/ros2_ws/src/install/rviz_2d_overlay_msgs/lib/librviz_2d_overlay_msgs__rosidl_generator_py.so" to ""
[11.417s] -- Installing: /root/ros2_ws/src/install/rviz_2d_overlay_msgs/share/rviz_2d_overlay_msgs/msg/OverlayText.idl
[11.417s] -- Installing: /root/ros2_ws/src/install/rviz_2d_overlay_msgs/share/rviz_2d_overlay_msgs/msg/OverlayText.msg
[11.417s] -- Installing: /root/ros2_ws/src/install/rviz_2d_overlay_msgs/share/ament_index/resource_index/package_run_dependencies/rviz_2d_overlay_msgs
[11.417s] -- Installing: /root/ros2_ws/src/install/rviz_2d_overlay_msgs/share/ament_index/resource_index/parent_prefix_path/rviz_2d_overlay_msgs
[11.417s] -- Installing: /root/ros2_ws/src/install/rviz_2d_overlay_msgs/share/rviz_2d_overlay_msgs/environment/ament_prefix_path.sh
[11.417s] -- Installing: /root/ros2_ws/src/install/rviz_2d_overlay_msgs/share/rviz_2d_overlay_msgs/environment/ament_prefix_path.dsv
[11.417s] -- Installing: /root/ros2_ws/src/install/rviz_2d_overlay_msgs/share/rviz_2d_overlay_msgs/environment/path.sh
[11.417s] -- Installing: /root/ros2_ws/src/install/rviz_2d_overlay_msgs/share/rviz_2d_overlay_msgs/environment/path.dsv
[11.418s] -- Installing: /root/ros2_ws/src/install/rviz_2d_overlay_msgs/share/rviz_2d_overlay_msgs/local_setup.bash
[11.418s] -- Installing: /root/ros2_ws/src/install/rviz_2d_overlay_msgs/share/rviz_2d_overlay_msgs/local_setup.sh
[11.418s] -- Installing: /root/ros2_ws/src/install/rviz_2d_overlay_msgs/share/rviz_2d_overlay_msgs/local_setup.zsh
[11.418s] -- Installing: /root/ros2_ws/src/install/rviz_2d_overlay_msgs/share/rviz_2d_overlay_msgs/local_setup.dsv
[11.418s] -- Installing: /root/ros2_ws/src/install/rviz_2d_overlay_msgs/share/rviz_2d_overlay_msgs/package.dsv
[11.418s] -- Installing: /root/ros2_ws/src/install/rviz_2d_overlay_msgs/share/ament_index/resource_index/packages/rviz_2d_overlay_msgs
[11.418s] -- Installing: /root/ros2_ws/src/install/rviz_2d_overlay_msgs/share/rviz_2d_overlay_msgs/cmake/export_rviz_2d_overlay_msgs__rosidl_generator_cExport.cmake
[11.418s] -- Installing: /root/ros2_ws/src/install/rviz_2d_overlay_msgs/share/rviz_2d_overlay_msgs/cmake/export_rviz_2d_overlay_msgs__rosidl_generator_cExport-noconfig.cmake
[11.418s] -- Installing: /root/ros2_ws/src/install/rviz_2d_overlay_msgs/share/rviz_2d_overlay_msgs/cmake/export_rviz_2d_overlay_msgs__rosidl_typesupport_fastrtps_cExport.cmake
[11.418s] -- Installing: /root/ros2_ws/src/install/rviz_2d_overlay_msgs/share/rviz_2d_overlay_msgs/cmake/export_rviz_2d_overlay_msgs__rosidl_typesupport_fastrtps_cExport-noconfig.cmake
[11.418s] -- Installing: /root/ros2_ws/src/install/rviz_2d_overlay_msgs/share/rviz_2d_overlay_msgs/cmake/rviz_2d_overlay_msgs__rosidl_typesupport_introspection_cExport.cmake
[11.418s] -- Installing: /root/ros2_ws/src/install/rviz_2d_overlay_msgs/share/rviz_2d_overlay_msgs/cmake/rviz_2d_overlay_msgs__rosidl_typesupport_introspection_cExport-noconfig.cmake
[11.418s] -- Installing: /root/ros2_ws/src/install/rviz_2d_overlay_msgs/share/rviz_2d_overlay_msgs/cmake/rviz_2d_overlay_msgs__rosidl_typesupport_cExport.cmake
[11.418s] -- Installing: /root/ros2_ws/src/install/rviz_2d_overlay_msgs/share/rviz_2d_overlay_msgs/cmake/rviz_2d_overlay_msgs__rosidl_typesupport_cExport-noconfig.cmake
[11.422s] -- Installing: /root/ros2_ws/src/install/rviz_2d_overlay_msgs/share/rviz_2d_overlay_msgs/cmake/export_rviz_2d_overlay_msgs__rosidl_generator_cppExport.cmake
[11.424s] -- Installing: /root/ros2_ws/src/install/rviz_2d_overlay_msgs/share/rviz_2d_overlay_msgs/cmake/export_rviz_2d_overlay_msgs__rosidl_typesupport_fastrtps_cppExport.cmake
[11.425s] -- Installing: /root/ros2_ws/src/install/rviz_2d_overlay_msgs/share/rviz_2d_overlay_msgs/cmake/export_rviz_2d_overlay_msgs__rosidl_typesupport_fastrtps_cppExport-noconfig.cmake
[11.425s] -- Installing: /root/ros2_ws/src/install/rviz_2d_overlay_msgs/share/rviz_2d_overlay_msgs/cmake/rviz_2d_overlay_msgs__rosidl_typesupport_introspection_cppExport.cmake
[11.425s] -- Installing: /root/ros2_ws/src/install/rviz_2d_overlay_msgs/share/rviz_2d_overlay_msgs/cmake/rviz_2d_overlay_msgs__rosidl_typesupport_introspection_cppExport-noconfig.cmake
[11.425s] -- Installing: /root/ros2_ws/src/install/rviz_2d_overlay_msgs/share/rviz_2d_overlay_msgs/cmake/rviz_2d_overlay_msgs__rosidl_typesupport_cppExport.cmake
[11.432s] -- Installing: /root/ros2_ws/src/install/rviz_2d_overlay_msgs/share/rviz_2d_overlay_msgs/cmake/rviz_2d_overlay_msgs__rosidl_typesupport_cppExport-noconfig.cmake
[11.433s] -- Installing: /root/ros2_ws/src/install/rviz_2d_overlay_msgs/share/rviz_2d_overlay_msgs/cmake/export_rviz_2d_overlay_msgs__rosidl_generator_pyExport.cmake
[11.433s] -- Installing: /root/ros2_ws/src/install/rviz_2d_overlay_msgs/share/rviz_2d_overlay_msgs/cmake/export_rviz_2d_overlay_msgs__rosidl_generator_pyExport-noconfig.cmake
[11.433s] -- Installing: /root/ros2_ws/src/install/rviz_2d_overlay_msgs/share/rviz_2d_overlay_msgs/cmake/rosidl_cmake-extras.cmake
[11.433s] -- Installing: /root/ros2_ws/src/install/rviz_2d_overlay_msgs/share/rviz_2d_overlay_msgs/cmake/ament_cmake_export_dependencies-extras.cmake
[11.433s] -- Installing: /root/ros2_ws/src/install/rviz_2d_overlay_msgs/share/rviz_2d_overlay_msgs/cmake/ament_cmake_export_include_directories-extras.cmake
[11.433s] -- Installing: /root/ros2_ws/src/install/rviz_2d_overlay_msgs/share/rviz_2d_overlay_msgs/cmake/ament_cmake_export_libraries-extras.cmake
[11.433s] -- Installing: /root/ros2_ws/src/install/rviz_2d_overlay_msgs/share/rviz_2d_overlay_msgs/cmake/ament_cmake_export_targets-extras.cmake
[11.434s] -- Installing: /root/ros2_ws/src/install/rviz_2d_overlay_msgs/share/rviz_2d_overlay_msgs/cmake/rosidl_cmake_export_typesupport_targets-extras.cmake
[11.434s] -- Installing: /root/ros2_ws/src/install/rviz_2d_overlay_msgs/share/rviz_2d_overlay_msgs/cmake/rosidl_cmake_export_typesupport_libraries-extras.cmake
[11.434s] -- Installing: /root/ros2_ws/src/install/rviz_2d_overlay_msgs/share/rviz_2d_overlay_msgs/cmake/rviz_2d_overlay_msgsConfig.cmake
[11.434s] -- Installing: /root/ros2_ws/src/install/rviz_2d_overlay_msgs/share/rviz_2d_overlay_msgs/cmake/rviz_2d_overlay_msgsConfig-version.cmake
[11.434s] -- Installing: /root/ros2_ws/src/install/rviz_2d_overlay_msgs/share/rviz_2d_overlay_msgs/package.xml
[11.459s] Invoked command in '/root/ros2_ws/src/build/rviz_2d_overlay_msgs' returned '0': CMAKE_PREFIX_PATH=/opt/ros/humble /usr/bin/cmake --install /root/ros2_ws/src/build/rviz_2d_overlay_msgs
