[0.036s] Invoking command in '/root/ros2_ws/src/build/visibility_graph_msg': CMAKE_PREFIX_PATH=/opt/ros/humble /usr/bin/cmake /root/ros2_ws/src/route_planner/visibility_graph_msg -DROS_EDITION=ROS2 -DHUMBLE_ROS=humble -DCMAKE_INSTALL_PREFIX=/root/ros2_ws/src/install/visibility_graph_msg
[0.628s] -- The C compiler identification is GNU 11.4.0
[0.628s] -- The CXX compiler identification is GNU 11.4.0
[0.629s] -- Detecting C compiler ABI info
[0.629s] -- Detecting C compiler ABI info - done
[0.629s] -- Check for working C compiler: /usr/bin/cc - skipped
[0.629s] -- Detecting C compile features
[0.629s] -- Detecting C compile features - done
[0.629s] -- Detecting CXX compiler ABI info
[0.629s] -- Detecting CXX compiler ABI info - done
[0.629s] -- Check for working CXX compiler: /usr/bin/c++ - skipped
[0.629s] -- Detecting CXX compile features
[0.629s] -- Detecting CXX compile features - done
[0.629s] -- Found ament_cmake: 1.3.12 (/opt/ros/humble/share/ament_cmake/cmake)
[0.629s] -- Found Python3: /usr/bin/python3 (found version "3.10.12") found components: Interpreter 
[0.701s] -- Found std_msgs: 4.9.0 (/opt/ros/humble/share/std_msgs/cmake)
[0.787s] -- Found rosidl_generator_c: 3.1.8 (/opt/ros/humble/share/rosidl_generator_c/cmake)
[0.799s] -- Found rosidl_adapter: 3.1.8 (/opt/ros/humble/share/rosidl_adapter/cmake)
[0.810s] -- Found rosidl_generator_cpp: 3.1.8 (/opt/ros/humble/share/rosidl_generator_cpp/cmake)
[0.829s] -- Using all available rosidl_typesupport_c: rosidl_typesupport_fastrtps_c;rosidl_typesupport_introspection_c
[0.864s] -- Using all available rosidl_typesupport_cpp: rosidl_typesupport_fastrtps_cpp;rosidl_typesupport_introspection_cpp
[0.915s] -- Found geometry_msgs: 4.9.0 (/opt/ros/humble/share/geometry_msgs/cmake)
[0.937s] -- Found rosidl_default_generators: 1.2.0 (/opt/ros/humble/share/rosidl_default_generators/cmake)
[1.321s] -- Found ament_cmake_cppcheck: 0.12.14 (/opt/ros/humble/share/ament_cmake_cppcheck/cmake)
[1.331s] -- Found ament_cmake_cpplint: 0.12.14 (/opt/ros/humble/share/ament_cmake_cpplint/cmake)
[1.334s] -- Found ament_cmake_uncrustify: 0.12.14 (/opt/ros/humble/share/ament_cmake_uncrustify/cmake)
[1.344s] -- Found ament_cmake_ros: 0.10.0 (/opt/ros/humble/share/ament_cmake_ros/cmake)
[1.889s] -- Using all available rosidl_typesupport_c: rosidl_typesupport_fastrtps_c;rosidl_typesupport_introspection_c
[2.083s] -- Using all available rosidl_typesupport_cpp: rosidl_typesupport_fastrtps_cpp;rosidl_typesupport_introspection_cpp
[2.116s] -- Found PythonInterp: /usr/bin/python3 (found suitable version "3.10.12", minimum required is "3.6") 
[2.120s] -- Found python_cmake_module: 0.10.0 (/opt/ros/humble/share/python_cmake_module/cmake)
[2.159s] -- Found PythonLibs: /usr/lib/x86_64-linux-gnu/libpython3.10.so (found suitable version "3.10.12", minimum required is "3.5") 
[2.159s] -- Using PYTHON_EXECUTABLE: /usr/bin/python3
[2.159s] -- Using PYTHON_INCLUDE_DIRS: /usr/include/python3.10
[2.159s] -- Using PYTHON_LIBRARIES: /usr/lib/x86_64-linux-gnu/libpython3.10.so
[2.187s] -- Found PythonExtra: .so  
[2.518s] -- Using numpy include directory: /usr/local/lib/python3.10/dist-packages/numpy/core/include
[2.539s] -- Found ament_cmake_flake8: 0.12.14 (/opt/ros/humble/share/ament_cmake_flake8/cmake)
[2.555s] -- Found ament_cmake_pep257: 0.12.14 (/opt/ros/humble/share/ament_cmake_pep257/cmake)
[2.582s] -- Configuring done
[2.651s] -- Generating done
[2.663s] -- Build files have been written to: /root/ros2_ws/src/build/visibility_graph_msg
[2.667s] [33mCMake Warning:
[2.667s]   Manually-specified variables were not used by the project:
[2.667s] 
[2.667s]     HUMBLE_ROS
[2.667s]     ROS_EDITION
[2.668s] 
[2.668s] [0m
[2.699s] Invoked command in '/root/ros2_ws/src/build/visibility_graph_msg' returned '0': CMAKE_PREFIX_PATH=/opt/ros/humble /usr/bin/cmake /root/ros2_ws/src/route_planner/visibility_graph_msg -DROS_EDITION=ROS2 -DHUMBLE_ROS=humble -DCMAKE_INSTALL_PREFIX=/root/ros2_ws/src/install/visibility_graph_msg
[2.700s] Invoking command in '/root/ros2_ws/src/build/visibility_graph_msg': CMAKE_PREFIX_PATH=/opt/ros/humble /usr/bin/cmake --build /root/ros2_ws/src/build/visibility_graph_msg -- -j24 -l24
[2.840s] [  2%] [34m[1mGenerating C code for ROS interfaces[0m
[2.840s] [  5%] [34m[1mGenerating C++ code for ROS interfaces[0m
[2.840s] [  5%] Built target ament_cmake_python_copy_visibility_graph_msg
[3.119s] /usr/local/lib/python3.10/dist-packages/setuptools_scm/_integration/setuptools.py:24: RuntimeWarning: 
[3.119s] ERROR: setuptools==59.6.0 is used in combination with setuptools-scm>=8.x
[3.119s] 
[3.119s] Your build configuration is incomplete and previously worked by accident!
[3.119s] setuptools-scm requires setuptools>=61 (recommended: >=80)
[3.120s] 
[3.120s] Suggested workaround if applicable:
[3.120s]  - migrating from the deprecated setup_requires mechanism to pep517/518
[3.120s]    and using a pyproject.toml to declare build dependencies
[3.120s]    which are reliably pre-installed before running the build tools
[3.120s] 
[3.120s]   warnings.warn(
[3.129s] running egg_info
[3.129s] creating visibility_graph_msg.egg-info
[3.129s] writing visibility_graph_msg.egg-info/PKG-INFO
[3.130s] writing dependency_links to visibility_graph_msg.egg-info/dependency_links.txt
[3.130s] writing top-level names to visibility_graph_msg.egg-info/top_level.txt
[3.130s] writing manifest file 'visibility_graph_msg.egg-info/SOURCES.txt'
[3.190s] listing git files failed - pretending there aren't any
[3.472s] [  7%] [32mBuilding C object CMakeFiles/visibility_graph_msg__rosidl_generator_c.dir/rosidl_generator_c/visibility_graph_msg/msg/detail/node__functions.c.o[0m
[3.492s] [ 10%] [32mBuilding C object CMakeFiles/visibility_graph_msg__rosidl_generator_c.dir/rosidl_generator_c/visibility_graph_msg/msg/detail/graph__functions.c.o[0m
[3.498s] [ 10%] Built target visibility_graph_msg__cpp
[3.524s] reading manifest file 'visibility_graph_msg.egg-info/SOURCES.txt'
[3.524s] [ 12%] [34m[1mGenerating C++ type support for eProsima Fast-RTPS[0m
[3.524s] writing manifest file 'visibility_graph_msg.egg-info/SOURCES.txt'
[3.527s] [ 15%] [34m[1mGenerating C++ introspection for ROS interfaces[0m
[3.539s] [ 17%] [34m[1mGenerating C++ type support dispatch for ROS interfaces[0m
[3.653s] [ 17%] Built target ament_cmake_python_build_visibility_graph_msg_egg
[3.653s] [ 20%] [32m[1mLinking C shared library libvisibility_graph_msg__rosidl_generator_c.so[0m
[3.781s] [ 20%] Built target visibility_graph_msg__rosidl_generator_c
[3.817s] [ 23%] [34m[1mGenerating C type support for eProsima Fast-RTPS[0m
[3.825s] [ 25%] [34m[1mGenerating C introspection for ROS interfaces[0m
[3.830s] [ 28%] [34m[1mGenerating C type support dispatch for ROS interfaces[0m
[4.381s] [ 30%] [32mBuilding CXX object CMakeFiles/visibility_graph_msg__rosidl_typesupport_cpp.dir/rosidl_typesupport_cpp/visibility_graph_msg/msg/node__type_support.cpp.o[0m
[4.399s] [ 33%] [32mBuilding CXX object CMakeFiles/visibility_graph_msg__rosidl_typesupport_introspection_cpp.dir/rosidl_typesupport_introspection_cpp/visibility_graph_msg/msg/detail/graph__type_support.cpp.o[0m
[4.403s] [ 35%] [32mBuilding CXX object CMakeFiles/visibility_graph_msg__rosidl_typesupport_fastrtps_cpp.dir/rosidl_typesupport_fastrtps_cpp/visibility_graph_msg/msg/detail/dds_fastrtps/node__type_support.cpp.o[0m
[4.411s] [ 38%] [32mBuilding CXX object CMakeFiles/visibility_graph_msg__rosidl_typesupport_cpp.dir/rosidl_typesupport_cpp/visibility_graph_msg/msg/graph__type_support.cpp.o[0m
[4.431s] [ 41%] [32mBuilding CXX object CMakeFiles/visibility_graph_msg__rosidl_typesupport_introspection_cpp.dir/rosidl_typesupport_introspection_cpp/visibility_graph_msg/msg/detail/node__type_support.cpp.o[0m
[4.436s] [ 43%] [32mBuilding CXX object CMakeFiles/visibility_graph_msg__rosidl_typesupport_fastrtps_cpp.dir/rosidl_typesupport_fastrtps_cpp/visibility_graph_msg/msg/detail/dds_fastrtps/graph__type_support.cpp.o[0m
[4.478s] [ 46%] [32mBuilding CXX object CMakeFiles/visibility_graph_msg__rosidl_typesupport_c.dir/rosidl_typesupport_c/visibility_graph_msg/msg/node__type_support.cpp.o[0m
[4.483s] [ 48%] [32mBuilding CXX object CMakeFiles/visibility_graph_msg__rosidl_typesupport_c.dir/rosidl_typesupport_c/visibility_graph_msg/msg/graph__type_support.cpp.o[0m
[4.596s] [ 51%] [32m[1mLinking CXX shared library libvisibility_graph_msg__rosidl_typesupport_c.so[0m
[4.739s] [ 51%] Built target visibility_graph_msg__rosidl_typesupport_c
[4.787s] [ 53%] [32mBuilding CXX object CMakeFiles/visibility_graph_msg__rosidl_typesupport_fastrtps_c.dir/rosidl_typesupport_fastrtps_c/visibility_graph_msg/msg/detail/graph__type_support_c.cpp.o[0m
[4.806s] [ 56%] [32mBuilding CXX object CMakeFiles/visibility_graph_msg__rosidl_typesupport_fastrtps_c.dir/rosidl_typesupport_fastrtps_c/visibility_graph_msg/msg/detail/node__type_support_c.cpp.o[0m
[5.121s] [ 58%] [32mBuilding C object CMakeFiles/visibility_graph_msg__rosidl_typesupport_introspection_c.dir/rosidl_typesupport_introspection_c/visibility_graph_msg/msg/detail/node__type_support.c.o[0m
[5.135s] [ 61%] [32mBuilding C object CMakeFiles/visibility_graph_msg__rosidl_typesupport_introspection_c.dir/rosidl_typesupport_introspection_c/visibility_graph_msg/msg/detail/graph__type_support.c.o[0m
[5.419s] [ 64%] [32m[1mLinking C shared library libvisibility_graph_msg__rosidl_typesupport_introspection_c.so[0m
[5.503s] [ 66%] [32m[1mLinking CXX shared library libvisibility_graph_msg__rosidl_typesupport_cpp.so[0m
[5.561s] [ 66%] Built target visibility_graph_msg__rosidl_typesupport_introspection_c
[5.605s] [ 69%] [32m[1mLinking CXX shared library libvisibility_graph_msg__rosidl_typesupport_fastrtps_c.so[0m
[5.678s] [ 69%] Built target visibility_graph_msg__rosidl_typesupport_cpp
[5.896s] [ 69%] Built target visibility_graph_msg__rosidl_typesupport_fastrtps_c
[6.139s] [ 71%] [32m[1mLinking CXX shared library libvisibility_graph_msg__rosidl_typesupport_fastrtps_cpp.so[0m
[6.499s] [ 74%] [32m[1mLinking CXX shared library libvisibility_graph_msg__rosidl_typesupport_introspection_cpp.so[0m
[6.564s] [ 74%] Built target visibility_graph_msg__rosidl_typesupport_fastrtps_cpp
[6.926s] [ 74%] Built target visibility_graph_msg__rosidl_typesupport_introspection_cpp
[7.075s] [ 74%] Built target visibility_graph_msg
[7.199s] [ 76%] [34m[1mGenerating Python code for ROS interfaces[0m
[8.307s] [ 76%] Built target visibility_graph_msg__py
[8.394s] [ 79%] [32mBuilding C object CMakeFiles/visibility_graph_msg__rosidl_generator_py.dir/rosidl_generator_py/visibility_graph_msg/msg/_graph_s.c.o[0m
[8.399s] [ 82%] [32mBuilding C object CMakeFiles/visibility_graph_msg__rosidl_generator_py.dir/rosidl_generator_py/visibility_graph_msg/msg/_node_s.c.o[0m
[8.904s] [ 84%] [32m[1mLinking C shared library rosidl_generator_py/visibility_graph_msg/libvisibility_graph_msg__rosidl_generator_py.so[0m
[9.017s] [ 84%] Built target visibility_graph_msg__rosidl_generator_py
[9.094s] [ 87%] [32mBuilding C object CMakeFiles/visibility_graph_msg__rosidl_typesupport_c__pyext.dir/rosidl_generator_py/visibility_graph_msg/_visibility_graph_msg_s.ep.rosidl_typesupport_c.c.o[0m
[9.104s] [ 89%] [32mBuilding C object CMakeFiles/visibility_graph_msg__rosidl_typesupport_introspection_c__pyext.dir/rosidl_generator_py/visibility_graph_msg/_visibility_graph_msg_s.ep.rosidl_typesupport_introspection_c.c.o[0m
[9.125s] [ 92%] [32mBuilding C object CMakeFiles/visibility_graph_msg__rosidl_typesupport_fastrtps_c__pyext.dir/rosidl_generator_py/visibility_graph_msg/_visibility_graph_msg_s.ep.rosidl_typesupport_fastrtps_c.c.o[0m
[9.440s] [ 94%] [32m[1mLinking C shared library rosidl_generator_py/visibility_graph_msg/visibility_graph_msg_s__rosidl_typesupport_fastrtps_c.cpython-310-x86_64-linux-gnu.so[0m
[9.632s] [ 97%] [32m[1mLinking C shared library rosidl_generator_py/visibility_graph_msg/visibility_graph_msg_s__rosidl_typesupport_introspection_c.cpython-310-x86_64-linux-gnu.so[0m
[9.640s] [ 97%] Built target visibility_graph_msg__rosidl_typesupport_fastrtps_c__pyext
[9.729s] [100%] [32m[1mLinking C shared library rosidl_generator_py/visibility_graph_msg/visibility_graph_msg_s__rosidl_typesupport_c.cpython-310-x86_64-linux-gnu.so[0m
[9.852s] [100%] Built target visibility_graph_msg__rosidl_typesupport_introspection_c__pyext
[9.991s] [100%] Built target visibility_graph_msg__rosidl_typesupport_c__pyext
[10.062s] Invoked command in '/root/ros2_ws/src/build/visibility_graph_msg' returned '0': CMAKE_PREFIX_PATH=/opt/ros/humble /usr/bin/cmake --build /root/ros2_ws/src/build/visibility_graph_msg -- -j24 -l24
[10.110s] Invoking command in '/root/ros2_ws/src/build/visibility_graph_msg': CMAKE_PREFIX_PATH=/opt/ros/humble /usr/bin/cmake --install /root/ros2_ws/src/build/visibility_graph_msg
[10.998s] -- Install configuration: ""
[10.998s] -- Installing: /root/ros2_ws/src/install/visibility_graph_msg/share/ament_index/resource_index/rosidl_interfaces/visibility_graph_msg
[10.999s] -- Installing: /root/ros2_ws/src/install/visibility_graph_msg/include/visibility_graph_msg/visibility_graph_msg
[10.999s] -- Installing: /root/ros2_ws/src/install/visibility_graph_msg/include/visibility_graph_msg/visibility_graph_msg/msg
[10.999s] -- Installing: /root/ros2_ws/src/install/visibility_graph_msg/include/visibility_graph_msg/visibility_graph_msg/msg/node.h
[10.999s] -- Installing: /root/ros2_ws/src/install/visibility_graph_msg/include/visibility_graph_msg/visibility_graph_msg/msg/detail
[10.999s] -- Installing: /root/ros2_ws/src/install/visibility_graph_msg/include/visibility_graph_msg/visibility_graph_msg/msg/detail/graph__functions.h
[10.999s] -- Installing: /root/ros2_ws/src/install/visibility_graph_msg/include/visibility_graph_msg/visibility_graph_msg/msg/detail/node__functions.c
[10.999s] -- Installing: /root/ros2_ws/src/install/visibility_graph_msg/include/visibility_graph_msg/visibility_graph_msg/msg/detail/node__type_support.h
[10.999s] -- Installing: /root/ros2_ws/src/install/visibility_graph_msg/include/visibility_graph_msg/visibility_graph_msg/msg/detail/graph__type_support.h
[11.013s] -- Installing: /root/ros2_ws/src/install/visibility_graph_msg/include/visibility_graph_msg/visibility_graph_msg/msg/detail/node__functions.h
[11.013s] -- Installing: /root/ros2_ws/src/install/visibility_graph_msg/include/visibility_graph_msg/visibility_graph_msg/msg/detail/graph__struct.h
[11.015s] -- Installing: /root/ros2_ws/src/install/visibility_graph_msg/include/visibility_graph_msg/visibility_graph_msg/msg/detail/node__struct.h
[11.021s] -- Installing: /root/ros2_ws/src/install/visibility_graph_msg/include/visibility_graph_msg/visibility_graph_msg/msg/detail/graph__functions.c
[11.021s] -- Installing: /root/ros2_ws/src/install/visibility_graph_msg/include/visibility_graph_msg/visibility_graph_msg/msg/rosidl_generator_c__visibility_control.h
[11.021s] -- Installing: /root/ros2_ws/src/install/visibility_graph_msg/include/visibility_graph_msg/visibility_graph_msg/msg/graph.h
[11.021s] -- Installing: /root/ros2_ws/src/install/visibility_graph_msg/share/visibility_graph_msg/environment/library_path.sh
[11.022s] -- Installing: /root/ros2_ws/src/install/visibility_graph_msg/share/visibility_graph_msg/environment/library_path.dsv
[11.022s] -- Installing: /root/ros2_ws/src/install/visibility_graph_msg/lib/libvisibility_graph_msg__rosidl_generator_c.so
[11.022s] -- Set runtime path of "/root/ros2_ws/src/install/visibility_graph_msg/lib/libvisibility_graph_msg__rosidl_generator_c.so" to ""
[11.022s] -- Up-to-date: /root/ros2_ws/src/install/visibility_graph_msg/include/visibility_graph_msg/visibility_graph_msg
[11.022s] -- Up-to-date: /root/ros2_ws/src/install/visibility_graph_msg/include/visibility_graph_msg/visibility_graph_msg/msg
[11.022s] -- Up-to-date: /root/ros2_ws/src/install/visibility_graph_msg/include/visibility_graph_msg/visibility_graph_msg/msg/detail
[11.022s] -- Installing: /root/ros2_ws/src/install/visibility_graph_msg/include/visibility_graph_msg/visibility_graph_msg/msg/detail/graph__rosidl_typesupport_fastrtps_c.h
[11.022s] -- Installing: /root/ros2_ws/src/install/visibility_graph_msg/include/visibility_graph_msg/visibility_graph_msg/msg/detail/node__rosidl_typesupport_fastrtps_c.h
[11.022s] -- Installing: /root/ros2_ws/src/install/visibility_graph_msg/include/visibility_graph_msg/visibility_graph_msg/msg/rosidl_typesupport_fastrtps_c__visibility_control.h
[11.023s] -- Installing: /root/ros2_ws/src/install/visibility_graph_msg/lib/libvisibility_graph_msg__rosidl_typesupport_fastrtps_c.so
[11.023s] -- Set runtime path of "/root/ros2_ws/src/install/visibility_graph_msg/lib/libvisibility_graph_msg__rosidl_typesupport_fastrtps_c.so" to ""
[11.023s] -- Up-to-date: /root/ros2_ws/src/install/visibility_graph_msg/include/visibility_graph_msg/visibility_graph_msg
[11.023s] -- Up-to-date: /root/ros2_ws/src/install/visibility_graph_msg/include/visibility_graph_msg/visibility_graph_msg/msg
[11.023s] -- Up-to-date: /root/ros2_ws/src/install/visibility_graph_msg/include/visibility_graph_msg/visibility_graph_msg/msg/detail
[11.023s] -- Installing: /root/ros2_ws/src/install/visibility_graph_msg/include/visibility_graph_msg/visibility_graph_msg/msg/detail/graph__struct.hpp
[11.031s] -- Installing: /root/ros2_ws/src/install/visibility_graph_msg/include/visibility_graph_msg/visibility_graph_msg/msg/detail/graph__builder.hpp
[11.032s] -- Installing: /root/ros2_ws/src/install/visibility_graph_msg/include/visibility_graph_msg/visibility_graph_msg/msg/detail/node__struct.hpp
[11.033s] -- Installing: /root/ros2_ws/src/install/visibility_graph_msg/include/visibility_graph_msg/visibility_graph_msg/msg/detail/graph__type_support.hpp
[11.034s] -- Installing: /root/ros2_ws/src/install/visibility_graph_msg/include/visibility_graph_msg/visibility_graph_msg/msg/detail/node__traits.hpp
[11.036s] -- Installing: /root/ros2_ws/src/install/visibility_graph_msg/include/visibility_graph_msg/visibility_graph_msg/msg/detail/node__type_support.hpp
[11.036s] -- Installing: /root/ros2_ws/src/install/visibility_graph_msg/include/visibility_graph_msg/visibility_graph_msg/msg/detail/node__builder.hpp
[11.041s] -- Installing: /root/ros2_ws/src/install/visibility_graph_msg/include/visibility_graph_msg/visibility_graph_msg/msg/detail/graph__traits.hpp
[11.041s] -- Installing: /root/ros2_ws/src/install/visibility_graph_msg/include/visibility_graph_msg/visibility_graph_msg/msg/graph.hpp
[11.041s] -- Installing: /root/ros2_ws/src/install/visibility_graph_msg/include/visibility_graph_msg/visibility_graph_msg/msg/node.hpp
[11.041s] -- Installing: /root/ros2_ws/src/install/visibility_graph_msg/include/visibility_graph_msg/visibility_graph_msg/msg/rosidl_generator_cpp__visibility_control.hpp
[11.041s] -- Up-to-date: /root/ros2_ws/src/install/visibility_graph_msg/include/visibility_graph_msg/visibility_graph_msg
[11.041s] -- Up-to-date: /root/ros2_ws/src/install/visibility_graph_msg/include/visibility_graph_msg/visibility_graph_msg/msg
[11.042s] -- Up-to-date: /root/ros2_ws/src/install/visibility_graph_msg/include/visibility_graph_msg/visibility_graph_msg/msg/detail
[11.050s] -- Installing: /root/ros2_ws/src/install/visibility_graph_msg/include/visibility_graph_msg/visibility_graph_msg/msg/detail/dds_fastrtps
[11.051s] -- Installing: /root/ros2_ws/src/install/visibility_graph_msg/include/visibility_graph_msg/visibility_graph_msg/msg/detail/graph__rosidl_typesupport_fastrtps_cpp.hpp
[11.051s] -- Installing: /root/ros2_ws/src/install/visibility_graph_msg/include/visibility_graph_msg/visibility_graph_msg/msg/detail/node__rosidl_typesupport_fastrtps_cpp.hpp
[11.051s] -- Installing: /root/ros2_ws/src/install/visibility_graph_msg/include/visibility_graph_msg/visibility_graph_msg/msg/rosidl_typesupport_fastrtps_cpp__visibility_control.h
[11.052s] -- Installing: /root/ros2_ws/src/install/visibility_graph_msg/lib/libvisibility_graph_msg__rosidl_typesupport_fastrtps_cpp.so
[11.052s] -- Set runtime path of "/root/ros2_ws/src/install/visibility_graph_msg/lib/libvisibility_graph_msg__rosidl_typesupport_fastrtps_cpp.so" to ""
[11.052s] -- Up-to-date: /root/ros2_ws/src/install/visibility_graph_msg/include/visibility_graph_msg/visibility_graph_msg
[11.052s] -- Up-to-date: /root/ros2_ws/src/install/visibility_graph_msg/include/visibility_graph_msg/visibility_graph_msg/msg
[11.052s] -- Installing: /root/ros2_ws/src/install/visibility_graph_msg/include/visibility_graph_msg/visibility_graph_msg/msg/rosidl_typesupport_introspection_c__visibility_control.h
[11.078s] -- Up-to-date: /root/ros2_ws/src/install/visibility_graph_msg/include/visibility_graph_msg/visibility_graph_msg/msg/detail
[11.078s] -- Installing: /root/ros2_ws/src/install/visibility_graph_msg/include/visibility_graph_msg/visibility_graph_msg/msg/detail/graph__rosidl_typesupport_introspection_c.h
[11.078s] -- Installing: /root/ros2_ws/src/install/visibility_graph_msg/include/visibility_graph_msg/visibility_graph_msg/msg/detail/node__type_support.c
[11.078s] -- Installing: /root/ros2_ws/src/install/visibility_graph_msg/include/visibility_graph_msg/visibility_graph_msg/msg/detail/node__rosidl_typesupport_introspection_c.h
[11.078s] -- Installing: /root/ros2_ws/src/install/visibility_graph_msg/include/visibility_graph_msg/visibility_graph_msg/msg/detail/graph__type_support.c
[11.078s] -- Installing: /root/ros2_ws/src/install/visibility_graph_msg/lib/libvisibility_graph_msg__rosidl_typesupport_introspection_c.so
[11.078s] -- Set runtime path of "/root/ros2_ws/src/install/visibility_graph_msg/lib/libvisibility_graph_msg__rosidl_typesupport_introspection_c.so" to ""
[11.079s] -- Installing: /root/ros2_ws/src/install/visibility_graph_msg/lib/libvisibility_graph_msg__rosidl_typesupport_c.so
[11.079s] -- Set runtime path of "/root/ros2_ws/src/install/visibility_graph_msg/lib/libvisibility_graph_msg__rosidl_typesupport_c.so" to ""
[11.079s] -- Up-to-date: /root/ros2_ws/src/install/visibility_graph_msg/include/visibility_graph_msg/visibility_graph_msg
[11.079s] -- Up-to-date: /root/ros2_ws/src/install/visibility_graph_msg/include/visibility_graph_msg/visibility_graph_msg/msg
[11.079s] -- Up-to-date: /root/ros2_ws/src/install/visibility_graph_msg/include/visibility_graph_msg/visibility_graph_msg/msg/detail
[11.079s] -- Installing: /root/ros2_ws/src/install/visibility_graph_msg/include/visibility_graph_msg/visibility_graph_msg/msg/detail/graph__type_support.cpp
[11.079s] -- Installing: /root/ros2_ws/src/install/visibility_graph_msg/include/visibility_graph_msg/visibility_graph_msg/msg/detail/node__rosidl_typesupport_introspection_cpp.hpp
[11.079s] -- Installing: /root/ros2_ws/src/install/visibility_graph_msg/include/visibility_graph_msg/visibility_graph_msg/msg/detail/graph__rosidl_typesupport_introspection_cpp.hpp
[11.079s] -- Installing: /root/ros2_ws/src/install/visibility_graph_msg/include/visibility_graph_msg/visibility_graph_msg/msg/detail/node__type_support.cpp
[11.080s] -- Installing: /root/ros2_ws/src/install/visibility_graph_msg/lib/libvisibility_graph_msg__rosidl_typesupport_introspection_cpp.so
[11.080s] -- Set runtime path of "/root/ros2_ws/src/install/visibility_graph_msg/lib/libvisibility_graph_msg__rosidl_typesupport_introspection_cpp.so" to ""
[11.080s] -- Installing: /root/ros2_ws/src/install/visibility_graph_msg/lib/libvisibility_graph_msg__rosidl_typesupport_cpp.so
[11.080s] -- Set runtime path of "/root/ros2_ws/src/install/visibility_graph_msg/lib/libvisibility_graph_msg__rosidl_typesupport_cpp.so" to ""
[11.080s] -- Installing: /root/ros2_ws/src/install/visibility_graph_msg/share/visibility_graph_msg/environment/pythonpath.sh
[11.080s] -- Installing: /root/ros2_ws/src/install/visibility_graph_msg/share/visibility_graph_msg/environment/pythonpath.dsv
[11.080s] -- Installing: /root/ros2_ws/src/install/visibility_graph_msg/local/lib/python3.10/dist-packages/visibility_graph_msg-0.0.1-py3.10.egg-info
[11.080s] -- Installing: /root/ros2_ws/src/install/visibility_graph_msg/local/lib/python3.10/dist-packages/visibility_graph_msg-0.0.1-py3.10.egg-info/PKG-INFO
[11.088s] -- Installing: /root/ros2_ws/src/install/visibility_graph_msg/local/lib/python3.10/dist-packages/visibility_graph_msg-0.0.1-py3.10.egg-info/dependency_links.txt
[11.088s] -- Installing: /root/ros2_ws/src/install/visibility_graph_msg/local/lib/python3.10/dist-packages/visibility_graph_msg-0.0.1-py3.10.egg-info/SOURCES.txt
[11.088s] -- Installing: /root/ros2_ws/src/install/visibility_graph_msg/local/lib/python3.10/dist-packages/visibility_graph_msg-0.0.1-py3.10.egg-info/top_level.txt
[11.088s] -- Installing: /root/ros2_ws/src/install/visibility_graph_msg/local/lib/python3.10/dist-packages/visibility_graph_msg
[11.089s] -- Installing: /root/ros2_ws/src/install/visibility_graph_msg/local/lib/python3.10/dist-packages/visibility_graph_msg/visibility_graph_msg_s__rosidl_typesupport_c.cpython-310-x86_64-linux-gnu.so
[11.089s] -- Installing: /root/ros2_ws/src/install/visibility_graph_msg/local/lib/python3.10/dist-packages/visibility_graph_msg/libvisibility_graph_msg__rosidl_generator_py.so
[11.089s] -- Installing: /root/ros2_ws/src/install/visibility_graph_msg/local/lib/python3.10/dist-packages/visibility_graph_msg/_visibility_graph_msg_s.ep.rosidl_typesupport_c.c
[11.089s] -- Installing: /root/ros2_ws/src/install/visibility_graph_msg/local/lib/python3.10/dist-packages/visibility_graph_msg/_visibility_graph_msg_s.ep.rosidl_typesupport_introspection_c.c
[11.089s] -- Installing: /root/ros2_ws/src/install/visibility_graph_msg/local/lib/python3.10/dist-packages/visibility_graph_msg/_visibility_graph_msg_s.ep.rosidl_typesupport_fastrtps_c.c
[11.089s] -- Installing: /root/ros2_ws/src/install/visibility_graph_msg/local/lib/python3.10/dist-packages/visibility_graph_msg/visibility_graph_msg_s__rosidl_typesupport_fastrtps_c.cpython-310-x86_64-linux-gnu.so
[11.089s] -- Installing: /root/ros2_ws/src/install/visibility_graph_msg/local/lib/python3.10/dist-packages/visibility_graph_msg/visibility_graph_msg_s__rosidl_typesupport_introspection_c.cpython-310-x86_64-linux-gnu.so
[11.089s] -- Installing: /root/ros2_ws/src/install/visibility_graph_msg/local/lib/python3.10/dist-packages/visibility_graph_msg/__init__.py
[11.089s] -- Installing: /root/ros2_ws/src/install/visibility_graph_msg/local/lib/python3.10/dist-packages/visibility_graph_msg/msg
[11.090s] -- Installing: /root/ros2_ws/src/install/visibility_graph_msg/local/lib/python3.10/dist-packages/visibility_graph_msg/msg/_node.py
[11.090s] -- Installing: /root/ros2_ws/src/install/visibility_graph_msg/local/lib/python3.10/dist-packages/visibility_graph_msg/msg/_graph_s.c
[11.090s] -- Installing: /root/ros2_ws/src/install/visibility_graph_msg/local/lib/python3.10/dist-packages/visibility_graph_msg/msg/_graph.py
[11.090s] -- Installing: /root/ros2_ws/src/install/visibility_graph_msg/local/lib/python3.10/dist-packages/visibility_graph_msg/msg/__init__.py
[11.090s] -- Installing: /root/ros2_ws/src/install/visibility_graph_msg/local/lib/python3.10/dist-packages/visibility_graph_msg/msg/_node_s.c
[11.090s] Listing '/root/ros2_ws/src/install/visibility_graph_msg/local/lib/python3.10/dist-packages/visibility_graph_msg'...
[11.090s] Compiling '/root/ros2_ws/src/install/visibility_graph_msg/local/lib/python3.10/dist-packages/visibility_graph_msg/__init__.py'...
[11.090s] Listing '/root/ros2_ws/src/install/visibility_graph_msg/local/lib/python3.10/dist-packages/visibility_graph_msg/msg'...
[11.090s] Compiling '/root/ros2_ws/src/install/visibility_graph_msg/local/lib/python3.10/dist-packages/visibility_graph_msg/msg/__init__.py'...
[11.091s] Compiling '/root/ros2_ws/src/install/visibility_graph_msg/local/lib/python3.10/dist-packages/visibility_graph_msg/msg/_graph.py'...
[11.091s] Compiling '/root/ros2_ws/src/install/visibility_graph_msg/local/lib/python3.10/dist-packages/visibility_graph_msg/msg/_node.py'...
[11.091s] -- Installing: /root/ros2_ws/src/install/visibility_graph_msg/local/lib/python3.10/dist-packages/visibility_graph_msg/visibility_graph_msg_s__rosidl_typesupport_fastrtps_c.cpython-310-x86_64-linux-gnu.so
[11.091s] -- Set runtime path of "/root/ros2_ws/src/install/visibility_graph_msg/local/lib/python3.10/dist-packages/visibility_graph_msg/visibility_graph_msg_s__rosidl_typesupport_fastrtps_c.cpython-310-x86_64-linux-gnu.so" to ""
[11.091s] -- Installing: /root/ros2_ws/src/install/visibility_graph_msg/local/lib/python3.10/dist-packages/visibility_graph_msg/visibility_graph_msg_s__rosidl_typesupport_introspection_c.cpython-310-x86_64-linux-gnu.so
[11.091s] -- Set runtime path of "/root/ros2_ws/src/install/visibility_graph_msg/local/lib/python3.10/dist-packages/visibility_graph_msg/visibility_graph_msg_s__rosidl_typesupport_introspection_c.cpython-310-x86_64-linux-gnu.so" to ""
[11.091s] -- Installing: /root/ros2_ws/src/install/visibility_graph_msg/local/lib/python3.10/dist-packages/visibility_graph_msg/visibility_graph_msg_s__rosidl_typesupport_c.cpython-310-x86_64-linux-gnu.so
[11.091s] -- Set runtime path of "/root/ros2_ws/src/install/visibility_graph_msg/local/lib/python3.10/dist-packages/visibility_graph_msg/visibility_graph_msg_s__rosidl_typesupport_c.cpython-310-x86_64-linux-gnu.so" to ""
[11.091s] -- Installing: /root/ros2_ws/src/install/visibility_graph_msg/lib/libvisibility_graph_msg__rosidl_generator_py.so
[11.092s] -- Set runtime path of "/root/ros2_ws/src/install/visibility_graph_msg/lib/libvisibility_graph_msg__rosidl_generator_py.so" to ""
[11.092s] -- Installing: /root/ros2_ws/src/install/visibility_graph_msg/share/visibility_graph_msg/msg/Node.idl
[11.095s] -- Installing: /root/ros2_ws/src/install/visibility_graph_msg/share/visibility_graph_msg/msg/Graph.idl
[11.097s] -- Installing: /root/ros2_ws/src/install/visibility_graph_msg/share/visibility_graph_msg/msg/Node.msg
[11.097s] -- Installing: /root/ros2_ws/src/install/visibility_graph_msg/share/visibility_graph_msg/msg/Graph.msg
[11.097s] -- Installing: /root/ros2_ws/src/install/visibility_graph_msg/share/ament_index/resource_index/package_run_dependencies/visibility_graph_msg
[11.097s] -- Installing: /root/ros2_ws/src/install/visibility_graph_msg/share/ament_index/resource_index/parent_prefix_path/visibility_graph_msg
[11.097s] -- Installing: /root/ros2_ws/src/install/visibility_graph_msg/share/visibility_graph_msg/environment/ament_prefix_path.sh
[11.098s] -- Installing: /root/ros2_ws/src/install/visibility_graph_msg/share/visibility_graph_msg/environment/ament_prefix_path.dsv
[11.098s] -- Installing: /root/ros2_ws/src/install/visibility_graph_msg/share/visibility_graph_msg/environment/path.sh
[11.098s] -- Installing: /root/ros2_ws/src/install/visibility_graph_msg/share/visibility_graph_msg/environment/path.dsv
[11.098s] -- Installing: /root/ros2_ws/src/install/visibility_graph_msg/share/visibility_graph_msg/local_setup.bash
[11.098s] -- Installing: /root/ros2_ws/src/install/visibility_graph_msg/share/visibility_graph_msg/local_setup.sh
[11.098s] -- Installing: /root/ros2_ws/src/install/visibility_graph_msg/share/visibility_graph_msg/local_setup.zsh
[11.098s] -- Installing: /root/ros2_ws/src/install/visibility_graph_msg/share/visibility_graph_msg/local_setup.dsv
[11.098s] -- Installing: /root/ros2_ws/src/install/visibility_graph_msg/share/visibility_graph_msg/package.dsv
[11.098s] -- Installing: /root/ros2_ws/src/install/visibility_graph_msg/share/ament_index/resource_index/packages/visibility_graph_msg
[11.099s] -- Installing: /root/ros2_ws/src/install/visibility_graph_msg/share/visibility_graph_msg/cmake/export_visibility_graph_msg__rosidl_generator_cExport.cmake
[11.099s] -- Installing: /root/ros2_ws/src/install/visibility_graph_msg/share/visibility_graph_msg/cmake/export_visibility_graph_msg__rosidl_generator_cExport-noconfig.cmake
[11.099s] -- Installing: /root/ros2_ws/src/install/visibility_graph_msg/share/visibility_graph_msg/cmake/export_visibility_graph_msg__rosidl_typesupport_fastrtps_cExport.cmake
[11.099s] -- Installing: /root/ros2_ws/src/install/visibility_graph_msg/share/visibility_graph_msg/cmake/export_visibility_graph_msg__rosidl_typesupport_fastrtps_cExport-noconfig.cmake
[11.105s] -- Installing: /root/ros2_ws/src/install/visibility_graph_msg/share/visibility_graph_msg/cmake/export_visibility_graph_msg__rosidl_generator_cppExport.cmake
[11.105s] -- Installing: /root/ros2_ws/src/install/visibility_graph_msg/share/visibility_graph_msg/cmake/export_visibility_graph_msg__rosidl_typesupport_fastrtps_cppExport.cmake
[11.105s] -- Installing: /root/ros2_ws/src/install/visibility_graph_msg/share/visibility_graph_msg/cmake/export_visibility_graph_msg__rosidl_typesupport_fastrtps_cppExport-noconfig.cmake
[11.105s] -- Installing: /root/ros2_ws/src/install/visibility_graph_msg/share/visibility_graph_msg/cmake/visibility_graph_msg__rosidl_typesupport_introspection_cExport.cmake
[11.106s] -- Installing: /root/ros2_ws/src/install/visibility_graph_msg/share/visibility_graph_msg/cmake/visibility_graph_msg__rosidl_typesupport_introspection_cExport-noconfig.cmake
[11.106s] -- Installing: /root/ros2_ws/src/install/visibility_graph_msg/share/visibility_graph_msg/cmake/visibility_graph_msg__rosidl_typesupport_cExport.cmake
[11.106s] -- Installing: /root/ros2_ws/src/install/visibility_graph_msg/share/visibility_graph_msg/cmake/visibility_graph_msg__rosidl_typesupport_cExport-noconfig.cmake
[11.106s] -- Installing: /root/ros2_ws/src/install/visibility_graph_msg/share/visibility_graph_msg/cmake/visibility_graph_msg__rosidl_typesupport_introspection_cppExport.cmake
[11.106s] -- Installing: /root/ros2_ws/src/install/visibility_graph_msg/share/visibility_graph_msg/cmake/visibility_graph_msg__rosidl_typesupport_introspection_cppExport-noconfig.cmake
[11.106s] -- Installing: /root/ros2_ws/src/install/visibility_graph_msg/share/visibility_graph_msg/cmake/visibility_graph_msg__rosidl_typesupport_cppExport.cmake
[11.107s] -- Installing: /root/ros2_ws/src/install/visibility_graph_msg/share/visibility_graph_msg/cmake/visibility_graph_msg__rosidl_typesupport_cppExport-noconfig.cmake
[11.107s] -- Installing: /root/ros2_ws/src/install/visibility_graph_msg/share/visibility_graph_msg/cmake/export_visibility_graph_msg__rosidl_generator_pyExport.cmake
[11.107s] -- Installing: /root/ros2_ws/src/install/visibility_graph_msg/share/visibility_graph_msg/cmake/export_visibility_graph_msg__rosidl_generator_pyExport-noconfig.cmake
[11.107s] -- Installing: /root/ros2_ws/src/install/visibility_graph_msg/share/visibility_graph_msg/cmake/rosidl_cmake-extras.cmake
[11.107s] -- Installing: /root/ros2_ws/src/install/visibility_graph_msg/share/visibility_graph_msg/cmake/ament_cmake_export_dependencies-extras.cmake
[11.107s] -- Installing: /root/ros2_ws/src/install/visibility_graph_msg/share/visibility_graph_msg/cmake/ament_cmake_export_include_directories-extras.cmake
[11.107s] -- Installing: /root/ros2_ws/src/install/visibility_graph_msg/share/visibility_graph_msg/cmake/ament_cmake_export_libraries-extras.cmake
[11.108s] -- Installing: /root/ros2_ws/src/install/visibility_graph_msg/share/visibility_graph_msg/cmake/ament_cmake_export_targets-extras.cmake
[11.108s] -- Installing: /root/ros2_ws/src/install/visibility_graph_msg/share/visibility_graph_msg/cmake/rosidl_cmake_export_typesupport_targets-extras.cmake
[11.108s] -- Installing: /root/ros2_ws/src/install/visibility_graph_msg/share/visibility_graph_msg/cmake/rosidl_cmake_export_typesupport_libraries-extras.cmake
[11.108s] -- Installing: /root/ros2_ws/src/install/visibility_graph_msg/share/visibility_graph_msg/cmake/visibility_graph_msgConfig.cmake
[11.108s] -- Installing: /root/ros2_ws/src/install/visibility_graph_msg/share/visibility_graph_msg/cmake/visibility_graph_msgConfig-version.cmake
[11.108s] -- Installing: /root/ros2_ws/src/install/visibility_graph_msg/share/visibility_graph_msg/package.xml
[11.108s] Invoked command in '/root/ros2_ws/src/build/visibility_graph_msg' returned '0': CMAKE_PREFIX_PATH=/opt/ros/humble /usr/bin/cmake --install /root/ros2_ws/src/build/visibility_graph_msg
