[0.093s] Invoking command in '/root/ros2_ws/src/build/point_lio_unilidar': AMENT_PREFIX_PATH=/root/ros2_ws/src/install/transform_sensors:${AMENT_PREFIX_PATH} CMAKE_PREFIX_PATH=/opt/ros/humble PYTHONPATH=/root/ros2_ws/src/install/transform_sensors/lib/python3.10/site-packages:${PYTHONPATH} /usr/bin/cmake /root/ros2_ws/src/slam/point_lio_unilidar -DROS_EDITION=ROS2 -DHUMBLE_ROS=humble -DCMAKE_INSTALL_PREFIX=/root/ros2_ws/src/install/point_lio_unilidar
[2.369s] -- The C compiler identification is GNU 11.4.0
[2.370s] -- The CXX compiler identification is GNU 11.4.0
[2.370s] -- Detecting C compiler ABI info
[2.370s] -- Detecting C compiler ABI info - done
[2.370s] -- Check for working C compiler: /usr/bin/cc - skipped
[2.370s] -- Detecting C compile features
[2.370s] -- Detecting C compile features - done
[2.370s] -- Detecting CXX compiler ABI info
[2.370s] -- Detecting CXX compiler ABI info - done
[2.370s] -- Check for working CXX compiler: /usr/bin/c++ - skipped
[2.371s] -- Detecting CXX compile features
[2.371s] -- Detecting CXX compile features - done
[2.371s] -- Found PythonLibs: /usr/lib/x86_64-linux-gnu/libpython3.10.so (found version "3.10.12") 
[2.371s] -- Found ament_cmake: 1.3.12 (/opt/ros/humble/share/ament_cmake/cmake)
[2.371s] [0mDROOT_DIR = [0m
[2.371s] [0mCurrent CPU archtecture: x86_64[0m
[2.371s] [0mProcesser number:  24[0m
[2.371s] [0mcore for MP:  3[0m
[2.716s] -- Found Python3: /usr/bin/python3 (found version "3.10.12") found components: Interpreter 
[3.235s] -- Found geometry_msgs: 4.9.0 (/opt/ros/humble/share/geometry_msgs/cmake)
[3.540s] -- Found rosidl_generator_c: 3.1.8 (/opt/ros/humble/share/rosidl_generator_c/cmake)
[3.584s] -- Found rosidl_adapter: 3.1.8 (/opt/ros/humble/share/rosidl_adapter/cmake)
[3.666s] -- Found rosidl_generator_cpp: 3.1.8 (/opt/ros/humble/share/rosidl_generator_cpp/cmake)
[3.768s] -- Using all available rosidl_typesupport_c: rosidl_typesupport_fastrtps_c;rosidl_typesupport_introspection_c
[3.904s] -- Using all available rosidl_typesupport_cpp: rosidl_typesupport_fastrtps_cpp;rosidl_typesupport_introspection_cpp
[4.206s] -- Found nav_msgs: 4.9.0 (/opt/ros/humble/share/nav_msgs/cmake)
[4.334s] -- Found sensor_msgs: 4.9.0 (/opt/ros/humble/share/sensor_msgs/cmake)
[4.463s] -- Found rclcpp: 16.0.17 (/opt/ros/humble/share/rclcpp/cmake)
[4.732s] -- Found rmw_implementation_cmake: 6.1.2 (/opt/ros/humble/share/rmw_implementation_cmake/cmake)
[4.752s] -- Found rmw_fastrtps_cpp: 6.2.9 (/opt/ros/humble/share/rmw_fastrtps_cpp/cmake)
[5.232s] -- Found OpenSSL: /usr/lib/x86_64-linux-gnu/libcrypto.so (found version "3.0.2")  
[5.390s] -- Found FastRTPS: /opt/ros/humble/include  
[5.625s] -- Using RMW implementation 'rmw_fastrtps_cpp' as default
[5.678s] -- Looking for pthread.h
[5.963s] -- Looking for pthread.h - found
[5.964s] -- Performing Test CMAKE_HAVE_LIBC_PTHREAD
[6.166s] -- Performing Test CMAKE_HAVE_LIBC_PTHREAD - Success
[6.170s] -- Found Threads: TRUE  
[6.341s] -- Found rclcpp_components: 16.0.17 (/opt/ros/humble/share/rclcpp_components/cmake)
[6.528s] -- Found visualization_msgs: 4.9.0 (/opt/ros/humble/share/visualization_msgs/cmake)
[6.607s] -- Found pcl_ros: 2.4.5 (/opt/ros/humble/share/pcl_ros/cmake)
[6.759s] -- Checking for module 'eigen3'
[6.801s] --   Found eigen3, version 3.4.0
[6.912s] -- Found Eigen: /usr/include/eigen3 (Required is at least version "3.1") 
[6.912s] -- Eigen found (include: /usr/include/eigen3, version: 3.4.0)
[7.135s] -- Checking for module 'flann'
[7.172s] --   Found flann, version 1.9.1
[7.303s] -- Found FLANN: /usr/lib/x86_64-linux-gnu/libflann_cpp.so  
[7.303s] -- FLANN found (include: /usr/include, lib: /usr/lib/x86_64-linux-gnu/libflann_cpp.so)
[11.438s] -- Checking for module 'libusb-1.0'
[11.485s] --   Found libusb-1.0, version 1.0.25
[11.631s] -- Found libusb: /usr/lib/x86_64-linux-gnu/libusb-1.0.so  
[11.643s] -- OpenNI found (version: 1.5.4.0, include: /usr/include/ni, lib: /usr/lib/libOpenNI.so;libusb::libusb)
[11.849s] -- OpenNI2 found (version: 2.2.0.33, include: /usr/include/openni2, lib: /usr/lib/x86_64-linux-gnu/libOpenNI2.so;libusb::libusb)
[12.603s] -- Eigen found (include: /usr/include/eigen3, version: 3.4.0)
[12.625s] -- OpenNI found (version: 1.5.4.0, include: /usr/include/ni, lib: /usr/lib/libOpenNI.so;libusb::libusb)
[12.648s] -- OpenNI2 found (version: 2.2.0.33, include: /usr/include/openni2, lib: /usr/lib/x86_64-linux-gnu/libOpenNI2.so;libusb::libusb)
[13.087s] -- Found Qhull version 8.0.2
[13.489s] -- OpenNI found (version: 1.5.4.0, include: /usr/include/ni, lib: /usr/lib/libOpenNI.so;libusb::libusb)
[13.863s] -- Found PCL_COMMON: /usr/lib/x86_64-linux-gnu/libpcl_common.so  
[13.865s] -- Found PCL_KDTREE: /usr/lib/x86_64-linux-gnu/libpcl_kdtree.so  
[13.869s] -- Found PCL_OCTREE: /usr/lib/x86_64-linux-gnu/libpcl_octree.so  
[13.870s] -- Found PCL_SEARCH: /usr/lib/x86_64-linux-gnu/libpcl_search.so  
[13.871s] -- Found PCL_SAMPLE_CONSENSUS: /usr/lib/x86_64-linux-gnu/libpcl_sample_consensus.so  
[13.872s] -- Found PCL_FILTERS: /usr/lib/x86_64-linux-gnu/libpcl_filters.so  
[13.873s] -- Found PCL_2D: /usr/include/pcl-1.12  
[13.876s] -- Found PCL_GEOMETRY: /usr/include/pcl-1.12  
[13.877s] -- Found PCL_IO: /usr/lib/x86_64-linux-gnu/libpcl_io.so  
[13.879s] -- Found PCL_FEATURES: /usr/lib/x86_64-linux-gnu/libpcl_features.so  
[13.883s] -- Found PCL_ML: /usr/lib/x86_64-linux-gnu/libpcl_ml.so  
[13.884s] -- Found PCL_SEGMENTATION: /usr/lib/x86_64-linux-gnu/libpcl_segmentation.so  
[13.885s] -- Found PCL_VISUALIZATION: /usr/lib/x86_64-linux-gnu/libpcl_visualization.so  
[13.889s] -- Found PCL_SURFACE: /usr/lib/x86_64-linux-gnu/libpcl_surface.so  
[13.890s] -- Found PCL_REGISTRATION: /usr/lib/x86_64-linux-gnu/libpcl_registration.so  
[13.895s] -- Found PCL_KEYPOINTS: /usr/lib/x86_64-linux-gnu/libpcl_keypoints.so  
[13.895s] -- Found PCL_TRACKING: /usr/lib/x86_64-linux-gnu/libpcl_tracking.so  
[13.897s] -- Found PCL_RECOGNITION: /usr/lib/x86_64-linux-gnu/libpcl_recognition.so  
[13.899s] -- Found PCL_STEREO: /usr/lib/x86_64-linux-gnu/libpcl_stereo.so  
[13.899s] -- Found PCL_APPS: /usr/lib/x86_64-linux-gnu/libpcl_apps.so  
[13.900s] -- Found PCL_IN_HAND_SCANNER: /usr/include/pcl-1.12  
[13.904s] -- Found PCL_MODELER: /usr/include/pcl-1.12  
[13.905s] -- Found PCL_POINT_CLOUD_EDITOR: /usr/include/pcl-1.12  
[13.906s] -- Found PCL_OUTOFCORE: /usr/lib/x86_64-linux-gnu/libpcl_outofcore.so  
[13.907s] -- Found PCL_PEOPLE: /usr/lib/x86_64-linux-gnu/libpcl_people.so  
[14.011s] -- Found eigen3_cmake_module: 0.1.1 (/opt/ros/humble/share/eigen3_cmake_module/cmake)
[14.013s] -- Found Eigen3: TRUE (found version "3.4.0") 
[14.016s] -- Ensuring Eigen3 include directory is part of orocos-kdl CMake target
[14.252s] -- Found tf2_sensor_msgs: 0.25.18 (/opt/ros/humble/share/tf2_sensor_msgs/cmake)
[14.268s] -- Found tf2_eigen: 0.25.18 (/opt/ros/humble/share/tf2_eigen/cmake)
[14.281s] [33mCMake Warning (dev) at CMakeLists.txt:64 (find_package):
[14.281s]   Policy CMP0074 is not set: find_package uses <PackageName>_ROOT variables.
[14.281s]   Run "cmake --help-policy CMP0074" for policy details.  Use the cmake_policy
[14.281s]   command to set the policy and suppress this warning.
[14.281s] 
[14.281s]   CMake variable PCL_ROOT is set to:
[14.281s] 
[14.281s]     /usr
[14.281s] 
[14.281s]   For compatibility, CMake is ignoring the variable.
[14.281s] This warning is for project developers.  Use -Wno-dev to suppress it.
[14.281s] [0m
[14.322s] [0mEigen:/usr/include/eigen3[0m
[14.560s] -- Configuring done
[14.741s] -- Generating done
[14.742s] [33mCMake Warning:
[14.743s]   Manually-specified variables were not used by the project:
[14.743s] 
[14.743s]     HUMBLE_ROS
[14.743s]     ROS_EDITION
[14.743s] 
[14.743s] [0m
[14.770s] -- Build files have been written to: /root/ros2_ws/src/build/point_lio_unilidar
[14.828s] Invoked command in '/root/ros2_ws/src/build/point_lio_unilidar' returned '0': AMENT_PREFIX_PATH=/root/ros2_ws/src/install/transform_sensors:${AMENT_PREFIX_PATH} CMAKE_PREFIX_PATH=/opt/ros/humble PYTHONPATH=/root/ros2_ws/src/install/transform_sensors/lib/python3.10/site-packages:${PYTHONPATH} /usr/bin/cmake /root/ros2_ws/src/slam/point_lio_unilidar -DROS_EDITION=ROS2 -DHUMBLE_ROS=humble -DCMAKE_INSTALL_PREFIX=/root/ros2_ws/src/install/point_lio_unilidar
[14.828s] Invoking command in '/root/ros2_ws/src/build/point_lio_unilidar': AMENT_PREFIX_PATH=/root/ros2_ws/src/install/transform_sensors:${AMENT_PREFIX_PATH} CMAKE_PREFIX_PATH=/opt/ros/humble PYTHONPATH=/root/ros2_ws/src/install/transform_sensors/lib/python3.10/site-packages:${PYTHONPATH} /usr/bin/cmake --build /root/ros2_ws/src/build/point_lio_unilidar -- -j24 -l24
[20.825s] [ 16%] [32mBuilding CXX object CMakeFiles/pointlio_mapping.dir/src/laserMapping.cpp.o[0m
[20.825s] [ 50%] [32mBuilding CXX object CMakeFiles/pointlio_mapping.dir/src/preprocess.cpp.o[0m
[20.826s] [ 83%] [32mBuilding CXX object CMakeFiles/pointlio_mapping.dir/src/parameters.cpp.o[0m
[20.826s] [ 83%] [32mBuilding CXX object CMakeFiles/pointlio_mapping.dir/include/ikd-Tree/ikd_Tree.cpp.o[0m
[20.826s] [ 66%] [32mBuilding CXX object CMakeFiles/pointlio_mapping.dir/src/Estimator.cpp.o[0m
[20.826s] In file included from [01m[K/root/ros2_ws/src/slam/point_lio_unilidar/src/laserMapping.cpp:21[m[K:
[20.826s] [01m[K/opt/ros/humble/include/tf2_geometry_msgs/tf2_geometry_msgs/tf2_geometry_msgs.h:35:2:[m[K [01;35m[Kwarning: [m[K#warning This header is obsolete, please include tf2_geometry_msgs/tf2_geometry_msgs.hpp instead [[01;35m[K-Wcpp[m[K]
[20.826s]    35 | #[01;35m[Kwarning[m[K This header is obsolete, please include tf2_geometry_msgs/tf2_geometry_msgs.hpp instead
[20.826s]       |  [01;35m[K^~~~~~~[m[K
[20.972s] In file included from [01m[K/usr/include/boost/bind.hpp:30[m[K,
[20.972s]                  from [01m[K/root/ros2_ws/src/slam/point_lio_unilidar/include/../include/IKFoM/IKFoM_toolkit/esekfom/esekfom.hpp:42[m[K,
[20.972s]                  from [01m[K/root/ros2_ws/src/slam/point_lio_unilidar/src/Estimator.h:4[m[K,
[20.972s]                  from [01m[K/root/ros2_ws/src/slam/point_lio_unilidar/src/Estimator.cpp:2[m[K:
[20.972s] [01m[K/usr/include/boost/bind.hpp:36:1:[m[K [01;36m[Knote: [m[K‘[01m[K#pragma message: The practice of declaring the Bind placeholders (_1, _2, ...) in the global namespace is deprecated. Please use <boost/bind/bind.hpp> + using namespace boost::placeholders, or define BOOST_BIND_GLOBAL_PLACEHOLDERS to retain the current behavior.[m[K’
[20.972s]    36 | [01;36m[KBOOST_PRAGMA_MESSAGE[m[K(
[20.972s]       | [01;36m[K^~~~~~~~~~~~~~~~~~~~[m[K
[36.611s] In file included from [01m[K/usr/include/boost/smart_ptr/detail/sp_thread_sleep.hpp:22[m[K,
[36.611s]                  from [01m[K/usr/include/boost/smart_ptr/detail/yield_k.hpp:23[m[K,
[36.611s]                  from [01m[K/usr/include/boost/smart_ptr/detail/spinlock_gcc_atomic.hpp:14[m[K,
[36.611s]                  from [01m[K/usr/include/boost/smart_ptr/detail/spinlock.hpp:42[m[K,
[36.611s]                  from [01m[K/usr/include/boost/smart_ptr/detail/spinlock_pool.hpp:25[m[K,
[36.611s]                  from [01m[K/usr/include/boost/smart_ptr/shared_ptr.hpp:29[m[K,
[36.611s]                  from [01m[K/usr/include/boost/shared_ptr.hpp:17[m[K,
[36.611s]                  from [01m[K/usr/include/boost/date_time/microsec_time_clock.hpp:18[m[K,
[36.611s]                  from [01m[K/usr/include/boost/interprocess/detail/posix_time_types_wrk.hpp:31[m[K,
[36.612s]                  from [01m[K/usr/include/boost/interprocess/detail/os_thread_functions.hpp:36[m[K,
[36.612s]                  from [01m[K/usr/include/boost/interprocess/sync/file_lock.hpp:26[m[K,
[36.612s]                  from [01m[K/usr/include/pcl-1.12/pcl/io/pcd_io.h:46[m[K,
[36.612s]                  from [01m[K/opt/ros/humble/include/pcl_conversions/pcl_conversions/pcl_conversions.h:73[m[K,
[36.612s]                  from [01m[K/root/ros2_ws/src/slam/point_lio_unilidar/src/laserMapping.cpp:12[m[K:
[36.612s] [01m[K/usr/include/boost/bind.hpp:36:1:[m[K [01;36m[Knote: [m[K‘[01m[K#pragma message: The practice of declaring the Bind placeholders (_1, _2, ...) in the global namespace is deprecated. Please use <boost/bind/bind.hpp> + using namespace boost::placeholders, or define BOOST_BIND_GLOBAL_PLACEHOLDERS to retain the current behavior.[m[K’
[36.612s]    36 | [01;36m[KBOOST_PRAGMA_MESSAGE[m[K(
[36.612s]       | [01;36m[K^~~~~~~~~~~~~~~~~~~~[m[K
[37.626s] [01m[K/root/ros2_ws/src/slam/point_lio_unilidar/src/laserMapping.cpp:[m[K In function ‘[01m[Kvoid imu_cbk(sensor_msgs::msg::Imu_<std::allocator<void> >::ConstSharedPtr)[m[K’:
[37.626s] [01m[K/root/ros2_ws/src/slam/point_lio_unilidar/src/laserMapping.cpp:457:35:[m[K [01;35m[Kwarning: [m[K‘[01m[Ksensor_msgs::msg::Imu_<std::allocator<void> >::Ptr[m[K’ is deprecated [[01;35m[K-Wdeprecated-declarations[m[K]
[37.626s]   457 |     sensor_msgs::msg::Imu::Ptr msg[01;35m[K([m[Knew sensor_msgs::msg::Imu(*msg_in));
[37.626s]       |                                   [01;35m[K^[m[K
[37.626s] In file included from [01m[K/opt/ros/humble/include/sensor_msgs/sensor_msgs/msg/imu.hpp:7[m[K,
[37.626s]                  from [01m[K/root/ros2_ws/src/slam/point_lio_unilidar/include/common_lib.h:9[m[K,
[37.626s]                  from [01m[K/root/ros2_ws/src/slam/point_lio_unilidar/src/IMU_Processing.hpp:11[m[K,
[37.626s]                  from [01m[K/root/ros2_ws/src/slam/point_lio_unilidar/src/laserMapping.cpp:33[m[K:
[37.626s] [01m[K/opt/ros/humble/include/sensor_msgs/sensor_msgs/msg/detail/imu__struct.hpp:180:5:[m[K [01;36m[Knote: [m[Kdeclared here
[37.627s]   180 |     [01;36m[KPtr[m[K;
[37.627s]       |     [01;36m[K^~~[m[K
[78.991s] [100%] [32m[1mLinking CXX executable pointlio_mapping[0m
[79.678s] [100%] Built target pointlio_mapping
[79.689s] Invoked command in '/root/ros2_ws/src/build/point_lio_unilidar' returned '0': AMENT_PREFIX_PATH=/root/ros2_ws/src/install/transform_sensors:${AMENT_PREFIX_PATH} CMAKE_PREFIX_PATH=/opt/ros/humble PYTHONPATH=/root/ros2_ws/src/install/transform_sensors/lib/python3.10/site-packages:${PYTHONPATH} /usr/bin/cmake --build /root/ros2_ws/src/build/point_lio_unilidar -- -j24 -l24
[79.691s] Invoking command in '/root/ros2_ws/src/build/point_lio_unilidar': AMENT_PREFIX_PATH=/root/ros2_ws/src/install/transform_sensors:${AMENT_PREFIX_PATH} CMAKE_PREFIX_PATH=/opt/ros/humble PYTHONPATH=/root/ros2_ws/src/install/transform_sensors/lib/python3.10/site-packages:${PYTHONPATH} /usr/bin/cmake --install /root/ros2_ws/src/build/point_lio_unilidar
[79.698s] -- Install configuration: "Release"
[79.698s] -- Installing: /root/ros2_ws/src/install/point_lio_unilidar/lib/point_lio_unilidar/pointlio_mapping
[79.698s] -- Set runtime path of "/root/ros2_ws/src/install/point_lio_unilidar/lib/point_lio_unilidar/pointlio_mapping" to ""
[79.699s] -- Installing: /root/ros2_ws/src/install/point_lio_unilidar/share/point_lio_unilidar/config
[79.699s] -- Installing: /root/ros2_ws/src/install/point_lio_unilidar/share/point_lio_unilidar/config/horizon.yaml
[79.699s] -- Installing: /root/ros2_ws/src/install/point_lio_unilidar/share/point_lio_unilidar/config/ouster64.yaml
[79.699s] -- Installing: /root/ros2_ws/src/install/point_lio_unilidar/share/point_lio_unilidar/config/unilidar.yaml
[79.699s] -- Installing: /root/ros2_ws/src/install/point_lio_unilidar/share/point_lio_unilidar/config/avia.yaml
[79.699s] -- Installing: /root/ros2_ws/src/install/point_lio_unilidar/share/point_lio_unilidar/config/utlidar.yaml
[79.699s] -- Installing: /root/ros2_ws/src/install/point_lio_unilidar/share/point_lio_unilidar/config/velody16.yaml
[79.699s] -- Installing: /root/ros2_ws/src/install/point_lio_unilidar/share/point_lio_unilidar/launch
[79.699s] -- Installing: /root/ros2_ws/src/install/point_lio_unilidar/share/point_lio_unilidar/launch/mapping_unilidar.launch
[79.699s] -- Installing: /root/ros2_ws/src/install/point_lio_unilidar/share/point_lio_unilidar/launch/gdb_debug_example.launch
[79.699s] -- Installing: /root/ros2_ws/src/install/point_lio_unilidar/share/point_lio_unilidar/launch/mapping_utlidar.launch
[79.700s] -- Installing: /root/ros2_ws/src/install/point_lio_unilidar/share/point_lio_unilidar/launch/mapping_avia.launch
[79.700s] -- Installing: /root/ros2_ws/src/install/point_lio_unilidar/share/point_lio_unilidar/launch/mapping_velody16.launch
[79.700s] -- Installing: /root/ros2_ws/src/install/point_lio_unilidar/share/point_lio_unilidar/launch/mapping_ouster64.launch
[79.700s] -- Installing: /root/ros2_ws/src/install/point_lio_unilidar/share/point_lio_unilidar/launch/mapping_horizon.launch
[79.700s] -- Installing: /root/ros2_ws/src/install/point_lio_unilidar/share/point_lio_unilidar/rviz_cfg
[79.700s] -- Installing: /root/ros2_ws/src/install/point_lio_unilidar/share/point_lio_unilidar/rviz_cfg/loam_unilidar_default.rviz
[79.700s] -- Installing: /root/ros2_ws/src/install/point_lio_unilidar/share/point_lio_unilidar/rviz_cfg/loam_livox.rviz
[79.700s] -- Installing: /root/ros2_ws/src/install/point_lio_unilidar/share/point_lio_unilidar/rviz_cfg/loam_unilidar_display.rviz
[79.700s] -- Installing: /root/ros2_ws/src/install/point_lio_unilidar/share/point_lio_unilidar/rviz_cfg/.gitignore
[79.700s] -- Installing: /root/ros2_ws/src/install/point_lio_unilidar/share/point_lio_unilidar/rviz_cfg/loam_livox2.rviz
[79.700s] -- Installing: /root/ros2_ws/src/install/point_lio_unilidar/share/ament_index/resource_index/package_run_dependencies/point_lio_unilidar
[79.701s] -- Installing: /root/ros2_ws/src/install/point_lio_unilidar/share/ament_index/resource_index/parent_prefix_path/point_lio_unilidar
[79.701s] -- Installing: /root/ros2_ws/src/install/point_lio_unilidar/share/point_lio_unilidar/environment/ament_prefix_path.sh
[79.701s] -- Installing: /root/ros2_ws/src/install/point_lio_unilidar/share/point_lio_unilidar/environment/ament_prefix_path.dsv
[79.702s] -- Installing: /root/ros2_ws/src/install/point_lio_unilidar/share/point_lio_unilidar/environment/path.sh
[79.702s] -- Installing: /root/ros2_ws/src/install/point_lio_unilidar/share/point_lio_unilidar/environment/path.dsv
[79.702s] -- Installing: /root/ros2_ws/src/install/point_lio_unilidar/share/point_lio_unilidar/local_setup.bash
[79.702s] -- Installing: /root/ros2_ws/src/install/point_lio_unilidar/share/point_lio_unilidar/local_setup.sh
[79.702s] -- Installing: /root/ros2_ws/src/install/point_lio_unilidar/share/point_lio_unilidar/local_setup.zsh
[79.702s] -- Installing: /root/ros2_ws/src/install/point_lio_unilidar/share/point_lio_unilidar/local_setup.dsv
[79.702s] -- Installing: /root/ros2_ws/src/install/point_lio_unilidar/share/point_lio_unilidar/package.dsv
[79.702s] -- Installing: /root/ros2_ws/src/install/point_lio_unilidar/share/ament_index/resource_index/packages/point_lio_unilidar
[79.702s] -- Installing: /root/ros2_ws/src/install/point_lio_unilidar/share/point_lio_unilidar/cmake/ament_cmake_export_dependencies-extras.cmake
[79.703s] -- Installing: /root/ros2_ws/src/install/point_lio_unilidar/share/point_lio_unilidar/cmake/point_lio_unilidarConfig.cmake
[79.703s] -- Installing: /root/ros2_ws/src/install/point_lio_unilidar/share/point_lio_unilidar/cmake/point_lio_unilidarConfig-version.cmake
[79.704s] -- Installing: /root/ros2_ws/src/install/point_lio_unilidar/share/point_lio_unilidar/package.xml
[79.705s] Invoked command in '/root/ros2_ws/src/build/point_lio_unilidar' returned '0': AMENT_PREFIX_PATH=/root/ros2_ws/src/install/transform_sensors:${AMENT_PREFIX_PATH} CMAKE_PREFIX_PATH=/opt/ros/humble PYTHONPATH=/root/ros2_ws/src/install/transform_sensors/lib/python3.10/site-packages:${PYTHONPATH} /usr/bin/cmake --install /root/ros2_ws/src/build/point_lio_unilidar
