[0.463s] Invoking command in '/root/ros2_ws/src/build/sensor_scan_generation': CMAKE_PREFIX_PATH=${CMAKE_PREFIX_PATH}:/root/ros2_ws/src/install/transform_sensors:/root/ros2_ws/src/install/ros_tcp_endpoint:/opt/ros/humble /usr/bin/cmake /root/ros2_ws/src/base_autonomy/sensor_scan_generation -DCMAKE_INSTALL_PREFIX=/root/ros2_ws/src/install/sensor_scan_generation
[0.503s] -- Found ament_cmake: 1.3.12 (/opt/ros/humble/share/ament_cmake/cmake)
[0.676s] -- Found rclcpp: 16.0.17 (/opt/ros/humble/share/rclcpp/cmake)
[0.713s] -- Found rosidl_generator_c: 3.1.8 (/opt/ros/humble/share/rosidl_generator_c/cmake)
[0.716s] -- Found rosidl_adapter: 3.1.8 (/opt/ros/humble/share/rosidl_adapter/cmake)
[0.722s] -- Found rosidl_generator_cpp: 3.1.8 (/opt/ros/humble/share/rosidl_generator_cpp/cmake)
[0.737s] -- Using all available rosidl_typesupport_c: rosidl_typesupport_fastrtps_c;rosidl_typesupport_introspection_c
[0.750s] -- Using all available rosidl_typesupport_cpp: rosidl_typesupport_fastrtps_cpp;rosidl_typesupport_introspection_cpp
[0.782s] -- Found rmw_implementation_cmake: 6.1.2 (/opt/ros/humble/share/rmw_implementation_cmake/cmake)
[0.784s] -- Found rmw_fastrtps_cpp: 6.2.9 (/opt/ros/humble/share/rmw_fastrtps_cpp/cmake)
[1.025s] -- Using RMW implementation 'rmw_fastrtps_cpp' as default
[1.075s] -- Found nav_msgs: 4.9.0 (/opt/ros/humble/share/nav_msgs/cmake)
[1.121s] -- Found sensor_msgs: 4.9.0 (/opt/ros/humble/share/sensor_msgs/cmake)
[1.139s] -- Found tf2_ros: 0.25.18 (/opt/ros/humble/share/tf2_ros/cmake)
[1.229s] -- Found tf2_geometry_msgs: 0.25.18 (/opt/ros/humble/share/tf2_geometry_msgs/cmake)
[1.235s] -- Found eigen3_cmake_module: 0.1.1 (/opt/ros/humble/share/eigen3_cmake_module/cmake)
[1.235s] -- Ensuring Eigen3 include directory is part of orocos-kdl CMake target
[1.236s] -- Found pcl_conversions: 2.4.5 (/opt/ros/humble/share/pcl_conversions/cmake)
[1.278s] -- Eigen found (include: /usr/include/eigen3, version: 3.4.0)
[1.394s] -- FLANN found (include: /usr/include, lib: /usr/lib/x86_64-linux-gnu/libflann_cpp.so)
[1.931s] -- OpenNI found (version: 1.5.4.0, include: /usr/include/ni, lib: /usr/lib/libOpenNI.so;libusb::libusb)
[1.941s] -- OpenNI2 found (version: 2.2.0.33, include: /usr/include/openni2, lib: /usr/lib/x86_64-linux-gnu/libOpenNI2.so;libusb::libusb)
[2.140s] -- Eigen found (include: /usr/include/eigen3, version: 3.4.0)
[2.146s] -- OpenNI found (version: 1.5.4.0, include: /usr/include/ni, lib: /usr/lib/libOpenNI.so;libusb::libusb)
[2.157s] -- OpenNI2 found (version: 2.2.0.33, include: /usr/include/openni2, lib: /usr/lib/x86_64-linux-gnu/libOpenNI2.so;libusb::libusb)
[2.416s] -- Found Qhull version 8.0.2
[2.671s] -- OpenNI found (version: 1.5.4.0, include: /usr/include/ni, lib: /usr/lib/libOpenNI.so;libusb::libusb)
[2.896s] -- Found pcl_ros: 2.4.5 (/opt/ros/humble/share/pcl_ros/cmake)
[2.942s] -- Found ament_lint_auto: 0.12.14 (/opt/ros/humble/share/ament_lint_auto/cmake)
[2.994s] -- Added test 'copyright' to check source files copyright and LICENSE
[2.994s] -- Added test 'cppcheck' to perform static code analysis on C / C++ code
[2.998s] -- Configured cppcheck include dirs: 
[2.999s] -- Configured cppcheck exclude dirs and/or files: 
[2.999s] -- Added test 'cpplint' to check C / C++ code against the Google style
[2.999s] -- Configured cpplint exclude dirs and/or files: 
[2.999s] -- Added test 'lint_cmake' to check CMake code style
[2.999s] -- Added test 'uncrustify' to check C / C++ code style
[2.999s] -- Configured uncrustify additional arguments: 
[2.999s] -- Added test 'xmllint' to check XML markup files
[2.999s] -- Configuring done
[3.040s] -- Generating done
[3.052s] -- Build files have been written to: /root/ros2_ws/src/build/sensor_scan_generation
[3.079s] Invoked command in '/root/ros2_ws/src/build/sensor_scan_generation' returned '0': CMAKE_PREFIX_PATH=${CMAKE_PREFIX_PATH}:/root/ros2_ws/src/install/transform_sensors:/root/ros2_ws/src/install/ros_tcp_endpoint:/opt/ros/humble /usr/bin/cmake /root/ros2_ws/src/base_autonomy/sensor_scan_generation -DCMAKE_INSTALL_PREFIX=/root/ros2_ws/src/install/sensor_scan_generation
[3.081s] Invoking command in '/root/ros2_ws/src/build/sensor_scan_generation': CMAKE_PREFIX_PATH=${CMAKE_PREFIX_PATH}:/root/ros2_ws/src/install/transform_sensors:/root/ros2_ws/src/install/ros_tcp_endpoint:/opt/ros/humble /usr/bin/cmake --build /root/ros2_ws/src/build/sensor_scan_generation -- -j24 -l24
[3.134s] [35m[1mConsolidate compiler generated dependencies of target sensorScanGeneration[0m
[3.167s] [100%] Built target sensorScanGeneration
[3.182s] Invoked command in '/root/ros2_ws/src/build/sensor_scan_generation' returned '0': CMAKE_PREFIX_PATH=${CMAKE_PREFIX_PATH}:/root/ros2_ws/src/install/transform_sensors:/root/ros2_ws/src/install/ros_tcp_endpoint:/opt/ros/humble /usr/bin/cmake --build /root/ros2_ws/src/build/sensor_scan_generation -- -j24 -l24
[3.184s] Invoking command in '/root/ros2_ws/src/build/sensor_scan_generation': CMAKE_PREFIX_PATH=${CMAKE_PREFIX_PATH}:/root/ros2_ws/src/install/transform_sensors:/root/ros2_ws/src/install/ros_tcp_endpoint:/opt/ros/humble /usr/bin/cmake --install /root/ros2_ws/src/build/sensor_scan_generation
[3.194s] -- Install configuration: ""
[3.194s] -- Up-to-date: /root/ros2_ws/src/install/sensor_scan_generation/lib/sensor_scan_generation/sensorScanGeneration
[3.196s] -- Up-to-date: /root/ros2_ws/src/install/sensor_scan_generation/share/sensor_scan_generation/launch
[3.196s] -- Up-to-date: /root/ros2_ws/src/install/sensor_scan_generation/share/sensor_scan_generation/launch/sensor_scan_generation.launch
[3.196s] -- Up-to-date: /root/ros2_ws/src/install/sensor_scan_generation/share/ament_index/resource_index/package_run_dependencies/sensor_scan_generation
[3.196s] -- Installing: /root/ros2_ws/src/install/sensor_scan_generation/share/ament_index/resource_index/parent_prefix_path/sensor_scan_generation
[3.196s] -- Up-to-date: /root/ros2_ws/src/install/sensor_scan_generation/share/sensor_scan_generation/environment/ament_prefix_path.sh
[3.197s] -- Installing: /root/ros2_ws/src/install/sensor_scan_generation/share/sensor_scan_generation/environment/ament_prefix_path.dsv
[3.197s] -- Up-to-date: /root/ros2_ws/src/install/sensor_scan_generation/share/sensor_scan_generation/environment/path.sh
[3.197s] -- Installing: /root/ros2_ws/src/install/sensor_scan_generation/share/sensor_scan_generation/environment/path.dsv
[3.197s] -- Up-to-date: /root/ros2_ws/src/install/sensor_scan_generation/share/sensor_scan_generation/local_setup.bash
[3.198s] -- Up-to-date: /root/ros2_ws/src/install/sensor_scan_generation/share/sensor_scan_generation/local_setup.sh
[3.198s] -- Up-to-date: /root/ros2_ws/src/install/sensor_scan_generation/share/sensor_scan_generation/local_setup.zsh
[3.198s] -- Installing: /root/ros2_ws/src/install/sensor_scan_generation/share/sensor_scan_generation/local_setup.dsv
[3.198s] -- Installing: /root/ros2_ws/src/install/sensor_scan_generation/share/sensor_scan_generation/package.dsv
[3.198s] -- Up-to-date: /root/ros2_ws/src/install/sensor_scan_generation/share/ament_index/resource_index/packages/sensor_scan_generation
[3.198s] -- Up-to-date: /root/ros2_ws/src/install/sensor_scan_generation/share/sensor_scan_generation/cmake/sensor_scan_generationConfig.cmake
[3.198s] -- Up-to-date: /root/ros2_ws/src/install/sensor_scan_generation/share/sensor_scan_generation/cmake/sensor_scan_generationConfig-version.cmake
[3.198s] -- Up-to-date: /root/ros2_ws/src/install/sensor_scan_generation/share/sensor_scan_generation/package.xml
[3.205s] Invoked command in '/root/ros2_ws/src/build/sensor_scan_generation' returned '0': CMAKE_PREFIX_PATH=${CMAKE_PREFIX_PATH}:/root/ros2_ws/src/install/transform_sensors:/root/ros2_ws/src/install/ros_tcp_endpoint:/opt/ros/humble /usr/bin/cmake --install /root/ros2_ws/src/build/sensor_scan_generation
