[0.462s] Invoking command in '/root/ros2_ws/src/build/waypoint_example': CMAKE_PREFIX_PATH=${CMAKE_PREFIX_PATH}:/root/ros2_ws/src/install/transform_sensors:/root/ros2_ws/src/install/ros_tcp_endpoint:/opt/ros/humble /usr/bin/cmake /root/ros2_ws/src/base_autonomy/waypoint_example -DCMAKE_INSTALL_PREFIX=/root/ros2_ws/src/install/waypoint_example
[1.324s] -- Found ament_cmake: 1.3.12 (/opt/ros/humble/share/ament_cmake/cmake)
[1.324s] -- Found rclcpp: 16.0.17 (/opt/ros/humble/share/rclcpp/cmake)
[1.324s] -- Found rosidl_generator_c: 3.1.8 (/opt/ros/humble/share/rosidl_generator_c/cmake)
[1.324s] -- Found rosidl_adapter: 3.1.8 (/opt/ros/humble/share/rosidl_adapter/cmake)
[1.324s] -- Found rosidl_generator_cpp: 3.1.8 (/opt/ros/humble/share/rosidl_generator_cpp/cmake)
[1.324s] -- Using all available rosidl_typesupport_c: rosidl_typesupport_fastrtps_c;rosidl_typesupport_introspection_c
[1.324s] -- Using all available rosidl_typesupport_cpp: rosidl_typesupport_fastrtps_cpp;rosidl_typesupport_introspection_cpp
[1.324s] -- Found rmw_implementation_cmake: 6.1.2 (/opt/ros/humble/share/rmw_implementation_cmake/cmake)
[1.324s] -- Found rmw_fastrtps_cpp: 6.2.9 (/opt/ros/humble/share/rmw_fastrtps_cpp/cmake)
[1.324s] -- Using RMW implementation 'rmw_fastrtps_cpp' as default
[1.324s] -- Found nav_msgs: 4.9.0 (/opt/ros/humble/share/nav_msgs/cmake)
[1.325s] -- Found sensor_msgs: 4.9.0 (/opt/ros/humble/share/sensor_msgs/cmake)
[1.325s] -- Found tf2_ros: 0.25.18 (/opt/ros/humble/share/tf2_ros/cmake)
[1.375s] -- Found tf2_geometry_msgs: 0.25.18 (/opt/ros/humble/share/tf2_geometry_msgs/cmake)
[1.378s] -- Found eigen3_cmake_module: 0.1.1 (/opt/ros/humble/share/eigen3_cmake_module/cmake)
[1.380s] -- Ensuring Eigen3 include directory is part of orocos-kdl CMake target
[1.381s] -- Found pcl_conversions: 2.4.5 (/opt/ros/humble/share/pcl_conversions/cmake)
[1.419s] -- Eigen found (include: /usr/include/eigen3, version: 3.4.0)
[1.472s] -- FLANN found (include: /usr/include, lib: /usr/lib/x86_64-linux-gnu/libflann_cpp.so)
[2.065s] -- OpenNI found (version: 1.5.4.0, include: /usr/include/ni, lib: /usr/lib/libOpenNI.so;libusb::libusb)
[2.071s] -- OpenNI2 found (version: 2.2.0.33, include: /usr/include/openni2, lib: /usr/lib/x86_64-linux-gnu/libOpenNI2.so;libusb::libusb)
[2.320s] -- Eigen found (include: /usr/include/eigen3, version: 3.4.0)
[2.328s] -- OpenNI found (version: 1.5.4.0, include: /usr/include/ni, lib: /usr/lib/libOpenNI.so;libusb::libusb)
[2.342s] -- OpenNI2 found (version: 2.2.0.33, include: /usr/include/openni2, lib: /usr/lib/x86_64-linux-gnu/libOpenNI2.so;libusb::libusb)
[2.514s] -- Found Qhull version 8.0.2
[2.759s] -- OpenNI found (version: 1.5.4.0, include: /usr/include/ni, lib: /usr/lib/libOpenNI.so;libusb::libusb)
[2.954s] -- Found pcl_ros: 2.4.5 (/opt/ros/humble/share/pcl_ros/cmake)
[2.989s] -- Found ament_lint_auto: 0.12.14 (/opt/ros/humble/share/ament_lint_auto/cmake)
[3.075s] -- Added test 'copyright' to check source files copyright and LICENSE
[3.075s] -- Added test 'cppcheck' to perform static code analysis on C / C++ code
[3.076s] -- Configured cppcheck include dirs: 
[3.076s] -- Configured cppcheck exclude dirs and/or files: 
[3.077s] -- Added test 'cpplint' to check C / C++ code against the Google style
[3.077s] -- Configured cpplint exclude dirs and/or files: 
[3.077s] -- Added test 'lint_cmake' to check CMake code style
[3.078s] -- Added test 'uncrustify' to check C / C++ code style
[3.078s] -- Configured uncrustify additional arguments: 
[3.078s] -- Added test 'xmllint' to check XML markup files
[3.079s] -- Configuring done
[3.126s] -- Generating done
[3.145s] -- Build files have been written to: /root/ros2_ws/src/build/waypoint_example
[3.173s] Invoked command in '/root/ros2_ws/src/build/waypoint_example' returned '0': CMAKE_PREFIX_PATH=${CMAKE_PREFIX_PATH}:/root/ros2_ws/src/install/transform_sensors:/root/ros2_ws/src/install/ros_tcp_endpoint:/opt/ros/humble /usr/bin/cmake /root/ros2_ws/src/base_autonomy/waypoint_example -DCMAKE_INSTALL_PREFIX=/root/ros2_ws/src/install/waypoint_example
[3.176s] Invoking command in '/root/ros2_ws/src/build/waypoint_example': CMAKE_PREFIX_PATH=${CMAKE_PREFIX_PATH}:/root/ros2_ws/src/install/transform_sensors:/root/ros2_ws/src/install/ros_tcp_endpoint:/opt/ros/humble /usr/bin/cmake --build /root/ros2_ws/src/build/waypoint_example -- -j24 -l24
[3.230s] [35m[1mConsolidate compiler generated dependencies of target waypointExample[0m
[3.266s] [100%] Built target waypointExample
[3.280s] Invoked command in '/root/ros2_ws/src/build/waypoint_example' returned '0': CMAKE_PREFIX_PATH=${CMAKE_PREFIX_PATH}:/root/ros2_ws/src/install/transform_sensors:/root/ros2_ws/src/install/ros_tcp_endpoint:/opt/ros/humble /usr/bin/cmake --build /root/ros2_ws/src/build/waypoint_example -- -j24 -l24
[3.282s] Invoking command in '/root/ros2_ws/src/build/waypoint_example': CMAKE_PREFIX_PATH=${CMAKE_PREFIX_PATH}:/root/ros2_ws/src/install/transform_sensors:/root/ros2_ws/src/install/ros_tcp_endpoint:/opt/ros/humble /usr/bin/cmake --install /root/ros2_ws/src/build/waypoint_example
[3.295s] -- Install configuration: ""
[3.295s] -- Up-to-date: /root/ros2_ws/src/install/waypoint_example/lib/waypoint_example/waypointExample
[3.295s] -- Up-to-date: /root/ros2_ws/src/install/waypoint_example/share/waypoint_example/launch
[3.295s] -- Up-to-date: /root/ros2_ws/src/install/waypoint_example/share/waypoint_example/launch/waypoint_example.launch
[3.295s] -- Up-to-date: /root/ros2_ws/src/install/waypoint_example/share/waypoint_example/data
[3.295s] -- Up-to-date: /root/ros2_ws/src/install/waypoint_example/share/waypoint_example/data/waypoints.ply
[3.295s] -- Up-to-date: /root/ros2_ws/src/install/waypoint_example/share/waypoint_example/data/boundary.ply
[3.295s] -- Up-to-date: /root/ros2_ws/src/install/waypoint_example/share/ament_index/resource_index/package_run_dependencies/waypoint_example
[3.296s] -- Installing: /root/ros2_ws/src/install/waypoint_example/share/ament_index/resource_index/parent_prefix_path/waypoint_example
[3.296s] -- Up-to-date: /root/ros2_ws/src/install/waypoint_example/share/waypoint_example/environment/ament_prefix_path.sh
[3.296s] -- Installing: /root/ros2_ws/src/install/waypoint_example/share/waypoint_example/environment/ament_prefix_path.dsv
[3.296s] -- Up-to-date: /root/ros2_ws/src/install/waypoint_example/share/waypoint_example/environment/path.sh
[3.296s] -- Installing: /root/ros2_ws/src/install/waypoint_example/share/waypoint_example/environment/path.dsv
[3.296s] -- Up-to-date: /root/ros2_ws/src/install/waypoint_example/share/waypoint_example/local_setup.bash
[3.296s] -- Up-to-date: /root/ros2_ws/src/install/waypoint_example/share/waypoint_example/local_setup.sh
[3.296s] -- Up-to-date: /root/ros2_ws/src/install/waypoint_example/share/waypoint_example/local_setup.zsh
[3.296s] -- Installing: /root/ros2_ws/src/install/waypoint_example/share/waypoint_example/local_setup.dsv
[3.296s] -- Installing: /root/ros2_ws/src/install/waypoint_example/share/waypoint_example/package.dsv
[3.297s] -- Up-to-date: /root/ros2_ws/src/install/waypoint_example/share/ament_index/resource_index/packages/waypoint_example
[3.297s] -- Up-to-date: /root/ros2_ws/src/install/waypoint_example/share/waypoint_example/cmake/waypoint_exampleConfig.cmake
[3.297s] -- Up-to-date: /root/ros2_ws/src/install/waypoint_example/share/waypoint_example/cmake/waypoint_exampleConfig-version.cmake
[3.297s] -- Up-to-date: /root/ros2_ws/src/install/waypoint_example/share/waypoint_example/package.xml
[3.300s] Invoked command in '/root/ros2_ws/src/build/waypoint_example' returned '0': CMAKE_PREFIX_PATH=${CMAKE_PREFIX_PATH}:/root/ros2_ws/src/install/transform_sensors:/root/ros2_ws/src/install/ros_tcp_endpoint:/opt/ros/humble /usr/bin/cmake --install /root/ros2_ws/src/build/waypoint_example
