[100%] Built target terrainAnalysis
-- Install configuration: ""
-- Up-to-date: /root/ros2_ws/src/install/terrain_analysis/lib/terrain_analysis/terrainAnalysis
-- Up-to-date: /root/ros2_ws/src/install/terrain_analysis/share/terrain_analysis/launch
-- Installing: /root/ros2_ws/src/install/terrain_analysis/share/terrain_analysis/launch/terrain_analysis.launch
-- Up-to-date: /root/ros2_ws/src/install/terrain_analysis/share/ament_index/resource_index/package_run_dependencies/terrain_analysis
-- Up-to-date: /root/ros2_ws/src/install/terrain_analysis/share/ament_index/resource_index/parent_prefix_path/terrain_analysis
-- Up-to-date: /root/ros2_ws/src/install/terrain_analysis/share/terrain_analysis/environment/ament_prefix_path.sh
-- Up-to-date: /root/ros2_ws/src/install/terrain_analysis/share/terrain_analysis/environment/ament_prefix_path.dsv
-- Up-to-date: /root/ros2_ws/src/install/terrain_analysis/share/terrain_analysis/environment/path.sh
-- Up-to-date: /root/ros2_ws/src/install/terrain_analysis/share/terrain_analysis/environment/path.dsv
-- Up-to-date: /root/ros2_ws/src/install/terrain_analysis/share/terrain_analysis/local_setup.bash
-- Up-to-date: /root/ros2_ws/src/install/terrain_analysis/share/terrain_analysis/local_setup.sh
-- Up-to-date: /root/ros2_ws/src/install/terrain_analysis/share/terrain_analysis/local_setup.zsh
-- Up-to-date: /root/ros2_ws/src/install/terrain_analysis/share/terrain_analysis/local_setup.dsv
-- Installing: /root/ros2_ws/src/install/terrain_analysis/share/terrain_analysis/package.dsv
-- Up-to-date: /root/ros2_ws/src/install/terrain_analysis/share/ament_index/resource_index/packages/terrain_analysis
-- Up-to-date: /root/ros2_ws/src/install/terrain_analysis/share/terrain_analysis/cmake/terrain_analysisConfig.cmake
-- Up-to-date: /root/ros2_ws/src/install/terrain_analysis/share/terrain_analysis/cmake/terrain_analysisConfig-version.cmake
-- Up-to-date: /root/ros2_ws/src/install/terrain_analysis/share/terrain_analysis/package.xml
