[0m** WARNING ** io features related to pcap will be disabled[0m
[0mWARNING: Target "feature_extraction_node" requests linking to directory "/root/ros2_ws/src/slam/SuperOdom/super_odometry/include".  Targets may link only to libraries.  CMake is dropping the item.[0m
[33mCMake Warning:
  Manually-specified variables were not used by the project:

    HUMBLE_ROS
    ROS_EDITION

[0m
[01m[K/root/ros2_ws/src/slam/SuperOdom/super_odometry/src/LaserMapping/lidarOptimization.cpp:[m[K In member function ‘[01m[Kvirtual bool PoseSE3Parameterization::ComputeJacobian(const double*, double*) const[m[K’:
[01m[K/root/ros2_ws/src/slam/SuperOdom/super_odometry/src/LaserMapping/lidarOptimization.cpp:102:61:[m[K [01;35m[Kwarning: [m[Kunused parameter ‘[01m[Kx[m[K’ [[01;35m[K-Wunused-parameter[m[K]
  102 | bool PoseSE3Parameterization::ComputeJacobian([01;35m[Kconst double *x[m[K, double *jacobian) const
      |                                               [01;35m[K~~~~~~~~~~~~~~^[m[K
[01m[K/root/ros2_ws/src/slam/SuperOdom/super_odometry/src/LaserMapping/laserMapping.cpp:796:[m[K [01;35m[Kwarning: [m[Kignoring ‘[01m[K#pragma clang diagnostic[m[K’ [[01;35m[K-Wunknown-pragmas[m[K]
  796 | #pragma clang diagnostic pop
      | 
In file included from [01m[K/root/ros2_ws/src/slam/SuperOdom/super_odometry/include/super_odometry/LidarProcess/factor/pose_local_parameterization.h:11[m[K,
                 from [01m[K/root/ros2_ws/src/slam/SuperOdom/super_odometry/src/LidarProcess/pose_local_parameterization.cpp:5[m[K:
[01m[K/root/ros2_ws/src/slam/SuperOdom/super_odometry/include/super_odometry/LidarProcess/factor/../../utils/utility.h:137:6:[m[K [01;35m[Kwarning: [m[Kextra ‘[01m[K;[m[K’ [[01;35m[K-Wpedantic[m[K]
  137 |     }[01;35m[K;[m[K
      |      [01;35m[K^[m[K
      |      [31m[K-[m[K
[01m[K/root/ros2_ws/src/slam/SuperOdom/super_odometry/src/LidarProcess/pose_local_parameterization.cpp:[m[K In member function ‘[01m[Kvirtual bool PoseLocalParameterization::ComputeJacobian(const double*, double*) const[m[K’:
[01m[K/root/ros2_ws/src/slam/SuperOdom/super_odometry/src/LidarProcess/pose_local_parameterization.cpp:24:63:[m[K [01;35m[Kwarning: [m[Kunused parameter ‘[01m[Kx[m[K’ [[01;35m[K-Wunused-parameter[m[K]
   24 | bool PoseLocalParameterization::ComputeJacobian([01;35m[Kconst double *x[m[K, double *jacobian) const
      |                                                 [01;35m[K~~~~~~~~~~~~~~^[m[K
In file included from [01m[K/root/ros2_ws/src/slam/SuperOdom/super_odometry/include/super_odometry/FeatureExtraction/featureExtraction.h:27[m[K,
                 from [01m[K/root/ros2_ws/src/slam/SuperOdom/super_odometry/src/FeatureExtraction/featureExtraction.cpp:5[m[K:
[01m[K/root/ros2_ws/src/slam/SuperOdom/super_odometry/include/super_odometry/sensor_data/imu/imu_data.h:[m[K In member function ‘[01m[Kvoid Imu::imuInit(MapRingBuffer<std::shared_ptr<Imu> >)[m[K’:
[01m[K/root/ros2_ws/src/slam/SuperOdom/super_odometry/include/super_odometry/sensor_data/imu/imu_data.h:82:34:[m[K [01;35m[Kwarning: [m[Kvariable ‘[01m[Krot_first[m[K’ set but not used [[01;35m[K-Wunused-but-set-variable[m[K]
   82 |         const Eigen::Quaterniond [01;35m[Krot_first[m[K = imuBuf.measMap_.begin()->second->q_w_i;
      |                                  [01;35m[K^~~~~~~~~[m[K
In file included from [01m[K/root/ros2_ws/src/slam/SuperOdom/super_odometry/include/super_odometry/FeatureExtraction/featureExtraction.h:27[m[K,
                 from [01m[K/root/ros2_ws/src/slam/SuperOdom/super_odometry/src/FeatureExtraction/featureExtraction.cpp:5[m[K:
[01m[K/root/ros2_ws/src/slam/SuperOdom/super_odometry/include/super_odometry/sensor_data/imu/imu_data.h:101:34:[m[K [01;35m[Kwarning: [m[Kvariable ‘[01m[Krot_cur[m[K’ set but not used [[01;35m[K-Wunused-but-set-variable[m[K]
  101 |         const Eigen::Quaterniond [01;35m[Krot_cur[m[K = itMeas_->second->q_w_i;
      |                                  [01;35m[K^~~~~~~[m[K
In file included from [01m[K/root/ros2_ws/src/slam/SuperOdom/super_odometry/include/super_odometry/LidarProcess/LocalMap.h:31[m[K,
                 from [01m[K/root/ros2_ws/src/slam/SuperOdom/super_odometry/src/LaserMapping/LocalMap.cpp:5[m[K:
[01m[K/root/ros2_ws/src/slam/SuperOdom/super_odometry/include/super_odometry/flann/nanoflann.h:[m[K In member function ‘[01m[Ksize_t nanoflann::KDTreeSingIndexAaptor<Distance, DatasetAdapter, DIM, IndexType>::knnSearch(const ElementType*, size_t, IndexType*, nanoflann::KDTreeSingIndexAaptor<Distance, DatasetAdapter, DIM, IndexType>::DistanceType*, int) const[m[K’:
[01m[K/root/ros2_ws/src/slam/SuperOdom/super_odometry/include/super_odometry/flann/nanoflann.h:871:3:[m[K [01;35m[Kwarning: [m[Kno return statement in function returning non-void [[01;35m[K-Wreturn-type[m[K]
  871 |   [01;35m[K}[m[K
      |   [01;35m[K^[m[K
[01m[K/root/ros2_ws/src/slam/SuperOdom/super_odometry/src/FeatureExtraction/featureExtraction.cpp:[m[K In member function ‘[01m[Kvoid super_odometry::featureExtraction::undistortionAndFeatureExtraction()[m[K’:
[01m[K/root/ros2_ws/src/slam/SuperOdom/super_odometry/src/FeatureExtraction/featureExtraction.cpp:489:20:[m[K [01;35m[Kwarning: [m[Kunused variable ‘[01m[Klidar_end_time[m[K’ [[01;35m[K-Wunused-variable[m[K]
  489 |             double [01;35m[Klidar_end_time[m[K = lidar_start_time + lidar_msg->back().time;
      |                    [01;35m[K^~~~~~~~~~~~~~[m[K
[01m[K/root/ros2_ws/src/slam/SuperOdom/super_odometry/src/FeatureExtraction/featureExtraction.cpp:[m[K In member function ‘[01m[Kvoid super_odometry::featureExtraction::uniformFeatureExtraction(const Ptr&, pcl::PointCloud<pcl::PointXYZI>::Ptr&, int, float)[m[K’:
[01m[K/root/ros2_ws/src/slam/SuperOdom/super_odometry/src/FeatureExtraction/featureExtraction.cpp:507:26:[m[K [01;35m[Kwarning: [m[Kcomparison of integer expressions of different signedness: ‘[01m[Kuint[m[K’ {aka ‘[01m[Kunsigned int[m[K’} and ‘[01m[Kint[m[K’ [[01;35m[K-Wsign-compare[m[K]
  507 |         for (uint i=1; [01;35m[Ki <(int)pc_in->points.size()[m[K; i+=skip_num)
      |                        [01;35m[K~~^~~~~~~~~~~~~~~~~~~~~~~~~~[m[K
[01m[K/root/ros2_ws/src/slam/SuperOdom/super_odometry/src/FeatureExtraction/featureExtraction.cpp:518:17:[m[K [01;35m[Kwarning: [m[Ksuggest parentheses around ‘[01m[K&&[m[K’ within ‘[01m[K||[m[K’ [[01;35m[K-Wparentheses[m[K]
  517 |                 || [01;35m[K(abs(pc_in->points[i].z - pc_in->points[i-1].z) > 1e-7)[m[K
      |                    [01;35m[K~~~~~~~~~~~~~~~~~~~~~~~~~~~~~~~~~~~~~~~~~~~~~~~~~~~~~~~[m[K
  518 | [01;35m[K                && (pc_in->points[i].x * pc_in->points[i].x + pc_in->points[i].y * pc_in->points[i].y + pc_in->points[i].z * pc_in->points[i].z > (block_range * block_range))[m[K)
      |                 [01;35m[K^~~~~~~~~~~~~~~~~~~~~~~~~~~~~~~~~~~~~~~~~~~~~~~~~~~~~~~~~~~~~~~~~~~~~~~~~~~~~~~~~~~~~~~~~~~~~~~~~~~~~~~~~~~~~~~~~~~~~~~~~~~~~~~~~~~~~~~~~~~~~~~~~~~~~~~~~~~~~~[m[K
[01m[K/root/ros2_ws/src/slam/SuperOdom/super_odometry/src/FeatureExtraction/featureExtraction.cpp:[m[K In member function ‘[01m[KImu::Ptr super_odometry::featureExtraction::createImuData(const super_odometry::ImuMeasurement&)[m[K’:
[01m[K/root/ros2_ws/src/slam/SuperOdom/super_odometry/src/FeatureExtraction/featureExtraction.cpp:563:29:[m[K [01;35m[Kwarning: [m[Kvariable ‘[01m[Kgyr[m[K’ set but not used [[01;35m[K-Wunused-but-set-variable[m[K]
  563 |             Eigen::Vector3d [01;35m[Kgyr[m[K = imu_Init->imu_laser_R_Gravity * measurement.gyr;
      |                             [01;35m[K^~~[m[K
In file included from [01m[K/root/ros2_ws/src/slam/SuperOdom/super_odometry/include/super_odometry/LidarProcess/LocalMap.h:31[m[K,
                 from [01m[K/root/ros2_ws/src/slam/SuperOdom/super_odometry/include/super_odometry/LidarProcess/LidarSlam.h:17[m[K,
                 from [01m[K/root/ros2_ws/src/slam/SuperOdom/super_odometry/src/LidarProcess/LidarSlam.cpp:3[m[K:
[01m[K/root/ros2_ws/src/slam/SuperOdom/super_odometry/include/super_odometry/flann/nanoflann.h:[m[K In member function ‘[01m[Ksize_t nanoflann::KDTreeSingIndexAaptor<Distance, DatasetAdapter, DIM, IndexType>::knnSearch(const ElementType*, size_t, IndexType*, nanoflann::KDTreeSingIndexAaptor<Distance, DatasetAdapter, DIM, IndexType>::DistanceType*, int) const[m[K’:
[01m[K/root/ros2_ws/src/slam/SuperOdom/super_odometry/include/super_odometry/flann/nanoflann.h:871:3:[m[K [01;35m[Kwarning: [m[Kno return statement in function returning non-void [[01;35m[K-Wreturn-type[m[K]
  871 |   [01;35m[K}[m[K
      |   [01;35m[K^[m[K
In file included from [01m[K/root/ros2_ws/src/slam/SuperOdom/super_odometry/src/LidarProcess/SE3AbsolutatePoseFactor.cpp:7[m[K:
[01m[K/root/ros2_ws/src/slam/SuperOdom/super_odometry/include/super_odometry/utils/utility.h:137:6:[m[K [01;35m[Kwarning: [m[Kextra ‘[01m[K;[m[K’ [[01;35m[K-Wpedantic[m[K]
  137 |     }[01;35m[K;[m[K
      |      [01;35m[K^[m[K
      |      [31m[K-[m[K
/root/ros2_ws/src/slam/SuperOdom/super_odometry/src/FeatureExtraction/featureExtraction.cpp: In instantiation of ‘[01m[Ksensor_msgs::msg::PointCloud2 super_odometry::featureExtraction::publishCloud(rclcpp::Publisher<sensor_msgs::msg::PointCloud2_<std::allocator<void> > >::SharedPtr, typename pcl::PointCloud<PointT>::Ptr, rclcpp::Time, std::string) [with Point = point_os::PointcloudXYZITR; sensor_msgs::msg::PointCloud2 = sensor_msgs::msg::PointCloud2_<std::allocator<void> >; rclcpp::Publisher<sensor_msgs::msg::PointCloud2_<std::allocator<void> > >::SharedPtr = std::shared_ptr<rclcpp::Publisher<sensor_msgs::msg::PointCloud2_<std::allocator<void> > > >; typename pcl::PointCloud<PointT>::Ptr = std::shared_ptr<pcl::PointCloud<point_os::PointcloudXYZITR> >; std::string = std::__cxx11::basic_string<char>][m[K’:
[01m[K/root/ros2_ws/src/slam/SuperOdom/super_odometry/src/FeatureExtraction/featureExtraction.cpp:403:83:[m[K   required from here
[01m[K/root/ros2_ws/src/slam/SuperOdom/super_odometry/src/FeatureExtraction/featureExtraction.cpp:379:97:[m[K [01;35m[Kwarning: [m[Kunused parameter ‘[01m[KthisPub[m[K’ [[01;35m[K-Wunused-parameter[m[K]
  379 |     featureExtraction::publishCloud([01;35m[Krclcpp::Publisher<sensor_msgs::msg::PointCloud2>::SharedPtr thisPub[m[K, typename pcl::PointCloud<Point>::Ptr thisCloud,
      |                                     [01;35m[K~~~~~~~~~~~~~~~~~~~~~~~~~~~~~~~~~~~~~~~~~~~~~~~~~~~~~~~~~~~~^~~~~~~[m[K
/root/ros2_ws/src/slam/SuperOdom/super_odometry/src/FeatureExtraction/featureExtraction.cpp: In instantiation of ‘[01m[Ksensor_msgs::msg::PointCloud2 super_odometry::featureExtraction::publishCloud(rclcpp::Publisher<sensor_msgs::msg::PointCloud2_<std::allocator<void> > >::SharedPtr, typename pcl::PointCloud<PointT>::Ptr, rclcpp::Time, std::string) [with Point = pcl::PointXYZI; sensor_msgs::msg::PointCloud2 = sensor_msgs::msg::PointCloud2_<std::allocator<void> >; rclcpp::Publisher<sensor_msgs::msg::PointCloud2_<std::allocator<void> > >::SharedPtr = std::shared_ptr<rclcpp::Publisher<sensor_msgs::msg::PointCloud2_<std::allocator<void> > > >; typename pcl::PointCloud<PointT>::Ptr = std::shared_ptr<pcl::PointCloud<pcl::PointXYZI> >; std::string = std::__cxx11::basic_string<char>][m[K’:
[01m[K/root/ros2_ws/src/slam/SuperOdom/super_odometry/src/FeatureExtraction/featureExtraction.cpp:404:60:[m[K   required from here
[01m[K/root/ros2_ws/src/slam/SuperOdom/super_odometry/src/FeatureExtraction/featureExtraction.cpp:379:97:[m[K [01;35m[Kwarning: [m[Kunused parameter ‘[01m[KthisPub[m[K’ [[01;35m[K-Wunused-parameter[m[K]
/root/ros2_ws/src/slam/SuperOdom/super_odometry/src/FeatureExtraction/featureExtraction.cpp: In instantiation of ‘[01m[Kvoid super_odometry::featureExtraction::removePointDistortion(double, double, MapRingBuffer<Meas>&, pcl::PointCloud<point_os::PointcloudXYZITR>::Ptr&) [with BufferType = std::shared_ptr<nav_msgs::msg::Odometry_<std::allocator<void> > >; pcl::PointCloud<point_os::PointcloudXYZITR>::Ptr = std::shared_ptr<pcl::PointCloud<point_os::PointcloudXYZITR> >][m[K’:
[01m[K/root/ros2_ws/src/slam/SuperOdom/super_odometry/src/FeatureExtraction/featureExtraction.cpp:462:74:[m[K   required from here
[01m[K/root/ros2_ws/src/slam/SuperOdom/super_odometry/src/FeatureExtraction/featureExtraction.cpp:225:16:[m[K [01;35m[Kwarning: [m[Kunused parameter ‘[01m[Klidar_end_time[m[K’ [[01;35m[K-Wunused-parameter[m[K]
  225 |         [01;35m[Kdouble lidar_end_time[m[K,
      |         [01;35m[K~~~~~~~^~~~~~~~~~~~~~[m[K
/root/ros2_ws/src/slam/SuperOdom/super_odometry/src/FeatureExtraction/featureExtraction.cpp: In instantiation of ‘[01m[Kvoid super_odometry::featureExtraction::removePointDistortion(double, double, MapRingBuffer<Meas>&, pcl::PointCloud<point_os::PointcloudXYZITR>::Ptr&) [with BufferType = std::shared_ptr<Imu>; pcl::PointCloud<point_os::PointcloudXYZITR>::Ptr = std::shared_ptr<pcl::PointCloud<point_os::PointcloudXYZITR> >][m[K’:
[01m[K/root/ros2_ws/src/slam/SuperOdom/super_odometry/src/FeatureExtraction/featureExtraction.cpp:473:48:[m[K   required from here
[01m[K/root/ros2_ws/src/slam/SuperOdom/super_odometry/src/FeatureExtraction/featureExtraction.cpp:225:16:[m[K [01;35m[Kwarning: [m[Kunused parameter ‘[01m[Klidar_end_time[m[K’ [[01;35m[K-Wunused-parameter[m[K]
In file included from [01m[K/root/ros2_ws/src/slam/SuperOdom/super_odometry/include/super_odometry/LidarProcess/factor/pose_local_parameterization.h:11[m[K,
                 from [01m[K/root/ros2_ws/src/slam/SuperOdom/super_odometry/include/super_odometry/LidarProcess/LidarSlam.h:30[m[K,
                 from [01m[K/root/ros2_ws/src/slam/SuperOdom/super_odometry/src/LidarProcess/LidarSlam.cpp:3[m[K:
[01m[K/root/ros2_ws/src/slam/SuperOdom/super_odometry/include/super_odometry/LidarProcess/factor/../../utils/utility.h:[m[K At global scope:
[01m[K/root/ros2_ws/src/slam/SuperOdom/super_odometry/include/super_odometry/LidarProcess/factor/../../utils/utility.h:137:6:[m[K [01;35m[Kwarning: [m[Kextra ‘[01m[K;[m[K’ [[01;35m[K-Wpedantic[m[K]
  137 |     }[01;35m[K;[m[K
      |      [01;35m[K^[m[K
      |      [31m[K-[m[K
In file included from [01m[K/root/ros2_ws/src/slam/SuperOdom/super_odometry/include/super_odometry/LidarProcess/LocalMap.h:31[m[K,
                 from [01m[K/root/ros2_ws/src/slam/SuperOdom/super_odometry/include/super_odometry/LidarProcess/LidarSlam.h:17[m[K,
                 from [01m[K/root/ros2_ws/src/slam/SuperOdom/super_odometry/include/super_odometry/LaserMapping/laserMapping.h:34[m[K,
                 from [01m[K/root/ros2_ws/src/slam/SuperOdom/super_odometry/src/LaserMapping/laserMapping.cpp:5[m[K:
[01m[K/root/ros2_ws/src/slam/SuperOdom/super_odometry/include/super_odometry/flann/nanoflann.h:[m[K In member function ‘[01m[Ksize_t nanoflann::KDTreeSingIndexAaptor<Distance, DatasetAdapter, DIM, IndexType>::knnSearch(const ElementType*, size_t, IndexType*, nanoflann::KDTreeSingIndexAaptor<Distance, DatasetAdapter, DIM, IndexType>::DistanceType*, int) const[m[K’:
[01m[K/root/ros2_ws/src/slam/SuperOdom/super_odometry/include/super_odometry/flann/nanoflann.h:871:3:[m[K [01;35m[Kwarning: [m[Kno return statement in function returning non-void [[01;35m[K-Wreturn-type[m[K]
  871 |   [01;35m[K}[m[K
      |   [01;35m[K^[m[K
In file included from [01m[K/root/ros2_ws/src/slam/SuperOdom/super_odometry/include/super_odometry/LidarProcess/factor/pose_local_parameterization.h:11[m[K,
                 from [01m[K/root/ros2_ws/src/slam/SuperOdom/super_odometry/include/super_odometry/LidarProcess/LidarSlam.h:30[m[K,
                 from [01m[K/root/ros2_ws/src/slam/SuperOdom/super_odometry/include/super_odometry/LaserMapping/laserMapping.h:34[m[K,
                 from [01m[K/root/ros2_ws/src/slam/SuperOdom/super_odometry/src/LaserMapping/laserMapping.cpp:5[m[K:
[01m[K/root/ros2_ws/src/slam/SuperOdom/super_odometry/include/super_odometry/LidarProcess/factor/../../utils/utility.h:[m[K At global scope:
[01m[K/root/ros2_ws/src/slam/SuperOdom/super_odometry/include/super_odometry/LidarProcess/factor/../../utils/utility.h:137:6:[m[K [01;35m[Kwarning: [m[Kextra ‘[01m[K;[m[K’ [[01;35m[K-Wpedantic[m[K]
  137 |     }[01;35m[K;[m[K
      |      [01;35m[K^[m[K
      |      [31m[K-[m[K
In file included from [01m[K/root/ros2_ws/src/slam/SuperOdom/super_odometry/src/LidarProcess/LidarSlam.cpp:3[m[K:
[01m[K/root/ros2_ws/src/slam/SuperOdom/super_odometry/include/super_odometry/LidarProcess/LidarSlam.h:208:80:[m[K [01;35m[Kwarning: [m[Kextra ‘[01m[K;[m[K’ [[01;35m[K-Wpedantic[m[K]
  208 |         rclcpp::Publisher<std_msgs::msg::Float32>::SharedPtr pubUncertaintyYaw;[01;35m[K;[m[K
      |                                                                                [01;35m[K^[m[K
      |                                                                                [31m[K-[m[K
[01m[K/root/ros2_ws/src/slam/SuperOdom/super_odometry/src/LidarProcess/LidarSlam.cpp:[m[K In member function ‘[01m[Kvoid super_odometry::LidarSLAM::initializeState(bool, const Transformd&)[m[K’:
[01m[K/root/ros2_ws/src/slam/SuperOdom/super_odometry/src/LidarProcess/LidarSlam.cpp:53:42:[m[K [01;35m[Kwarning: [m[Kunused parameter ‘[01m[Kinitialization[m[K’ [[01;35m[K-Wunused-parameter[m[K]
   53 |     void LidarSLAM::initializeState([01;35m[Kbool initialization[m[K, const Transformd&position){
      |                                     [01;35m[K~~~~~^~~~~~~~~~~~~~[m[K
[01m[K/root/ros2_ws/src/slam/SuperOdom/super_odometry/src/LidarProcess/LidarSlam.cpp:[m[K In member function ‘[01m[Kdouble super_odometry::LidarSLAM::calculateSamplingRate(size_t)[m[K’:
[01m[K/root/ros2_ws/src/slam/SuperOdom/super_odometry/src/LidarProcess/LidarSlam.cpp:353:22:[m[K [01;35m[Kwarning: [m[Kcomparison of integer expressions of different signedness: ‘[01m[Ksize_t[m[K’ {aka ‘[01m[Klong unsigned int[m[K’} and ‘[01m[Kint[m[K’ [[01;35m[K-Wsign-compare[m[K]
  353 |         if([01;35m[Knum_points>OptSet.max_surface_features[m[K){
      |            [01;35m[K~~~~~~~~~~^~~~~~~~~~~~~~~~~~~~~~~~~~~~[m[K
[01m[K/root/ros2_ws/src/slam/SuperOdom/super_odometry/src/LidarProcess/LidarSlam.cpp:[m[K In member function ‘[01m[Ksuper_odometry::LidarSLAM::OptimizationParameter super_odometry::LidarSLAM::ComputeLineDistanceParameters(LocalMap&, const Point&)[m[K’:
[01m[K/root/ros2_ws/src/slam/SuperOdom/super_odometry/src/LidarProcess/LidarSlam.cpp:424:25:[m[K [01;35m[Kwarning: [m[Knarrowing conversion of ‘[01m[K((Eigen::DenseCoeffsBase<Eigen::Matrix<double, 3, 1>, 1>*)(& pFinal))->Eigen::DenseCoeffsBase<Eigen::Matrix<double, 3, 1>, 1>::x()[m[K’ from ‘[01m[KEigen::DenseCoeffsBase<Eigen::Matrix<double, 3, 1>, 1>::Scalar[m[K’ {aka ‘[01m[Kdouble[m[K’} to ‘[01m[Kfloat[m[K’ [[01;35m[K-Wnarrowing[m[K]
  424 |     Point query{[01;35m[KpFinal.x()[m[K, pFinal.y(), pFinal.z()};
      |                 [01;35m[K~~~~~~~~^~[m[K
[01m[K/root/ros2_ws/src/slam/SuperOdom/super_odometry/src/LidarProcess/LidarSlam.cpp:424:37:[m[K [01;35m[Kwarning: [m[Knarrowing conversion of ‘[01m[K((Eigen::DenseCoeffsBase<Eigen::Matrix<double, 3, 1>, 1>*)(& pFinal))->Eigen::DenseCoeffsBase<Eigen::Matrix<double, 3, 1>, 1>::y()[m[K’ from ‘[01m[KEigen::DenseCoeffsBase<Eigen::Matrix<double, 3, 1>, 1>::Scalar[m[K’ {aka ‘[01m[Kdouble[m[K’} to ‘[01m[Kfloat[m[K’ [[01;35m[K-Wnarrowing[m[K]
  424 |     Point query{pFinal.x(), [01;35m[KpFinal.y()[m[K, pFinal.z()};
      |                             [01;35m[K~~~~~~~~^~[m[K
[01m[K/root/ros2_ws/src/slam/SuperOdom/super_odometry/src/LidarProcess/LidarSlam.cpp:424:49:[m[K [01;35m[Kwarning: [m[Knarrowing conversion of ‘[01m[K((Eigen::DenseCoeffsBase<Eigen::Matrix<double, 3, 1>, 1>*)(& pFinal))->Eigen::DenseCoeffsBase<Eigen::Matrix<double, 3, 1>, 1>::z()[m[K’ from ‘[01m[KEigen::DenseCoeffsBase<Eigen::Matrix<double, 3, 1>, 1>::Scalar[m[K’ {aka ‘[01m[Kdouble[m[K’} to ‘[01m[Kfloat[m[K’ [[01;35m[K-Wnarrowing[m[K]
  424 |     Point query{pFinal.x(), pFinal.y(), [01;35m[KpFinal.z()[m[K};
      |                                         [01;35m[K~~~~~~~~^~[m[K
In file included from [01m[K/root/ros2_ws/src/slam/SuperOdom/super_odometry/include/super_odometry/ImuPreintegration/imuPreintegration.h:38[m[K,
                 from [01m[K/root/ros2_ws/src/slam/SuperOdom/super_odometry/src/ImuPreintegration/imuPreintegration.cpp:4[m[K:
[01m[K/root/ros2_ws/src/slam/SuperOdom/super_odometry/include/super_odometry/sensor_data/imu/imu_data.h:[m[K In member function ‘[01m[Kvoid Imu::imuInit(MapRingBuffer<std::shared_ptr<Imu> >)[m[K’:
[01m[K/root/ros2_ws/src/slam/SuperOdom/super_odometry/include/super_odometry/sensor_data/imu/imu_data.h:82:34:[m[K [01;35m[Kwarning: [m[Kvariable ‘[01m[Krot_first[m[K’ set but not used [[01;35m[K-Wunused-but-set-variable[m[K]
   82 |         const Eigen::Quaterniond [01;35m[Krot_first[m[K = imuBuf.measMap_.begin()->second->q_w_i;
      |                                  [01;35m[K^~~~~~~~~[m[K
[01m[K/root/ros2_ws/src/slam/SuperOdom/super_odometry/src/LidarProcess/LidarSlam.cpp:[m[K In member function ‘[01m[Ksuper_odometry::LidarSLAM::OptimizationParameter super_odometry::LidarSLAM::processLineResults(const Vector3d&, const Vector3d&, const Vector3d&, const Matrix3d&, const std::vector<pcl::PointXYZI>&, double)[m[K’:
[01m[K/root/ros2_ws/src/slam/SuperOdom/super_odometry/src/LidarProcess/LidarSlam.cpp:447:58:[m[K [01;35m[Kwarning: [m[Kunused parameter ‘[01m[Keigenvalues[m[K’ [[01;35m[K-Wunused-parameter[m[K]
  447 |                                   [01;35m[Kconst Eigen::Vector3d &eigenvalues[m[K,
      |                                   [01;35m[K~~~~~~~~~~~~~~~~~~~~~~~^~~~~~~~~~~[m[K
[01m[K/root/ros2_ws/src/slam/SuperOdom/super_odometry/src/LidarProcess/LidarSlam.cpp:450:42:[m[K [01;35m[Kwarning: [m[Kunused parameter ‘[01m[Ksquare_max_dist[m[K’ [[01;35m[K-Wunused-parameter[m[K]
  450 |                                   [01;35m[Kdouble square_max_dist[m[K) {
      |                                   [01;35m[K~~~~~~~^~~~~~~~~~~~~~~[m[K
In file included from [01m[K/root/ros2_ws/src/slam/SuperOdom/super_odometry/include/super_odometry/ImuPreintegration/imuPreintegration.h:38[m[K,
                 from [01m[K/root/ros2_ws/src/slam/SuperOdom/super_odometry/src/ImuPreintegration/imuPreintegration.cpp:4[m[K:
[01m[K/root/ros2_ws/src/slam/SuperOdom/super_odometry/include/super_odometry/sensor_data/imu/imu_data.h:101:34:[m[K [01;35m[Kwarning: [m[Kvariable ‘[01m[Krot_cur[m[K’ set but not used [[01;35m[K-Wunused-but-set-variable[m[K]
  101 |         const Eigen::Quaterniond [01;35m[Krot_cur[m[K = itMeas_->second->q_w_i;
      |                                  [01;35m[K^~~~~~~[m[K
[01m[K/root/ros2_ws/src/slam/SuperOdom/super_odometry/src/ImuPreintegration/imuPreintegration.cpp:[m[K In member function ‘[01m[Kbool super_odometry::imuPreintegration::build_graph(gtsam::Pose3, double)[m[K’:
[01m[K/root/ros2_ws/src/slam/SuperOdom/super_odometry/src/ImuPreintegration/imuPreintegration.cpp:289:14:[m[K [01;35m[Kwarning: [m[Kvariable ‘[01m[Kdiff[m[K’ set but not used [[01;35m[K-Wunused-but-set-variable[m[K]
  289 |         auto [01;35m[Kdiff[m[K  = curPose.translation() - propState_.pose().translation();
      |              [01;35m[K^~~~[m[K
[01m[K/root/ros2_ws/src/slam/SuperOdom/super_odometry/src/ImuPreintegration/imuPreintegration.cpp:279:72:[m[K [01;35m[Kwarning: [m[Kunused parameter ‘[01m[KcurLaserodomtimestamp[m[K’ [[01;35m[K-Wunused-parameter[m[K]
  279 |     bool imuPreintegration::build_graph(gtsam::Pose3 lidarPose, [01;35m[Kdouble curLaserodomtimestamp[m[K) {
      |                                                                 [01;35m[K~~~~~~~^~~~~~~~~~~~~~~~~~~~~[m[K
[01m[K/root/ros2_ws/src/slam/SuperOdom/super_odometry/src/LidarProcess/LidarSlam.cpp:[m[K In member function ‘[01m[Ksuper_odometry::LidarSLAM::RegistrationError super_odometry::LidarSLAM::EstimateRegistrationError(ceres::Problem&, double)[m[K’:
[01m[K/root/ros2_ws/src/slam/SuperOdom/super_odometry/src/LidarProcess/LidarSlam.cpp:861:51:[m[K [01;35m[Kwarning: [m[Kunused parameter ‘[01m[Keigen_thresh[m[K’ [[01;35m[K-Wunused-parameter[m[K]
  861 |             ceres::Problem &problem, [01;35m[Kconst double eigen_thresh[m[K) {
      |                                      [01;35m[K~~~~~~~~~~~~~^~~~~~~~~~~~[m[K
In file included from [01m[K/root/ros2_ws/src/slam/SuperOdom/super_odometry/include/super_odometry/LaserMapping/laserMapping.h:34[m[K,
                 from [01m[K/root/ros2_ws/src/slam/SuperOdom/super_odometry/src/LaserMapping/laserMapping.cpp:5[m[K:
[01m[K/root/ros2_ws/src/slam/SuperOdom/super_odometry/include/super_odometry/LidarProcess/LidarSlam.h:208:80:[m[K [01;35m[Kwarning: [m[Kextra ‘[01m[K;[m[K’ [[01;35m[K-Wpedantic[m[K]
  208 |         rclcpp::Publisher<std_msgs::msg::Float32>::SharedPtr pubUncertaintyYaw;[01;35m[K;[m[K
      |                                                                                [01;35m[K^[m[K
      |                                                                                [31m[K-[m[K
[01m[K/root/ros2_ws/src/slam/SuperOdom/super_odometry/src/LaserMapping/laserMapping.cpp:[m[K In member function ‘[01m[Kvoid super_odometry::laserMapping::adjustVoxelSize()[m[K’:
[01m[K/root/ros2_ws/src/slam/SuperOdom/super_odometry/src/LaserMapping/laserMapping.cpp:603:14:[m[K [01;35m[Kwarning: [m[Kvariable ‘[01m[Kincrease_blind_radius[m[K’ set but not used [[01;35m[K-Wunused-but-set-variable[m[K]
  603 |         bool [01;35m[Kincrease_blind_radius[m[K = false;
      |              [01;35m[K^~~~~~~~~~~~~~~~~~~~~[m[K
[01m[K/root/ros2_ws/src/slam/SuperOdom/super_odometry/src/FeatureExtraction/featureExtraction.cpp:[m[K In member function ‘[01m[Kvoid super_odometry::featureExtraction::undistortionAndFeatureExtraction()[m[K’:
[01m[K/root/ros2_ws/src/slam/SuperOdom/super_odometry/src/FeatureExtraction/featureExtraction.cpp:495:28:[m[K [01;35m[Kwarning: [m[K‘[01m[Klidar_start_time[m[K’ may be used uninitialized in this function [[01;35m[K-Wmaybe-uninitialized[m[K]
  495 |             [01;35m[KextractFeatures(lidar_start_time, lidar_msg, default_quaternion)[m[K;
      |             [01;35m[K~~~~~~~~~~~~~~~^~~~~~~~~~~~~~~~~~~~~~~~~~~~~~~~~~~~~~~~~~~~~~~~~[m[K
In file included from [01m[K/root/ros2_ws/src/slam/SuperOdom/super_odometry/include/super_odometry/FeatureExtraction/featureExtraction.h:27[m[K,
                 from [01m[K/root/ros2_ws/src/slam/SuperOdom/super_odometry/src/featureExtraction_node.cpp:5[m[K:
[01m[K/root/ros2_ws/src/slam/SuperOdom/super_odometry/include/super_odometry/sensor_data/imu/imu_data.h:[m[K In member function ‘[01m[Kvoid Imu::imuInit(MapRingBuffer<std::shared_ptr<Imu> >)[m[K’:
[01m[K/root/ros2_ws/src/slam/SuperOdom/super_odometry/include/super_odometry/sensor_data/imu/imu_data.h:82:34:[m[K [01;35m[Kwarning: [m[Kvariable ‘[01m[Krot_first[m[K’ set but not used [[01;35m[K-Wunused-but-set-variable[m[K]
   82 |         const Eigen::Quaterniond [01;35m[Krot_first[m[K = imuBuf.measMap_.begin()->second->q_w_i;
      |                                  [01;35m[K^~~~~~~~~[m[K
In file included from [01m[K/root/ros2_ws/src/slam/SuperOdom/super_odometry/include/super_odometry/FeatureExtraction/featureExtraction.h:27[m[K,
                 from [01m[K/root/ros2_ws/src/slam/SuperOdom/super_odometry/src/featureExtraction_node.cpp:5[m[K:
[01m[K/root/ros2_ws/src/slam/SuperOdom/super_odometry/include/super_odometry/sensor_data/imu/imu_data.h:101:34:[m[K [01;35m[Kwarning: [m[Kvariable ‘[01m[Krot_cur[m[K’ set but not used [[01;35m[K-Wunused-but-set-variable[m[K]
  101 |         const Eigen::Quaterniond [01;35m[Krot_cur[m[K = itMeas_->second->q_w_i;
      |                                  [01;35m[K^~~~~~~[m[K
In file included from [01m[K/root/ros2_ws/src/slam/SuperOdom/super_odometry/include/super_odometry/LidarProcess/LocalMap.h:31[m[K,
                 from [01m[K/root/ros2_ws/src/slam/SuperOdom/super_odometry/include/super_odometry/LidarProcess/LidarSlam.h:17[m[K,
                 from [01m[K/root/ros2_ws/src/slam/SuperOdom/super_odometry/include/super_odometry/LaserMapping/laserMapping.h:34[m[K,
                 from [01m[K/root/ros2_ws/src/slam/SuperOdom/super_odometry/src/laserMapping_node.cpp:5[m[K:
[01m[K/root/ros2_ws/src/slam/SuperOdom/super_odometry/include/super_odometry/flann/nanoflann.h:[m[K In member function ‘[01m[Ksize_t nanoflann::KDTreeSingIndexAaptor<Distance, DatasetAdapter, DIM, IndexType>::knnSearch(const ElementType*, size_t, IndexType*, nanoflann::KDTreeSingIndexAaptor<Distance, DatasetAdapter, DIM, IndexType>::DistanceType*, int) const[m[K’:
[01m[K/root/ros2_ws/src/slam/SuperOdom/super_odometry/include/super_odometry/flann/nanoflann.h:871:3:[m[K [01;35m[Kwarning: [m[Kno return statement in function returning non-void [[01;35m[K-Wreturn-type[m[K]
  871 |   [01;35m[K}[m[K
      |   [01;35m[K^[m[K
In file included from [01m[K/root/ros2_ws/src/slam/SuperOdom/super_odometry/include/super_odometry/LidarProcess/factor/pose_local_parameterization.h:11[m[K,
                 from [01m[K/root/ros2_ws/src/slam/SuperOdom/super_odometry/include/super_odometry/LidarProcess/LidarSlam.h:30[m[K,
                 from [01m[K/root/ros2_ws/src/slam/SuperOdom/super_odometry/include/super_odometry/LaserMapping/laserMapping.h:34[m[K,
                 from [01m[K/root/ros2_ws/src/slam/SuperOdom/super_odometry/src/laserMapping_node.cpp:5[m[K:
[01m[K/root/ros2_ws/src/slam/SuperOdom/super_odometry/include/super_odometry/LidarProcess/factor/../../utils/utility.h:[m[K At global scope:
[01m[K/root/ros2_ws/src/slam/SuperOdom/super_odometry/include/super_odometry/LidarProcess/factor/../../utils/utility.h:137:6:[m[K [01;35m[Kwarning: [m[Kextra ‘[01m[K;[m[K’ [[01;35m[K-Wpedantic[m[K]
  137 |     }[01;35m[K;[m[K
      |      [01;35m[K^[m[K
      |      [31m[K-[m[K
In file included from [01m[K/root/ros2_ws/src/slam/SuperOdom/super_odometry/include/super_odometry/LaserMapping/laserMapping.h:34[m[K,
                 from [01m[K/root/ros2_ws/src/slam/SuperOdom/super_odometry/src/laserMapping_node.cpp:5[m[K:
[01m[K/root/ros2_ws/src/slam/SuperOdom/super_odometry/include/super_odometry/LidarProcess/LidarSlam.h:208:80:[m[K [01;35m[Kwarning: [m[Kextra ‘[01m[K;[m[K’ [[01;35m[K-Wpedantic[m[K]
  208 |         rclcpp::Publisher<std_msgs::msg::Float32>::SharedPtr pubUncertaintyYaw;[01;35m[K;[m[K
      |                                                                                [01;35m[K^[m[K
      |                                                                                [31m[K-[m[K
In file included from [01m[K/root/ros2_ws/src/slam/SuperOdom/super_odometry/include/super_odometry/ImuPreintegration/imuPreintegration.h:38[m[K,
                 from [01m[K/root/ros2_ws/src/slam/SuperOdom/super_odometry/src/imuPreintegration_node.cpp:5[m[K:
[01m[K/root/ros2_ws/src/slam/SuperOdom/super_odometry/include/super_odometry/sensor_data/imu/imu_data.h:[m[K In member function ‘[01m[Kvoid Imu::imuInit(MapRingBuffer<std::shared_ptr<Imu> >)[m[K’:
[01m[K/root/ros2_ws/src/slam/SuperOdom/super_odometry/include/super_odometry/sensor_data/imu/imu_data.h:82:34:[m[K [01;35m[Kwarning: [m[Kvariable ‘[01m[Krot_first[m[K’ set but not used [[01;35m[K-Wunused-but-set-variable[m[K]
   82 |         const Eigen::Quaterniond [01;35m[Krot_first[m[K = imuBuf.measMap_.begin()->second->q_w_i;
      |                                  [01;35m[K^~~~~~~~~[m[K
In file included from [01m[K/root/ros2_ws/src/slam/SuperOdom/super_odometry/include/super_odometry/ImuPreintegration/imuPreintegration.h:38[m[K,
                 from [01m[K/root/ros2_ws/src/slam/SuperOdom/super_odometry/src/imuPreintegration_node.cpp:5[m[K:
[01m[K/root/ros2_ws/src/slam/SuperOdom/super_odometry/include/super_odometry/sensor_data/imu/imu_data.h:101:34:[m[K [01;35m[Kwarning: [m[Kvariable ‘[01m[Krot_cur[m[K’ set but not used [[01;35m[K-Wunused-but-set-variable[m[K]
  101 |         const Eigen::Quaterniond [01;35m[Krot_cur[m[K = itMeas_->second->q_w_i;
      |                                  [01;35m[K^~~~~~~[m[K
