[0.039s] Invoking command in '/root/ros2_ws/src/build/super_odometry': AMENT_PREFIX_PATH=/root/ros2_ws/src/install/super_odometry_msgs:/root/ros2_ws/src/install/livox_ros_driver2:${AMENT_PREFIX_PATH} CMAKE_PREFIX_PATH=/root/ros2_ws/src/install/super_odometry_msgs:/root/ros2_ws/src/install/livox_ros_driver2:/opt/ros/humble LD_LIBRARY_PATH=/root/ros2_ws/src/install/super_odometry_msgs/lib:/root/ros2_ws/src/install/livox_ros_driver2/lib:${LD_LIBRARY_PATH} PYTHONPATH=/root/ros2_ws/src/install/super_odometry_msgs/local/lib/python3.10/dist-packages:/root/ros2_ws/src/install/livox_ros_driver2/local/lib/python3.10/dist-packages:${PYTHONPATH} /usr/bin/cmake /root/ros2_ws/src/slam/SuperOdom/super_odometry -DROS_EDITION=ROS2 -DHUMBLE_ROS=humble -DCMAKE_INSTALL_PREFIX=/root/ros2_ws/src/install/super_odometry
[0.188s] -- The C compiler identification is GNU 11.4.0
[0.302s] -- The CXX compiler identification is GNU 11.4.0
[0.317s] -- Detecting C compiler ABI info
[0.454s] -- Detecting C compiler ABI info - done
[0.471s] -- Check for working C compiler: /usr/bin/cc - skipped
[0.472s] -- Detecting C compile features
[0.472s] -- Detecting C compile features - done
[0.475s] -- Detecting CXX compiler ABI info
[0.625s] -- Detecting CXX compiler ABI info - done
[0.640s] -- Check for working CXX compiler: /usr/bin/c++ - skipped
[0.641s] -- Detecting CXX compile features
[0.642s] -- Detecting CXX compile features - done
[0.648s] -- Found ament_cmake: 1.3.12 (/opt/ros/humble/share/ament_cmake/cmake)
[0.998s] -- Found Python3: /usr/bin/python3 (found version "3.10.12") found components: Interpreter 
[1.263s] -- Found ament_cmake_auto: 1.3.12 (/opt/ros/humble/share/ament_cmake_auto/cmake)
[1.272s] -- Found rclcpp: 16.0.17 (/opt/ros/humble/share/rclcpp/cmake)
[1.331s] -- Found rosidl_generator_c: 3.1.8 (/opt/ros/humble/share/rosidl_generator_c/cmake)
[1.338s] -- Found rosidl_adapter: 3.1.8 (/opt/ros/humble/share/rosidl_adapter/cmake)
[1.350s] -- Found rosidl_generator_cpp: 3.1.8 (/opt/ros/humble/share/rosidl_generator_cpp/cmake)
[1.367s] -- Using all available rosidl_typesupport_c: rosidl_typesupport_fastrtps_c;rosidl_typesupport_introspection_c
[1.385s] -- Using all available rosidl_typesupport_cpp: rosidl_typesupport_fastrtps_cpp;rosidl_typesupport_introspection_cpp
[1.441s] -- Found rmw_implementation_cmake: 6.1.2 (/opt/ros/humble/share/rmw_implementation_cmake/cmake)
[1.445s] -- Found rmw_fastrtps_cpp: 6.2.9 (/opt/ros/humble/share/rmw_fastrtps_cpp/cmake)
[1.589s] -- Found OpenSSL: /usr/lib/x86_64-linux-gnu/libcrypto.so (found version "3.0.2")  
[1.659s] -- Found FastRTPS: /opt/ros/humble/include  
[1.768s] -- Using RMW implementation 'rmw_fastrtps_cpp' as default
[1.790s] -- Looking for pthread.h
[1.928s] -- Looking for pthread.h - found
[1.928s] -- Performing Test CMAKE_HAVE_LIBC_PTHREAD
[2.062s] -- Performing Test CMAKE_HAVE_LIBC_PTHREAD - Success
[2.063s] -- Found Threads: TRUE  
[2.161s] -- Found geometry_msgs: 4.9.0 (/opt/ros/humble/share/geometry_msgs/cmake)
[2.185s] -- Found nav_msgs: 4.9.0 (/opt/ros/humble/share/nav_msgs/cmake)
[2.217s] -- Found sensor_msgs: 4.9.0 (/opt/ros/humble/share/sensor_msgs/cmake)
[2.248s] -- Found image_transport: 3.1.12 (/opt/ros/humble/share/image_transport/cmake)
[2.341s] -- Found cv_bridge: 3.2.1 (/opt/ros/humble/share/cv_bridge/cmake)
[2.366s] -- Found tf2: 0.25.18 (/opt/ros/humble/share/tf2/cmake)
[2.375s] -- Found tf2_ros: 0.25.18 (/opt/ros/humble/share/tf2_ros/cmake)
[2.518s] -- Found tf2_geometry_msgs: 0.25.18 (/opt/ros/humble/share/tf2_geometry_msgs/cmake)
[2.551s] -- Found eigen3_cmake_module: 0.1.1 (/opt/ros/humble/share/eigen3_cmake_module/cmake)
[2.554s] -- Found Eigen3: TRUE (found version "3.4.0") 
[2.554s] -- Ensuring Eigen3 include directory is part of orocos-kdl CMake target
[2.556s] -- Found super_odometry_msgs: 0.0.0 (/root/ros2_ws/src/install/super_odometry_msgs/share/super_odometry_msgs/cmake)
[2.596s] -- Found visualization_msgs: 4.9.0 (/opt/ros/humble/share/visualization_msgs/cmake)
[2.656s] -- Found Eigen: /usr/include/eigen3 (found suitable version "3.4.0", minimum required is "3.1") 
[2.709s] -- Found Boost: /usr/lib/x86_64-linux-gnu/cmake/Boost-1.74.0/BoostConfig.cmake (found suitable version "1.74.0", minimum required is "1.65.0") found components: system filesystem date_time iostreams serialization 
[2.750s] -- Checking for module 'flann'
[2.771s] --   Found flann, version 1.9.1
[2.832s] -- Found FLANN: /usr/lib/x86_64-linux-gnu/libflann_cpp.so  
[2.832s] -- FLANN found (include: /usr/include, lib: /usr/lib/x86_64-linux-gnu/libflann_cpp.so)
[2.892s] -- Found GLEW: /usr/lib/x86_64-linux-gnu/libGLEW.so  
[2.901s] -- Found OpenGL: /usr/lib/x86_64-linux-gnu/libOpenGL.so  found components: OpenGL GLX 
[3.145s] -- Found MPI_C: /usr/lib/x86_64-linux-gnu/libmpi.so (found version "3.1") 
[3.146s] -- Found MPI: TRUE (found version "3.1") found components: C 
[3.147s] -- Found JsonCpp: /usr/lib/x86_64-linux-gnu/libjsoncpp.so (found suitable version "1.9.5", minimum required is "0.7.0") 
[3.161s] -- Found ZLIB: /usr/lib/x86_64-linux-gnu/libz.so (found version "1.2.11") 
[3.188s] -- Found PNG: /usr/lib/x86_64-linux-gnu/libpng.so (found version "1.6.37") 
[3.210s] -- Found Eigen3: /usr/include/eigen3 (found version "3.4.0") 
[3.336s] -- Found X11: /usr/include   
[3.336s] -- Looking for XOpenDisplay in /usr/lib/x86_64-linux-gnu/libX11.so;/usr/lib/x86_64-linux-gnu/libXext.so
[3.459s] -- Looking for XOpenDisplay in /usr/lib/x86_64-linux-gnu/libX11.so;/usr/lib/x86_64-linux-gnu/libXext.so - found
[3.459s] -- Looking for gethostbyname
[3.583s] -- Looking for gethostbyname - found
[3.583s] -- Looking for connect
[3.705s] -- Looking for connect - found
[3.705s] -- Looking for remove
[3.827s] -- Looking for remove - found
[3.828s] -- Looking for shmat
[3.951s] -- Looking for shmat - found
[3.952s] -- Looking for IceConnectionNumber in ICE
[4.079s] -- Looking for IceConnectionNumber in ICE - found
[4.207s] -- Found EXPAT: /usr/lib/x86_64-linux-gnu/libexpat.so (found version "2.4.7") 
[4.210s] -- Found double-conversion: /usr/lib/x86_64-linux-gnu/libdouble-conversion.so  
[4.214s] -- Found LZ4: /usr/lib/x86_64-linux-gnu/liblz4.so (found version "1.9.3") 
[4.218s] -- Found LZMA: /usr/lib/x86_64-linux-gnu/liblzma.so (found version "5.2.5") 
[4.238s] -- Found JPEG: /usr/lib/x86_64-linux-gnu/libjpeg.so (found version "80") 
[4.246s] -- Found TIFF: /usr/lib/x86_64-linux-gnu/libtiff.so (found version "4.3.0")  
[4.252s] -- Found Freetype: /usr/lib/x86_64-linux-gnu/libfreetype.so (found version "2.11.1") 
[4.262s] -- Found utf8cpp: /usr/include/utf8cpp  
[4.389s] -- Checking for module 'libusb-1.0'
[4.411s] --   Found libusb-1.0, version 1.0.25
[4.467s] -- Found libusb: /usr/lib/x86_64-linux-gnu/libusb-1.0.so  
[4.469s] -- Found OpenNI: /usr/lib/libOpenNI.so;libusb::libusb (found version "1.5.4.0") 
[4.469s] -- OpenNI found (version: 1.5.4.0, include: /usr/include/ni, lib: /usr/lib/libOpenNI.so;libusb::libusb)
[4.549s] -- Found OpenNI2: /usr/lib/x86_64-linux-gnu/libOpenNI2.so;libusb::libusb (found version "2.2.0.33") 
[4.549s] -- OpenNI2 found (version: 2.2.0.33, include: /usr/include/openni2, lib: /usr/lib/x86_64-linux-gnu/libOpenNI2.so;libusb::libusb)
[4.550s] [0m** WARNING ** io features related to pcap will be disabled[0m
[4.812s] -- OpenNI found (version: 1.5.4.0, include: /usr/include/ni, lib: /usr/lib/libOpenNI.so;libusb::libusb)
[4.827s] -- OpenNI2 found (version: 2.2.0.33, include: /usr/include/openni2, lib: /usr/lib/x86_64-linux-gnu/libOpenNI2.so;libusb::libusb)
[5.100s] -- Found Qhull version 8.0.2
[5.349s] -- OpenNI found (version: 1.5.4.0, include: /usr/include/ni, lib: /usr/lib/libOpenNI.so;libusb::libusb)
[5.610s] -- looking for PCL_COMMON
[5.612s] -- Found PCL_COMMON: /usr/lib/x86_64-linux-gnu/libpcl_common.so  
[5.612s] -- looking for PCL_KDTREE
[5.613s] -- Found PCL_KDTREE: /usr/lib/x86_64-linux-gnu/libpcl_kdtree.so  
[5.613s] -- looking for PCL_OCTREE
[5.615s] -- Found PCL_OCTREE: /usr/lib/x86_64-linux-gnu/libpcl_octree.so  
[5.615s] -- looking for PCL_SEARCH
[5.616s] -- Found PCL_SEARCH: /usr/lib/x86_64-linux-gnu/libpcl_search.so  
[5.616s] -- looking for PCL_SAMPLE_CONSENSUS
[5.617s] -- Found PCL_SAMPLE_CONSENSUS: /usr/lib/x86_64-linux-gnu/libpcl_sample_consensus.so  
[5.618s] -- looking for PCL_FILTERS
[5.619s] -- Found PCL_FILTERS: /usr/lib/x86_64-linux-gnu/libpcl_filters.so  
[5.619s] -- looking for PCL_2D
[5.620s] -- Found PCL_2D: /usr/include/pcl-1.12  
[5.620s] -- looking for PCL_GEOMETRY
[5.620s] -- Found PCL_GEOMETRY: /usr/include/pcl-1.12  
[5.620s] -- looking for PCL_IO
[5.622s] -- Found PCL_IO: /usr/lib/x86_64-linux-gnu/libpcl_io.so  
[5.622s] -- looking for PCL_FEATURES
[5.624s] -- Found PCL_FEATURES: /usr/lib/x86_64-linux-gnu/libpcl_features.so  
[5.626s] -- looking for PCL_ML
[5.626s] -- Found PCL_ML: /usr/lib/x86_64-linux-gnu/libpcl_ml.so  
[5.626s] -- looking for PCL_SEGMENTATION
[5.627s] -- Found PCL_SEGMENTATION: /usr/lib/x86_64-linux-gnu/libpcl_segmentation.so  
[5.627s] -- looking for PCL_VISUALIZATION
[5.631s] -- Found PCL_VISUALIZATION: /usr/lib/x86_64-linux-gnu/libpcl_visualization.so  
[5.631s] -- looking for PCL_SURFACE
[5.633s] -- Found PCL_SURFACE: /usr/lib/x86_64-linux-gnu/libpcl_surface.so  
[5.633s] -- looking for PCL_REGISTRATION
[5.634s] -- Found PCL_REGISTRATION: /usr/lib/x86_64-linux-gnu/libpcl_registration.so  
[5.635s] -- looking for PCL_KEYPOINTS
[5.636s] -- Found PCL_KEYPOINTS: /usr/lib/x86_64-linux-gnu/libpcl_keypoints.so  
[5.637s] -- looking for PCL_TRACKING
[5.638s] -- Found PCL_TRACKING: /usr/lib/x86_64-linux-gnu/libpcl_tracking.so  
[5.638s] -- looking for PCL_RECOGNITION
[5.639s] -- Found PCL_RECOGNITION: /usr/lib/x86_64-linux-gnu/libpcl_recognition.so  
[5.640s] -- looking for PCL_STEREO
[5.641s] -- Found PCL_STEREO: /usr/lib/x86_64-linux-gnu/libpcl_stereo.so  
[5.641s] -- looking for PCL_APPS
[5.642s] -- Found PCL_APPS: /usr/lib/x86_64-linux-gnu/libpcl_apps.so  
[5.644s] -- looking for PCL_IN_HAND_SCANNER
[5.644s] -- Found PCL_IN_HAND_SCANNER: /usr/include/pcl-1.12  
[5.644s] -- looking for PCL_MODELER
[5.645s] -- Found PCL_MODELER: /usr/include/pcl-1.12  
[5.645s] -- looking for PCL_POINT_CLOUD_EDITOR
[5.645s] -- Found PCL_POINT_CLOUD_EDITOR: /usr/include/pcl-1.12  
[5.645s] -- looking for PCL_OUTOFCORE
[5.647s] -- Found PCL_OUTOFCORE: /usr/lib/x86_64-linux-gnu/libpcl_outofcore.so  
[5.647s] -- looking for PCL_PEOPLE
[5.649s] -- Found PCL_PEOPLE: /usr/lib/x86_64-linux-gnu/libpcl_people.so  
[5.650s] -- Found PCL: pcl_common;pcl_kdtree;pcl_octree;pcl_search;pcl_sample_consensus;pcl_filters;pcl_io;pcl_features;pcl_ml;pcl_segmentation;pcl_visualization;pcl_surface;pcl_registration;pcl_keypoints;pcl_tracking;pcl_recognition;pcl_stereo;pcl_apps;pcl_outofcore;pcl_people;Boost::system;Boost::filesystem;Boost::date_time;Boost::iostreams;Boost::serialization;/usr/lib/libOpenNI.so;libusb::libusb;/usr/lib/x86_64-linux-gnu/libOpenNI2.so;libusb::libusb;VTK::ChartsCore;VTK::CommonColor;VTK::CommonComputationalGeometry;VTK::CommonCore;VTK::CommonDataModel;VTK::CommonExecutionModel;VTK::CommonMath;VTK::CommonMisc;VTK::CommonTransforms;VTK::FiltersCore;VTK::FiltersExtraction;VTK::FiltersGeneral;VTK::FiltersGeometry;VTK::FiltersModeling;VTK::FiltersSources;VTK::ImagingCore;VTK::ImagingSources;VTK::InteractionImage;VTK::InteractionStyle;VTK::InteractionWidgets;VTK::IOCore;VTK::IOGeometry;VTK::IOImage;VTK::IOLegacy;VTK::IOPLY;VTK::RenderingAnnotation;VTK::RenderingCore;VTK::RenderingContext2D;VTK::RenderingLOD;VTK::RenderingFreeType;VTK::ViewsCore;VTK::ViewsContext2D;VTK::RenderingOpenGL2;VTK::GUISupportQt;FLANN::FLANN;QHULL::QHULL  
[5.655s] -- Found pcl_conversions: 2.4.5 (/opt/ros/humble/share/pcl_conversions/cmake)
[5.706s] -- Found required Ceres dependency: Eigen version 3.4.0 in /usr/include/eigen3
[5.719s] -- Found required Ceres dependency: glog
[5.720s] -- Found required Ceres dependency: gflags
[5.720s] -- Found Ceres version: 2.0.0 installed in: /usr with components: [EigenSparse, SparseLinearAlgebraLibrary, LAPACK, SuiteSparse, CXSparse, SchurSpecializations, Multithreading]
[5.779s] -- GTSAM include directory:  /usr/local/lib/cmake/GTSAM/../../../include
[5.780s] -- Found livox_ros_driver2: 1.0.0 (/root/ros2_ws/src/install/livox_ros_driver2/share/livox_ros_driver2/cmake)
[5.959s] -- Configuring done
[6.110s] [0mWARNING: Target "feature_extraction_node" requests linking to directory "/root/ros2_ws/src/slam/SuperOdom/super_odometry/include".  Targets may link only to libraries.  CMake is dropping the item.[0m
[6.163s] -- Generating done
[6.166s] [33mCMake Warning:
[6.167s]   Manually-specified variables were not used by the project:
[6.167s] 
[6.167s]     HUMBLE_ROS
[6.167s]     ROS_EDITION
[6.167s] 
[6.167s] [0m
[6.198s] -- Build files have been written to: /root/ros2_ws/src/build/super_odometry
[6.223s] Invoked command in '/root/ros2_ws/src/build/super_odometry' returned '0': AMENT_PREFIX_PATH=/root/ros2_ws/src/install/super_odometry_msgs:/root/ros2_ws/src/install/livox_ros_driver2:${AMENT_PREFIX_PATH} CMAKE_PREFIX_PATH=/root/ros2_ws/src/install/super_odometry_msgs:/root/ros2_ws/src/install/livox_ros_driver2:/opt/ros/humble LD_LIBRARY_PATH=/root/ros2_ws/src/install/super_odometry_msgs/lib:/root/ros2_ws/src/install/livox_ros_driver2/lib:${LD_LIBRARY_PATH} PYTHONPATH=/root/ros2_ws/src/install/super_odometry_msgs/local/lib/python3.10/dist-packages:/root/ros2_ws/src/install/livox_ros_driver2/local/lib/python3.10/dist-packages:${PYTHONPATH} /usr/bin/cmake /root/ros2_ws/src/slam/SuperOdom/super_odometry -DROS_EDITION=ROS2 -DHUMBLE_ROS=humble -DCMAKE_INSTALL_PREFIX=/root/ros2_ws/src/install/super_odometry
[6.224s] Invoking command in '/root/ros2_ws/src/build/super_odometry': AMENT_PREFIX_PATH=/root/ros2_ws/src/install/super_odometry_msgs:/root/ros2_ws/src/install/livox_ros_driver2:${AMENT_PREFIX_PATH} CMAKE_PREFIX_PATH=/root/ros2_ws/src/install/super_odometry_msgs:/root/ros2_ws/src/install/livox_ros_driver2:/opt/ros/humble LD_LIBRARY_PATH=/root/ros2_ws/src/install/super_odometry_msgs/lib:/root/ros2_ws/src/install/livox_ros_driver2/lib:${LD_LIBRARY_PATH} PYTHONPATH=/root/ros2_ws/src/install/super_odometry_msgs/local/lib/python3.10/dist-packages:/root/ros2_ws/src/install/livox_ros_driver2/local/lib/python3.10/dist-packages:${PYTHONPATH} /usr/bin/cmake --build /root/ros2_ws/src/build/super_odometry -- -j24 -l24
[6.312s] [  5%] [32mBuilding CXX object CMakeFiles/SuperOdomLib.dir/src/ImuPreintegration/imuPreintegration.cpp.o[0m
[6.312s] [ 11%] [32mBuilding CXX object CMakeFiles/SuperOdomLib.dir/src/FeatureExtraction/featureExtraction.cpp.o[0m
[6.314s] [ 17%] [32mBuilding CXX object CMakeFiles/SuperOdomLib.dir/src/LidarProcess/LidarSlam.cpp.o[0m
[6.315s] [ 29%] [32mBuilding CXX object CMakeFiles/SuperOdomLib.dir/src/LaserMapping/lidarOptimization.cpp.o[0m
[6.315s] [ 35%] [32mBuilding CXX object CMakeFiles/SuperOdomLib.dir/src/LaserMapping/laserMapping.cpp.o[0m
[6.315s] [ 35%] [32mBuilding CXX object CMakeFiles/SuperOdomLib.dir/src/LaserMapping/LocalMap.cpp.o[0m
[8.388s] [01m[K/root/ros2_ws/src/slam/SuperOdom/super_odometry/src/LaserMapping/lidarOptimization.cpp:[m[K In member function ‘[01m[Kvirtual bool PoseSE3Parameterization::ComputeJacobian(const double*, double*) const[m[K’:
[8.389s] [01m[K/root/ros2_ws/src/slam/SuperOdom/super_odometry/src/LaserMapping/lidarOptimization.cpp:102:61:[m[K [01;35m[Kwarning: [m[Kunused parameter ‘[01m[Kx[m[K’ [[01;35m[K-Wunused-parameter[m[K]
[8.389s]   102 | bool PoseSE3Parameterization::ComputeJacobian([01;35m[Kconst double *x[m[K, double *jacobian) const
[8.389s]       |                                               [01;35m[K~~~~~~~~~~~~~~^[m[K
[10.479s] [01m[K/root/ros2_ws/src/slam/SuperOdom/super_odometry/src/LaserMapping/laserMapping.cpp:796:[m[K [01;35m[Kwarning: [m[Kignoring ‘[01m[K#pragma clang diagnostic[m[K’ [[01;35m[K-Wunknown-pragmas[m[K]
[10.479s]   796 | #pragma clang diagnostic pop
[10.480s]       | 
[12.762s] [ 47%] [32mBuilding CXX object CMakeFiles/SuperOdomLib.dir/src/LidarProcess/pose_local_parameterization.cpp.o[0m
[12.763s] [ 47%] [32mBuilding CXX object CMakeFiles/SuperOdomLib.dir/src/utils/superodom_utils.cpp.o[0m
[12.763s] [ 52%] [32mBuilding CXX object CMakeFiles/SuperOdomLib.dir/src/parameter/parameter.cpp.o[0m
[12.764s] [ 58%] [32mBuilding CXX object CMakeFiles/SuperOdomLib.dir/src/LidarProcess/SE3AbsolutatePoseFactor.cpp.o[0m
[14.444s] In file included from [01m[K/root/ros2_ws/src/slam/SuperOdom/super_odometry/include/super_odometry/LidarProcess/factor/pose_local_parameterization.h:11[m[K,
[14.444s]                  from [01m[K/root/ros2_ws/src/slam/SuperOdom/super_odometry/src/LidarProcess/pose_local_parameterization.cpp:5[m[K:
[14.444s] [01m[K/root/ros2_ws/src/slam/SuperOdom/super_odometry/include/super_odometry/LidarProcess/factor/../../utils/utility.h:137:6:[m[K [01;35m[Kwarning: [m[Kextra ‘[01m[K;[m[K’ [[01;35m[K-Wpedantic[m[K]
[14.444s]   137 |     }[01;35m[K;[m[K
[14.444s]       |      [01;35m[K^[m[K
[14.444s]       |      [31m[K-[m[K
[14.673s] [01m[K/root/ros2_ws/src/slam/SuperOdom/super_odometry/src/LidarProcess/pose_local_parameterization.cpp:[m[K In member function ‘[01m[Kvirtual bool PoseLocalParameterization::ComputeJacobian(const double*, double*) const[m[K’:
[14.673s] [01m[K/root/ros2_ws/src/slam/SuperOdom/super_odometry/src/LidarProcess/pose_local_parameterization.cpp:24:63:[m[K [01;35m[Kwarning: [m[Kunused parameter ‘[01m[Kx[m[K’ [[01;35m[K-Wunused-parameter[m[K]
[14.673s]    24 | bool PoseLocalParameterization::ComputeJacobian([01;35m[Kconst double *x[m[K, double *jacobian) const
[14.673s]       |                                                 [01;35m[K~~~~~~~~~~~~~~^[m[K
[14.765s] In file included from [01m[K/root/ros2_ws/src/slam/SuperOdom/super_odometry/include/super_odometry/FeatureExtraction/featureExtraction.h:27[m[K,
[14.765s]                  from [01m[K/root/ros2_ws/src/slam/SuperOdom/super_odometry/src/FeatureExtraction/featureExtraction.cpp:5[m[K:
[14.765s] [01m[K/root/ros2_ws/src/slam/SuperOdom/super_odometry/include/super_odometry/sensor_data/imu/imu_data.h:[m[K In member function ‘[01m[Kvoid Imu::imuInit(MapRingBuffer<std::shared_ptr<Imu> >)[m[K’:
[14.765s] [01m[K/root/ros2_ws/src/slam/SuperOdom/super_odometry/include/super_odometry/sensor_data/imu/imu_data.h:82:34:[m[K [01;35m[Kwarning: [m[Kvariable ‘[01m[Krot_first[m[K’ set but not used [[01;35m[K-Wunused-but-set-variable[m[K]
[14.765s]    82 |         const Eigen::Quaterniond [01;35m[Krot_first[m[K = imuBuf.measMap_.begin()->second->q_w_i;
[14.766s]       |                                  [01;35m[K^~~~~~~~~[m[K
[14.859s] In file included from [01m[K/root/ros2_ws/src/slam/SuperOdom/super_odometry/include/super_odometry/FeatureExtraction/featureExtraction.h:27[m[K,
[14.859s]                  from [01m[K/root/ros2_ws/src/slam/SuperOdom/super_odometry/src/FeatureExtraction/featureExtraction.cpp:5[m[K:
[14.860s] [01m[K/root/ros2_ws/src/slam/SuperOdom/super_odometry/include/super_odometry/sensor_data/imu/imu_data.h:101:34:[m[K [01;35m[Kwarning: [m[Kvariable ‘[01m[Krot_cur[m[K’ set but not used [[01;35m[K-Wunused-but-set-variable[m[K]
[14.860s]   101 |         const Eigen::Quaterniond [01;35m[Krot_cur[m[K = itMeas_->second->q_w_i;
[14.860s]       |                                  [01;35m[K^~~~~~~[m[K
[15.001s] In file included from [01m[K/root/ros2_ws/src/slam/SuperOdom/super_odometry/include/super_odometry/LidarProcess/LocalMap.h:31[m[K,
[15.001s]                  from [01m[K/root/ros2_ws/src/slam/SuperOdom/super_odometry/src/LaserMapping/LocalMap.cpp:5[m[K:
[15.001s] [01m[K/root/ros2_ws/src/slam/SuperOdom/super_odometry/include/super_odometry/flann/nanoflann.h:[m[K In member function ‘[01m[Ksize_t nanoflann::KDTreeSingIndexAaptor<Distance, DatasetAdapter, DIM, IndexType>::knnSearch(const ElementType*, size_t, IndexType*, nanoflann::KDTreeSingIndexAaptor<Distance, DatasetAdapter, DIM, IndexType>::DistanceType*, int) const[m[K’:
[15.001s] [01m[K/root/ros2_ws/src/slam/SuperOdom/super_odometry/include/super_odometry/flann/nanoflann.h:871:3:[m[K [01;35m[Kwarning: [m[Kno return statement in function returning non-void [[01;35m[K-Wreturn-type[m[K]
[15.001s]   871 |   [01;35m[K}[m[K
[15.001s]       |   [01;35m[K^[m[K
[15.444s] [01m[K/root/ros2_ws/src/slam/SuperOdom/super_odometry/src/FeatureExtraction/featureExtraction.cpp:[m[K In member function ‘[01m[Kvoid super_odometry::featureExtraction::undistortionAndFeatureExtraction()[m[K’:
[15.444s] [01m[K/root/ros2_ws/src/slam/SuperOdom/super_odometry/src/FeatureExtraction/featureExtraction.cpp:489:20:[m[K [01;35m[Kwarning: [m[Kunused variable ‘[01m[Klidar_end_time[m[K’ [[01;35m[K-Wunused-variable[m[K]
[15.444s]   489 |             double [01;35m[Klidar_end_time[m[K = lidar_start_time + lidar_msg->back().time;
[15.444s]       |                    [01;35m[K^~~~~~~~~~~~~~[m[K
[15.445s] [01m[K/root/ros2_ws/src/slam/SuperOdom/super_odometry/src/FeatureExtraction/featureExtraction.cpp:[m[K In member function ‘[01m[Kvoid super_odometry::featureExtraction::uniformFeatureExtraction(const Ptr&, pcl::PointCloud<pcl::PointXYZI>::Ptr&, int, float)[m[K’:
[15.445s] [01m[K/root/ros2_ws/src/slam/SuperOdom/super_odometry/src/FeatureExtraction/featureExtraction.cpp:507:26:[m[K [01;35m[Kwarning: [m[Kcomparison of integer expressions of different signedness: ‘[01m[Kuint[m[K’ {aka ‘[01m[Kunsigned int[m[K’} and ‘[01m[Kint[m[K’ [[01;35m[K-Wsign-compare[m[K]
[15.445s]   507 |         for (uint i=1; [01;35m[Ki <(int)pc_in->points.size()[m[K; i+=skip_num)
[15.445s]       |                        [01;35m[K~~^~~~~~~~~~~~~~~~~~~~~~~~~~[m[K
[15.445s] [01m[K/root/ros2_ws/src/slam/SuperOdom/super_odometry/src/FeatureExtraction/featureExtraction.cpp:518:17:[m[K [01;35m[Kwarning: [m[Ksuggest parentheses around ‘[01m[K&&[m[K’ within ‘[01m[K||[m[K’ [[01;35m[K-Wparentheses[m[K]
[15.445s]   517 |                 || [01;35m[K(abs(pc_in->points[i].z - pc_in->points[i-1].z) > 1e-7)[m[K
[15.445s]       |                    [01;35m[K~~~~~~~~~~~~~~~~~~~~~~~~~~~~~~~~~~~~~~~~~~~~~~~~~~~~~~~[m[K
[15.445s]   518 | [01;35m[K                && (pc_in->points[i].x * pc_in->points[i].x + pc_in->points[i].y * pc_in->points[i].y + pc_in->points[i].z * pc_in->points[i].z > (block_range * block_range))[m[K)
[15.445s]       |                 [01;35m[K^~~~~~~~~~~~~~~~~~~~~~~~~~~~~~~~~~~~~~~~~~~~~~~~~~~~~~~~~~~~~~~~~~~~~~~~~~~~~~~~~~~~~~~~~~~~~~~~~~~~~~~~~~~~~~~~~~~~~~~~~~~~~~~~~~~~~~~~~~~~~~~~~~~~~~~~~~~~~~[m[K
[15.496s] [01m[K/root/ros2_ws/src/slam/SuperOdom/super_odometry/src/FeatureExtraction/featureExtraction.cpp:[m[K In member function ‘[01m[KImu::Ptr super_odometry::featureExtraction::createImuData(const super_odometry::ImuMeasurement&)[m[K’:
[15.496s] [01m[K/root/ros2_ws/src/slam/SuperOdom/super_odometry/src/FeatureExtraction/featureExtraction.cpp:563:29:[m[K [01;35m[Kwarning: [m[Kvariable ‘[01m[Kgyr[m[K’ set but not used [[01;35m[K-Wunused-but-set-variable[m[K]
[15.496s]   563 |             Eigen::Vector3d [01;35m[Kgyr[m[K = imu_Init->imu_laser_R_Gravity * measurement.gyr;
[15.496s]       |                             [01;35m[K^~~[m[K
[15.691s] In file included from [01m[K/root/ros2_ws/src/slam/SuperOdom/super_odometry/include/super_odometry/LidarProcess/LocalMap.h:31[m[K,
[15.691s]                  from [01m[K/root/ros2_ws/src/slam/SuperOdom/super_odometry/include/super_odometry/LidarProcess/LidarSlam.h:17[m[K,
[15.691s]                  from [01m[K/root/ros2_ws/src/slam/SuperOdom/super_odometry/src/LidarProcess/LidarSlam.cpp:3[m[K:
[15.691s] [01m[K/root/ros2_ws/src/slam/SuperOdom/super_odometry/include/super_odometry/flann/nanoflann.h:[m[K In member function ‘[01m[Ksize_t nanoflann::KDTreeSingIndexAaptor<Distance, DatasetAdapter, DIM, IndexType>::knnSearch(const ElementType*, size_t, IndexType*, nanoflann::KDTreeSingIndexAaptor<Distance, DatasetAdapter, DIM, IndexType>::DistanceType*, int) const[m[K’:
[15.691s] [01m[K/root/ros2_ws/src/slam/SuperOdom/super_odometry/include/super_odometry/flann/nanoflann.h:871:3:[m[K [01;35m[Kwarning: [m[Kno return statement in function returning non-void [[01;35m[K-Wreturn-type[m[K]
[15.691s]   871 |   [01;35m[K}[m[K
[15.691s]       |   [01;35m[K^[m[K
[15.882s] In file included from [01m[K/root/ros2_ws/src/slam/SuperOdom/super_odometry/src/LidarProcess/SE3AbsolutatePoseFactor.cpp:7[m[K:
[15.883s] [01m[K/root/ros2_ws/src/slam/SuperOdom/super_odometry/include/super_odometry/utils/utility.h:137:6:[m[K [01;35m[Kwarning: [m[Kextra ‘[01m[K;[m[K’ [[01;35m[K-Wpedantic[m[K]
[15.883s]   137 |     }[01;35m[K;[m[K
[15.883s]       |      [01;35m[K^[m[K
[15.883s]       |      [31m[K-[m[K
[15.896s] /root/ros2_ws/src/slam/SuperOdom/super_odometry/src/FeatureExtraction/featureExtraction.cpp: In instantiation of ‘[01m[Ksensor_msgs::msg::PointCloud2 super_odometry::featureExtraction::publishCloud(rclcpp::Publisher<sensor_msgs::msg::PointCloud2_<std::allocator<void> > >::SharedPtr, typename pcl::PointCloud<PointT>::Ptr, rclcpp::Time, std::string) [with Point = point_os::PointcloudXYZITR; sensor_msgs::msg::PointCloud2 = sensor_msgs::msg::PointCloud2_<std::allocator<void> >; rclcpp::Publisher<sensor_msgs::msg::PointCloud2_<std::allocator<void> > >::SharedPtr = std::shared_ptr<rclcpp::Publisher<sensor_msgs::msg::PointCloud2_<std::allocator<void> > > >; typename pcl::PointCloud<PointT>::Ptr = std::shared_ptr<pcl::PointCloud<point_os::PointcloudXYZITR> >; std::string = std::__cxx11::basic_string<char>][m[K’:
[15.896s] [01m[K/root/ros2_ws/src/slam/SuperOdom/super_odometry/src/FeatureExtraction/featureExtraction.cpp:403:83:[m[K   required from here
[15.896s] [01m[K/root/ros2_ws/src/slam/SuperOdom/super_odometry/src/FeatureExtraction/featureExtraction.cpp:379:97:[m[K [01;35m[Kwarning: [m[Kunused parameter ‘[01m[KthisPub[m[K’ [[01;35m[K-Wunused-parameter[m[K]
[15.896s]   379 |     featureExtraction::publishCloud([01;35m[Krclcpp::Publisher<sensor_msgs::msg::PointCloud2>::SharedPtr thisPub[m[K, typename pcl::PointCloud<Point>::Ptr thisCloud,
[15.896s]       |                                     [01;35m[K~~~~~~~~~~~~~~~~~~~~~~~~~~~~~~~~~~~~~~~~~~~~~~~~~~~~~~~~~~~~^~~~~~~[m[K
[15.896s] /root/ros2_ws/src/slam/SuperOdom/super_odometry/src/FeatureExtraction/featureExtraction.cpp: In instantiation of ‘[01m[Ksensor_msgs::msg::PointCloud2 super_odometry::featureExtraction::publishCloud(rclcpp::Publisher<sensor_msgs::msg::PointCloud2_<std::allocator<void> > >::SharedPtr, typename pcl::PointCloud<PointT>::Ptr, rclcpp::Time, std::string) [with Point = pcl::PointXYZI; sensor_msgs::msg::PointCloud2 = sensor_msgs::msg::PointCloud2_<std::allocator<void> >; rclcpp::Publisher<sensor_msgs::msg::PointCloud2_<std::allocator<void> > >::SharedPtr = std::shared_ptr<rclcpp::Publisher<sensor_msgs::msg::PointCloud2_<std::allocator<void> > > >; typename pcl::PointCloud<PointT>::Ptr = std::shared_ptr<pcl::PointCloud<pcl::PointXYZI> >; std::string = std::__cxx11::basic_string<char>][m[K’:
[15.897s] [01m[K/root/ros2_ws/src/slam/SuperOdom/super_odometry/src/FeatureExtraction/featureExtraction.cpp:404:60:[m[K   required from here
[15.897s] [01m[K/root/ros2_ws/src/slam/SuperOdom/super_odometry/src/FeatureExtraction/featureExtraction.cpp:379:97:[m[K [01;35m[Kwarning: [m[Kunused parameter ‘[01m[KthisPub[m[K’ [[01;35m[K-Wunused-parameter[m[K]
[15.924s] /root/ros2_ws/src/slam/SuperOdom/super_odometry/src/FeatureExtraction/featureExtraction.cpp: In instantiation of ‘[01m[Kvoid super_odometry::featureExtraction::removePointDistortion(double, double, MapRingBuffer<Meas>&, pcl::PointCloud<point_os::PointcloudXYZITR>::Ptr&) [with BufferType = std::shared_ptr<nav_msgs::msg::Odometry_<std::allocator<void> > >; pcl::PointCloud<point_os::PointcloudXYZITR>::Ptr = std::shared_ptr<pcl::PointCloud<point_os::PointcloudXYZITR> >][m[K’:
[15.924s] [01m[K/root/ros2_ws/src/slam/SuperOdom/super_odometry/src/FeatureExtraction/featureExtraction.cpp:462:74:[m[K   required from here
[15.924s] [01m[K/root/ros2_ws/src/slam/SuperOdom/super_odometry/src/FeatureExtraction/featureExtraction.cpp:225:16:[m[K [01;35m[Kwarning: [m[Kunused parameter ‘[01m[Klidar_end_time[m[K’ [[01;35m[K-Wunused-parameter[m[K]
[15.925s]   225 |         [01;35m[Kdouble lidar_end_time[m[K,
[15.925s]       |         [01;35m[K~~~~~~~^~~~~~~~~~~~~~[m[K
[15.926s] /root/ros2_ws/src/slam/SuperOdom/super_odometry/src/FeatureExtraction/featureExtraction.cpp: In instantiation of ‘[01m[Kvoid super_odometry::featureExtraction::removePointDistortion(double, double, MapRingBuffer<Meas>&, pcl::PointCloud<point_os::PointcloudXYZITR>::Ptr&) [with BufferType = std::shared_ptr<Imu>; pcl::PointCloud<point_os::PointcloudXYZITR>::Ptr = std::shared_ptr<pcl::PointCloud<point_os::PointcloudXYZITR> >][m[K’:
[15.926s] [01m[K/root/ros2_ws/src/slam/SuperOdom/super_odometry/src/FeatureExtraction/featureExtraction.cpp:473:48:[m[K   required from here
[15.926s] [01m[K/root/ros2_ws/src/slam/SuperOdom/super_odometry/src/FeatureExtraction/featureExtraction.cpp:225:16:[m[K [01;35m[Kwarning: [m[Kunused parameter ‘[01m[Klidar_end_time[m[K’ [[01;35m[K-Wunused-parameter[m[K]
[16.135s] In file included from [01m[K/root/ros2_ws/src/slam/SuperOdom/super_odometry/include/super_odometry/LidarProcess/factor/pose_local_parameterization.h:11[m[K,
[16.135s]                  from [01m[K/root/ros2_ws/src/slam/SuperOdom/super_odometry/include/super_odometry/LidarProcess/LidarSlam.h:30[m[K,
[16.135s]                  from [01m[K/root/ros2_ws/src/slam/SuperOdom/super_odometry/src/LidarProcess/LidarSlam.cpp:3[m[K:
[16.135s] [01m[K/root/ros2_ws/src/slam/SuperOdom/super_odometry/include/super_odometry/LidarProcess/factor/../../utils/utility.h:[m[K At global scope:
[16.135s] [01m[K/root/ros2_ws/src/slam/SuperOdom/super_odometry/include/super_odometry/LidarProcess/factor/../../utils/utility.h:137:6:[m[K [01;35m[Kwarning: [m[Kextra ‘[01m[K;[m[K’ [[01;35m[K-Wpedantic[m[K]
[16.135s]   137 |     }[01;35m[K;[m[K
[16.136s]       |      [01;35m[K^[m[K
[16.136s]       |      [31m[K-[m[K
[16.552s] In file included from [01m[K/root/ros2_ws/src/slam/SuperOdom/super_odometry/include/super_odometry/LidarProcess/LocalMap.h:31[m[K,
[16.552s]                  from [01m[K/root/ros2_ws/src/slam/SuperOdom/super_odometry/include/super_odometry/LidarProcess/LidarSlam.h:17[m[K,
[16.552s]                  from [01m[K/root/ros2_ws/src/slam/SuperOdom/super_odometry/include/super_odometry/LaserMapping/laserMapping.h:34[m[K,
[16.552s]                  from [01m[K/root/ros2_ws/src/slam/SuperOdom/super_odometry/src/LaserMapping/laserMapping.cpp:5[m[K:
[16.552s] [01m[K/root/ros2_ws/src/slam/SuperOdom/super_odometry/include/super_odometry/flann/nanoflann.h:[m[K In member function ‘[01m[Ksize_t nanoflann::KDTreeSingIndexAaptor<Distance, DatasetAdapter, DIM, IndexType>::knnSearch(const ElementType*, size_t, IndexType*, nanoflann::KDTreeSingIndexAaptor<Distance, DatasetAdapter, DIM, IndexType>::DistanceType*, int) const[m[K’:
[16.552s] [01m[K/root/ros2_ws/src/slam/SuperOdom/super_odometry/include/super_odometry/flann/nanoflann.h:871:3:[m[K [01;35m[Kwarning: [m[Kno return statement in function returning non-void [[01;35m[K-Wreturn-type[m[K]
[16.552s]   871 |   [01;35m[K}[m[K
[16.552s]       |   [01;35m[K^[m[K
[16.885s] In file included from [01m[K/root/ros2_ws/src/slam/SuperOdom/super_odometry/include/super_odometry/LidarProcess/factor/pose_local_parameterization.h:11[m[K,
[16.885s]                  from [01m[K/root/ros2_ws/src/slam/SuperOdom/super_odometry/include/super_odometry/LidarProcess/LidarSlam.h:30[m[K,
[16.885s]                  from [01m[K/root/ros2_ws/src/slam/SuperOdom/super_odometry/include/super_odometry/LaserMapping/laserMapping.h:34[m[K,
[16.885s]                  from [01m[K/root/ros2_ws/src/slam/SuperOdom/super_odometry/src/LaserMapping/laserMapping.cpp:5[m[K:
[16.885s] [01m[K/root/ros2_ws/src/slam/SuperOdom/super_odometry/include/super_odometry/LidarProcess/factor/../../utils/utility.h:[m[K At global scope:
[16.885s] [01m[K/root/ros2_ws/src/slam/SuperOdom/super_odometry/include/super_odometry/LidarProcess/factor/../../utils/utility.h:137:6:[m[K [01;35m[Kwarning: [m[Kextra ‘[01m[K;[m[K’ [[01;35m[K-Wpedantic[m[K]
[16.885s]   137 |     }[01;35m[K;[m[K
[16.885s]       |      [01;35m[K^[m[K
[16.885s]       |      [31m[K-[m[K
[18.425s] In file included from [01m[K/root/ros2_ws/src/slam/SuperOdom/super_odometry/src/LidarProcess/LidarSlam.cpp:3[m[K:
[18.425s] [01m[K/root/ros2_ws/src/slam/SuperOdom/super_odometry/include/super_odometry/LidarProcess/LidarSlam.h:208:80:[m[K [01;35m[Kwarning: [m[Kextra ‘[01m[K;[m[K’ [[01;35m[K-Wpedantic[m[K]
[18.425s]   208 |         rclcpp::Publisher<std_msgs::msg::Float32>::SharedPtr pubUncertaintyYaw;[01;35m[K;[m[K
[18.425s]       |                                                                                [01;35m[K^[m[K
[18.425s]       |                                                                                [31m[K-[m[K
[18.488s] [01m[K/root/ros2_ws/src/slam/SuperOdom/super_odometry/src/LidarProcess/LidarSlam.cpp:[m[K In member function ‘[01m[Kvoid super_odometry::LidarSLAM::initializeState(bool, const Transformd&)[m[K’:
[18.488s] [01m[K/root/ros2_ws/src/slam/SuperOdom/super_odometry/src/LidarProcess/LidarSlam.cpp:53:42:[m[K [01;35m[Kwarning: [m[Kunused parameter ‘[01m[Kinitialization[m[K’ [[01;35m[K-Wunused-parameter[m[K]
[18.488s]    53 |     void LidarSLAM::initializeState([01;35m[Kbool initialization[m[K, const Transformd&position){
[18.488s]       |                                     [01;35m[K~~~~~^~~~~~~~~~~~~~[m[K
[18.519s] [01m[K/root/ros2_ws/src/slam/SuperOdom/super_odometry/src/LidarProcess/LidarSlam.cpp:[m[K In member function ‘[01m[Kdouble super_odometry::LidarSLAM::calculateSamplingRate(size_t)[m[K’:
[18.519s] [01m[K/root/ros2_ws/src/slam/SuperOdom/super_odometry/src/LidarProcess/LidarSlam.cpp:353:22:[m[K [01;35m[Kwarning: [m[Kcomparison of integer expressions of different signedness: ‘[01m[Ksize_t[m[K’ {aka ‘[01m[Klong unsigned int[m[K’} and ‘[01m[Kint[m[K’ [[01;35m[K-Wsign-compare[m[K]
[18.519s]   353 |         if([01;35m[Knum_points>OptSet.max_surface_features[m[K){
[18.519s]       |            [01;35m[K~~~~~~~~~~^~~~~~~~~~~~~~~~~~~~~~~~~~~~[m[K
[18.536s] [01m[K/root/ros2_ws/src/slam/SuperOdom/super_odometry/src/LidarProcess/LidarSlam.cpp:[m[K In member function ‘[01m[Ksuper_odometry::LidarSLAM::OptimizationParameter super_odometry::LidarSLAM::ComputeLineDistanceParameters(LocalMap&, const Point&)[m[K’:
[18.536s] [01m[K/root/ros2_ws/src/slam/SuperOdom/super_odometry/src/LidarProcess/LidarSlam.cpp:424:25:[m[K [01;35m[Kwarning: [m[Knarrowing conversion of ‘[01m[K((Eigen::DenseCoeffsBase<Eigen::Matrix<double, 3, 1>, 1>*)(& pFinal))->Eigen::DenseCoeffsBase<Eigen::Matrix<double, 3, 1>, 1>::x()[m[K’ from ‘[01m[KEigen::DenseCoeffsBase<Eigen::Matrix<double, 3, 1>, 1>::Scalar[m[K’ {aka ‘[01m[Kdouble[m[K’} to ‘[01m[Kfloat[m[K’ [[01;35m[K-Wnarrowing[m[K]
[18.536s]   424 |     Point query{[01;35m[KpFinal.x()[m[K, pFinal.y(), pFinal.z()};
[18.537s]       |                 [01;35m[K~~~~~~~~^~[m[K
[18.537s] [01m[K/root/ros2_ws/src/slam/SuperOdom/super_odometry/src/LidarProcess/LidarSlam.cpp:424:37:[m[K [01;35m[Kwarning: [m[Knarrowing conversion of ‘[01m[K((Eigen::DenseCoeffsBase<Eigen::Matrix<double, 3, 1>, 1>*)(& pFinal))->Eigen::DenseCoeffsBase<Eigen::Matrix<double, 3, 1>, 1>::y()[m[K’ from ‘[01m[KEigen::DenseCoeffsBase<Eigen::Matrix<double, 3, 1>, 1>::Scalar[m[K’ {aka ‘[01m[Kdouble[m[K’} to ‘[01m[Kfloat[m[K’ [[01;35m[K-Wnarrowing[m[K]
[18.537s]   424 |     Point query{pFinal.x(), [01;35m[KpFinal.y()[m[K, pFinal.z()};
[18.537s]       |                             [01;35m[K~~~~~~~~^~[m[K
[18.537s] [01m[K/root/ros2_ws/src/slam/SuperOdom/super_odometry/src/LidarProcess/LidarSlam.cpp:424:49:[m[K [01;35m[Kwarning: [m[Knarrowing conversion of ‘[01m[K((Eigen::DenseCoeffsBase<Eigen::Matrix<double, 3, 1>, 1>*)(& pFinal))->Eigen::DenseCoeffsBase<Eigen::Matrix<double, 3, 1>, 1>::z()[m[K’ from ‘[01m[KEigen::DenseCoeffsBase<Eigen::Matrix<double, 3, 1>, 1>::Scalar[m[K’ {aka ‘[01m[Kdouble[m[K’} to ‘[01m[Kfloat[m[K’ [[01;35m[K-Wnarrowing[m[K]
[18.537s]   424 |     Point query{pFinal.x(), pFinal.y(), [01;35m[KpFinal.z()[m[K};
[18.537s]       |                                         [01;35m[K~~~~~~~~^~[m[K
[18.560s] In file included from [01m[K/root/ros2_ws/src/slam/SuperOdom/super_odometry/include/super_odometry/ImuPreintegration/imuPreintegration.h:38[m[K,
[18.560s]                  from [01m[K/root/ros2_ws/src/slam/SuperOdom/super_odometry/src/ImuPreintegration/imuPreintegration.cpp:4[m[K:
[18.560s] [01m[K/root/ros2_ws/src/slam/SuperOdom/super_odometry/include/super_odometry/sensor_data/imu/imu_data.h:[m[K In member function ‘[01m[Kvoid Imu::imuInit(MapRingBuffer<std::shared_ptr<Imu> >)[m[K’:
[18.560s] [01m[K/root/ros2_ws/src/slam/SuperOdom/super_odometry/include/super_odometry/sensor_data/imu/imu_data.h:82:34:[m[K [01;35m[Kwarning: [m[Kvariable ‘[01m[Krot_first[m[K’ set but not used [[01;35m[K-Wunused-but-set-variable[m[K]
[18.560s]    82 |         const Eigen::Quaterniond [01;35m[Krot_first[m[K = imuBuf.measMap_.begin()->second->q_w_i;
[18.560s]       |                                  [01;35m[K^~~~~~~~~[m[K
[18.638s] [01m[K/root/ros2_ws/src/slam/SuperOdom/super_odometry/src/LidarProcess/LidarSlam.cpp:[m[K In member function ‘[01m[Ksuper_odometry::LidarSLAM::OptimizationParameter super_odometry::LidarSLAM::processLineResults(const Vector3d&, const Vector3d&, const Vector3d&, const Matrix3d&, const std::vector<pcl::PointXYZI>&, double)[m[K’:
[18.638s] [01m[K/root/ros2_ws/src/slam/SuperOdom/super_odometry/src/LidarProcess/LidarSlam.cpp:447:58:[m[K [01;35m[Kwarning: [m[Kunused parameter ‘[01m[Keigenvalues[m[K’ [[01;35m[K-Wunused-parameter[m[K]
[18.638s]   447 |                                   [01;35m[Kconst Eigen::Vector3d &eigenvalues[m[K,
[18.638s]       |                                   [01;35m[K~~~~~~~~~~~~~~~~~~~~~~~^~~~~~~~~~~[m[K
[18.638s] [01m[K/root/ros2_ws/src/slam/SuperOdom/super_odometry/src/LidarProcess/LidarSlam.cpp:450:42:[m[K [01;35m[Kwarning: [m[Kunused parameter ‘[01m[Ksquare_max_dist[m[K’ [[01;35m[K-Wunused-parameter[m[K]
[18.638s]   450 |                                   [01;35m[Kdouble square_max_dist[m[K) {
[18.638s]       |                                   [01;35m[K~~~~~~~^~~~~~~~~~~~~~~[m[K
[18.645s] In file included from [01m[K/root/ros2_ws/src/slam/SuperOdom/super_odometry/include/super_odometry/ImuPreintegration/imuPreintegration.h:38[m[K,
[18.645s]                  from [01m[K/root/ros2_ws/src/slam/SuperOdom/super_odometry/src/ImuPreintegration/imuPreintegration.cpp:4[m[K:
[18.645s] [01m[K/root/ros2_ws/src/slam/SuperOdom/super_odometry/include/super_odometry/sensor_data/imu/imu_data.h:101:34:[m[K [01;35m[Kwarning: [m[Kvariable ‘[01m[Krot_cur[m[K’ set but not used [[01;35m[K-Wunused-but-set-variable[m[K]
[18.645s]   101 |         const Eigen::Quaterniond [01;35m[Krot_cur[m[K = itMeas_->second->q_w_i;
[18.645s]       |                                  [01;35m[K^~~~~~~[m[K
[18.915s] [01m[K/root/ros2_ws/src/slam/SuperOdom/super_odometry/src/ImuPreintegration/imuPreintegration.cpp:[m[K In member function ‘[01m[Kbool super_odometry::imuPreintegration::build_graph(gtsam::Pose3, double)[m[K’:
[18.915s] [01m[K/root/ros2_ws/src/slam/SuperOdom/super_odometry/src/ImuPreintegration/imuPreintegration.cpp:289:14:[m[K [01;35m[Kwarning: [m[Kvariable ‘[01m[Kdiff[m[K’ set but not used [[01;35m[K-Wunused-but-set-variable[m[K]
[18.915s]   289 |         auto [01;35m[Kdiff[m[K  = curPose.translation() - propState_.pose().translation();
[18.915s]       |              [01;35m[K^~~~[m[K
[18.915s] [01m[K/root/ros2_ws/src/slam/SuperOdom/super_odometry/src/ImuPreintegration/imuPreintegration.cpp:279:72:[m[K [01;35m[Kwarning: [m[Kunused parameter ‘[01m[KcurLaserodomtimestamp[m[K’ [[01;35m[K-Wunused-parameter[m[K]
[18.915s]   279 |     bool imuPreintegration::build_graph(gtsam::Pose3 lidarPose, [01;35m[Kdouble curLaserodomtimestamp[m[K) {
[18.915s]       |                                                                 [01;35m[K~~~~~~~^~~~~~~~~~~~~~~~~~~~~[m[K
[18.950s] [01m[K/root/ros2_ws/src/slam/SuperOdom/super_odometry/src/LidarProcess/LidarSlam.cpp:[m[K In member function ‘[01m[Ksuper_odometry::LidarSLAM::RegistrationError super_odometry::LidarSLAM::EstimateRegistrationError(ceres::Problem&, double)[m[K’:
[18.951s] [01m[K/root/ros2_ws/src/slam/SuperOdom/super_odometry/src/LidarProcess/LidarSlam.cpp:861:51:[m[K [01;35m[Kwarning: [m[Kunused parameter ‘[01m[Keigen_thresh[m[K’ [[01;35m[K-Wunused-parameter[m[K]
[18.951s]   861 |             ceres::Problem &problem, [01;35m[Kconst double eigen_thresh[m[K) {
[18.951s]       |                                      [01;35m[K~~~~~~~~~~~~~^~~~~~~~~~~~[m[K
[19.519s] In file included from [01m[K/root/ros2_ws/src/slam/SuperOdom/super_odometry/include/super_odometry/LaserMapping/laserMapping.h:34[m[K,
[19.520s]                  from [01m[K/root/ros2_ws/src/slam/SuperOdom/super_odometry/src/LaserMapping/laserMapping.cpp:5[m[K:
[19.520s] [01m[K/root/ros2_ws/src/slam/SuperOdom/super_odometry/include/super_odometry/LidarProcess/LidarSlam.h:208:80:[m[K [01;35m[Kwarning: [m[Kextra ‘[01m[K;[m[K’ [[01;35m[K-Wpedantic[m[K]
[19.520s]   208 |         rclcpp::Publisher<std_msgs::msg::Float32>::SharedPtr pubUncertaintyYaw;[01;35m[K;[m[K
[19.520s]       |                                                                                [01;35m[K^[m[K
[19.520s]       |                                                                                [31m[K-[m[K
[19.995s] [01m[K/root/ros2_ws/src/slam/SuperOdom/super_odometry/src/LaserMapping/laserMapping.cpp:[m[K In member function ‘[01m[Kvoid super_odometry::laserMapping::adjustVoxelSize()[m[K’:
[19.995s] [01m[K/root/ros2_ws/src/slam/SuperOdom/super_odometry/src/LaserMapping/laserMapping.cpp:603:14:[m[K [01;35m[Kwarning: [m[Kvariable ‘[01m[Kincrease_blind_radius[m[K’ set but not used [[01;35m[K-Wunused-but-set-variable[m[K]
[19.995s]   603 |         bool [01;35m[Kincrease_blind_radius[m[K = false;
[19.995s]       |              [01;35m[K^~~~~~~~~~~~~~~~~~~~~[m[K
[42.287s] [01m[K/root/ros2_ws/src/slam/SuperOdom/super_odometry/src/FeatureExtraction/featureExtraction.cpp:[m[K In member function ‘[01m[Kvoid super_odometry::featureExtraction::undistortionAndFeatureExtraction()[m[K’:
[42.287s] [01m[K/root/ros2_ws/src/slam/SuperOdom/super_odometry/src/FeatureExtraction/featureExtraction.cpp:495:28:[m[K [01;35m[Kwarning: [m[K‘[01m[Klidar_start_time[m[K’ may be used uninitialized in this function [[01;35m[K-Wmaybe-uninitialized[m[K]
[42.287s]   495 |             [01;35m[KextractFeatures(lidar_start_time, lidar_msg, default_quaternion)[m[K;
[42.287s]       |             [01;35m[K~~~~~~~~~~~~~~~^~~~~~~~~~~~~~~~~~~~~~~~~~~~~~~~~~~~~~~~~~~~~~~~~[m[K
[48.900s] [ 64%] [32m[1mLinking CXX shared library libSuperOdomLib.so[0m
[50.439s] [ 64%] Built target SuperOdomLib
[50.453s] [ 70%] [32mBuilding CXX object CMakeFiles/imu_preintegration_node.dir/src/imuPreintegration_node.cpp.o[0m
[50.454s] [ 76%] [32mBuilding CXX object CMakeFiles/feature_extraction_node.dir/src/featureExtraction_node.cpp.o[0m
[50.457s] [ 82%] [32mBuilding CXX object CMakeFiles/laser_mapping_node.dir/src/laserMapping_node.cpp.o[0m
[54.255s] In file included from [01m[K/root/ros2_ws/src/slam/SuperOdom/super_odometry/include/super_odometry/FeatureExtraction/featureExtraction.h:27[m[K,
[54.255s]                  from [01m[K/root/ros2_ws/src/slam/SuperOdom/super_odometry/src/featureExtraction_node.cpp:5[m[K:
[54.255s] [01m[K/root/ros2_ws/src/slam/SuperOdom/super_odometry/include/super_odometry/sensor_data/imu/imu_data.h:[m[K In member function ‘[01m[Kvoid Imu::imuInit(MapRingBuffer<std::shared_ptr<Imu> >)[m[K’:
[54.255s] [01m[K/root/ros2_ws/src/slam/SuperOdom/super_odometry/include/super_odometry/sensor_data/imu/imu_data.h:82:34:[m[K [01;35m[Kwarning: [m[Kvariable ‘[01m[Krot_first[m[K’ set but not used [[01;35m[K-Wunused-but-set-variable[m[K]
[54.255s]    82 |         const Eigen::Quaterniond [01;35m[Krot_first[m[K = imuBuf.measMap_.begin()->second->q_w_i;
[54.255s]       |                                  [01;35m[K^~~~~~~~~[m[K
[54.302s] In file included from [01m[K/root/ros2_ws/src/slam/SuperOdom/super_odometry/include/super_odometry/FeatureExtraction/featureExtraction.h:27[m[K,
[54.302s]                  from [01m[K/root/ros2_ws/src/slam/SuperOdom/super_odometry/src/featureExtraction_node.cpp:5[m[K:
[54.302s] [01m[K/root/ros2_ws/src/slam/SuperOdom/super_odometry/include/super_odometry/sensor_data/imu/imu_data.h:101:34:[m[K [01;35m[Kwarning: [m[Kvariable ‘[01m[Krot_cur[m[K’ set but not used [[01;35m[K-Wunused-but-set-variable[m[K]
[54.302s]   101 |         const Eigen::Quaterniond [01;35m[Krot_cur[m[K = itMeas_->second->q_w_i;
[54.302s]       |                                  [01;35m[K^~~~~~~[m[K
[54.619s] In file included from [01m[K/root/ros2_ws/src/slam/SuperOdom/super_odometry/include/super_odometry/LidarProcess/LocalMap.h:31[m[K,
[54.619s]                  from [01m[K/root/ros2_ws/src/slam/SuperOdom/super_odometry/include/super_odometry/LidarProcess/LidarSlam.h:17[m[K,
[54.619s]                  from [01m[K/root/ros2_ws/src/slam/SuperOdom/super_odometry/include/super_odometry/LaserMapping/laserMapping.h:34[m[K,
[54.619s]                  from [01m[K/root/ros2_ws/src/slam/SuperOdom/super_odometry/src/laserMapping_node.cpp:5[m[K:
[54.619s] [01m[K/root/ros2_ws/src/slam/SuperOdom/super_odometry/include/super_odometry/flann/nanoflann.h:[m[K In member function ‘[01m[Ksize_t nanoflann::KDTreeSingIndexAaptor<Distance, DatasetAdapter, DIM, IndexType>::knnSearch(const ElementType*, size_t, IndexType*, nanoflann::KDTreeSingIndexAaptor<Distance, DatasetAdapter, DIM, IndexType>::DistanceType*, int) const[m[K’:
[54.619s] [01m[K/root/ros2_ws/src/slam/SuperOdom/super_odometry/include/super_odometry/flann/nanoflann.h:871:3:[m[K [01;35m[Kwarning: [m[Kno return statement in function returning non-void [[01;35m[K-Wreturn-type[m[K]
[54.619s]   871 |   [01;35m[K}[m[K
[54.619s]       |   [01;35m[K^[m[K
[54.774s] In file included from [01m[K/root/ros2_ws/src/slam/SuperOdom/super_odometry/include/super_odometry/LidarProcess/factor/pose_local_parameterization.h:11[m[K,
[54.774s]                  from [01m[K/root/ros2_ws/src/slam/SuperOdom/super_odometry/include/super_odometry/LidarProcess/LidarSlam.h:30[m[K,
[54.774s]                  from [01m[K/root/ros2_ws/src/slam/SuperOdom/super_odometry/include/super_odometry/LaserMapping/laserMapping.h:34[m[K,
[54.774s]                  from [01m[K/root/ros2_ws/src/slam/SuperOdom/super_odometry/src/laserMapping_node.cpp:5[m[K:
[54.774s] [01m[K/root/ros2_ws/src/slam/SuperOdom/super_odometry/include/super_odometry/LidarProcess/factor/../../utils/utility.h:[m[K At global scope:
[54.774s] [01m[K/root/ros2_ws/src/slam/SuperOdom/super_odometry/include/super_odometry/LidarProcess/factor/../../utils/utility.h:137:6:[m[K [01;35m[Kwarning: [m[Kextra ‘[01m[K;[m[K’ [[01;35m[K-Wpedantic[m[K]
[54.774s]   137 |     }[01;35m[K;[m[K
[54.774s]       |      [01;35m[K^[m[K
[54.774s]       |      [31m[K-[m[K
[56.133s] In file included from [01m[K/root/ros2_ws/src/slam/SuperOdom/super_odometry/include/super_odometry/LaserMapping/laserMapping.h:34[m[K,
[56.133s]                  from [01m[K/root/ros2_ws/src/slam/SuperOdom/super_odometry/src/laserMapping_node.cpp:5[m[K:
[56.133s] [01m[K/root/ros2_ws/src/slam/SuperOdom/super_odometry/include/super_odometry/LidarProcess/LidarSlam.h:208:80:[m[K [01;35m[Kwarning: [m[Kextra ‘[01m[K;[m[K’ [[01;35m[K-Wpedantic[m[K]
[56.133s]   208 |         rclcpp::Publisher<std_msgs::msg::Float32>::SharedPtr pubUncertaintyYaw;[01;35m[K;[m[K
[56.133s]       |                                                                                [01;35m[K^[m[K
[56.133s]       |                                                                                [31m[K-[m[K
[57.064s] In file included from [01m[K/root/ros2_ws/src/slam/SuperOdom/super_odometry/include/super_odometry/ImuPreintegration/imuPreintegration.h:38[m[K,
[57.064s]                  from [01m[K/root/ros2_ws/src/slam/SuperOdom/super_odometry/src/imuPreintegration_node.cpp:5[m[K:
[57.064s] [01m[K/root/ros2_ws/src/slam/SuperOdom/super_odometry/include/super_odometry/sensor_data/imu/imu_data.h:[m[K In member function ‘[01m[Kvoid Imu::imuInit(MapRingBuffer<std::shared_ptr<Imu> >)[m[K’:
[57.064s] [01m[K/root/ros2_ws/src/slam/SuperOdom/super_odometry/include/super_odometry/sensor_data/imu/imu_data.h:82:34:[m[K [01;35m[Kwarning: [m[Kvariable ‘[01m[Krot_first[m[K’ set but not used [[01;35m[K-Wunused-but-set-variable[m[K]
[57.064s]    82 |         const Eigen::Quaterniond [01;35m[Krot_first[m[K = imuBuf.measMap_.begin()->second->q_w_i;
[57.064s]       |                                  [01;35m[K^~~~~~~~~[m[K
[57.113s] In file included from [01m[K/root/ros2_ws/src/slam/SuperOdom/super_odometry/include/super_odometry/ImuPreintegration/imuPreintegration.h:38[m[K,
[57.113s]                  from [01m[K/root/ros2_ws/src/slam/SuperOdom/super_odometry/src/imuPreintegration_node.cpp:5[m[K:
[57.113s] [01m[K/root/ros2_ws/src/slam/SuperOdom/super_odometry/include/super_odometry/sensor_data/imu/imu_data.h:101:34:[m[K [01;35m[Kwarning: [m[Kvariable ‘[01m[Krot_cur[m[K’ set but not used [[01;35m[K-Wunused-but-set-variable[m[K]
[57.113s]   101 |         const Eigen::Quaterniond [01;35m[Krot_cur[m[K = itMeas_->second->q_w_i;
[57.113s]       |                                  [01;35m[K^~~~~~~[m[K
[57.228s] [ 88%] [32m[1mLinking CXX executable feature_extraction_node[0m
[57.644s] [ 88%] Built target feature_extraction_node
[59.460s] [ 94%] [32m[1mLinking CXX executable laser_mapping_node[0m
[59.837s] [ 94%] Built target laser_mapping_node
[62.859s] [100%] [32m[1mLinking CXX executable imu_preintegration_node[0m
[63.367s] [100%] Built target imu_preintegration_node
[63.379s] Invoked command in '/root/ros2_ws/src/build/super_odometry' returned '0': AMENT_PREFIX_PATH=/root/ros2_ws/src/install/super_odometry_msgs:/root/ros2_ws/src/install/livox_ros_driver2:${AMENT_PREFIX_PATH} CMAKE_PREFIX_PATH=/root/ros2_ws/src/install/super_odometry_msgs:/root/ros2_ws/src/install/livox_ros_driver2:/opt/ros/humble LD_LIBRARY_PATH=/root/ros2_ws/src/install/super_odometry_msgs/lib:/root/ros2_ws/src/install/livox_ros_driver2/lib:${LD_LIBRARY_PATH} PYTHONPATH=/root/ros2_ws/src/install/super_odometry_msgs/local/lib/python3.10/dist-packages:/root/ros2_ws/src/install/livox_ros_driver2/local/lib/python3.10/dist-packages:${PYTHONPATH} /usr/bin/cmake --build /root/ros2_ws/src/build/super_odometry -- -j24 -l24
[63.379s] Invoking command in '/root/ros2_ws/src/build/super_odometry': AMENT_PREFIX_PATH=/root/ros2_ws/src/install/super_odometry_msgs:/root/ros2_ws/src/install/livox_ros_driver2:${AMENT_PREFIX_PATH} CMAKE_PREFIX_PATH=/root/ros2_ws/src/install/super_odometry_msgs:/root/ros2_ws/src/install/livox_ros_driver2:/opt/ros/humble LD_LIBRARY_PATH=/root/ros2_ws/src/install/super_odometry_msgs/lib:/root/ros2_ws/src/install/livox_ros_driver2/lib:${LD_LIBRARY_PATH} PYTHONPATH=/root/ros2_ws/src/install/super_odometry_msgs/local/lib/python3.10/dist-packages:/root/ros2_ws/src/install/livox_ros_driver2/local/lib/python3.10/dist-packages:${PYTHONPATH} /usr/bin/cmake --install /root/ros2_ws/src/build/super_odometry
[63.384s] -- Install configuration: "Release"
[63.384s] -- Installing: /root/ros2_ws/src/install/super_odometry/share/super_odometry/environment/library_path.sh
[63.384s] -- Installing: /root/ros2_ws/src/install/super_odometry/share/super_odometry/environment/library_path.dsv
[63.384s] -- Installing: /root/ros2_ws/src/install/super_odometry/include
[63.384s] -- Installing: /root/ros2_ws/src/install/super_odometry/include/super_odometry
[63.384s] -- Installing: /root/ros2_ws/src/install/super_odometry/include/super_odometry/ImuPreintegration
[63.384s] -- Installing: /root/ros2_ws/src/install/super_odometry/include/super_odometry/ImuPreintegration/imuPreintegration.h
[63.384s] -- Installing: /root/ros2_ws/src/install/super_odometry/include/super_odometry/container
[63.384s] -- Installing: /root/ros2_ws/src/install/super_odometry/include/super_odometry/container/MapRingBuffer.h
[63.384s] -- Installing: /root/ros2_ws/src/install/super_odometry/include/super_odometry/sensor_data
[63.384s] -- Installing: /root/ros2_ws/src/install/super_odometry/include/super_odometry/sensor_data/imu
[63.384s] -- Installing: /root/ros2_ws/src/install/super_odometry/include/super_odometry/sensor_data/imu/imu_data.h
[63.385s] -- Installing: /root/ros2_ws/src/install/super_odometry/include/super_odometry/sensor_data/pointcloud
[63.385s] -- Installing: /root/ros2_ws/src/install/super_odometry/include/super_odometry/sensor_data/pointcloud/point_os.h
[63.385s] -- Installing: /root/ros2_ws/src/install/super_odometry/include/super_odometry/sensor_data/pointcloud/LidarPoint.h
[63.385s] -- Installing: /root/ros2_ws/src/install/super_odometry/include/super_odometry/tic_toc.h
[63.385s] -- Installing: /root/ros2_ws/src/install/super_odometry/include/super_odometry/LidarProcess
[63.385s] -- Installing: /root/ros2_ws/src/install/super_odometry/include/super_odometry/LidarProcess/factor
[63.385s] -- Installing: /root/ros2_ws/src/install/super_odometry/include/super_odometry/LidarProcess/factor/pose_local_parameterization.h
[63.385s] -- Installing: /root/ros2_ws/src/install/super_odometry/include/super_odometry/LidarProcess/factor/SE3AbsolutatePoseFactor.h
[63.385s] -- Installing: /root/ros2_ws/src/install/super_odometry/include/super_odometry/LidarProcess/factor/lidarOptimization.h
[63.385s] -- Installing: /root/ros2_ws/src/install/super_odometry/include/super_odometry/LidarProcess/LidarSlam.h
[63.385s] -- Installing: /root/ros2_ws/src/install/super_odometry/include/super_odometry/LidarProcess/LocalMap.h
[63.385s] -- Installing: /root/ros2_ws/src/install/super_odometry/include/super_odometry/utils
[63.385s] -- Installing: /root/ros2_ws/src/install/super_odometry/include/super_odometry/utils/EigenTypes.h
[63.385s] -- Installing: /root/ros2_ws/src/install/super_odometry/include/super_odometry/utils/Twist.h
[63.385s] -- Installing: /root/ros2_ws/src/install/super_odometry/include/super_odometry/utils/superodom_utils.h
[63.385s] -- Installing: /root/ros2_ws/src/install/super_odometry/include/super_odometry/utils/sophus_utils.hpp
[63.385s] -- Installing: /root/ros2_ws/src/install/super_odometry/include/super_odometry/utils/utility.h
[63.385s] -- Installing: /root/ros2_ws/src/install/super_odometry/include/super_odometry/LaserMapping
[63.385s] -- Installing: /root/ros2_ws/src/install/super_odometry/include/super_odometry/LaserMapping/laserMapping.h
[63.385s] -- Installing: /root/ros2_ws/src/install/super_odometry/include/super_odometry/FeatureExtraction
[63.385s] -- Installing: /root/ros2_ws/src/install/super_odometry/include/super_odometry/FeatureExtraction/featureExtraction.h
[63.385s] -- Installing: /root/ros2_ws/src/install/super_odometry/include/super_odometry/config
[63.385s] -- Installing: /root/ros2_ws/src/install/super_odometry/include/super_odometry/config/parameter.h
[63.385s] -- Installing: /root/ros2_ws/src/install/super_odometry/include/super_odometry/flann
[63.385s] -- Installing: /root/ros2_ws/src/install/super_odometry/include/super_odometry/flann/nanoflann.h
[63.385s] -- Installing: /root/ros2_ws/src/install/super_odometry/include/super_odometry/flann/octree.h
[63.385s] -- Installing: /root/ros2_ws/src/install/super_odometry/include/super_odometry/LocalMap.h
[63.385s] -- Installing: /root/ros2_ws/src/install/super_odometry/include/utility.h
[63.385s] -- Installing: /root/ros2_ws/src/install/super_odometry/lib/libSuperOdomLib.so
[63.435s] -- Set runtime path of "/root/ros2_ws/src/install/super_odometry/lib/libSuperOdomLib.so" to ""
[63.435s] -- Installing: /root/ros2_ws/src/install/super_odometry/lib/super_odometry/imu_preintegration_node
[63.442s] -- Set runtime path of "/root/ros2_ws/src/install/super_odometry/lib/super_odometry/imu_preintegration_node" to ""
[63.443s] -- Installing: /root/ros2_ws/src/install/super_odometry/lib/super_odometry/feature_extraction_node
[63.445s] -- Set runtime path of "/root/ros2_ws/src/install/super_odometry/lib/super_odometry/feature_extraction_node" to ""
[63.445s] -- Installing: /root/ros2_ws/src/install/super_odometry/lib/super_odometry/laser_mapping_node
[63.448s] -- Set runtime path of "/root/ros2_ws/src/install/super_odometry/lib/super_odometry/laser_mapping_node" to ""
[63.448s] -- Installing: /root/ros2_ws/src/install/super_odometry/share/super_odometry//config
[63.448s] -- Installing: /root/ros2_ws/src/install/super_odometry/share/super_odometry//config/ouster
[63.448s] -- Installing: /root/ros2_ws/src/install/super_odometry/share/super_odometry//config/ouster/os1_128_calibration.yaml
[63.448s] -- Installing: /root/ros2_ws/src/install/super_odometry/share/super_odometry//config/livox
[63.448s] -- Installing: /root/ros2_ws/src/install/super_odometry/share/super_odometry//config/livox/livox_mid360_calibration.yaml
[63.448s] -- Installing: /root/ros2_ws/src/install/super_odometry/share/super_odometry//config/os1_128.yaml
[63.448s] -- Installing: /root/ros2_ws/src/install/super_odometry/share/super_odometry//config/vlp_16.yaml
[63.448s] -- Installing: /root/ros2_ws/src/install/super_odometry/share/super_odometry//config/velodyne
[63.448s] -- Installing: /root/ros2_ws/src/install/super_odometry/share/super_odometry//config/velodyne/vlp_16_calibration.yaml
[63.448s] -- Installing: /root/ros2_ws/src/install/super_odometry/share/super_odometry//config/livox_mid360.yaml
[63.448s] -- Installing: /root/ros2_ws/src/install/super_odometry/share/super_odometry//launch
[63.448s] -- Installing: /root/ros2_ws/src/install/super_odometry/share/super_odometry//launch/livox_mid360.launch.py
[63.448s] -- Installing: /root/ros2_ws/src/install/super_odometry/share/super_odometry//launch/superodom_autonomy_sim.launch.py
[63.448s] -- Installing: /root/ros2_ws/src/install/super_odometry/share/super_odometry//launch/os1_128.launch.py
[63.448s] -- Installing: /root/ros2_ws/src/install/super_odometry/share/super_odometry//launch/vlp_16.launch.py
[63.448s] -- Installing: /root/ros2_ws/src/install/super_odometry/share/super_odometry//launch/superodom_autonomy.launch.py
[63.450s] -- Installing: /root/ros2_ws/src/install/super_odometry/share/ament_index/resource_index/package_run_dependencies/super_odometry
[63.450s] -- Installing: /root/ros2_ws/src/install/super_odometry/share/ament_index/resource_index/parent_prefix_path/super_odometry
[63.450s] -- Installing: /root/ros2_ws/src/install/super_odometry/share/super_odometry/environment/ament_prefix_path.sh
[63.450s] -- Installing: /root/ros2_ws/src/install/super_odometry/share/super_odometry/environment/ament_prefix_path.dsv
[63.450s] -- Installing: /root/ros2_ws/src/install/super_odometry/share/super_odometry/environment/path.sh
[63.450s] -- Installing: /root/ros2_ws/src/install/super_odometry/share/super_odometry/environment/path.dsv
[63.450s] -- Installing: /root/ros2_ws/src/install/super_odometry/share/super_odometry/local_setup.bash
[63.450s] -- Installing: /root/ros2_ws/src/install/super_odometry/share/super_odometry/local_setup.sh
[63.450s] -- Installing: /root/ros2_ws/src/install/super_odometry/share/super_odometry/local_setup.zsh
[63.450s] -- Installing: /root/ros2_ws/src/install/super_odometry/share/super_odometry/local_setup.dsv
[63.450s] -- Installing: /root/ros2_ws/src/install/super_odometry/share/super_odometry/package.dsv
[63.451s] -- Installing: /root/ros2_ws/src/install/super_odometry/share/ament_index/resource_index/packages/super_odometry
[63.451s] -- Installing: /root/ros2_ws/src/install/super_odometry/share/super_odometry/cmake/export_super_odometryExport.cmake
[63.451s] -- Installing: /root/ros2_ws/src/install/super_odometry/share/super_odometry/cmake/export_super_odometryExport-release.cmake
[63.451s] -- Installing: /root/ros2_ws/src/install/super_odometry/share/super_odometry/cmake/ament_cmake_export_targets-extras.cmake
[63.451s] -- Installing: /root/ros2_ws/src/install/super_odometry/share/super_odometry/cmake/ament_cmake_export_include_directories-extras.cmake
[63.451s] -- Installing: /root/ros2_ws/src/install/super_odometry/share/super_odometry/cmake/ament_cmake_export_libraries-extras.cmake
[63.451s] -- Installing: /root/ros2_ws/src/install/super_odometry/share/super_odometry/cmake/super_odometryConfig.cmake
[63.451s] -- Installing: /root/ros2_ws/src/install/super_odometry/share/super_odometry/cmake/super_odometryConfig-version.cmake
[63.451s] -- Installing: /root/ros2_ws/src/install/super_odometry/share/super_odometry/package.xml
[63.451s] Invoked command in '/root/ros2_ws/src/build/super_odometry' returned '0': AMENT_PREFIX_PATH=/root/ros2_ws/src/install/super_odometry_msgs:/root/ros2_ws/src/install/livox_ros_driver2:${AMENT_PREFIX_PATH} CMAKE_PREFIX_PATH=/root/ros2_ws/src/install/super_odometry_msgs:/root/ros2_ws/src/install/livox_ros_driver2:/opt/ros/humble LD_LIBRARY_PATH=/root/ros2_ws/src/install/super_odometry_msgs/lib:/root/ros2_ws/src/install/livox_ros_driver2/lib:${LD_LIBRARY_PATH} PYTHONPATH=/root/ros2_ws/src/install/super_odometry_msgs/local/lib/python3.10/dist-packages:/root/ros2_ws/src/install/livox_ros_driver2/local/lib/python3.10/dist-packages:${PYTHONPATH} /usr/bin/cmake --install /root/ros2_ws/src/build/super_odometry
