[0.065s] Invoking command in '/root/ros2_ws/src/build/graph_decoder': AMENT_PREFIX_PATH=/root/ros2_ws/src/install/visibility_graph_msg:${AMENT_PREFIX_PATH} CMAKE_PREFIX_PATH=/root/ros2_ws/src/install/visibility_graph_msg:/opt/ros/humble LD_LIBRARY_PATH=/root/ros2_ws/src/install/visibility_graph_msg/lib:${LD_LIBRARY_PATH} PYTHONPATH=/root/ros2_ws/src/install/visibility_graph_msg/local/lib/python3.10/dist-packages:${PYTHONPATH} /usr/bin/cmake --build /root/ros2_ws/src/build/graph_decoder -- -j24 -l24
[0.091s] [35m[1mConsolidate compiler generated dependencies of target graph_decoder[0m
[0.108s] [100%] Built target graph_decoder
[0.133s] Invoked command in '/root/ros2_ws/src/build/graph_decoder' returned '0': AMENT_PREFIX_PATH=/root/ros2_ws/src/install/visibility_graph_msg:${AMENT_PREFIX_PATH} CMAKE_PREFIX_PATH=/root/ros2_ws/src/install/visibility_graph_msg:/opt/ros/humble LD_LIBRARY_PATH=/root/ros2_ws/src/install/visibility_graph_msg/lib:${LD_LIBRARY_PATH} PYTHONPATH=/root/ros2_ws/src/install/visibility_graph_msg/local/lib/python3.10/dist-packages:${PYTHONPATH} /usr/bin/cmake --build /root/ros2_ws/src/build/graph_decoder -- -j24 -l24
[0.133s] Invoking command in '/root/ros2_ws/src/build/graph_decoder': AMENT_PREFIX_PATH=/root/ros2_ws/src/install/visibility_graph_msg:${AMENT_PREFIX_PATH} CMAKE_PREFIX_PATH=/root/ros2_ws/src/install/visibility_graph_msg:/opt/ros/humble LD_LIBRARY_PATH=/root/ros2_ws/src/install/visibility_graph_msg/lib:${LD_LIBRARY_PATH} PYTHONPATH=/root/ros2_ws/src/install/visibility_graph_msg/local/lib/python3.10/dist-packages:${PYTHONPATH} /usr/bin/cmake --install /root/ros2_ws/src/build/graph_decoder
[0.138s] -- Install configuration: "Release"
[0.138s] -- Up-to-date: /root/ros2_ws/src/install/graph_decoder/lib/graph_decoder/graph_decoder
[0.138s] -- Up-to-date: /root/ros2_ws/src/install/graph_decoder/share/graph_decoder/launch
[0.138s] -- Up-to-date: /root/ros2_ws/src/install/graph_decoder/share/graph_decoder/launch/decoder.launch
[0.138s] -- Up-to-date: /root/ros2_ws/src/install/graph_decoder/share/graph_decoder/config
[0.139s] -- Up-to-date: /root/ros2_ws/src/install/graph_decoder/share/graph_decoder/config/default.yaml
[0.141s] -- Up-to-date: /root/ros2_ws/src/install/graph_decoder/share/ament_index/resource_index/package_run_dependencies/graph_decoder
[0.141s] -- Up-to-date: /root/ros2_ws/src/install/graph_decoder/share/ament_index/resource_index/parent_prefix_path/graph_decoder
[0.141s] -- Up-to-date: /root/ros2_ws/src/install/graph_decoder/share/graph_decoder/environment/ament_prefix_path.sh
[0.141s] -- Up-to-date: /root/ros2_ws/src/install/graph_decoder/share/graph_decoder/environment/ament_prefix_path.dsv
[0.145s] -- Up-to-date: /root/ros2_ws/src/install/graph_decoder/share/graph_decoder/environment/path.sh
[0.145s] -- Up-to-date: /root/ros2_ws/src/install/graph_decoder/share/graph_decoder/environment/path.dsv
[0.145s] -- Up-to-date: /root/ros2_ws/src/install/graph_decoder/share/graph_decoder/local_setup.bash
[0.145s] -- Up-to-date: /root/ros2_ws/src/install/graph_decoder/share/graph_decoder/local_setup.sh
[0.146s] -- Up-to-date: /root/ros2_ws/src/install/graph_decoder/share/graph_decoder/local_setup.zsh
[0.146s] -- Up-to-date: /root/ros2_ws/src/install/graph_decoder/share/graph_decoder/local_setup.dsv
[0.146s] -- Installing: /root/ros2_ws/src/install/graph_decoder/share/graph_decoder/package.dsv
[0.146s] -- Up-to-date: /root/ros2_ws/src/install/graph_decoder/share/ament_index/resource_index/packages/graph_decoder
[0.146s] -- Up-to-date: /root/ros2_ws/src/install/graph_decoder/share/graph_decoder/cmake/graph_decoderConfig.cmake
[0.146s] -- Up-to-date: /root/ros2_ws/src/install/graph_decoder/share/graph_decoder/cmake/graph_decoderConfig-version.cmake
[0.146s] -- Up-to-date: /root/ros2_ws/src/install/graph_decoder/share/graph_decoder/package.xml
[0.152s] Invoked command in '/root/ros2_ws/src/build/graph_decoder' returned '0': AMENT_PREFIX_PATH=/root/ros2_ws/src/install/visibility_graph_msg:${AMENT_PREFIX_PATH} CMAKE_PREFIX_PATH=/root/ros2_ws/src/install/visibility_graph_msg:/opt/ros/humble LD_LIBRARY_PATH=/root/ros2_ws/src/install/visibility_graph_msg/lib:${LD_LIBRARY_PATH} PYTHONPATH=/root/ros2_ws/src/install/visibility_graph_msg/local/lib/python3.10/dist-packages:${PYTHONPATH} /usr/bin/cmake --install /root/ros2_ws/src/build/graph_decoder
