[0.349s] Invoking command in '/root/ros2_ws/src/build/goalpoint_rviz_plugin': CMAKE_PREFIX_PATH=/opt/ros/humble /usr/bin/cmake --build /root/ros2_ws/src/build/goalpoint_rviz_plugin -- -j24 -l24
[0.692s] [ 16%] [34m[1mAutomatic MOC for target goalpoint_rviz_plugin[0m
[0.692s] [ 16%] Built target goalpoint_rviz_plugin_autogen
[0.692s] [35m[1mConsolidate compiler generated dependencies of target goalpoint_rviz_plugin[0m
[0.692s] [100%] Built target goalpoint_rviz_plugin
[0.714s] Invoked command in '/root/ros2_ws/src/build/goalpoint_rviz_plugin' returned '0': CMAKE_PREFIX_PATH=/opt/ros/humble /usr/bin/cmake --build /root/ros2_ws/src/build/goalpoint_rviz_plugin -- -j24 -l24
[0.715s] Invoking command in '/root/ros2_ws/src/build/goalpoint_rviz_plugin': CMAKE_PREFIX_PATH=/opt/ros/humble /usr/bin/cmake --install /root/ros2_ws/src/build/goalpoint_rviz_plugin
[0.748s] -- Install configuration: ""
[0.748s] -- Up-to-date: /root/ros2_ws/src/install/goalpoint_rviz_plugin/share/goalpoint_rviz_plugin/plugin_description.xml
[0.748s] -- Up-to-date: /root/ros2_ws/src/install/goalpoint_rviz_plugin/lib/goalpoint_rviz_plugin/libgoalpoint_rviz_plugin.so
[0.748s] -- Up-to-date: /root/ros2_ws/src/install/goalpoint_rviz_plugin/share/ament_index/resource_index/package_run_dependencies/goalpoint_rviz_plugin
[0.749s] -- Up-to-date: /root/ros2_ws/src/install/goalpoint_rviz_plugin/share/ament_index/resource_index/parent_prefix_path/goalpoint_rviz_plugin
[0.749s] -- Up-to-date: /root/ros2_ws/src/install/goalpoint_rviz_plugin/share/goalpoint_rviz_plugin/environment/ament_prefix_path.sh
[0.749s] -- Up-to-date: /root/ros2_ws/src/install/goalpoint_rviz_plugin/share/goalpoint_rviz_plugin/environment/ament_prefix_path.dsv
[0.750s] -- Up-to-date: /root/ros2_ws/src/install/goalpoint_rviz_plugin/share/goalpoint_rviz_plugin/environment/path.sh
[0.750s] -- Up-to-date: /root/ros2_ws/src/install/goalpoint_rviz_plugin/share/goalpoint_rviz_plugin/environment/path.dsv
[0.750s] -- Up-to-date: /root/ros2_ws/src/install/goalpoint_rviz_plugin/share/goalpoint_rviz_plugin/local_setup.bash
[0.750s] -- Up-to-date: /root/ros2_ws/src/install/goalpoint_rviz_plugin/share/goalpoint_rviz_plugin/local_setup.sh
[0.750s] -- Up-to-date: /root/ros2_ws/src/install/goalpoint_rviz_plugin/share/goalpoint_rviz_plugin/local_setup.zsh
[0.750s] -- Up-to-date: /root/ros2_ws/src/install/goalpoint_rviz_plugin/share/goalpoint_rviz_plugin/local_setup.dsv
[0.750s] -- Installing: /root/ros2_ws/src/install/goalpoint_rviz_plugin/share/goalpoint_rviz_plugin/package.dsv
[0.750s] -- Up-to-date: /root/ros2_ws/src/install/goalpoint_rviz_plugin/share/ament_index/resource_index/packages/goalpoint_rviz_plugin
[0.750s] -- Up-to-date: /root/ros2_ws/src/install/goalpoint_rviz_plugin/share/ament_index/resource_index/rviz_common__pluginlib__plugin/goalpoint_rviz_plugin
[0.750s] -- Up-to-date: /root/ros2_ws/src/install/goalpoint_rviz_plugin/share/goalpoint_rviz_plugin/cmake/ament_cmake_export_dependencies-extras.cmake
[0.751s] -- Up-to-date: /root/ros2_ws/src/install/goalpoint_rviz_plugin/share/goalpoint_rviz_plugin/cmake/goalpoint_rviz_pluginConfig.cmake
[0.751s] -- Up-to-date: /root/ros2_ws/src/install/goalpoint_rviz_plugin/share/goalpoint_rviz_plugin/cmake/goalpoint_rviz_pluginConfig-version.cmake
[0.751s] -- Up-to-date: /root/ros2_ws/src/install/goalpoint_rviz_plugin/share/goalpoint_rviz_plugin/package.xml
[0.885s] Invoked command in '/root/ros2_ws/src/build/goalpoint_rviz_plugin' returned '0': CMAKE_PREFIX_PATH=/opt/ros/humble /usr/bin/cmake --install /root/ros2_ws/src/build/goalpoint_rviz_plugin
