[0.019s] Invoking command in '/root/ros2_ws/src/build/point_lio_unilidar': AMENT_PREFIX_PATH=/root/ros2_ws/src/install/transform_sensors:/root/ros2_ws/src/install/waypoint_rviz_plugin:/root/ros2_ws/src/install/waypoint_example:/root/ros2_ws/src/install/visualization_tools:/root/ros2_ws/src/install/graph_decoder:/root/ros2_ws/src/install/far_planner:/root/ros2_ws/src/install/boundary_handler:/root/ros2_ws/src/install/visibility_graph_msg:/root/ros2_ws/src/install/vehicle_simulator:/root/ros2_ws/src/install/local_planner:/root/ros2_ws/src/install/calibrate_imu:/root/ros2_ws/src/install/go2_sport_api:/root/ros2_ws/src/install/unitree_go:/root/ros2_ws/src/install/unitree_api:/root/ros2_ws/src/install/point_lio_unilidar:/root/ros2_ws/src/install/terrain_analysis_ext:/root/ros2_ws/src/install/terrain_analysis:/root/ros2_ws/src/install/teleop_rviz_plugin_plus:/root/ros2_ws/src/install/teleop_rviz_plugin:/root/ros2_ws/src/install/super_odometry:/root/ros2_ws/src/install/super_odometry_msgs:/root/ros2_ws/src/install/sensor_scan_generation:/root/ros2_ws/src/install/rviz_2d_overlay_plugins:/root/ros2_ws/src/install/rviz_2d_overlay_msgs:/root/ros2_ws/src/install/ros_tcp_endpoint:/root/ros2_ws/src/install/livox_ros_driver2:/root/ros2_ws/src/install/goalpoint_rviz_plugin:/root/ros2_ws/src/install/go2_h264_repub:/opt/ros/humble CMAKE_PREFIX_PATH=${CMAKE_PREFIX_PATH}:/root/ros2_ws/src/install/transform_sensors:/root/ros2_ws/src/install/ros_tcp_endpoint:/opt/ros/humble PYTHONPATH=/root/ros2_ws/src/install/transform_sensors/lib/python3.10/site-packages:/root/ros2_ws/src/install/visualization_tools/local/lib/python3.10/dist-packages:/root/ros2_ws/src/install/visibility_graph_msg/local/lib/python3.10/dist-packages:/root/ros2_ws/src/install/unitree_go/local/lib/python3.10/dist-packages:/root/ros2_ws/src/install/unitree_api/local/lib/python3.10/dist-packages:/root/ros2_ws/src/install/super_odometry_msgs/local/lib/python3.10/dist-packages:/root/ros2_ws/src/install/rviz_2d_overlay_msgs/local/lib/python3.10/dist-packages:/root/ros2_ws/src/install/ros_tcp_endpoint/lib/python3.10/site-packages:/root/ros2_ws/src/install/livox_ros_driver2/local/lib/python3.10/dist-packages:/opt/ros/humble/lib/python3.10/site-packages:/opt/ros/humble/local/lib/python3.10/dist-packages /usr/bin/cmake /root/ros2_ws/src/slam/point_lio_unilidar -DCMAKE_INSTALL_PREFIX=/root/ros2_ws/src/install/point_lio_unilidar
[0.192s] -- Found ament_cmake: 1.3.12 (/opt/ros/humble/share/ament_cmake/cmake)
[0.192s] [0mDROOT_DIR = [0m
[0.192s] [0mCurrent CPU archtecture: x86_64[0m
[0.192s] [0mProcesser number:  24[0m
[0.192s] [0mcore for MP:  3[0m
[0.351s] -- Found geometry_msgs: 4.9.0 (/opt/ros/humble/share/geometry_msgs/cmake)
[0.379s] -- Found rosidl_generator_c: 3.1.8 (/opt/ros/humble/share/rosidl_generator_c/cmake)
[0.381s] -- Found rosidl_adapter: 3.1.8 (/opt/ros/humble/share/rosidl_adapter/cmake)
[0.387s] -- Found rosidl_generator_cpp: 3.1.8 (/opt/ros/humble/share/rosidl_generator_cpp/cmake)
[0.397s] -- Using all available rosidl_typesupport_c: rosidl_typesupport_fastrtps_c;rosidl_typesupport_introspection_c
[0.411s] -- Using all available rosidl_typesupport_cpp: rosidl_typesupport_fastrtps_cpp;rosidl_typesupport_introspection_cpp
[0.449s] -- Found nav_msgs: 4.9.0 (/opt/ros/humble/share/nav_msgs/cmake)
[0.467s] -- Found sensor_msgs: 4.9.0 (/opt/ros/humble/share/sensor_msgs/cmake)
[0.485s] -- Found rclcpp: 16.0.17 (/opt/ros/humble/share/rclcpp/cmake)
[0.516s] -- Found rmw_implementation_cmake: 6.1.2 (/opt/ros/humble/share/rmw_implementation_cmake/cmake)
[0.520s] -- Found rmw_fastrtps_cpp: 6.2.9 (/opt/ros/humble/share/rmw_fastrtps_cpp/cmake)
[0.690s] -- Using RMW implementation 'rmw_fastrtps_cpp' as default
[0.732s] -- Found rclcpp_components: 16.0.17 (/opt/ros/humble/share/rclcpp_components/cmake)
[0.751s] -- Found visualization_msgs: 4.9.0 (/opt/ros/humble/share/visualization_msgs/cmake)
[0.772s] -- Found pcl_ros: 2.4.5 (/opt/ros/humble/share/pcl_ros/cmake)
[0.814s] -- Eigen found (include: /usr/include/eigen3, version: 3.4.0)
[0.853s] -- FLANN found (include: /usr/include, lib: /usr/lib/x86_64-linux-gnu/libflann_cpp.so)
[1.199s] -- OpenNI found (version: 1.5.4.0, include: /usr/include/ni, lib: /usr/lib/libOpenNI.so;libusb::libusb)
[1.204s] -- OpenNI2 found (version: 2.2.0.33, include: /usr/include/openni2, lib: /usr/lib/x86_64-linux-gnu/libOpenNI2.so;libusb::libusb)
[1.399s] -- Eigen found (include: /usr/include/eigen3, version: 3.4.0)
[1.400s] -- OpenNI found (version: 1.5.4.0, include: /usr/include/ni, lib: /usr/lib/libOpenNI.so;libusb::libusb)
[1.413s] -- OpenNI2 found (version: 2.2.0.33, include: /usr/include/openni2, lib: /usr/lib/x86_64-linux-gnu/libOpenNI2.so;libusb::libusb)
[1.608s] -- Found Qhull version 8.0.2
[1.765s] -- OpenNI found (version: 1.5.4.0, include: /usr/include/ni, lib: /usr/lib/libOpenNI.so;libusb::libusb)
[1.911s] -- Found eigen3_cmake_module: 0.1.1 (/opt/ros/humble/share/eigen3_cmake_module/cmake)
[1.912s] -- Ensuring Eigen3 include directory is part of orocos-kdl CMake target
[1.967s] -- Found tf2_sensor_msgs: 0.25.18 (/opt/ros/humble/share/tf2_sensor_msgs/cmake)
[1.968s] -- Found tf2_eigen: 0.25.18 (/opt/ros/humble/share/tf2_eigen/cmake)
[1.971s] [33mCMake Warning (dev) at CMakeLists.txt:64 (find_package):
[1.971s]   Policy CMP0074 is not set: find_package uses <PackageName>_ROOT variables.
[1.971s]   Run "cmake --help-policy CMP0074" for policy details.  Use the cmake_policy
[1.971s]   command to set the policy and suppress this warning.
[1.971s] 
[1.971s]   CMake variable PCL_ROOT is set to:
[1.972s] 
[1.972s]     /usr
[1.972s] 
[1.972s]   For compatibility, CMake is ignoring the variable.
[1.972s] This warning is for project developers.  Use -Wno-dev to suppress it.
[1.972s] [0m
[1.986s] [0mEigen:/usr/include/eigen3[0m
[2.088s] -- Configuring done
[2.131s] -- Generating done
[2.143s] -- Build files have been written to: /root/ros2_ws/src/build/point_lio_unilidar
[2.168s] Invoked command in '/root/ros2_ws/src/build/point_lio_unilidar' returned '0': AMENT_PREFIX_PATH=/root/ros2_ws/src/install/transform_sensors:/root/ros2_ws/src/install/waypoint_rviz_plugin:/root/ros2_ws/src/install/waypoint_example:/root/ros2_ws/src/install/visualization_tools:/root/ros2_ws/src/install/graph_decoder:/root/ros2_ws/src/install/far_planner:/root/ros2_ws/src/install/boundary_handler:/root/ros2_ws/src/install/visibility_graph_msg:/root/ros2_ws/src/install/vehicle_simulator:/root/ros2_ws/src/install/local_planner:/root/ros2_ws/src/install/calibrate_imu:/root/ros2_ws/src/install/go2_sport_api:/root/ros2_ws/src/install/unitree_go:/root/ros2_ws/src/install/unitree_api:/root/ros2_ws/src/install/point_lio_unilidar:/root/ros2_ws/src/install/terrain_analysis_ext:/root/ros2_ws/src/install/terrain_analysis:/root/ros2_ws/src/install/teleop_rviz_plugin_plus:/root/ros2_ws/src/install/teleop_rviz_plugin:/root/ros2_ws/src/install/super_odometry:/root/ros2_ws/src/install/super_odometry_msgs:/root/ros2_ws/src/install/sensor_scan_generation:/root/ros2_ws/src/install/rviz_2d_overlay_plugins:/root/ros2_ws/src/install/rviz_2d_overlay_msgs:/root/ros2_ws/src/install/ros_tcp_endpoint:/root/ros2_ws/src/install/livox_ros_driver2:/root/ros2_ws/src/install/goalpoint_rviz_plugin:/root/ros2_ws/src/install/go2_h264_repub:/opt/ros/humble CMAKE_PREFIX_PATH=${CMAKE_PREFIX_PATH}:/root/ros2_ws/src/install/transform_sensors:/root/ros2_ws/src/install/ros_tcp_endpoint:/opt/ros/humble PYTHONPATH=/root/ros2_ws/src/install/transform_sensors/lib/python3.10/site-packages:/root/ros2_ws/src/install/visualization_tools/local/lib/python3.10/dist-packages:/root/ros2_ws/src/install/visibility_graph_msg/local/lib/python3.10/dist-packages:/root/ros2_ws/src/install/unitree_go/local/lib/python3.10/dist-packages:/root/ros2_ws/src/install/unitree_api/local/lib/python3.10/dist-packages:/root/ros2_ws/src/install/super_odometry_msgs/local/lib/python3.10/dist-packages:/root/ros2_ws/src/install/rviz_2d_overlay_msgs/local/lib/python3.10/dist-packages:/root/ros2_ws/src/install/ros_tcp_endpoint/lib/python3.10/site-packages:/root/ros2_ws/src/install/livox_ros_driver2/local/lib/python3.10/dist-packages:/opt/ros/humble/lib/python3.10/site-packages:/opt/ros/humble/local/lib/python3.10/dist-packages /usr/bin/cmake /root/ros2_ws/src/slam/point_lio_unilidar -DCMAKE_INSTALL_PREFIX=/root/ros2_ws/src/install/point_lio_unilidar
[2.171s] Invoking command in '/root/ros2_ws/src/build/point_lio_unilidar': AMENT_PREFIX_PATH=/root/ros2_ws/src/install/transform_sensors:/root/ros2_ws/src/install/waypoint_rviz_plugin:/root/ros2_ws/src/install/waypoint_example:/root/ros2_ws/src/install/visualization_tools:/root/ros2_ws/src/install/graph_decoder:/root/ros2_ws/src/install/far_planner:/root/ros2_ws/src/install/boundary_handler:/root/ros2_ws/src/install/visibility_graph_msg:/root/ros2_ws/src/install/vehicle_simulator:/root/ros2_ws/src/install/local_planner:/root/ros2_ws/src/install/calibrate_imu:/root/ros2_ws/src/install/go2_sport_api:/root/ros2_ws/src/install/unitree_go:/root/ros2_ws/src/install/unitree_api:/root/ros2_ws/src/install/point_lio_unilidar:/root/ros2_ws/src/install/terrain_analysis_ext:/root/ros2_ws/src/install/terrain_analysis:/root/ros2_ws/src/install/teleop_rviz_plugin_plus:/root/ros2_ws/src/install/teleop_rviz_plugin:/root/ros2_ws/src/install/super_odometry:/root/ros2_ws/src/install/super_odometry_msgs:/root/ros2_ws/src/install/sensor_scan_generation:/root/ros2_ws/src/install/rviz_2d_overlay_plugins:/root/ros2_ws/src/install/rviz_2d_overlay_msgs:/root/ros2_ws/src/install/ros_tcp_endpoint:/root/ros2_ws/src/install/livox_ros_driver2:/root/ros2_ws/src/install/goalpoint_rviz_plugin:/root/ros2_ws/src/install/go2_h264_repub:/opt/ros/humble CMAKE_PREFIX_PATH=${CMAKE_PREFIX_PATH}:/root/ros2_ws/src/install/transform_sensors:/root/ros2_ws/src/install/ros_tcp_endpoint:/opt/ros/humble PYTHONPATH=/root/ros2_ws/src/install/transform_sensors/lib/python3.10/site-packages:/root/ros2_ws/src/install/visualization_tools/local/lib/python3.10/dist-packages:/root/ros2_ws/src/install/visibility_graph_msg/local/lib/python3.10/dist-packages:/root/ros2_ws/src/install/unitree_go/local/lib/python3.10/dist-packages:/root/ros2_ws/src/install/unitree_api/local/lib/python3.10/dist-packages:/root/ros2_ws/src/install/super_odometry_msgs/local/lib/python3.10/dist-packages:/root/ros2_ws/src/install/rviz_2d_overlay_msgs/local/lib/python3.10/dist-packages:/root/ros2_ws/src/install/ros_tcp_endpoint/lib/python3.10/site-packages:/root/ros2_ws/src/install/livox_ros_driver2/local/lib/python3.10/dist-packages:/opt/ros/humble/lib/python3.10/site-packages:/opt/ros/humble/local/lib/python3.10/dist-packages /usr/bin/cmake --build /root/ros2_ws/src/build/point_lio_unilidar -- -j24 -l24
[2.217s] [35m[1mConsolidate compiler generated dependencies of target pointlio_mapping[0m
[2.256s] [100%] Built target pointlio_mapping
[2.268s] Invoked command in '/root/ros2_ws/src/build/point_lio_unilidar' returned '0': AMENT_PREFIX_PATH=/root/ros2_ws/src/install/transform_sensors:/root/ros2_ws/src/install/waypoint_rviz_plugin:/root/ros2_ws/src/install/waypoint_example:/root/ros2_ws/src/install/visualization_tools:/root/ros2_ws/src/install/graph_decoder:/root/ros2_ws/src/install/far_planner:/root/ros2_ws/src/install/boundary_handler:/root/ros2_ws/src/install/visibility_graph_msg:/root/ros2_ws/src/install/vehicle_simulator:/root/ros2_ws/src/install/local_planner:/root/ros2_ws/src/install/calibrate_imu:/root/ros2_ws/src/install/go2_sport_api:/root/ros2_ws/src/install/unitree_go:/root/ros2_ws/src/install/unitree_api:/root/ros2_ws/src/install/point_lio_unilidar:/root/ros2_ws/src/install/terrain_analysis_ext:/root/ros2_ws/src/install/terrain_analysis:/root/ros2_ws/src/install/teleop_rviz_plugin_plus:/root/ros2_ws/src/install/teleop_rviz_plugin:/root/ros2_ws/src/install/super_odometry:/root/ros2_ws/src/install/super_odometry_msgs:/root/ros2_ws/src/install/sensor_scan_generation:/root/ros2_ws/src/install/rviz_2d_overlay_plugins:/root/ros2_ws/src/install/rviz_2d_overlay_msgs:/root/ros2_ws/src/install/ros_tcp_endpoint:/root/ros2_ws/src/install/livox_ros_driver2:/root/ros2_ws/src/install/goalpoint_rviz_plugin:/root/ros2_ws/src/install/go2_h264_repub:/opt/ros/humble CMAKE_PREFIX_PATH=${CMAKE_PREFIX_PATH}:/root/ros2_ws/src/install/transform_sensors:/root/ros2_ws/src/install/ros_tcp_endpoint:/opt/ros/humble PYTHONPATH=/root/ros2_ws/src/install/transform_sensors/lib/python3.10/site-packages:/root/ros2_ws/src/install/visualization_tools/local/lib/python3.10/dist-packages:/root/ros2_ws/src/install/visibility_graph_msg/local/lib/python3.10/dist-packages:/root/ros2_ws/src/install/unitree_go/local/lib/python3.10/dist-packages:/root/ros2_ws/src/install/unitree_api/local/lib/python3.10/dist-packages:/root/ros2_ws/src/install/super_odometry_msgs/local/lib/python3.10/dist-packages:/root/ros2_ws/src/install/rviz_2d_overlay_msgs/local/lib/python3.10/dist-packages:/root/ros2_ws/src/install/ros_tcp_endpoint/lib/python3.10/site-packages:/root/ros2_ws/src/install/livox_ros_driver2/local/lib/python3.10/dist-packages:/opt/ros/humble/lib/python3.10/site-packages:/opt/ros/humble/local/lib/python3.10/dist-packages /usr/bin/cmake --build /root/ros2_ws/src/build/point_lio_unilidar -- -j24 -l24
[2.270s] Invoking command in '/root/ros2_ws/src/build/point_lio_unilidar': AMENT_PREFIX_PATH=/root/ros2_ws/src/install/transform_sensors:/root/ros2_ws/src/install/waypoint_rviz_plugin:/root/ros2_ws/src/install/waypoint_example:/root/ros2_ws/src/install/visualization_tools:/root/ros2_ws/src/install/graph_decoder:/root/ros2_ws/src/install/far_planner:/root/ros2_ws/src/install/boundary_handler:/root/ros2_ws/src/install/visibility_graph_msg:/root/ros2_ws/src/install/vehicle_simulator:/root/ros2_ws/src/install/local_planner:/root/ros2_ws/src/install/calibrate_imu:/root/ros2_ws/src/install/go2_sport_api:/root/ros2_ws/src/install/unitree_go:/root/ros2_ws/src/install/unitree_api:/root/ros2_ws/src/install/point_lio_unilidar:/root/ros2_ws/src/install/terrain_analysis_ext:/root/ros2_ws/src/install/terrain_analysis:/root/ros2_ws/src/install/teleop_rviz_plugin_plus:/root/ros2_ws/src/install/teleop_rviz_plugin:/root/ros2_ws/src/install/super_odometry:/root/ros2_ws/src/install/super_odometry_msgs:/root/ros2_ws/src/install/sensor_scan_generation:/root/ros2_ws/src/install/rviz_2d_overlay_plugins:/root/ros2_ws/src/install/rviz_2d_overlay_msgs:/root/ros2_ws/src/install/ros_tcp_endpoint:/root/ros2_ws/src/install/livox_ros_driver2:/root/ros2_ws/src/install/goalpoint_rviz_plugin:/root/ros2_ws/src/install/go2_h264_repub:/opt/ros/humble CMAKE_PREFIX_PATH=${CMAKE_PREFIX_PATH}:/root/ros2_ws/src/install/transform_sensors:/root/ros2_ws/src/install/ros_tcp_endpoint:/opt/ros/humble PYTHONPATH=/root/ros2_ws/src/install/transform_sensors/lib/python3.10/site-packages:/root/ros2_ws/src/install/visualization_tools/local/lib/python3.10/dist-packages:/root/ros2_ws/src/install/visibility_graph_msg/local/lib/python3.10/dist-packages:/root/ros2_ws/src/install/unitree_go/local/lib/python3.10/dist-packages:/root/ros2_ws/src/install/unitree_api/local/lib/python3.10/dist-packages:/root/ros2_ws/src/install/super_odometry_msgs/local/lib/python3.10/dist-packages:/root/ros2_ws/src/install/rviz_2d_overlay_msgs/local/lib/python3.10/dist-packages:/root/ros2_ws/src/install/ros_tcp_endpoint/lib/python3.10/site-packages:/root/ros2_ws/src/install/livox_ros_driver2/local/lib/python3.10/dist-packages:/opt/ros/humble/lib/python3.10/site-packages:/opt/ros/humble/local/lib/python3.10/dist-packages /usr/bin/cmake --install /root/ros2_ws/src/build/point_lio_unilidar
[2.281s] -- Install configuration: "Release"
[2.282s] -- Up-to-date: /root/ros2_ws/src/install/point_lio_unilidar/lib/point_lio_unilidar/pointlio_mapping
[2.282s] -- Up-to-date: /root/ros2_ws/src/install/point_lio_unilidar/share/point_lio_unilidar/config
[2.282s] -- Up-to-date: /root/ros2_ws/src/install/point_lio_unilidar/share/point_lio_unilidar/config/horizon.yaml
[2.282s] -- Up-to-date: /root/ros2_ws/src/install/point_lio_unilidar/share/point_lio_unilidar/config/ouster64.yaml
[2.282s] -- Up-to-date: /root/ros2_ws/src/install/point_lio_unilidar/share/point_lio_unilidar/config/unilidar.yaml
[2.282s] -- Up-to-date: /root/ros2_ws/src/install/point_lio_unilidar/share/point_lio_unilidar/config/avia.yaml
[2.282s] -- Up-to-date: /root/ros2_ws/src/install/point_lio_unilidar/share/point_lio_unilidar/config/utlidar.yaml
[2.282s] -- Up-to-date: /root/ros2_ws/src/install/point_lio_unilidar/share/point_lio_unilidar/config/velody16.yaml
[2.282s] -- Up-to-date: /root/ros2_ws/src/install/point_lio_unilidar/share/point_lio_unilidar/launch
[2.282s] -- Up-to-date: /root/ros2_ws/src/install/point_lio_unilidar/share/point_lio_unilidar/launch/mapping_unilidar.launch
[2.282s] -- Up-to-date: /root/ros2_ws/src/install/point_lio_unilidar/share/point_lio_unilidar/launch/gdb_debug_example.launch
[2.282s] -- Up-to-date: /root/ros2_ws/src/install/point_lio_unilidar/share/point_lio_unilidar/launch/mapping_utlidar.launch
[2.282s] -- Up-to-date: /root/ros2_ws/src/install/point_lio_unilidar/share/point_lio_unilidar/launch/mapping_avia.launch
[2.282s] -- Up-to-date: /root/ros2_ws/src/install/point_lio_unilidar/share/point_lio_unilidar/launch/mapping_velody16.launch
[2.285s] -- Up-to-date: /root/ros2_ws/src/install/point_lio_unilidar/share/point_lio_unilidar/launch/mapping_ouster64.launch
[2.288s] -- Up-to-date: /root/ros2_ws/src/install/point_lio_unilidar/share/point_lio_unilidar/launch/mapping_horizon.launch
[2.288s] -- Up-to-date: /root/ros2_ws/src/install/point_lio_unilidar/share/point_lio_unilidar/rviz_cfg
[2.288s] -- Up-to-date: /root/ros2_ws/src/install/point_lio_unilidar/share/point_lio_unilidar/rviz_cfg/loam_unilidar_default.rviz
[2.288s] -- Up-to-date: /root/ros2_ws/src/install/point_lio_unilidar/share/point_lio_unilidar/rviz_cfg/loam_livox.rviz
[2.288s] -- Up-to-date: /root/ros2_ws/src/install/point_lio_unilidar/share/point_lio_unilidar/rviz_cfg/loam_unilidar_display.rviz
[2.288s] -- Up-to-date: /root/ros2_ws/src/install/point_lio_unilidar/share/point_lio_unilidar/rviz_cfg/.gitignore
[2.288s] -- Up-to-date: /root/ros2_ws/src/install/point_lio_unilidar/share/point_lio_unilidar/rviz_cfg/loam_livox2.rviz
[2.288s] -- Up-to-date: /root/ros2_ws/src/install/point_lio_unilidar/share/ament_index/resource_index/package_run_dependencies/point_lio_unilidar
[2.289s] -- Installing: /root/ros2_ws/src/install/point_lio_unilidar/share/ament_index/resource_index/parent_prefix_path/point_lio_unilidar
[2.289s] -- Up-to-date: /root/ros2_ws/src/install/point_lio_unilidar/share/point_lio_unilidar/environment/ament_prefix_path.sh
[2.289s] -- Installing: /root/ros2_ws/src/install/point_lio_unilidar/share/point_lio_unilidar/environment/ament_prefix_path.dsv
[2.289s] -- Up-to-date: /root/ros2_ws/src/install/point_lio_unilidar/share/point_lio_unilidar/environment/path.sh
[2.289s] -- Installing: /root/ros2_ws/src/install/point_lio_unilidar/share/point_lio_unilidar/environment/path.dsv
[2.289s] -- Up-to-date: /root/ros2_ws/src/install/point_lio_unilidar/share/point_lio_unilidar/local_setup.bash
[2.289s] -- Up-to-date: /root/ros2_ws/src/install/point_lio_unilidar/share/point_lio_unilidar/local_setup.sh
[2.290s] -- Up-to-date: /root/ros2_ws/src/install/point_lio_unilidar/share/point_lio_unilidar/local_setup.zsh
[2.290s] -- Installing: /root/ros2_ws/src/install/point_lio_unilidar/share/point_lio_unilidar/local_setup.dsv
[2.290s] -- Installing: /root/ros2_ws/src/install/point_lio_unilidar/share/point_lio_unilidar/package.dsv
[2.290s] -- Up-to-date: /root/ros2_ws/src/install/point_lio_unilidar/share/ament_index/resource_index/packages/point_lio_unilidar
[2.290s] -- Up-to-date: /root/ros2_ws/src/install/point_lio_unilidar/share/point_lio_unilidar/cmake/ament_cmake_export_dependencies-extras.cmake
[2.290s] -- Up-to-date: /root/ros2_ws/src/install/point_lio_unilidar/share/point_lio_unilidar/cmake/point_lio_unilidarConfig.cmake
[2.290s] -- Up-to-date: /root/ros2_ws/src/install/point_lio_unilidar/share/point_lio_unilidar/cmake/point_lio_unilidarConfig-version.cmake
[2.290s] -- Up-to-date: /root/ros2_ws/src/install/point_lio_unilidar/share/point_lio_unilidar/package.xml
[2.294s] Invoked command in '/root/ros2_ws/src/build/point_lio_unilidar' returned '0': AMENT_PREFIX_PATH=/root/ros2_ws/src/install/transform_sensors:/root/ros2_ws/src/install/waypoint_rviz_plugin:/root/ros2_ws/src/install/waypoint_example:/root/ros2_ws/src/install/visualization_tools:/root/ros2_ws/src/install/graph_decoder:/root/ros2_ws/src/install/far_planner:/root/ros2_ws/src/install/boundary_handler:/root/ros2_ws/src/install/visibility_graph_msg:/root/ros2_ws/src/install/vehicle_simulator:/root/ros2_ws/src/install/local_planner:/root/ros2_ws/src/install/calibrate_imu:/root/ros2_ws/src/install/go2_sport_api:/root/ros2_ws/src/install/unitree_go:/root/ros2_ws/src/install/unitree_api:/root/ros2_ws/src/install/point_lio_unilidar:/root/ros2_ws/src/install/terrain_analysis_ext:/root/ros2_ws/src/install/terrain_analysis:/root/ros2_ws/src/install/teleop_rviz_plugin_plus:/root/ros2_ws/src/install/teleop_rviz_plugin:/root/ros2_ws/src/install/super_odometry:/root/ros2_ws/src/install/super_odometry_msgs:/root/ros2_ws/src/install/sensor_scan_generation:/root/ros2_ws/src/install/rviz_2d_overlay_plugins:/root/ros2_ws/src/install/rviz_2d_overlay_msgs:/root/ros2_ws/src/install/ros_tcp_endpoint:/root/ros2_ws/src/install/livox_ros_driver2:/root/ros2_ws/src/install/goalpoint_rviz_plugin:/root/ros2_ws/src/install/go2_h264_repub:/opt/ros/humble CMAKE_PREFIX_PATH=${CMAKE_PREFIX_PATH}:/root/ros2_ws/src/install/transform_sensors:/root/ros2_ws/src/install/ros_tcp_endpoint:/opt/ros/humble PYTHONPATH=/root/ros2_ws/src/install/transform_sensors/lib/python3.10/site-packages:/root/ros2_ws/src/install/visualization_tools/local/lib/python3.10/dist-packages:/root/ros2_ws/src/install/visibility_graph_msg/local/lib/python3.10/dist-packages:/root/ros2_ws/src/install/unitree_go/local/lib/python3.10/dist-packages:/root/ros2_ws/src/install/unitree_api/local/lib/python3.10/dist-packages:/root/ros2_ws/src/install/super_odometry_msgs/local/lib/python3.10/dist-packages:/root/ros2_ws/src/install/rviz_2d_overlay_msgs/local/lib/python3.10/dist-packages:/root/ros2_ws/src/install/ros_tcp_endpoint/lib/python3.10/site-packages:/root/ros2_ws/src/install/livox_ros_driver2/local/lib/python3.10/dist-packages:/opt/ros/humble/lib/python3.10/site-packages:/opt/ros/humble/local/lib/python3.10/dist-packages /usr/bin/cmake --install /root/ros2_ws/src/build/point_lio_unilidar
