[0.423s] Invoking command in '/root/ros2_ws/src/build/teleop_rviz_plugin_plus': CMAKE_PREFIX_PATH=/opt/ros/humble /usr/bin/cmake /root/ros2_ws/src/utilities/teleop_rviz_plugin_plus -DCMAKE_BUILD_TYPE=Release -DAMENT_CMAKE_SYMLINK_INSTALL=1 -DCMAKE_INSTALL_PREFIX=/root/ros2_ws/src/install/teleop_rviz_plugin_plus
[0.487s] -- The C compiler identification is GNU 11.4.0
[0.565s] -- The CXX compiler identification is GNU 11.4.0
[0.574s] -- Detecting C compiler ABI info
[0.659s] -- Detecting C compiler ABI info - done
[0.670s] -- Check for working C compiler: /usr/bin/cc - skipped
[0.671s] -- Detecting C compile features
[0.672s] -- Detecting C compile features - done
[0.677s] -- Detecting CXX compiler ABI info
[0.789s] -- Detecting CXX compiler ABI info - done
[0.805s] -- Check for working CXX compiler: /usr/bin/c++ - skipped
[0.805s] -- Detecting CXX compile features
[0.805s] -- Detecting CXX compile features - done
[0.813s] -- Found ament_cmake: 1.3.12 (/opt/ros/humble/share/ament_cmake/cmake)
[1.032s] -- Found Python3: /usr/bin/python3 (found version "3.10.12") found components: Interpreter 
[1.102s] -- Override CMake install command with custom implementation using symlinks instead of copying resources
[1.196s] -- Found pluginlib: 5.1.3 (/opt/ros/humble/share/pluginlib/cmake)
[1.360s] -- Found rclcpp: 16.0.17 (/opt/ros/humble/share/rclcpp/cmake)
[1.480s] -- Found rosidl_generator_c: 3.1.8 (/opt/ros/humble/share/rosidl_generator_c/cmake)
[1.499s] -- Found rosidl_adapter: 3.1.8 (/opt/ros/humble/share/rosidl_adapter/cmake)
[1.510s] -- Found rosidl_generator_cpp: 3.1.8 (/opt/ros/humble/share/rosidl_generator_cpp/cmake)
[1.535s] -- Using all available rosidl_typesupport_c: rosidl_typesupport_fastrtps_c;rosidl_typesupport_introspection_c
[1.558s] -- Using all available rosidl_typesupport_cpp: rosidl_typesupport_fastrtps_cpp;rosidl_typesupport_introspection_cpp
[1.627s] -- Found rmw_implementation_cmake: 6.1.2 (/opt/ros/humble/share/rmw_implementation_cmake/cmake)
[1.631s] -- Found rmw_fastrtps_cpp: 6.2.9 (/opt/ros/humble/share/rmw_fastrtps_cpp/cmake)
[1.668s] -- Found TinyXML2 via Config file: TinyXML2_DIR-NOTFOUND
[1.720s] -- Found OpenSSL: /usr/lib/x86_64-linux-gnu/libcrypto.so (found version "3.0.2")  
[1.724s] -- Found TinyXML2 via Config file: TinyXML2_DIR-NOTFOUND
[1.738s] -- Found FastRTPS: /opt/ros/humble/include  
[1.742s] -- Found TinyXML2 via Config file: TinyXML2_DIR-NOTFOUND
[1.752s] -- Found TinyXML2 via Config file: TinyXML2_DIR-NOTFOUND
[1.762s] -- Using RMW implementation 'rmw_fastrtps_cpp' as default
[1.776s] -- Looking for pthread.h
[1.860s] -- Looking for pthread.h - found
[1.860s] -- Performing Test CMAKE_HAVE_LIBC_PTHREAD
[1.993s] -- Performing Test CMAKE_HAVE_LIBC_PTHREAD - Success
[1.997s] -- Found Threads: TRUE  
[2.108s] -- Found rviz2: 11.2.25 (/opt/ros/humble/share/rviz2/cmake)
[2.109s] -- Found rviz_common: 11.2.25 (/opt/ros/humble/share/rviz_common/cmake)
[2.117s] -- Setting assimp_DIR to: '/opt/ros/humble/share/rviz_assimp_vendor/cmake/../../../opt/rviz_assimp_vendor/lib/cmake/assimp-4.1'
[2.143s] -- Setting OGRE_DIR to: '/opt/ros/humble/share/rviz_ogre_vendor/cmake/../../../opt/rviz_ogre_vendor/lib/OGRE/cmake'
[2.145s] -- Found OGRE
[2.145s] --   static     : OFF
[2.145s] --   components : HLMS;MeshLodGenerator;Overlay;Paging;Property;RTShaderSystem;Terrain;Volume
[2.145s] --   plugins    : Plugin_BSPSceneManager;Plugin_OctreeSceneManager;Plugin_PCZSceneManager;Plugin_ParticleFX;RenderSystem_GL;RenderSystem_GL3Plus;Codec_STBI
[2.145s] --   media      : /opt/ros/humble/opt/rviz_ogre_vendor/share/OGRE/Media
[2.145s] -- OGRE_LIBRARIES: OgreHLMS;OgreMeshLodGenerator;OgreOverlay;OgrePaging;OgreProperty;OgreRTShaderSystem;OgreTerrain;OgreVolume;OgreMain
[2.145s] -- OGRE_LIBRARY_DIRS: /opt/ros/humble/opt/rviz_ogre_vendor/lib
[2.145s] -- OGRE_PLUGINS: Plugin_BSPSceneManager;Plugin_OctreeSceneManager;Plugin_PCZSceneManager;Plugin_ParticleFX;RenderSystem_GL;RenderSystem_GL3Plus;Codec_STBI
[2.145s] -- OGRE_PLUGIN_DIR: /opt/ros/humble/opt/rviz_ogre_vendor/lib/OGRE
[2.145s] -- rviz_ogre_vendor::OgreOverlay for IMPORTED_LOCATION_RELEASE: /opt/ros/humble/opt/rviz_ogre_vendor/lib/libOgreOverlay.so
[2.145s] -- rviz_ogre_vendor::OgreOverlay for IMPORTED_LOCATION_DEBUG: /opt/ros/humble/opt/rviz_ogre_vendor/lib/libOgreOverlay.so
[2.147s] -- rviz_ogre_vendor::OgreMain for IMPORTED_LOCATION_RELEASE: /opt/ros/humble/opt/rviz_ogre_vendor/lib/libOgreMain.so
[2.147s] -- rviz_ogre_vendor::OgreMain for IMPORTED_LOCATION_DEBUG: /opt/ros/humble/opt/rviz_ogre_vendor/lib/libOgreMain.so
[2.149s] -- Could not find freeimage library
[2.167s] -- Found ZLIB: /usr/lib/x86_64-linux-gnu/libz.so (found version "1.2.11") 
[2.171s] -- Found OpenGL: /usr/lib/x86_64-linux-gnu/libOpenGL.so   
[2.243s] -- Found X11: /usr/include   
[2.244s] -- Looking for XOpenDisplay in /usr/lib/x86_64-linux-gnu/libX11.so;/usr/lib/x86_64-linux-gnu/libXext.so
[2.418s] -- Looking for XOpenDisplay in /usr/lib/x86_64-linux-gnu/libX11.so;/usr/lib/x86_64-linux-gnu/libXext.so - found
[2.418s] -- Looking for gethostbyname
[2.492s] -- Looking for gethostbyname - found
[2.492s] -- Looking for connect
[2.611s] -- Looking for connect - found
[2.612s] -- Looking for remove
[2.741s] -- Looking for remove - found
[2.741s] -- Looking for shmat
[2.923s] -- Looking for shmat - found
[2.924s] -- Looking for IceConnectionNumber in ICE
[3.127s] -- Looking for IceConnectionNumber in ICE - found
[3.337s] -- library: /usr/lib/x86_64-linux-gnu/libcurl.so
[3.566s] -- Found Eigen3: TRUE (found version "3.4.0") 
[3.566s] -- Ensuring Eigen3 include directory is part of orocos-kdl CMake target
[4.187s] -- Found rviz_default_plugins: 11.2.25 (/opt/ros/humble/share/rviz_default_plugins/cmake)
[4.591s] -- Found ament_lint_auto: 0.12.14 (/opt/ros/humble/share/ament_lint_auto/cmake)
[4.963s] -- Added test 'copyright' to check source files copyright and LICENSE
[4.966s] -- Added test 'cppcheck' to perform static code analysis on C / C++ code
[4.966s] -- Configured cppcheck include dirs: 
[4.966s] -- Configured cppcheck exclude dirs and/or files: 
[4.973s] -- Added test 'cpplint' to check C / C++ code against the Google style
[4.973s] -- Configured cpplint exclude dirs and/or files: 
[4.974s] -- Added test 'lint_cmake' to check CMake code style
[4.979s] -- Added test 'uncrustify' to check C / C++ code style
[4.983s] -- Configured uncrustify additional arguments: 
[4.984s] -- Added test 'xmllint' to check XML markup files
[4.990s] -- Configuring done
[5.076s] -- Generating done
[5.100s] -- Build files have been written to: /root/ros2_ws/src/build/teleop_rviz_plugin_plus
[5.182s] Invoked command in '/root/ros2_ws/src/build/teleop_rviz_plugin_plus' returned '0': CMAKE_PREFIX_PATH=/opt/ros/humble /usr/bin/cmake /root/ros2_ws/src/utilities/teleop_rviz_plugin_plus -DCMAKE_BUILD_TYPE=Release -DAMENT_CMAKE_SYMLINK_INSTALL=1 -DCMAKE_INSTALL_PREFIX=/root/ros2_ws/src/install/teleop_rviz_plugin_plus
[5.182s] Invoking command in '/root/ros2_ws/src/build/teleop_rviz_plugin_plus': CMAKE_PREFIX_PATH=/opt/ros/humble /usr/bin/cmake --build /root/ros2_ws/src/build/teleop_rviz_plugin_plus -- -j24 -l24
[9.799s] [ 11%] [34m[1mAutomatic MOC for target teleop_rviz_plugin_plus[0m
[9.799s] [ 11%] Built target teleop_rviz_plugin_plus_autogen
[9.800s] [ 22%] [34m[1mGenerating src/moc_teleop_panel.cpp[0m
[9.800s] [ 33%] [34m[1mGenerating src/moc_drive_widget.cpp[0m
[9.800s] [ 44%] [32mBuilding CXX object CMakeFiles/teleop_rviz_plugin_plus.dir/teleop_rviz_plugin_plus_autogen/mocs_compilation.cpp.o[0m
[9.800s] [ 55%] [32mBuilding CXX object CMakeFiles/teleop_rviz_plugin_plus.dir/src/drive_widget.cpp.o[0m
[9.800s] [ 66%] [32mBuilding CXX object CMakeFiles/teleop_rviz_plugin_plus.dir/src/moc_drive_widget.cpp.o[0m
[9.800s] [ 77%] [32mBuilding CXX object CMakeFiles/teleop_rviz_plugin_plus.dir/src/teleop_panel.cpp.o[0m
[9.800s] [ 88%] [32mBuilding CXX object CMakeFiles/teleop_rviz_plugin_plus.dir/src/moc_teleop_panel.cpp.o[0m
[20.525s] [100%] [32m[1mLinking CXX shared library libteleop_rviz_plugin_plus.so[0m
[21.828s] [100%] Built target teleop_rviz_plugin_plus
